

================================================================
== Vitis HLS Report for 'divby13'
================================================================
* Date:           Sat Jan 24 17:03:40 2026

* Version:        2024.1 (Build 5069499 on May 21 2024)
* Project:        divby13
* Solution:       hls (Vivado IP Flow Target)
* Product family: zynquplus
* Target device:  xczu3eg-sfvc784-2-e


================================================================
== Performance Estimates
================================================================
+ Timing: 
    * Summary: 
    +--------+----------+----------+------------+
    |  Clock |  Target  | Estimated| Uncertainty|
    +--------+----------+----------+------------+
    |ap_clk  |  10.00 ns|  3.265 ns|     2.70 ns|
    +--------+----------+----------+------------+

+ Latency: 
    * Summary: 
    +---------+---------+----------+----------+-----+-----+---------+
    |  Latency (cycles) |  Latency (absolute) |  Interval | Pipeline|
    |   min   |   max   |    min   |    max   | min | max |   Type  |
    +---------+---------+----------+----------+-----+-----+---------+
    |       35|       35|  0.350 us|  0.350 us|   36|   36|       no|
    +---------+---------+----------+----------+-----+-----+---------+

    + Detail: 
        * Instance: 
        N/A

        * Loop: 
        N/A



================================================================
== Utilization Estimates
================================================================
* Summary: 
+-----------------+---------+-----+--------+-------+-----+
|       Name      | BRAM_18K| DSP |   FF   |  LUT  | URAM|
+-----------------+---------+-----+--------+-------+-----+
|DSP              |        -|    -|       -|      -|    -|
|Expression       |        -|    -|       0|     12|    -|
|FIFO             |        -|    -|       -|      -|    -|
|Instance         |        0|    -|     500|    406|    0|
|Memory           |        -|    -|       -|      -|    -|
|Multiplexer      |        -|    -|       0|    166|    -|
|Register         |        -|    -|      36|      -|    -|
+-----------------+---------+-----+--------+-------+-----+
|Total            |        0|    0|     536|    584|    0|
+-----------------+---------+-----+--------+-------+-----+
|Available        |      432|  360|  141120|  70560|    0|
+-----------------+---------+-----+--------+-------+-----+
|Utilization (%)  |        0|    0|      ~0|     ~0|    0|
+-----------------+---------+-----+--------+-------+-----+

+ Detail: 
    * Instance: 
    +-----------------------------+--------------------------+---------+----+-----+-----+-----+
    |           Instance          |          Module          | BRAM_18K| DSP|  FF | LUT | URAM|
    +-----------------------------+--------------------------+---------+----+-----+-----+-----+
    |control_s_axi_U              |control_s_axi             |        0|   0|  106|  168|    0|
    |srem_32ns_5ns_5_36_seq_1_U1  |srem_32ns_5ns_5_36_seq_1  |        0|   0|  394|  238|    0|
    +-----------------------------+--------------------------+---------+----+-----+-----+-----+
    |Total                        |                          |        0|   0|  500|  406|    0|
    +-----------------------------+--------------------------+---------+----+-----+-----+-----+

    * DSP: 
    N/A

    * Memory: 
    N/A

    * FIFO: 
    N/A

    * Expression: 
    +-------------------+----------+----+---+----+------------+------------+
    |   Variable Name   | Operation| DSP| FF| LUT| Bitwidth P0| Bitwidth P1|
    +-------------------+----------+----+---+----+------------+------------+
    |icmp_ln7_fu_63_p2  |      icmp|   0|  0|  12|           5|           1|
    +-------------------+----------+----+---+----+------------+------------+
    |Total              |          |   0|  0|  12|           5|           1|
    +-------------------+----------+----+---+----+------------+------------+

    * Multiplexer: 
    +-----------+-----+-----------+-----+-----------+
    |    Name   | LUT | Input Size| Bits| Total Bits|
    +-----------+-----+-----------+-----+-----------+
    |ap_NS_fsm  |  166|         37|    1|         37|
    +-----------+-----+-----------+-----+-----------+
    |Total      |  166|         37|    1|         37|
    +-----------+-----+-----------+-----+-----------+

    * Register: 
    +-----------+----+----+-----+-----------+
    |    Name   | FF | LUT| Bits| Const Bits|
    +-----------+----+----+-----+-----------+
    |ap_CS_fsm  |  36|   0|   36|          0|
    +-----------+----+----+-----+-----------+
    |Total      |  36|   0|   36|          0|
    +-----------+----+----+-----+-----------+



================================================================
== Interface
================================================================
* Summary: 
+-----------------------+-----+-----+--------------+--------------+--------------+
|       RTL Ports       | Dir | Bits|   Protocol   | Source Object|    C Type    |
+-----------------------+-----+-----+--------------+--------------+--------------+
|s_axi_control_AWVALID  |   in|    1|         s_axi|       control|       pointer|
|s_axi_control_AWREADY  |  out|    1|         s_axi|       control|       pointer|
|s_axi_control_AWADDR   |   in|    5|         s_axi|       control|       pointer|
|s_axi_control_WVALID   |   in|    1|         s_axi|       control|       pointer|
|s_axi_control_WREADY   |  out|    1|         s_axi|       control|       pointer|
|s_axi_control_WDATA    |   in|   32|         s_axi|       control|       pointer|
|s_axi_control_WSTRB    |   in|    4|         s_axi|       control|       pointer|
|s_axi_control_ARVALID  |   in|    1|         s_axi|       control|       pointer|
|s_axi_control_ARREADY  |  out|    1|         s_axi|       control|       pointer|
|s_axi_control_ARADDR   |   in|    5|         s_axi|       control|       pointer|
|s_axi_control_RVALID   |  out|    1|         s_axi|       control|       pointer|
|s_axi_control_RREADY   |   in|    1|         s_axi|       control|       pointer|
|s_axi_control_RDATA    |  out|   32|         s_axi|       control|       pointer|
|s_axi_control_RRESP    |  out|    2|         s_axi|       control|       pointer|
|s_axi_control_BVALID   |  out|    1|         s_axi|       control|       pointer|
|s_axi_control_BREADY   |   in|    1|         s_axi|       control|       pointer|
|s_axi_control_BRESP    |  out|    2|         s_axi|       control|       pointer|
|ap_clk                 |   in|    1|  ap_ctrl_none|       divby13|  return value|
|ap_rst_n               |   in|    1|  ap_ctrl_none|       divby13|  return value|
+-----------------------+-----+-----+--------------+--------------+--------------+

