

================================================================
== Vitis HLS Report for 'mmult_hw_Pipeline_init_i_init_j'
================================================================
* Date:           Mon Feb 23 03:03:40 2026

* Version:        2024.1 (Build 5069499 on May 21 2024)
* Project:        matmul_D14_Tiled_FullAP_FullUR
* Solution:       hls (Vivado IP Flow Target)
* Product family: zynquplus
* Target device:  xczu3eg-sbva484-1-e


================================================================
== Performance Estimates
================================================================
+ Timing: 
    * Summary: 
    +--------+----------+----------+------------+
    |  Clock |  Target  | Estimated| Uncertainty|
    +--------+----------+----------+------------+
    |ap_clk  |  10.00 ns|  3.678 ns|     2.70 ns|
    +--------+----------+----------+------------+

+ Latency: 
    * Summary: 
    +---------+---------+----------+----------+-----+-----+-----------------------------------------------+
    |  Latency (cycles) |  Latency (absolute) |  Interval |                    Pipeline                   |
    |   min   |   max   |    min   |    max   | min | max |                      Type                     |
    +---------+---------+----------+----------+-----+-----+-----------------------------------------------+
    |      258|      258|  2.580 us|  2.580 us|  257|  257|  loop auto-rewind stp(delay=0 clock cycles(s))|
    +---------+---------+----------+----------+-----+-----+-----------------------------------------------+

    + Detail: 
        * Instance: 
        N/A

        * Loop: 
        +-----------------+---------+---------+----------+-----------+-----------+------+----------+
        |                 |  Latency (cycles) | Iteration|  Initiation Interval  | Trip |          |
        |    Loop Name    |   min   |   max   |  Latency |  achieved |   target  | Count| Pipelined|
        +-----------------+---------+---------+----------+-----------+-----------+------+----------+
        |- init_i_init_j  |      256|      256|         1|          1|          1|   256|       yes|
        +-----------------+---------+---------+----------+-----------+-----------+------+----------+



================================================================
== Utilization Estimates
================================================================
* Summary: 
+-----------------+---------+-----+--------+-------+-----+
|       Name      | BRAM_18K| DSP |   FF   |  LUT  | URAM|
+-----------------+---------+-----+--------+-------+-----+
|DSP              |        -|    -|       -|      -|    -|
|Expression       |        -|    -|       0|     80|    -|
|FIFO             |        -|    -|       -|      -|    -|
|Instance         |        -|    -|       -|      -|    -|
|Memory           |        -|    -|       -|      -|    -|
|Multiplexer      |        -|    -|       0|     63|    -|
|Register         |        -|    -|      21|      -|    -|
+-----------------+---------+-----+--------+-------+-----+
|Total            |        0|    0|      21|    143|    0|
+-----------------+---------+-----+--------+-------+-----+
|Available        |      432|  360|  141120|  70560|    0|
+-----------------+---------+-----+--------+-------+-----+
|Utilization (%)  |        0|    0|      ~0|     ~0|    0|
+-----------------+---------+-----+--------+-------+-----+

+ Detail: 
    * Instance: 
    N/A

    * DSP: 
    N/A

    * Memory: 
    N/A

    * FIFO: 
    N/A

    * Expression: 
    +-------------------------+----------+----+---+----+------------+------------+
    |      Variable Name      | Operation| DSP| FF| LUT| Bitwidth P0| Bitwidth P1|
    +-------------------------+----------+----+---+----+------------+------------+
    |add_ln21_1_fu_380_p2     |         +|   0|  0|  12|           5|           1|
    |add_ln21_fu_354_p2       |         +|   0|  0|  16|           9|           1|
    |add_ln22_fu_418_p2       |         +|   0|  0|  12|           5|           1|
    |icmp_ln21_fu_348_p2      |      icmp|   0|  0|  17|           9|          10|
    |icmp_ln22_fu_366_p2      |      icmp|   0|  0|  13|           5|           6|
    |select_ln21_1_fu_386_p3  |    select|   0|  0|   5|           1|           5|
    |select_ln21_fu_372_p3    |    select|   0|  0|   5|           1|           1|
    +-------------------------+----------+----+---+----+------------+------------+
    |Total                    |          |   0|  0|  80|          35|          25|
    +-------------------------+----------+----+---+----+------------+------------+

    * Multiplexer: 
    +--------------------------------------+----+-----------+-----+-----------+
    |                 Name                 | LUT| Input Size| Bits| Total Bits|
    +--------------------------------------+----+-----------+-----+-----------+
    |ap_done_int                           |   9|          2|    1|          2|
    |ap_sig_allocacmp_i_load               |   9|          2|    5|         10|
    |ap_sig_allocacmp_indvar_flatten_load  |   9|          2|    9|         18|
    |ap_sig_allocacmp_j_load               |   9|          2|    5|         10|
    |i_fu_98                               |   9|          2|    5|         10|
    |indvar_flatten_fu_102                 |   9|          2|    9|         18|
    |j_fu_94                               |   9|          2|    5|         10|
    +--------------------------------------+----+-----------+-----+-----------+
    |Total                                 |  63|         14|   39|         78|
    +--------------------------------------+----+-----------+-----+-----------+

    * Register: 
    +-----------------------+---+----+-----+-----------+
    |          Name         | FF| LUT| Bits| Const Bits|
    +-----------------------+---+----+-----+-----------+
    |ap_CS_fsm              |  1|   0|    1|          0|
    |ap_done_reg            |  1|   0|    1|          0|
    |i_fu_98                |  5|   0|    5|          0|
    |indvar_flatten_fu_102  |  9|   0|    9|          0|
    |j_fu_94                |  5|   0|    5|          0|
    +-----------------------+---+----+-----+-----------+
    |Total                  | 21|   0|   21|          0|
    +-----------------------+---+----+-----+-----------+



================================================================
== Interface
================================================================
* Summary: 
+----------------+-----+-----+------------+---------------------------------+--------------+
|    RTL Ports   | Dir | Bits|  Protocol  |          Source Object          |    C Type    |
+----------------+-----+-----+------------+---------------------------------+--------------+
|ap_clk          |   in|    1|  ap_ctrl_hs|  mmult_hw_Pipeline_init_i_init_j|  return value|
|ap_rst          |   in|    1|  ap_ctrl_hs|  mmult_hw_Pipeline_init_i_init_j|  return value|
|ap_start        |   in|    1|  ap_ctrl_hs|  mmult_hw_Pipeline_init_i_init_j|  return value|
|ap_done         |  out|    1|  ap_ctrl_hs|  mmult_hw_Pipeline_init_i_init_j|  return value|
|ap_idle         |  out|    1|  ap_ctrl_hs|  mmult_hw_Pipeline_init_i_init_j|  return value|
|ap_ready        |  out|    1|  ap_ctrl_hs|  mmult_hw_Pipeline_init_i_init_j|  return value|
|tC_address0     |  out|    4|   ap_memory|                               tC|         array|
|tC_ce0          |  out|    1|   ap_memory|                               tC|         array|
|tC_we0          |  out|    1|   ap_memory|                               tC|         array|
|tC_d0           |  out|   32|   ap_memory|                               tC|         array|
|tC_1_address0   |  out|    4|   ap_memory|                             tC_1|         array|
|tC_1_ce0        |  out|    1|   ap_memory|                             tC_1|         array|
|tC_1_we0        |  out|    1|   ap_memory|                             tC_1|         array|
|tC_1_d0         |  out|   32|   ap_memory|                             tC_1|         array|
|tC_2_address0   |  out|    4|   ap_memory|                             tC_2|         array|
|tC_2_ce0        |  out|    1|   ap_memory|                             tC_2|         array|
|tC_2_we0        |  out|    1|   ap_memory|                             tC_2|         array|
|tC_2_d0         |  out|   32|   ap_memory|                             tC_2|         array|
|tC_3_address0   |  out|    4|   ap_memory|                             tC_3|         array|
|tC_3_ce0        |  out|    1|   ap_memory|                             tC_3|         array|
|tC_3_we0        |  out|    1|   ap_memory|                             tC_3|         array|
|tC_3_d0         |  out|   32|   ap_memory|                             tC_3|         array|
|tC_4_address0   |  out|    4|   ap_memory|                             tC_4|         array|
|tC_4_ce0        |  out|    1|   ap_memory|                             tC_4|         array|
|tC_4_we0        |  out|    1|   ap_memory|                             tC_4|         array|
|tC_4_d0         |  out|   32|   ap_memory|                             tC_4|         array|
|tC_5_address0   |  out|    4|   ap_memory|                             tC_5|         array|
|tC_5_ce0        |  out|    1|   ap_memory|                             tC_5|         array|
|tC_5_we0        |  out|    1|   ap_memory|                             tC_5|         array|
|tC_5_d0         |  out|   32|   ap_memory|                             tC_5|         array|
|tC_6_address0   |  out|    4|   ap_memory|                             tC_6|         array|
|tC_6_ce0        |  out|    1|   ap_memory|                             tC_6|         array|
|tC_6_we0        |  out|    1|   ap_memory|                             tC_6|         array|
|tC_6_d0         |  out|   32|   ap_memory|                             tC_6|         array|
|tC_7_address0   |  out|    4|   ap_memory|                             tC_7|         array|
|tC_7_ce0        |  out|    1|   ap_memory|                             tC_7|         array|
|tC_7_we0        |  out|    1|   ap_memory|                             tC_7|         array|
|tC_7_d0         |  out|   32|   ap_memory|                             tC_7|         array|
|tC_8_address0   |  out|    4|   ap_memory|                             tC_8|         array|
|tC_8_ce0        |  out|    1|   ap_memory|                             tC_8|         array|
|tC_8_we0        |  out|    1|   ap_memory|                             tC_8|         array|
|tC_8_d0         |  out|   32|   ap_memory|                             tC_8|         array|
|tC_9_address0   |  out|    4|   ap_memory|                             tC_9|         array|
|tC_9_ce0        |  out|    1|   ap_memory|                             tC_9|         array|
|tC_9_we0        |  out|    1|   ap_memory|                             tC_9|         array|
|tC_9_d0         |  out|   32|   ap_memory|                             tC_9|         array|
|tC_10_address0  |  out|    4|   ap_memory|                            tC_10|         array|
|tC_10_ce0       |  out|    1|   ap_memory|                            tC_10|         array|
|tC_10_we0       |  out|    1|   ap_memory|                            tC_10|         array|
|tC_10_d0        |  out|   32|   ap_memory|                            tC_10|         array|
|tC_11_address0  |  out|    4|   ap_memory|                            tC_11|         array|
|tC_11_ce0       |  out|    1|   ap_memory|                            tC_11|         array|
|tC_11_we0       |  out|    1|   ap_memory|                            tC_11|         array|
|tC_11_d0        |  out|   32|   ap_memory|                            tC_11|         array|
|tC_12_address0  |  out|    4|   ap_memory|                            tC_12|         array|
|tC_12_ce0       |  out|    1|   ap_memory|                            tC_12|         array|
|tC_12_we0       |  out|    1|   ap_memory|                            tC_12|         array|
|tC_12_d0        |  out|   32|   ap_memory|                            tC_12|         array|
|tC_13_address0  |  out|    4|   ap_memory|                            tC_13|         array|
|tC_13_ce0       |  out|    1|   ap_memory|                            tC_13|         array|
|tC_13_we0       |  out|    1|   ap_memory|                            tC_13|         array|
|tC_13_d0        |  out|   32|   ap_memory|                            tC_13|         array|
|tC_14_address0  |  out|    4|   ap_memory|                            tC_14|         array|
|tC_14_ce0       |  out|    1|   ap_memory|                            tC_14|         array|
|tC_14_we0       |  out|    1|   ap_memory|                            tC_14|         array|
|tC_14_d0        |  out|   32|   ap_memory|                            tC_14|         array|
|tC_15_address0  |  out|    4|   ap_memory|                            tC_15|         array|
|tC_15_ce0       |  out|    1|   ap_memory|                            tC_15|         array|
|tC_15_we0       |  out|    1|   ap_memory|                            tC_15|         array|
|tC_15_d0        |  out|   32|   ap_memory|                            tC_15|         array|
+----------------+-----+-----+------------+---------------------------------+--------------+

============================================================
+ Verbose Summary: Synthesis Manager
============================================================
InlineROM: 1
ExposeGlobal: 0
============================================================
+ Verbose Summary: CDFG Model
============================================================
IsTopModel: 0
ResetActiveHigh: 1
IsCombinational: 2
IsDatapathOnly: 2
HasWiredReturn: 1
HasMFsm: 2
HasVarLatency: 1
IsPipeline: 0
IsRtlPipelined: 0
IsInstanceOverlapped: 0
IsDontTouch: 0
HasImplIP: 0
IsGatedGlobalClock: 0

+ Individual pipeline summary: 
  * Pipeline-0: initiation interval (II) = 1, depth = 1


============================================================
+ Verbose Summary: Schedule
============================================================
* Number of FSM states : 1
* Pipeline : 1
  Pipeline-0 : II = 1, D = 1, States = { 1 }
* Dataflow Pipeline: 0

* FSM state transitions: 
1 --> 

* FSM state operations: 

State 1 <SV = 0> <Delay = 3.67>
ST_1 : Operation 4 [1/1] (0.00ns)   --->   "%j = alloca i32 1" [mmult_baseline.cpp:22]   --->   Operation 4 'alloca' 'j' <Predicate = true> <Delay = 0.00>
ST_1 : Operation 5 [1/1] (0.00ns)   --->   "%i = alloca i32 1" [mmult_baseline.cpp:21]   --->   Operation 5 'alloca' 'i' <Predicate = true> <Delay = 0.00>
ST_1 : Operation 6 [1/1] (0.00ns)   --->   "%indvar_flatten = alloca i32 1"   --->   Operation 6 'alloca' 'indvar_flatten' <Predicate = true> <Delay = 0.00>
ST_1 : Operation 7 [1/1] (0.48ns)   --->   "%store_ln0 = store i9 0, i9 %indvar_flatten"   --->   Operation 7 'store' 'store_ln0' <Predicate = true> <Delay = 0.48>
ST_1 : Operation 8 [1/1] (0.48ns)   --->   "%store_ln21 = store i5 0, i5 %i" [mmult_baseline.cpp:21]   --->   Operation 8 'store' 'store_ln21' <Predicate = true> <Delay = 0.48>
ST_1 : Operation 9 [1/1] (0.48ns)   --->   "%store_ln22 = store i5 0, i5 %j" [mmult_baseline.cpp:22]   --->   Operation 9 'store' 'store_ln22' <Predicate = true> <Delay = 0.48>
ST_1 : Operation 10 [1/1] (0.00ns)   --->   "%br_ln0 = br void %for.inc"   --->   Operation 10 'br' 'br_ln0' <Predicate = true> <Delay = 0.00>
ST_1 : Operation 11 [1/1] (0.00ns)   --->   "%indvar_flatten_load = load i9 %indvar_flatten" [mmult_baseline.cpp:21]   --->   Operation 11 'load' 'indvar_flatten_load' <Predicate = true> <Delay = 0.00>
ST_1 : Operation 12 [1/1] (0.92ns)   --->   "%icmp_ln21 = icmp_eq  i9 %indvar_flatten_load, i9 256" [mmult_baseline.cpp:21]   --->   Operation 12 'icmp' 'icmp_ln21' <Predicate = true> <Delay = 0.92> <CoreInst = "Cmp">   --->   Core 9 'Cmp' <Latency = 0> <II = 1> <Delay = 0.93> <FuncUnit> <Opcode : 'seteq' 'setne' 'setle' 'setge' 'setlt' 'setgt'> <InPorts = 2> <OutPorts = 1>
ST_1 : Operation 13 [1/1] (0.92ns)   --->   "%add_ln21 = add i9 %indvar_flatten_load, i9 1" [mmult_baseline.cpp:21]   --->   Operation 13 'add' 'add_ln21' <Predicate = true> <Delay = 0.92> <CoreInst = "Adder">   --->   Core 1 'Adder' <Latency = 0> <II = 1> <Delay = 0.92> <FuncUnit> <Opcode : 'add' 'sub'> <InPorts = 2> <OutPorts = 1>
ST_1 : Operation 14 [1/1] (0.00ns)   --->   "%br_ln21 = br i1 %icmp_ln21, void %for.inc15, void %tile_k.exitStub" [mmult_baseline.cpp:21]   --->   Operation 14 'br' 'br_ln21' <Predicate = true> <Delay = 0.00>
ST_1 : Operation 15 [1/1] (0.00ns)   --->   "%j_load = load i5 %j" [mmult_baseline.cpp:22]   --->   Operation 15 'load' 'j_load' <Predicate = (!icmp_ln21)> <Delay = 0.00>
ST_1 : Operation 16 [1/1] (0.00ns)   --->   "%i_load = load i5 %i" [mmult_baseline.cpp:21]   --->   Operation 16 'load' 'i_load' <Predicate = (!icmp_ln21)> <Delay = 0.00>
ST_1 : Operation 17 [1/1] (0.00ns)   --->   "%specloopname_ln0 = specloopname void @_ssdm_op_SpecLoopName, void @init_i_init_j_str"   --->   Operation 17 'specloopname' 'specloopname_ln0' <Predicate = (!icmp_ln21)> <Delay = 0.00>
ST_1 : Operation 18 [1/1] (0.00ns)   --->   "%speclooptripcount_ln0 = speclooptripcount void @_ssdm_op_SpecLoopTripCount, i64 256, i64 256, i64 256"   --->   Operation 18 'speclooptripcount' 'speclooptripcount_ln0' <Predicate = (!icmp_ln21)> <Delay = 0.00>
ST_1 : Operation 19 [1/1] (0.87ns)   --->   "%icmp_ln22 = icmp_eq  i5 %j_load, i5 16" [mmult_baseline.cpp:22]   --->   Operation 19 'icmp' 'icmp_ln22' <Predicate = (!icmp_ln21)> <Delay = 0.87> <CoreInst = "Cmp">   --->   Core 9 'Cmp' <Latency = 0> <II = 1> <Delay = 0.88> <FuncUnit> <Opcode : 'seteq' 'setne' 'setle' 'setge' 'setlt' 'setgt'> <InPorts = 2> <OutPorts = 1>
ST_1 : Operation 20 [1/1] (0.48ns)   --->   "%select_ln21 = select i1 %icmp_ln22, i5 0, i5 %j_load" [mmult_baseline.cpp:21]   --->   Operation 20 'select' 'select_ln21' <Predicate = (!icmp_ln21)> <Delay = 0.48> <CoreInst = "Sel">   --->   Core 73 'Sel' <Latency = 0> <II = 1> <Delay = 0.48> <FuncUnit> <Opcode : 'select'> <InPorts = 3> <OutPorts = 1>
ST_1 : Operation 21 [1/1] (0.87ns)   --->   "%add_ln21_1 = add i5 %i_load, i5 1" [mmult_baseline.cpp:21]   --->   Operation 21 'add' 'add_ln21_1' <Predicate = (!icmp_ln21)> <Delay = 0.87> <CoreInst = "Adder">   --->   Core 1 'Adder' <Latency = 0> <II = 1> <Delay = 0.87> <FuncUnit> <Opcode : 'add' 'sub'> <InPorts = 2> <OutPorts = 1>
ST_1 : Operation 22 [1/1] (0.48ns)   --->   "%select_ln21_1 = select i1 %icmp_ln22, i5 %add_ln21_1, i5 %i_load" [mmult_baseline.cpp:21]   --->   Operation 22 'select' 'select_ln21_1' <Predicate = (!icmp_ln21)> <Delay = 0.48> <CoreInst = "Sel">   --->   Core 73 'Sel' <Latency = 0> <II = 1> <Delay = 0.48> <FuncUnit> <Opcode : 'select'> <InPorts = 3> <OutPorts = 1>
ST_1 : Operation 23 [1/1] (0.00ns)   --->   "%zext_ln21 = zext i5 %select_ln21_1" [mmult_baseline.cpp:21]   --->   Operation 23 'zext' 'zext_ln21' <Predicate = (!icmp_ln21)> <Delay = 0.00>
ST_1 : Operation 24 [1/1] (0.00ns)   --->   "%tC_addr = getelementptr i32 %tC, i64 0, i64 %zext_ln21" [mmult_baseline.cpp:21]   --->   Operation 24 'getelementptr' 'tC_addr' <Predicate = (!icmp_ln21)> <Delay = 0.00>
ST_1 : Operation 25 [1/1] (0.00ns)   --->   "%tC_1_addr = getelementptr i32 %tC_1, i64 0, i64 %zext_ln21" [mmult_baseline.cpp:21]   --->   Operation 25 'getelementptr' 'tC_1_addr' <Predicate = (!icmp_ln21)> <Delay = 0.00>
ST_1 : Operation 26 [1/1] (0.00ns)   --->   "%tC_2_addr = getelementptr i32 %tC_2, i64 0, i64 %zext_ln21" [mmult_baseline.cpp:21]   --->   Operation 26 'getelementptr' 'tC_2_addr' <Predicate = (!icmp_ln21)> <Delay = 0.00>
ST_1 : Operation 27 [1/1] (0.00ns)   --->   "%tC_3_addr = getelementptr i32 %tC_3, i64 0, i64 %zext_ln21" [mmult_baseline.cpp:21]   --->   Operation 27 'getelementptr' 'tC_3_addr' <Predicate = (!icmp_ln21)> <Delay = 0.00>
ST_1 : Operation 28 [1/1] (0.00ns)   --->   "%tC_4_addr = getelementptr i32 %tC_4, i64 0, i64 %zext_ln21" [mmult_baseline.cpp:21]   --->   Operation 28 'getelementptr' 'tC_4_addr' <Predicate = (!icmp_ln21)> <Delay = 0.00>
ST_1 : Operation 29 [1/1] (0.00ns)   --->   "%tC_5_addr = getelementptr i32 %tC_5, i64 0, i64 %zext_ln21" [mmult_baseline.cpp:21]   --->   Operation 29 'getelementptr' 'tC_5_addr' <Predicate = (!icmp_ln21)> <Delay = 0.00>
ST_1 : Operation 30 [1/1] (0.00ns)   --->   "%tC_6_addr = getelementptr i32 %tC_6, i64 0, i64 %zext_ln21" [mmult_baseline.cpp:21]   --->   Operation 30 'getelementptr' 'tC_6_addr' <Predicate = (!icmp_ln21)> <Delay = 0.00>
ST_1 : Operation 31 [1/1] (0.00ns)   --->   "%tC_7_addr = getelementptr i32 %tC_7, i64 0, i64 %zext_ln21" [mmult_baseline.cpp:21]   --->   Operation 31 'getelementptr' 'tC_7_addr' <Predicate = (!icmp_ln21)> <Delay = 0.00>
ST_1 : Operation 32 [1/1] (0.00ns)   --->   "%tC_8_addr = getelementptr i32 %tC_8, i64 0, i64 %zext_ln21" [mmult_baseline.cpp:21]   --->   Operation 32 'getelementptr' 'tC_8_addr' <Predicate = (!icmp_ln21)> <Delay = 0.00>
ST_1 : Operation 33 [1/1] (0.00ns)   --->   "%tC_9_addr = getelementptr i32 %tC_9, i64 0, i64 %zext_ln21" [mmult_baseline.cpp:21]   --->   Operation 33 'getelementptr' 'tC_9_addr' <Predicate = (!icmp_ln21)> <Delay = 0.00>
ST_1 : Operation 34 [1/1] (0.00ns)   --->   "%tC_10_addr = getelementptr i32 %tC_10, i64 0, i64 %zext_ln21" [mmult_baseline.cpp:21]   --->   Operation 34 'getelementptr' 'tC_10_addr' <Predicate = (!icmp_ln21)> <Delay = 0.00>
ST_1 : Operation 35 [1/1] (0.00ns)   --->   "%tC_11_addr = getelementptr i32 %tC_11, i64 0, i64 %zext_ln21" [mmult_baseline.cpp:21]   --->   Operation 35 'getelementptr' 'tC_11_addr' <Predicate = (!icmp_ln21)> <Delay = 0.00>
ST_1 : Operation 36 [1/1] (0.00ns)   --->   "%tC_12_addr = getelementptr i32 %tC_12, i64 0, i64 %zext_ln21" [mmult_baseline.cpp:21]   --->   Operation 36 'getelementptr' 'tC_12_addr' <Predicate = (!icmp_ln21)> <Delay = 0.00>
ST_1 : Operation 37 [1/1] (0.00ns)   --->   "%tC_13_addr = getelementptr i32 %tC_13, i64 0, i64 %zext_ln21" [mmult_baseline.cpp:21]   --->   Operation 37 'getelementptr' 'tC_13_addr' <Predicate = (!icmp_ln21)> <Delay = 0.00>
ST_1 : Operation 38 [1/1] (0.00ns)   --->   "%tC_14_addr = getelementptr i32 %tC_14, i64 0, i64 %zext_ln21" [mmult_baseline.cpp:21]   --->   Operation 38 'getelementptr' 'tC_14_addr' <Predicate = (!icmp_ln21)> <Delay = 0.00>
ST_1 : Operation 39 [1/1] (0.00ns)   --->   "%tC_15_addr = getelementptr i32 %tC_15, i64 0, i64 %zext_ln21" [mmult_baseline.cpp:21]   --->   Operation 39 'getelementptr' 'tC_15_addr' <Predicate = (!icmp_ln21)> <Delay = 0.00>
ST_1 : Operation 40 [1/1] (0.00ns)   --->   "%trunc_ln22 = trunc i5 %select_ln21" [mmult_baseline.cpp:22]   --->   Operation 40 'trunc' 'trunc_ln22' <Predicate = (!icmp_ln21)> <Delay = 0.00>
ST_1 : Operation 41 [1/1] (0.00ns)   --->   "%specpipeline_ln22 = specpipeline void @_ssdm_op_SpecPipeline, i32 4294967295, i32 0, i32 0, i32 0, void @empty_0" [mmult_baseline.cpp:22]   --->   Operation 41 'specpipeline' 'specpipeline_ln22' <Predicate = (!icmp_ln21)> <Delay = 0.00>
ST_1 : Operation 42 [1/1] (1.04ns)   --->   "%switch_ln23 = switch i4 %trunc_ln22, void %arrayidx148.case.15, i4 0, void %arrayidx148.case.0, i4 1, void %arrayidx148.case.1, i4 2, void %arrayidx148.case.2, i4 3, void %arrayidx148.case.3, i4 4, void %arrayidx148.case.4, i4 5, void %arrayidx148.case.5, i4 6, void %arrayidx148.case.6, i4 7, void %arrayidx148.case.7, i4 8, void %arrayidx148.case.8, i4 9, void %arrayidx148.case.9, i4 10, void %arrayidx148.case.10, i4 11, void %arrayidx148.case.11, i4 12, void %arrayidx148.case.12, i4 13, void %arrayidx148.case.13, i4 14, void %arrayidx148.case.14" [mmult_baseline.cpp:23]   --->   Operation 42 'switch' 'switch_ln23' <Predicate = (!icmp_ln21)> <Delay = 1.04>
ST_1 : Operation 43 [1/1] (0.79ns)   --->   "%store_ln23 = store i32 0, i4 %tC_14_addr" [mmult_baseline.cpp:23]   --->   Operation 43 'store' 'store_ln23' <Predicate = (!icmp_ln21 & trunc_ln22 == 14)> <Delay = 0.79> <CoreInst = "RAM">   --->   Core 82 'RAM' <Latency = 1> <II = 1> <Delay = 0.79> <Storage> <Opcode : 'load' 'store'> <Ports = 2> <Width = 32> <Depth = 16> <RAM>
ST_1 : Operation 44 [1/1] (0.00ns)   --->   "%br_ln23 = br void %arrayidx148.exit" [mmult_baseline.cpp:23]   --->   Operation 44 'br' 'br_ln23' <Predicate = (!icmp_ln21 & trunc_ln22 == 14)> <Delay = 0.00>
ST_1 : Operation 45 [1/1] (0.79ns)   --->   "%store_ln23 = store i32 0, i4 %tC_13_addr" [mmult_baseline.cpp:23]   --->   Operation 45 'store' 'store_ln23' <Predicate = (!icmp_ln21 & trunc_ln22 == 13)> <Delay = 0.79> <CoreInst = "RAM">   --->   Core 82 'RAM' <Latency = 1> <II = 1> <Delay = 0.79> <Storage> <Opcode : 'load' 'store'> <Ports = 2> <Width = 32> <Depth = 16> <RAM>
ST_1 : Operation 46 [1/1] (0.00ns)   --->   "%br_ln23 = br void %arrayidx148.exit" [mmult_baseline.cpp:23]   --->   Operation 46 'br' 'br_ln23' <Predicate = (!icmp_ln21 & trunc_ln22 == 13)> <Delay = 0.00>
ST_1 : Operation 47 [1/1] (0.79ns)   --->   "%store_ln23 = store i32 0, i4 %tC_12_addr" [mmult_baseline.cpp:23]   --->   Operation 47 'store' 'store_ln23' <Predicate = (!icmp_ln21 & trunc_ln22 == 12)> <Delay = 0.79> <CoreInst = "RAM">   --->   Core 82 'RAM' <Latency = 1> <II = 1> <Delay = 0.79> <Storage> <Opcode : 'load' 'store'> <Ports = 2> <Width = 32> <Depth = 16> <RAM>
ST_1 : Operation 48 [1/1] (0.00ns)   --->   "%br_ln23 = br void %arrayidx148.exit" [mmult_baseline.cpp:23]   --->   Operation 48 'br' 'br_ln23' <Predicate = (!icmp_ln21 & trunc_ln22 == 12)> <Delay = 0.00>
ST_1 : Operation 49 [1/1] (0.79ns)   --->   "%store_ln23 = store i32 0, i4 %tC_11_addr" [mmult_baseline.cpp:23]   --->   Operation 49 'store' 'store_ln23' <Predicate = (!icmp_ln21 & trunc_ln22 == 11)> <Delay = 0.79> <CoreInst = "RAM">   --->   Core 82 'RAM' <Latency = 1> <II = 1> <Delay = 0.79> <Storage> <Opcode : 'load' 'store'> <Ports = 2> <Width = 32> <Depth = 16> <RAM>
ST_1 : Operation 50 [1/1] (0.00ns)   --->   "%br_ln23 = br void %arrayidx148.exit" [mmult_baseline.cpp:23]   --->   Operation 50 'br' 'br_ln23' <Predicate = (!icmp_ln21 & trunc_ln22 == 11)> <Delay = 0.00>
ST_1 : Operation 51 [1/1] (0.79ns)   --->   "%store_ln23 = store i32 0, i4 %tC_10_addr" [mmult_baseline.cpp:23]   --->   Operation 51 'store' 'store_ln23' <Predicate = (!icmp_ln21 & trunc_ln22 == 10)> <Delay = 0.79> <CoreInst = "RAM">   --->   Core 82 'RAM' <Latency = 1> <II = 1> <Delay = 0.79> <Storage> <Opcode : 'load' 'store'> <Ports = 2> <Width = 32> <Depth = 16> <RAM>
ST_1 : Operation 52 [1/1] (0.00ns)   --->   "%br_ln23 = br void %arrayidx148.exit" [mmult_baseline.cpp:23]   --->   Operation 52 'br' 'br_ln23' <Predicate = (!icmp_ln21 & trunc_ln22 == 10)> <Delay = 0.00>
ST_1 : Operation 53 [1/1] (0.79ns)   --->   "%store_ln23 = store i32 0, i4 %tC_9_addr" [mmult_baseline.cpp:23]   --->   Operation 53 'store' 'store_ln23' <Predicate = (!icmp_ln21 & trunc_ln22 == 9)> <Delay = 0.79> <CoreInst = "RAM">   --->   Core 82 'RAM' <Latency = 1> <II = 1> <Delay = 0.79> <Storage> <Opcode : 'load' 'store'> <Ports = 2> <Width = 32> <Depth = 16> <RAM>
ST_1 : Operation 54 [1/1] (0.00ns)   --->   "%br_ln23 = br void %arrayidx148.exit" [mmult_baseline.cpp:23]   --->   Operation 54 'br' 'br_ln23' <Predicate = (!icmp_ln21 & trunc_ln22 == 9)> <Delay = 0.00>
ST_1 : Operation 55 [1/1] (0.79ns)   --->   "%store_ln23 = store i32 0, i4 %tC_8_addr" [mmult_baseline.cpp:23]   --->   Operation 55 'store' 'store_ln23' <Predicate = (!icmp_ln21 & trunc_ln22 == 8)> <Delay = 0.79> <CoreInst = "RAM">   --->   Core 82 'RAM' <Latency = 1> <II = 1> <Delay = 0.79> <Storage> <Opcode : 'load' 'store'> <Ports = 2> <Width = 32> <Depth = 16> <RAM>
ST_1 : Operation 56 [1/1] (0.00ns)   --->   "%br_ln23 = br void %arrayidx148.exit" [mmult_baseline.cpp:23]   --->   Operation 56 'br' 'br_ln23' <Predicate = (!icmp_ln21 & trunc_ln22 == 8)> <Delay = 0.00>
ST_1 : Operation 57 [1/1] (0.79ns)   --->   "%store_ln23 = store i32 0, i4 %tC_7_addr" [mmult_baseline.cpp:23]   --->   Operation 57 'store' 'store_ln23' <Predicate = (!icmp_ln21 & trunc_ln22 == 7)> <Delay = 0.79> <CoreInst = "RAM">   --->   Core 82 'RAM' <Latency = 1> <II = 1> <Delay = 0.79> <Storage> <Opcode : 'load' 'store'> <Ports = 2> <Width = 32> <Depth = 16> <RAM>
ST_1 : Operation 58 [1/1] (0.00ns)   --->   "%br_ln23 = br void %arrayidx148.exit" [mmult_baseline.cpp:23]   --->   Operation 58 'br' 'br_ln23' <Predicate = (!icmp_ln21 & trunc_ln22 == 7)> <Delay = 0.00>
ST_1 : Operation 59 [1/1] (0.79ns)   --->   "%store_ln23 = store i32 0, i4 %tC_6_addr" [mmult_baseline.cpp:23]   --->   Operation 59 'store' 'store_ln23' <Predicate = (!icmp_ln21 & trunc_ln22 == 6)> <Delay = 0.79> <CoreInst = "RAM">   --->   Core 82 'RAM' <Latency = 1> <II = 1> <Delay = 0.79> <Storage> <Opcode : 'load' 'store'> <Ports = 2> <Width = 32> <Depth = 16> <RAM>
ST_1 : Operation 60 [1/1] (0.00ns)   --->   "%br_ln23 = br void %arrayidx148.exit" [mmult_baseline.cpp:23]   --->   Operation 60 'br' 'br_ln23' <Predicate = (!icmp_ln21 & trunc_ln22 == 6)> <Delay = 0.00>
ST_1 : Operation 61 [1/1] (0.79ns)   --->   "%store_ln23 = store i32 0, i4 %tC_5_addr" [mmult_baseline.cpp:23]   --->   Operation 61 'store' 'store_ln23' <Predicate = (!icmp_ln21 & trunc_ln22 == 5)> <Delay = 0.79> <CoreInst = "RAM">   --->   Core 82 'RAM' <Latency = 1> <II = 1> <Delay = 0.79> <Storage> <Opcode : 'load' 'store'> <Ports = 2> <Width = 32> <Depth = 16> <RAM>
ST_1 : Operation 62 [1/1] (0.00ns)   --->   "%br_ln23 = br void %arrayidx148.exit" [mmult_baseline.cpp:23]   --->   Operation 62 'br' 'br_ln23' <Predicate = (!icmp_ln21 & trunc_ln22 == 5)> <Delay = 0.00>
ST_1 : Operation 63 [1/1] (0.79ns)   --->   "%store_ln23 = store i32 0, i4 %tC_4_addr" [mmult_baseline.cpp:23]   --->   Operation 63 'store' 'store_ln23' <Predicate = (!icmp_ln21 & trunc_ln22 == 4)> <Delay = 0.79> <CoreInst = "RAM">   --->   Core 82 'RAM' <Latency = 1> <II = 1> <Delay = 0.79> <Storage> <Opcode : 'load' 'store'> <Ports = 2> <Width = 32> <Depth = 16> <RAM>
ST_1 : Operation 64 [1/1] (0.00ns)   --->   "%br_ln23 = br void %arrayidx148.exit" [mmult_baseline.cpp:23]   --->   Operation 64 'br' 'br_ln23' <Predicate = (!icmp_ln21 & trunc_ln22 == 4)> <Delay = 0.00>
ST_1 : Operation 65 [1/1] (0.79ns)   --->   "%store_ln23 = store i32 0, i4 %tC_3_addr" [mmult_baseline.cpp:23]   --->   Operation 65 'store' 'store_ln23' <Predicate = (!icmp_ln21 & trunc_ln22 == 3)> <Delay = 0.79> <CoreInst = "RAM">   --->   Core 82 'RAM' <Latency = 1> <II = 1> <Delay = 0.79> <Storage> <Opcode : 'load' 'store'> <Ports = 2> <Width = 32> <Depth = 16> <RAM>
ST_1 : Operation 66 [1/1] (0.00ns)   --->   "%br_ln23 = br void %arrayidx148.exit" [mmult_baseline.cpp:23]   --->   Operation 66 'br' 'br_ln23' <Predicate = (!icmp_ln21 & trunc_ln22 == 3)> <Delay = 0.00>
ST_1 : Operation 67 [1/1] (0.79ns)   --->   "%store_ln23 = store i32 0, i4 %tC_2_addr" [mmult_baseline.cpp:23]   --->   Operation 67 'store' 'store_ln23' <Predicate = (!icmp_ln21 & trunc_ln22 == 2)> <Delay = 0.79> <CoreInst = "RAM">   --->   Core 82 'RAM' <Latency = 1> <II = 1> <Delay = 0.79> <Storage> <Opcode : 'load' 'store'> <Ports = 2> <Width = 32> <Depth = 16> <RAM>
ST_1 : Operation 68 [1/1] (0.00ns)   --->   "%br_ln23 = br void %arrayidx148.exit" [mmult_baseline.cpp:23]   --->   Operation 68 'br' 'br_ln23' <Predicate = (!icmp_ln21 & trunc_ln22 == 2)> <Delay = 0.00>
ST_1 : Operation 69 [1/1] (0.79ns)   --->   "%store_ln23 = store i32 0, i4 %tC_1_addr" [mmult_baseline.cpp:23]   --->   Operation 69 'store' 'store_ln23' <Predicate = (!icmp_ln21 & trunc_ln22 == 1)> <Delay = 0.79> <CoreInst = "RAM">   --->   Core 82 'RAM' <Latency = 1> <II = 1> <Delay = 0.79> <Storage> <Opcode : 'load' 'store'> <Ports = 2> <Width = 32> <Depth = 16> <RAM>
ST_1 : Operation 70 [1/1] (0.00ns)   --->   "%br_ln23 = br void %arrayidx148.exit" [mmult_baseline.cpp:23]   --->   Operation 70 'br' 'br_ln23' <Predicate = (!icmp_ln21 & trunc_ln22 == 1)> <Delay = 0.00>
ST_1 : Operation 71 [1/1] (0.79ns)   --->   "%store_ln23 = store i32 0, i4 %tC_addr" [mmult_baseline.cpp:23]   --->   Operation 71 'store' 'store_ln23' <Predicate = (!icmp_ln21 & trunc_ln22 == 0)> <Delay = 0.79> <CoreInst = "RAM">   --->   Core 82 'RAM' <Latency = 1> <II = 1> <Delay = 0.79> <Storage> <Opcode : 'load' 'store'> <Ports = 2> <Width = 32> <Depth = 16> <RAM>
ST_1 : Operation 72 [1/1] (0.00ns)   --->   "%br_ln23 = br void %arrayidx148.exit" [mmult_baseline.cpp:23]   --->   Operation 72 'br' 'br_ln23' <Predicate = (!icmp_ln21 & trunc_ln22 == 0)> <Delay = 0.00>
ST_1 : Operation 73 [1/1] (0.79ns)   --->   "%store_ln23 = store i32 0, i4 %tC_15_addr" [mmult_baseline.cpp:23]   --->   Operation 73 'store' 'store_ln23' <Predicate = (!icmp_ln21 & trunc_ln22 == 15)> <Delay = 0.79> <CoreInst = "RAM">   --->   Core 82 'RAM' <Latency = 1> <II = 1> <Delay = 0.79> <Storage> <Opcode : 'load' 'store'> <Ports = 2> <Width = 32> <Depth = 16> <RAM>
ST_1 : Operation 74 [1/1] (0.00ns)   --->   "%br_ln23 = br void %arrayidx148.exit" [mmult_baseline.cpp:23]   --->   Operation 74 'br' 'br_ln23' <Predicate = (!icmp_ln21 & trunc_ln22 == 15)> <Delay = 0.00>
ST_1 : Operation 75 [1/1] (0.87ns)   --->   "%add_ln22 = add i5 %select_ln21, i5 1" [mmult_baseline.cpp:22]   --->   Operation 75 'add' 'add_ln22' <Predicate = (!icmp_ln21)> <Delay = 0.87> <CoreInst = "Adder">   --->   Core 1 'Adder' <Latency = 0> <II = 1> <Delay = 0.87> <FuncUnit> <Opcode : 'add' 'sub'> <InPorts = 2> <OutPorts = 1>
ST_1 : Operation 76 [1/1] (0.48ns)   --->   "%store_ln21 = store i9 %add_ln21, i9 %indvar_flatten" [mmult_baseline.cpp:21]   --->   Operation 76 'store' 'store_ln21' <Predicate = (!icmp_ln21)> <Delay = 0.48>
ST_1 : Operation 77 [1/1] (0.48ns)   --->   "%store_ln21 = store i5 %select_ln21_1, i5 %i" [mmult_baseline.cpp:21]   --->   Operation 77 'store' 'store_ln21' <Predicate = (!icmp_ln21)> <Delay = 0.48>
ST_1 : Operation 78 [1/1] (0.48ns)   --->   "%store_ln22 = store i5 %add_ln22, i5 %j" [mmult_baseline.cpp:22]   --->   Operation 78 'store' 'store_ln22' <Predicate = (!icmp_ln21)> <Delay = 0.48>
ST_1 : Operation 79 [1/1] (0.00ns)   --->   "%br_ln22 = br void %for.inc" [mmult_baseline.cpp:22]   --->   Operation 79 'br' 'br_ln22' <Predicate = (!icmp_ln21)> <Delay = 0.00>
ST_1 : Operation 80 [1/1] (0.48ns)   --->   "%ret_ln0 = ret"   --->   Operation 80 'ret' 'ret_ln0' <Predicate = (icmp_ln21)> <Delay = 0.48>


============================================================
+ Verbose Summary: Binding
============================================================
STG Binding: 
---------------- STG Properties BEGIN ----------------
- Is combinational: 0
- Is one-state seq: 0
- Is datapath-only: 0
- Is pipelined: 0
- Is top level: 0
Port [ Return ] is wired: 1; IO mode=ap_ctrl_hs:ce=0
Port [ tC]:  wired=1; compound=1; hidden=0; nouse=0; global=0; static=0; extern=0; dir=1; type=1; pingpong=0; private_global=0; MemPort=[03]; IO mode=ap_memory:ce=0
Port [ tC_1]:  wired=1; compound=1; hidden=0; nouse=0; global=0; static=0; extern=0; dir=1; type=1; pingpong=0; private_global=0; MemPort=[03]; IO mode=ap_memory:ce=0
Port [ tC_2]:  wired=1; compound=1; hidden=0; nouse=0; global=0; static=0; extern=0; dir=1; type=1; pingpong=0; private_global=0; MemPort=[03]; IO mode=ap_memory:ce=0
Port [ tC_3]:  wired=1; compound=1; hidden=0; nouse=0; global=0; static=0; extern=0; dir=1; type=1; pingpong=0; private_global=0; MemPort=[03]; IO mode=ap_memory:ce=0
Port [ tC_4]:  wired=1; compound=1; hidden=0; nouse=0; global=0; static=0; extern=0; dir=1; type=1; pingpong=0; private_global=0; MemPort=[03]; IO mode=ap_memory:ce=0
Port [ tC_5]:  wired=1; compound=1; hidden=0; nouse=0; global=0; static=0; extern=0; dir=1; type=1; pingpong=0; private_global=0; MemPort=[03]; IO mode=ap_memory:ce=0
Port [ tC_6]:  wired=1; compound=1; hidden=0; nouse=0; global=0; static=0; extern=0; dir=1; type=1; pingpong=0; private_global=0; MemPort=[03]; IO mode=ap_memory:ce=0
Port [ tC_7]:  wired=1; compound=1; hidden=0; nouse=0; global=0; static=0; extern=0; dir=1; type=1; pingpong=0; private_global=0; MemPort=[03]; IO mode=ap_memory:ce=0
Port [ tC_8]:  wired=1; compound=1; hidden=0; nouse=0; global=0; static=0; extern=0; dir=1; type=1; pingpong=0; private_global=0; MemPort=[03]; IO mode=ap_memory:ce=0
Port [ tC_9]:  wired=1; compound=1; hidden=0; nouse=0; global=0; static=0; extern=0; dir=1; type=1; pingpong=0; private_global=0; MemPort=[03]; IO mode=ap_memory:ce=0
Port [ tC_10]:  wired=1; compound=1; hidden=0; nouse=0; global=0; static=0; extern=0; dir=1; type=1; pingpong=0; private_global=0; MemPort=[03]; IO mode=ap_memory:ce=0
Port [ tC_11]:  wired=1; compound=1; hidden=0; nouse=0; global=0; static=0; extern=0; dir=1; type=1; pingpong=0; private_global=0; MemPort=[03]; IO mode=ap_memory:ce=0
Port [ tC_12]:  wired=1; compound=1; hidden=0; nouse=0; global=0; static=0; extern=0; dir=1; type=1; pingpong=0; private_global=0; MemPort=[03]; IO mode=ap_memory:ce=0
Port [ tC_13]:  wired=1; compound=1; hidden=0; nouse=0; global=0; static=0; extern=0; dir=1; type=1; pingpong=0; private_global=0; MemPort=[03]; IO mode=ap_memory:ce=0
Port [ tC_14]:  wired=1; compound=1; hidden=0; nouse=0; global=0; static=0; extern=0; dir=1; type=1; pingpong=0; private_global=0; MemPort=[03]; IO mode=ap_memory:ce=0
Port [ tC_15]:  wired=1; compound=1; hidden=0; nouse=0; global=0; static=0; extern=0; dir=1; type=1; pingpong=0; private_global=0; MemPort=[03]; IO mode=ap_memory:ce=0
---------------- STG Properties END ------------------

---------------- Datapath Model BEGIN ----------------

<LifeTime>
<method=bitvector/>
j                     (alloca           ) [ 01]
i                     (alloca           ) [ 01]
indvar_flatten        (alloca           ) [ 01]
store_ln0             (store            ) [ 00]
store_ln21            (store            ) [ 00]
store_ln22            (store            ) [ 00]
br_ln0                (br               ) [ 00]
indvar_flatten_load   (load             ) [ 00]
icmp_ln21             (icmp             ) [ 01]
add_ln21              (add              ) [ 00]
br_ln21               (br               ) [ 00]
j_load                (load             ) [ 00]
i_load                (load             ) [ 00]
specloopname_ln0      (specloopname     ) [ 00]
speclooptripcount_ln0 (speclooptripcount) [ 00]
icmp_ln22             (icmp             ) [ 00]
select_ln21           (select           ) [ 00]
add_ln21_1            (add              ) [ 00]
select_ln21_1         (select           ) [ 00]
zext_ln21             (zext             ) [ 00]
tC_addr               (getelementptr    ) [ 00]
tC_1_addr             (getelementptr    ) [ 00]
tC_2_addr             (getelementptr    ) [ 00]
tC_3_addr             (getelementptr    ) [ 00]
tC_4_addr             (getelementptr    ) [ 00]
tC_5_addr             (getelementptr    ) [ 00]
tC_6_addr             (getelementptr    ) [ 00]
tC_7_addr             (getelementptr    ) [ 00]
tC_8_addr             (getelementptr    ) [ 00]
tC_9_addr             (getelementptr    ) [ 00]
tC_10_addr            (getelementptr    ) [ 00]
tC_11_addr            (getelementptr    ) [ 00]
tC_12_addr            (getelementptr    ) [ 00]
tC_13_addr            (getelementptr    ) [ 00]
tC_14_addr            (getelementptr    ) [ 00]
tC_15_addr            (getelementptr    ) [ 00]
trunc_ln22            (trunc            ) [ 01]
specpipeline_ln22     (specpipeline     ) [ 00]
switch_ln23           (switch           ) [ 00]
store_ln23            (store            ) [ 00]
br_ln23               (br               ) [ 00]
store_ln23            (store            ) [ 00]
br_ln23               (br               ) [ 00]
store_ln23            (store            ) [ 00]
br_ln23               (br               ) [ 00]
store_ln23            (store            ) [ 00]
br_ln23               (br               ) [ 00]
store_ln23            (store            ) [ 00]
br_ln23               (br               ) [ 00]
store_ln23            (store            ) [ 00]
br_ln23               (br               ) [ 00]
store_ln23            (store            ) [ 00]
br_ln23               (br               ) [ 00]
store_ln23            (store            ) [ 00]
br_ln23               (br               ) [ 00]
store_ln23            (store            ) [ 00]
br_ln23               (br               ) [ 00]
store_ln23            (store            ) [ 00]
br_ln23               (br               ) [ 00]
store_ln23            (store            ) [ 00]
br_ln23               (br               ) [ 00]
store_ln23            (store            ) [ 00]
br_ln23               (br               ) [ 00]
store_ln23            (store            ) [ 00]
br_ln23               (br               ) [ 00]
store_ln23            (store            ) [ 00]
br_ln23               (br               ) [ 00]
store_ln23            (store            ) [ 00]
br_ln23               (br               ) [ 00]
store_ln23            (store            ) [ 00]
br_ln23               (br               ) [ 00]
add_ln22              (add              ) [ 00]
store_ln21            (store            ) [ 00]
store_ln21            (store            ) [ 00]
store_ln22            (store            ) [ 00]
br_ln22               (br               ) [ 00]
ret_ln0               (ret              ) [ 00]
</LifeTime>

<model>

<comp_list>
<comp id="0" class="1000" name="tC">
<pin_list>
<pin id="1" dir="1" index="0" bw="1" slack="0"/>
</pin_list>
<bind>
<StgValue><ssdm name="tC"/><MemPortTyVec>0 3 </MemPortTyVec>
</StgValue>
</bind>
</comp>

<comp id="2" class="1000" name="tC_1">
<pin_list>
<pin id="3" dir="1" index="0" bw="1" slack="0"/>
</pin_list>
<bind>
<StgValue><ssdm name="tC_1"/><MemPortTyVec>0 3 </MemPortTyVec>
</StgValue>
</bind>
</comp>

<comp id="4" class="1000" name="tC_2">
<pin_list>
<pin id="5" dir="1" index="0" bw="1" slack="0"/>
</pin_list>
<bind>
<StgValue><ssdm name="tC_2"/><MemPortTyVec>0 3 </MemPortTyVec>
</StgValue>
</bind>
</comp>

<comp id="6" class="1000" name="tC_3">
<pin_list>
<pin id="7" dir="1" index="0" bw="1" slack="0"/>
</pin_list>
<bind>
<StgValue><ssdm name="tC_3"/><MemPortTyVec>0 3 </MemPortTyVec>
</StgValue>
</bind>
</comp>

<comp id="8" class="1000" name="tC_4">
<pin_list>
<pin id="9" dir="1" index="0" bw="1" slack="0"/>
</pin_list>
<bind>
<StgValue><ssdm name="tC_4"/><MemPortTyVec>0 3 </MemPortTyVec>
</StgValue>
</bind>
</comp>

<comp id="10" class="1000" name="tC_5">
<pin_list>
<pin id="11" dir="1" index="0" bw="1" slack="0"/>
</pin_list>
<bind>
<StgValue><ssdm name="tC_5"/><MemPortTyVec>0 3 </MemPortTyVec>
</StgValue>
</bind>
</comp>

<comp id="12" class="1000" name="tC_6">
<pin_list>
<pin id="13" dir="1" index="0" bw="1" slack="0"/>
</pin_list>
<bind>
<StgValue><ssdm name="tC_6"/><MemPortTyVec>0 3 </MemPortTyVec>
</StgValue>
</bind>
</comp>

<comp id="14" class="1000" name="tC_7">
<pin_list>
<pin id="15" dir="1" index="0" bw="1" slack="0"/>
</pin_list>
<bind>
<StgValue><ssdm name="tC_7"/><MemPortTyVec>0 3 </MemPortTyVec>
</StgValue>
</bind>
</comp>

<comp id="16" class="1000" name="tC_8">
<pin_list>
<pin id="17" dir="1" index="0" bw="1" slack="0"/>
</pin_list>
<bind>
<StgValue><ssdm name="tC_8"/><MemPortTyVec>0 3 </MemPortTyVec>
</StgValue>
</bind>
</comp>

<comp id="18" class="1000" name="tC_9">
<pin_list>
<pin id="19" dir="1" index="0" bw="1" slack="0"/>
</pin_list>
<bind>
<StgValue><ssdm name="tC_9"/><MemPortTyVec>0 3 </MemPortTyVec>
</StgValue>
</bind>
</comp>

<comp id="20" class="1000" name="tC_10">
<pin_list>
<pin id="21" dir="1" index="0" bw="1" slack="0"/>
</pin_list>
<bind>
<StgValue><ssdm name="tC_10"/><MemPortTyVec>0 3 </MemPortTyVec>
</StgValue>
</bind>
</comp>

<comp id="22" class="1000" name="tC_11">
<pin_list>
<pin id="23" dir="1" index="0" bw="1" slack="0"/>
</pin_list>
<bind>
<StgValue><ssdm name="tC_11"/><MemPortTyVec>0 3 </MemPortTyVec>
</StgValue>
</bind>
</comp>

<comp id="24" class="1000" name="tC_12">
<pin_list>
<pin id="25" dir="1" index="0" bw="1" slack="0"/>
</pin_list>
<bind>
<StgValue><ssdm name="tC_12"/><MemPortTyVec>0 3 </MemPortTyVec>
</StgValue>
</bind>
</comp>

<comp id="26" class="1000" name="tC_13">
<pin_list>
<pin id="27" dir="1" index="0" bw="1" slack="0"/>
</pin_list>
<bind>
<StgValue><ssdm name="tC_13"/><MemPortTyVec>0 3 </MemPortTyVec>
</StgValue>
</bind>
</comp>

<comp id="28" class="1000" name="tC_14">
<pin_list>
<pin id="29" dir="1" index="0" bw="1" slack="0"/>
</pin_list>
<bind>
<StgValue><ssdm name="tC_14"/><MemPortTyVec>0 3 </MemPortTyVec>
</StgValue>
</bind>
</comp>

<comp id="30" class="1000" name="tC_15">
<pin_list>
<pin id="31" dir="1" index="0" bw="1" slack="0"/>
</pin_list>
<bind>
<StgValue><ssdm name="tC_15"/><MemPortTyVec>0 3 </MemPortTyVec>
</StgValue>
</bind>
</comp>

<comp id="32" class="1001" name="const_32">
<pin_list>
<pin id="33" dir="1" index="0" bw="1" slack="0"/>
</pin_list>
<bind>
<StgValue><ssdm name=""/></StgValue>
</bind>
</comp>

<comp id="34" class="1001" name="const_34">
<pin_list>
<pin id="35" dir="1" index="0" bw="1" slack="0"/>
</pin_list>
<bind>
<StgValue><ssdm name=""/></StgValue>
</bind>
</comp>

<comp id="36" class="1001" name="const_36">
<pin_list>
<pin id="37" dir="1" index="0" bw="1" slack="0"/>
</pin_list>
<bind>
<StgValue><ssdm name=""/></StgValue>
</bind>
</comp>

<comp id="38" class="1001" name="const_38">
<pin_list>
<pin id="39" dir="1" index="0" bw="1" slack="0"/>
</pin_list>
<bind>
<StgValue><ssdm name=""/></StgValue>
</bind>
</comp>

<comp id="40" class="1001" name="const_40">
<pin_list>
<pin id="41" dir="1" index="0" bw="1" slack="0"/>
</pin_list>
<bind>
<StgValue><ssdm name=""/></StgValue>
</bind>
</comp>

<comp id="42" class="1001" name="const_42">
<pin_list>
<pin id="43" dir="1" index="0" bw="1" slack="2147483647"/>
</pin_list>
<bind>
<StgValue><ssdm name="_ssdm_op_SpecLoopName"/></StgValue>
</bind>
</comp>

<comp id="44" class="1001" name="const_44">
<pin_list>
<pin id="45" dir="1" index="0" bw="1" slack="2147483647"/>
</pin_list>
<bind>
<StgValue><ssdm name="init_i_init_j_str"/></StgValue>
</bind>
</comp>

<comp id="46" class="1001" name="const_46">
<pin_list>
<pin id="47" dir="1" index="0" bw="1" slack="2147483647"/>
</pin_list>
<bind>
<StgValue><ssdm name="_ssdm_op_SpecLoopTripCount"/></StgValue>
</bind>
</comp>

<comp id="48" class="1001" name="const_48">
<pin_list>
<pin id="49" dir="1" index="0" bw="1" slack="2147483647"/>
</pin_list>
<bind>
<StgValue><ssdm name=""/></StgValue>
</bind>
</comp>

<comp id="50" class="1001" name="const_50">
<pin_list>
<pin id="51" dir="1" index="0" bw="1" slack="0"/>
</pin_list>
<bind>
<StgValue><ssdm name=""/></StgValue>
</bind>
</comp>

<comp id="52" class="1001" name="const_52">
<pin_list>
<pin id="53" dir="1" index="0" bw="1" slack="0"/>
</pin_list>
<bind>
<StgValue><ssdm name=""/></StgValue>
</bind>
</comp>

<comp id="54" class="1001" name="const_54">
<pin_list>
<pin id="55" dir="1" index="0" bw="1" slack="0"/>
</pin_list>
<bind>
<StgValue><ssdm name=""/></StgValue>
</bind>
</comp>

<comp id="56" class="1001" name="const_56">
<pin_list>
<pin id="57" dir="1" index="0" bw="1" slack="2147483647"/>
</pin_list>
<bind>
<StgValue><ssdm name="_ssdm_op_SpecPipeline"/></StgValue>
</bind>
</comp>

<comp id="58" class="1001" name="const_58">
<pin_list>
<pin id="59" dir="1" index="0" bw="1" slack="2147483647"/>
</pin_list>
<bind>
<StgValue><ssdm name=""/></StgValue>
</bind>
</comp>

<comp id="60" class="1001" name="const_60">
<pin_list>
<pin id="61" dir="1" index="0" bw="1" slack="0"/>
</pin_list>
<bind>
<StgValue><ssdm name=""/></StgValue>
</bind>
</comp>

<comp id="62" class="1001" name="const_62">
<pin_list>
<pin id="63" dir="1" index="0" bw="1" slack="2147483647"/>
</pin_list>
<bind>
<StgValue><ssdm name="empty_0"/></StgValue>
</bind>
</comp>

<comp id="64" class="1001" name="const_64">
<pin_list>
<pin id="65" dir="1" index="0" bw="1" slack="2147483647"/>
</pin_list>
<bind>
<StgValue><ssdm name=""/></StgValue>
</bind>
</comp>

<comp id="66" class="1001" name="const_66">
<pin_list>
<pin id="67" dir="1" index="0" bw="1" slack="2147483647"/>
</pin_list>
<bind>
<StgValue><ssdm name=""/></StgValue>
</bind>
</comp>

<comp id="68" class="1001" name="const_68">
<pin_list>
<pin id="69" dir="1" index="0" bw="1" slack="2147483647"/>
</pin_list>
<bind>
<StgValue><ssdm name=""/></StgValue>
</bind>
</comp>

<comp id="70" class="1001" name="const_70">
<pin_list>
<pin id="71" dir="1" index="0" bw="1" slack="2147483647"/>
</pin_list>
<bind>
<StgValue><ssdm name=""/></StgValue>
</bind>
</comp>

<comp id="72" class="1001" name="const_72">
<pin_list>
<pin id="73" dir="1" index="0" bw="1" slack="2147483647"/>
</pin_list>
<bind>
<StgValue><ssdm name=""/></StgValue>
</bind>
</comp>

<comp id="74" class="1001" name="const_74">
<pin_list>
<pin id="75" dir="1" index="0" bw="1" slack="2147483647"/>
</pin_list>
<bind>
<StgValue><ssdm name=""/></StgValue>
</bind>
</comp>

<comp id="76" class="1001" name="const_76">
<pin_list>
<pin id="77" dir="1" index="0" bw="1" slack="2147483647"/>
</pin_list>
<bind>
<StgValue><ssdm name=""/></StgValue>
</bind>
</comp>

<comp id="78" class="1001" name="const_78">
<pin_list>
<pin id="79" dir="1" index="0" bw="1" slack="2147483647"/>
</pin_list>
<bind>
<StgValue><ssdm name=""/></StgValue>
</bind>
</comp>

<comp id="80" class="1001" name="const_80">
<pin_list>
<pin id="81" dir="1" index="0" bw="1" slack="2147483647"/>
</pin_list>
<bind>
<StgValue><ssdm name=""/></StgValue>
</bind>
</comp>

<comp id="82" class="1001" name="const_82">
<pin_list>
<pin id="83" dir="1" index="0" bw="1" slack="2147483647"/>
</pin_list>
<bind>
<StgValue><ssdm name=""/></StgValue>
</bind>
</comp>

<comp id="84" class="1001" name="const_84">
<pin_list>
<pin id="85" dir="1" index="0" bw="1" slack="2147483647"/>
</pin_list>
<bind>
<StgValue><ssdm name=""/></StgValue>
</bind>
</comp>

<comp id="86" class="1001" name="const_86">
<pin_list>
<pin id="87" dir="1" index="0" bw="1" slack="2147483647"/>
</pin_list>
<bind>
<StgValue><ssdm name=""/></StgValue>
</bind>
</comp>

<comp id="88" class="1001" name="const_88">
<pin_list>
<pin id="89" dir="1" index="0" bw="1" slack="2147483647"/>
</pin_list>
<bind>
<StgValue><ssdm name=""/></StgValue>
</bind>
</comp>

<comp id="90" class="1001" name="const_90">
<pin_list>
<pin id="91" dir="1" index="0" bw="1" slack="2147483647"/>
</pin_list>
<bind>
<StgValue><ssdm name=""/></StgValue>
</bind>
</comp>

<comp id="92" class="1001" name="const_92">
<pin_list>
<pin id="93" dir="1" index="0" bw="1" slack="2147483647"/>
</pin_list>
<bind>
<StgValue><ssdm name=""/></StgValue>
</bind>
</comp>

<comp id="94" class="1004" name="j_fu_94">
<pin_list>
<pin id="95" dir="0" index="0" bw="1" slack="0"/>
<pin id="96" dir="1" index="1" bw="5" slack="0"/>
</pin_list>
<bind>
<opcode="alloca(26) " fcode="alloca"/>
<opset="j/1 "/>
</bind>
</comp>

<comp id="98" class="1004" name="i_fu_98">
<pin_list>
<pin id="99" dir="0" index="0" bw="1" slack="0"/>
<pin id="100" dir="1" index="1" bw="5" slack="0"/>
</pin_list>
<bind>
<opcode="alloca(26) " fcode="alloca"/>
<opset="i/1 "/>
</bind>
</comp>

<comp id="102" class="1004" name="indvar_flatten_fu_102">
<pin_list>
<pin id="103" dir="0" index="0" bw="1" slack="0"/>
<pin id="104" dir="1" index="1" bw="9" slack="0"/>
</pin_list>
<bind>
<opcode="alloca(26) " fcode="alloca"/>
<opset="indvar_flatten/1 "/>
</bind>
</comp>

<comp id="106" class="1004" name="tC_addr_gep_fu_106">
<pin_list>
<pin id="107" dir="0" index="0" bw="32" slack="0"/>
<pin id="108" dir="0" index="1" bw="1" slack="0"/>
<pin id="109" dir="0" index="2" bw="5" slack="0"/>
<pin id="110" dir="1" index="3" bw="4" slack="0"/>
</pin_list>
<bind>
<opcode="getelementptr(29) " fcode="getelementptr"/>
<opset="tC_addr/1 "/>
</bind>
</comp>

<comp id="113" class="1004" name="tC_1_addr_gep_fu_113">
<pin_list>
<pin id="114" dir="0" index="0" bw="32" slack="0"/>
<pin id="115" dir="0" index="1" bw="1" slack="0"/>
<pin id="116" dir="0" index="2" bw="5" slack="0"/>
<pin id="117" dir="1" index="3" bw="4" slack="0"/>
</pin_list>
<bind>
<opcode="getelementptr(29) " fcode="getelementptr"/>
<opset="tC_1_addr/1 "/>
</bind>
</comp>

<comp id="120" class="1004" name="tC_2_addr_gep_fu_120">
<pin_list>
<pin id="121" dir="0" index="0" bw="32" slack="0"/>
<pin id="122" dir="0" index="1" bw="1" slack="0"/>
<pin id="123" dir="0" index="2" bw="5" slack="0"/>
<pin id="124" dir="1" index="3" bw="4" slack="0"/>
</pin_list>
<bind>
<opcode="getelementptr(29) " fcode="getelementptr"/>
<opset="tC_2_addr/1 "/>
</bind>
</comp>

<comp id="127" class="1004" name="tC_3_addr_gep_fu_127">
<pin_list>
<pin id="128" dir="0" index="0" bw="32" slack="0"/>
<pin id="129" dir="0" index="1" bw="1" slack="0"/>
<pin id="130" dir="0" index="2" bw="5" slack="0"/>
<pin id="131" dir="1" index="3" bw="4" slack="0"/>
</pin_list>
<bind>
<opcode="getelementptr(29) " fcode="getelementptr"/>
<opset="tC_3_addr/1 "/>
</bind>
</comp>

<comp id="134" class="1004" name="tC_4_addr_gep_fu_134">
<pin_list>
<pin id="135" dir="0" index="0" bw="32" slack="0"/>
<pin id="136" dir="0" index="1" bw="1" slack="0"/>
<pin id="137" dir="0" index="2" bw="5" slack="0"/>
<pin id="138" dir="1" index="3" bw="4" slack="0"/>
</pin_list>
<bind>
<opcode="getelementptr(29) " fcode="getelementptr"/>
<opset="tC_4_addr/1 "/>
</bind>
</comp>

<comp id="141" class="1004" name="tC_5_addr_gep_fu_141">
<pin_list>
<pin id="142" dir="0" index="0" bw="32" slack="0"/>
<pin id="143" dir="0" index="1" bw="1" slack="0"/>
<pin id="144" dir="0" index="2" bw="5" slack="0"/>
<pin id="145" dir="1" index="3" bw="4" slack="0"/>
</pin_list>
<bind>
<opcode="getelementptr(29) " fcode="getelementptr"/>
<opset="tC_5_addr/1 "/>
</bind>
</comp>

<comp id="148" class="1004" name="tC_6_addr_gep_fu_148">
<pin_list>
<pin id="149" dir="0" index="0" bw="32" slack="0"/>
<pin id="150" dir="0" index="1" bw="1" slack="0"/>
<pin id="151" dir="0" index="2" bw="5" slack="0"/>
<pin id="152" dir="1" index="3" bw="4" slack="0"/>
</pin_list>
<bind>
<opcode="getelementptr(29) " fcode="getelementptr"/>
<opset="tC_6_addr/1 "/>
</bind>
</comp>

<comp id="155" class="1004" name="tC_7_addr_gep_fu_155">
<pin_list>
<pin id="156" dir="0" index="0" bw="32" slack="0"/>
<pin id="157" dir="0" index="1" bw="1" slack="0"/>
<pin id="158" dir="0" index="2" bw="5" slack="0"/>
<pin id="159" dir="1" index="3" bw="4" slack="0"/>
</pin_list>
<bind>
<opcode="getelementptr(29) " fcode="getelementptr"/>
<opset="tC_7_addr/1 "/>
</bind>
</comp>

<comp id="162" class="1004" name="tC_8_addr_gep_fu_162">
<pin_list>
<pin id="163" dir="0" index="0" bw="32" slack="0"/>
<pin id="164" dir="0" index="1" bw="1" slack="0"/>
<pin id="165" dir="0" index="2" bw="5" slack="0"/>
<pin id="166" dir="1" index="3" bw="4" slack="0"/>
</pin_list>
<bind>
<opcode="getelementptr(29) " fcode="getelementptr"/>
<opset="tC_8_addr/1 "/>
</bind>
</comp>

<comp id="169" class="1004" name="tC_9_addr_gep_fu_169">
<pin_list>
<pin id="170" dir="0" index="0" bw="32" slack="0"/>
<pin id="171" dir="0" index="1" bw="1" slack="0"/>
<pin id="172" dir="0" index="2" bw="5" slack="0"/>
<pin id="173" dir="1" index="3" bw="4" slack="0"/>
</pin_list>
<bind>
<opcode="getelementptr(29) " fcode="getelementptr"/>
<opset="tC_9_addr/1 "/>
</bind>
</comp>

<comp id="176" class="1004" name="tC_10_addr_gep_fu_176">
<pin_list>
<pin id="177" dir="0" index="0" bw="32" slack="0"/>
<pin id="178" dir="0" index="1" bw="1" slack="0"/>
<pin id="179" dir="0" index="2" bw="5" slack="0"/>
<pin id="180" dir="1" index="3" bw="4" slack="0"/>
</pin_list>
<bind>
<opcode="getelementptr(29) " fcode="getelementptr"/>
<opset="tC_10_addr/1 "/>
</bind>
</comp>

<comp id="183" class="1004" name="tC_11_addr_gep_fu_183">
<pin_list>
<pin id="184" dir="0" index="0" bw="32" slack="0"/>
<pin id="185" dir="0" index="1" bw="1" slack="0"/>
<pin id="186" dir="0" index="2" bw="5" slack="0"/>
<pin id="187" dir="1" index="3" bw="4" slack="0"/>
</pin_list>
<bind>
<opcode="getelementptr(29) " fcode="getelementptr"/>
<opset="tC_11_addr/1 "/>
</bind>
</comp>

<comp id="190" class="1004" name="tC_12_addr_gep_fu_190">
<pin_list>
<pin id="191" dir="0" index="0" bw="32" slack="0"/>
<pin id="192" dir="0" index="1" bw="1" slack="0"/>
<pin id="193" dir="0" index="2" bw="5" slack="0"/>
<pin id="194" dir="1" index="3" bw="4" slack="0"/>
</pin_list>
<bind>
<opcode="getelementptr(29) " fcode="getelementptr"/>
<opset="tC_12_addr/1 "/>
</bind>
</comp>

<comp id="197" class="1004" name="tC_13_addr_gep_fu_197">
<pin_list>
<pin id="198" dir="0" index="0" bw="32" slack="0"/>
<pin id="199" dir="0" index="1" bw="1" slack="0"/>
<pin id="200" dir="0" index="2" bw="5" slack="0"/>
<pin id="201" dir="1" index="3" bw="4" slack="0"/>
</pin_list>
<bind>
<opcode="getelementptr(29) " fcode="getelementptr"/>
<opset="tC_13_addr/1 "/>
</bind>
</comp>

<comp id="204" class="1004" name="tC_14_addr_gep_fu_204">
<pin_list>
<pin id="205" dir="0" index="0" bw="32" slack="0"/>
<pin id="206" dir="0" index="1" bw="1" slack="0"/>
<pin id="207" dir="0" index="2" bw="5" slack="0"/>
<pin id="208" dir="1" index="3" bw="4" slack="0"/>
</pin_list>
<bind>
<opcode="getelementptr(29) " fcode="getelementptr"/>
<opset="tC_14_addr/1 "/>
</bind>
</comp>

<comp id="211" class="1004" name="tC_15_addr_gep_fu_211">
<pin_list>
<pin id="212" dir="0" index="0" bw="32" slack="0"/>
<pin id="213" dir="0" index="1" bw="1" slack="0"/>
<pin id="214" dir="0" index="2" bw="5" slack="0"/>
<pin id="215" dir="1" index="3" bw="4" slack="0"/>
</pin_list>
<bind>
<opcode="getelementptr(29) " fcode="getelementptr"/>
<opset="tC_15_addr/1 "/>
</bind>
</comp>

<comp id="218" class="1004" name="store_ln23_access_fu_218">
<pin_list>
<pin id="219" dir="0" index="0" bw="4" slack="0"/>
<pin id="220" dir="0" index="1" bw="32" slack="0"/>
<pin id="221" dir="0" index="2" bw="0" slack="2147483647"/>
<pin id="222" dir="1" index="3" bw="32" slack="2147483647"/>
</pin_list>
<bind>
<opcode="store(28) " fcode="store"/>
<opset="store_ln23/1 "/>
</bind>
</comp>

<comp id="225" class="1004" name="store_ln23_access_fu_225">
<pin_list>
<pin id="226" dir="0" index="0" bw="4" slack="0"/>
<pin id="227" dir="0" index="1" bw="32" slack="0"/>
<pin id="228" dir="0" index="2" bw="0" slack="2147483647"/>
<pin id="229" dir="1" index="3" bw="32" slack="2147483647"/>
</pin_list>
<bind>
<opcode="store(28) " fcode="store"/>
<opset="store_ln23/1 "/>
</bind>
</comp>

<comp id="232" class="1004" name="store_ln23_access_fu_232">
<pin_list>
<pin id="233" dir="0" index="0" bw="4" slack="0"/>
<pin id="234" dir="0" index="1" bw="32" slack="0"/>
<pin id="235" dir="0" index="2" bw="0" slack="2147483647"/>
<pin id="236" dir="1" index="3" bw="32" slack="2147483647"/>
</pin_list>
<bind>
<opcode="store(28) " fcode="store"/>
<opset="store_ln23/1 "/>
</bind>
</comp>

<comp id="239" class="1004" name="store_ln23_access_fu_239">
<pin_list>
<pin id="240" dir="0" index="0" bw="4" slack="0"/>
<pin id="241" dir="0" index="1" bw="32" slack="0"/>
<pin id="242" dir="0" index="2" bw="0" slack="2147483647"/>
<pin id="243" dir="1" index="3" bw="32" slack="2147483647"/>
</pin_list>
<bind>
<opcode="store(28) " fcode="store"/>
<opset="store_ln23/1 "/>
</bind>
</comp>

<comp id="246" class="1004" name="store_ln23_access_fu_246">
<pin_list>
<pin id="247" dir="0" index="0" bw="4" slack="0"/>
<pin id="248" dir="0" index="1" bw="32" slack="0"/>
<pin id="249" dir="0" index="2" bw="0" slack="2147483647"/>
<pin id="250" dir="1" index="3" bw="32" slack="2147483647"/>
</pin_list>
<bind>
<opcode="store(28) " fcode="store"/>
<opset="store_ln23/1 "/>
</bind>
</comp>

<comp id="253" class="1004" name="store_ln23_access_fu_253">
<pin_list>
<pin id="254" dir="0" index="0" bw="4" slack="0"/>
<pin id="255" dir="0" index="1" bw="32" slack="0"/>
<pin id="256" dir="0" index="2" bw="0" slack="2147483647"/>
<pin id="257" dir="1" index="3" bw="32" slack="2147483647"/>
</pin_list>
<bind>
<opcode="store(28) " fcode="store"/>
<opset="store_ln23/1 "/>
</bind>
</comp>

<comp id="260" class="1004" name="store_ln23_access_fu_260">
<pin_list>
<pin id="261" dir="0" index="0" bw="4" slack="0"/>
<pin id="262" dir="0" index="1" bw="32" slack="0"/>
<pin id="263" dir="0" index="2" bw="0" slack="2147483647"/>
<pin id="264" dir="1" index="3" bw="32" slack="2147483647"/>
</pin_list>
<bind>
<opcode="store(28) " fcode="store"/>
<opset="store_ln23/1 "/>
</bind>
</comp>

<comp id="267" class="1004" name="store_ln23_access_fu_267">
<pin_list>
<pin id="268" dir="0" index="0" bw="4" slack="0"/>
<pin id="269" dir="0" index="1" bw="32" slack="0"/>
<pin id="270" dir="0" index="2" bw="0" slack="2147483647"/>
<pin id="271" dir="1" index="3" bw="32" slack="2147483647"/>
</pin_list>
<bind>
<opcode="store(28) " fcode="store"/>
<opset="store_ln23/1 "/>
</bind>
</comp>

<comp id="274" class="1004" name="store_ln23_access_fu_274">
<pin_list>
<pin id="275" dir="0" index="0" bw="4" slack="0"/>
<pin id="276" dir="0" index="1" bw="32" slack="0"/>
<pin id="277" dir="0" index="2" bw="0" slack="2147483647"/>
<pin id="278" dir="1" index="3" bw="32" slack="2147483647"/>
</pin_list>
<bind>
<opcode="store(28) " fcode="store"/>
<opset="store_ln23/1 "/>
</bind>
</comp>

<comp id="281" class="1004" name="store_ln23_access_fu_281">
<pin_list>
<pin id="282" dir="0" index="0" bw="4" slack="0"/>
<pin id="283" dir="0" index="1" bw="32" slack="0"/>
<pin id="284" dir="0" index="2" bw="0" slack="2147483647"/>
<pin id="285" dir="1" index="3" bw="32" slack="2147483647"/>
</pin_list>
<bind>
<opcode="store(28) " fcode="store"/>
<opset="store_ln23/1 "/>
</bind>
</comp>

<comp id="288" class="1004" name="store_ln23_access_fu_288">
<pin_list>
<pin id="289" dir="0" index="0" bw="4" slack="0"/>
<pin id="290" dir="0" index="1" bw="32" slack="0"/>
<pin id="291" dir="0" index="2" bw="0" slack="2147483647"/>
<pin id="292" dir="1" index="3" bw="32" slack="2147483647"/>
</pin_list>
<bind>
<opcode="store(28) " fcode="store"/>
<opset="store_ln23/1 "/>
</bind>
</comp>

<comp id="295" class="1004" name="store_ln23_access_fu_295">
<pin_list>
<pin id="296" dir="0" index="0" bw="4" slack="0"/>
<pin id="297" dir="0" index="1" bw="32" slack="0"/>
<pin id="298" dir="0" index="2" bw="0" slack="2147483647"/>
<pin id="299" dir="1" index="3" bw="32" slack="2147483647"/>
</pin_list>
<bind>
<opcode="store(28) " fcode="store"/>
<opset="store_ln23/1 "/>
</bind>
</comp>

<comp id="302" class="1004" name="store_ln23_access_fu_302">
<pin_list>
<pin id="303" dir="0" index="0" bw="4" slack="0"/>
<pin id="304" dir="0" index="1" bw="32" slack="0"/>
<pin id="305" dir="0" index="2" bw="0" slack="2147483647"/>
<pin id="306" dir="1" index="3" bw="32" slack="2147483647"/>
</pin_list>
<bind>
<opcode="store(28) " fcode="store"/>
<opset="store_ln23/1 "/>
</bind>
</comp>

<comp id="309" class="1004" name="store_ln23_access_fu_309">
<pin_list>
<pin id="310" dir="0" index="0" bw="4" slack="0"/>
<pin id="311" dir="0" index="1" bw="32" slack="0"/>
<pin id="312" dir="0" index="2" bw="0" slack="2147483647"/>
<pin id="313" dir="1" index="3" bw="32" slack="2147483647"/>
</pin_list>
<bind>
<opcode="store(28) " fcode="store"/>
<opset="store_ln23/1 "/>
</bind>
</comp>

<comp id="316" class="1004" name="store_ln23_access_fu_316">
<pin_list>
<pin id="317" dir="0" index="0" bw="4" slack="0"/>
<pin id="318" dir="0" index="1" bw="32" slack="0"/>
<pin id="319" dir="0" index="2" bw="0" slack="2147483647"/>
<pin id="320" dir="1" index="3" bw="32" slack="2147483647"/>
</pin_list>
<bind>
<opcode="store(28) " fcode="store"/>
<opset="store_ln23/1 "/>
</bind>
</comp>

<comp id="323" class="1004" name="store_ln23_access_fu_323">
<pin_list>
<pin id="324" dir="0" index="0" bw="4" slack="0"/>
<pin id="325" dir="0" index="1" bw="32" slack="0"/>
<pin id="326" dir="0" index="2" bw="0" slack="2147483647"/>
<pin id="327" dir="1" index="3" bw="32" slack="2147483647"/>
</pin_list>
<bind>
<opcode="store(28) " fcode="store"/>
<opset="store_ln23/1 "/>
</bind>
</comp>

<comp id="330" class="1004" name="store_ln0_store_fu_330">
<pin_list>
<pin id="331" dir="0" index="0" bw="1" slack="0"/>
<pin id="332" dir="0" index="1" bw="9" slack="0"/>
<pin id="333" dir="1" index="2" bw="0" slack="2147483647"/>
</pin_list>
<bind>
<opcode="store(28) " fcode="store"/>
<opset="store_ln0/1 "/>
</bind>
</comp>

<comp id="335" class="1004" name="store_ln21_store_fu_335">
<pin_list>
<pin id="336" dir="0" index="0" bw="1" slack="0"/>
<pin id="337" dir="0" index="1" bw="5" slack="0"/>
<pin id="338" dir="1" index="2" bw="0" slack="2147483647"/>
</pin_list>
<bind>
<opcode="store(28) " fcode="store"/>
<opset="store_ln21/1 "/>
</bind>
</comp>

<comp id="340" class="1004" name="store_ln22_store_fu_340">
<pin_list>
<pin id="341" dir="0" index="0" bw="1" slack="0"/>
<pin id="342" dir="0" index="1" bw="5" slack="0"/>
<pin id="343" dir="1" index="2" bw="0" slack="2147483647"/>
</pin_list>
<bind>
<opcode="store(28) " fcode="store"/>
<opset="store_ln22/1 "/>
</bind>
</comp>

<comp id="345" class="1004" name="indvar_flatten_load_load_fu_345">
<pin_list>
<pin id="346" dir="0" index="0" bw="9" slack="0"/>
<pin id="347" dir="1" index="1" bw="9" slack="0"/>
</pin_list>
<bind>
<opcode="load(27) " fcode="load"/>
<opset="indvar_flatten_load/1 "/>
</bind>
</comp>

<comp id="348" class="1004" name="icmp_ln21_fu_348">
<pin_list>
<pin id="349" dir="0" index="0" bw="9" slack="0"/>
<pin id="350" dir="0" index="1" bw="9" slack="0"/>
<pin id="351" dir="1" index="2" bw="1" slack="2147483647"/>
</pin_list>
<bind>
<opcode="icmp(45) " fcode="icmp"/>
<opset="icmp_ln21/1 "/>
</bind>
</comp>

<comp id="354" class="1004" name="add_ln21_fu_354">
<pin_list>
<pin id="355" dir="0" index="0" bw="9" slack="0"/>
<pin id="356" dir="0" index="1" bw="1" slack="0"/>
<pin id="357" dir="1" index="2" bw="9" slack="0"/>
</pin_list>
<bind>
<opcode="add(8) " fcode="add"/>
<opset="add_ln21/1 "/>
</bind>
</comp>

<comp id="360" class="1004" name="j_load_load_fu_360">
<pin_list>
<pin id="361" dir="0" index="0" bw="5" slack="0"/>
<pin id="362" dir="1" index="1" bw="5" slack="0"/>
</pin_list>
<bind>
<opcode="load(27) " fcode="load"/>
<opset="j_load/1 "/>
</bind>
</comp>

<comp id="363" class="1004" name="i_load_load_fu_363">
<pin_list>
<pin id="364" dir="0" index="0" bw="5" slack="0"/>
<pin id="365" dir="1" index="1" bw="5" slack="0"/>
</pin_list>
<bind>
<opcode="load(27) " fcode="load"/>
<opset="i_load/1 "/>
</bind>
</comp>

<comp id="366" class="1004" name="icmp_ln22_fu_366">
<pin_list>
<pin id="367" dir="0" index="0" bw="5" slack="0"/>
<pin id="368" dir="0" index="1" bw="5" slack="0"/>
<pin id="369" dir="1" index="2" bw="1" slack="0"/>
</pin_list>
<bind>
<opcode="icmp(45) " fcode="icmp"/>
<opset="icmp_ln22/1 "/>
</bind>
</comp>

<comp id="372" class="1004" name="select_ln21_fu_372">
<pin_list>
<pin id="373" dir="0" index="0" bw="1" slack="0"/>
<pin id="374" dir="0" index="1" bw="5" slack="0"/>
<pin id="375" dir="0" index="2" bw="5" slack="0"/>
<pin id="376" dir="1" index="3" bw="5" slack="0"/>
</pin_list>
<bind>
<opcode="select(49) " fcode="select"/>
<opset="select_ln21/1 "/>
</bind>
</comp>

<comp id="380" class="1004" name="add_ln21_1_fu_380">
<pin_list>
<pin id="381" dir="0" index="0" bw="5" slack="0"/>
<pin id="382" dir="0" index="1" bw="1" slack="0"/>
<pin id="383" dir="1" index="2" bw="5" slack="0"/>
</pin_list>
<bind>
<opcode="add(8) " fcode="add"/>
<opset="add_ln21_1/1 "/>
</bind>
</comp>

<comp id="386" class="1004" name="select_ln21_1_fu_386">
<pin_list>
<pin id="387" dir="0" index="0" bw="1" slack="0"/>
<pin id="388" dir="0" index="1" bw="5" slack="0"/>
<pin id="389" dir="0" index="2" bw="5" slack="0"/>
<pin id="390" dir="1" index="3" bw="5" slack="0"/>
</pin_list>
<bind>
<opcode="select(49) " fcode="select"/>
<opset="select_ln21_1/1 "/>
</bind>
</comp>

<comp id="394" class="1004" name="zext_ln21_fu_394">
<pin_list>
<pin id="395" dir="0" index="0" bw="5" slack="0"/>
<pin id="396" dir="1" index="1" bw="64" slack="0"/>
</pin_list>
<bind>
<opcode="zext(34) " fcode="zext"/>
<opset="zext_ln21/1 "/>
</bind>
</comp>

<comp id="414" class="1004" name="trunc_ln22_fu_414">
<pin_list>
<pin id="415" dir="0" index="0" bw="5" slack="0"/>
<pin id="416" dir="1" index="1" bw="4" slack="2147483647"/>
</pin_list>
<bind>
<opcode="trunc(33) " fcode="trunc"/>
<opset="trunc_ln22/1 "/>
</bind>
</comp>

<comp id="418" class="1004" name="add_ln22_fu_418">
<pin_list>
<pin id="419" dir="0" index="0" bw="5" slack="0"/>
<pin id="420" dir="0" index="1" bw="1" slack="0"/>
<pin id="421" dir="1" index="2" bw="5" slack="0"/>
</pin_list>
<bind>
<opcode="add(8) " fcode="add"/>
<opset="add_ln22/1 "/>
</bind>
</comp>

<comp id="424" class="1004" name="store_ln21_store_fu_424">
<pin_list>
<pin id="425" dir="0" index="0" bw="9" slack="0"/>
<pin id="426" dir="0" index="1" bw="9" slack="0"/>
<pin id="427" dir="1" index="2" bw="0" slack="2147483647"/>
</pin_list>
<bind>
<opcode="store(28) " fcode="store"/>
<opset="store_ln21/1 "/>
</bind>
</comp>

<comp id="429" class="1004" name="store_ln21_store_fu_429">
<pin_list>
<pin id="430" dir="0" index="0" bw="5" slack="0"/>
<pin id="431" dir="0" index="1" bw="5" slack="0"/>
<pin id="432" dir="1" index="2" bw="0" slack="2147483647"/>
</pin_list>
<bind>
<opcode="store(28) " fcode="store"/>
<opset="store_ln21/1 "/>
</bind>
</comp>

<comp id="434" class="1004" name="store_ln22_store_fu_434">
<pin_list>
<pin id="435" dir="0" index="0" bw="5" slack="0"/>
<pin id="436" dir="0" index="1" bw="5" slack="0"/>
<pin id="437" dir="1" index="2" bw="0" slack="2147483647"/>
</pin_list>
<bind>
<opcode="store(28) " fcode="store"/>
<opset="store_ln22/1 "/>
</bind>
</comp>

<comp id="439" class="1005" name="j_reg_439">
<pin_list>
<pin id="440" dir="0" index="0" bw="5" slack="0"/>
<pin id="441" dir="1" index="1" bw="5" slack="0"/>
</pin_list>
<bind>
<opset="j "/>
</bind>
</comp>

<comp id="446" class="1005" name="i_reg_446">
<pin_list>
<pin id="447" dir="0" index="0" bw="5" slack="0"/>
<pin id="448" dir="1" index="1" bw="5" slack="0"/>
</pin_list>
<bind>
<opset="i "/>
</bind>
</comp>

<comp id="453" class="1005" name="indvar_flatten_reg_453">
<pin_list>
<pin id="454" dir="0" index="0" bw="9" slack="0"/>
<pin id="455" dir="1" index="1" bw="9" slack="0"/>
</pin_list>
<bind>
<opset="indvar_flatten "/>
</bind>
</comp>

</comp_list>

<net_list>
<net id="97"><net_src comp="32" pin="0"/><net_sink comp="94" pin=0"/></net>

<net id="101"><net_src comp="32" pin="0"/><net_sink comp="98" pin=0"/></net>

<net id="105"><net_src comp="32" pin="0"/><net_sink comp="102" pin=0"/></net>

<net id="111"><net_src comp="0" pin="0"/><net_sink comp="106" pin=0"/></net>

<net id="112"><net_src comp="54" pin="0"/><net_sink comp="106" pin=1"/></net>

<net id="118"><net_src comp="2" pin="0"/><net_sink comp="113" pin=0"/></net>

<net id="119"><net_src comp="54" pin="0"/><net_sink comp="113" pin=1"/></net>

<net id="125"><net_src comp="4" pin="0"/><net_sink comp="120" pin=0"/></net>

<net id="126"><net_src comp="54" pin="0"/><net_sink comp="120" pin=1"/></net>

<net id="132"><net_src comp="6" pin="0"/><net_sink comp="127" pin=0"/></net>

<net id="133"><net_src comp="54" pin="0"/><net_sink comp="127" pin=1"/></net>

<net id="139"><net_src comp="8" pin="0"/><net_sink comp="134" pin=0"/></net>

<net id="140"><net_src comp="54" pin="0"/><net_sink comp="134" pin=1"/></net>

<net id="146"><net_src comp="10" pin="0"/><net_sink comp="141" pin=0"/></net>

<net id="147"><net_src comp="54" pin="0"/><net_sink comp="141" pin=1"/></net>

<net id="153"><net_src comp="12" pin="0"/><net_sink comp="148" pin=0"/></net>

<net id="154"><net_src comp="54" pin="0"/><net_sink comp="148" pin=1"/></net>

<net id="160"><net_src comp="14" pin="0"/><net_sink comp="155" pin=0"/></net>

<net id="161"><net_src comp="54" pin="0"/><net_sink comp="155" pin=1"/></net>

<net id="167"><net_src comp="16" pin="0"/><net_sink comp="162" pin=0"/></net>

<net id="168"><net_src comp="54" pin="0"/><net_sink comp="162" pin=1"/></net>

<net id="174"><net_src comp="18" pin="0"/><net_sink comp="169" pin=0"/></net>

<net id="175"><net_src comp="54" pin="0"/><net_sink comp="169" pin=1"/></net>

<net id="181"><net_src comp="20" pin="0"/><net_sink comp="176" pin=0"/></net>

<net id="182"><net_src comp="54" pin="0"/><net_sink comp="176" pin=1"/></net>

<net id="188"><net_src comp="22" pin="0"/><net_sink comp="183" pin=0"/></net>

<net id="189"><net_src comp="54" pin="0"/><net_sink comp="183" pin=1"/></net>

<net id="195"><net_src comp="24" pin="0"/><net_sink comp="190" pin=0"/></net>

<net id="196"><net_src comp="54" pin="0"/><net_sink comp="190" pin=1"/></net>

<net id="202"><net_src comp="26" pin="0"/><net_sink comp="197" pin=0"/></net>

<net id="203"><net_src comp="54" pin="0"/><net_sink comp="197" pin=1"/></net>

<net id="209"><net_src comp="28" pin="0"/><net_sink comp="204" pin=0"/></net>

<net id="210"><net_src comp="54" pin="0"/><net_sink comp="204" pin=1"/></net>

<net id="216"><net_src comp="30" pin="0"/><net_sink comp="211" pin=0"/></net>

<net id="217"><net_src comp="54" pin="0"/><net_sink comp="211" pin=1"/></net>

<net id="223"><net_src comp="60" pin="0"/><net_sink comp="218" pin=1"/></net>

<net id="224"><net_src comp="204" pin="3"/><net_sink comp="218" pin=0"/></net>

<net id="230"><net_src comp="60" pin="0"/><net_sink comp="225" pin=1"/></net>

<net id="231"><net_src comp="197" pin="3"/><net_sink comp="225" pin=0"/></net>

<net id="237"><net_src comp="60" pin="0"/><net_sink comp="232" pin=1"/></net>

<net id="238"><net_src comp="190" pin="3"/><net_sink comp="232" pin=0"/></net>

<net id="244"><net_src comp="60" pin="0"/><net_sink comp="239" pin=1"/></net>

<net id="245"><net_src comp="183" pin="3"/><net_sink comp="239" pin=0"/></net>

<net id="251"><net_src comp="60" pin="0"/><net_sink comp="246" pin=1"/></net>

<net id="252"><net_src comp="176" pin="3"/><net_sink comp="246" pin=0"/></net>

<net id="258"><net_src comp="60" pin="0"/><net_sink comp="253" pin=1"/></net>

<net id="259"><net_src comp="169" pin="3"/><net_sink comp="253" pin=0"/></net>

<net id="265"><net_src comp="60" pin="0"/><net_sink comp="260" pin=1"/></net>

<net id="266"><net_src comp="162" pin="3"/><net_sink comp="260" pin=0"/></net>

<net id="272"><net_src comp="60" pin="0"/><net_sink comp="267" pin=1"/></net>

<net id="273"><net_src comp="155" pin="3"/><net_sink comp="267" pin=0"/></net>

<net id="279"><net_src comp="60" pin="0"/><net_sink comp="274" pin=1"/></net>

<net id="280"><net_src comp="148" pin="3"/><net_sink comp="274" pin=0"/></net>

<net id="286"><net_src comp="60" pin="0"/><net_sink comp="281" pin=1"/></net>

<net id="287"><net_src comp="141" pin="3"/><net_sink comp="281" pin=0"/></net>

<net id="293"><net_src comp="60" pin="0"/><net_sink comp="288" pin=1"/></net>

<net id="294"><net_src comp="134" pin="3"/><net_sink comp="288" pin=0"/></net>

<net id="300"><net_src comp="60" pin="0"/><net_sink comp="295" pin=1"/></net>

<net id="301"><net_src comp="127" pin="3"/><net_sink comp="295" pin=0"/></net>

<net id="307"><net_src comp="60" pin="0"/><net_sink comp="302" pin=1"/></net>

<net id="308"><net_src comp="120" pin="3"/><net_sink comp="302" pin=0"/></net>

<net id="314"><net_src comp="60" pin="0"/><net_sink comp="309" pin=1"/></net>

<net id="315"><net_src comp="113" pin="3"/><net_sink comp="309" pin=0"/></net>

<net id="321"><net_src comp="60" pin="0"/><net_sink comp="316" pin=1"/></net>

<net id="322"><net_src comp="106" pin="3"/><net_sink comp="316" pin=0"/></net>

<net id="328"><net_src comp="60" pin="0"/><net_sink comp="323" pin=1"/></net>

<net id="329"><net_src comp="211" pin="3"/><net_sink comp="323" pin=0"/></net>

<net id="334"><net_src comp="34" pin="0"/><net_sink comp="330" pin=0"/></net>

<net id="339"><net_src comp="36" pin="0"/><net_sink comp="335" pin=0"/></net>

<net id="344"><net_src comp="36" pin="0"/><net_sink comp="340" pin=0"/></net>

<net id="352"><net_src comp="345" pin="1"/><net_sink comp="348" pin=0"/></net>

<net id="353"><net_src comp="38" pin="0"/><net_sink comp="348" pin=1"/></net>

<net id="358"><net_src comp="345" pin="1"/><net_sink comp="354" pin=0"/></net>

<net id="359"><net_src comp="40" pin="0"/><net_sink comp="354" pin=1"/></net>

<net id="370"><net_src comp="360" pin="1"/><net_sink comp="366" pin=0"/></net>

<net id="371"><net_src comp="50" pin="0"/><net_sink comp="366" pin=1"/></net>

<net id="377"><net_src comp="366" pin="2"/><net_sink comp="372" pin=0"/></net>

<net id="378"><net_src comp="36" pin="0"/><net_sink comp="372" pin=1"/></net>

<net id="379"><net_src comp="360" pin="1"/><net_sink comp="372" pin=2"/></net>

<net id="384"><net_src comp="363" pin="1"/><net_sink comp="380" pin=0"/></net>

<net id="385"><net_src comp="52" pin="0"/><net_sink comp="380" pin=1"/></net>

<net id="391"><net_src comp="366" pin="2"/><net_sink comp="386" pin=0"/></net>

<net id="392"><net_src comp="380" pin="2"/><net_sink comp="386" pin=1"/></net>

<net id="393"><net_src comp="363" pin="1"/><net_sink comp="386" pin=2"/></net>

<net id="397"><net_src comp="386" pin="3"/><net_sink comp="394" pin=0"/></net>

<net id="398"><net_src comp="394" pin="1"/><net_sink comp="106" pin=2"/></net>

<net id="399"><net_src comp="394" pin="1"/><net_sink comp="113" pin=2"/></net>

<net id="400"><net_src comp="394" pin="1"/><net_sink comp="120" pin=2"/></net>

<net id="401"><net_src comp="394" pin="1"/><net_sink comp="127" pin=2"/></net>

<net id="402"><net_src comp="394" pin="1"/><net_sink comp="134" pin=2"/></net>

<net id="403"><net_src comp="394" pin="1"/><net_sink comp="141" pin=2"/></net>

<net id="404"><net_src comp="394" pin="1"/><net_sink comp="148" pin=2"/></net>

<net id="405"><net_src comp="394" pin="1"/><net_sink comp="155" pin=2"/></net>

<net id="406"><net_src comp="394" pin="1"/><net_sink comp="162" pin=2"/></net>

<net id="407"><net_src comp="394" pin="1"/><net_sink comp="169" pin=2"/></net>

<net id="408"><net_src comp="394" pin="1"/><net_sink comp="176" pin=2"/></net>

<net id="409"><net_src comp="394" pin="1"/><net_sink comp="183" pin=2"/></net>

<net id="410"><net_src comp="394" pin="1"/><net_sink comp="190" pin=2"/></net>

<net id="411"><net_src comp="394" pin="1"/><net_sink comp="197" pin=2"/></net>

<net id="412"><net_src comp="394" pin="1"/><net_sink comp="204" pin=2"/></net>

<net id="413"><net_src comp="394" pin="1"/><net_sink comp="211" pin=2"/></net>

<net id="417"><net_src comp="372" pin="3"/><net_sink comp="414" pin=0"/></net>

<net id="422"><net_src comp="372" pin="3"/><net_sink comp="418" pin=0"/></net>

<net id="423"><net_src comp="52" pin="0"/><net_sink comp="418" pin=1"/></net>

<net id="428"><net_src comp="354" pin="2"/><net_sink comp="424" pin=0"/></net>

<net id="433"><net_src comp="386" pin="3"/><net_sink comp="429" pin=0"/></net>

<net id="438"><net_src comp="418" pin="2"/><net_sink comp="434" pin=0"/></net>

<net id="442"><net_src comp="94" pin="1"/><net_sink comp="439" pin=0"/></net>

<net id="443"><net_src comp="439" pin="1"/><net_sink comp="340" pin=1"/></net>

<net id="444"><net_src comp="439" pin="1"/><net_sink comp="360" pin=0"/></net>

<net id="445"><net_src comp="439" pin="1"/><net_sink comp="434" pin=1"/></net>

<net id="449"><net_src comp="98" pin="1"/><net_sink comp="446" pin=0"/></net>

<net id="450"><net_src comp="446" pin="1"/><net_sink comp="335" pin=1"/></net>

<net id="451"><net_src comp="446" pin="1"/><net_sink comp="363" pin=0"/></net>

<net id="452"><net_src comp="446" pin="1"/><net_sink comp="429" pin=1"/></net>

<net id="456"><net_src comp="102" pin="1"/><net_sink comp="453" pin=0"/></net>

<net id="457"><net_src comp="453" pin="1"/><net_sink comp="330" pin=1"/></net>

<net id="458"><net_src comp="453" pin="1"/><net_sink comp="345" pin=0"/></net>

<net id="459"><net_src comp="453" pin="1"/><net_sink comp="424" pin=1"/></net>

</net_list>

</model> 
---------------- Datapath Model END ------------------

* FSMD analyzer results:
  - Output states:
	Port: tC | {1 }
	Port: tC_1 | {1 }
	Port: tC_2 | {1 }
	Port: tC_3 | {1 }
	Port: tC_4 | {1 }
	Port: tC_5 | {1 }
	Port: tC_6 | {1 }
	Port: tC_7 | {1 }
	Port: tC_8 | {1 }
	Port: tC_9 | {1 }
	Port: tC_10 | {1 }
	Port: tC_11 | {1 }
	Port: tC_12 | {1 }
	Port: tC_13 | {1 }
	Port: tC_14 | {1 }
	Port: tC_15 | {1 }
 - Input state : 
  - Chain level:
	State 1
		store_ln0 : 1
		store_ln21 : 1
		store_ln22 : 1
		indvar_flatten_load : 1
		icmp_ln21 : 2
		add_ln21 : 2
		br_ln21 : 3
		j_load : 1
		i_load : 1
		icmp_ln22 : 2
		select_ln21 : 3
		add_ln21_1 : 2
		select_ln21_1 : 3
		zext_ln21 : 4
		tC_addr : 5
		tC_1_addr : 5
		tC_2_addr : 5
		tC_3_addr : 5
		tC_4_addr : 5
		tC_5_addr : 5
		tC_6_addr : 5
		tC_7_addr : 5
		tC_8_addr : 5
		tC_9_addr : 5
		tC_10_addr : 5
		tC_11_addr : 5
		tC_12_addr : 5
		tC_13_addr : 5
		tC_14_addr : 5
		tC_15_addr : 5
		trunc_ln22 : 4
		switch_ln23 : 5
		store_ln23 : 6
		store_ln23 : 6
		store_ln23 : 6
		store_ln23 : 6
		store_ln23 : 6
		store_ln23 : 6
		store_ln23 : 6
		store_ln23 : 6
		store_ln23 : 6
		store_ln23 : 6
		store_ln23 : 6
		store_ln23 : 6
		store_ln23 : 6
		store_ln23 : 6
		store_ln23 : 6
		store_ln23 : 6
		add_ln22 : 4
		store_ln21 : 3
		store_ln21 : 4
		store_ln22 : 5


============================================================
+ Verbose Summary: Datapath Resource usage 
============================================================

* Functional unit list:
|----------|----------------------|---------|---------|
| Operation|    Functional Unit   |    FF   |   LUT   |
|----------|----------------------|---------|---------|
|          |    add_ln21_fu_354   |    0    |    16   |
|    add   |   add_ln21_1_fu_380  |    0    |    12   |
|          |    add_ln22_fu_418   |    0    |    12   |
|----------|----------------------|---------|---------|
|   icmp   |   icmp_ln21_fu_348   |    0    |    16   |
|          |   icmp_ln22_fu_366   |    0    |    12   |
|----------|----------------------|---------|---------|
|  select  |  select_ln21_fu_372  |    0    |    5    |
|          | select_ln21_1_fu_386 |    0    |    5    |
|----------|----------------------|---------|---------|
|   zext   |   zext_ln21_fu_394   |    0    |    0    |
|----------|----------------------|---------|---------|
|   trunc  |   trunc_ln22_fu_414  |    0    |    0    |
|----------|----------------------|---------|---------|
|   Total  |                      |    0    |    78   |
|----------|----------------------|---------|---------|

Memories:
N/A

* Register list:
+----------------------+--------+
|                      |   FF   |
+----------------------+--------+
|       i_reg_446      |    5   |
|indvar_flatten_reg_453|    9   |
|       j_reg_439      |    5   |
+----------------------+--------+
|         Total        |   19   |
+----------------------+--------+

* Multiplexer (MUX) list: 
|--------|------|------|------|--------|
|  Comp  |  Pin | Size |  BW  | S x BW |
|--------|------|------|------|--------|
|  Total |      |      |      |    0   |
|--------|------|------|------|--------|



* Summary:
+-----------+--------+--------+
|           |   FF   |   LUT  |
+-----------+--------+--------+
|  Function |    0   |   78   |
|   Memory  |    -   |    -   |
|Multiplexer|    -   |    -   |
|  Register |   19   |    -   |
+-----------+--------+--------+
|   Total   |   19   |   78   |
+-----------+--------+--------+
