

================================================================
== Vitis HLS Report for 'mmult_hw_Pipeline_load_a_VITIS_LOOP_27_1'
================================================================
* Date:           Mon Feb 23 03:03:18 2026

* Version:        2024.1 (Build 5069499 on May 21 2024)
* Project:        matmul_D14_Tiled_FullAP_FullUR
* Solution:       hls (Vivado IP Flow Target)
* Product family: zynquplus
* Target device:  xczu3eg-sbva484-1-e


================================================================
== Performance Estimates
================================================================
+ Timing: 
    * Summary: 
    +--------+----------+----------+------------+
    |  Clock |  Target  | Estimated| Uncertainty|
    +--------+----------+----------+------------+
    |ap_clk  |  10.00 ns|  7.300 ns|     2.70 ns|
    +--------+----------+----------+------------+

+ Latency: 
    * Summary: 
    +---------+---------+----------+----------+-----+-----+-----------------------------------------------+
    |  Latency (cycles) |  Latency (absolute) |  Interval |                    Pipeline                   |
    |   min   |   max   |    min   |    max   | min | max |                      Type                     |
    +---------+---------+----------+----------+-----+-----+-----------------------------------------------+
    |      268|      268|  2.680 us|  2.680 us|  257|  257|  loop auto-rewind stp(delay=0 clock cycles(s))|
    +---------+---------+----------+----------+-----+-----+-----------------------------------------------+

    + Detail: 
        * Instance: 
        N/A

        * Loop: 
        +--------------------------+---------+---------+----------+-----------+-----------+------+----------+
        |                          |  Latency (cycles) | Iteration|  Initiation Interval  | Trip |          |
        |         Loop Name        |   min   |   max   |  Latency |  achieved |   target  | Count| Pipelined|
        +--------------------------+---------+---------+----------+-----------+-----------+------+----------+
        |- load_a_VITIS_LOOP_27_1  |      266|      266|        12|          1|          1|   256|       yes|
        +--------------------------+---------+---------+----------+-----------+-----------+------+----------+

============================================================
+ Verbose Summary: Synthesis Manager
============================================================
InlineROM: 1
ExposeGlobal: 0
============================================================
+ Verbose Summary: CDFG Model
============================================================
IsTopModel: 0
ResetActiveHigh: 1
IsCombinational: 0
IsDatapathOnly: 0
HasWiredReturn: 1
HasMFsm: 2
HasVarLatency: 1
IsPipeline: 0
IsRtlPipelined: 0
IsInstanceOverlapped: 0
IsDontTouch: 0
HasImplIP: 0
IsGatedGlobalClock: 0

+ Individual pipeline summary: 
  * Pipeline-0: initiation interval (II) = 1, depth = 12


============================================================
+ Verbose Summary: Schedule
============================================================
* Number of FSM states : 12
* Pipeline : 1
  Pipeline-0 : II = 1, D = 12, States = { 1 2 3 4 5 6 7 8 9 10 11 12 }
* Dataflow Pipeline: 0

* FSM state transitions: 
1 --> 2 
2 --> 3 
3 --> 4 
4 --> 5 
5 --> 6 
6 --> 7 
7 --> 8 
8 --> 9 
9 --> 10 
10 --> 11 
11 --> 12 
12 --> 

* FSM state operations: 

State 1 <SV = 0> <Delay = 3.21>
ST_1 : Operation 15 [1/1] (0.00ns)   --->   "%k = alloca i32 1" [mmult_baseline.cpp:27]   --->   Operation 15 'alloca' 'k' <Predicate = true> <Delay = 0.00>
ST_1 : Operation 16 [1/1] (0.00ns)   --->   "%i = alloca i32 1" [mmult_baseline.cpp:26]   --->   Operation 16 'alloca' 'i' <Predicate = true> <Delay = 0.00>
ST_1 : Operation 17 [1/1] (0.00ns)   --->   "%indvar_flatten6 = alloca i32 1"   --->   Operation 17 'alloca' 'indvar_flatten6' <Predicate = true> <Delay = 0.00>
ST_1 : Operation 18 [1/1] (0.00ns)   --->   "%in1_read = read i64 @_ssdm_op_Read.ap_auto.i64, i64 %in1"   --->   Operation 18 'read' 'in1_read' <Predicate = true> <Delay = 0.00>
ST_1 : Operation 19 [1/1] (0.00ns)   --->   "%zext_ln26_read = read i7 @_ssdm_op_Read.ap_auto.i7, i7 %zext_ln26"   --->   Operation 19 'read' 'zext_ln26_read' <Predicate = true> <Delay = 0.00>
ST_1 : Operation 20 [1/1] (0.00ns)   --->   "%tmp = read i39 @_ssdm_op_Read.ap_auto.i39, i39 %empty"   --->   Operation 20 'read' 'tmp' <Predicate = true> <Delay = 0.00>
ST_1 : Operation 21 [1/1] (0.00ns)   --->   "%dim_cast3846_read = read i32 @_ssdm_op_Read.ap_auto.i32, i32 %dim_cast3846"   --->   Operation 21 'read' 'dim_cast3846_read' <Predicate = true> <Delay = 0.00>
ST_1 : Operation 22 [1/1] (0.00ns)   --->   "%dim_cast3846_cast = sext i32 %dim_cast3846_read"   --->   Operation 22 'sext' 'dim_cast3846_cast' <Predicate = true> <Delay = 0.00>
ST_1 : Operation 23 [1/1] (0.00ns)   --->   "%zext_ln26_cast = zext i7 %zext_ln26_read"   --->   Operation 23 'zext' 'zext_ln26_cast' <Predicate = true> <Delay = 0.00>
ST_1 : Operation 24 [1/1] (0.00ns)   --->   "%p_cast = sext i39 %tmp"   --->   Operation 24 'sext' 'p_cast' <Predicate = true> <Delay = 0.00>
ST_1 : Operation 25 [1/1] (0.00ns)   --->   "%specinterface_ln0 = specinterface void @_ssdm_op_SpecInterface, i32 %gmem, void @empty, i32 0, i32 0, void @empty_0, i32 0, i32 16384, void @empty_1, void @empty_2, void @empty_0, i32 16, i32 16, i32 16, i32 16, void @empty_0, void @empty_0, i32 4294967295, i32 0, i32 0"   --->   Operation 25 'specinterface' 'specinterface_ln0' <Predicate = true> <Delay = 0.00>
ST_1 : Operation 26 [1/1] (0.48ns)   --->   "%store_ln0 = store i9 0, i9 %indvar_flatten6"   --->   Operation 26 'store' 'store_ln0' <Predicate = true> <Delay = 0.48>
ST_1 : Operation 27 [1/1] (0.48ns)   --->   "%store_ln26 = store i5 0, i5 %i" [mmult_baseline.cpp:26]   --->   Operation 27 'store' 'store_ln26' <Predicate = true> <Delay = 0.48>
ST_1 : Operation 28 [1/1] (0.48ns)   --->   "%store_ln27 = store i5 0, i5 %k" [mmult_baseline.cpp:27]   --->   Operation 28 'store' 'store_ln27' <Predicate = true> <Delay = 0.48>
ST_1 : Operation 29 [1/1] (0.00ns)   --->   "%br_ln0 = br void %for.inc41"   --->   Operation 29 'br' 'br_ln0' <Predicate = true> <Delay = 0.00>
ST_1 : Operation 30 [1/1] (0.00ns)   --->   "%indvar_flatten6_load = load i9 %indvar_flatten6" [mmult_baseline.cpp:26]   --->   Operation 30 'load' 'indvar_flatten6_load' <Predicate = true> <Delay = 0.00>
ST_1 : Operation 31 [1/1] (0.00ns)   --->   "%specbitsmap_ln0 = specbitsmap void @_ssdm_op_SpecBitsMap, i32 %gmem"   --->   Operation 31 'specbitsmap' 'specbitsmap_ln0' <Predicate = true> <Delay = 0.00>
ST_1 : Operation 32 [1/1] (0.92ns)   --->   "%icmp_ln26 = icmp_eq  i9 %indvar_flatten6_load, i9 256" [mmult_baseline.cpp:26]   --->   Operation 32 'icmp' 'icmp_ln26' <Predicate = true> <Delay = 0.92> <CoreInst = "Cmp">   --->   Core 9 'Cmp' <Latency = 0> <II = 1> <Delay = 0.92> <FuncUnit> <Opcode : 'seteq' 'setne' 'setle' 'setge' 'setlt' 'setgt'> <InPorts = 2> <OutPorts = 1>
ST_1 : Operation 33 [1/1] (0.92ns)   --->   "%add_ln26_2 = add i9 %indvar_flatten6_load, i9 1" [mmult_baseline.cpp:26]   --->   Operation 33 'add' 'add_ln26_2' <Predicate = true> <Delay = 0.92> <CoreInst = "Adder">   --->   Core 1 'Adder' <Latency = 0> <II = 1> <Delay = 0.92> <FuncUnit> <Opcode : 'add' 'sub'> <InPorts = 2> <OutPorts = 1>
ST_1 : Operation 34 [1/1] (0.00ns)   --->   "%br_ln26 = br i1 %icmp_ln26, void %for.inc44, void %load_b.exitStub" [mmult_baseline.cpp:26]   --->   Operation 34 'br' 'br_ln26' <Predicate = true> <Delay = 0.00>
ST_1 : Operation 35 [1/1] (0.00ns)   --->   "%k_load = load i5 %k" [mmult_baseline.cpp:27]   --->   Operation 35 'load' 'k_load' <Predicate = (!icmp_ln26)> <Delay = 0.00>
ST_1 : Operation 36 [1/1] (0.00ns)   --->   "%i_load = load i5 %i" [mmult_baseline.cpp:26]   --->   Operation 36 'load' 'i_load' <Predicate = (!icmp_ln26)> <Delay = 0.00>
ST_1 : Operation 37 [1/1] (0.87ns)   --->   "%icmp_ln27 = icmp_eq  i5 %k_load, i5 16" [mmult_baseline.cpp:27]   --->   Operation 37 'icmp' 'icmp_ln27' <Predicate = (!icmp_ln26)> <Delay = 0.87> <CoreInst = "Cmp">   --->   Core 9 'Cmp' <Latency = 0> <II = 1> <Delay = 0.87> <FuncUnit> <Opcode : 'seteq' 'setne' 'setle' 'setge' 'setlt' 'setgt'> <InPorts = 2> <OutPorts = 1>
ST_1 : Operation 38 [1/1] (0.48ns)   --->   "%select_ln26 = select i1 %icmp_ln27, i5 0, i5 %k_load" [mmult_baseline.cpp:26]   --->   Operation 38 'select' 'select_ln26' <Predicate = (!icmp_ln26)> <Delay = 0.48> <CoreInst = "Sel">   --->   Core 73 'Sel' <Latency = 0> <II = 1> <Delay = 0.48> <FuncUnit> <Opcode : 'select'> <InPorts = 3> <OutPorts = 1>
ST_1 : Operation 39 [1/1] (0.87ns)   --->   "%add_ln26_4 = add i5 %i_load, i5 1" [mmult_baseline.cpp:26]   --->   Operation 39 'add' 'add_ln26_4' <Predicate = (!icmp_ln26)> <Delay = 0.87> <CoreInst = "Adder">   --->   Core 1 'Adder' <Latency = 0> <II = 1> <Delay = 0.87> <FuncUnit> <Opcode : 'add' 'sub'> <InPorts = 2> <OutPorts = 1>
ST_1 : Operation 40 [1/1] (0.48ns)   --->   "%select_ln26_1 = select i1 %icmp_ln27, i5 %add_ln26_4, i5 %i_load" [mmult_baseline.cpp:26]   --->   Operation 40 'select' 'select_ln26_1' <Predicate = (!icmp_ln26)> <Delay = 0.48> <CoreInst = "Sel">   --->   Core 73 'Sel' <Latency = 0> <II = 1> <Delay = 0.48> <FuncUnit> <Opcode : 'select'> <InPorts = 3> <OutPorts = 1>
ST_1 : Operation 41 [1/1] (0.87ns)   --->   "%first_iter_1 = icmp_eq  i5 %select_ln26, i5 0" [mmult_baseline.cpp:26]   --->   Operation 41 'icmp' 'first_iter_1' <Predicate = (!icmp_ln26)> <Delay = 0.87> <CoreInst = "Cmp">   --->   Core 9 'Cmp' <Latency = 0> <II = 1> <Delay = 0.87> <FuncUnit> <Opcode : 'seteq' 'setne' 'setle' 'setge' 'setlt' 'setgt'> <InPorts = 2> <OutPorts = 1>
ST_1 : Operation 42 [1/1] (0.00ns)   --->   "%br_ln27 = br i1 %first_iter_1, void %for.inc41.split, void %for.first.iter.for.inc41" [mmult_baseline.cpp:27]   --->   Operation 42 'br' 'br_ln27' <Predicate = (!icmp_ln26)> <Delay = 0.00>
ST_1 : Operation 43 [1/1] (0.00ns)   --->   "%trunc_ln27 = trunc i5 %select_ln26" [mmult_baseline.cpp:27]   --->   Operation 43 'trunc' 'trunc_ln27' <Predicate = (!icmp_ln26)> <Delay = 0.00>
ST_1 : Operation 44 [1/1] (1.04ns)   --->   "%switch_ln28 = switch i4 %trunc_ln27, void %arrayidx407.case.15, i4 0, void %arrayidx407.case.0, i4 1, void %arrayidx407.case.1, i4 2, void %arrayidx407.case.2, i4 3, void %arrayidx407.case.3, i4 4, void %arrayidx407.case.4, i4 5, void %arrayidx407.case.5, i4 6, void %arrayidx407.case.6, i4 7, void %arrayidx407.case.7, i4 8, void %arrayidx407.case.8, i4 9, void %arrayidx407.case.9, i4 10, void %arrayidx407.case.10, i4 11, void %arrayidx407.case.11, i4 12, void %arrayidx407.case.12, i4 13, void %arrayidx407.case.13, i4 14, void %arrayidx407.case.14" [mmult_baseline.cpp:28]   --->   Operation 44 'switch' 'switch_ln28' <Predicate = (!icmp_ln26)> <Delay = 1.04>
ST_1 : Operation 45 [1/1] (0.87ns)   --->   "%add_ln27 = add i5 %select_ln26, i5 1" [mmult_baseline.cpp:27]   --->   Operation 45 'add' 'add_ln27' <Predicate = (!icmp_ln26)> <Delay = 0.87> <CoreInst = "Adder">   --->   Core 1 'Adder' <Latency = 0> <II = 1> <Delay = 0.87> <FuncUnit> <Opcode : 'add' 'sub'> <InPorts = 2> <OutPorts = 1>
ST_1 : Operation 46 [1/1] (0.48ns)   --->   "%store_ln26 = store i9 %add_ln26_2, i9 %indvar_flatten6" [mmult_baseline.cpp:26]   --->   Operation 46 'store' 'store_ln26' <Predicate = (!icmp_ln26)> <Delay = 0.48>
ST_1 : Operation 47 [1/1] (0.48ns)   --->   "%store_ln26 = store i5 %select_ln26_1, i5 %i" [mmult_baseline.cpp:26]   --->   Operation 47 'store' 'store_ln26' <Predicate = (!icmp_ln26)> <Delay = 0.48>
ST_1 : Operation 48 [1/1] (0.48ns)   --->   "%store_ln27 = store i5 %add_ln27, i5 %k" [mmult_baseline.cpp:27]   --->   Operation 48 'store' 'store_ln27' <Predicate = (!icmp_ln26)> <Delay = 0.48>
ST_1 : Operation 49 [1/1] (0.00ns)   --->   "%br_ln27 = br void %for.inc41" [mmult_baseline.cpp:27]   --->   Operation 49 'br' 'br_ln27' <Predicate = (!icmp_ln26)> <Delay = 0.00>

State 2 <SV = 1> <Delay = 6.26>
ST_2 : Operation 50 [1/1] (0.00ns)   --->   "%specloopname_ln0 = specloopname void @_ssdm_op_SpecLoopName, void @load_a_VITIS_LOOP_27_1_str"   --->   Operation 50 'specloopname' 'specloopname_ln0' <Predicate = true> <Delay = 0.00>
ST_2 : Operation 51 [1/1] (0.00ns)   --->   "%speclooptripcount_ln0 = speclooptripcount void @_ssdm_op_SpecLoopTripCount, i64 256, i64 256, i64 256"   --->   Operation 51 'speclooptripcount' 'speclooptripcount_ln0' <Predicate = true> <Delay = 0.00>
ST_2 : Operation 52 [1/1] (0.00ns)   --->   "%zext_ln26_1 = zext i5 %select_ln26_1" [mmult_baseline.cpp:26]   --->   Operation 52 'zext' 'zext_ln26_1' <Predicate = true> <Delay = 0.00>
ST_2 : Operation 53 [1/1] (3.88ns)   --->   "%mul_ln26 = mul i37 %zext_ln26_1, i37 %dim_cast3846_cast" [mmult_baseline.cpp:26]   --->   Operation 53 'mul' 'mul_ln26' <Predicate = true> <Delay = 3.88> <CoreInst = "Multiplier">   --->   Core 3 'Multiplier' <Latency = 0> <II = 1> <Delay = 3.88> <FuncUnit> <Opcode : 'mul'> <InPorts = 2> <OutPorts = 1>
ST_2 : Operation 54 [1/1] (0.00ns)   --->   "%sext_ln26 = sext i37 %mul_ln26" [mmult_baseline.cpp:26]   --->   Operation 54 'sext' 'sext_ln26' <Predicate = true> <Delay = 0.00>
ST_2 : Operation 55 [1/1] (0.00ns) (grouped into TernaryAdder)   --->   "%add_ln26 = add i40 %p_cast, i40 %sext_ln26" [mmult_baseline.cpp:26]   --->   Operation 55 'add' 'add_ln26' <Predicate = true> <Delay = 0.00> <CoreInst = "TAddSub">   --->   Core 10 'TAddSub' <Latency = 0> <II = 1> <Delay = 0.45> <IPBlock> <Opcode : '' 'add' 'sub'> <InPorts = 3> <OutPorts = 1> <Sync> <CReg>
ST_2 : Operation 56 [1/1] (0.91ns) (root node of TernaryAdder)   --->   "%add_ln26_3 = add i40 %add_ln26, i40 %zext_ln26_cast" [mmult_baseline.cpp:26]   --->   Operation 56 'add' 'add_ln26_3' <Predicate = true> <Delay = 0.91> <CoreInst = "TAddSub">   --->   Core 10 'TAddSub' <Latency = 0> <II = 1> <Delay = 0.45> <IPBlock> <Opcode : '' 'add' 'sub'> <InPorts = 3> <OutPorts = 1> <Sync> <CReg>
ST_2 : Operation 57 [1/1] (0.00ns)   --->   "%shl_ln1 = bitconcatenate i42 @_ssdm_op_BitConcatenate.i42.i40.i2, i40 %add_ln26_3, i2 0" [mmult_baseline.cpp:26]   --->   Operation 57 'bitconcatenate' 'shl_ln1' <Predicate = true> <Delay = 0.00>
ST_2 : Operation 58 [1/1] (0.00ns)   --->   "%sext_ln26_1 = sext i42 %shl_ln1" [mmult_baseline.cpp:26]   --->   Operation 58 'sext' 'sext_ln26_1' <Predicate = true> <Delay = 0.00>
ST_2 : Operation 59 [1/1] (1.47ns)   --->   "%add_ln26_1 = add i64 %sext_ln26_1, i64 %in1_read" [mmult_baseline.cpp:26]   --->   Operation 59 'add' 'add_ln26_1' <Predicate = true> <Delay = 1.47> <CoreInst = "Adder">   --->   Core 1 'Adder' <Latency = 0> <II = 1> <Delay = 1.47> <FuncUnit> <Opcode : 'add' 'sub'> <InPorts = 2> <OutPorts = 1>
ST_2 : Operation 60 [1/1] (0.00ns)   --->   "%trunc_ln1 = partselect i62 @_ssdm_op_PartSelect.i62.i64.i32.i32, i64 %add_ln26_1, i32 2, i32 63" [mmult_baseline.cpp:27]   --->   Operation 60 'partselect' 'trunc_ln1' <Predicate = true> <Delay = 0.00>
ST_2 : Operation 61 [1/1] (0.00ns)   --->   "%sext_ln27 = sext i62 %trunc_ln1" [mmult_baseline.cpp:27]   --->   Operation 61 'sext' 'sext_ln27' <Predicate = true> <Delay = 0.00>
ST_2 : Operation 62 [1/1] (0.00ns)   --->   "%gmem_addr = getelementptr i32 %gmem, i64 %sext_ln27" [mmult_baseline.cpp:27]   --->   Operation 62 'getelementptr' 'gmem_addr' <Predicate = true> <Delay = 0.00>

State 3 <SV = 2> <Delay = 7.30>
ST_3 : Operation 63 [8/8] (7.30ns)   --->   "%empty_28 = readreq i1 @_ssdm_op_ReadReq.m_axi.p1i32, i32 %gmem_addr, i64 16" [mmult_baseline.cpp:27]   --->   Operation 63 'readreq' 'empty_28' <Predicate = (first_iter_1)> <Delay = 7.30> <CoreInst = "m_axi">   --->   Core 119 'm_axi' <Latency = 0> <II = 1> <Delay = 1.00> <Adapter> <Opcode : 'read' 'write' 'readreq' 'writereq' 'writeresp'>

State 4 <SV = 3> <Delay = 7.30>
ST_4 : Operation 64 [7/8] (7.30ns)   --->   "%empty_28 = readreq i1 @_ssdm_op_ReadReq.m_axi.p1i32, i32 %gmem_addr, i64 16" [mmult_baseline.cpp:27]   --->   Operation 64 'readreq' 'empty_28' <Predicate = (first_iter_1)> <Delay = 7.30> <CoreInst = "m_axi">   --->   Core 119 'm_axi' <Latency = 0> <II = 1> <Delay = 1.00> <Adapter> <Opcode : 'read' 'write' 'readreq' 'writereq' 'writeresp'>

State 5 <SV = 4> <Delay = 7.30>
ST_5 : Operation 65 [6/8] (7.30ns)   --->   "%empty_28 = readreq i1 @_ssdm_op_ReadReq.m_axi.p1i32, i32 %gmem_addr, i64 16" [mmult_baseline.cpp:27]   --->   Operation 65 'readreq' 'empty_28' <Predicate = (first_iter_1)> <Delay = 7.30> <CoreInst = "m_axi">   --->   Core 119 'm_axi' <Latency = 0> <II = 1> <Delay = 1.00> <Adapter> <Opcode : 'read' 'write' 'readreq' 'writereq' 'writeresp'>

State 6 <SV = 5> <Delay = 7.30>
ST_6 : Operation 66 [5/8] (7.30ns)   --->   "%empty_28 = readreq i1 @_ssdm_op_ReadReq.m_axi.p1i32, i32 %gmem_addr, i64 16" [mmult_baseline.cpp:27]   --->   Operation 66 'readreq' 'empty_28' <Predicate = (first_iter_1)> <Delay = 7.30> <CoreInst = "m_axi">   --->   Core 119 'm_axi' <Latency = 0> <II = 1> <Delay = 1.00> <Adapter> <Opcode : 'read' 'write' 'readreq' 'writereq' 'writeresp'>

State 7 <SV = 6> <Delay = 7.30>
ST_7 : Operation 67 [4/8] (7.30ns)   --->   "%empty_28 = readreq i1 @_ssdm_op_ReadReq.m_axi.p1i32, i32 %gmem_addr, i64 16" [mmult_baseline.cpp:27]   --->   Operation 67 'readreq' 'empty_28' <Predicate = (first_iter_1)> <Delay = 7.30> <CoreInst = "m_axi">   --->   Core 119 'm_axi' <Latency = 0> <II = 1> <Delay = 1.00> <Adapter> <Opcode : 'read' 'write' 'readreq' 'writereq' 'writeresp'>

State 8 <SV = 7> <Delay = 7.30>
ST_8 : Operation 68 [3/8] (7.30ns)   --->   "%empty_28 = readreq i1 @_ssdm_op_ReadReq.m_axi.p1i32, i32 %gmem_addr, i64 16" [mmult_baseline.cpp:27]   --->   Operation 68 'readreq' 'empty_28' <Predicate = (first_iter_1)> <Delay = 7.30> <CoreInst = "m_axi">   --->   Core 119 'm_axi' <Latency = 0> <II = 1> <Delay = 1.00> <Adapter> <Opcode : 'read' 'write' 'readreq' 'writereq' 'writeresp'>

State 9 <SV = 8> <Delay = 7.30>
ST_9 : Operation 69 [2/8] (7.30ns)   --->   "%empty_28 = readreq i1 @_ssdm_op_ReadReq.m_axi.p1i32, i32 %gmem_addr, i64 16" [mmult_baseline.cpp:27]   --->   Operation 69 'readreq' 'empty_28' <Predicate = (first_iter_1)> <Delay = 7.30> <CoreInst = "m_axi">   --->   Core 119 'm_axi' <Latency = 0> <II = 1> <Delay = 1.00> <Adapter> <Opcode : 'read' 'write' 'readreq' 'writereq' 'writeresp'>

State 10 <SV = 9> <Delay = 7.30>
ST_10 : Operation 70 [1/8] (7.30ns)   --->   "%empty_28 = readreq i1 @_ssdm_op_ReadReq.m_axi.p1i32, i32 %gmem_addr, i64 16" [mmult_baseline.cpp:27]   --->   Operation 70 'readreq' 'empty_28' <Predicate = (first_iter_1)> <Delay = 7.30> <CoreInst = "m_axi">   --->   Core 119 'm_axi' <Latency = 0> <II = 1> <Delay = 1.00> <Adapter> <Opcode : 'read' 'write' 'readreq' 'writereq' 'writeresp'>
ST_10 : Operation 71 [1/1] (0.00ns)   --->   "%br_ln27 = br void %for.inc41.split" [mmult_baseline.cpp:27]   --->   Operation 71 'br' 'br_ln27' <Predicate = (first_iter_1)> <Delay = 0.00>

State 11 <SV = 10> <Delay = 7.30>
ST_11 : Operation 72 [1/1] (7.30ns)   --->   "%gmem_addr_read = read i32 @_ssdm_op_Read.m_axi.p1i32, i32 %gmem_addr" [mmult_baseline.cpp:28]   --->   Operation 72 'read' 'gmem_addr_read' <Predicate = true> <Delay = 7.30> <CoreInst = "m_axi">   --->   Core 119 'm_axi' <Latency = 0> <II = 1> <Delay = 1.00> <Adapter> <Opcode : 'read' 'write' 'readreq' 'writereq' 'writeresp'>
ST_11 : Operation 123 [1/1] (0.48ns)   --->   "%ret_ln0 = ret"   --->   Operation 123 'ret' 'ret_ln0' <Predicate = (icmp_ln26)> <Delay = 0.48>

State 12 <SV = 11> <Delay = 0.79>
ST_12 : Operation 73 [1/1] (0.00ns)   --->   "%zext_ln26_2 = zext i5 %select_ln26_1" [mmult_baseline.cpp:26]   --->   Operation 73 'zext' 'zext_ln26_2' <Predicate = true> <Delay = 0.00>
ST_12 : Operation 74 [1/1] (0.00ns)   --->   "%tA_addr = getelementptr i32 %tA, i64 0, i64 %zext_ln26_2" [mmult_baseline.cpp:26]   --->   Operation 74 'getelementptr' 'tA_addr' <Predicate = true> <Delay = 0.00>
ST_12 : Operation 75 [1/1] (0.00ns)   --->   "%tA_1_addr = getelementptr i32 %tA_1, i64 0, i64 %zext_ln26_2" [mmult_baseline.cpp:26]   --->   Operation 75 'getelementptr' 'tA_1_addr' <Predicate = true> <Delay = 0.00>
ST_12 : Operation 76 [1/1] (0.00ns)   --->   "%tA_2_addr = getelementptr i32 %tA_2, i64 0, i64 %zext_ln26_2" [mmult_baseline.cpp:26]   --->   Operation 76 'getelementptr' 'tA_2_addr' <Predicate = true> <Delay = 0.00>
ST_12 : Operation 77 [1/1] (0.00ns)   --->   "%tA_3_addr = getelementptr i32 %tA_3, i64 0, i64 %zext_ln26_2" [mmult_baseline.cpp:26]   --->   Operation 77 'getelementptr' 'tA_3_addr' <Predicate = true> <Delay = 0.00>
ST_12 : Operation 78 [1/1] (0.00ns)   --->   "%tA_4_addr = getelementptr i32 %tA_4, i64 0, i64 %zext_ln26_2" [mmult_baseline.cpp:26]   --->   Operation 78 'getelementptr' 'tA_4_addr' <Predicate = true> <Delay = 0.00>
ST_12 : Operation 79 [1/1] (0.00ns)   --->   "%tA_5_addr = getelementptr i32 %tA_5, i64 0, i64 %zext_ln26_2" [mmult_baseline.cpp:26]   --->   Operation 79 'getelementptr' 'tA_5_addr' <Predicate = true> <Delay = 0.00>
ST_12 : Operation 80 [1/1] (0.00ns)   --->   "%tA_6_addr = getelementptr i32 %tA_6, i64 0, i64 %zext_ln26_2" [mmult_baseline.cpp:26]   --->   Operation 80 'getelementptr' 'tA_6_addr' <Predicate = true> <Delay = 0.00>
ST_12 : Operation 81 [1/1] (0.00ns)   --->   "%tA_7_addr = getelementptr i32 %tA_7, i64 0, i64 %zext_ln26_2" [mmult_baseline.cpp:26]   --->   Operation 81 'getelementptr' 'tA_7_addr' <Predicate = true> <Delay = 0.00>
ST_12 : Operation 82 [1/1] (0.00ns)   --->   "%tA_8_addr = getelementptr i32 %tA_8, i64 0, i64 %zext_ln26_2" [mmult_baseline.cpp:26]   --->   Operation 82 'getelementptr' 'tA_8_addr' <Predicate = true> <Delay = 0.00>
ST_12 : Operation 83 [1/1] (0.00ns)   --->   "%tA_9_addr = getelementptr i32 %tA_9, i64 0, i64 %zext_ln26_2" [mmult_baseline.cpp:26]   --->   Operation 83 'getelementptr' 'tA_9_addr' <Predicate = true> <Delay = 0.00>
ST_12 : Operation 84 [1/1] (0.00ns)   --->   "%tA_10_addr = getelementptr i32 %tA_10, i64 0, i64 %zext_ln26_2" [mmult_baseline.cpp:26]   --->   Operation 84 'getelementptr' 'tA_10_addr' <Predicate = true> <Delay = 0.00>
ST_12 : Operation 85 [1/1] (0.00ns)   --->   "%tA_11_addr = getelementptr i32 %tA_11, i64 0, i64 %zext_ln26_2" [mmult_baseline.cpp:26]   --->   Operation 85 'getelementptr' 'tA_11_addr' <Predicate = true> <Delay = 0.00>
ST_12 : Operation 86 [1/1] (0.00ns)   --->   "%tA_12_addr = getelementptr i32 %tA_12, i64 0, i64 %zext_ln26_2" [mmult_baseline.cpp:26]   --->   Operation 86 'getelementptr' 'tA_12_addr' <Predicate = true> <Delay = 0.00>
ST_12 : Operation 87 [1/1] (0.00ns)   --->   "%tA_13_addr = getelementptr i32 %tA_13, i64 0, i64 %zext_ln26_2" [mmult_baseline.cpp:26]   --->   Operation 87 'getelementptr' 'tA_13_addr' <Predicate = true> <Delay = 0.00>
ST_12 : Operation 88 [1/1] (0.00ns)   --->   "%tA_14_addr = getelementptr i32 %tA_14, i64 0, i64 %zext_ln26_2" [mmult_baseline.cpp:26]   --->   Operation 88 'getelementptr' 'tA_14_addr' <Predicate = true> <Delay = 0.00>
ST_12 : Operation 89 [1/1] (0.00ns)   --->   "%tA_15_addr = getelementptr i32 %tA_15, i64 0, i64 %zext_ln26_2" [mmult_baseline.cpp:26]   --->   Operation 89 'getelementptr' 'tA_15_addr' <Predicate = true> <Delay = 0.00>
ST_12 : Operation 90 [1/1] (0.00ns)   --->   "%specpipeline_ln27 = specpipeline void @_ssdm_op_SpecPipeline, i32 4294967295, i32 0, i32 0, i32 0, void @empty_0" [mmult_baseline.cpp:27]   --->   Operation 90 'specpipeline' 'specpipeline_ln27' <Predicate = true> <Delay = 0.00>
ST_12 : Operation 91 [1/1] (0.79ns)   --->   "%store_ln28 = store i32 %gmem_addr_read, i4 %tA_14_addr" [mmult_baseline.cpp:28]   --->   Operation 91 'store' 'store_ln28' <Predicate = (trunc_ln27 == 14)> <Delay = 0.79> <CoreInst = "RAM">   --->   Core 82 'RAM' <Latency = 1> <II = 1> <Delay = 0.79> <Storage> <Opcode : 'load' 'store'> <Ports = 2> <Width = 32> <Depth = 16> <RAM>
ST_12 : Operation 92 [1/1] (0.00ns)   --->   "%br_ln28 = br void %arrayidx407.exit" [mmult_baseline.cpp:28]   --->   Operation 92 'br' 'br_ln28' <Predicate = (trunc_ln27 == 14)> <Delay = 0.00>
ST_12 : Operation 93 [1/1] (0.79ns)   --->   "%store_ln28 = store i32 %gmem_addr_read, i4 %tA_13_addr" [mmult_baseline.cpp:28]   --->   Operation 93 'store' 'store_ln28' <Predicate = (trunc_ln27 == 13)> <Delay = 0.79> <CoreInst = "RAM">   --->   Core 82 'RAM' <Latency = 1> <II = 1> <Delay = 0.79> <Storage> <Opcode : 'load' 'store'> <Ports = 2> <Width = 32> <Depth = 16> <RAM>
ST_12 : Operation 94 [1/1] (0.00ns)   --->   "%br_ln28 = br void %arrayidx407.exit" [mmult_baseline.cpp:28]   --->   Operation 94 'br' 'br_ln28' <Predicate = (trunc_ln27 == 13)> <Delay = 0.00>
ST_12 : Operation 95 [1/1] (0.79ns)   --->   "%store_ln28 = store i32 %gmem_addr_read, i4 %tA_12_addr" [mmult_baseline.cpp:28]   --->   Operation 95 'store' 'store_ln28' <Predicate = (trunc_ln27 == 12)> <Delay = 0.79> <CoreInst = "RAM">   --->   Core 82 'RAM' <Latency = 1> <II = 1> <Delay = 0.79> <Storage> <Opcode : 'load' 'store'> <Ports = 2> <Width = 32> <Depth = 16> <RAM>
ST_12 : Operation 96 [1/1] (0.00ns)   --->   "%br_ln28 = br void %arrayidx407.exit" [mmult_baseline.cpp:28]   --->   Operation 96 'br' 'br_ln28' <Predicate = (trunc_ln27 == 12)> <Delay = 0.00>
ST_12 : Operation 97 [1/1] (0.79ns)   --->   "%store_ln28 = store i32 %gmem_addr_read, i4 %tA_11_addr" [mmult_baseline.cpp:28]   --->   Operation 97 'store' 'store_ln28' <Predicate = (trunc_ln27 == 11)> <Delay = 0.79> <CoreInst = "RAM">   --->   Core 82 'RAM' <Latency = 1> <II = 1> <Delay = 0.79> <Storage> <Opcode : 'load' 'store'> <Ports = 2> <Width = 32> <Depth = 16> <RAM>
ST_12 : Operation 98 [1/1] (0.00ns)   --->   "%br_ln28 = br void %arrayidx407.exit" [mmult_baseline.cpp:28]   --->   Operation 98 'br' 'br_ln28' <Predicate = (trunc_ln27 == 11)> <Delay = 0.00>
ST_12 : Operation 99 [1/1] (0.79ns)   --->   "%store_ln28 = store i32 %gmem_addr_read, i4 %tA_10_addr" [mmult_baseline.cpp:28]   --->   Operation 99 'store' 'store_ln28' <Predicate = (trunc_ln27 == 10)> <Delay = 0.79> <CoreInst = "RAM">   --->   Core 82 'RAM' <Latency = 1> <II = 1> <Delay = 0.79> <Storage> <Opcode : 'load' 'store'> <Ports = 2> <Width = 32> <Depth = 16> <RAM>
ST_12 : Operation 100 [1/1] (0.00ns)   --->   "%br_ln28 = br void %arrayidx407.exit" [mmult_baseline.cpp:28]   --->   Operation 100 'br' 'br_ln28' <Predicate = (trunc_ln27 == 10)> <Delay = 0.00>
ST_12 : Operation 101 [1/1] (0.79ns)   --->   "%store_ln28 = store i32 %gmem_addr_read, i4 %tA_9_addr" [mmult_baseline.cpp:28]   --->   Operation 101 'store' 'store_ln28' <Predicate = (trunc_ln27 == 9)> <Delay = 0.79> <CoreInst = "RAM">   --->   Core 82 'RAM' <Latency = 1> <II = 1> <Delay = 0.79> <Storage> <Opcode : 'load' 'store'> <Ports = 2> <Width = 32> <Depth = 16> <RAM>
ST_12 : Operation 102 [1/1] (0.00ns)   --->   "%br_ln28 = br void %arrayidx407.exit" [mmult_baseline.cpp:28]   --->   Operation 102 'br' 'br_ln28' <Predicate = (trunc_ln27 == 9)> <Delay = 0.00>
ST_12 : Operation 103 [1/1] (0.79ns)   --->   "%store_ln28 = store i32 %gmem_addr_read, i4 %tA_8_addr" [mmult_baseline.cpp:28]   --->   Operation 103 'store' 'store_ln28' <Predicate = (trunc_ln27 == 8)> <Delay = 0.79> <CoreInst = "RAM">   --->   Core 82 'RAM' <Latency = 1> <II = 1> <Delay = 0.79> <Storage> <Opcode : 'load' 'store'> <Ports = 2> <Width = 32> <Depth = 16> <RAM>
ST_12 : Operation 104 [1/1] (0.00ns)   --->   "%br_ln28 = br void %arrayidx407.exit" [mmult_baseline.cpp:28]   --->   Operation 104 'br' 'br_ln28' <Predicate = (trunc_ln27 == 8)> <Delay = 0.00>
ST_12 : Operation 105 [1/1] (0.79ns)   --->   "%store_ln28 = store i32 %gmem_addr_read, i4 %tA_7_addr" [mmult_baseline.cpp:28]   --->   Operation 105 'store' 'store_ln28' <Predicate = (trunc_ln27 == 7)> <Delay = 0.79> <CoreInst = "RAM">   --->   Core 82 'RAM' <Latency = 1> <II = 1> <Delay = 0.79> <Storage> <Opcode : 'load' 'store'> <Ports = 2> <Width = 32> <Depth = 16> <RAM>
ST_12 : Operation 106 [1/1] (0.00ns)   --->   "%br_ln28 = br void %arrayidx407.exit" [mmult_baseline.cpp:28]   --->   Operation 106 'br' 'br_ln28' <Predicate = (trunc_ln27 == 7)> <Delay = 0.00>
ST_12 : Operation 107 [1/1] (0.79ns)   --->   "%store_ln28 = store i32 %gmem_addr_read, i4 %tA_6_addr" [mmult_baseline.cpp:28]   --->   Operation 107 'store' 'store_ln28' <Predicate = (trunc_ln27 == 6)> <Delay = 0.79> <CoreInst = "RAM">   --->   Core 82 'RAM' <Latency = 1> <II = 1> <Delay = 0.79> <Storage> <Opcode : 'load' 'store'> <Ports = 2> <Width = 32> <Depth = 16> <RAM>
ST_12 : Operation 108 [1/1] (0.00ns)   --->   "%br_ln28 = br void %arrayidx407.exit" [mmult_baseline.cpp:28]   --->   Operation 108 'br' 'br_ln28' <Predicate = (trunc_ln27 == 6)> <Delay = 0.00>
ST_12 : Operation 109 [1/1] (0.79ns)   --->   "%store_ln28 = store i32 %gmem_addr_read, i4 %tA_5_addr" [mmult_baseline.cpp:28]   --->   Operation 109 'store' 'store_ln28' <Predicate = (trunc_ln27 == 5)> <Delay = 0.79> <CoreInst = "RAM">   --->   Core 82 'RAM' <Latency = 1> <II = 1> <Delay = 0.79> <Storage> <Opcode : 'load' 'store'> <Ports = 2> <Width = 32> <Depth = 16> <RAM>
ST_12 : Operation 110 [1/1] (0.00ns)   --->   "%br_ln28 = br void %arrayidx407.exit" [mmult_baseline.cpp:28]   --->   Operation 110 'br' 'br_ln28' <Predicate = (trunc_ln27 == 5)> <Delay = 0.00>
ST_12 : Operation 111 [1/1] (0.79ns)   --->   "%store_ln28 = store i32 %gmem_addr_read, i4 %tA_4_addr" [mmult_baseline.cpp:28]   --->   Operation 111 'store' 'store_ln28' <Predicate = (trunc_ln27 == 4)> <Delay = 0.79> <CoreInst = "RAM">   --->   Core 82 'RAM' <Latency = 1> <II = 1> <Delay = 0.79> <Storage> <Opcode : 'load' 'store'> <Ports = 2> <Width = 32> <Depth = 16> <RAM>
ST_12 : Operation 112 [1/1] (0.00ns)   --->   "%br_ln28 = br void %arrayidx407.exit" [mmult_baseline.cpp:28]   --->   Operation 112 'br' 'br_ln28' <Predicate = (trunc_ln27 == 4)> <Delay = 0.00>
ST_12 : Operation 113 [1/1] (0.79ns)   --->   "%store_ln28 = store i32 %gmem_addr_read, i4 %tA_3_addr" [mmult_baseline.cpp:28]   --->   Operation 113 'store' 'store_ln28' <Predicate = (trunc_ln27 == 3)> <Delay = 0.79> <CoreInst = "RAM">   --->   Core 82 'RAM' <Latency = 1> <II = 1> <Delay = 0.79> <Storage> <Opcode : 'load' 'store'> <Ports = 2> <Width = 32> <Depth = 16> <RAM>
ST_12 : Operation 114 [1/1] (0.00ns)   --->   "%br_ln28 = br void %arrayidx407.exit" [mmult_baseline.cpp:28]   --->   Operation 114 'br' 'br_ln28' <Predicate = (trunc_ln27 == 3)> <Delay = 0.00>
ST_12 : Operation 115 [1/1] (0.79ns)   --->   "%store_ln28 = store i32 %gmem_addr_read, i4 %tA_2_addr" [mmult_baseline.cpp:28]   --->   Operation 115 'store' 'store_ln28' <Predicate = (trunc_ln27 == 2)> <Delay = 0.79> <CoreInst = "RAM">   --->   Core 82 'RAM' <Latency = 1> <II = 1> <Delay = 0.79> <Storage> <Opcode : 'load' 'store'> <Ports = 2> <Width = 32> <Depth = 16> <RAM>
ST_12 : Operation 116 [1/1] (0.00ns)   --->   "%br_ln28 = br void %arrayidx407.exit" [mmult_baseline.cpp:28]   --->   Operation 116 'br' 'br_ln28' <Predicate = (trunc_ln27 == 2)> <Delay = 0.00>
ST_12 : Operation 117 [1/1] (0.79ns)   --->   "%store_ln28 = store i32 %gmem_addr_read, i4 %tA_1_addr" [mmult_baseline.cpp:28]   --->   Operation 117 'store' 'store_ln28' <Predicate = (trunc_ln27 == 1)> <Delay = 0.79> <CoreInst = "RAM">   --->   Core 82 'RAM' <Latency = 1> <II = 1> <Delay = 0.79> <Storage> <Opcode : 'load' 'store'> <Ports = 2> <Width = 32> <Depth = 16> <RAM>
ST_12 : Operation 118 [1/1] (0.00ns)   --->   "%br_ln28 = br void %arrayidx407.exit" [mmult_baseline.cpp:28]   --->   Operation 118 'br' 'br_ln28' <Predicate = (trunc_ln27 == 1)> <Delay = 0.00>
ST_12 : Operation 119 [1/1] (0.79ns)   --->   "%store_ln28 = store i32 %gmem_addr_read, i4 %tA_addr" [mmult_baseline.cpp:28]   --->   Operation 119 'store' 'store_ln28' <Predicate = (trunc_ln27 == 0)> <Delay = 0.79> <CoreInst = "RAM">   --->   Core 82 'RAM' <Latency = 1> <II = 1> <Delay = 0.79> <Storage> <Opcode : 'load' 'store'> <Ports = 2> <Width = 32> <Depth = 16> <RAM>
ST_12 : Operation 120 [1/1] (0.00ns)   --->   "%br_ln28 = br void %arrayidx407.exit" [mmult_baseline.cpp:28]   --->   Operation 120 'br' 'br_ln28' <Predicate = (trunc_ln27 == 0)> <Delay = 0.00>
ST_12 : Operation 121 [1/1] (0.79ns)   --->   "%store_ln28 = store i32 %gmem_addr_read, i4 %tA_15_addr" [mmult_baseline.cpp:28]   --->   Operation 121 'store' 'store_ln28' <Predicate = (trunc_ln27 == 15)> <Delay = 0.79> <CoreInst = "RAM">   --->   Core 82 'RAM' <Latency = 1> <II = 1> <Delay = 0.79> <Storage> <Opcode : 'load' 'store'> <Ports = 2> <Width = 32> <Depth = 16> <RAM>
ST_12 : Operation 122 [1/1] (0.00ns)   --->   "%br_ln28 = br void %arrayidx407.exit" [mmult_baseline.cpp:28]   --->   Operation 122 'br' 'br_ln28' <Predicate = (trunc_ln27 == 15)> <Delay = 0.00>


============================================================
+ Verbose Summary: Timing violations
============================================================
Target clock period: 10.000ns, clock uncertainty: 2.700ns.

 <State 1>: 3.213ns
The critical path consists of the following:
	'store' operation 0 bit ('store_ln27', mmult_baseline.cpp:27) of constant 0 on local variable 'k', mmult_baseline.cpp:27 [35]  (0.489 ns)
	'load' operation 5 bit ('k_load', mmult_baseline.cpp:27) on local variable 'k', mmult_baseline.cpp:27 [44]  (0.000 ns)
	'icmp' operation 1 bit ('icmp_ln27', mmult_baseline.cpp:27) [48]  (0.878 ns)
	'select' operation 5 bit ('select_ln26', mmult_baseline.cpp:26) [49]  (0.480 ns)
	'add' operation 5 bit ('add_ln27', mmult_baseline.cpp:27) [139]  (0.878 ns)
	'store' operation 0 bit ('store_ln27', mmult_baseline.cpp:27) of variable 'add_ln27', mmult_baseline.cpp:27 on local variable 'k', mmult_baseline.cpp:27 [142]  (0.489 ns)

 <State 2>: 6.269ns
The critical path consists of the following:
	'mul' operation 37 bit ('mul_ln26', mmult_baseline.cpp:26) [54]  (3.880 ns)
	'add' operation 40 bit ('add_ln26', mmult_baseline.cpp:26) [56]  (0.000 ns)
	'add' operation 40 bit ('add_ln26_3', mmult_baseline.cpp:26) [57]  (0.919 ns)
	'add' operation 64 bit ('add_ln26_1', mmult_baseline.cpp:26) [60]  (1.470 ns)

 <State 3>: 7.300ns
The critical path consists of the following:
	bus request operation ('empty_28', mmult_baseline.cpp:27) on port 'gmem' (mmult_baseline.cpp:27) [66]  (7.300 ns)

 <State 4>: 7.300ns
The critical path consists of the following:
	bus request operation ('empty_28', mmult_baseline.cpp:27) on port 'gmem' (mmult_baseline.cpp:27) [66]  (7.300 ns)

 <State 5>: 7.300ns
The critical path consists of the following:
	bus request operation ('empty_28', mmult_baseline.cpp:27) on port 'gmem' (mmult_baseline.cpp:27) [66]  (7.300 ns)

 <State 6>: 7.300ns
The critical path consists of the following:
	bus request operation ('empty_28', mmult_baseline.cpp:27) on port 'gmem' (mmult_baseline.cpp:27) [66]  (7.300 ns)

 <State 7>: 7.300ns
The critical path consists of the following:
	bus request operation ('empty_28', mmult_baseline.cpp:27) on port 'gmem' (mmult_baseline.cpp:27) [66]  (7.300 ns)

 <State 8>: 7.300ns
The critical path consists of the following:
	bus request operation ('empty_28', mmult_baseline.cpp:27) on port 'gmem' (mmult_baseline.cpp:27) [66]  (7.300 ns)

 <State 9>: 7.300ns
The critical path consists of the following:
	bus request operation ('empty_28', mmult_baseline.cpp:27) on port 'gmem' (mmult_baseline.cpp:27) [66]  (7.300 ns)

 <State 10>: 7.300ns
The critical path consists of the following:
	bus request operation ('empty_28', mmult_baseline.cpp:27) on port 'gmem' (mmult_baseline.cpp:27) [66]  (7.300 ns)

 <State 11>: 7.300ns
The critical path consists of the following:
	bus read operation ('gmem_addr_read', mmult_baseline.cpp:28) on port 'gmem' (mmult_baseline.cpp:28) [88]  (7.300 ns)

 <State 12>: 0.790ns
The critical path consists of the following:
	'getelementptr' operation 4 bit ('tA_12_addr', mmult_baseline.cpp:26) [82]  (0.000 ns)
	'store' operation 0 bit ('store_ln28', mmult_baseline.cpp:28) of variable 'gmem_addr_read', mmult_baseline.cpp:28 on array 'tA_12' [97]  (0.790 ns)


============================================================
+ Verbose Summary: Binding
============================================================
N/A
* FSMD analyzer results:
  - Output states:
 - Input state : 
  - Chain level:
	State 1
	State 2
	State 3
	State 4
	State 5
	State 6
	State 7
	State 8
	State 9
	State 10
	State 11
	State 12


============================================================
+ Verbose Summary: Datapath Resource usage 
============================================================
N/A
