

================================================================
== Vitis HLS Report for 'mmult_hw_Pipeline_init_i_init_j'
================================================================
* Date:           Mon Feb 23 03:03:18 2026

* Version:        2024.1 (Build 5069499 on May 21 2024)
* Project:        matmul_D14_Tiled_FullAP_FullUR
* Solution:       hls (Vivado IP Flow Target)
* Product family: zynquplus
* Target device:  xczu3eg-sbva484-1-e


================================================================
== Performance Estimates
================================================================
+ Timing: 
    * Summary: 
    +--------+----------+----------+------------+
    |  Clock |  Target  | Estimated| Uncertainty|
    +--------+----------+----------+------------+
    |ap_clk  |  10.00 ns|  3.678 ns|     2.70 ns|
    +--------+----------+----------+------------+

+ Latency: 
    * Summary: 
    +---------+---------+----------+----------+-----+-----+-----------------------------------------------+
    |  Latency (cycles) |  Latency (absolute) |  Interval |                    Pipeline                   |
    |   min   |   max   |    min   |    max   | min | max |                      Type                     |
    +---------+---------+----------+----------+-----+-----+-----------------------------------------------+
    |      258|      258|  2.580 us|  2.580 us|  257|  257|  loop auto-rewind stp(delay=0 clock cycles(s))|
    +---------+---------+----------+----------+-----+-----+-----------------------------------------------+

    + Detail: 
        * Instance: 
        N/A

        * Loop: 
        +-----------------+---------+---------+----------+-----------+-----------+------+----------+
        |                 |  Latency (cycles) | Iteration|  Initiation Interval  | Trip |          |
        |    Loop Name    |   min   |   max   |  Latency |  achieved |   target  | Count| Pipelined|
        +-----------------+---------+---------+----------+-----------+-----------+------+----------+
        |- init_i_init_j  |      256|      256|         1|          1|          1|   256|       yes|
        +-----------------+---------+---------+----------+-----------+-----------+------+----------+

============================================================
+ Verbose Summary: Synthesis Manager
============================================================
InlineROM: 1
ExposeGlobal: 0
============================================================
+ Verbose Summary: CDFG Model
============================================================
IsTopModel: 0
ResetActiveHigh: 1
IsCombinational: 0
IsDatapathOnly: 0
HasWiredReturn: 1
HasMFsm: 2
HasVarLatency: 1
IsPipeline: 0
IsRtlPipelined: 0
IsInstanceOverlapped: 0
IsDontTouch: 0
HasImplIP: 0
IsGatedGlobalClock: 0

+ Individual pipeline summary: 
  * Pipeline-0: initiation interval (II) = 1, depth = 1


============================================================
+ Verbose Summary: Schedule
============================================================
* Number of FSM states : 1
* Pipeline : 1
  Pipeline-0 : II = 1, D = 1, States = { 1 }
* Dataflow Pipeline: 0

* FSM state transitions: 
1 --> 

* FSM state operations: 

State 1 <SV = 0> <Delay = 3.67>
ST_1 : Operation 4 [1/1] (0.00ns)   --->   "%j = alloca i32 1" [mmult_baseline.cpp:22]   --->   Operation 4 'alloca' 'j' <Predicate = true> <Delay = 0.00>
ST_1 : Operation 5 [1/1] (0.00ns)   --->   "%i = alloca i32 1" [mmult_baseline.cpp:21]   --->   Operation 5 'alloca' 'i' <Predicate = true> <Delay = 0.00>
ST_1 : Operation 6 [1/1] (0.00ns)   --->   "%indvar_flatten = alloca i32 1"   --->   Operation 6 'alloca' 'indvar_flatten' <Predicate = true> <Delay = 0.00>
ST_1 : Operation 7 [1/1] (0.48ns)   --->   "%store_ln0 = store i9 0, i9 %indvar_flatten"   --->   Operation 7 'store' 'store_ln0' <Predicate = true> <Delay = 0.48>
ST_1 : Operation 8 [1/1] (0.48ns)   --->   "%store_ln21 = store i5 0, i5 %i" [mmult_baseline.cpp:21]   --->   Operation 8 'store' 'store_ln21' <Predicate = true> <Delay = 0.48>
ST_1 : Operation 9 [1/1] (0.48ns)   --->   "%store_ln22 = store i5 0, i5 %j" [mmult_baseline.cpp:22]   --->   Operation 9 'store' 'store_ln22' <Predicate = true> <Delay = 0.48>
ST_1 : Operation 10 [1/1] (0.00ns)   --->   "%br_ln0 = br void %for.inc"   --->   Operation 10 'br' 'br_ln0' <Predicate = true> <Delay = 0.00>
ST_1 : Operation 11 [1/1] (0.00ns)   --->   "%indvar_flatten_load = load i9 %indvar_flatten" [mmult_baseline.cpp:21]   --->   Operation 11 'load' 'indvar_flatten_load' <Predicate = true> <Delay = 0.00>
ST_1 : Operation 12 [1/1] (0.92ns)   --->   "%icmp_ln21 = icmp_eq  i9 %indvar_flatten_load, i9 256" [mmult_baseline.cpp:21]   --->   Operation 12 'icmp' 'icmp_ln21' <Predicate = true> <Delay = 0.92> <CoreInst = "Cmp">   --->   Core 9 'Cmp' <Latency = 0> <II = 1> <Delay = 0.92> <FuncUnit> <Opcode : 'seteq' 'setne' 'setle' 'setge' 'setlt' 'setgt'> <InPorts = 2> <OutPorts = 1>
ST_1 : Operation 13 [1/1] (0.92ns)   --->   "%add_ln21 = add i9 %indvar_flatten_load, i9 1" [mmult_baseline.cpp:21]   --->   Operation 13 'add' 'add_ln21' <Predicate = true> <Delay = 0.92> <CoreInst = "Adder">   --->   Core 1 'Adder' <Latency = 0> <II = 1> <Delay = 0.92> <FuncUnit> <Opcode : 'add' 'sub'> <InPorts = 2> <OutPorts = 1>
ST_1 : Operation 14 [1/1] (0.00ns)   --->   "%br_ln21 = br i1 %icmp_ln21, void %for.inc15, void %tile_k.exitStub" [mmult_baseline.cpp:21]   --->   Operation 14 'br' 'br_ln21' <Predicate = true> <Delay = 0.00>
ST_1 : Operation 15 [1/1] (0.00ns)   --->   "%j_load = load i5 %j" [mmult_baseline.cpp:22]   --->   Operation 15 'load' 'j_load' <Predicate = (!icmp_ln21)> <Delay = 0.00>
ST_1 : Operation 16 [1/1] (0.00ns)   --->   "%i_load = load i5 %i" [mmult_baseline.cpp:21]   --->   Operation 16 'load' 'i_load' <Predicate = (!icmp_ln21)> <Delay = 0.00>
ST_1 : Operation 17 [1/1] (0.00ns)   --->   "%specloopname_ln0 = specloopname void @_ssdm_op_SpecLoopName, void @init_i_init_j_str"   --->   Operation 17 'specloopname' 'specloopname_ln0' <Predicate = (!icmp_ln21)> <Delay = 0.00>
ST_1 : Operation 18 [1/1] (0.00ns)   --->   "%speclooptripcount_ln0 = speclooptripcount void @_ssdm_op_SpecLoopTripCount, i64 256, i64 256, i64 256"   --->   Operation 18 'speclooptripcount' 'speclooptripcount_ln0' <Predicate = (!icmp_ln21)> <Delay = 0.00>
ST_1 : Operation 19 [1/1] (0.87ns)   --->   "%icmp_ln22 = icmp_eq  i5 %j_load, i5 16" [mmult_baseline.cpp:22]   --->   Operation 19 'icmp' 'icmp_ln22' <Predicate = (!icmp_ln21)> <Delay = 0.87> <CoreInst = "Cmp">   --->   Core 9 'Cmp' <Latency = 0> <II = 1> <Delay = 0.87> <FuncUnit> <Opcode : 'seteq' 'setne' 'setle' 'setge' 'setlt' 'setgt'> <InPorts = 2> <OutPorts = 1>
ST_1 : Operation 20 [1/1] (0.48ns)   --->   "%select_ln21 = select i1 %icmp_ln22, i5 0, i5 %j_load" [mmult_baseline.cpp:21]   --->   Operation 20 'select' 'select_ln21' <Predicate = (!icmp_ln21)> <Delay = 0.48> <CoreInst = "Sel">   --->   Core 73 'Sel' <Latency = 0> <II = 1> <Delay = 0.48> <FuncUnit> <Opcode : 'select'> <InPorts = 3> <OutPorts = 1>
ST_1 : Operation 21 [1/1] (0.87ns)   --->   "%add_ln21_1 = add i5 %i_load, i5 1" [mmult_baseline.cpp:21]   --->   Operation 21 'add' 'add_ln21_1' <Predicate = (!icmp_ln21)> <Delay = 0.87> <CoreInst = "Adder">   --->   Core 1 'Adder' <Latency = 0> <II = 1> <Delay = 0.87> <FuncUnit> <Opcode : 'add' 'sub'> <InPorts = 2> <OutPorts = 1>
ST_1 : Operation 22 [1/1] (0.48ns)   --->   "%select_ln21_1 = select i1 %icmp_ln22, i5 %add_ln21_1, i5 %i_load" [mmult_baseline.cpp:21]   --->   Operation 22 'select' 'select_ln21_1' <Predicate = (!icmp_ln21)> <Delay = 0.48> <CoreInst = "Sel">   --->   Core 73 'Sel' <Latency = 0> <II = 1> <Delay = 0.48> <FuncUnit> <Opcode : 'select'> <InPorts = 3> <OutPorts = 1>
ST_1 : Operation 23 [1/1] (0.00ns)   --->   "%zext_ln21 = zext i5 %select_ln21_1" [mmult_baseline.cpp:21]   --->   Operation 23 'zext' 'zext_ln21' <Predicate = (!icmp_ln21)> <Delay = 0.00>
ST_1 : Operation 24 [1/1] (0.00ns)   --->   "%tC_addr = getelementptr i32 %tC, i64 0, i64 %zext_ln21" [mmult_baseline.cpp:21]   --->   Operation 24 'getelementptr' 'tC_addr' <Predicate = (!icmp_ln21)> <Delay = 0.00>
ST_1 : Operation 25 [1/1] (0.00ns)   --->   "%tC_1_addr = getelementptr i32 %tC_1, i64 0, i64 %zext_ln21" [mmult_baseline.cpp:21]   --->   Operation 25 'getelementptr' 'tC_1_addr' <Predicate = (!icmp_ln21)> <Delay = 0.00>
ST_1 : Operation 26 [1/1] (0.00ns)   --->   "%tC_2_addr = getelementptr i32 %tC_2, i64 0, i64 %zext_ln21" [mmult_baseline.cpp:21]   --->   Operation 26 'getelementptr' 'tC_2_addr' <Predicate = (!icmp_ln21)> <Delay = 0.00>
ST_1 : Operation 27 [1/1] (0.00ns)   --->   "%tC_3_addr = getelementptr i32 %tC_3, i64 0, i64 %zext_ln21" [mmult_baseline.cpp:21]   --->   Operation 27 'getelementptr' 'tC_3_addr' <Predicate = (!icmp_ln21)> <Delay = 0.00>
ST_1 : Operation 28 [1/1] (0.00ns)   --->   "%tC_4_addr = getelementptr i32 %tC_4, i64 0, i64 %zext_ln21" [mmult_baseline.cpp:21]   --->   Operation 28 'getelementptr' 'tC_4_addr' <Predicate = (!icmp_ln21)> <Delay = 0.00>
ST_1 : Operation 29 [1/1] (0.00ns)   --->   "%tC_5_addr = getelementptr i32 %tC_5, i64 0, i64 %zext_ln21" [mmult_baseline.cpp:21]   --->   Operation 29 'getelementptr' 'tC_5_addr' <Predicate = (!icmp_ln21)> <Delay = 0.00>
ST_1 : Operation 30 [1/1] (0.00ns)   --->   "%tC_6_addr = getelementptr i32 %tC_6, i64 0, i64 %zext_ln21" [mmult_baseline.cpp:21]   --->   Operation 30 'getelementptr' 'tC_6_addr' <Predicate = (!icmp_ln21)> <Delay = 0.00>
ST_1 : Operation 31 [1/1] (0.00ns)   --->   "%tC_7_addr = getelementptr i32 %tC_7, i64 0, i64 %zext_ln21" [mmult_baseline.cpp:21]   --->   Operation 31 'getelementptr' 'tC_7_addr' <Predicate = (!icmp_ln21)> <Delay = 0.00>
ST_1 : Operation 32 [1/1] (0.00ns)   --->   "%tC_8_addr = getelementptr i32 %tC_8, i64 0, i64 %zext_ln21" [mmult_baseline.cpp:21]   --->   Operation 32 'getelementptr' 'tC_8_addr' <Predicate = (!icmp_ln21)> <Delay = 0.00>
ST_1 : Operation 33 [1/1] (0.00ns)   --->   "%tC_9_addr = getelementptr i32 %tC_9, i64 0, i64 %zext_ln21" [mmult_baseline.cpp:21]   --->   Operation 33 'getelementptr' 'tC_9_addr' <Predicate = (!icmp_ln21)> <Delay = 0.00>
ST_1 : Operation 34 [1/1] (0.00ns)   --->   "%tC_10_addr = getelementptr i32 %tC_10, i64 0, i64 %zext_ln21" [mmult_baseline.cpp:21]   --->   Operation 34 'getelementptr' 'tC_10_addr' <Predicate = (!icmp_ln21)> <Delay = 0.00>
ST_1 : Operation 35 [1/1] (0.00ns)   --->   "%tC_11_addr = getelementptr i32 %tC_11, i64 0, i64 %zext_ln21" [mmult_baseline.cpp:21]   --->   Operation 35 'getelementptr' 'tC_11_addr' <Predicate = (!icmp_ln21)> <Delay = 0.00>
ST_1 : Operation 36 [1/1] (0.00ns)   --->   "%tC_12_addr = getelementptr i32 %tC_12, i64 0, i64 %zext_ln21" [mmult_baseline.cpp:21]   --->   Operation 36 'getelementptr' 'tC_12_addr' <Predicate = (!icmp_ln21)> <Delay = 0.00>
ST_1 : Operation 37 [1/1] (0.00ns)   --->   "%tC_13_addr = getelementptr i32 %tC_13, i64 0, i64 %zext_ln21" [mmult_baseline.cpp:21]   --->   Operation 37 'getelementptr' 'tC_13_addr' <Predicate = (!icmp_ln21)> <Delay = 0.00>
ST_1 : Operation 38 [1/1] (0.00ns)   --->   "%tC_14_addr = getelementptr i32 %tC_14, i64 0, i64 %zext_ln21" [mmult_baseline.cpp:21]   --->   Operation 38 'getelementptr' 'tC_14_addr' <Predicate = (!icmp_ln21)> <Delay = 0.00>
ST_1 : Operation 39 [1/1] (0.00ns)   --->   "%tC_15_addr = getelementptr i32 %tC_15, i64 0, i64 %zext_ln21" [mmult_baseline.cpp:21]   --->   Operation 39 'getelementptr' 'tC_15_addr' <Predicate = (!icmp_ln21)> <Delay = 0.00>
ST_1 : Operation 40 [1/1] (0.00ns)   --->   "%trunc_ln22 = trunc i5 %select_ln21" [mmult_baseline.cpp:22]   --->   Operation 40 'trunc' 'trunc_ln22' <Predicate = (!icmp_ln21)> <Delay = 0.00>
ST_1 : Operation 41 [1/1] (0.00ns)   --->   "%specpipeline_ln22 = specpipeline void @_ssdm_op_SpecPipeline, i32 4294967295, i32 0, i32 0, i32 0, void @empty_0" [mmult_baseline.cpp:22]   --->   Operation 41 'specpipeline' 'specpipeline_ln22' <Predicate = (!icmp_ln21)> <Delay = 0.00>
ST_1 : Operation 42 [1/1] (1.04ns)   --->   "%switch_ln23 = switch i4 %trunc_ln22, void %arrayidx148.case.15, i4 0, void %arrayidx148.case.0, i4 1, void %arrayidx148.case.1, i4 2, void %arrayidx148.case.2, i4 3, void %arrayidx148.case.3, i4 4, void %arrayidx148.case.4, i4 5, void %arrayidx148.case.5, i4 6, void %arrayidx148.case.6, i4 7, void %arrayidx148.case.7, i4 8, void %arrayidx148.case.8, i4 9, void %arrayidx148.case.9, i4 10, void %arrayidx148.case.10, i4 11, void %arrayidx148.case.11, i4 12, void %arrayidx148.case.12, i4 13, void %arrayidx148.case.13, i4 14, void %arrayidx148.case.14" [mmult_baseline.cpp:23]   --->   Operation 42 'switch' 'switch_ln23' <Predicate = (!icmp_ln21)> <Delay = 1.04>
ST_1 : Operation 43 [1/1] (0.79ns)   --->   "%store_ln23 = store i32 0, i4 %tC_14_addr" [mmult_baseline.cpp:23]   --->   Operation 43 'store' 'store_ln23' <Predicate = (!icmp_ln21 & trunc_ln22 == 14)> <Delay = 0.79> <CoreInst = "RAM">   --->   Core 82 'RAM' <Latency = 1> <II = 1> <Delay = 0.79> <Storage> <Opcode : 'load' 'store'> <Ports = 2> <Width = 32> <Depth = 16> <RAM>
ST_1 : Operation 44 [1/1] (0.00ns)   --->   "%br_ln23 = br void %arrayidx148.exit" [mmult_baseline.cpp:23]   --->   Operation 44 'br' 'br_ln23' <Predicate = (!icmp_ln21 & trunc_ln22 == 14)> <Delay = 0.00>
ST_1 : Operation 45 [1/1] (0.79ns)   --->   "%store_ln23 = store i32 0, i4 %tC_13_addr" [mmult_baseline.cpp:23]   --->   Operation 45 'store' 'store_ln23' <Predicate = (!icmp_ln21 & trunc_ln22 == 13)> <Delay = 0.79> <CoreInst = "RAM">   --->   Core 82 'RAM' <Latency = 1> <II = 1> <Delay = 0.79> <Storage> <Opcode : 'load' 'store'> <Ports = 2> <Width = 32> <Depth = 16> <RAM>
ST_1 : Operation 46 [1/1] (0.00ns)   --->   "%br_ln23 = br void %arrayidx148.exit" [mmult_baseline.cpp:23]   --->   Operation 46 'br' 'br_ln23' <Predicate = (!icmp_ln21 & trunc_ln22 == 13)> <Delay = 0.00>
ST_1 : Operation 47 [1/1] (0.79ns)   --->   "%store_ln23 = store i32 0, i4 %tC_12_addr" [mmult_baseline.cpp:23]   --->   Operation 47 'store' 'store_ln23' <Predicate = (!icmp_ln21 & trunc_ln22 == 12)> <Delay = 0.79> <CoreInst = "RAM">   --->   Core 82 'RAM' <Latency = 1> <II = 1> <Delay = 0.79> <Storage> <Opcode : 'load' 'store'> <Ports = 2> <Width = 32> <Depth = 16> <RAM>
ST_1 : Operation 48 [1/1] (0.00ns)   --->   "%br_ln23 = br void %arrayidx148.exit" [mmult_baseline.cpp:23]   --->   Operation 48 'br' 'br_ln23' <Predicate = (!icmp_ln21 & trunc_ln22 == 12)> <Delay = 0.00>
ST_1 : Operation 49 [1/1] (0.79ns)   --->   "%store_ln23 = store i32 0, i4 %tC_11_addr" [mmult_baseline.cpp:23]   --->   Operation 49 'store' 'store_ln23' <Predicate = (!icmp_ln21 & trunc_ln22 == 11)> <Delay = 0.79> <CoreInst = "RAM">   --->   Core 82 'RAM' <Latency = 1> <II = 1> <Delay = 0.79> <Storage> <Opcode : 'load' 'store'> <Ports = 2> <Width = 32> <Depth = 16> <RAM>
ST_1 : Operation 50 [1/1] (0.00ns)   --->   "%br_ln23 = br void %arrayidx148.exit" [mmult_baseline.cpp:23]   --->   Operation 50 'br' 'br_ln23' <Predicate = (!icmp_ln21 & trunc_ln22 == 11)> <Delay = 0.00>
ST_1 : Operation 51 [1/1] (0.79ns)   --->   "%store_ln23 = store i32 0, i4 %tC_10_addr" [mmult_baseline.cpp:23]   --->   Operation 51 'store' 'store_ln23' <Predicate = (!icmp_ln21 & trunc_ln22 == 10)> <Delay = 0.79> <CoreInst = "RAM">   --->   Core 82 'RAM' <Latency = 1> <II = 1> <Delay = 0.79> <Storage> <Opcode : 'load' 'store'> <Ports = 2> <Width = 32> <Depth = 16> <RAM>
ST_1 : Operation 52 [1/1] (0.00ns)   --->   "%br_ln23 = br void %arrayidx148.exit" [mmult_baseline.cpp:23]   --->   Operation 52 'br' 'br_ln23' <Predicate = (!icmp_ln21 & trunc_ln22 == 10)> <Delay = 0.00>
ST_1 : Operation 53 [1/1] (0.79ns)   --->   "%store_ln23 = store i32 0, i4 %tC_9_addr" [mmult_baseline.cpp:23]   --->   Operation 53 'store' 'store_ln23' <Predicate = (!icmp_ln21 & trunc_ln22 == 9)> <Delay = 0.79> <CoreInst = "RAM">   --->   Core 82 'RAM' <Latency = 1> <II = 1> <Delay = 0.79> <Storage> <Opcode : 'load' 'store'> <Ports = 2> <Width = 32> <Depth = 16> <RAM>
ST_1 : Operation 54 [1/1] (0.00ns)   --->   "%br_ln23 = br void %arrayidx148.exit" [mmult_baseline.cpp:23]   --->   Operation 54 'br' 'br_ln23' <Predicate = (!icmp_ln21 & trunc_ln22 == 9)> <Delay = 0.00>
ST_1 : Operation 55 [1/1] (0.79ns)   --->   "%store_ln23 = store i32 0, i4 %tC_8_addr" [mmult_baseline.cpp:23]   --->   Operation 55 'store' 'store_ln23' <Predicate = (!icmp_ln21 & trunc_ln22 == 8)> <Delay = 0.79> <CoreInst = "RAM">   --->   Core 82 'RAM' <Latency = 1> <II = 1> <Delay = 0.79> <Storage> <Opcode : 'load' 'store'> <Ports = 2> <Width = 32> <Depth = 16> <RAM>
ST_1 : Operation 56 [1/1] (0.00ns)   --->   "%br_ln23 = br void %arrayidx148.exit" [mmult_baseline.cpp:23]   --->   Operation 56 'br' 'br_ln23' <Predicate = (!icmp_ln21 & trunc_ln22 == 8)> <Delay = 0.00>
ST_1 : Operation 57 [1/1] (0.79ns)   --->   "%store_ln23 = store i32 0, i4 %tC_7_addr" [mmult_baseline.cpp:23]   --->   Operation 57 'store' 'store_ln23' <Predicate = (!icmp_ln21 & trunc_ln22 == 7)> <Delay = 0.79> <CoreInst = "RAM">   --->   Core 82 'RAM' <Latency = 1> <II = 1> <Delay = 0.79> <Storage> <Opcode : 'load' 'store'> <Ports = 2> <Width = 32> <Depth = 16> <RAM>
ST_1 : Operation 58 [1/1] (0.00ns)   --->   "%br_ln23 = br void %arrayidx148.exit" [mmult_baseline.cpp:23]   --->   Operation 58 'br' 'br_ln23' <Predicate = (!icmp_ln21 & trunc_ln22 == 7)> <Delay = 0.00>
ST_1 : Operation 59 [1/1] (0.79ns)   --->   "%store_ln23 = store i32 0, i4 %tC_6_addr" [mmult_baseline.cpp:23]   --->   Operation 59 'store' 'store_ln23' <Predicate = (!icmp_ln21 & trunc_ln22 == 6)> <Delay = 0.79> <CoreInst = "RAM">   --->   Core 82 'RAM' <Latency = 1> <II = 1> <Delay = 0.79> <Storage> <Opcode : 'load' 'store'> <Ports = 2> <Width = 32> <Depth = 16> <RAM>
ST_1 : Operation 60 [1/1] (0.00ns)   --->   "%br_ln23 = br void %arrayidx148.exit" [mmult_baseline.cpp:23]   --->   Operation 60 'br' 'br_ln23' <Predicate = (!icmp_ln21 & trunc_ln22 == 6)> <Delay = 0.00>
ST_1 : Operation 61 [1/1] (0.79ns)   --->   "%store_ln23 = store i32 0, i4 %tC_5_addr" [mmult_baseline.cpp:23]   --->   Operation 61 'store' 'store_ln23' <Predicate = (!icmp_ln21 & trunc_ln22 == 5)> <Delay = 0.79> <CoreInst = "RAM">   --->   Core 82 'RAM' <Latency = 1> <II = 1> <Delay = 0.79> <Storage> <Opcode : 'load' 'store'> <Ports = 2> <Width = 32> <Depth = 16> <RAM>
ST_1 : Operation 62 [1/1] (0.00ns)   --->   "%br_ln23 = br void %arrayidx148.exit" [mmult_baseline.cpp:23]   --->   Operation 62 'br' 'br_ln23' <Predicate = (!icmp_ln21 & trunc_ln22 == 5)> <Delay = 0.00>
ST_1 : Operation 63 [1/1] (0.79ns)   --->   "%store_ln23 = store i32 0, i4 %tC_4_addr" [mmult_baseline.cpp:23]   --->   Operation 63 'store' 'store_ln23' <Predicate = (!icmp_ln21 & trunc_ln22 == 4)> <Delay = 0.79> <CoreInst = "RAM">   --->   Core 82 'RAM' <Latency = 1> <II = 1> <Delay = 0.79> <Storage> <Opcode : 'load' 'store'> <Ports = 2> <Width = 32> <Depth = 16> <RAM>
ST_1 : Operation 64 [1/1] (0.00ns)   --->   "%br_ln23 = br void %arrayidx148.exit" [mmult_baseline.cpp:23]   --->   Operation 64 'br' 'br_ln23' <Predicate = (!icmp_ln21 & trunc_ln22 == 4)> <Delay = 0.00>
ST_1 : Operation 65 [1/1] (0.79ns)   --->   "%store_ln23 = store i32 0, i4 %tC_3_addr" [mmult_baseline.cpp:23]   --->   Operation 65 'store' 'store_ln23' <Predicate = (!icmp_ln21 & trunc_ln22 == 3)> <Delay = 0.79> <CoreInst = "RAM">   --->   Core 82 'RAM' <Latency = 1> <II = 1> <Delay = 0.79> <Storage> <Opcode : 'load' 'store'> <Ports = 2> <Width = 32> <Depth = 16> <RAM>
ST_1 : Operation 66 [1/1] (0.00ns)   --->   "%br_ln23 = br void %arrayidx148.exit" [mmult_baseline.cpp:23]   --->   Operation 66 'br' 'br_ln23' <Predicate = (!icmp_ln21 & trunc_ln22 == 3)> <Delay = 0.00>
ST_1 : Operation 67 [1/1] (0.79ns)   --->   "%store_ln23 = store i32 0, i4 %tC_2_addr" [mmult_baseline.cpp:23]   --->   Operation 67 'store' 'store_ln23' <Predicate = (!icmp_ln21 & trunc_ln22 == 2)> <Delay = 0.79> <CoreInst = "RAM">   --->   Core 82 'RAM' <Latency = 1> <II = 1> <Delay = 0.79> <Storage> <Opcode : 'load' 'store'> <Ports = 2> <Width = 32> <Depth = 16> <RAM>
ST_1 : Operation 68 [1/1] (0.00ns)   --->   "%br_ln23 = br void %arrayidx148.exit" [mmult_baseline.cpp:23]   --->   Operation 68 'br' 'br_ln23' <Predicate = (!icmp_ln21 & trunc_ln22 == 2)> <Delay = 0.00>
ST_1 : Operation 69 [1/1] (0.79ns)   --->   "%store_ln23 = store i32 0, i4 %tC_1_addr" [mmult_baseline.cpp:23]   --->   Operation 69 'store' 'store_ln23' <Predicate = (!icmp_ln21 & trunc_ln22 == 1)> <Delay = 0.79> <CoreInst = "RAM">   --->   Core 82 'RAM' <Latency = 1> <II = 1> <Delay = 0.79> <Storage> <Opcode : 'load' 'store'> <Ports = 2> <Width = 32> <Depth = 16> <RAM>
ST_1 : Operation 70 [1/1] (0.00ns)   --->   "%br_ln23 = br void %arrayidx148.exit" [mmult_baseline.cpp:23]   --->   Operation 70 'br' 'br_ln23' <Predicate = (!icmp_ln21 & trunc_ln22 == 1)> <Delay = 0.00>
ST_1 : Operation 71 [1/1] (0.79ns)   --->   "%store_ln23 = store i32 0, i4 %tC_addr" [mmult_baseline.cpp:23]   --->   Operation 71 'store' 'store_ln23' <Predicate = (!icmp_ln21 & trunc_ln22 == 0)> <Delay = 0.79> <CoreInst = "RAM">   --->   Core 82 'RAM' <Latency = 1> <II = 1> <Delay = 0.79> <Storage> <Opcode : 'load' 'store'> <Ports = 2> <Width = 32> <Depth = 16> <RAM>
ST_1 : Operation 72 [1/1] (0.00ns)   --->   "%br_ln23 = br void %arrayidx148.exit" [mmult_baseline.cpp:23]   --->   Operation 72 'br' 'br_ln23' <Predicate = (!icmp_ln21 & trunc_ln22 == 0)> <Delay = 0.00>
ST_1 : Operation 73 [1/1] (0.79ns)   --->   "%store_ln23 = store i32 0, i4 %tC_15_addr" [mmult_baseline.cpp:23]   --->   Operation 73 'store' 'store_ln23' <Predicate = (!icmp_ln21 & trunc_ln22 == 15)> <Delay = 0.79> <CoreInst = "RAM">   --->   Core 82 'RAM' <Latency = 1> <II = 1> <Delay = 0.79> <Storage> <Opcode : 'load' 'store'> <Ports = 2> <Width = 32> <Depth = 16> <RAM>
ST_1 : Operation 74 [1/1] (0.00ns)   --->   "%br_ln23 = br void %arrayidx148.exit" [mmult_baseline.cpp:23]   --->   Operation 74 'br' 'br_ln23' <Predicate = (!icmp_ln21 & trunc_ln22 == 15)> <Delay = 0.00>
ST_1 : Operation 75 [1/1] (0.87ns)   --->   "%add_ln22 = add i5 %select_ln21, i5 1" [mmult_baseline.cpp:22]   --->   Operation 75 'add' 'add_ln22' <Predicate = (!icmp_ln21)> <Delay = 0.87> <CoreInst = "Adder">   --->   Core 1 'Adder' <Latency = 0> <II = 1> <Delay = 0.87> <FuncUnit> <Opcode : 'add' 'sub'> <InPorts = 2> <OutPorts = 1>
ST_1 : Operation 76 [1/1] (0.48ns)   --->   "%store_ln21 = store i9 %add_ln21, i9 %indvar_flatten" [mmult_baseline.cpp:21]   --->   Operation 76 'store' 'store_ln21' <Predicate = (!icmp_ln21)> <Delay = 0.48>
ST_1 : Operation 77 [1/1] (0.48ns)   --->   "%store_ln21 = store i5 %select_ln21_1, i5 %i" [mmult_baseline.cpp:21]   --->   Operation 77 'store' 'store_ln21' <Predicate = (!icmp_ln21)> <Delay = 0.48>
ST_1 : Operation 78 [1/1] (0.48ns)   --->   "%store_ln22 = store i5 %add_ln22, i5 %j" [mmult_baseline.cpp:22]   --->   Operation 78 'store' 'store_ln22' <Predicate = (!icmp_ln21)> <Delay = 0.48>
ST_1 : Operation 79 [1/1] (0.00ns)   --->   "%br_ln22 = br void %for.inc" [mmult_baseline.cpp:22]   --->   Operation 79 'br' 'br_ln22' <Predicate = (!icmp_ln21)> <Delay = 0.00>
ST_1 : Operation 80 [1/1] (0.48ns)   --->   "%ret_ln0 = ret"   --->   Operation 80 'ret' 'ret_ln0' <Predicate = (icmp_ln21)> <Delay = 0.48>


============================================================
+ Verbose Summary: Timing violations
============================================================
Target clock period: 10.000ns, clock uncertainty: 2.700ns.

 <State 1>: 3.678ns
The critical path consists of the following:
	'store' operation 0 bit ('store_ln22', mmult_baseline.cpp:22) of constant 0 on local variable 'j', mmult_baseline.cpp:22 [22]  (0.489 ns)
	'load' operation 5 bit ('j_load', mmult_baseline.cpp:22) on local variable 'j', mmult_baseline.cpp:22 [30]  (0.000 ns)
	'icmp' operation 1 bit ('icmp_ln22', mmult_baseline.cpp:22) [34]  (0.878 ns)
	'select' operation 5 bit ('select_ln21', mmult_baseline.cpp:21) [35]  (0.480 ns)
	'store' operation 0 bit ('store_ln23', mmult_baseline.cpp:23) of constant 0 on array 'tC_13' [62]  (0.790 ns)
	blocking operation 1.04125 ns on control path)


============================================================
+ Verbose Summary: Binding
============================================================
N/A
* FSMD analyzer results:
  - Output states:
 - Input state : 
  - Chain level:
	State 1


============================================================
+ Verbose Summary: Datapath Resource usage 
============================================================
N/A
