

================================================================
== Vitis HLS Report for 'example'
================================================================
* Date:           Mon Feb  2 15:27:34 2026

* Version:        2024.1 (Build 5069499 on May 21 2024)
* Project:        example
* Solution:       hls (Vivado IP Flow Target)
* Product family: zynquplus
* Target device:  xczu3eg-sfvc784-2-e


================================================================
== Performance Estimates
================================================================
+ Timing: 
    * Summary: 
    +--------+----------+----------+------------+
    |  Clock |  Target  | Estimated| Uncertainty|
    +--------+----------+----------+------------+
    |ap_clk  |  10.00 ns|  1.592 ns|     2.70 ns|
    +--------+----------+----------+------------+

+ Latency: 
    * Summary: 
    +---------+---------+----------+----------+-----+-----+-----------------------------------------------+
    |  Latency (cycles) |  Latency (absolute) |  Interval |                    Pipeline                   |
    |   min   |   max   |    min   |    max   | min | max |                      Type                     |
    +---------+---------+----------+----------+-----+-----+-----------------------------------------------+
    |        ?|        ?|         ?|         ?|    0|    0|  loop auto-rewind stp(delay=0 clock cycles(s))|
    +---------+---------+----------+----------+-----+-----+-----------------------------------------------+

    + Detail: 
        * Instance: 
        N/A

        * Loop: 
        +-------------------+---------+---------+----------+-----------+-----------+------+----------+
        |                   |  Latency (cycles) | Iteration|  Initiation Interval  | Trip |          |
        |     Loop Name     |   min   |   max   |  Latency |  achieved |   target  | Count| Pipelined|
        +-------------------+---------+---------+----------+-----------+-----------+------+----------+
        |- VITIS_LOOP_13_1  |        ?|        ?|         2|          1|          1|     ?|       yes|
        +-------------------+---------+---------+----------+-----------+-----------+------+----------+

============================================================
+ Verbose Summary: Synthesis Manager
============================================================
InlineROM: 1
ExposeGlobal: 0
============================================================
+ Verbose Summary: CDFG Model
============================================================
IsTopModel: 1
ResetActiveHigh: 1
IsCombinational: 0
IsDatapathOnly: 0
HasWiredReturn: 1
HasMFsm: 2
HasVarLatency: 1
IsPipeline: 0
IsRtlPipelined: 0
IsInstanceOverlapped: 0
IsDontTouch: 0
HasImplIP: 0
IsGatedGlobalClock: 0

+ Individual pipeline summary: 
  * Pipeline-0: initiation interval (II) = 1, depth = 2


============================================================
+ Verbose Summary: Schedule
============================================================
* Number of FSM states : 2
* Pipeline : 1
  Pipeline-0 : II = 1, D = 2, States = { 1 2 }
* Dataflow Pipeline: 0

* FSM state transitions: 
1 --> 2 
2 --> 

* FSM state operations: 

State 1 <SV = 0> <Delay = 1.59>
ST_1 : Operation 5 [1/1] (0.00ns)   --->   "%spectopmodule_ln5 = spectopmodule void @_ssdm_op_SpecTopModule, void @empty_6" [../../../Downloads/axi_stream_tutorial/axi_stream_tutorial/example.cpp:5]   --->   Operation 5 'spectopmodule' 'spectopmodule_ln5' <Predicate = true> <Delay = 0.00>
ST_1 : Operation 6 [1/1] (0.00ns)   --->   "%specinterface_ln0 = specinterface void @_ssdm_op_SpecInterface, i32 %A_V_data_V, i4 %A_V_keep_V, i4 %A_V_strb_V, i2 %A_V_user_V, i1 %A_V_last_V, i5 %A_V_id_V, i6 %A_V_dest_V, void @empty, i32 1, i32 1, void @empty_0, i32 0, i32 0, void @empty_1, void @empty_1, void @empty_1, i32 0, i32 0, i32 0, i32 0, void @empty_1, void @empty_1, i32 4294967295, i32 0, i32 0"   --->   Operation 6 'specinterface' 'specinterface_ln0' <Predicate = true> <Delay = 0.00>
ST_1 : Operation 7 [1/1] (0.00ns)   --->   "%specbitsmap_ln0 = specbitsmap void @_ssdm_op_SpecBitsMap, i32 %A_V_data_V"   --->   Operation 7 'specbitsmap' 'specbitsmap_ln0' <Predicate = true> <Delay = 0.00>
ST_1 : Operation 8 [1/1] (0.00ns)   --->   "%specbitsmap_ln0 = specbitsmap void @_ssdm_op_SpecBitsMap, i4 %A_V_keep_V"   --->   Operation 8 'specbitsmap' 'specbitsmap_ln0' <Predicate = true> <Delay = 0.00>
ST_1 : Operation 9 [1/1] (0.00ns)   --->   "%specbitsmap_ln0 = specbitsmap void @_ssdm_op_SpecBitsMap, i4 %A_V_strb_V"   --->   Operation 9 'specbitsmap' 'specbitsmap_ln0' <Predicate = true> <Delay = 0.00>
ST_1 : Operation 10 [1/1] (0.00ns)   --->   "%specbitsmap_ln0 = specbitsmap void @_ssdm_op_SpecBitsMap, i2 %A_V_user_V"   --->   Operation 10 'specbitsmap' 'specbitsmap_ln0' <Predicate = true> <Delay = 0.00>
ST_1 : Operation 11 [1/1] (0.00ns)   --->   "%specbitsmap_ln0 = specbitsmap void @_ssdm_op_SpecBitsMap, i1 %A_V_last_V"   --->   Operation 11 'specbitsmap' 'specbitsmap_ln0' <Predicate = true> <Delay = 0.00>
ST_1 : Operation 12 [1/1] (0.00ns)   --->   "%specbitsmap_ln0 = specbitsmap void @_ssdm_op_SpecBitsMap, i5 %A_V_id_V"   --->   Operation 12 'specbitsmap' 'specbitsmap_ln0' <Predicate = true> <Delay = 0.00>
ST_1 : Operation 13 [1/1] (0.00ns)   --->   "%specbitsmap_ln0 = specbitsmap void @_ssdm_op_SpecBitsMap, i6 %A_V_dest_V"   --->   Operation 13 'specbitsmap' 'specbitsmap_ln0' <Predicate = true> <Delay = 0.00>
ST_1 : Operation 14 [1/1] (0.00ns)   --->   "%specinterface_ln0 = specinterface void @_ssdm_op_SpecInterface, i32 %B_V_data_V, i4 %B_V_keep_V, i4 %B_V_strb_V, i2 %B_V_user_V, i1 %B_V_last_V, i5 %B_V_id_V, i6 %B_V_dest_V, void @empty, i32 1, i32 1, void @empty_0, i32 0, i32 0, void @empty_1, void @empty_1, void @empty_1, i32 0, i32 0, i32 0, i32 0, void @empty_1, void @empty_1, i32 4294967295, i32 0, i32 0"   --->   Operation 14 'specinterface' 'specinterface_ln0' <Predicate = true> <Delay = 0.00>
ST_1 : Operation 15 [1/1] (0.00ns)   --->   "%specbitsmap_ln0 = specbitsmap void @_ssdm_op_SpecBitsMap, i32 %B_V_data_V"   --->   Operation 15 'specbitsmap' 'specbitsmap_ln0' <Predicate = true> <Delay = 0.00>
ST_1 : Operation 16 [1/1] (0.00ns)   --->   "%specbitsmap_ln0 = specbitsmap void @_ssdm_op_SpecBitsMap, i4 %B_V_keep_V"   --->   Operation 16 'specbitsmap' 'specbitsmap_ln0' <Predicate = true> <Delay = 0.00>
ST_1 : Operation 17 [1/1] (0.00ns)   --->   "%specbitsmap_ln0 = specbitsmap void @_ssdm_op_SpecBitsMap, i4 %B_V_strb_V"   --->   Operation 17 'specbitsmap' 'specbitsmap_ln0' <Predicate = true> <Delay = 0.00>
ST_1 : Operation 18 [1/1] (0.00ns)   --->   "%specbitsmap_ln0 = specbitsmap void @_ssdm_op_SpecBitsMap, i2 %B_V_user_V"   --->   Operation 18 'specbitsmap' 'specbitsmap_ln0' <Predicate = true> <Delay = 0.00>
ST_1 : Operation 19 [1/1] (0.00ns)   --->   "%specbitsmap_ln0 = specbitsmap void @_ssdm_op_SpecBitsMap, i1 %B_V_last_V"   --->   Operation 19 'specbitsmap' 'specbitsmap_ln0' <Predicate = true> <Delay = 0.00>
ST_1 : Operation 20 [1/1] (0.00ns)   --->   "%specbitsmap_ln0 = specbitsmap void @_ssdm_op_SpecBitsMap, i5 %B_V_id_V"   --->   Operation 20 'specbitsmap' 'specbitsmap_ln0' <Predicate = true> <Delay = 0.00>
ST_1 : Operation 21 [1/1] (0.00ns)   --->   "%specbitsmap_ln0 = specbitsmap void @_ssdm_op_SpecBitsMap, i6 %B_V_dest_V"   --->   Operation 21 'specbitsmap' 'specbitsmap_ln0' <Predicate = true> <Delay = 0.00>
ST_1 : Operation 22 [1/1] (0.00ns)   --->   "%specinterface_ln0 = specinterface void @_ssdm_op_SpecInterface, i32 0, void @empty_2, i32 0, i32 0, void @empty_1, i32 0, i32 0, void @empty_3, void @empty_1, void @empty_1, i32 0, i32 0, i32 0, i32 0, void @empty_1, void @empty_1, i32 4294967295, i32 0, i32 0"   --->   Operation 22 'specinterface' 'specinterface_ln0' <Predicate = true> <Delay = 0.00>
ST_1 : Operation 23 [1/1] (0.00ns)   --->   "%specaxissidechannel_ln13 = specaxissidechannel void @_ssdm_op_SpecAXISSideChannel, i32 %B_V_data_V, i4 %B_V_keep_V, i4 %B_V_strb_V, i2 %B_V_user_V, i1 %B_V_last_V, i5 %B_V_id_V, i6 %B_V_dest_V, void @empty_4" [../../../Downloads/axi_stream_tutorial/axi_stream_tutorial/example.cpp:13]   --->   Operation 23 'specaxissidechannel' 'specaxissidechannel_ln13' <Predicate = true> <Delay = 0.00>
ST_1 : Operation 24 [1/1] (0.00ns)   --->   "%specaxissidechannel_ln13 = specaxissidechannel void @_ssdm_op_SpecAXISSideChannel, i32 %A_V_data_V, i4 %A_V_keep_V, i4 %A_V_strb_V, i2 %A_V_user_V, i1 %A_V_last_V, i5 %A_V_id_V, i6 %A_V_dest_V, void @empty_5" [../../../Downloads/axi_stream_tutorial/axi_stream_tutorial/example.cpp:13]   --->   Operation 24 'specaxissidechannel' 'specaxissidechannel_ln13' <Predicate = true> <Delay = 0.00>
ST_1 : Operation 25 [1/1] (0.00ns)   --->   "%br_ln13 = br void %while.body" [../../../Downloads/axi_stream_tutorial/axi_stream_tutorial/example.cpp:13]   --->   Operation 25 'br' 'br_ln13' <Predicate = true> <Delay = 0.00>
ST_1 : Operation 26 [1/1] (0.07ns)   --->   "%empty = read i54 @_ssdm_op_Read.axis.volatile.i32P0A.i4P0A.i4P0A.i2P0A.i1P0A.i5P0A.i6P0A, i32 %A_V_data_V, i4 %A_V_keep_V, i4 %A_V_strb_V, i2 %A_V_user_V, i1 %A_V_last_V, i5 %A_V_id_V, i6 %A_V_dest_V" [../../../Downloads/axi_stream_tutorial/axi_stream_tutorial/example.cpp:15]   --->   Operation 26 'read' 'empty' <Predicate = true> <Delay = 0.07> <CoreInst = "regslice">   --->   Core 148 'regslice' <Latency = 0> <II = 1> <Delay = 0.65> <Adapter> <Opcode : 'read' 'write'>
ST_1 : Operation 27 [1/1] (0.00ns) (grouped into LUT with out node tmp_data_1)   --->   "%tmp_data = extractvalue i54 %empty" [../../../Downloads/axi_stream_tutorial/axi_stream_tutorial/example.cpp:15]   --->   Operation 27 'extractvalue' 'tmp_data' <Predicate = true> <Delay = 0.00>
ST_1 : Operation 28 [1/1] (0.00ns)   --->   "%tmp_keep = extractvalue i54 %empty" [../../../Downloads/axi_stream_tutorial/axi_stream_tutorial/example.cpp:15]   --->   Operation 28 'extractvalue' 'tmp_keep' <Predicate = true> <Delay = 0.00>
ST_1 : Operation 29 [1/1] (0.00ns)   --->   "%tmp_strb = extractvalue i54 %empty" [../../../Downloads/axi_stream_tutorial/axi_stream_tutorial/example.cpp:15]   --->   Operation 29 'extractvalue' 'tmp_strb' <Predicate = true> <Delay = 0.00>
ST_1 : Operation 30 [1/1] (0.00ns)   --->   "%tmp_user = extractvalue i54 %empty" [../../../Downloads/axi_stream_tutorial/axi_stream_tutorial/example.cpp:15]   --->   Operation 30 'extractvalue' 'tmp_user' <Predicate = true> <Delay = 0.00>
ST_1 : Operation 31 [1/1] (0.00ns)   --->   "%tmp_last = extractvalue i54 %empty" [../../../Downloads/axi_stream_tutorial/axi_stream_tutorial/example.cpp:15]   --->   Operation 31 'extractvalue' 'tmp_last' <Predicate = true> <Delay = 0.00>
ST_1 : Operation 32 [1/1] (0.00ns)   --->   "%tmp_id = extractvalue i54 %empty" [../../../Downloads/axi_stream_tutorial/axi_stream_tutorial/example.cpp:15]   --->   Operation 32 'extractvalue' 'tmp_id' <Predicate = true> <Delay = 0.00>
ST_1 : Operation 33 [1/1] (0.00ns)   --->   "%tmp_dest = extractvalue i54 %empty" [../../../Downloads/axi_stream_tutorial/axi_stream_tutorial/example.cpp:15]   --->   Operation 33 'extractvalue' 'tmp_dest' <Predicate = true> <Delay = 0.00>
ST_1 : Operation 34 [1/1] (1.01ns) (out node of the LUT)   --->   "%tmp_data_1 = add i32 %tmp_data, i32 5" [../../../Downloads/axi_stream_tutorial/axi_stream_tutorial/example.cpp:16]   --->   Operation 34 'add' 'tmp_data_1' <Predicate = true> <Delay = 1.01> <CoreInst = "Adder">   --->   Core 1 'Adder' <Latency = 0> <II = 1> <Delay = 1.01> <FuncUnit> <Opcode : 'add' 'sub'> <InPorts = 2> <OutPorts = 1>
ST_1 : Operation 35 [2/2] (0.49ns)   --->   "%write_ln17 = write void @_ssdm_op_Write.axis.volatile.i32P0A.i4P0A.i4P0A.i2P0A.i1P0A.i5P0A.i6P0A, i32 %B_V_data_V, i4 %B_V_keep_V, i4 %B_V_strb_V, i2 %B_V_user_V, i1 %B_V_last_V, i5 %B_V_id_V, i6 %B_V_dest_V, i32 %tmp_data_1, i4 %tmp_keep, i4 %tmp_strb, i2 %tmp_user, i1 %tmp_last, i5 %tmp_id, i6 %tmp_dest" [../../../Downloads/axi_stream_tutorial/axi_stream_tutorial/example.cpp:17]   --->   Operation 35 'write' 'write_ln17' <Predicate = true> <Delay = 0.49> <CoreInst = "regslice">   --->   Core 148 'regslice' <Latency = 0> <II = 1> <Delay = 0.65> <Adapter> <Opcode : 'read' 'write'>
ST_1 : Operation 36 [1/1] (0.00ns)   --->   "%br_ln18 = br i1 %tmp_last, void %if.end, void %while.end" [../../../Downloads/axi_stream_tutorial/axi_stream_tutorial/example.cpp:18]   --->   Operation 36 'br' 'br_ln18' <Predicate = true> <Delay = 0.00>
ST_1 : Operation 37 [1/1] (0.00ns)   --->   "%specpipeline_ln13 = specpipeline void @_ssdm_op_SpecPipeline, i32 4294967295, i32 0, i32 0, i32 0, void @empty_1" [../../../Downloads/axi_stream_tutorial/axi_stream_tutorial/example.cpp:13]   --->   Operation 37 'specpipeline' 'specpipeline_ln13' <Predicate = (!tmp_last)> <Delay = 0.00>
ST_1 : Operation 38 [1/1] (0.00ns)   --->   "%specloopname_ln13 = specloopname void @_ssdm_op_SpecLoopName, void @empty_7" [../../../Downloads/axi_stream_tutorial/axi_stream_tutorial/example.cpp:13]   --->   Operation 38 'specloopname' 'specloopname_ln13' <Predicate = (!tmp_last)> <Delay = 0.00>
ST_1 : Operation 39 [1/1] (0.00ns)   --->   "%br_ln13 = br void %while.body" [../../../Downloads/axi_stream_tutorial/axi_stream_tutorial/example.cpp:13]   --->   Operation 39 'br' 'br_ln13' <Predicate = (!tmp_last)> <Delay = 0.00>

State 2 <SV = 1> <Delay = 0.49>
ST_2 : Operation 40 [1/2] (0.49ns)   --->   "%write_ln17 = write void @_ssdm_op_Write.axis.volatile.i32P0A.i4P0A.i4P0A.i2P0A.i1P0A.i5P0A.i6P0A, i32 %B_V_data_V, i4 %B_V_keep_V, i4 %B_V_strb_V, i2 %B_V_user_V, i1 %B_V_last_V, i5 %B_V_id_V, i6 %B_V_dest_V, i32 %tmp_data_1, i4 %tmp_keep, i4 %tmp_strb, i2 %tmp_user, i1 %tmp_last, i5 %tmp_id, i6 %tmp_dest" [../../../Downloads/axi_stream_tutorial/axi_stream_tutorial/example.cpp:17]   --->   Operation 40 'write' 'write_ln17' <Predicate = true> <Delay = 0.49> <CoreInst = "regslice">   --->   Core 148 'regslice' <Latency = 0> <II = 1> <Delay = 0.65> <Adapter> <Opcode : 'read' 'write'>
ST_2 : Operation 41 [1/1] (0.42ns)   --->   "%ret_ln25 = ret" [../../../Downloads/axi_stream_tutorial/axi_stream_tutorial/example.cpp:25]   --->   Operation 41 'ret' 'ret_ln25' <Predicate = (tmp_last)> <Delay = 0.42>


============================================================
+ Verbose Summary: Timing violations
============================================================
Target clock period: 10.000ns, clock uncertainty: 2.700ns.

 <State 1>: 1.592ns
The critical path consists of the following:
	axis read operation ('empty', ../../../Downloads/axi_stream_tutorial/axi_stream_tutorial/example.cpp:15) on port 'A_V_data_V' (../../../Downloads/axi_stream_tutorial/axi_stream_tutorial/example.cpp:15) [37]  (0.079 ns)
	'add' operation 32 bit ('tmp.data', ../../../Downloads/axi_stream_tutorial/axi_stream_tutorial/example.cpp:16) [45]  (1.016 ns)
	axis write operation ('write_ln17', ../../../Downloads/axi_stream_tutorial/axi_stream_tutorial/example.cpp:17) on port 'B_V_data_V' (../../../Downloads/axi_stream_tutorial/axi_stream_tutorial/example.cpp:17) [46]  (0.497 ns)

 <State 2>: 0.497ns
The critical path consists of the following:
	axis write operation ('write_ln17', ../../../Downloads/axi_stream_tutorial/axi_stream_tutorial/example.cpp:17) on port 'B_V_data_V' (../../../Downloads/axi_stream_tutorial/axi_stream_tutorial/example.cpp:17) [46]  (0.497 ns)


============================================================
+ Verbose Summary: Binding
============================================================
N/A
* FSMD analyzer results:
  - Output states:
 - Input state : 
  - Chain level:
	State 1
	State 2


============================================================
+ Verbose Summary: Datapath Resource usage 
============================================================
N/A
