

================================================================
== Vitis HLS Report for 'mmult_hw_Pipeline_load_a_VITIS_LOOP_27_1'
================================================================
* Date:           Mon Feb 23 00:37:45 2026

* Version:        2024.1 (Build 5069499 on May 21 2024)
* Project:        matmul_D12_Tiled_AP
* Solution:       hls (Vivado IP Flow Target)
* Product family: zynquplus
* Target device:  xczu3eg-sbva484-1-e


================================================================
== Performance Estimates
================================================================
+ Timing: 
    * Summary: 
    +--------+----------+----------+------------+
    |  Clock |  Target  | Estimated| Uncertainty|
    +--------+----------+----------+------------+
    |ap_clk  |  10.00 ns|  7.300 ns|     2.70 ns|
    +--------+----------+----------+------------+

+ Latency: 
    * Summary: 
    +---------+---------+----------+----------+-----+-----+-----------------------------------------------+
    |  Latency (cycles) |  Latency (absolute) |  Interval |                    Pipeline                   |
    |   min   |   max   |    min   |    max   | min | max |                      Type                     |
    +---------+---------+----------+----------+-----+-----+-----------------------------------------------+
    |      268|      268|  2.680 us|  2.680 us|  257|  257|  loop auto-rewind stp(delay=0 clock cycles(s))|
    +---------+---------+----------+----------+-----+-----+-----------------------------------------------+

    + Detail: 
        * Instance: 
        N/A

        * Loop: 
        +--------------------------+---------+---------+----------+-----------+-----------+------+----------+
        |                          |  Latency (cycles) | Iteration|  Initiation Interval  | Trip |          |
        |         Loop Name        |   min   |   max   |  Latency |  achieved |   target  | Count| Pipelined|
        +--------------------------+---------+---------+----------+-----------+-----------+------+----------+
        |- load_a_VITIS_LOOP_27_1  |      266|      266|        12|          1|          1|   256|       yes|
        +--------------------------+---------+---------+----------+-----------+-----------+------+----------+

============================================================
+ Verbose Summary: Synthesis Manager
============================================================
InlineROM: 1
ExposeGlobal: 0
============================================================
+ Verbose Summary: CDFG Model
============================================================
IsTopModel: 0
ResetActiveHigh: 1
IsCombinational: 0
IsDatapathOnly: 0
HasWiredReturn: 1
HasMFsm: 2
HasVarLatency: 1
IsPipeline: 0
IsRtlPipelined: 0
IsInstanceOverlapped: 0
IsDontTouch: 0
HasImplIP: 0
IsGatedGlobalClock: 0

+ Individual pipeline summary: 
  * Pipeline-0: initiation interval (II) = 1, depth = 12


============================================================
+ Verbose Summary: Schedule
============================================================
* Number of FSM states : 12
* Pipeline : 1
  Pipeline-0 : II = 1, D = 12, States = { 1 2 3 4 5 6 7 8 9 10 11 12 }
* Dataflow Pipeline: 0

* FSM state transitions: 
1 --> 2 
2 --> 3 
3 --> 4 
4 --> 5 
5 --> 6 
6 --> 7 
7 --> 8 
8 --> 9 
9 --> 10 
10 --> 11 
11 --> 12 
12 --> 

* FSM state operations: 

State 1 <SV = 0> <Delay = 3.21>
ST_1 : Operation 15 [1/1] (0.00ns)   --->   "%k = alloca i32 1" [mmult_baseline.cpp:27]   --->   Operation 15 'alloca' 'k' <Predicate = true> <Delay = 0.00>
ST_1 : Operation 16 [1/1] (0.00ns)   --->   "%i = alloca i32 1" [mmult_baseline.cpp:26]   --->   Operation 16 'alloca' 'i' <Predicate = true> <Delay = 0.00>
ST_1 : Operation 17 [1/1] (0.00ns)   --->   "%indvar_flatten6 = alloca i32 1"   --->   Operation 17 'alloca' 'indvar_flatten6' <Predicate = true> <Delay = 0.00>
ST_1 : Operation 18 [1/1] (0.00ns)   --->   "%in1_read = read i64 @_ssdm_op_Read.ap_auto.i64, i64 %in1"   --->   Operation 18 'read' 'in1_read' <Predicate = true> <Delay = 0.00>
ST_1 : Operation 19 [1/1] (0.00ns)   --->   "%zext_ln26_read = read i7 @_ssdm_op_Read.ap_auto.i7, i7 %zext_ln26"   --->   Operation 19 'read' 'zext_ln26_read' <Predicate = true> <Delay = 0.00>
ST_1 : Operation 20 [1/1] (0.00ns)   --->   "%tmp = read i39 @_ssdm_op_Read.ap_auto.i39, i39 %empty"   --->   Operation 20 'read' 'tmp' <Predicate = true> <Delay = 0.00>
ST_1 : Operation 21 [1/1] (0.00ns)   --->   "%dim_cast6_read = read i32 @_ssdm_op_Read.ap_auto.i32, i32 %dim_cast6"   --->   Operation 21 'read' 'dim_cast6_read' <Predicate = true> <Delay = 0.00>
ST_1 : Operation 22 [1/1] (0.00ns)   --->   "%dim_cast6_cast = sext i32 %dim_cast6_read"   --->   Operation 22 'sext' 'dim_cast6_cast' <Predicate = true> <Delay = 0.00>
ST_1 : Operation 23 [1/1] (0.00ns)   --->   "%zext_ln26_cast = zext i7 %zext_ln26_read"   --->   Operation 23 'zext' 'zext_ln26_cast' <Predicate = true> <Delay = 0.00>
ST_1 : Operation 24 [1/1] (0.00ns)   --->   "%p_cast = sext i39 %tmp"   --->   Operation 24 'sext' 'p_cast' <Predicate = true> <Delay = 0.00>
ST_1 : Operation 25 [1/1] (0.00ns)   --->   "%specinterface_ln0 = specinterface void @_ssdm_op_SpecInterface, i32 %gmem, void @empty, i32 0, i32 0, void @empty_0, i32 0, i32 16384, void @empty_1, void @empty_2, void @empty_0, i32 16, i32 16, i32 16, i32 16, void @empty_0, void @empty_0, i32 4294967295, i32 0, i32 0"   --->   Operation 25 'specinterface' 'specinterface_ln0' <Predicate = true> <Delay = 0.00>
ST_1 : Operation 26 [1/1] (0.48ns)   --->   "%store_ln0 = store i9 0, i9 %indvar_flatten6"   --->   Operation 26 'store' 'store_ln0' <Predicate = true> <Delay = 0.48>
ST_1 : Operation 27 [1/1] (0.48ns)   --->   "%store_ln26 = store i5 0, i5 %i" [mmult_baseline.cpp:26]   --->   Operation 27 'store' 'store_ln26' <Predicate = true> <Delay = 0.48>
ST_1 : Operation 28 [1/1] (0.48ns)   --->   "%store_ln27 = store i5 0, i5 %k" [mmult_baseline.cpp:27]   --->   Operation 28 'store' 'store_ln27' <Predicate = true> <Delay = 0.48>
ST_1 : Operation 29 [1/1] (0.00ns)   --->   "%br_ln0 = br void %for.inc41"   --->   Operation 29 'br' 'br_ln0' <Predicate = true> <Delay = 0.00>
ST_1 : Operation 30 [1/1] (0.00ns)   --->   "%indvar_flatten6_load = load i9 %indvar_flatten6" [mmult_baseline.cpp:26]   --->   Operation 30 'load' 'indvar_flatten6_load' <Predicate = true> <Delay = 0.00>
ST_1 : Operation 31 [1/1] (0.00ns)   --->   "%specbitsmap_ln0 = specbitsmap void @_ssdm_op_SpecBitsMap, i32 %gmem"   --->   Operation 31 'specbitsmap' 'specbitsmap_ln0' <Predicate = true> <Delay = 0.00>
ST_1 : Operation 32 [1/1] (0.92ns)   --->   "%icmp_ln26 = icmp_eq  i9 %indvar_flatten6_load, i9 256" [mmult_baseline.cpp:26]   --->   Operation 32 'icmp' 'icmp_ln26' <Predicate = true> <Delay = 0.92> <CoreInst = "Cmp">   --->   Core 9 'Cmp' <Latency = 0> <II = 1> <Delay = 0.92> <FuncUnit> <Opcode : 'seteq' 'setne' 'setle' 'setge' 'setlt' 'setgt'> <InPorts = 2> <OutPorts = 1>
ST_1 : Operation 33 [1/1] (0.92ns)   --->   "%add_ln26_4 = add i9 %indvar_flatten6_load, i9 1" [mmult_baseline.cpp:26]   --->   Operation 33 'add' 'add_ln26_4' <Predicate = true> <Delay = 0.92> <CoreInst = "Adder">   --->   Core 1 'Adder' <Latency = 0> <II = 1> <Delay = 0.92> <FuncUnit> <Opcode : 'add' 'sub'> <InPorts = 2> <OutPorts = 1>
ST_1 : Operation 34 [1/1] (0.00ns)   --->   "%br_ln26 = br i1 %icmp_ln26, void %for.inc44, void %load_b.exitStub" [mmult_baseline.cpp:26]   --->   Operation 34 'br' 'br_ln26' <Predicate = true> <Delay = 0.00>
ST_1 : Operation 35 [1/1] (0.00ns)   --->   "%k_load = load i5 %k" [mmult_baseline.cpp:27]   --->   Operation 35 'load' 'k_load' <Predicate = (!icmp_ln26)> <Delay = 0.00>
ST_1 : Operation 36 [1/1] (0.00ns)   --->   "%i_load = load i5 %i" [mmult_baseline.cpp:26]   --->   Operation 36 'load' 'i_load' <Predicate = (!icmp_ln26)> <Delay = 0.00>
ST_1 : Operation 37 [1/1] (0.87ns)   --->   "%add_ln26_2 = add i5 %i_load, i5 1" [mmult_baseline.cpp:26]   --->   Operation 37 'add' 'add_ln26_2' <Predicate = (!icmp_ln26)> <Delay = 0.87> <CoreInst = "Adder">   --->   Core 1 'Adder' <Latency = 0> <II = 1> <Delay = 0.87> <FuncUnit> <Opcode : 'add' 'sub'> <InPorts = 2> <OutPorts = 1>
ST_1 : Operation 38 [1/1] (0.87ns)   --->   "%icmp_ln27 = icmp_eq  i5 %k_load, i5 16" [mmult_baseline.cpp:27]   --->   Operation 38 'icmp' 'icmp_ln27' <Predicate = (!icmp_ln26)> <Delay = 0.87> <CoreInst = "Cmp">   --->   Core 9 'Cmp' <Latency = 0> <II = 1> <Delay = 0.87> <FuncUnit> <Opcode : 'seteq' 'setne' 'setle' 'setge' 'setlt' 'setgt'> <InPorts = 2> <OutPorts = 1>
ST_1 : Operation 39 [1/1] (0.48ns)   --->   "%select_ln26 = select i1 %icmp_ln27, i5 0, i5 %k_load" [mmult_baseline.cpp:26]   --->   Operation 39 'select' 'select_ln26' <Predicate = (!icmp_ln26)> <Delay = 0.48> <CoreInst = "Sel">   --->   Core 73 'Sel' <Latency = 0> <II = 1> <Delay = 0.48> <FuncUnit> <Opcode : 'select'> <InPorts = 3> <OutPorts = 1>
ST_1 : Operation 40 [1/1] (0.48ns)   --->   "%select_ln26_1 = select i1 %icmp_ln27, i5 %add_ln26_2, i5 %i_load" [mmult_baseline.cpp:26]   --->   Operation 40 'select' 'select_ln26_1' <Predicate = (!icmp_ln26)> <Delay = 0.48> <CoreInst = "Sel">   --->   Core 73 'Sel' <Latency = 0> <II = 1> <Delay = 0.48> <FuncUnit> <Opcode : 'select'> <InPorts = 3> <OutPorts = 1>
ST_1 : Operation 41 [1/1] (0.00ns)   --->   "%empty_35 = trunc i5 %select_ln26_1" [mmult_baseline.cpp:26]   --->   Operation 41 'trunc' 'empty_35' <Predicate = (!icmp_ln26)> <Delay = 0.00>
ST_1 : Operation 42 [1/1] (0.87ns)   --->   "%first_iter_1 = icmp_eq  i5 %select_ln26, i5 0" [mmult_baseline.cpp:26]   --->   Operation 42 'icmp' 'first_iter_1' <Predicate = (!icmp_ln26)> <Delay = 0.87> <CoreInst = "Cmp">   --->   Core 9 'Cmp' <Latency = 0> <II = 1> <Delay = 0.87> <FuncUnit> <Opcode : 'seteq' 'setne' 'setle' 'setge' 'setlt' 'setgt'> <InPorts = 2> <OutPorts = 1>
ST_1 : Operation 43 [1/1] (0.00ns)   --->   "%br_ln27 = br i1 %first_iter_1, void %for.inc41.split, void %for.first.iter.for.inc41" [mmult_baseline.cpp:27]   --->   Operation 43 'br' 'br_ln27' <Predicate = (!icmp_ln26)> <Delay = 0.00>
ST_1 : Operation 44 [1/1] (0.00ns)   --->   "%trunc_ln27 = trunc i5 %select_ln26" [mmult_baseline.cpp:27]   --->   Operation 44 'trunc' 'trunc_ln27' <Predicate = (!icmp_ln26)> <Delay = 0.00>
ST_1 : Operation 45 [1/1] (0.00ns)   --->   "%lshr_ln1 = partselect i2 @_ssdm_op_PartSelect.i2.i5.i32.i32, i5 %select_ln26, i32 2, i32 3" [mmult_baseline.cpp:27]   --->   Operation 45 'partselect' 'lshr_ln1' <Predicate = (!icmp_ln26)> <Delay = 0.00>
ST_1 : Operation 46 [1/1] (1.03ns)   --->   "%switch_ln28 = switch i2 %trunc_ln27, void %arrayidx407.case.3, i2 0, void %arrayidx407.case.0, i2 1, void %arrayidx407.case.1, i2 2, void %arrayidx407.case.2" [mmult_baseline.cpp:28]   --->   Operation 46 'switch' 'switch_ln28' <Predicate = (!icmp_ln26)> <Delay = 1.03>
ST_1 : Operation 47 [1/1] (0.87ns)   --->   "%add_ln27 = add i5 %select_ln26, i5 1" [mmult_baseline.cpp:27]   --->   Operation 47 'add' 'add_ln27' <Predicate = (!icmp_ln26)> <Delay = 0.87> <CoreInst = "Adder">   --->   Core 1 'Adder' <Latency = 0> <II = 1> <Delay = 0.87> <FuncUnit> <Opcode : 'add' 'sub'> <InPorts = 2> <OutPorts = 1>
ST_1 : Operation 48 [1/1] (0.48ns)   --->   "%store_ln26 = store i9 %add_ln26_4, i9 %indvar_flatten6" [mmult_baseline.cpp:26]   --->   Operation 48 'store' 'store_ln26' <Predicate = (!icmp_ln26)> <Delay = 0.48>
ST_1 : Operation 49 [1/1] (0.48ns)   --->   "%store_ln26 = store i5 %select_ln26_1, i5 %i" [mmult_baseline.cpp:26]   --->   Operation 49 'store' 'store_ln26' <Predicate = (!icmp_ln26)> <Delay = 0.48>
ST_1 : Operation 50 [1/1] (0.48ns)   --->   "%store_ln27 = store i5 %add_ln27, i5 %k" [mmult_baseline.cpp:27]   --->   Operation 50 'store' 'store_ln27' <Predicate = (!icmp_ln26)> <Delay = 0.48>
ST_1 : Operation 51 [1/1] (0.00ns)   --->   "%br_ln27 = br void %for.inc41" [mmult_baseline.cpp:27]   --->   Operation 51 'br' 'br_ln27' <Predicate = (!icmp_ln26)> <Delay = 0.00>

State 2 <SV = 1> <Delay = 6.26>
ST_2 : Operation 52 [1/1] (0.00ns)   --->   "%specloopname_ln0 = specloopname void @_ssdm_op_SpecLoopName, void @load_a_VITIS_LOOP_27_1_str"   --->   Operation 52 'specloopname' 'specloopname_ln0' <Predicate = true> <Delay = 0.00>
ST_2 : Operation 53 [1/1] (0.00ns)   --->   "%speclooptripcount_ln0 = speclooptripcount void @_ssdm_op_SpecLoopTripCount, i64 256, i64 256, i64 256"   --->   Operation 53 'speclooptripcount' 'speclooptripcount_ln0' <Predicate = true> <Delay = 0.00>
ST_2 : Operation 54 [1/1] (0.00ns)   --->   "%zext_ln26_1 = zext i5 %select_ln26_1" [mmult_baseline.cpp:26]   --->   Operation 54 'zext' 'zext_ln26_1' <Predicate = true> <Delay = 0.00>
ST_2 : Operation 55 [1/1] (3.88ns)   --->   "%mul_ln26 = mul i37 %zext_ln26_1, i37 %dim_cast6_cast" [mmult_baseline.cpp:26]   --->   Operation 55 'mul' 'mul_ln26' <Predicate = true> <Delay = 3.88> <CoreInst = "Multiplier">   --->   Core 3 'Multiplier' <Latency = 0> <II = 1> <Delay = 3.88> <FuncUnit> <Opcode : 'mul'> <InPorts = 2> <OutPorts = 1>
ST_2 : Operation 56 [1/1] (0.00ns)   --->   "%sext_ln26 = sext i37 %mul_ln26" [mmult_baseline.cpp:26]   --->   Operation 56 'sext' 'sext_ln26' <Predicate = true> <Delay = 0.00>
ST_2 : Operation 57 [1/1] (0.00ns) (grouped into TernaryAdder)   --->   "%add_ln26 = add i40 %p_cast, i40 %sext_ln26" [mmult_baseline.cpp:26]   --->   Operation 57 'add' 'add_ln26' <Predicate = true> <Delay = 0.00> <CoreInst = "TAddSub">   --->   Core 10 'TAddSub' <Latency = 0> <II = 1> <Delay = 0.45> <IPBlock> <Opcode : '' 'add' 'sub'> <InPorts = 3> <OutPorts = 1> <Sync> <CReg>
ST_2 : Operation 58 [1/1] (0.91ns) (root node of TernaryAdder)   --->   "%add_ln26_3 = add i40 %add_ln26, i40 %zext_ln26_cast" [mmult_baseline.cpp:26]   --->   Operation 58 'add' 'add_ln26_3' <Predicate = true> <Delay = 0.91> <CoreInst = "TAddSub">   --->   Core 10 'TAddSub' <Latency = 0> <II = 1> <Delay = 0.45> <IPBlock> <Opcode : '' 'add' 'sub'> <InPorts = 3> <OutPorts = 1> <Sync> <CReg>
ST_2 : Operation 59 [1/1] (0.00ns)   --->   "%shl_ln1 = bitconcatenate i42 @_ssdm_op_BitConcatenate.i42.i40.i2, i40 %add_ln26_3, i2 0" [mmult_baseline.cpp:26]   --->   Operation 59 'bitconcatenate' 'shl_ln1' <Predicate = true> <Delay = 0.00>
ST_2 : Operation 60 [1/1] (0.00ns)   --->   "%sext_ln26_1 = sext i42 %shl_ln1" [mmult_baseline.cpp:26]   --->   Operation 60 'sext' 'sext_ln26_1' <Predicate = true> <Delay = 0.00>
ST_2 : Operation 61 [1/1] (1.47ns)   --->   "%add_ln26_1 = add i64 %sext_ln26_1, i64 %in1_read" [mmult_baseline.cpp:26]   --->   Operation 61 'add' 'add_ln26_1' <Predicate = true> <Delay = 1.47> <CoreInst = "Adder">   --->   Core 1 'Adder' <Latency = 0> <II = 1> <Delay = 1.47> <FuncUnit> <Opcode : 'add' 'sub'> <InPorts = 2> <OutPorts = 1>
ST_2 : Operation 62 [1/1] (0.00ns)   --->   "%trunc_ln = partselect i62 @_ssdm_op_PartSelect.i62.i64.i32.i32, i64 %add_ln26_1, i32 2, i32 63" [mmult_baseline.cpp:27]   --->   Operation 62 'partselect' 'trunc_ln' <Predicate = true> <Delay = 0.00>
ST_2 : Operation 63 [1/1] (0.00ns)   --->   "%sext_ln27 = sext i62 %trunc_ln" [mmult_baseline.cpp:27]   --->   Operation 63 'sext' 'sext_ln27' <Predicate = true> <Delay = 0.00>
ST_2 : Operation 64 [1/1] (0.00ns)   --->   "%gmem_addr = getelementptr i32 %gmem, i64 %sext_ln27" [mmult_baseline.cpp:27]   --->   Operation 64 'getelementptr' 'gmem_addr' <Predicate = true> <Delay = 0.00>

State 3 <SV = 2> <Delay = 7.30>
ST_3 : Operation 65 [8/8] (7.30ns)   --->   "%empty_34 = readreq i1 @_ssdm_op_ReadReq.m_axi.p1i32, i32 %gmem_addr, i64 16" [mmult_baseline.cpp:27]   --->   Operation 65 'readreq' 'empty_34' <Predicate = (first_iter_1)> <Delay = 7.30> <CoreInst = "m_axi">   --->   Core 119 'm_axi' <Latency = 0> <II = 1> <Delay = 1.00> <Adapter> <Opcode : 'read' 'write' 'readreq' 'writereq' 'writeresp'>

State 4 <SV = 3> <Delay = 7.30>
ST_4 : Operation 66 [7/8] (7.30ns)   --->   "%empty_34 = readreq i1 @_ssdm_op_ReadReq.m_axi.p1i32, i32 %gmem_addr, i64 16" [mmult_baseline.cpp:27]   --->   Operation 66 'readreq' 'empty_34' <Predicate = (first_iter_1)> <Delay = 7.30> <CoreInst = "m_axi">   --->   Core 119 'm_axi' <Latency = 0> <II = 1> <Delay = 1.00> <Adapter> <Opcode : 'read' 'write' 'readreq' 'writereq' 'writeresp'>

State 5 <SV = 4> <Delay = 7.30>
ST_5 : Operation 67 [6/8] (7.30ns)   --->   "%empty_34 = readreq i1 @_ssdm_op_ReadReq.m_axi.p1i32, i32 %gmem_addr, i64 16" [mmult_baseline.cpp:27]   --->   Operation 67 'readreq' 'empty_34' <Predicate = (first_iter_1)> <Delay = 7.30> <CoreInst = "m_axi">   --->   Core 119 'm_axi' <Latency = 0> <II = 1> <Delay = 1.00> <Adapter> <Opcode : 'read' 'write' 'readreq' 'writereq' 'writeresp'>

State 6 <SV = 5> <Delay = 7.30>
ST_6 : Operation 68 [5/8] (7.30ns)   --->   "%empty_34 = readreq i1 @_ssdm_op_ReadReq.m_axi.p1i32, i32 %gmem_addr, i64 16" [mmult_baseline.cpp:27]   --->   Operation 68 'readreq' 'empty_34' <Predicate = (first_iter_1)> <Delay = 7.30> <CoreInst = "m_axi">   --->   Core 119 'm_axi' <Latency = 0> <II = 1> <Delay = 1.00> <Adapter> <Opcode : 'read' 'write' 'readreq' 'writereq' 'writeresp'>

State 7 <SV = 6> <Delay = 7.30>
ST_7 : Operation 69 [4/8] (7.30ns)   --->   "%empty_34 = readreq i1 @_ssdm_op_ReadReq.m_axi.p1i32, i32 %gmem_addr, i64 16" [mmult_baseline.cpp:27]   --->   Operation 69 'readreq' 'empty_34' <Predicate = (first_iter_1)> <Delay = 7.30> <CoreInst = "m_axi">   --->   Core 119 'm_axi' <Latency = 0> <II = 1> <Delay = 1.00> <Adapter> <Opcode : 'read' 'write' 'readreq' 'writereq' 'writeresp'>

State 8 <SV = 7> <Delay = 7.30>
ST_8 : Operation 70 [3/8] (7.30ns)   --->   "%empty_34 = readreq i1 @_ssdm_op_ReadReq.m_axi.p1i32, i32 %gmem_addr, i64 16" [mmult_baseline.cpp:27]   --->   Operation 70 'readreq' 'empty_34' <Predicate = (first_iter_1)> <Delay = 7.30> <CoreInst = "m_axi">   --->   Core 119 'm_axi' <Latency = 0> <II = 1> <Delay = 1.00> <Adapter> <Opcode : 'read' 'write' 'readreq' 'writereq' 'writeresp'>

State 9 <SV = 8> <Delay = 7.30>
ST_9 : Operation 71 [2/8] (7.30ns)   --->   "%empty_34 = readreq i1 @_ssdm_op_ReadReq.m_axi.p1i32, i32 %gmem_addr, i64 16" [mmult_baseline.cpp:27]   --->   Operation 71 'readreq' 'empty_34' <Predicate = (first_iter_1)> <Delay = 7.30> <CoreInst = "m_axi">   --->   Core 119 'm_axi' <Latency = 0> <II = 1> <Delay = 1.00> <Adapter> <Opcode : 'read' 'write' 'readreq' 'writereq' 'writeresp'>

State 10 <SV = 9> <Delay = 7.30>
ST_10 : Operation 72 [1/8] (7.30ns)   --->   "%empty_34 = readreq i1 @_ssdm_op_ReadReq.m_axi.p1i32, i32 %gmem_addr, i64 16" [mmult_baseline.cpp:27]   --->   Operation 72 'readreq' 'empty_34' <Predicate = (first_iter_1)> <Delay = 7.30> <CoreInst = "m_axi">   --->   Core 119 'm_axi' <Latency = 0> <II = 1> <Delay = 1.00> <Adapter> <Opcode : 'read' 'write' 'readreq' 'writereq' 'writeresp'>
ST_10 : Operation 73 [1/1] (0.00ns)   --->   "%br_ln27 = br void %for.inc41.split" [mmult_baseline.cpp:27]   --->   Operation 73 'br' 'br_ln27' <Predicate = (first_iter_1)> <Delay = 0.00>

State 11 <SV = 10> <Delay = 7.30>
ST_11 : Operation 74 [1/1] (7.30ns)   --->   "%gmem_addr_read = read i32 @_ssdm_op_Read.m_axi.p1i32, i32 %gmem_addr" [mmult_baseline.cpp:28]   --->   Operation 74 'read' 'gmem_addr_read' <Predicate = true> <Delay = 7.30> <CoreInst = "m_axi">   --->   Core 119 'm_axi' <Latency = 0> <II = 1> <Delay = 1.00> <Adapter> <Opcode : 'read' 'write' 'readreq' 'writereq' 'writeresp'>
ST_11 : Operation 90 [1/1] (0.48ns)   --->   "%ret_ln0 = ret"   --->   Operation 90 'ret' 'ret_ln0' <Predicate = (icmp_ln26)> <Delay = 0.48>

State 12 <SV = 11> <Delay = 1.35>
ST_12 : Operation 75 [1/1] (0.00ns)   --->   "%specpipeline_ln27 = specpipeline void @_ssdm_op_SpecPipeline, i32 4294967295, i32 0, i32 0, i32 0, void @empty_0" [mmult_baseline.cpp:27]   --->   Operation 75 'specpipeline' 'specpipeline_ln27' <Predicate = true> <Delay = 0.00>
ST_12 : Operation 76 [1/1] (0.00ns)   --->   "%tmp_9 = bitconcatenate i6 @_ssdm_op_BitConcatenate.i6.i4.i2, i4 %empty_35, i2 %lshr_ln1" [mmult_baseline.cpp:28]   --->   Operation 76 'bitconcatenate' 'tmp_9' <Predicate = true> <Delay = 0.00>
ST_12 : Operation 77 [1/1] (0.00ns)   --->   "%zext_ln28 = zext i6 %tmp_9" [mmult_baseline.cpp:28]   --->   Operation 77 'zext' 'zext_ln28' <Predicate = true> <Delay = 0.00>
ST_12 : Operation 78 [1/1] (0.00ns)   --->   "%tA_addr = getelementptr i32 %tA, i64 0, i64 %zext_ln28" [mmult_baseline.cpp:28]   --->   Operation 78 'getelementptr' 'tA_addr' <Predicate = true> <Delay = 0.00>
ST_12 : Operation 79 [1/1] (0.00ns)   --->   "%tA_1_addr = getelementptr i32 %tA_1, i64 0, i64 %zext_ln28" [mmult_baseline.cpp:28]   --->   Operation 79 'getelementptr' 'tA_1_addr' <Predicate = true> <Delay = 0.00>
ST_12 : Operation 80 [1/1] (0.00ns)   --->   "%tA_2_addr = getelementptr i32 %tA_2, i64 0, i64 %zext_ln28" [mmult_baseline.cpp:28]   --->   Operation 80 'getelementptr' 'tA_2_addr' <Predicate = true> <Delay = 0.00>
ST_12 : Operation 81 [1/1] (0.00ns)   --->   "%tA_3_addr = getelementptr i32 %tA_3, i64 0, i64 %zext_ln28" [mmult_baseline.cpp:28]   --->   Operation 81 'getelementptr' 'tA_3_addr' <Predicate = true> <Delay = 0.00>
ST_12 : Operation 82 [1/1] (1.35ns)   --->   "%store_ln28 = store i32 %gmem_addr_read, i6 %tA_2_addr" [mmult_baseline.cpp:28]   --->   Operation 82 'store' 'store_ln28' <Predicate = (trunc_ln27 == 2)> <Delay = 1.35> <CoreInst = "RAM">   --->   Core 82 'RAM' <Latency = 1> <II = 1> <Delay = 1.35> <Storage> <Opcode : 'load' 'store'> <Ports = 2> <Width = 32> <Depth = 64> <RAM>
ST_12 : Operation 83 [1/1] (0.00ns)   --->   "%br_ln28 = br void %arrayidx407.exit" [mmult_baseline.cpp:28]   --->   Operation 83 'br' 'br_ln28' <Predicate = (trunc_ln27 == 2)> <Delay = 0.00>
ST_12 : Operation 84 [1/1] (1.35ns)   --->   "%store_ln28 = store i32 %gmem_addr_read, i6 %tA_1_addr" [mmult_baseline.cpp:28]   --->   Operation 84 'store' 'store_ln28' <Predicate = (trunc_ln27 == 1)> <Delay = 1.35> <CoreInst = "RAM">   --->   Core 82 'RAM' <Latency = 1> <II = 1> <Delay = 1.35> <Storage> <Opcode : 'load' 'store'> <Ports = 2> <Width = 32> <Depth = 64> <RAM>
ST_12 : Operation 85 [1/1] (0.00ns)   --->   "%br_ln28 = br void %arrayidx407.exit" [mmult_baseline.cpp:28]   --->   Operation 85 'br' 'br_ln28' <Predicate = (trunc_ln27 == 1)> <Delay = 0.00>
ST_12 : Operation 86 [1/1] (1.35ns)   --->   "%store_ln28 = store i32 %gmem_addr_read, i6 %tA_addr" [mmult_baseline.cpp:28]   --->   Operation 86 'store' 'store_ln28' <Predicate = (trunc_ln27 == 0)> <Delay = 1.35> <CoreInst = "RAM">   --->   Core 82 'RAM' <Latency = 1> <II = 1> <Delay = 1.35> <Storage> <Opcode : 'load' 'store'> <Ports = 2> <Width = 32> <Depth = 64> <RAM>
ST_12 : Operation 87 [1/1] (0.00ns)   --->   "%br_ln28 = br void %arrayidx407.exit" [mmult_baseline.cpp:28]   --->   Operation 87 'br' 'br_ln28' <Predicate = (trunc_ln27 == 0)> <Delay = 0.00>
ST_12 : Operation 88 [1/1] (1.35ns)   --->   "%store_ln28 = store i32 %gmem_addr_read, i6 %tA_3_addr" [mmult_baseline.cpp:28]   --->   Operation 88 'store' 'store_ln28' <Predicate = (trunc_ln27 == 3)> <Delay = 1.35> <CoreInst = "RAM">   --->   Core 82 'RAM' <Latency = 1> <II = 1> <Delay = 1.35> <Storage> <Opcode : 'load' 'store'> <Ports = 2> <Width = 32> <Depth = 64> <RAM>
ST_12 : Operation 89 [1/1] (0.00ns)   --->   "%br_ln28 = br void %arrayidx407.exit" [mmult_baseline.cpp:28]   --->   Operation 89 'br' 'br_ln28' <Predicate = (trunc_ln27 == 3)> <Delay = 0.00>


============================================================
+ Verbose Summary: Binding
============================================================
STG Binding: 
---------------- STG Properties BEGIN ----------------
- Is combinational: 0
- Is one-state seq: 0
- Is datapath-only: 0
- Is pipelined: 0
- Is top level: 0
Port [ Return ] is wired: 1; IO mode=ap_ctrl_hs:ce=0
Port [ gmem]:  wired=1; compound=1; hidden=0; nouse=0; global=0; static=0; extern=0; dir=0; type=4; pingpong=0; private_global=0; IO mode=m_axi:ce=0
Port [ tA]:  wired=1; compound=1; hidden=0; nouse=0; global=0; static=0; extern=0; dir=1; type=1; pingpong=0; private_global=0; MemPort=[03]; IO mode=ap_memory:ce=0
Port [ tA_1]:  wired=1; compound=1; hidden=0; nouse=0; global=0; static=0; extern=0; dir=1; type=1; pingpong=0; private_global=0; MemPort=[03]; IO mode=ap_memory:ce=0
Port [ tA_2]:  wired=1; compound=1; hidden=0; nouse=0; global=0; static=0; extern=0; dir=1; type=1; pingpong=0; private_global=0; MemPort=[03]; IO mode=ap_memory:ce=0
Port [ tA_3]:  wired=1; compound=1; hidden=0; nouse=0; global=0; static=0; extern=0; dir=1; type=1; pingpong=0; private_global=0; MemPort=[03]; IO mode=ap_memory:ce=0
Port [ dim_cast6]:  wired=1; compound=0; hidden=0; nouse=0; global=0; static=0; extern=0; dir=0; type=0; pingpong=0; private_global=0; IO mode=ap_none:ce=0
Port [ empty]:  wired=1; compound=0; hidden=0; nouse=0; global=0; static=0; extern=0; dir=0; type=0; pingpong=0; private_global=0; IO mode=ap_none:ce=0
Port [ zext_ln26]:  wired=1; compound=0; hidden=0; nouse=0; global=0; static=0; extern=0; dir=0; type=0; pingpong=0; private_global=0; IO mode=ap_none:ce=0
Port [ in1]:  wired=1; compound=0; hidden=0; nouse=0; global=0; static=0; extern=0; dir=0; type=0; pingpong=0; private_global=0; IO mode=ap_none:ce=0
---------------- STG Properties END ------------------

---------------- Datapath Model BEGIN ----------------

<LifeTime>
<method=bitvector/>
k                     (alloca           ) [ 0100000000000]
i                     (alloca           ) [ 0100000000000]
indvar_flatten6       (alloca           ) [ 0100000000000]
in1_read              (read             ) [ 0110000000000]
zext_ln26_read        (read             ) [ 0000000000000]
tmp                   (read             ) [ 0000000000000]
dim_cast6_read        (read             ) [ 0000000000000]
dim_cast6_cast        (sext             ) [ 0110000000000]
zext_ln26_cast        (zext             ) [ 0110000000000]
p_cast                (sext             ) [ 0110000000000]
specinterface_ln0     (specinterface    ) [ 0000000000000]
store_ln0             (store            ) [ 0000000000000]
store_ln26            (store            ) [ 0000000000000]
store_ln27            (store            ) [ 0000000000000]
br_ln0                (br               ) [ 0000000000000]
indvar_flatten6_load  (load             ) [ 0000000000000]
specbitsmap_ln0       (specbitsmap      ) [ 0000000000000]
icmp_ln26             (icmp             ) [ 0111111111110]
add_ln26_4            (add              ) [ 0000000000000]
br_ln26               (br               ) [ 0000000000000]
k_load                (load             ) [ 0000000000000]
i_load                (load             ) [ 0000000000000]
add_ln26_2            (add              ) [ 0000000000000]
icmp_ln27             (icmp             ) [ 0000000000000]
select_ln26           (select           ) [ 0000000000000]
select_ln26_1         (select           ) [ 0110000000000]
empty_35              (trunc            ) [ 0111111111111]
first_iter_1          (icmp             ) [ 0111111111100]
br_ln27               (br               ) [ 0000000000000]
trunc_ln27            (trunc            ) [ 0111111111111]
lshr_ln1              (partselect       ) [ 0111111111111]
switch_ln28           (switch           ) [ 0000000000000]
add_ln27              (add              ) [ 0000000000000]
store_ln26            (store            ) [ 0000000000000]
store_ln26            (store            ) [ 0000000000000]
store_ln27            (store            ) [ 0000000000000]
br_ln27               (br               ) [ 0000000000000]
specloopname_ln0      (specloopname     ) [ 0000000000000]
speclooptripcount_ln0 (speclooptripcount) [ 0000000000000]
zext_ln26_1           (zext             ) [ 0000000000000]
mul_ln26              (mul              ) [ 0000000000000]
sext_ln26             (sext             ) [ 0000000000000]
add_ln26              (add              ) [ 0000000000000]
add_ln26_3            (add              ) [ 0000000000000]
shl_ln1               (bitconcatenate   ) [ 0000000000000]
sext_ln26_1           (sext             ) [ 0000000000000]
add_ln26_1            (add              ) [ 0000000000000]
trunc_ln              (partselect       ) [ 0000000000000]
sext_ln27             (sext             ) [ 0000000000000]
gmem_addr             (getelementptr    ) [ 0101111111110]
empty_34              (readreq          ) [ 0000000000000]
br_ln27               (br               ) [ 0000000000000]
gmem_addr_read        (read             ) [ 0100000000001]
specpipeline_ln27     (specpipeline     ) [ 0000000000000]
tmp_9                 (bitconcatenate   ) [ 0000000000000]
zext_ln28             (zext             ) [ 0000000000000]
tA_addr               (getelementptr    ) [ 0000000000000]
tA_1_addr             (getelementptr    ) [ 0000000000000]
tA_2_addr             (getelementptr    ) [ 0000000000000]
tA_3_addr             (getelementptr    ) [ 0000000000000]
store_ln28            (store            ) [ 0000000000000]
br_ln28               (br               ) [ 0000000000000]
store_ln28            (store            ) [ 0000000000000]
br_ln28               (br               ) [ 0000000000000]
store_ln28            (store            ) [ 0000000000000]
br_ln28               (br               ) [ 0000000000000]
store_ln28            (store            ) [ 0000000000000]
br_ln28               (br               ) [ 0000000000000]
ret_ln0               (ret              ) [ 0000000000000]
</LifeTime>

<model>

<comp_list>
<comp id="0" class="1000" name="gmem">
<pin_list>
<pin id="1" dir="1" index="0" bw="1" slack="0"/>
</pin_list>
<bind>
<StgValue><ssdm name="gmem"/></StgValue>
</bind>
</comp>

<comp id="2" class="1000" name="tA">
<pin_list>
<pin id="3" dir="1" index="0" bw="1" slack="0"/>
</pin_list>
<bind>
<StgValue><ssdm name="tA"/><MemPortTyVec>0 3 </MemPortTyVec>
</StgValue>
</bind>
</comp>

<comp id="4" class="1000" name="tA_1">
<pin_list>
<pin id="5" dir="1" index="0" bw="1" slack="0"/>
</pin_list>
<bind>
<StgValue><ssdm name="tA_1"/><MemPortTyVec>0 3 </MemPortTyVec>
</StgValue>
</bind>
</comp>

<comp id="6" class="1000" name="tA_2">
<pin_list>
<pin id="7" dir="1" index="0" bw="1" slack="0"/>
</pin_list>
<bind>
<StgValue><ssdm name="tA_2"/><MemPortTyVec>0 3 </MemPortTyVec>
</StgValue>
</bind>
</comp>

<comp id="8" class="1000" name="tA_3">
<pin_list>
<pin id="9" dir="1" index="0" bw="1" slack="0"/>
</pin_list>
<bind>
<StgValue><ssdm name="tA_3"/><MemPortTyVec>0 3 </MemPortTyVec>
</StgValue>
</bind>
</comp>

<comp id="10" class="1000" name="dim_cast6">
<pin_list>
<pin id="11" dir="1" index="0" bw="1" slack="0"/>
</pin_list>
<bind>
<StgValue><ssdm name="dim_cast6"/></StgValue>
</bind>
</comp>

<comp id="12" class="1000" name="empty">
<pin_list>
<pin id="13" dir="1" index="0" bw="1" slack="0"/>
</pin_list>
<bind>
<StgValue><ssdm name="empty"/></StgValue>
</bind>
</comp>

<comp id="14" class="1000" name="zext_ln26">
<pin_list>
<pin id="15" dir="1" index="0" bw="1" slack="0"/>
</pin_list>
<bind>
<StgValue><ssdm name="zext_ln26"/></StgValue>
</bind>
</comp>

<comp id="16" class="1000" name="in1">
<pin_list>
<pin id="17" dir="1" index="0" bw="1" slack="0"/>
</pin_list>
<bind>
<StgValue><ssdm name="in1"/></StgValue>
</bind>
</comp>

<comp id="18" class="1001" name="const_18">
<pin_list>
<pin id="19" dir="1" index="0" bw="1" slack="0"/>
</pin_list>
<bind>
<StgValue><ssdm name=""/></StgValue>
</bind>
</comp>

<comp id="20" class="1001" name="const_20">
<pin_list>
<pin id="21" dir="1" index="0" bw="1" slack="0"/>
</pin_list>
<bind>
<StgValue><ssdm name="_ssdm_op_Read.ap_auto.i64"/></StgValue>
</bind>
</comp>

<comp id="22" class="1001" name="const_22">
<pin_list>
<pin id="23" dir="1" index="0" bw="1" slack="0"/>
</pin_list>
<bind>
<StgValue><ssdm name="_ssdm_op_Read.ap_auto.i7"/></StgValue>
</bind>
</comp>

<comp id="24" class="1001" name="const_24">
<pin_list>
<pin id="25" dir="1" index="0" bw="1" slack="0"/>
</pin_list>
<bind>
<StgValue><ssdm name="_ssdm_op_Read.ap_auto.i39"/></StgValue>
</bind>
</comp>

<comp id="26" class="1001" name="const_26">
<pin_list>
<pin id="27" dir="1" index="0" bw="1" slack="0"/>
</pin_list>
<bind>
<StgValue><ssdm name="_ssdm_op_Read.ap_auto.i32"/></StgValue>
</bind>
</comp>

<comp id="28" class="1001" name="const_28">
<pin_list>
<pin id="29" dir="1" index="0" bw="1" slack="2147483647"/>
</pin_list>
<bind>
<StgValue><ssdm name="_ssdm_op_SpecInterface"/></StgValue>
</bind>
</comp>

<comp id="30" class="1001" name="const_30">
<pin_list>
<pin id="31" dir="1" index="0" bw="1" slack="2147483647"/>
</pin_list>
<bind>
<StgValue><ssdm name="empty"/></StgValue>
</bind>
</comp>

<comp id="32" class="1001" name="const_32">
<pin_list>
<pin id="33" dir="1" index="0" bw="1" slack="2147483647"/>
</pin_list>
<bind>
<StgValue><ssdm name=""/></StgValue>
</bind>
</comp>

<comp id="34" class="1001" name="const_34">
<pin_list>
<pin id="35" dir="1" index="0" bw="1" slack="2147483647"/>
</pin_list>
<bind>
<StgValue><ssdm name="empty_0"/></StgValue>
</bind>
</comp>

<comp id="36" class="1001" name="const_36">
<pin_list>
<pin id="37" dir="1" index="0" bw="1" slack="2147483647"/>
</pin_list>
<bind>
<StgValue><ssdm name=""/></StgValue>
</bind>
</comp>

<comp id="38" class="1001" name="const_38">
<pin_list>
<pin id="39" dir="1" index="0" bw="1" slack="2147483647"/>
</pin_list>
<bind>
<StgValue><ssdm name="empty_1"/></StgValue>
</bind>
</comp>

<comp id="40" class="1001" name="const_40">
<pin_list>
<pin id="41" dir="1" index="0" bw="1" slack="2147483647"/>
</pin_list>
<bind>
<StgValue><ssdm name="empty_2"/></StgValue>
</bind>
</comp>

<comp id="42" class="1001" name="const_42">
<pin_list>
<pin id="43" dir="1" index="0" bw="1" slack="2147483647"/>
</pin_list>
<bind>
<StgValue><ssdm name=""/></StgValue>
</bind>
</comp>

<comp id="44" class="1001" name="const_44">
<pin_list>
<pin id="45" dir="1" index="0" bw="1" slack="2147483647"/>
</pin_list>
<bind>
<StgValue><ssdm name=""/></StgValue>
</bind>
</comp>

<comp id="46" class="1001" name="const_46">
<pin_list>
<pin id="47" dir="1" index="0" bw="1" slack="0"/>
</pin_list>
<bind>
<StgValue><ssdm name=""/></StgValue>
</bind>
</comp>

<comp id="48" class="1001" name="const_48">
<pin_list>
<pin id="49" dir="1" index="0" bw="1" slack="0"/>
</pin_list>
<bind>
<StgValue><ssdm name=""/></StgValue>
</bind>
</comp>

<comp id="50" class="1001" name="const_50">
<pin_list>
<pin id="51" dir="1" index="0" bw="1" slack="2147483647"/>
</pin_list>
<bind>
<StgValue><ssdm name="_ssdm_op_SpecBitsMap"/></StgValue>
</bind>
</comp>

<comp id="52" class="1001" name="const_52">
<pin_list>
<pin id="53" dir="1" index="0" bw="1" slack="0"/>
</pin_list>
<bind>
<StgValue><ssdm name=""/></StgValue>
</bind>
</comp>

<comp id="54" class="1001" name="const_54">
<pin_list>
<pin id="55" dir="1" index="0" bw="1" slack="0"/>
</pin_list>
<bind>
<StgValue><ssdm name=""/></StgValue>
</bind>
</comp>

<comp id="56" class="1001" name="const_56">
<pin_list>
<pin id="57" dir="1" index="0" bw="1" slack="0"/>
</pin_list>
<bind>
<StgValue><ssdm name=""/></StgValue>
</bind>
</comp>

<comp id="58" class="1001" name="const_58">
<pin_list>
<pin id="59" dir="1" index="0" bw="1" slack="0"/>
</pin_list>
<bind>
<StgValue><ssdm name=""/></StgValue>
</bind>
</comp>

<comp id="60" class="1001" name="const_60">
<pin_list>
<pin id="61" dir="1" index="0" bw="1" slack="0"/>
</pin_list>
<bind>
<StgValue><ssdm name="_ssdm_op_PartSelect.i2.i5.i32.i32"/></StgValue>
</bind>
</comp>

<comp id="62" class="1001" name="const_62">
<pin_list>
<pin id="63" dir="1" index="0" bw="1" slack="0"/>
</pin_list>
<bind>
<StgValue><ssdm name=""/></StgValue>
</bind>
</comp>

<comp id="64" class="1001" name="const_64">
<pin_list>
<pin id="65" dir="1" index="0" bw="1" slack="0"/>
</pin_list>
<bind>
<StgValue><ssdm name=""/></StgValue>
</bind>
</comp>

<comp id="66" class="1001" name="const_66">
<pin_list>
<pin id="67" dir="1" index="0" bw="1" slack="0"/>
</pin_list>
<bind>
<StgValue><ssdm name=""/></StgValue>
</bind>
</comp>

<comp id="68" class="1001" name="const_68">
<pin_list>
<pin id="69" dir="1" index="0" bw="1" slack="2147483647"/>
</pin_list>
<bind>
<StgValue><ssdm name=""/></StgValue>
</bind>
</comp>

<comp id="70" class="1001" name="const_70">
<pin_list>
<pin id="71" dir="1" index="0" bw="1" slack="2147483647"/>
</pin_list>
<bind>
<StgValue><ssdm name=""/></StgValue>
</bind>
</comp>

<comp id="72" class="1001" name="const_72">
<pin_list>
<pin id="73" dir="1" index="0" bw="1" slack="2147483647"/>
</pin_list>
<bind>
<StgValue><ssdm name="_ssdm_op_SpecLoopName"/></StgValue>
</bind>
</comp>

<comp id="74" class="1001" name="const_74">
<pin_list>
<pin id="75" dir="1" index="0" bw="1" slack="2147483647"/>
</pin_list>
<bind>
<StgValue><ssdm name="load_a_VITIS_LOOP_27_1_str"/></StgValue>
</bind>
</comp>

<comp id="76" class="1001" name="const_76">
<pin_list>
<pin id="77" dir="1" index="0" bw="1" slack="2147483647"/>
</pin_list>
<bind>
<StgValue><ssdm name="_ssdm_op_SpecLoopTripCount"/></StgValue>
</bind>
</comp>

<comp id="78" class="1001" name="const_78">
<pin_list>
<pin id="79" dir="1" index="0" bw="1" slack="2147483647"/>
</pin_list>
<bind>
<StgValue><ssdm name=""/></StgValue>
</bind>
</comp>

<comp id="80" class="1001" name="const_80">
<pin_list>
<pin id="81" dir="1" index="0" bw="1" slack="0"/>
</pin_list>
<bind>
<StgValue><ssdm name="_ssdm_op_BitConcatenate.i42.i40.i2"/></StgValue>
</bind>
</comp>

<comp id="82" class="1001" name="const_82">
<pin_list>
<pin id="83" dir="1" index="0" bw="1" slack="0"/>
</pin_list>
<bind>
<StgValue><ssdm name="_ssdm_op_PartSelect.i62.i64.i32.i32"/></StgValue>
</bind>
</comp>

<comp id="84" class="1001" name="const_84">
<pin_list>
<pin id="85" dir="1" index="0" bw="1" slack="0"/>
</pin_list>
<bind>
<StgValue><ssdm name=""/></StgValue>
</bind>
</comp>

<comp id="86" class="1001" name="const_86">
<pin_list>
<pin id="87" dir="1" index="0" bw="1" slack="0"/>
</pin_list>
<bind>
<StgValue><ssdm name="_ssdm_op_ReadReq.m_axi.p1i32"/></StgValue>
</bind>
</comp>

<comp id="88" class="1001" name="const_88">
<pin_list>
<pin id="89" dir="1" index="0" bw="1" slack="0"/>
</pin_list>
<bind>
<StgValue><ssdm name=""/></StgValue>
</bind>
</comp>

<comp id="90" class="1001" name="const_90">
<pin_list>
<pin id="91" dir="1" index="0" bw="1" slack="0"/>
</pin_list>
<bind>
<StgValue><ssdm name="_ssdm_op_Read.m_axi.p1i32"/></StgValue>
</bind>
</comp>

<comp id="92" class="1001" name="const_92">
<pin_list>
<pin id="93" dir="1" index="0" bw="1" slack="2147483647"/>
</pin_list>
<bind>
<StgValue><ssdm name="_ssdm_op_SpecPipeline"/></StgValue>
</bind>
</comp>

<comp id="94" class="1001" name="const_94">
<pin_list>
<pin id="95" dir="1" index="0" bw="1" slack="0"/>
</pin_list>
<bind>
<StgValue><ssdm name="_ssdm_op_BitConcatenate.i6.i4.i2"/></StgValue>
</bind>
</comp>

<comp id="96" class="1001" name="const_96">
<pin_list>
<pin id="97" dir="1" index="0" bw="1" slack="0"/>
</pin_list>
<bind>
<StgValue><ssdm name=""/></StgValue>
</bind>
</comp>

<comp id="98" class="1004" name="k_fu_98">
<pin_list>
<pin id="99" dir="0" index="0" bw="1" slack="0"/>
<pin id="100" dir="1" index="1" bw="5" slack="0"/>
</pin_list>
<bind>
<opcode="alloca(26) " fcode="alloca"/>
<opset="k/1 "/>
</bind>
</comp>

<comp id="102" class="1004" name="i_fu_102">
<pin_list>
<pin id="103" dir="0" index="0" bw="1" slack="0"/>
<pin id="104" dir="1" index="1" bw="5" slack="0"/>
</pin_list>
<bind>
<opcode="alloca(26) " fcode="alloca"/>
<opset="i/1 "/>
</bind>
</comp>

<comp id="106" class="1004" name="indvar_flatten6_fu_106">
<pin_list>
<pin id="107" dir="0" index="0" bw="1" slack="0"/>
<pin id="108" dir="1" index="1" bw="9" slack="0"/>
</pin_list>
<bind>
<opcode="alloca(26) " fcode="alloca"/>
<opset="indvar_flatten6/1 "/>
</bind>
</comp>

<comp id="110" class="1004" name="in1_read_read_fu_110">
<pin_list>
<pin id="111" dir="0" index="0" bw="64" slack="0"/>
<pin id="112" dir="0" index="1" bw="64" slack="0"/>
<pin id="113" dir="1" index="2" bw="64" slack="1"/>
</pin_list>
<bind>
<opcode="read(1150) " fcode="read"/>
<opset="in1_read/1 "/>
</bind>
</comp>

<comp id="116" class="1004" name="zext_ln26_read_read_fu_116">
<pin_list>
<pin id="117" dir="0" index="0" bw="7" slack="0"/>
<pin id="118" dir="0" index="1" bw="7" slack="0"/>
<pin id="119" dir="1" index="2" bw="7" slack="0"/>
</pin_list>
<bind>
<opcode="read(1150) " fcode="read"/>
<opset="zext_ln26_read/1 "/>
</bind>
</comp>

<comp id="122" class="1004" name="tmp_read_fu_122">
<pin_list>
<pin id="123" dir="0" index="0" bw="39" slack="0"/>
<pin id="124" dir="0" index="1" bw="39" slack="0"/>
<pin id="125" dir="1" index="2" bw="39" slack="0"/>
</pin_list>
<bind>
<opcode="read(1150) " fcode="read"/>
<opset="tmp/1 "/>
</bind>
</comp>

<comp id="128" class="1004" name="dim_cast6_read_read_fu_128">
<pin_list>
<pin id="129" dir="0" index="0" bw="32" slack="0"/>
<pin id="130" dir="0" index="1" bw="32" slack="0"/>
<pin id="131" dir="1" index="2" bw="32" slack="0"/>
</pin_list>
<bind>
<opcode="read(1150) " fcode="read"/>
<opset="dim_cast6_read/1 "/>
</bind>
</comp>

<comp id="134" class="1004" name="grp_readreq_fu_134">
<pin_list>
<pin id="135" dir="0" index="0" bw="1" slack="0"/>
<pin id="136" dir="0" index="1" bw="32" slack="1"/>
<pin id="137" dir="0" index="2" bw="6" slack="0"/>
<pin id="138" dir="1" index="3" bw="1" slack="2147483647"/>
</pin_list>
<bind>
<opcode="readreq(1154) " fcode="readreq"/>
<opset="empty_34/3 "/>
</bind>
</comp>

<comp id="141" class="1004" name="gmem_addr_read_read_fu_141">
<pin_list>
<pin id="142" dir="0" index="0" bw="32" slack="0"/>
<pin id="143" dir="0" index="1" bw="32" slack="9"/>
<pin id="144" dir="1" index="2" bw="32" slack="1"/>
</pin_list>
<bind>
<opcode="read(1150) " fcode="read"/>
<opset="gmem_addr_read/11 "/>
</bind>
</comp>

<comp id="146" class="1004" name="tA_addr_gep_fu_146">
<pin_list>
<pin id="147" dir="0" index="0" bw="32" slack="0"/>
<pin id="148" dir="0" index="1" bw="1" slack="0"/>
<pin id="149" dir="0" index="2" bw="6" slack="0"/>
<pin id="150" dir="1" index="3" bw="6" slack="0"/>
</pin_list>
<bind>
<opcode="getelementptr(29) " fcode="getelementptr"/>
<opset="tA_addr/12 "/>
</bind>
</comp>

<comp id="153" class="1004" name="tA_1_addr_gep_fu_153">
<pin_list>
<pin id="154" dir="0" index="0" bw="32" slack="0"/>
<pin id="155" dir="0" index="1" bw="1" slack="0"/>
<pin id="156" dir="0" index="2" bw="6" slack="0"/>
<pin id="157" dir="1" index="3" bw="6" slack="0"/>
</pin_list>
<bind>
<opcode="getelementptr(29) " fcode="getelementptr"/>
<opset="tA_1_addr/12 "/>
</bind>
</comp>

<comp id="160" class="1004" name="tA_2_addr_gep_fu_160">
<pin_list>
<pin id="161" dir="0" index="0" bw="32" slack="0"/>
<pin id="162" dir="0" index="1" bw="1" slack="0"/>
<pin id="163" dir="0" index="2" bw="6" slack="0"/>
<pin id="164" dir="1" index="3" bw="6" slack="0"/>
</pin_list>
<bind>
<opcode="getelementptr(29) " fcode="getelementptr"/>
<opset="tA_2_addr/12 "/>
</bind>
</comp>

<comp id="167" class="1004" name="tA_3_addr_gep_fu_167">
<pin_list>
<pin id="168" dir="0" index="0" bw="32" slack="0"/>
<pin id="169" dir="0" index="1" bw="1" slack="0"/>
<pin id="170" dir="0" index="2" bw="6" slack="0"/>
<pin id="171" dir="1" index="3" bw="6" slack="0"/>
</pin_list>
<bind>
<opcode="getelementptr(29) " fcode="getelementptr"/>
<opset="tA_3_addr/12 "/>
</bind>
</comp>

<comp id="174" class="1004" name="store_ln28_access_fu_174">
<pin_list>
<pin id="175" dir="0" index="0" bw="6" slack="0"/>
<pin id="176" dir="0" index="1" bw="32" slack="1"/>
<pin id="177" dir="0" index="2" bw="0" slack="2147483647"/>
<pin id="178" dir="1" index="3" bw="32" slack="2147483647"/>
</pin_list>
<bind>
<opcode="store(28) " fcode="store"/>
<opset="store_ln28/12 "/>
</bind>
</comp>

<comp id="180" class="1004" name="store_ln28_access_fu_180">
<pin_list>
<pin id="181" dir="0" index="0" bw="6" slack="0"/>
<pin id="182" dir="0" index="1" bw="32" slack="1"/>
<pin id="183" dir="0" index="2" bw="0" slack="2147483647"/>
<pin id="184" dir="1" index="3" bw="32" slack="2147483647"/>
</pin_list>
<bind>
<opcode="store(28) " fcode="store"/>
<opset="store_ln28/12 "/>
</bind>
</comp>

<comp id="186" class="1004" name="store_ln28_access_fu_186">
<pin_list>
<pin id="187" dir="0" index="0" bw="6" slack="0"/>
<pin id="188" dir="0" index="1" bw="32" slack="1"/>
<pin id="189" dir="0" index="2" bw="0" slack="2147483647"/>
<pin id="190" dir="1" index="3" bw="32" slack="2147483647"/>
</pin_list>
<bind>
<opcode="store(28) " fcode="store"/>
<opset="store_ln28/12 "/>
</bind>
</comp>

<comp id="192" class="1004" name="store_ln28_access_fu_192">
<pin_list>
<pin id="193" dir="0" index="0" bw="6" slack="0"/>
<pin id="194" dir="0" index="1" bw="32" slack="1"/>
<pin id="195" dir="0" index="2" bw="0" slack="2147483647"/>
<pin id="196" dir="1" index="3" bw="32" slack="2147483647"/>
</pin_list>
<bind>
<opcode="store(28) " fcode="store"/>
<opset="store_ln28/12 "/>
</bind>
</comp>

<comp id="198" class="1004" name="dim_cast6_cast_fu_198">
<pin_list>
<pin id="199" dir="0" index="0" bw="32" slack="0"/>
<pin id="200" dir="1" index="1" bw="37" slack="1"/>
</pin_list>
<bind>
<opcode="sext(35) " fcode="sext"/>
<opset="dim_cast6_cast/1 "/>
</bind>
</comp>

<comp id="202" class="1004" name="zext_ln26_cast_fu_202">
<pin_list>
<pin id="203" dir="0" index="0" bw="7" slack="0"/>
<pin id="204" dir="1" index="1" bw="40" slack="1"/>
</pin_list>
<bind>
<opcode="zext(34) " fcode="zext"/>
<opset="zext_ln26_cast/1 "/>
</bind>
</comp>

<comp id="206" class="1004" name="p_cast_fu_206">
<pin_list>
<pin id="207" dir="0" index="0" bw="39" slack="0"/>
<pin id="208" dir="1" index="1" bw="40" slack="1"/>
</pin_list>
<bind>
<opcode="sext(35) " fcode="sext"/>
<opset="p_cast/1 "/>
</bind>
</comp>

<comp id="210" class="1004" name="store_ln0_store_fu_210">
<pin_list>
<pin id="211" dir="0" index="0" bw="1" slack="0"/>
<pin id="212" dir="0" index="1" bw="9" slack="0"/>
<pin id="213" dir="1" index="2" bw="0" slack="2147483647"/>
</pin_list>
<bind>
<opcode="store(28) " fcode="store"/>
<opset="store_ln0/1 "/>
</bind>
</comp>

<comp id="215" class="1004" name="store_ln26_store_fu_215">
<pin_list>
<pin id="216" dir="0" index="0" bw="1" slack="0"/>
<pin id="217" dir="0" index="1" bw="5" slack="0"/>
<pin id="218" dir="1" index="2" bw="0" slack="2147483647"/>
</pin_list>
<bind>
<opcode="store(28) " fcode="store"/>
<opset="store_ln26/1 "/>
</bind>
</comp>

<comp id="220" class="1004" name="store_ln27_store_fu_220">
<pin_list>
<pin id="221" dir="0" index="0" bw="1" slack="0"/>
<pin id="222" dir="0" index="1" bw="5" slack="0"/>
<pin id="223" dir="1" index="2" bw="0" slack="2147483647"/>
</pin_list>
<bind>
<opcode="store(28) " fcode="store"/>
<opset="store_ln27/1 "/>
</bind>
</comp>

<comp id="225" class="1004" name="indvar_flatten6_load_load_fu_225">
<pin_list>
<pin id="226" dir="0" index="0" bw="9" slack="0"/>
<pin id="227" dir="1" index="1" bw="9" slack="0"/>
</pin_list>
<bind>
<opcode="load(27) " fcode="load"/>
<opset="indvar_flatten6_load/1 "/>
</bind>
</comp>

<comp id="228" class="1004" name="icmp_ln26_fu_228">
<pin_list>
<pin id="229" dir="0" index="0" bw="9" slack="0"/>
<pin id="230" dir="0" index="1" bw="9" slack="0"/>
<pin id="231" dir="1" index="2" bw="1" slack="10"/>
</pin_list>
<bind>
<opcode="icmp(45) " fcode="icmp"/>
<opset="icmp_ln26/1 "/>
</bind>
</comp>

<comp id="234" class="1004" name="add_ln26_4_fu_234">
<pin_list>
<pin id="235" dir="0" index="0" bw="9" slack="0"/>
<pin id="236" dir="0" index="1" bw="1" slack="0"/>
<pin id="237" dir="1" index="2" bw="9" slack="0"/>
</pin_list>
<bind>
<opcode="add(8) " fcode="add"/>
<opset="add_ln26_4/1 "/>
</bind>
</comp>

<comp id="240" class="1004" name="k_load_load_fu_240">
<pin_list>
<pin id="241" dir="0" index="0" bw="5" slack="0"/>
<pin id="242" dir="1" index="1" bw="5" slack="0"/>
</pin_list>
<bind>
<opcode="load(27) " fcode="load"/>
<opset="k_load/1 "/>
</bind>
</comp>

<comp id="243" class="1004" name="i_load_load_fu_243">
<pin_list>
<pin id="244" dir="0" index="0" bw="5" slack="0"/>
<pin id="245" dir="1" index="1" bw="5" slack="0"/>
</pin_list>
<bind>
<opcode="load(27) " fcode="load"/>
<opset="i_load/1 "/>
</bind>
</comp>

<comp id="246" class="1004" name="add_ln26_2_fu_246">
<pin_list>
<pin id="247" dir="0" index="0" bw="5" slack="0"/>
<pin id="248" dir="0" index="1" bw="1" slack="0"/>
<pin id="249" dir="1" index="2" bw="5" slack="0"/>
</pin_list>
<bind>
<opcode="add(8) " fcode="add"/>
<opset="add_ln26_2/1 "/>
</bind>
</comp>

<comp id="252" class="1004" name="icmp_ln27_fu_252">
<pin_list>
<pin id="253" dir="0" index="0" bw="5" slack="0"/>
<pin id="254" dir="0" index="1" bw="5" slack="0"/>
<pin id="255" dir="1" index="2" bw="1" slack="0"/>
</pin_list>
<bind>
<opcode="icmp(45) " fcode="icmp"/>
<opset="icmp_ln27/1 "/>
</bind>
</comp>

<comp id="258" class="1004" name="select_ln26_fu_258">
<pin_list>
<pin id="259" dir="0" index="0" bw="1" slack="0"/>
<pin id="260" dir="0" index="1" bw="1" slack="0"/>
<pin id="261" dir="0" index="2" bw="5" slack="0"/>
<pin id="262" dir="1" index="3" bw="5" slack="0"/>
</pin_list>
<bind>
<opcode="select(49) " fcode="select"/>
<opset="select_ln26/1 "/>
</bind>
</comp>

<comp id="266" class="1004" name="select_ln26_1_fu_266">
<pin_list>
<pin id="267" dir="0" index="0" bw="1" slack="0"/>
<pin id="268" dir="0" index="1" bw="5" slack="0"/>
<pin id="269" dir="0" index="2" bw="5" slack="0"/>
<pin id="270" dir="1" index="3" bw="5" slack="0"/>
</pin_list>
<bind>
<opcode="select(49) " fcode="select"/>
<opset="select_ln26_1/1 "/>
</bind>
</comp>

<comp id="274" class="1004" name="empty_35_fu_274">
<pin_list>
<pin id="275" dir="0" index="0" bw="5" slack="0"/>
<pin id="276" dir="1" index="1" bw="4" slack="11"/>
</pin_list>
<bind>
<opcode="trunc(33) " fcode="trunc"/>
<opset="empty_35/1 "/>
</bind>
</comp>

<comp id="278" class="1004" name="first_iter_1_fu_278">
<pin_list>
<pin id="279" dir="0" index="0" bw="5" slack="0"/>
<pin id="280" dir="0" index="1" bw="1" slack="0"/>
<pin id="281" dir="1" index="2" bw="1" slack="2"/>
</pin_list>
<bind>
<opcode="icmp(45) " fcode="icmp"/>
<opset="first_iter_1/1 "/>
</bind>
</comp>

<comp id="284" class="1004" name="trunc_ln27_fu_284">
<pin_list>
<pin id="285" dir="0" index="0" bw="5" slack="0"/>
<pin id="286" dir="1" index="1" bw="2" slack="11"/>
</pin_list>
<bind>
<opcode="trunc(33) " fcode="trunc"/>
<opset="trunc_ln27/1 "/>
</bind>
</comp>

<comp id="288" class="1004" name="lshr_ln1_fu_288">
<pin_list>
<pin id="289" dir="0" index="0" bw="2" slack="0"/>
<pin id="290" dir="0" index="1" bw="5" slack="0"/>
<pin id="291" dir="0" index="2" bw="3" slack="0"/>
<pin id="292" dir="0" index="3" bw="3" slack="0"/>
<pin id="293" dir="1" index="4" bw="2" slack="11"/>
</pin_list>
<bind>
<opcode="partselect(1002) " fcode="partselect"/>
<opset="lshr_ln1/1 "/>
</bind>
</comp>

<comp id="298" class="1004" name="add_ln27_fu_298">
<pin_list>
<pin id="299" dir="0" index="0" bw="5" slack="0"/>
<pin id="300" dir="0" index="1" bw="1" slack="0"/>
<pin id="301" dir="1" index="2" bw="5" slack="0"/>
</pin_list>
<bind>
<opcode="add(8) " fcode="add"/>
<opset="add_ln27/1 "/>
</bind>
</comp>

<comp id="304" class="1004" name="store_ln26_store_fu_304">
<pin_list>
<pin id="305" dir="0" index="0" bw="9" slack="0"/>
<pin id="306" dir="0" index="1" bw="9" slack="0"/>
<pin id="307" dir="1" index="2" bw="0" slack="2147483647"/>
</pin_list>
<bind>
<opcode="store(28) " fcode="store"/>
<opset="store_ln26/1 "/>
</bind>
</comp>

<comp id="309" class="1004" name="store_ln26_store_fu_309">
<pin_list>
<pin id="310" dir="0" index="0" bw="5" slack="0"/>
<pin id="311" dir="0" index="1" bw="5" slack="0"/>
<pin id="312" dir="1" index="2" bw="0" slack="2147483647"/>
</pin_list>
<bind>
<opcode="store(28) " fcode="store"/>
<opset="store_ln26/1 "/>
</bind>
</comp>

<comp id="314" class="1004" name="store_ln27_store_fu_314">
<pin_list>
<pin id="315" dir="0" index="0" bw="5" slack="0"/>
<pin id="316" dir="0" index="1" bw="5" slack="0"/>
<pin id="317" dir="1" index="2" bw="0" slack="2147483647"/>
</pin_list>
<bind>
<opcode="store(28) " fcode="store"/>
<opset="store_ln27/1 "/>
</bind>
</comp>

<comp id="319" class="1004" name="zext_ln26_1_fu_319">
<pin_list>
<pin id="320" dir="0" index="0" bw="5" slack="1"/>
<pin id="321" dir="1" index="1" bw="37" slack="0"/>
</pin_list>
<bind>
<opcode="zext(34) " fcode="zext"/>
<opset="zext_ln26_1/2 "/>
</bind>
</comp>

<comp id="322" class="1004" name="mul_ln26_fu_322">
<pin_list>
<pin id="323" dir="0" index="0" bw="5" slack="0"/>
<pin id="324" dir="0" index="1" bw="32" slack="1"/>
<pin id="325" dir="1" index="2" bw="37" slack="0"/>
</pin_list>
<bind>
<opcode="mul(12) " fcode="mul"/>
<opset="mul_ln26/2 "/>
</bind>
</comp>

<comp id="327" class="1004" name="sext_ln26_fu_327">
<pin_list>
<pin id="328" dir="0" index="0" bw="37" slack="0"/>
<pin id="329" dir="1" index="1" bw="40" slack="0"/>
</pin_list>
<bind>
<opcode="sext(35) " fcode="sext"/>
<opset="sext_ln26/2 "/>
</bind>
</comp>

<comp id="331" class="1004" name="add_ln26_fu_331">
<pin_list>
<pin id="332" dir="0" index="0" bw="39" slack="1"/>
<pin id="333" dir="0" index="1" bw="37" slack="0"/>
<pin id="334" dir="1" index="2" bw="40" slack="0"/>
</pin_list>
<bind>
<opcode="add(8) " fcode="add"/>
<opset="add_ln26/2 "/>
</bind>
</comp>

<comp id="336" class="1004" name="add_ln26_3_fu_336">
<pin_list>
<pin id="337" dir="0" index="0" bw="40" slack="0"/>
<pin id="338" dir="0" index="1" bw="7" slack="1"/>
<pin id="339" dir="1" index="2" bw="40" slack="0"/>
</pin_list>
<bind>
<opcode="add(8) " fcode="add"/>
<opset="add_ln26_3/2 "/>
</bind>
</comp>

<comp id="341" class="1004" name="shl_ln1_fu_341">
<pin_list>
<pin id="342" dir="0" index="0" bw="42" slack="0"/>
<pin id="343" dir="0" index="1" bw="40" slack="0"/>
<pin id="344" dir="0" index="2" bw="1" slack="0"/>
<pin id="345" dir="1" index="3" bw="42" slack="0"/>
</pin_list>
<bind>
<opcode="bitconcatenate(1004) " fcode="bitconcatenate"/>
<opset="shl_ln1/2 "/>
</bind>
</comp>

<comp id="349" class="1004" name="sext_ln26_1_fu_349">
<pin_list>
<pin id="350" dir="0" index="0" bw="42" slack="0"/>
<pin id="351" dir="1" index="1" bw="64" slack="0"/>
</pin_list>
<bind>
<opcode="sext(35) " fcode="sext"/>
<opset="sext_ln26_1/2 "/>
</bind>
</comp>

<comp id="353" class="1004" name="add_ln26_1_fu_353">
<pin_list>
<pin id="354" dir="0" index="0" bw="42" slack="0"/>
<pin id="355" dir="0" index="1" bw="64" slack="1"/>
<pin id="356" dir="1" index="2" bw="64" slack="0"/>
</pin_list>
<bind>
<opcode="add(8) " fcode="add"/>
<opset="add_ln26_1/2 "/>
</bind>
</comp>

<comp id="358" class="1004" name="trunc_ln_fu_358">
<pin_list>
<pin id="359" dir="0" index="0" bw="62" slack="0"/>
<pin id="360" dir="0" index="1" bw="64" slack="0"/>
<pin id="361" dir="0" index="2" bw="3" slack="0"/>
<pin id="362" dir="0" index="3" bw="7" slack="0"/>
<pin id="363" dir="1" index="4" bw="62" slack="0"/>
</pin_list>
<bind>
<opcode="partselect(1002) " fcode="partselect"/>
<opset="trunc_ln/2 "/>
</bind>
</comp>

<comp id="368" class="1004" name="sext_ln27_fu_368">
<pin_list>
<pin id="369" dir="0" index="0" bw="62" slack="0"/>
<pin id="370" dir="1" index="1" bw="64" slack="0"/>
</pin_list>
<bind>
<opcode="sext(35) " fcode="sext"/>
<opset="sext_ln27/2 "/>
</bind>
</comp>

<comp id="372" class="1004" name="gmem_addr_fu_372">
<pin_list>
<pin id="373" dir="0" index="0" bw="32" slack="0"/>
<pin id="374" dir="0" index="1" bw="62" slack="0"/>
<pin id="375" dir="1" index="2" bw="32" slack="1"/>
</pin_list>
<bind>
<opcode="getelementptr(29) " fcode="getelementptr"/>
<opset="gmem_addr/2 "/>
</bind>
</comp>

<comp id="378" class="1004" name="tmp_9_fu_378">
<pin_list>
<pin id="379" dir="0" index="0" bw="6" slack="0"/>
<pin id="380" dir="0" index="1" bw="4" slack="11"/>
<pin id="381" dir="0" index="2" bw="2" slack="11"/>
<pin id="382" dir="1" index="3" bw="6" slack="0"/>
</pin_list>
<bind>
<opcode="bitconcatenate(1004) " fcode="bitconcatenate"/>
<opset="tmp_9/12 "/>
</bind>
</comp>

<comp id="384" class="1004" name="zext_ln28_fu_384">
<pin_list>
<pin id="385" dir="0" index="0" bw="6" slack="0"/>
<pin id="386" dir="1" index="1" bw="64" slack="0"/>
</pin_list>
<bind>
<opcode="zext(34) " fcode="zext"/>
<opset="zext_ln28/12 "/>
</bind>
</comp>

<comp id="392" class="1005" name="k_reg_392">
<pin_list>
<pin id="393" dir="0" index="0" bw="5" slack="0"/>
<pin id="394" dir="1" index="1" bw="5" slack="0"/>
</pin_list>
<bind>
<opset="k "/>
</bind>
</comp>

<comp id="399" class="1005" name="i_reg_399">
<pin_list>
<pin id="400" dir="0" index="0" bw="5" slack="0"/>
<pin id="401" dir="1" index="1" bw="5" slack="0"/>
</pin_list>
<bind>
<opset="i "/>
</bind>
</comp>

<comp id="406" class="1005" name="indvar_flatten6_reg_406">
<pin_list>
<pin id="407" dir="0" index="0" bw="9" slack="0"/>
<pin id="408" dir="1" index="1" bw="9" slack="0"/>
</pin_list>
<bind>
<opset="indvar_flatten6 "/>
</bind>
</comp>

<comp id="413" class="1005" name="in1_read_reg_413">
<pin_list>
<pin id="414" dir="0" index="0" bw="64" slack="1"/>
<pin id="415" dir="1" index="1" bw="64" slack="1"/>
</pin_list>
<bind>
<opset="in1_read "/>
</bind>
</comp>

<comp id="418" class="1005" name="dim_cast6_cast_reg_418">
<pin_list>
<pin id="419" dir="0" index="0" bw="37" slack="1"/>
<pin id="420" dir="1" index="1" bw="37" slack="1"/>
</pin_list>
<bind>
<opset="dim_cast6_cast "/>
</bind>
</comp>

<comp id="423" class="1005" name="zext_ln26_cast_reg_423">
<pin_list>
<pin id="424" dir="0" index="0" bw="40" slack="1"/>
<pin id="425" dir="1" index="1" bw="40" slack="1"/>
</pin_list>
<bind>
<opset="zext_ln26_cast "/>
</bind>
</comp>

<comp id="428" class="1005" name="p_cast_reg_428">
<pin_list>
<pin id="429" dir="0" index="0" bw="40" slack="1"/>
<pin id="430" dir="1" index="1" bw="40" slack="1"/>
</pin_list>
<bind>
<opset="p_cast "/>
</bind>
</comp>

<comp id="433" class="1005" name="icmp_ln26_reg_433">
<pin_list>
<pin id="434" dir="0" index="0" bw="1" slack="10"/>
<pin id="435" dir="1" index="1" bw="1" slack="2147483647"/>
</pin_list>
<bind>
<opset="icmp_ln26 "/>
</bind>
</comp>

<comp id="437" class="1005" name="select_ln26_1_reg_437">
<pin_list>
<pin id="438" dir="0" index="0" bw="5" slack="1"/>
<pin id="439" dir="1" index="1" bw="5" slack="1"/>
</pin_list>
<bind>
<opset="select_ln26_1 "/>
</bind>
</comp>

<comp id="442" class="1005" name="empty_35_reg_442">
<pin_list>
<pin id="443" dir="0" index="0" bw="4" slack="11"/>
<pin id="444" dir="1" index="1" bw="4" slack="11"/>
</pin_list>
<bind>
<opset="empty_35 "/>
</bind>
</comp>

<comp id="447" class="1005" name="first_iter_1_reg_447">
<pin_list>
<pin id="448" dir="0" index="0" bw="1" slack="2"/>
<pin id="449" dir="1" index="1" bw="1" slack="2147483647"/>
</pin_list>
<bind>
<opset="first_iter_1 "/>
</bind>
</comp>

<comp id="451" class="1005" name="trunc_ln27_reg_451">
<pin_list>
<pin id="452" dir="0" index="0" bw="2" slack="11"/>
<pin id="453" dir="1" index="1" bw="2" slack="2147483647"/>
</pin_list>
<bind>
<opset="trunc_ln27 "/>
</bind>
</comp>

<comp id="455" class="1005" name="lshr_ln1_reg_455">
<pin_list>
<pin id="456" dir="0" index="0" bw="2" slack="11"/>
<pin id="457" dir="1" index="1" bw="2" slack="11"/>
</pin_list>
<bind>
<opset="lshr_ln1 "/>
</bind>
</comp>

<comp id="460" class="1005" name="gmem_addr_reg_460">
<pin_list>
<pin id="461" dir="0" index="0" bw="32" slack="1"/>
<pin id="462" dir="1" index="1" bw="32" slack="1"/>
</pin_list>
<bind>
<opset="gmem_addr "/>
</bind>
</comp>

<comp id="466" class="1005" name="gmem_addr_read_reg_466">
<pin_list>
<pin id="467" dir="0" index="0" bw="32" slack="1"/>
<pin id="468" dir="1" index="1" bw="32" slack="1"/>
</pin_list>
<bind>
<opset="gmem_addr_read "/>
</bind>
</comp>

</comp_list>

<net_list>
<net id="101"><net_src comp="18" pin="0"/><net_sink comp="98" pin=0"/></net>

<net id="105"><net_src comp="18" pin="0"/><net_sink comp="102" pin=0"/></net>

<net id="109"><net_src comp="18" pin="0"/><net_sink comp="106" pin=0"/></net>

<net id="114"><net_src comp="20" pin="0"/><net_sink comp="110" pin=0"/></net>

<net id="115"><net_src comp="16" pin="0"/><net_sink comp="110" pin=1"/></net>

<net id="120"><net_src comp="22" pin="0"/><net_sink comp="116" pin=0"/></net>

<net id="121"><net_src comp="14" pin="0"/><net_sink comp="116" pin=1"/></net>

<net id="126"><net_src comp="24" pin="0"/><net_sink comp="122" pin=0"/></net>

<net id="127"><net_src comp="12" pin="0"/><net_sink comp="122" pin=1"/></net>

<net id="132"><net_src comp="26" pin="0"/><net_sink comp="128" pin=0"/></net>

<net id="133"><net_src comp="10" pin="0"/><net_sink comp="128" pin=1"/></net>

<net id="139"><net_src comp="86" pin="0"/><net_sink comp="134" pin=0"/></net>

<net id="140"><net_src comp="88" pin="0"/><net_sink comp="134" pin=2"/></net>

<net id="145"><net_src comp="90" pin="0"/><net_sink comp="141" pin=0"/></net>

<net id="151"><net_src comp="2" pin="0"/><net_sink comp="146" pin=0"/></net>

<net id="152"><net_src comp="96" pin="0"/><net_sink comp="146" pin=1"/></net>

<net id="158"><net_src comp="4" pin="0"/><net_sink comp="153" pin=0"/></net>

<net id="159"><net_src comp="96" pin="0"/><net_sink comp="153" pin=1"/></net>

<net id="165"><net_src comp="6" pin="0"/><net_sink comp="160" pin=0"/></net>

<net id="166"><net_src comp="96" pin="0"/><net_sink comp="160" pin=1"/></net>

<net id="172"><net_src comp="8" pin="0"/><net_sink comp="167" pin=0"/></net>

<net id="173"><net_src comp="96" pin="0"/><net_sink comp="167" pin=1"/></net>

<net id="179"><net_src comp="160" pin="3"/><net_sink comp="174" pin=0"/></net>

<net id="185"><net_src comp="153" pin="3"/><net_sink comp="180" pin=0"/></net>

<net id="191"><net_src comp="146" pin="3"/><net_sink comp="186" pin=0"/></net>

<net id="197"><net_src comp="167" pin="3"/><net_sink comp="192" pin=0"/></net>

<net id="201"><net_src comp="128" pin="2"/><net_sink comp="198" pin=0"/></net>

<net id="205"><net_src comp="116" pin="2"/><net_sink comp="202" pin=0"/></net>

<net id="209"><net_src comp="122" pin="2"/><net_sink comp="206" pin=0"/></net>

<net id="214"><net_src comp="46" pin="0"/><net_sink comp="210" pin=0"/></net>

<net id="219"><net_src comp="48" pin="0"/><net_sink comp="215" pin=0"/></net>

<net id="224"><net_src comp="48" pin="0"/><net_sink comp="220" pin=0"/></net>

<net id="232"><net_src comp="225" pin="1"/><net_sink comp="228" pin=0"/></net>

<net id="233"><net_src comp="52" pin="0"/><net_sink comp="228" pin=1"/></net>

<net id="238"><net_src comp="225" pin="1"/><net_sink comp="234" pin=0"/></net>

<net id="239"><net_src comp="54" pin="0"/><net_sink comp="234" pin=1"/></net>

<net id="250"><net_src comp="243" pin="1"/><net_sink comp="246" pin=0"/></net>

<net id="251"><net_src comp="56" pin="0"/><net_sink comp="246" pin=1"/></net>

<net id="256"><net_src comp="240" pin="1"/><net_sink comp="252" pin=0"/></net>

<net id="257"><net_src comp="58" pin="0"/><net_sink comp="252" pin=1"/></net>

<net id="263"><net_src comp="252" pin="2"/><net_sink comp="258" pin=0"/></net>

<net id="264"><net_src comp="48" pin="0"/><net_sink comp="258" pin=1"/></net>

<net id="265"><net_src comp="240" pin="1"/><net_sink comp="258" pin=2"/></net>

<net id="271"><net_src comp="252" pin="2"/><net_sink comp="266" pin=0"/></net>

<net id="272"><net_src comp="246" pin="2"/><net_sink comp="266" pin=1"/></net>

<net id="273"><net_src comp="243" pin="1"/><net_sink comp="266" pin=2"/></net>

<net id="277"><net_src comp="266" pin="3"/><net_sink comp="274" pin=0"/></net>

<net id="282"><net_src comp="258" pin="3"/><net_sink comp="278" pin=0"/></net>

<net id="283"><net_src comp="48" pin="0"/><net_sink comp="278" pin=1"/></net>

<net id="287"><net_src comp="258" pin="3"/><net_sink comp="284" pin=0"/></net>

<net id="294"><net_src comp="60" pin="0"/><net_sink comp="288" pin=0"/></net>

<net id="295"><net_src comp="258" pin="3"/><net_sink comp="288" pin=1"/></net>

<net id="296"><net_src comp="62" pin="0"/><net_sink comp="288" pin=2"/></net>

<net id="297"><net_src comp="64" pin="0"/><net_sink comp="288" pin=3"/></net>

<net id="302"><net_src comp="258" pin="3"/><net_sink comp="298" pin=0"/></net>

<net id="303"><net_src comp="56" pin="0"/><net_sink comp="298" pin=1"/></net>

<net id="308"><net_src comp="234" pin="2"/><net_sink comp="304" pin=0"/></net>

<net id="313"><net_src comp="266" pin="3"/><net_sink comp="309" pin=0"/></net>

<net id="318"><net_src comp="298" pin="2"/><net_sink comp="314" pin=0"/></net>

<net id="326"><net_src comp="319" pin="1"/><net_sink comp="322" pin=0"/></net>

<net id="330"><net_src comp="322" pin="2"/><net_sink comp="327" pin=0"/></net>

<net id="335"><net_src comp="327" pin="1"/><net_sink comp="331" pin=1"/></net>

<net id="340"><net_src comp="331" pin="2"/><net_sink comp="336" pin=0"/></net>

<net id="346"><net_src comp="80" pin="0"/><net_sink comp="341" pin=0"/></net>

<net id="347"><net_src comp="336" pin="2"/><net_sink comp="341" pin=1"/></net>

<net id="348"><net_src comp="66" pin="0"/><net_sink comp="341" pin=2"/></net>

<net id="352"><net_src comp="341" pin="3"/><net_sink comp="349" pin=0"/></net>

<net id="357"><net_src comp="349" pin="1"/><net_sink comp="353" pin=0"/></net>

<net id="364"><net_src comp="82" pin="0"/><net_sink comp="358" pin=0"/></net>

<net id="365"><net_src comp="353" pin="2"/><net_sink comp="358" pin=1"/></net>

<net id="366"><net_src comp="62" pin="0"/><net_sink comp="358" pin=2"/></net>

<net id="367"><net_src comp="84" pin="0"/><net_sink comp="358" pin=3"/></net>

<net id="371"><net_src comp="358" pin="4"/><net_sink comp="368" pin=0"/></net>

<net id="376"><net_src comp="0" pin="0"/><net_sink comp="372" pin=0"/></net>

<net id="377"><net_src comp="368" pin="1"/><net_sink comp="372" pin=1"/></net>

<net id="383"><net_src comp="94" pin="0"/><net_sink comp="378" pin=0"/></net>

<net id="387"><net_src comp="378" pin="3"/><net_sink comp="384" pin=0"/></net>

<net id="388"><net_src comp="384" pin="1"/><net_sink comp="146" pin=2"/></net>

<net id="389"><net_src comp="384" pin="1"/><net_sink comp="153" pin=2"/></net>

<net id="390"><net_src comp="384" pin="1"/><net_sink comp="160" pin=2"/></net>

<net id="391"><net_src comp="384" pin="1"/><net_sink comp="167" pin=2"/></net>

<net id="395"><net_src comp="98" pin="1"/><net_sink comp="392" pin=0"/></net>

<net id="396"><net_src comp="392" pin="1"/><net_sink comp="220" pin=1"/></net>

<net id="397"><net_src comp="392" pin="1"/><net_sink comp="240" pin=0"/></net>

<net id="398"><net_src comp="392" pin="1"/><net_sink comp="314" pin=1"/></net>

<net id="402"><net_src comp="102" pin="1"/><net_sink comp="399" pin=0"/></net>

<net id="403"><net_src comp="399" pin="1"/><net_sink comp="215" pin=1"/></net>

<net id="404"><net_src comp="399" pin="1"/><net_sink comp="243" pin=0"/></net>

<net id="405"><net_src comp="399" pin="1"/><net_sink comp="309" pin=1"/></net>

<net id="409"><net_src comp="106" pin="1"/><net_sink comp="406" pin=0"/></net>

<net id="410"><net_src comp="406" pin="1"/><net_sink comp="210" pin=1"/></net>

<net id="411"><net_src comp="406" pin="1"/><net_sink comp="225" pin=0"/></net>

<net id="412"><net_src comp="406" pin="1"/><net_sink comp="304" pin=1"/></net>

<net id="416"><net_src comp="110" pin="2"/><net_sink comp="413" pin=0"/></net>

<net id="417"><net_src comp="413" pin="1"/><net_sink comp="353" pin=1"/></net>

<net id="421"><net_src comp="198" pin="1"/><net_sink comp="418" pin=0"/></net>

<net id="422"><net_src comp="418" pin="1"/><net_sink comp="322" pin=1"/></net>

<net id="426"><net_src comp="202" pin="1"/><net_sink comp="423" pin=0"/></net>

<net id="427"><net_src comp="423" pin="1"/><net_sink comp="336" pin=1"/></net>

<net id="431"><net_src comp="206" pin="1"/><net_sink comp="428" pin=0"/></net>

<net id="432"><net_src comp="428" pin="1"/><net_sink comp="331" pin=0"/></net>

<net id="436"><net_src comp="228" pin="2"/><net_sink comp="433" pin=0"/></net>

<net id="440"><net_src comp="266" pin="3"/><net_sink comp="437" pin=0"/></net>

<net id="441"><net_src comp="437" pin="1"/><net_sink comp="319" pin=0"/></net>

<net id="445"><net_src comp="274" pin="1"/><net_sink comp="442" pin=0"/></net>

<net id="446"><net_src comp="442" pin="1"/><net_sink comp="378" pin=1"/></net>

<net id="450"><net_src comp="278" pin="2"/><net_sink comp="447" pin=0"/></net>

<net id="454"><net_src comp="284" pin="1"/><net_sink comp="451" pin=0"/></net>

<net id="458"><net_src comp="288" pin="4"/><net_sink comp="455" pin=0"/></net>

<net id="459"><net_src comp="455" pin="1"/><net_sink comp="378" pin=2"/></net>

<net id="463"><net_src comp="372" pin="2"/><net_sink comp="460" pin=0"/></net>

<net id="464"><net_src comp="460" pin="1"/><net_sink comp="134" pin=1"/></net>

<net id="465"><net_src comp="460" pin="1"/><net_sink comp="141" pin=1"/></net>

<net id="469"><net_src comp="141" pin="2"/><net_sink comp="466" pin=0"/></net>

<net id="470"><net_src comp="466" pin="1"/><net_sink comp="174" pin=1"/></net>

<net id="471"><net_src comp="466" pin="1"/><net_sink comp="180" pin=1"/></net>

<net id="472"><net_src comp="466" pin="1"/><net_sink comp="186" pin=1"/></net>

<net id="473"><net_src comp="466" pin="1"/><net_sink comp="192" pin=1"/></net>

</net_list>

</model> 
---------------- Datapath Model END ------------------

* FSMD analyzer results:
  - Output states:
	Port: tA | {12 }
	Port: tA_1 | {12 }
	Port: tA_2 | {12 }
	Port: tA_3 | {12 }
 - Input state : 
	Port: mmult_hw_Pipeline_load_a_VITIS_LOOP_27_1 : gmem | {3 4 5 6 7 8 9 10 11 }
	Port: mmult_hw_Pipeline_load_a_VITIS_LOOP_27_1 : dim_cast6 | {1 }
	Port: mmult_hw_Pipeline_load_a_VITIS_LOOP_27_1 : empty | {1 }
	Port: mmult_hw_Pipeline_load_a_VITIS_LOOP_27_1 : zext_ln26 | {1 }
	Port: mmult_hw_Pipeline_load_a_VITIS_LOOP_27_1 : in1 | {1 }
  - Chain level:
	State 1
		store_ln0 : 1
		store_ln26 : 1
		store_ln27 : 1
		indvar_flatten6_load : 1
		icmp_ln26 : 2
		add_ln26_4 : 2
		br_ln26 : 3
		k_load : 1
		i_load : 1
		add_ln26_2 : 2
		icmp_ln27 : 2
		select_ln26 : 3
		select_ln26_1 : 3
		empty_35 : 4
		first_iter_1 : 4
		br_ln27 : 5
		trunc_ln27 : 4
		lshr_ln1 : 4
		switch_ln28 : 5
		add_ln27 : 4
		store_ln26 : 3
		store_ln26 : 4
		store_ln27 : 5
	State 2
		mul_ln26 : 1
		sext_ln26 : 2
		add_ln26 : 3
		add_ln26_3 : 4
		shl_ln1 : 5
		sext_ln26_1 : 6
		add_ln26_1 : 7
		trunc_ln : 8
		sext_ln27 : 9
		gmem_addr : 10
	State 3
	State 4
	State 5
	State 6
	State 7
	State 8
	State 9
	State 10
	State 11
	State 12
		zext_ln28 : 1
		tA_addr : 2
		tA_1_addr : 2
		tA_2_addr : 2
		tA_3_addr : 2
		store_ln28 : 3
		store_ln28 : 3
		store_ln28 : 3
		store_ln28 : 3


============================================================
+ Verbose Summary: Datapath Resource usage 
============================================================

* Functional unit list:
|----------|----------------------------|---------|---------|---------|
| Operation|       Functional Unit      |   DSP   |    FF   |   LUT   |
|----------|----------------------------|---------|---------|---------|
|          |      add_ln26_4_fu_234     |    0    |    0    |    16   |
|          |      add_ln26_2_fu_246     |    0    |    0    |    12   |
|    add   |       add_ln27_fu_298      |    0    |    0    |    12   |
|          |       add_ln26_fu_331      |    0    |    0    |    39   |
|          |      add_ln26_3_fu_336     |    0    |    0    |    40   |
|          |      add_ln26_1_fu_353     |    0    |    0    |    71   |
|----------|----------------------------|---------|---------|---------|
|          |      icmp_ln26_fu_228      |    0    |    0    |    16   |
|   icmp   |      icmp_ln27_fu_252      |    0    |    0    |    12   |
|          |     first_iter_1_fu_278    |    0    |    0    |    12   |
|----------|----------------------------|---------|---------|---------|
|    mul   |       mul_ln26_fu_322      |    2    |    0    |    20   |
|----------|----------------------------|---------|---------|---------|
|  select  |     select_ln26_fu_258     |    0    |    0    |    5    |
|          |    select_ln26_1_fu_266    |    0    |    0    |    5    |
|----------|----------------------------|---------|---------|---------|
|          |    in1_read_read_fu_110    |    0    |    0    |    0    |
|          | zext_ln26_read_read_fu_116 |    0    |    0    |    0    |
|   read   |       tmp_read_fu_122      |    0    |    0    |    0    |
|          | dim_cast6_read_read_fu_128 |    0    |    0    |    0    |
|          | gmem_addr_read_read_fu_141 |    0    |    0    |    0    |
|----------|----------------------------|---------|---------|---------|
|  readreq |     grp_readreq_fu_134     |    0    |    0    |    0    |
|----------|----------------------------|---------|---------|---------|
|          |    dim_cast6_cast_fu_198   |    0    |    0    |    0    |
|          |        p_cast_fu_206       |    0    |    0    |    0    |
|   sext   |      sext_ln26_fu_327      |    0    |    0    |    0    |
|          |     sext_ln26_1_fu_349     |    0    |    0    |    0    |
|          |      sext_ln27_fu_368      |    0    |    0    |    0    |
|----------|----------------------------|---------|---------|---------|
|          |    zext_ln26_cast_fu_202   |    0    |    0    |    0    |
|   zext   |     zext_ln26_1_fu_319     |    0    |    0    |    0    |
|          |      zext_ln28_fu_384      |    0    |    0    |    0    |
|----------|----------------------------|---------|---------|---------|
|   trunc  |       empty_35_fu_274      |    0    |    0    |    0    |
|          |      trunc_ln27_fu_284     |    0    |    0    |    0    |
|----------|----------------------------|---------|---------|---------|
|partselect|       lshr_ln1_fu_288      |    0    |    0    |    0    |
|          |       trunc_ln_fu_358      |    0    |    0    |    0    |
|----------|----------------------------|---------|---------|---------|
|bitconcatenate|       shl_ln1_fu_341       |    0    |    0    |    0    |
|          |        tmp_9_fu_378        |    0    |    0    |    0    |
|----------|----------------------------|---------|---------|---------|
|   Total  |                            |    2    |    0    |   260   |
|----------|----------------------------|---------|---------|---------|

Memories:
N/A

* Register list:
+-----------------------+--------+
|                       |   FF   |
+-----------------------+--------+
| dim_cast6_cast_reg_418|   37   |
|    empty_35_reg_442   |    4   |
|  first_iter_1_reg_447 |    1   |
| gmem_addr_read_reg_466|   32   |
|   gmem_addr_reg_460   |   32   |
|       i_reg_399       |    5   |
|   icmp_ln26_reg_433   |    1   |
|    in1_read_reg_413   |   64   |
|indvar_flatten6_reg_406|    9   |
|       k_reg_392       |    5   |
|    lshr_ln1_reg_455   |    2   |
|     p_cast_reg_428    |   40   |
| select_ln26_1_reg_437 |    5   |
|   trunc_ln27_reg_451  |    2   |
| zext_ln26_cast_reg_423|   40   |
+-----------------------+--------+
|         Total         |   279  |
+-----------------------+--------+

* Multiplexer (MUX) list: 
|--------|------|------|------|--------|
|  Comp  |  Pin | Size |  BW  | S x BW |
|--------|------|------|------|--------|
|  Total |      |      |      |    0   |
|--------|------|------|------|--------|



* Summary:
+-----------+--------+--------+--------+
|           |   DSP  |   FF   |   LUT  |
+-----------+--------+--------+--------+
|  Function |    2   |    0   |   260  |
|   Memory  |    -   |    -   |    -   |
|Multiplexer|    -   |    -   |    -   |
|  Register |    -   |   279  |    -   |
+-----------+--------+--------+--------+
|   Total   |    2   |   279  |   260  |
+-----------+--------+--------+--------+
