

================================================================
== Vitis HLS Report for 'mmult_hw_Pipeline_load_b_VITIS_LOOP_30_2'
================================================================
* Date:           Mon Feb 23 00:37:46 2026

* Version:        2024.1 (Build 5069499 on May 21 2024)
* Project:        matmul_D12_Tiled_AP
* Solution:       hls (Vivado IP Flow Target)
* Product family: zynquplus
* Target device:  xczu3eg-sbva484-1-e


================================================================
== Performance Estimates
================================================================
+ Timing: 
    * Summary: 
    +--------+----------+----------+------------+
    |  Clock |  Target  | Estimated| Uncertainty|
    +--------+----------+----------+------------+
    |ap_clk  |  10.00 ns|  7.300 ns|     2.70 ns|
    +--------+----------+----------+------------+

+ Latency: 
    * Summary: 
    +---------+---------+----------+----------+-----+-----+-----------------------------------------------+
    |  Latency (cycles) |  Latency (absolute) |  Interval |                    Pipeline                   |
    |   min   |   max   |    min   |    max   | min | max |                      Type                     |
    +---------+---------+----------+----------+-----+-----+-----------------------------------------------+
    |      268|      268|  2.680 us|  2.680 us|  257|  257|  loop auto-rewind stp(delay=0 clock cycles(s))|
    +---------+---------+----------+----------+-----+-----+-----------------------------------------------+

    + Detail: 
        * Instance: 
        N/A

        * Loop: 
        +--------------------------+---------+---------+----------+-----------+-----------+------+----------+
        |                          |  Latency (cycles) | Iteration|  Initiation Interval  | Trip |          |
        |         Loop Name        |   min   |   max   |  Latency |  achieved |   target  | Count| Pipelined|
        +--------------------------+---------+---------+----------+-----------+-----------+------+----------+
        |- load_b_VITIS_LOOP_30_2  |      266|      266|        12|          1|          1|   256|       yes|
        +--------------------------+---------+---------+----------+-----------+-----------+------+----------+

============================================================
+ Verbose Summary: Synthesis Manager
============================================================
InlineROM: 1
ExposeGlobal: 0
============================================================
+ Verbose Summary: CDFG Model
============================================================
IsTopModel: 0
ResetActiveHigh: 1
IsCombinational: 0
IsDatapathOnly: 0
HasWiredReturn: 1
HasMFsm: 2
HasVarLatency: 1
IsPipeline: 0
IsRtlPipelined: 0
IsInstanceOverlapped: 0
IsDontTouch: 0
HasImplIP: 0
IsGatedGlobalClock: 0

+ Individual pipeline summary: 
  * Pipeline-0: initiation interval (II) = 1, depth = 12


============================================================
+ Verbose Summary: Schedule
============================================================
* Number of FSM states : 12
* Pipeline : 1
  Pipeline-0 : II = 1, D = 12, States = { 1 2 3 4 5 6 7 8 9 10 11 12 }
* Dataflow Pipeline: 0

* FSM state transitions: 
1 --> 2 
2 --> 3 
3 --> 4 
4 --> 5 
5 --> 6 
6 --> 7 
7 --> 8 
8 --> 9 
9 --> 10 
10 --> 11 
11 --> 12 
12 --> 

* FSM state operations: 

State 1 <SV = 0> <Delay = 6.94>
ST_1 : Operation 15 [1/1] (0.00ns)   --->   "%j = alloca i32 1" [mmult_baseline.cpp:30]   --->   Operation 15 'alloca' 'j' <Predicate = true> <Delay = 0.00>
ST_1 : Operation 16 [1/1] (0.00ns)   --->   "%k = alloca i32 1" [mmult_baseline.cpp:29]   --->   Operation 16 'alloca' 'k' <Predicate = true> <Delay = 0.00>
ST_1 : Operation 17 [1/1] (0.00ns)   --->   "%indvar_flatten13 = alloca i32 1"   --->   Operation 17 'alloca' 'indvar_flatten13' <Predicate = true> <Delay = 0.00>
ST_1 : Operation 18 [1/1] (0.00ns)   --->   "%in2_read = read i64 @_ssdm_op_Read.ap_auto.i64, i64 %in2"   --->   Operation 18 'read' 'in2_read' <Predicate = true> <Delay = 0.00>
ST_1 : Operation 19 [1/1] (0.00ns)   --->   "%tmp = read i39 @_ssdm_op_Read.ap_auto.i39, i39 %empty"   --->   Operation 19 'read' 'tmp' <Predicate = true> <Delay = 0.00>
ST_1 : Operation 20 [1/1] (0.00ns)   --->   "%zext_ln25_1_read = read i7 @_ssdm_op_Read.ap_auto.i7, i7 %zext_ln25_1"   --->   Operation 20 'read' 'zext_ln25_1_read' <Predicate = true> <Delay = 0.00>
ST_1 : Operation 21 [1/1] (0.00ns)   --->   "%sext_ln29_read = read i32 @_ssdm_op_Read.ap_auto.i32, i32 %sext_ln29"   --->   Operation 21 'read' 'sext_ln29_read' <Predicate = true> <Delay = 0.00>
ST_1 : Operation 22 [1/1] (0.00ns)   --->   "%zext_ln25_1_cast = zext i7 %zext_ln25_1_read"   --->   Operation 22 'zext' 'zext_ln25_1_cast' <Predicate = true> <Delay = 0.00>
ST_1 : Operation 23 [1/1] (0.00ns)   --->   "%sext_ln29_cast = sext i32 %sext_ln29_read"   --->   Operation 23 'sext' 'sext_ln29_cast' <Predicate = true> <Delay = 0.00>
ST_1 : Operation 24 [1/1] (0.00ns)   --->   "%p_cast = sext i39 %tmp"   --->   Operation 24 'sext' 'p_cast' <Predicate = true> <Delay = 0.00>
ST_1 : Operation 25 [1/1] (0.00ns)   --->   "%specinterface_ln0 = specinterface void @_ssdm_op_SpecInterface, i32 %gmem, void @empty, i32 0, i32 0, void @empty_0, i32 0, i32 16384, void @empty_1, void @empty_2, void @empty_0, i32 16, i32 16, i32 16, i32 16, void @empty_0, void @empty_0, i32 4294967295, i32 0, i32 0"   --->   Operation 25 'specinterface' 'specinterface_ln0' <Predicate = true> <Delay = 0.00>
ST_1 : Operation 26 [1/1] (0.48ns)   --->   "%store_ln0 = store i9 0, i9 %indvar_flatten13"   --->   Operation 26 'store' 'store_ln0' <Predicate = true> <Delay = 0.48>
ST_1 : Operation 27 [1/1] (0.48ns)   --->   "%store_ln29 = store i5 0, i5 %k" [mmult_baseline.cpp:29]   --->   Operation 27 'store' 'store_ln29' <Predicate = true> <Delay = 0.48>
ST_1 : Operation 28 [1/1] (0.48ns)   --->   "%store_ln30 = store i5 0, i5 %j" [mmult_baseline.cpp:30]   --->   Operation 28 'store' 'store_ln30' <Predicate = true> <Delay = 0.48>
ST_1 : Operation 29 [1/1] (0.00ns)   --->   "%br_ln0 = br void %for.inc69"   --->   Operation 29 'br' 'br_ln0' <Predicate = true> <Delay = 0.00>
ST_1 : Operation 30 [1/1] (0.00ns)   --->   "%indvar_flatten13_load = load i9 %indvar_flatten13" [mmult_baseline.cpp:29]   --->   Operation 30 'load' 'indvar_flatten13_load' <Predicate = true> <Delay = 0.00>
ST_1 : Operation 31 [1/1] (0.00ns)   --->   "%specbitsmap_ln0 = specbitsmap void @_ssdm_op_SpecBitsMap, i32 %gmem"   --->   Operation 31 'specbitsmap' 'specbitsmap_ln0' <Predicate = true> <Delay = 0.00>
ST_1 : Operation 32 [1/1] (0.92ns)   --->   "%icmp_ln29 = icmp_eq  i9 %indvar_flatten13_load, i9 256" [mmult_baseline.cpp:29]   --->   Operation 32 'icmp' 'icmp_ln29' <Predicate = true> <Delay = 0.92> <CoreInst = "Cmp">   --->   Core 9 'Cmp' <Latency = 0> <II = 1> <Delay = 0.92> <FuncUnit> <Opcode : 'seteq' 'setne' 'setle' 'setge' 'setlt' 'setgt'> <InPorts = 2> <OutPorts = 1>
ST_1 : Operation 33 [1/1] (0.92ns)   --->   "%add_ln29_4 = add i9 %indvar_flatten13_load, i9 1" [mmult_baseline.cpp:29]   --->   Operation 33 'add' 'add_ln29_4' <Predicate = true> <Delay = 0.92> <CoreInst = "Adder">   --->   Core 1 'Adder' <Latency = 0> <II = 1> <Delay = 0.92> <FuncUnit> <Opcode : 'add' 'sub'> <InPorts = 2> <OutPorts = 1>
ST_1 : Operation 34 [1/1] (0.00ns)   --->   "%br_ln29 = br i1 %icmp_ln29, void %for.inc72, void %comp_j.preheader.exitStub" [mmult_baseline.cpp:29]   --->   Operation 34 'br' 'br_ln29' <Predicate = true> <Delay = 0.00>
ST_1 : Operation 35 [1/1] (0.00ns)   --->   "%j_load = load i5 %j" [mmult_baseline.cpp:30]   --->   Operation 35 'load' 'j_load' <Predicate = (!icmp_ln29)> <Delay = 0.00>
ST_1 : Operation 36 [1/1] (0.00ns)   --->   "%k_load = load i5 %k" [mmult_baseline.cpp:29]   --->   Operation 36 'load' 'k_load' <Predicate = (!icmp_ln29)> <Delay = 0.00>
ST_1 : Operation 37 [1/1] (0.87ns)   --->   "%add_ln29_2 = add i5 %k_load, i5 1" [mmult_baseline.cpp:29]   --->   Operation 37 'add' 'add_ln29_2' <Predicate = (!icmp_ln29)> <Delay = 0.87> <CoreInst = "Adder">   --->   Core 1 'Adder' <Latency = 0> <II = 1> <Delay = 0.87> <FuncUnit> <Opcode : 'add' 'sub'> <InPorts = 2> <OutPorts = 1>
ST_1 : Operation 38 [1/1] (0.87ns)   --->   "%icmp_ln30 = icmp_eq  i5 %j_load, i5 16" [mmult_baseline.cpp:30]   --->   Operation 38 'icmp' 'icmp_ln30' <Predicate = (!icmp_ln29)> <Delay = 0.87> <CoreInst = "Cmp">   --->   Core 9 'Cmp' <Latency = 0> <II = 1> <Delay = 0.87> <FuncUnit> <Opcode : 'seteq' 'setne' 'setle' 'setge' 'setlt' 'setgt'> <InPorts = 2> <OutPorts = 1>
ST_1 : Operation 39 [1/1] (0.48ns)   --->   "%select_ln29 = select i1 %icmp_ln30, i5 0, i5 %j_load" [mmult_baseline.cpp:29]   --->   Operation 39 'select' 'select_ln29' <Predicate = (!icmp_ln29)> <Delay = 0.48> <CoreInst = "Sel">   --->   Core 73 'Sel' <Latency = 0> <II = 1> <Delay = 0.48> <FuncUnit> <Opcode : 'select'> <InPorts = 3> <OutPorts = 1>
ST_1 : Operation 40 [1/1] (0.48ns)   --->   "%select_ln29_1 = select i1 %icmp_ln30, i5 %add_ln29_2, i5 %k_load" [mmult_baseline.cpp:29]   --->   Operation 40 'select' 'select_ln29_1' <Predicate = (!icmp_ln29)> <Delay = 0.48> <CoreInst = "Sel">   --->   Core 73 'Sel' <Latency = 0> <II = 1> <Delay = 0.48> <FuncUnit> <Opcode : 'select'> <InPorts = 3> <OutPorts = 1>
ST_1 : Operation 41 [1/1] (0.87ns)   --->   "%first_iter_2 = icmp_eq  i5 %select_ln29, i5 0" [mmult_baseline.cpp:29]   --->   Operation 41 'icmp' 'first_iter_2' <Predicate = (!icmp_ln29)> <Delay = 0.87> <CoreInst = "Cmp">   --->   Core 9 'Cmp' <Latency = 0> <II = 1> <Delay = 0.87> <FuncUnit> <Opcode : 'seteq' 'setne' 'setle' 'setge' 'setlt' 'setgt'> <InPorts = 2> <OutPorts = 1>
ST_1 : Operation 42 [1/1] (0.00ns)   --->   "%zext_ln29 = zext i5 %select_ln29_1" [mmult_baseline.cpp:29]   --->   Operation 42 'zext' 'zext_ln29' <Predicate = (!icmp_ln29)> <Delay = 0.00>
ST_1 : Operation 43 [1/1] (3.88ns)   --->   "%mul_ln29 = mul i36 %zext_ln29, i36 %sext_ln29_cast" [mmult_baseline.cpp:29]   --->   Operation 43 'mul' 'mul_ln29' <Predicate = (!icmp_ln29)> <Delay = 3.88> <CoreInst = "Multiplier">   --->   Core 3 'Multiplier' <Latency = 0> <II = 1> <Delay = 3.88> <FuncUnit> <Opcode : 'mul'> <InPorts = 2> <OutPorts = 1>
ST_1 : Operation 44 [1/1] (1.21ns)   --->   "%add_ln29 = add i36 %zext_ln25_1_cast, i36 %mul_ln29" [mmult_baseline.cpp:29]   --->   Operation 44 'add' 'add_ln29' <Predicate = (!icmp_ln29)> <Delay = 1.21> <CoreInst = "Adder">   --->   Core 1 'Adder' <Latency = 0> <II = 1> <Delay = 1.21> <FuncUnit> <Opcode : 'add' 'sub'> <InPorts = 2> <OutPorts = 1>
ST_1 : Operation 45 [1/1] (0.00ns)   --->   "%br_ln30 = br i1 %first_iter_2, void %for.inc69.split, void %for.first.iter.for.inc69" [mmult_baseline.cpp:30]   --->   Operation 45 'br' 'br_ln30' <Predicate = (!icmp_ln29)> <Delay = 0.00>
ST_1 : Operation 46 [1/1] (0.00ns)   --->   "%trunc_ln29 = trunc i5 %select_ln29_1" [mmult_baseline.cpp:29]   --->   Operation 46 'trunc' 'trunc_ln29' <Predicate = (!icmp_ln29)> <Delay = 0.00>
ST_1 : Operation 47 [1/1] (0.00ns)   --->   "%lshr_ln2 = partselect i2 @_ssdm_op_PartSelect.i2.i5.i32.i32, i5 %select_ln29_1, i32 2, i32 3" [mmult_baseline.cpp:29]   --->   Operation 47 'partselect' 'lshr_ln2' <Predicate = (!icmp_ln29)> <Delay = 0.00>
ST_1 : Operation 48 [1/1] (0.00ns)   --->   "%tmp_s = bitconcatenate i6 @_ssdm_op_BitConcatenate.i6.i2.i4, i2 %lshr_ln2, i4 0" [mmult_baseline.cpp:31]   --->   Operation 48 'bitconcatenate' 'tmp_s' <Predicate = (!icmp_ln29)> <Delay = 0.00>
ST_1 : Operation 49 [1/1] (0.00ns)   --->   "%zext_ln31 = zext i5 %select_ln29" [mmult_baseline.cpp:31]   --->   Operation 49 'zext' 'zext_ln31' <Predicate = (!icmp_ln29)> <Delay = 0.00>
ST_1 : Operation 50 [1/1] (0.88ns)   --->   "%add_ln31 = add i6 %tmp_s, i6 %zext_ln31" [mmult_baseline.cpp:31]   --->   Operation 50 'add' 'add_ln31' <Predicate = (!icmp_ln29)> <Delay = 0.88> <CoreInst = "Adder">   --->   Core 1 'Adder' <Latency = 0> <II = 1> <Delay = 0.88> <FuncUnit> <Opcode : 'add' 'sub'> <InPorts = 2> <OutPorts = 1>
ST_1 : Operation 51 [1/1] (1.03ns)   --->   "%switch_ln31 = switch i2 %trunc_ln29, void %arrayidx686.case.3, i2 0, void %arrayidx686.case.0, i2 1, void %arrayidx686.case.1, i2 2, void %arrayidx686.case.2" [mmult_baseline.cpp:31]   --->   Operation 51 'switch' 'switch_ln31' <Predicate = (!icmp_ln29)> <Delay = 1.03>
ST_1 : Operation 52 [1/1] (0.87ns)   --->   "%add_ln30 = add i5 %select_ln29, i5 1" [mmult_baseline.cpp:30]   --->   Operation 52 'add' 'add_ln30' <Predicate = (!icmp_ln29)> <Delay = 0.87> <CoreInst = "Adder">   --->   Core 1 'Adder' <Latency = 0> <II = 1> <Delay = 0.87> <FuncUnit> <Opcode : 'add' 'sub'> <InPorts = 2> <OutPorts = 1>
ST_1 : Operation 53 [1/1] (0.48ns)   --->   "%store_ln29 = store i9 %add_ln29_4, i9 %indvar_flatten13" [mmult_baseline.cpp:29]   --->   Operation 53 'store' 'store_ln29' <Predicate = (!icmp_ln29)> <Delay = 0.48>
ST_1 : Operation 54 [1/1] (0.48ns)   --->   "%store_ln29 = store i5 %select_ln29_1, i5 %k" [mmult_baseline.cpp:29]   --->   Operation 54 'store' 'store_ln29' <Predicate = (!icmp_ln29)> <Delay = 0.48>
ST_1 : Operation 55 [1/1] (0.48ns)   --->   "%store_ln30 = store i5 %add_ln30, i5 %j" [mmult_baseline.cpp:30]   --->   Operation 55 'store' 'store_ln30' <Predicate = (!icmp_ln29)> <Delay = 0.48>
ST_1 : Operation 56 [1/1] (0.00ns)   --->   "%br_ln30 = br void %for.inc69" [mmult_baseline.cpp:30]   --->   Operation 56 'br' 'br_ln30' <Predicate = (!icmp_ln29)> <Delay = 0.00>

State 2 <SV = 1> <Delay = 2.70>
ST_2 : Operation 57 [1/1] (0.00ns)   --->   "%specloopname_ln0 = specloopname void @_ssdm_op_SpecLoopName, void @load_b_VITIS_LOOP_30_2_str"   --->   Operation 57 'specloopname' 'specloopname_ln0' <Predicate = true> <Delay = 0.00>
ST_2 : Operation 58 [1/1] (0.00ns)   --->   "%speclooptripcount_ln0 = speclooptripcount void @_ssdm_op_SpecLoopTripCount, i64 256, i64 256, i64 256"   --->   Operation 58 'speclooptripcount' 'speclooptripcount_ln0' <Predicate = true> <Delay = 0.00>
ST_2 : Operation 59 [1/1] (0.00ns)   --->   "%sext_ln29_1 = sext i36 %add_ln29" [mmult_baseline.cpp:29]   --->   Operation 59 'sext' 'sext_ln29_1' <Predicate = true> <Delay = 0.00>
ST_2 : Operation 60 [1/1] (1.23ns)   --->   "%add_ln29_3 = add i40 %sext_ln29_1, i40 %p_cast" [mmult_baseline.cpp:29]   --->   Operation 60 'add' 'add_ln29_3' <Predicate = true> <Delay = 1.23> <CoreInst = "Adder">   --->   Core 1 'Adder' <Latency = 0> <II = 1> <Delay = 1.23> <FuncUnit> <Opcode : 'add' 'sub'> <InPorts = 2> <OutPorts = 1>
ST_2 : Operation 61 [1/1] (0.00ns)   --->   "%shl_ln2 = bitconcatenate i42 @_ssdm_op_BitConcatenate.i42.i40.i2, i40 %add_ln29_3, i2 0" [mmult_baseline.cpp:29]   --->   Operation 61 'bitconcatenate' 'shl_ln2' <Predicate = true> <Delay = 0.00>
ST_2 : Operation 62 [1/1] (0.00ns)   --->   "%sext_ln29_2 = sext i42 %shl_ln2" [mmult_baseline.cpp:29]   --->   Operation 62 'sext' 'sext_ln29_2' <Predicate = true> <Delay = 0.00>
ST_2 : Operation 63 [1/1] (1.47ns)   --->   "%add_ln29_1 = add i64 %sext_ln29_2, i64 %in2_read" [mmult_baseline.cpp:29]   --->   Operation 63 'add' 'add_ln29_1' <Predicate = true> <Delay = 1.47> <CoreInst = "Adder">   --->   Core 1 'Adder' <Latency = 0> <II = 1> <Delay = 1.47> <FuncUnit> <Opcode : 'add' 'sub'> <InPorts = 2> <OutPorts = 1>
ST_2 : Operation 64 [1/1] (0.00ns)   --->   "%trunc_ln1 = partselect i62 @_ssdm_op_PartSelect.i62.i64.i32.i32, i64 %add_ln29_1, i32 2, i32 63" [mmult_baseline.cpp:30]   --->   Operation 64 'partselect' 'trunc_ln1' <Predicate = true> <Delay = 0.00>
ST_2 : Operation 65 [1/1] (0.00ns)   --->   "%sext_ln30 = sext i62 %trunc_ln1" [mmult_baseline.cpp:30]   --->   Operation 65 'sext' 'sext_ln30' <Predicate = true> <Delay = 0.00>
ST_2 : Operation 66 [1/1] (0.00ns)   --->   "%gmem_addr = getelementptr i32 %gmem, i64 %sext_ln30" [mmult_baseline.cpp:30]   --->   Operation 66 'getelementptr' 'gmem_addr' <Predicate = true> <Delay = 0.00>

State 3 <SV = 2> <Delay = 7.30>
ST_3 : Operation 67 [8/8] (7.30ns)   --->   "%empty_33 = readreq i1 @_ssdm_op_ReadReq.m_axi.p1i32, i32 %gmem_addr, i64 16" [mmult_baseline.cpp:30]   --->   Operation 67 'readreq' 'empty_33' <Predicate = (first_iter_2)> <Delay = 7.30> <CoreInst = "m_axi">   --->   Core 119 'm_axi' <Latency = 0> <II = 1> <Delay = 1.00> <Adapter> <Opcode : 'read' 'write' 'readreq' 'writereq' 'writeresp'>

State 4 <SV = 3> <Delay = 7.30>
ST_4 : Operation 68 [7/8] (7.30ns)   --->   "%empty_33 = readreq i1 @_ssdm_op_ReadReq.m_axi.p1i32, i32 %gmem_addr, i64 16" [mmult_baseline.cpp:30]   --->   Operation 68 'readreq' 'empty_33' <Predicate = (first_iter_2)> <Delay = 7.30> <CoreInst = "m_axi">   --->   Core 119 'm_axi' <Latency = 0> <II = 1> <Delay = 1.00> <Adapter> <Opcode : 'read' 'write' 'readreq' 'writereq' 'writeresp'>

State 5 <SV = 4> <Delay = 7.30>
ST_5 : Operation 69 [6/8] (7.30ns)   --->   "%empty_33 = readreq i1 @_ssdm_op_ReadReq.m_axi.p1i32, i32 %gmem_addr, i64 16" [mmult_baseline.cpp:30]   --->   Operation 69 'readreq' 'empty_33' <Predicate = (first_iter_2)> <Delay = 7.30> <CoreInst = "m_axi">   --->   Core 119 'm_axi' <Latency = 0> <II = 1> <Delay = 1.00> <Adapter> <Opcode : 'read' 'write' 'readreq' 'writereq' 'writeresp'>

State 6 <SV = 5> <Delay = 7.30>
ST_6 : Operation 70 [5/8] (7.30ns)   --->   "%empty_33 = readreq i1 @_ssdm_op_ReadReq.m_axi.p1i32, i32 %gmem_addr, i64 16" [mmult_baseline.cpp:30]   --->   Operation 70 'readreq' 'empty_33' <Predicate = (first_iter_2)> <Delay = 7.30> <CoreInst = "m_axi">   --->   Core 119 'm_axi' <Latency = 0> <II = 1> <Delay = 1.00> <Adapter> <Opcode : 'read' 'write' 'readreq' 'writereq' 'writeresp'>

State 7 <SV = 6> <Delay = 7.30>
ST_7 : Operation 71 [4/8] (7.30ns)   --->   "%empty_33 = readreq i1 @_ssdm_op_ReadReq.m_axi.p1i32, i32 %gmem_addr, i64 16" [mmult_baseline.cpp:30]   --->   Operation 71 'readreq' 'empty_33' <Predicate = (first_iter_2)> <Delay = 7.30> <CoreInst = "m_axi">   --->   Core 119 'm_axi' <Latency = 0> <II = 1> <Delay = 1.00> <Adapter> <Opcode : 'read' 'write' 'readreq' 'writereq' 'writeresp'>

State 8 <SV = 7> <Delay = 7.30>
ST_8 : Operation 72 [3/8] (7.30ns)   --->   "%empty_33 = readreq i1 @_ssdm_op_ReadReq.m_axi.p1i32, i32 %gmem_addr, i64 16" [mmult_baseline.cpp:30]   --->   Operation 72 'readreq' 'empty_33' <Predicate = (first_iter_2)> <Delay = 7.30> <CoreInst = "m_axi">   --->   Core 119 'm_axi' <Latency = 0> <II = 1> <Delay = 1.00> <Adapter> <Opcode : 'read' 'write' 'readreq' 'writereq' 'writeresp'>

State 9 <SV = 8> <Delay = 7.30>
ST_9 : Operation 73 [2/8] (7.30ns)   --->   "%empty_33 = readreq i1 @_ssdm_op_ReadReq.m_axi.p1i32, i32 %gmem_addr, i64 16" [mmult_baseline.cpp:30]   --->   Operation 73 'readreq' 'empty_33' <Predicate = (first_iter_2)> <Delay = 7.30> <CoreInst = "m_axi">   --->   Core 119 'm_axi' <Latency = 0> <II = 1> <Delay = 1.00> <Adapter> <Opcode : 'read' 'write' 'readreq' 'writereq' 'writeresp'>

State 10 <SV = 9> <Delay = 7.30>
ST_10 : Operation 74 [1/8] (7.30ns)   --->   "%empty_33 = readreq i1 @_ssdm_op_ReadReq.m_axi.p1i32, i32 %gmem_addr, i64 16" [mmult_baseline.cpp:30]   --->   Operation 74 'readreq' 'empty_33' <Predicate = (first_iter_2)> <Delay = 7.30> <CoreInst = "m_axi">   --->   Core 119 'm_axi' <Latency = 0> <II = 1> <Delay = 1.00> <Adapter> <Opcode : 'read' 'write' 'readreq' 'writereq' 'writeresp'>
ST_10 : Operation 75 [1/1] (0.00ns)   --->   "%br_ln30 = br void %for.inc69.split" [mmult_baseline.cpp:30]   --->   Operation 75 'br' 'br_ln30' <Predicate = (first_iter_2)> <Delay = 0.00>

State 11 <SV = 10> <Delay = 7.30>
ST_11 : Operation 76 [1/1] (7.30ns)   --->   "%gmem_addr_read = read i32 @_ssdm_op_Read.m_axi.p1i32, i32 %gmem_addr" [mmult_baseline.cpp:31]   --->   Operation 76 'read' 'gmem_addr_read' <Predicate = true> <Delay = 7.30> <CoreInst = "m_axi">   --->   Core 119 'm_axi' <Latency = 0> <II = 1> <Delay = 1.00> <Adapter> <Opcode : 'read' 'write' 'readreq' 'writereq' 'writeresp'>
ST_11 : Operation 91 [1/1] (0.48ns)   --->   "%ret_ln0 = ret"   --->   Operation 91 'ret' 'ret_ln0' <Predicate = (icmp_ln29)> <Delay = 0.48>

State 12 <SV = 11> <Delay = 1.35>
ST_12 : Operation 77 [1/1] (0.00ns)   --->   "%zext_ln31_1 = zext i6 %add_ln31" [mmult_baseline.cpp:31]   --->   Operation 77 'zext' 'zext_ln31_1' <Predicate = true> <Delay = 0.00>
ST_12 : Operation 78 [1/1] (0.00ns)   --->   "%tB_addr = getelementptr i32 %tB, i64 0, i64 %zext_ln31_1" [mmult_baseline.cpp:31]   --->   Operation 78 'getelementptr' 'tB_addr' <Predicate = true> <Delay = 0.00>
ST_12 : Operation 79 [1/1] (0.00ns)   --->   "%tB_1_addr = getelementptr i32 %tB_1, i64 0, i64 %zext_ln31_1" [mmult_baseline.cpp:31]   --->   Operation 79 'getelementptr' 'tB_1_addr' <Predicate = true> <Delay = 0.00>
ST_12 : Operation 80 [1/1] (0.00ns)   --->   "%tB_2_addr = getelementptr i32 %tB_2, i64 0, i64 %zext_ln31_1" [mmult_baseline.cpp:31]   --->   Operation 80 'getelementptr' 'tB_2_addr' <Predicate = true> <Delay = 0.00>
ST_12 : Operation 81 [1/1] (0.00ns)   --->   "%tB_3_addr = getelementptr i32 %tB_3, i64 0, i64 %zext_ln31_1" [mmult_baseline.cpp:31]   --->   Operation 81 'getelementptr' 'tB_3_addr' <Predicate = true> <Delay = 0.00>
ST_12 : Operation 82 [1/1] (0.00ns)   --->   "%specpipeline_ln30 = specpipeline void @_ssdm_op_SpecPipeline, i32 4294967295, i32 0, i32 0, i32 0, void @empty_0" [mmult_baseline.cpp:30]   --->   Operation 82 'specpipeline' 'specpipeline_ln30' <Predicate = true> <Delay = 0.00>
ST_12 : Operation 83 [1/1] (1.35ns)   --->   "%store_ln31 = store i32 %gmem_addr_read, i6 %tB_2_addr" [mmult_baseline.cpp:31]   --->   Operation 83 'store' 'store_ln31' <Predicate = (trunc_ln29 == 2)> <Delay = 1.35> <CoreInst = "RAM">   --->   Core 82 'RAM' <Latency = 1> <II = 1> <Delay = 1.35> <Storage> <Opcode : 'load' 'store'> <Ports = 2> <Width = 32> <Depth = 64> <RAM>
ST_12 : Operation 84 [1/1] (0.00ns)   --->   "%br_ln31 = br void %arrayidx686.exit" [mmult_baseline.cpp:31]   --->   Operation 84 'br' 'br_ln31' <Predicate = (trunc_ln29 == 2)> <Delay = 0.00>
ST_12 : Operation 85 [1/1] (1.35ns)   --->   "%store_ln31 = store i32 %gmem_addr_read, i6 %tB_1_addr" [mmult_baseline.cpp:31]   --->   Operation 85 'store' 'store_ln31' <Predicate = (trunc_ln29 == 1)> <Delay = 1.35> <CoreInst = "RAM">   --->   Core 82 'RAM' <Latency = 1> <II = 1> <Delay = 1.35> <Storage> <Opcode : 'load' 'store'> <Ports = 2> <Width = 32> <Depth = 64> <RAM>
ST_12 : Operation 86 [1/1] (0.00ns)   --->   "%br_ln31 = br void %arrayidx686.exit" [mmult_baseline.cpp:31]   --->   Operation 86 'br' 'br_ln31' <Predicate = (trunc_ln29 == 1)> <Delay = 0.00>
ST_12 : Operation 87 [1/1] (1.35ns)   --->   "%store_ln31 = store i32 %gmem_addr_read, i6 %tB_addr" [mmult_baseline.cpp:31]   --->   Operation 87 'store' 'store_ln31' <Predicate = (trunc_ln29 == 0)> <Delay = 1.35> <CoreInst = "RAM">   --->   Core 82 'RAM' <Latency = 1> <II = 1> <Delay = 1.35> <Storage> <Opcode : 'load' 'store'> <Ports = 2> <Width = 32> <Depth = 64> <RAM>
ST_12 : Operation 88 [1/1] (0.00ns)   --->   "%br_ln31 = br void %arrayidx686.exit" [mmult_baseline.cpp:31]   --->   Operation 88 'br' 'br_ln31' <Predicate = (trunc_ln29 == 0)> <Delay = 0.00>
ST_12 : Operation 89 [1/1] (1.35ns)   --->   "%store_ln31 = store i32 %gmem_addr_read, i6 %tB_3_addr" [mmult_baseline.cpp:31]   --->   Operation 89 'store' 'store_ln31' <Predicate = (trunc_ln29 == 3)> <Delay = 1.35> <CoreInst = "RAM">   --->   Core 82 'RAM' <Latency = 1> <II = 1> <Delay = 1.35> <Storage> <Opcode : 'load' 'store'> <Ports = 2> <Width = 32> <Depth = 64> <RAM>
ST_12 : Operation 90 [1/1] (0.00ns)   --->   "%br_ln31 = br void %arrayidx686.exit" [mmult_baseline.cpp:31]   --->   Operation 90 'br' 'br_ln31' <Predicate = (trunc_ln29 == 3)> <Delay = 0.00>


============================================================
+ Verbose Summary: Binding
============================================================
STG Binding: 
---------------- STG Properties BEGIN ----------------
- Is combinational: 0
- Is one-state seq: 0
- Is datapath-only: 0
- Is pipelined: 0
- Is top level: 0
Port [ Return ] is wired: 1; IO mode=ap_ctrl_hs:ce=0
Port [ gmem]:  wired=1; compound=1; hidden=0; nouse=0; global=0; static=0; extern=0; dir=0; type=4; pingpong=0; private_global=0; IO mode=m_axi:ce=0
Port [ tB]:  wired=1; compound=1; hidden=0; nouse=0; global=0; static=0; extern=0; dir=1; type=1; pingpong=0; private_global=0; MemPort=[03]; IO mode=ap_memory:ce=0
Port [ tB_1]:  wired=1; compound=1; hidden=0; nouse=0; global=0; static=0; extern=0; dir=1; type=1; pingpong=0; private_global=0; MemPort=[03]; IO mode=ap_memory:ce=0
Port [ tB_2]:  wired=1; compound=1; hidden=0; nouse=0; global=0; static=0; extern=0; dir=1; type=1; pingpong=0; private_global=0; MemPort=[03]; IO mode=ap_memory:ce=0
Port [ tB_3]:  wired=1; compound=1; hidden=0; nouse=0; global=0; static=0; extern=0; dir=1; type=1; pingpong=0; private_global=0; MemPort=[03]; IO mode=ap_memory:ce=0
Port [ sext_ln29]:  wired=1; compound=0; hidden=0; nouse=0; global=0; static=0; extern=0; dir=0; type=0; pingpong=0; private_global=0; IO mode=ap_none:ce=0
Port [ zext_ln25_1]:  wired=1; compound=0; hidden=0; nouse=0; global=0; static=0; extern=0; dir=0; type=0; pingpong=0; private_global=0; IO mode=ap_none:ce=0
Port [ empty]:  wired=1; compound=0; hidden=0; nouse=0; global=0; static=0; extern=0; dir=0; type=0; pingpong=0; private_global=0; IO mode=ap_none:ce=0
Port [ in2]:  wired=1; compound=0; hidden=0; nouse=0; global=0; static=0; extern=0; dir=0; type=0; pingpong=0; private_global=0; IO mode=ap_none:ce=0
---------------- STG Properties END ------------------

---------------- Datapath Model BEGIN ----------------

<LifeTime>
<method=bitvector/>
j                     (alloca           ) [ 0100000000000]
k                     (alloca           ) [ 0100000000000]
indvar_flatten13      (alloca           ) [ 0100000000000]
in2_read              (read             ) [ 0110000000000]
tmp                   (read             ) [ 0000000000000]
zext_ln25_1_read      (read             ) [ 0000000000000]
sext_ln29_read        (read             ) [ 0000000000000]
zext_ln25_1_cast      (zext             ) [ 0000000000000]
sext_ln29_cast        (sext             ) [ 0000000000000]
p_cast                (sext             ) [ 0110000000000]
specinterface_ln0     (specinterface    ) [ 0000000000000]
store_ln0             (store            ) [ 0000000000000]
store_ln29            (store            ) [ 0000000000000]
store_ln30            (store            ) [ 0000000000000]
br_ln0                (br               ) [ 0000000000000]
indvar_flatten13_load (load             ) [ 0000000000000]
specbitsmap_ln0       (specbitsmap      ) [ 0000000000000]
icmp_ln29             (icmp             ) [ 0111111111110]
add_ln29_4            (add              ) [ 0000000000000]
br_ln29               (br               ) [ 0000000000000]
j_load                (load             ) [ 0000000000000]
k_load                (load             ) [ 0000000000000]
add_ln29_2            (add              ) [ 0000000000000]
icmp_ln30             (icmp             ) [ 0000000000000]
select_ln29           (select           ) [ 0000000000000]
select_ln29_1         (select           ) [ 0000000000000]
first_iter_2          (icmp             ) [ 0111111111100]
zext_ln29             (zext             ) [ 0000000000000]
mul_ln29              (mul              ) [ 0000000000000]
add_ln29              (add              ) [ 0110000000000]
br_ln30               (br               ) [ 0000000000000]
trunc_ln29            (trunc            ) [ 0111111111111]
lshr_ln2              (partselect       ) [ 0000000000000]
tmp_s                 (bitconcatenate   ) [ 0000000000000]
zext_ln31             (zext             ) [ 0000000000000]
add_ln31              (add              ) [ 0111111111111]
switch_ln31           (switch           ) [ 0000000000000]
add_ln30              (add              ) [ 0000000000000]
store_ln29            (store            ) [ 0000000000000]
store_ln29            (store            ) [ 0000000000000]
store_ln30            (store            ) [ 0000000000000]
br_ln30               (br               ) [ 0000000000000]
specloopname_ln0      (specloopname     ) [ 0000000000000]
speclooptripcount_ln0 (speclooptripcount) [ 0000000000000]
sext_ln29_1           (sext             ) [ 0000000000000]
add_ln29_3            (add              ) [ 0000000000000]
shl_ln2               (bitconcatenate   ) [ 0000000000000]
sext_ln29_2           (sext             ) [ 0000000000000]
add_ln29_1            (add              ) [ 0000000000000]
trunc_ln1             (partselect       ) [ 0000000000000]
sext_ln30             (sext             ) [ 0000000000000]
gmem_addr             (getelementptr    ) [ 0101111111110]
empty_33              (readreq          ) [ 0000000000000]
br_ln30               (br               ) [ 0000000000000]
gmem_addr_read        (read             ) [ 0100000000001]
zext_ln31_1           (zext             ) [ 0000000000000]
tB_addr               (getelementptr    ) [ 0000000000000]
tB_1_addr             (getelementptr    ) [ 0000000000000]
tB_2_addr             (getelementptr    ) [ 0000000000000]
tB_3_addr             (getelementptr    ) [ 0000000000000]
specpipeline_ln30     (specpipeline     ) [ 0000000000000]
store_ln31            (store            ) [ 0000000000000]
br_ln31               (br               ) [ 0000000000000]
store_ln31            (store            ) [ 0000000000000]
br_ln31               (br               ) [ 0000000000000]
store_ln31            (store            ) [ 0000000000000]
br_ln31               (br               ) [ 0000000000000]
store_ln31            (store            ) [ 0000000000000]
br_ln31               (br               ) [ 0000000000000]
ret_ln0               (ret              ) [ 0000000000000]
</LifeTime>

<model>

<comp_list>
<comp id="0" class="1000" name="gmem">
<pin_list>
<pin id="1" dir="1" index="0" bw="1" slack="0"/>
</pin_list>
<bind>
<StgValue><ssdm name="gmem"/></StgValue>
</bind>
</comp>

<comp id="2" class="1000" name="tB">
<pin_list>
<pin id="3" dir="1" index="0" bw="1" slack="0"/>
</pin_list>
<bind>
<StgValue><ssdm name="tB"/><MemPortTyVec>0 3 </MemPortTyVec>
</StgValue>
</bind>
</comp>

<comp id="4" class="1000" name="tB_1">
<pin_list>
<pin id="5" dir="1" index="0" bw="1" slack="0"/>
</pin_list>
<bind>
<StgValue><ssdm name="tB_1"/><MemPortTyVec>0 3 </MemPortTyVec>
</StgValue>
</bind>
</comp>

<comp id="6" class="1000" name="tB_2">
<pin_list>
<pin id="7" dir="1" index="0" bw="1" slack="0"/>
</pin_list>
<bind>
<StgValue><ssdm name="tB_2"/><MemPortTyVec>0 3 </MemPortTyVec>
</StgValue>
</bind>
</comp>

<comp id="8" class="1000" name="tB_3">
<pin_list>
<pin id="9" dir="1" index="0" bw="1" slack="0"/>
</pin_list>
<bind>
<StgValue><ssdm name="tB_3"/><MemPortTyVec>0 3 </MemPortTyVec>
</StgValue>
</bind>
</comp>

<comp id="10" class="1000" name="sext_ln29">
<pin_list>
<pin id="11" dir="1" index="0" bw="1" slack="0"/>
</pin_list>
<bind>
<StgValue><ssdm name="sext_ln29"/></StgValue>
</bind>
</comp>

<comp id="12" class="1000" name="zext_ln25_1">
<pin_list>
<pin id="13" dir="1" index="0" bw="1" slack="0"/>
</pin_list>
<bind>
<StgValue><ssdm name="zext_ln25_1"/></StgValue>
</bind>
</comp>

<comp id="14" class="1000" name="empty">
<pin_list>
<pin id="15" dir="1" index="0" bw="1" slack="0"/>
</pin_list>
<bind>
<StgValue><ssdm name="empty"/></StgValue>
</bind>
</comp>

<comp id="16" class="1000" name="in2">
<pin_list>
<pin id="17" dir="1" index="0" bw="1" slack="0"/>
</pin_list>
<bind>
<StgValue><ssdm name="in2"/></StgValue>
</bind>
</comp>

<comp id="18" class="1001" name="const_18">
<pin_list>
<pin id="19" dir="1" index="0" bw="1" slack="0"/>
</pin_list>
<bind>
<StgValue><ssdm name=""/></StgValue>
</bind>
</comp>

<comp id="20" class="1001" name="const_20">
<pin_list>
<pin id="21" dir="1" index="0" bw="1" slack="0"/>
</pin_list>
<bind>
<StgValue><ssdm name="_ssdm_op_Read.ap_auto.i64"/></StgValue>
</bind>
</comp>

<comp id="22" class="1001" name="const_22">
<pin_list>
<pin id="23" dir="1" index="0" bw="1" slack="0"/>
</pin_list>
<bind>
<StgValue><ssdm name="_ssdm_op_Read.ap_auto.i39"/></StgValue>
</bind>
</comp>

<comp id="24" class="1001" name="const_24">
<pin_list>
<pin id="25" dir="1" index="0" bw="1" slack="0"/>
</pin_list>
<bind>
<StgValue><ssdm name="_ssdm_op_Read.ap_auto.i7"/></StgValue>
</bind>
</comp>

<comp id="26" class="1001" name="const_26">
<pin_list>
<pin id="27" dir="1" index="0" bw="1" slack="0"/>
</pin_list>
<bind>
<StgValue><ssdm name="_ssdm_op_Read.ap_auto.i32"/></StgValue>
</bind>
</comp>

<comp id="28" class="1001" name="const_28">
<pin_list>
<pin id="29" dir="1" index="0" bw="1" slack="2147483647"/>
</pin_list>
<bind>
<StgValue><ssdm name="_ssdm_op_SpecInterface"/></StgValue>
</bind>
</comp>

<comp id="30" class="1001" name="const_30">
<pin_list>
<pin id="31" dir="1" index="0" bw="1" slack="2147483647"/>
</pin_list>
<bind>
<StgValue><ssdm name="empty"/></StgValue>
</bind>
</comp>

<comp id="32" class="1001" name="const_32">
<pin_list>
<pin id="33" dir="1" index="0" bw="1" slack="2147483647"/>
</pin_list>
<bind>
<StgValue><ssdm name=""/></StgValue>
</bind>
</comp>

<comp id="34" class="1001" name="const_34">
<pin_list>
<pin id="35" dir="1" index="0" bw="1" slack="2147483647"/>
</pin_list>
<bind>
<StgValue><ssdm name="empty_0"/></StgValue>
</bind>
</comp>

<comp id="36" class="1001" name="const_36">
<pin_list>
<pin id="37" dir="1" index="0" bw="1" slack="2147483647"/>
</pin_list>
<bind>
<StgValue><ssdm name=""/></StgValue>
</bind>
</comp>

<comp id="38" class="1001" name="const_38">
<pin_list>
<pin id="39" dir="1" index="0" bw="1" slack="2147483647"/>
</pin_list>
<bind>
<StgValue><ssdm name="empty_1"/></StgValue>
</bind>
</comp>

<comp id="40" class="1001" name="const_40">
<pin_list>
<pin id="41" dir="1" index="0" bw="1" slack="2147483647"/>
</pin_list>
<bind>
<StgValue><ssdm name="empty_2"/></StgValue>
</bind>
</comp>

<comp id="42" class="1001" name="const_42">
<pin_list>
<pin id="43" dir="1" index="0" bw="1" slack="2147483647"/>
</pin_list>
<bind>
<StgValue><ssdm name=""/></StgValue>
</bind>
</comp>

<comp id="44" class="1001" name="const_44">
<pin_list>
<pin id="45" dir="1" index="0" bw="1" slack="2147483647"/>
</pin_list>
<bind>
<StgValue><ssdm name=""/></StgValue>
</bind>
</comp>

<comp id="46" class="1001" name="const_46">
<pin_list>
<pin id="47" dir="1" index="0" bw="1" slack="0"/>
</pin_list>
<bind>
<StgValue><ssdm name=""/></StgValue>
</bind>
</comp>

<comp id="48" class="1001" name="const_48">
<pin_list>
<pin id="49" dir="1" index="0" bw="1" slack="0"/>
</pin_list>
<bind>
<StgValue><ssdm name=""/></StgValue>
</bind>
</comp>

<comp id="50" class="1001" name="const_50">
<pin_list>
<pin id="51" dir="1" index="0" bw="1" slack="2147483647"/>
</pin_list>
<bind>
<StgValue><ssdm name="_ssdm_op_SpecBitsMap"/></StgValue>
</bind>
</comp>

<comp id="52" class="1001" name="const_52">
<pin_list>
<pin id="53" dir="1" index="0" bw="1" slack="0"/>
</pin_list>
<bind>
<StgValue><ssdm name=""/></StgValue>
</bind>
</comp>

<comp id="54" class="1001" name="const_54">
<pin_list>
<pin id="55" dir="1" index="0" bw="1" slack="0"/>
</pin_list>
<bind>
<StgValue><ssdm name=""/></StgValue>
</bind>
</comp>

<comp id="56" class="1001" name="const_56">
<pin_list>
<pin id="57" dir="1" index="0" bw="1" slack="0"/>
</pin_list>
<bind>
<StgValue><ssdm name=""/></StgValue>
</bind>
</comp>

<comp id="58" class="1001" name="const_58">
<pin_list>
<pin id="59" dir="1" index="0" bw="1" slack="0"/>
</pin_list>
<bind>
<StgValue><ssdm name=""/></StgValue>
</bind>
</comp>

<comp id="60" class="1001" name="const_60">
<pin_list>
<pin id="61" dir="1" index="0" bw="1" slack="0"/>
</pin_list>
<bind>
<StgValue><ssdm name="_ssdm_op_PartSelect.i2.i5.i32.i32"/></StgValue>
</bind>
</comp>

<comp id="62" class="1001" name="const_62">
<pin_list>
<pin id="63" dir="1" index="0" bw="1" slack="0"/>
</pin_list>
<bind>
<StgValue><ssdm name=""/></StgValue>
</bind>
</comp>

<comp id="64" class="1001" name="const_64">
<pin_list>
<pin id="65" dir="1" index="0" bw="1" slack="0"/>
</pin_list>
<bind>
<StgValue><ssdm name=""/></StgValue>
</bind>
</comp>

<comp id="66" class="1001" name="const_66">
<pin_list>
<pin id="67" dir="1" index="0" bw="1" slack="0"/>
</pin_list>
<bind>
<StgValue><ssdm name="_ssdm_op_BitConcatenate.i6.i2.i4"/></StgValue>
</bind>
</comp>

<comp id="68" class="1001" name="const_68">
<pin_list>
<pin id="69" dir="1" index="0" bw="1" slack="0"/>
</pin_list>
<bind>
<StgValue><ssdm name=""/></StgValue>
</bind>
</comp>

<comp id="70" class="1001" name="const_70">
<pin_list>
<pin id="71" dir="1" index="0" bw="1" slack="0"/>
</pin_list>
<bind>
<StgValue><ssdm name=""/></StgValue>
</bind>
</comp>

<comp id="72" class="1001" name="const_72">
<pin_list>
<pin id="73" dir="1" index="0" bw="1" slack="2147483647"/>
</pin_list>
<bind>
<StgValue><ssdm name=""/></StgValue>
</bind>
</comp>

<comp id="74" class="1001" name="const_74">
<pin_list>
<pin id="75" dir="1" index="0" bw="1" slack="2147483647"/>
</pin_list>
<bind>
<StgValue><ssdm name=""/></StgValue>
</bind>
</comp>

<comp id="76" class="1001" name="const_76">
<pin_list>
<pin id="77" dir="1" index="0" bw="1" slack="2147483647"/>
</pin_list>
<bind>
<StgValue><ssdm name="_ssdm_op_SpecLoopName"/></StgValue>
</bind>
</comp>

<comp id="78" class="1001" name="const_78">
<pin_list>
<pin id="79" dir="1" index="0" bw="1" slack="2147483647"/>
</pin_list>
<bind>
<StgValue><ssdm name="load_b_VITIS_LOOP_30_2_str"/></StgValue>
</bind>
</comp>

<comp id="80" class="1001" name="const_80">
<pin_list>
<pin id="81" dir="1" index="0" bw="1" slack="2147483647"/>
</pin_list>
<bind>
<StgValue><ssdm name="_ssdm_op_SpecLoopTripCount"/></StgValue>
</bind>
</comp>

<comp id="82" class="1001" name="const_82">
<pin_list>
<pin id="83" dir="1" index="0" bw="1" slack="2147483647"/>
</pin_list>
<bind>
<StgValue><ssdm name=""/></StgValue>
</bind>
</comp>

<comp id="84" class="1001" name="const_84">
<pin_list>
<pin id="85" dir="1" index="0" bw="1" slack="0"/>
</pin_list>
<bind>
<StgValue><ssdm name="_ssdm_op_BitConcatenate.i42.i40.i2"/></StgValue>
</bind>
</comp>

<comp id="86" class="1001" name="const_86">
<pin_list>
<pin id="87" dir="1" index="0" bw="1" slack="0"/>
</pin_list>
<bind>
<StgValue><ssdm name="_ssdm_op_PartSelect.i62.i64.i32.i32"/></StgValue>
</bind>
</comp>

<comp id="88" class="1001" name="const_88">
<pin_list>
<pin id="89" dir="1" index="0" bw="1" slack="0"/>
</pin_list>
<bind>
<StgValue><ssdm name=""/></StgValue>
</bind>
</comp>

<comp id="90" class="1001" name="const_90">
<pin_list>
<pin id="91" dir="1" index="0" bw="1" slack="0"/>
</pin_list>
<bind>
<StgValue><ssdm name="_ssdm_op_ReadReq.m_axi.p1i32"/></StgValue>
</bind>
</comp>

<comp id="92" class="1001" name="const_92">
<pin_list>
<pin id="93" dir="1" index="0" bw="1" slack="0"/>
</pin_list>
<bind>
<StgValue><ssdm name=""/></StgValue>
</bind>
</comp>

<comp id="94" class="1001" name="const_94">
<pin_list>
<pin id="95" dir="1" index="0" bw="1" slack="0"/>
</pin_list>
<bind>
<StgValue><ssdm name="_ssdm_op_Read.m_axi.p1i32"/></StgValue>
</bind>
</comp>

<comp id="96" class="1001" name="const_96">
<pin_list>
<pin id="97" dir="1" index="0" bw="1" slack="0"/>
</pin_list>
<bind>
<StgValue><ssdm name=""/></StgValue>
</bind>
</comp>

<comp id="98" class="1001" name="const_98">
<pin_list>
<pin id="99" dir="1" index="0" bw="1" slack="2147483647"/>
</pin_list>
<bind>
<StgValue><ssdm name="_ssdm_op_SpecPipeline"/></StgValue>
</bind>
</comp>

<comp id="100" class="1004" name="j_fu_100">
<pin_list>
<pin id="101" dir="0" index="0" bw="1" slack="0"/>
<pin id="102" dir="1" index="1" bw="5" slack="0"/>
</pin_list>
<bind>
<opcode="alloca(26) " fcode="alloca"/>
<opset="j/1 "/>
</bind>
</comp>

<comp id="104" class="1004" name="k_fu_104">
<pin_list>
<pin id="105" dir="0" index="0" bw="1" slack="0"/>
<pin id="106" dir="1" index="1" bw="5" slack="0"/>
</pin_list>
<bind>
<opcode="alloca(26) " fcode="alloca"/>
<opset="k/1 "/>
</bind>
</comp>

<comp id="108" class="1004" name="indvar_flatten13_fu_108">
<pin_list>
<pin id="109" dir="0" index="0" bw="1" slack="0"/>
<pin id="110" dir="1" index="1" bw="9" slack="0"/>
</pin_list>
<bind>
<opcode="alloca(26) " fcode="alloca"/>
<opset="indvar_flatten13/1 "/>
</bind>
</comp>

<comp id="112" class="1004" name="in2_read_read_fu_112">
<pin_list>
<pin id="113" dir="0" index="0" bw="64" slack="0"/>
<pin id="114" dir="0" index="1" bw="64" slack="0"/>
<pin id="115" dir="1" index="2" bw="64" slack="1"/>
</pin_list>
<bind>
<opcode="read(1150) " fcode="read"/>
<opset="in2_read/1 "/>
</bind>
</comp>

<comp id="118" class="1004" name="tmp_read_fu_118">
<pin_list>
<pin id="119" dir="0" index="0" bw="39" slack="0"/>
<pin id="120" dir="0" index="1" bw="39" slack="0"/>
<pin id="121" dir="1" index="2" bw="39" slack="0"/>
</pin_list>
<bind>
<opcode="read(1150) " fcode="read"/>
<opset="tmp/1 "/>
</bind>
</comp>

<comp id="124" class="1004" name="zext_ln25_1_read_read_fu_124">
<pin_list>
<pin id="125" dir="0" index="0" bw="7" slack="0"/>
<pin id="126" dir="0" index="1" bw="7" slack="0"/>
<pin id="127" dir="1" index="2" bw="7" slack="0"/>
</pin_list>
<bind>
<opcode="read(1150) " fcode="read"/>
<opset="zext_ln25_1_read/1 "/>
</bind>
</comp>

<comp id="130" class="1004" name="sext_ln29_read_read_fu_130">
<pin_list>
<pin id="131" dir="0" index="0" bw="32" slack="0"/>
<pin id="132" dir="0" index="1" bw="32" slack="0"/>
<pin id="133" dir="1" index="2" bw="32" slack="0"/>
</pin_list>
<bind>
<opcode="read(1150) " fcode="read"/>
<opset="sext_ln29_read/1 "/>
</bind>
</comp>

<comp id="136" class="1004" name="grp_readreq_fu_136">
<pin_list>
<pin id="137" dir="0" index="0" bw="1" slack="0"/>
<pin id="138" dir="0" index="1" bw="32" slack="1"/>
<pin id="139" dir="0" index="2" bw="6" slack="0"/>
<pin id="140" dir="1" index="3" bw="1" slack="2147483647"/>
</pin_list>
<bind>
<opcode="readreq(1154) " fcode="readreq"/>
<opset="empty_33/3 "/>
</bind>
</comp>

<comp id="143" class="1004" name="gmem_addr_read_read_fu_143">
<pin_list>
<pin id="144" dir="0" index="0" bw="32" slack="0"/>
<pin id="145" dir="0" index="1" bw="32" slack="9"/>
<pin id="146" dir="1" index="2" bw="32" slack="1"/>
</pin_list>
<bind>
<opcode="read(1150) " fcode="read"/>
<opset="gmem_addr_read/11 "/>
</bind>
</comp>

<comp id="148" class="1004" name="tB_addr_gep_fu_148">
<pin_list>
<pin id="149" dir="0" index="0" bw="32" slack="0"/>
<pin id="150" dir="0" index="1" bw="1" slack="0"/>
<pin id="151" dir="0" index="2" bw="6" slack="0"/>
<pin id="152" dir="1" index="3" bw="6" slack="0"/>
</pin_list>
<bind>
<opcode="getelementptr(29) " fcode="getelementptr"/>
<opset="tB_addr/12 "/>
</bind>
</comp>

<comp id="155" class="1004" name="tB_1_addr_gep_fu_155">
<pin_list>
<pin id="156" dir="0" index="0" bw="32" slack="0"/>
<pin id="157" dir="0" index="1" bw="1" slack="0"/>
<pin id="158" dir="0" index="2" bw="6" slack="0"/>
<pin id="159" dir="1" index="3" bw="6" slack="0"/>
</pin_list>
<bind>
<opcode="getelementptr(29) " fcode="getelementptr"/>
<opset="tB_1_addr/12 "/>
</bind>
</comp>

<comp id="162" class="1004" name="tB_2_addr_gep_fu_162">
<pin_list>
<pin id="163" dir="0" index="0" bw="32" slack="0"/>
<pin id="164" dir="0" index="1" bw="1" slack="0"/>
<pin id="165" dir="0" index="2" bw="6" slack="0"/>
<pin id="166" dir="1" index="3" bw="6" slack="0"/>
</pin_list>
<bind>
<opcode="getelementptr(29) " fcode="getelementptr"/>
<opset="tB_2_addr/12 "/>
</bind>
</comp>

<comp id="169" class="1004" name="tB_3_addr_gep_fu_169">
<pin_list>
<pin id="170" dir="0" index="0" bw="32" slack="0"/>
<pin id="171" dir="0" index="1" bw="1" slack="0"/>
<pin id="172" dir="0" index="2" bw="6" slack="0"/>
<pin id="173" dir="1" index="3" bw="6" slack="0"/>
</pin_list>
<bind>
<opcode="getelementptr(29) " fcode="getelementptr"/>
<opset="tB_3_addr/12 "/>
</bind>
</comp>

<comp id="176" class="1004" name="store_ln31_access_fu_176">
<pin_list>
<pin id="177" dir="0" index="0" bw="6" slack="0"/>
<pin id="178" dir="0" index="1" bw="32" slack="1"/>
<pin id="179" dir="0" index="2" bw="0" slack="2147483647"/>
<pin id="180" dir="1" index="3" bw="32" slack="2147483647"/>
</pin_list>
<bind>
<opcode="store(28) " fcode="store"/>
<opset="store_ln31/12 "/>
</bind>
</comp>

<comp id="182" class="1004" name="store_ln31_access_fu_182">
<pin_list>
<pin id="183" dir="0" index="0" bw="6" slack="0"/>
<pin id="184" dir="0" index="1" bw="32" slack="1"/>
<pin id="185" dir="0" index="2" bw="0" slack="2147483647"/>
<pin id="186" dir="1" index="3" bw="32" slack="2147483647"/>
</pin_list>
<bind>
<opcode="store(28) " fcode="store"/>
<opset="store_ln31/12 "/>
</bind>
</comp>

<comp id="188" class="1004" name="store_ln31_access_fu_188">
<pin_list>
<pin id="189" dir="0" index="0" bw="6" slack="0"/>
<pin id="190" dir="0" index="1" bw="32" slack="1"/>
<pin id="191" dir="0" index="2" bw="0" slack="2147483647"/>
<pin id="192" dir="1" index="3" bw="32" slack="2147483647"/>
</pin_list>
<bind>
<opcode="store(28) " fcode="store"/>
<opset="store_ln31/12 "/>
</bind>
</comp>

<comp id="194" class="1004" name="store_ln31_access_fu_194">
<pin_list>
<pin id="195" dir="0" index="0" bw="6" slack="0"/>
<pin id="196" dir="0" index="1" bw="32" slack="1"/>
<pin id="197" dir="0" index="2" bw="0" slack="2147483647"/>
<pin id="198" dir="1" index="3" bw="32" slack="2147483647"/>
</pin_list>
<bind>
<opcode="store(28) " fcode="store"/>
<opset="store_ln31/12 "/>
</bind>
</comp>

<comp id="200" class="1004" name="zext_ln25_1_cast_fu_200">
<pin_list>
<pin id="201" dir="0" index="0" bw="7" slack="0"/>
<pin id="202" dir="1" index="1" bw="36" slack="0"/>
</pin_list>
<bind>
<opcode="zext(34) " fcode="zext"/>
<opset="zext_ln25_1_cast/1 "/>
</bind>
</comp>

<comp id="204" class="1004" name="sext_ln29_cast_fu_204">
<pin_list>
<pin id="205" dir="0" index="0" bw="32" slack="0"/>
<pin id="206" dir="1" index="1" bw="36" slack="0"/>
</pin_list>
<bind>
<opcode="sext(35) " fcode="sext"/>
<opset="sext_ln29_cast/1 "/>
</bind>
</comp>

<comp id="208" class="1004" name="p_cast_fu_208">
<pin_list>
<pin id="209" dir="0" index="0" bw="39" slack="0"/>
<pin id="210" dir="1" index="1" bw="40" slack="1"/>
</pin_list>
<bind>
<opcode="sext(35) " fcode="sext"/>
<opset="p_cast/1 "/>
</bind>
</comp>

<comp id="212" class="1004" name="store_ln0_store_fu_212">
<pin_list>
<pin id="213" dir="0" index="0" bw="1" slack="0"/>
<pin id="214" dir="0" index="1" bw="9" slack="0"/>
<pin id="215" dir="1" index="2" bw="0" slack="2147483647"/>
</pin_list>
<bind>
<opcode="store(28) " fcode="store"/>
<opset="store_ln0/1 "/>
</bind>
</comp>

<comp id="217" class="1004" name="store_ln29_store_fu_217">
<pin_list>
<pin id="218" dir="0" index="0" bw="1" slack="0"/>
<pin id="219" dir="0" index="1" bw="5" slack="0"/>
<pin id="220" dir="1" index="2" bw="0" slack="2147483647"/>
</pin_list>
<bind>
<opcode="store(28) " fcode="store"/>
<opset="store_ln29/1 "/>
</bind>
</comp>

<comp id="222" class="1004" name="store_ln30_store_fu_222">
<pin_list>
<pin id="223" dir="0" index="0" bw="1" slack="0"/>
<pin id="224" dir="0" index="1" bw="5" slack="0"/>
<pin id="225" dir="1" index="2" bw="0" slack="2147483647"/>
</pin_list>
<bind>
<opcode="store(28) " fcode="store"/>
<opset="store_ln30/1 "/>
</bind>
</comp>

<comp id="227" class="1004" name="indvar_flatten13_load_load_fu_227">
<pin_list>
<pin id="228" dir="0" index="0" bw="9" slack="0"/>
<pin id="229" dir="1" index="1" bw="9" slack="0"/>
</pin_list>
<bind>
<opcode="load(27) " fcode="load"/>
<opset="indvar_flatten13_load/1 "/>
</bind>
</comp>

<comp id="230" class="1004" name="icmp_ln29_fu_230">
<pin_list>
<pin id="231" dir="0" index="0" bw="9" slack="0"/>
<pin id="232" dir="0" index="1" bw="9" slack="0"/>
<pin id="233" dir="1" index="2" bw="1" slack="10"/>
</pin_list>
<bind>
<opcode="icmp(45) " fcode="icmp"/>
<opset="icmp_ln29/1 "/>
</bind>
</comp>

<comp id="236" class="1004" name="add_ln29_4_fu_236">
<pin_list>
<pin id="237" dir="0" index="0" bw="9" slack="0"/>
<pin id="238" dir="0" index="1" bw="1" slack="0"/>
<pin id="239" dir="1" index="2" bw="9" slack="0"/>
</pin_list>
<bind>
<opcode="add(8) " fcode="add"/>
<opset="add_ln29_4/1 "/>
</bind>
</comp>

<comp id="242" class="1004" name="j_load_load_fu_242">
<pin_list>
<pin id="243" dir="0" index="0" bw="5" slack="0"/>
<pin id="244" dir="1" index="1" bw="5" slack="0"/>
</pin_list>
<bind>
<opcode="load(27) " fcode="load"/>
<opset="j_load/1 "/>
</bind>
</comp>

<comp id="245" class="1004" name="k_load_load_fu_245">
<pin_list>
<pin id="246" dir="0" index="0" bw="5" slack="0"/>
<pin id="247" dir="1" index="1" bw="5" slack="0"/>
</pin_list>
<bind>
<opcode="load(27) " fcode="load"/>
<opset="k_load/1 "/>
</bind>
</comp>

<comp id="248" class="1004" name="add_ln29_2_fu_248">
<pin_list>
<pin id="249" dir="0" index="0" bw="5" slack="0"/>
<pin id="250" dir="0" index="1" bw="1" slack="0"/>
<pin id="251" dir="1" index="2" bw="5" slack="0"/>
</pin_list>
<bind>
<opcode="add(8) " fcode="add"/>
<opset="add_ln29_2/1 "/>
</bind>
</comp>

<comp id="254" class="1004" name="icmp_ln30_fu_254">
<pin_list>
<pin id="255" dir="0" index="0" bw="5" slack="0"/>
<pin id="256" dir="0" index="1" bw="5" slack="0"/>
<pin id="257" dir="1" index="2" bw="1" slack="0"/>
</pin_list>
<bind>
<opcode="icmp(45) " fcode="icmp"/>
<opset="icmp_ln30/1 "/>
</bind>
</comp>

<comp id="260" class="1004" name="select_ln29_fu_260">
<pin_list>
<pin id="261" dir="0" index="0" bw="1" slack="0"/>
<pin id="262" dir="0" index="1" bw="1" slack="0"/>
<pin id="263" dir="0" index="2" bw="5" slack="0"/>
<pin id="264" dir="1" index="3" bw="5" slack="0"/>
</pin_list>
<bind>
<opcode="select(49) " fcode="select"/>
<opset="select_ln29/1 "/>
</bind>
</comp>

<comp id="268" class="1004" name="select_ln29_1_fu_268">
<pin_list>
<pin id="269" dir="0" index="0" bw="1" slack="0"/>
<pin id="270" dir="0" index="1" bw="5" slack="0"/>
<pin id="271" dir="0" index="2" bw="5" slack="0"/>
<pin id="272" dir="1" index="3" bw="5" slack="0"/>
</pin_list>
<bind>
<opcode="select(49) " fcode="select"/>
<opset="select_ln29_1/1 "/>
</bind>
</comp>

<comp id="276" class="1004" name="first_iter_2_fu_276">
<pin_list>
<pin id="277" dir="0" index="0" bw="5" slack="0"/>
<pin id="278" dir="0" index="1" bw="1" slack="0"/>
<pin id="279" dir="1" index="2" bw="1" slack="2"/>
</pin_list>
<bind>
<opcode="icmp(45) " fcode="icmp"/>
<opset="first_iter_2/1 "/>
</bind>
</comp>

<comp id="282" class="1004" name="zext_ln29_fu_282">
<pin_list>
<pin id="283" dir="0" index="0" bw="5" slack="0"/>
<pin id="284" dir="1" index="1" bw="36" slack="0"/>
</pin_list>
<bind>
<opcode="zext(34) " fcode="zext"/>
<opset="zext_ln29/1 "/>
</bind>
</comp>

<comp id="286" class="1004" name="mul_ln29_fu_286">
<pin_list>
<pin id="287" dir="0" index="0" bw="5" slack="0"/>
<pin id="288" dir="0" index="1" bw="32" slack="0"/>
<pin id="289" dir="1" index="2" bw="36" slack="0"/>
</pin_list>
<bind>
<opcode="mul(12) " fcode="mul"/>
<opset="mul_ln29/1 "/>
</bind>
</comp>

<comp id="292" class="1004" name="add_ln29_fu_292">
<pin_list>
<pin id="293" dir="0" index="0" bw="7" slack="0"/>
<pin id="294" dir="0" index="1" bw="36" slack="0"/>
<pin id="295" dir="1" index="2" bw="36" slack="1"/>
</pin_list>
<bind>
<opcode="add(8) " fcode="add"/>
<opset="add_ln29/1 "/>
</bind>
</comp>

<comp id="298" class="1004" name="trunc_ln29_fu_298">
<pin_list>
<pin id="299" dir="0" index="0" bw="5" slack="0"/>
<pin id="300" dir="1" index="1" bw="2" slack="11"/>
</pin_list>
<bind>
<opcode="trunc(33) " fcode="trunc"/>
<opset="trunc_ln29/1 "/>
</bind>
</comp>

<comp id="302" class="1004" name="lshr_ln2_fu_302">
<pin_list>
<pin id="303" dir="0" index="0" bw="2" slack="0"/>
<pin id="304" dir="0" index="1" bw="5" slack="0"/>
<pin id="305" dir="0" index="2" bw="3" slack="0"/>
<pin id="306" dir="0" index="3" bw="3" slack="0"/>
<pin id="307" dir="1" index="4" bw="2" slack="0"/>
</pin_list>
<bind>
<opcode="partselect(1002) " fcode="partselect"/>
<opset="lshr_ln2/1 "/>
</bind>
</comp>

<comp id="312" class="1004" name="tmp_s_fu_312">
<pin_list>
<pin id="313" dir="0" index="0" bw="6" slack="0"/>
<pin id="314" dir="0" index="1" bw="2" slack="0"/>
<pin id="315" dir="0" index="2" bw="1" slack="0"/>
<pin id="316" dir="1" index="3" bw="6" slack="0"/>
</pin_list>
<bind>
<opcode="bitconcatenate(1004) " fcode="bitconcatenate"/>
<opset="tmp_s/1 "/>
</bind>
</comp>

<comp id="320" class="1004" name="zext_ln31_fu_320">
<pin_list>
<pin id="321" dir="0" index="0" bw="5" slack="0"/>
<pin id="322" dir="1" index="1" bw="6" slack="0"/>
</pin_list>
<bind>
<opcode="zext(34) " fcode="zext"/>
<opset="zext_ln31/1 "/>
</bind>
</comp>

<comp id="324" class="1004" name="add_ln31_fu_324">
<pin_list>
<pin id="325" dir="0" index="0" bw="6" slack="0"/>
<pin id="326" dir="0" index="1" bw="5" slack="0"/>
<pin id="327" dir="1" index="2" bw="6" slack="11"/>
</pin_list>
<bind>
<opcode="add(8) " fcode="add"/>
<opset="add_ln31/1 "/>
</bind>
</comp>

<comp id="330" class="1004" name="add_ln30_fu_330">
<pin_list>
<pin id="331" dir="0" index="0" bw="5" slack="0"/>
<pin id="332" dir="0" index="1" bw="1" slack="0"/>
<pin id="333" dir="1" index="2" bw="5" slack="0"/>
</pin_list>
<bind>
<opcode="add(8) " fcode="add"/>
<opset="add_ln30/1 "/>
</bind>
</comp>

<comp id="336" class="1004" name="store_ln29_store_fu_336">
<pin_list>
<pin id="337" dir="0" index="0" bw="9" slack="0"/>
<pin id="338" dir="0" index="1" bw="9" slack="0"/>
<pin id="339" dir="1" index="2" bw="0" slack="2147483647"/>
</pin_list>
<bind>
<opcode="store(28) " fcode="store"/>
<opset="store_ln29/1 "/>
</bind>
</comp>

<comp id="341" class="1004" name="store_ln29_store_fu_341">
<pin_list>
<pin id="342" dir="0" index="0" bw="5" slack="0"/>
<pin id="343" dir="0" index="1" bw="5" slack="0"/>
<pin id="344" dir="1" index="2" bw="0" slack="2147483647"/>
</pin_list>
<bind>
<opcode="store(28) " fcode="store"/>
<opset="store_ln29/1 "/>
</bind>
</comp>

<comp id="346" class="1004" name="store_ln30_store_fu_346">
<pin_list>
<pin id="347" dir="0" index="0" bw="5" slack="0"/>
<pin id="348" dir="0" index="1" bw="5" slack="0"/>
<pin id="349" dir="1" index="2" bw="0" slack="2147483647"/>
</pin_list>
<bind>
<opcode="store(28) " fcode="store"/>
<opset="store_ln30/1 "/>
</bind>
</comp>

<comp id="351" class="1004" name="sext_ln29_1_fu_351">
<pin_list>
<pin id="352" dir="0" index="0" bw="36" slack="1"/>
<pin id="353" dir="1" index="1" bw="40" slack="0"/>
</pin_list>
<bind>
<opcode="sext(35) " fcode="sext"/>
<opset="sext_ln29_1/2 "/>
</bind>
</comp>

<comp id="354" class="1004" name="add_ln29_3_fu_354">
<pin_list>
<pin id="355" dir="0" index="0" bw="36" slack="0"/>
<pin id="356" dir="0" index="1" bw="39" slack="1"/>
<pin id="357" dir="1" index="2" bw="40" slack="0"/>
</pin_list>
<bind>
<opcode="add(8) " fcode="add"/>
<opset="add_ln29_3/2 "/>
</bind>
</comp>

<comp id="359" class="1004" name="shl_ln2_fu_359">
<pin_list>
<pin id="360" dir="0" index="0" bw="42" slack="0"/>
<pin id="361" dir="0" index="1" bw="40" slack="0"/>
<pin id="362" dir="0" index="2" bw="1" slack="0"/>
<pin id="363" dir="1" index="3" bw="42" slack="0"/>
</pin_list>
<bind>
<opcode="bitconcatenate(1004) " fcode="bitconcatenate"/>
<opset="shl_ln2/2 "/>
</bind>
</comp>

<comp id="367" class="1004" name="sext_ln29_2_fu_367">
<pin_list>
<pin id="368" dir="0" index="0" bw="42" slack="0"/>
<pin id="369" dir="1" index="1" bw="64" slack="0"/>
</pin_list>
<bind>
<opcode="sext(35) " fcode="sext"/>
<opset="sext_ln29_2/2 "/>
</bind>
</comp>

<comp id="371" class="1004" name="add_ln29_1_fu_371">
<pin_list>
<pin id="372" dir="0" index="0" bw="42" slack="0"/>
<pin id="373" dir="0" index="1" bw="64" slack="1"/>
<pin id="374" dir="1" index="2" bw="64" slack="0"/>
</pin_list>
<bind>
<opcode="add(8) " fcode="add"/>
<opset="add_ln29_1/2 "/>
</bind>
</comp>

<comp id="376" class="1004" name="trunc_ln1_fu_376">
<pin_list>
<pin id="377" dir="0" index="0" bw="62" slack="0"/>
<pin id="378" dir="0" index="1" bw="64" slack="0"/>
<pin id="379" dir="0" index="2" bw="3" slack="0"/>
<pin id="380" dir="0" index="3" bw="7" slack="0"/>
<pin id="381" dir="1" index="4" bw="62" slack="0"/>
</pin_list>
<bind>
<opcode="partselect(1002) " fcode="partselect"/>
<opset="trunc_ln1/2 "/>
</bind>
</comp>

<comp id="386" class="1004" name="sext_ln30_fu_386">
<pin_list>
<pin id="387" dir="0" index="0" bw="62" slack="0"/>
<pin id="388" dir="1" index="1" bw="64" slack="0"/>
</pin_list>
<bind>
<opcode="sext(35) " fcode="sext"/>
<opset="sext_ln30/2 "/>
</bind>
</comp>

<comp id="390" class="1004" name="gmem_addr_fu_390">
<pin_list>
<pin id="391" dir="0" index="0" bw="32" slack="0"/>
<pin id="392" dir="0" index="1" bw="62" slack="0"/>
<pin id="393" dir="1" index="2" bw="32" slack="1"/>
</pin_list>
<bind>
<opcode="getelementptr(29) " fcode="getelementptr"/>
<opset="gmem_addr/2 "/>
</bind>
</comp>

<comp id="396" class="1004" name="zext_ln31_1_fu_396">
<pin_list>
<pin id="397" dir="0" index="0" bw="6" slack="11"/>
<pin id="398" dir="1" index="1" bw="64" slack="0"/>
</pin_list>
<bind>
<opcode="zext(34) " fcode="zext"/>
<opset="zext_ln31_1/12 "/>
</bind>
</comp>

<comp id="403" class="1005" name="j_reg_403">
<pin_list>
<pin id="404" dir="0" index="0" bw="5" slack="0"/>
<pin id="405" dir="1" index="1" bw="5" slack="0"/>
</pin_list>
<bind>
<opset="j "/>
</bind>
</comp>

<comp id="410" class="1005" name="k_reg_410">
<pin_list>
<pin id="411" dir="0" index="0" bw="5" slack="0"/>
<pin id="412" dir="1" index="1" bw="5" slack="0"/>
</pin_list>
<bind>
<opset="k "/>
</bind>
</comp>

<comp id="417" class="1005" name="indvar_flatten13_reg_417">
<pin_list>
<pin id="418" dir="0" index="0" bw="9" slack="0"/>
<pin id="419" dir="1" index="1" bw="9" slack="0"/>
</pin_list>
<bind>
<opset="indvar_flatten13 "/>
</bind>
</comp>

<comp id="424" class="1005" name="in2_read_reg_424">
<pin_list>
<pin id="425" dir="0" index="0" bw="64" slack="1"/>
<pin id="426" dir="1" index="1" bw="64" slack="1"/>
</pin_list>
<bind>
<opset="in2_read "/>
</bind>
</comp>

<comp id="429" class="1005" name="p_cast_reg_429">
<pin_list>
<pin id="430" dir="0" index="0" bw="40" slack="1"/>
<pin id="431" dir="1" index="1" bw="40" slack="1"/>
</pin_list>
<bind>
<opset="p_cast "/>
</bind>
</comp>

<comp id="434" class="1005" name="icmp_ln29_reg_434">
<pin_list>
<pin id="435" dir="0" index="0" bw="1" slack="10"/>
<pin id="436" dir="1" index="1" bw="1" slack="2147483647"/>
</pin_list>
<bind>
<opset="icmp_ln29 "/>
</bind>
</comp>

<comp id="438" class="1005" name="first_iter_2_reg_438">
<pin_list>
<pin id="439" dir="0" index="0" bw="1" slack="2"/>
<pin id="440" dir="1" index="1" bw="1" slack="2147483647"/>
</pin_list>
<bind>
<opset="first_iter_2 "/>
</bind>
</comp>

<comp id="442" class="1005" name="add_ln29_reg_442">
<pin_list>
<pin id="443" dir="0" index="0" bw="36" slack="1"/>
<pin id="444" dir="1" index="1" bw="36" slack="1"/>
</pin_list>
<bind>
<opset="add_ln29 "/>
</bind>
</comp>

<comp id="447" class="1005" name="trunc_ln29_reg_447">
<pin_list>
<pin id="448" dir="0" index="0" bw="2" slack="11"/>
<pin id="449" dir="1" index="1" bw="2" slack="2147483647"/>
</pin_list>
<bind>
<opset="trunc_ln29 "/>
</bind>
</comp>

<comp id="451" class="1005" name="add_ln31_reg_451">
<pin_list>
<pin id="452" dir="0" index="0" bw="6" slack="11"/>
<pin id="453" dir="1" index="1" bw="6" slack="11"/>
</pin_list>
<bind>
<opset="add_ln31 "/>
</bind>
</comp>

<comp id="456" class="1005" name="gmem_addr_reg_456">
<pin_list>
<pin id="457" dir="0" index="0" bw="32" slack="1"/>
<pin id="458" dir="1" index="1" bw="32" slack="1"/>
</pin_list>
<bind>
<opset="gmem_addr "/>
</bind>
</comp>

<comp id="462" class="1005" name="gmem_addr_read_reg_462">
<pin_list>
<pin id="463" dir="0" index="0" bw="32" slack="1"/>
<pin id="464" dir="1" index="1" bw="32" slack="1"/>
</pin_list>
<bind>
<opset="gmem_addr_read "/>
</bind>
</comp>

</comp_list>

<net_list>
<net id="103"><net_src comp="18" pin="0"/><net_sink comp="100" pin=0"/></net>

<net id="107"><net_src comp="18" pin="0"/><net_sink comp="104" pin=0"/></net>

<net id="111"><net_src comp="18" pin="0"/><net_sink comp="108" pin=0"/></net>

<net id="116"><net_src comp="20" pin="0"/><net_sink comp="112" pin=0"/></net>

<net id="117"><net_src comp="16" pin="0"/><net_sink comp="112" pin=1"/></net>

<net id="122"><net_src comp="22" pin="0"/><net_sink comp="118" pin=0"/></net>

<net id="123"><net_src comp="14" pin="0"/><net_sink comp="118" pin=1"/></net>

<net id="128"><net_src comp="24" pin="0"/><net_sink comp="124" pin=0"/></net>

<net id="129"><net_src comp="12" pin="0"/><net_sink comp="124" pin=1"/></net>

<net id="134"><net_src comp="26" pin="0"/><net_sink comp="130" pin=0"/></net>

<net id="135"><net_src comp="10" pin="0"/><net_sink comp="130" pin=1"/></net>

<net id="141"><net_src comp="90" pin="0"/><net_sink comp="136" pin=0"/></net>

<net id="142"><net_src comp="92" pin="0"/><net_sink comp="136" pin=2"/></net>

<net id="147"><net_src comp="94" pin="0"/><net_sink comp="143" pin=0"/></net>

<net id="153"><net_src comp="2" pin="0"/><net_sink comp="148" pin=0"/></net>

<net id="154"><net_src comp="96" pin="0"/><net_sink comp="148" pin=1"/></net>

<net id="160"><net_src comp="4" pin="0"/><net_sink comp="155" pin=0"/></net>

<net id="161"><net_src comp="96" pin="0"/><net_sink comp="155" pin=1"/></net>

<net id="167"><net_src comp="6" pin="0"/><net_sink comp="162" pin=0"/></net>

<net id="168"><net_src comp="96" pin="0"/><net_sink comp="162" pin=1"/></net>

<net id="174"><net_src comp="8" pin="0"/><net_sink comp="169" pin=0"/></net>

<net id="175"><net_src comp="96" pin="0"/><net_sink comp="169" pin=1"/></net>

<net id="181"><net_src comp="162" pin="3"/><net_sink comp="176" pin=0"/></net>

<net id="187"><net_src comp="155" pin="3"/><net_sink comp="182" pin=0"/></net>

<net id="193"><net_src comp="148" pin="3"/><net_sink comp="188" pin=0"/></net>

<net id="199"><net_src comp="169" pin="3"/><net_sink comp="194" pin=0"/></net>

<net id="203"><net_src comp="124" pin="2"/><net_sink comp="200" pin=0"/></net>

<net id="207"><net_src comp="130" pin="2"/><net_sink comp="204" pin=0"/></net>

<net id="211"><net_src comp="118" pin="2"/><net_sink comp="208" pin=0"/></net>

<net id="216"><net_src comp="46" pin="0"/><net_sink comp="212" pin=0"/></net>

<net id="221"><net_src comp="48" pin="0"/><net_sink comp="217" pin=0"/></net>

<net id="226"><net_src comp="48" pin="0"/><net_sink comp="222" pin=0"/></net>

<net id="234"><net_src comp="227" pin="1"/><net_sink comp="230" pin=0"/></net>

<net id="235"><net_src comp="52" pin="0"/><net_sink comp="230" pin=1"/></net>

<net id="240"><net_src comp="227" pin="1"/><net_sink comp="236" pin=0"/></net>

<net id="241"><net_src comp="54" pin="0"/><net_sink comp="236" pin=1"/></net>

<net id="252"><net_src comp="245" pin="1"/><net_sink comp="248" pin=0"/></net>

<net id="253"><net_src comp="56" pin="0"/><net_sink comp="248" pin=1"/></net>

<net id="258"><net_src comp="242" pin="1"/><net_sink comp="254" pin=0"/></net>

<net id="259"><net_src comp="58" pin="0"/><net_sink comp="254" pin=1"/></net>

<net id="265"><net_src comp="254" pin="2"/><net_sink comp="260" pin=0"/></net>

<net id="266"><net_src comp="48" pin="0"/><net_sink comp="260" pin=1"/></net>

<net id="267"><net_src comp="242" pin="1"/><net_sink comp="260" pin=2"/></net>

<net id="273"><net_src comp="254" pin="2"/><net_sink comp="268" pin=0"/></net>

<net id="274"><net_src comp="248" pin="2"/><net_sink comp="268" pin=1"/></net>

<net id="275"><net_src comp="245" pin="1"/><net_sink comp="268" pin=2"/></net>

<net id="280"><net_src comp="260" pin="3"/><net_sink comp="276" pin=0"/></net>

<net id="281"><net_src comp="48" pin="0"/><net_sink comp="276" pin=1"/></net>

<net id="285"><net_src comp="268" pin="3"/><net_sink comp="282" pin=0"/></net>

<net id="290"><net_src comp="282" pin="1"/><net_sink comp="286" pin=0"/></net>

<net id="291"><net_src comp="204" pin="1"/><net_sink comp="286" pin=1"/></net>

<net id="296"><net_src comp="200" pin="1"/><net_sink comp="292" pin=0"/></net>

<net id="297"><net_src comp="286" pin="2"/><net_sink comp="292" pin=1"/></net>

<net id="301"><net_src comp="268" pin="3"/><net_sink comp="298" pin=0"/></net>

<net id="308"><net_src comp="60" pin="0"/><net_sink comp="302" pin=0"/></net>

<net id="309"><net_src comp="268" pin="3"/><net_sink comp="302" pin=1"/></net>

<net id="310"><net_src comp="62" pin="0"/><net_sink comp="302" pin=2"/></net>

<net id="311"><net_src comp="64" pin="0"/><net_sink comp="302" pin=3"/></net>

<net id="317"><net_src comp="66" pin="0"/><net_sink comp="312" pin=0"/></net>

<net id="318"><net_src comp="302" pin="4"/><net_sink comp="312" pin=1"/></net>

<net id="319"><net_src comp="68" pin="0"/><net_sink comp="312" pin=2"/></net>

<net id="323"><net_src comp="260" pin="3"/><net_sink comp="320" pin=0"/></net>

<net id="328"><net_src comp="312" pin="3"/><net_sink comp="324" pin=0"/></net>

<net id="329"><net_src comp="320" pin="1"/><net_sink comp="324" pin=1"/></net>

<net id="334"><net_src comp="260" pin="3"/><net_sink comp="330" pin=0"/></net>

<net id="335"><net_src comp="56" pin="0"/><net_sink comp="330" pin=1"/></net>

<net id="340"><net_src comp="236" pin="2"/><net_sink comp="336" pin=0"/></net>

<net id="345"><net_src comp="268" pin="3"/><net_sink comp="341" pin=0"/></net>

<net id="350"><net_src comp="330" pin="2"/><net_sink comp="346" pin=0"/></net>

<net id="358"><net_src comp="351" pin="1"/><net_sink comp="354" pin=0"/></net>

<net id="364"><net_src comp="84" pin="0"/><net_sink comp="359" pin=0"/></net>

<net id="365"><net_src comp="354" pin="2"/><net_sink comp="359" pin=1"/></net>

<net id="366"><net_src comp="70" pin="0"/><net_sink comp="359" pin=2"/></net>

<net id="370"><net_src comp="359" pin="3"/><net_sink comp="367" pin=0"/></net>

<net id="375"><net_src comp="367" pin="1"/><net_sink comp="371" pin=0"/></net>

<net id="382"><net_src comp="86" pin="0"/><net_sink comp="376" pin=0"/></net>

<net id="383"><net_src comp="371" pin="2"/><net_sink comp="376" pin=1"/></net>

<net id="384"><net_src comp="62" pin="0"/><net_sink comp="376" pin=2"/></net>

<net id="385"><net_src comp="88" pin="0"/><net_sink comp="376" pin=3"/></net>

<net id="389"><net_src comp="376" pin="4"/><net_sink comp="386" pin=0"/></net>

<net id="394"><net_src comp="0" pin="0"/><net_sink comp="390" pin=0"/></net>

<net id="395"><net_src comp="386" pin="1"/><net_sink comp="390" pin=1"/></net>

<net id="399"><net_src comp="396" pin="1"/><net_sink comp="148" pin=2"/></net>

<net id="400"><net_src comp="396" pin="1"/><net_sink comp="155" pin=2"/></net>

<net id="401"><net_src comp="396" pin="1"/><net_sink comp="162" pin=2"/></net>

<net id="402"><net_src comp="396" pin="1"/><net_sink comp="169" pin=2"/></net>

<net id="406"><net_src comp="100" pin="1"/><net_sink comp="403" pin=0"/></net>

<net id="407"><net_src comp="403" pin="1"/><net_sink comp="222" pin=1"/></net>

<net id="408"><net_src comp="403" pin="1"/><net_sink comp="242" pin=0"/></net>

<net id="409"><net_src comp="403" pin="1"/><net_sink comp="346" pin=1"/></net>

<net id="413"><net_src comp="104" pin="1"/><net_sink comp="410" pin=0"/></net>

<net id="414"><net_src comp="410" pin="1"/><net_sink comp="217" pin=1"/></net>

<net id="415"><net_src comp="410" pin="1"/><net_sink comp="245" pin=0"/></net>

<net id="416"><net_src comp="410" pin="1"/><net_sink comp="341" pin=1"/></net>

<net id="420"><net_src comp="108" pin="1"/><net_sink comp="417" pin=0"/></net>

<net id="421"><net_src comp="417" pin="1"/><net_sink comp="212" pin=1"/></net>

<net id="422"><net_src comp="417" pin="1"/><net_sink comp="227" pin=0"/></net>

<net id="423"><net_src comp="417" pin="1"/><net_sink comp="336" pin=1"/></net>

<net id="427"><net_src comp="112" pin="2"/><net_sink comp="424" pin=0"/></net>

<net id="428"><net_src comp="424" pin="1"/><net_sink comp="371" pin=1"/></net>

<net id="432"><net_src comp="208" pin="1"/><net_sink comp="429" pin=0"/></net>

<net id="433"><net_src comp="429" pin="1"/><net_sink comp="354" pin=1"/></net>

<net id="437"><net_src comp="230" pin="2"/><net_sink comp="434" pin=0"/></net>

<net id="441"><net_src comp="276" pin="2"/><net_sink comp="438" pin=0"/></net>

<net id="445"><net_src comp="292" pin="2"/><net_sink comp="442" pin=0"/></net>

<net id="446"><net_src comp="442" pin="1"/><net_sink comp="351" pin=0"/></net>

<net id="450"><net_src comp="298" pin="1"/><net_sink comp="447" pin=0"/></net>

<net id="454"><net_src comp="324" pin="2"/><net_sink comp="451" pin=0"/></net>

<net id="455"><net_src comp="451" pin="1"/><net_sink comp="396" pin=0"/></net>

<net id="459"><net_src comp="390" pin="2"/><net_sink comp="456" pin=0"/></net>

<net id="460"><net_src comp="456" pin="1"/><net_sink comp="136" pin=1"/></net>

<net id="461"><net_src comp="456" pin="1"/><net_sink comp="143" pin=1"/></net>

<net id="465"><net_src comp="143" pin="2"/><net_sink comp="462" pin=0"/></net>

<net id="466"><net_src comp="462" pin="1"/><net_sink comp="176" pin=1"/></net>

<net id="467"><net_src comp="462" pin="1"/><net_sink comp="182" pin=1"/></net>

<net id="468"><net_src comp="462" pin="1"/><net_sink comp="188" pin=1"/></net>

<net id="469"><net_src comp="462" pin="1"/><net_sink comp="194" pin=1"/></net>

</net_list>

</model> 
---------------- Datapath Model END ------------------

* FSMD analyzer results:
  - Output states:
	Port: tB | {12 }
	Port: tB_1 | {12 }
	Port: tB_2 | {12 }
	Port: tB_3 | {12 }
 - Input state : 
	Port: mmult_hw_Pipeline_load_b_VITIS_LOOP_30_2 : gmem | {3 4 5 6 7 8 9 10 11 }
	Port: mmult_hw_Pipeline_load_b_VITIS_LOOP_30_2 : sext_ln29 | {1 }
	Port: mmult_hw_Pipeline_load_b_VITIS_LOOP_30_2 : zext_ln25_1 | {1 }
	Port: mmult_hw_Pipeline_load_b_VITIS_LOOP_30_2 : empty | {1 }
	Port: mmult_hw_Pipeline_load_b_VITIS_LOOP_30_2 : in2 | {1 }
  - Chain level:
	State 1
		store_ln0 : 1
		store_ln29 : 1
		store_ln30 : 1
		indvar_flatten13_load : 1
		icmp_ln29 : 2
		add_ln29_4 : 2
		br_ln29 : 3
		j_load : 1
		k_load : 1
		add_ln29_2 : 2
		icmp_ln30 : 2
		select_ln29 : 3
		select_ln29_1 : 3
		first_iter_2 : 4
		zext_ln29 : 4
		mul_ln29 : 5
		add_ln29 : 6
		br_ln30 : 5
		trunc_ln29 : 4
		lshr_ln2 : 4
		tmp_s : 5
		zext_ln31 : 4
		add_ln31 : 6
		switch_ln31 : 5
		add_ln30 : 4
		store_ln29 : 3
		store_ln29 : 4
		store_ln30 : 5
	State 2
		add_ln29_3 : 1
		shl_ln2 : 2
		sext_ln29_2 : 3
		add_ln29_1 : 4
		trunc_ln1 : 5
		sext_ln30 : 6
		gmem_addr : 7
	State 3
	State 4
	State 5
	State 6
	State 7
	State 8
	State 9
	State 10
	State 11
	State 12
		tB_addr : 1
		tB_1_addr : 1
		tB_2_addr : 1
		tB_3_addr : 1
		store_ln31 : 2
		store_ln31 : 2
		store_ln31 : 2
		store_ln31 : 2


============================================================
+ Verbose Summary: Datapath Resource usage 
============================================================

* Functional unit list:
|----------|------------------------------|---------|---------|---------|
| Operation|        Functional Unit       |   DSP   |    FF   |   LUT   |
|----------|------------------------------|---------|---------|---------|
|          |       add_ln29_4_fu_236      |    0    |    0    |    16   |
|          |       add_ln29_2_fu_248      |    0    |    0    |    12   |
|          |        add_ln29_fu_292       |    0    |    0    |    43   |
|    add   |        add_ln31_fu_324       |    0    |    0    |    13   |
|          |        add_ln30_fu_330       |    0    |    0    |    12   |
|          |       add_ln29_3_fu_354      |    0    |    0    |    46   |
|          |       add_ln29_1_fu_371      |    0    |    0    |    71   |
|----------|------------------------------|---------|---------|---------|
|          |       icmp_ln29_fu_230       |    0    |    0    |    16   |
|   icmp   |       icmp_ln30_fu_254       |    0    |    0    |    12   |
|          |      first_iter_2_fu_276     |    0    |    0    |    12   |
|----------|------------------------------|---------|---------|---------|
|    mul   |        mul_ln29_fu_286       |    2    |    0    |    20   |
|----------|------------------------------|---------|---------|---------|
|  select  |      select_ln29_fu_260      |    0    |    0    |    5    |
|          |     select_ln29_1_fu_268     |    0    |    0    |    5    |
|----------|------------------------------|---------|---------|---------|
|          |     in2_read_read_fu_112     |    0    |    0    |    0    |
|          |        tmp_read_fu_118       |    0    |    0    |    0    |
|   read   | zext_ln25_1_read_read_fu_124 |    0    |    0    |    0    |
|          |  sext_ln29_read_read_fu_130  |    0    |    0    |    0    |
|          |  gmem_addr_read_read_fu_143  |    0    |    0    |    0    |
|----------|------------------------------|---------|---------|---------|
|  readreq |      grp_readreq_fu_136      |    0    |    0    |    0    |
|----------|------------------------------|---------|---------|---------|
|          |    zext_ln25_1_cast_fu_200   |    0    |    0    |    0    |
|   zext   |       zext_ln29_fu_282       |    0    |    0    |    0    |
|          |       zext_ln31_fu_320       |    0    |    0    |    0    |
|          |      zext_ln31_1_fu_396      |    0    |    0    |    0    |
|----------|------------------------------|---------|---------|---------|
|          |     sext_ln29_cast_fu_204    |    0    |    0    |    0    |
|          |         p_cast_fu_208        |    0    |    0    |    0    |
|   sext   |      sext_ln29_1_fu_351      |    0    |    0    |    0    |
|          |      sext_ln29_2_fu_367      |    0    |    0    |    0    |
|          |       sext_ln30_fu_386       |    0    |    0    |    0    |
|----------|------------------------------|---------|---------|---------|
|   trunc  |       trunc_ln29_fu_298      |    0    |    0    |    0    |
|----------|------------------------------|---------|---------|---------|
|partselect|        lshr_ln2_fu_302       |    0    |    0    |    0    |
|          |       trunc_ln1_fu_376       |    0    |    0    |    0    |
|----------|------------------------------|---------|---------|---------|
|bitconcatenate|         tmp_s_fu_312         |    0    |    0    |    0    |
|          |        shl_ln2_fu_359        |    0    |    0    |    0    |
|----------|------------------------------|---------|---------|---------|
|   Total  |                              |    2    |    0    |   283   |
|----------|------------------------------|---------|---------|---------|

Memories:
N/A

* Register list:
+------------------------+--------+
|                        |   FF   |
+------------------------+--------+
|    add_ln29_reg_442    |   36   |
|    add_ln31_reg_451    |    6   |
|  first_iter_2_reg_438  |    1   |
| gmem_addr_read_reg_462 |   32   |
|    gmem_addr_reg_456   |   32   |
|    icmp_ln29_reg_434   |    1   |
|    in2_read_reg_424    |   64   |
|indvar_flatten13_reg_417|    9   |
|        j_reg_403       |    5   |
|        k_reg_410       |    5   |
|     p_cast_reg_429     |   40   |
|   trunc_ln29_reg_447   |    2   |
+------------------------+--------+
|          Total         |   233  |
+------------------------+--------+

* Multiplexer (MUX) list: 
|--------|------|------|------|--------|
|  Comp  |  Pin | Size |  BW  | S x BW |
|--------|------|------|------|--------|
|  Total |      |      |      |    0   |
|--------|------|------|------|--------|



* Summary:
+-----------+--------+--------+--------+
|           |   DSP  |   FF   |   LUT  |
+-----------+--------+--------+--------+
|  Function |    2   |    0   |   283  |
|   Memory  |    -   |    -   |    -   |
|Multiplexer|    -   |    -   |    -   |
|  Register |    -   |   233  |    -   |
+-----------+--------+--------+--------+
|   Total   |    2   |   233  |   283  |
+-----------+--------+--------+--------+
