

================================================================
== Vitis HLS Report for 'mmult_hw_Pipeline_comp_k'
================================================================
* Date:           Mon Feb 23 00:37:46 2026

* Version:        2024.1 (Build 5069499 on May 21 2024)
* Project:        matmul_D12_Tiled_AP
* Solution:       hls (Vivado IP Flow Target)
* Product family: zynquplus
* Target device:  xczu3eg-sbva484-1-e


================================================================
== Performance Estimates
================================================================
+ Timing: 
    * Summary: 
    +--------+----------+----------+------------+
    |  Clock |  Target  | Estimated| Uncertainty|
    +--------+----------+----------+------------+
    |ap_clk  |  10.00 ns|  5.837 ns|     2.70 ns|
    +--------+----------+----------+------------+

+ Latency: 
    * Summary: 
    +---------+---------+----------+----------+-----+-----+-----------------------------------------------+
    |  Latency (cycles) |  Latency (absolute) |  Interval |                    Pipeline                   |
    |   min   |   max   |    min   |    max   | min | max |                      Type                     |
    +---------+---------+----------+----------+-----+-----+-----------------------------------------------+
    |       19|       19|  0.190 us|  0.190 us|   17|   17|  loop auto-rewind stp(delay=0 clock cycles(s))|
    +---------+---------+----------+----------+-----+-----+-----------------------------------------------+

    + Detail: 
        * Instance: 
        N/A

        * Loop: 
        +----------+---------+---------+----------+-----------+-----------+------+----------+
        |          |  Latency (cycles) | Iteration|  Initiation Interval  | Trip |          |
        | Loop Name|   min   |   max   |  Latency |  achieved |   target  | Count| Pipelined|
        +----------+---------+---------+----------+-----------+-----------+------+----------+
        |- comp_k  |       17|       17|         3|          1|          1|    16|       yes|
        +----------+---------+---------+----------+-----------+-----------+------+----------+

============================================================
+ Verbose Summary: Synthesis Manager
============================================================
InlineROM: 1
ExposeGlobal: 0
============================================================
+ Verbose Summary: CDFG Model
============================================================
IsTopModel: 0
ResetActiveHigh: 1
IsCombinational: 0
IsDatapathOnly: 0
HasWiredReturn: 1
HasMFsm: 2
HasVarLatency: 1
IsPipeline: 0
IsRtlPipelined: 0
IsInstanceOverlapped: 0
IsDontTouch: 0
HasImplIP: 0
IsGatedGlobalClock: 0

+ Individual pipeline summary: 
  * Pipeline-0: initiation interval (II) = 1, depth = 3


============================================================
+ Verbose Summary: Schedule
============================================================
* Number of FSM states : 3
* Pipeline : 1
  Pipeline-0 : II = 1, D = 3, States = { 1 2 3 }
* Dataflow Pipeline: 0

* FSM state transitions: 
1 --> 2 
2 --> 3 
3 --> 

* FSM state operations: 

State 1 <SV = 0> <Delay = 1.85>
ST_1 : Operation 6 [1/1] (0.00ns)   --->   "%acc_1 = alloca i32 1" [mmult_baseline.cpp:34]   --->   Operation 6 'alloca' 'acc_1' <Predicate = true> <Delay = 0.00>
ST_1 : Operation 7 [1/1] (0.00ns)   --->   "%k = alloca i32 1" [mmult_baseline.cpp:35]   --->   Operation 7 'alloca' 'k' <Predicate = true> <Delay = 0.00>
ST_1 : Operation 8 [1/1] (0.00ns)   --->   "%zext_ln33_read = read i4 @_ssdm_op_Read.ap_auto.i4, i4 %zext_ln33"   --->   Operation 8 'read' 'zext_ln33_read' <Predicate = true> <Delay = 0.00>
ST_1 : Operation 9 [1/1] (0.00ns)   --->   "%i_2_read = read i4 @_ssdm_op_Read.ap_auto.i4, i4 %i_2"   --->   Operation 9 'read' 'i_2_read' <Predicate = true> <Delay = 0.00>
ST_1 : Operation 10 [1/1] (0.00ns)   --->   "%acc_read = read i32 @_ssdm_op_Read.ap_auto.i32, i32 %acc"   --->   Operation 10 'read' 'acc_read' <Predicate = true> <Delay = 0.00>
ST_1 : Operation 11 [1/1] (0.48ns)   --->   "%store_ln35 = store i5 0, i5 %k" [mmult_baseline.cpp:35]   --->   Operation 11 'store' 'store_ln35' <Predicate = true> <Delay = 0.48>
ST_1 : Operation 12 [1/1] (0.48ns)   --->   "%store_ln34 = store i32 %acc_read, i32 %acc_1" [mmult_baseline.cpp:34]   --->   Operation 12 'store' 'store_ln34' <Predicate = true> <Delay = 0.48>
ST_1 : Operation 13 [1/1] (0.00ns)   --->   "%br_ln0 = br void %for.inc104"   --->   Operation 13 'br' 'br_ln0' <Predicate = true> <Delay = 0.00>
ST_1 : Operation 14 [1/1] (0.00ns)   --->   "%k_1 = load i5 %k" [mmult_baseline.cpp:35]   --->   Operation 14 'load' 'k_1' <Predicate = true> <Delay = 0.00>
ST_1 : Operation 15 [1/1] (0.87ns)   --->   "%icmp_ln35 = icmp_eq  i5 %k_1, i5 16" [mmult_baseline.cpp:35]   --->   Operation 15 'icmp' 'icmp_ln35' <Predicate = true> <Delay = 0.87> <CoreInst = "Cmp">   --->   Core 9 'Cmp' <Latency = 0> <II = 1> <Delay = 0.87> <FuncUnit> <Opcode : 'seteq' 'setne' 'setle' 'setge' 'setlt' 'setgt'> <InPorts = 2> <OutPorts = 1>
ST_1 : Operation 16 [1/1] (0.87ns)   --->   "%add_ln35 = add i5 %k_1, i5 1" [mmult_baseline.cpp:35]   --->   Operation 16 'add' 'add_ln35' <Predicate = true> <Delay = 0.87> <CoreInst = "Adder">   --->   Core 1 'Adder' <Latency = 0> <II = 1> <Delay = 0.87> <FuncUnit> <Opcode : 'add' 'sub'> <InPorts = 2> <OutPorts = 1>
ST_1 : Operation 17 [1/1] (0.00ns)   --->   "%br_ln35 = br i1 %icmp_ln35, void %for.inc104.split, void %for.inc111.exitStub" [mmult_baseline.cpp:35]   --->   Operation 17 'br' 'br_ln35' <Predicate = true> <Delay = 0.00>
ST_1 : Operation 18 [1/1] (0.00ns)   --->   "%trunc_ln35 = trunc i5 %k_1" [mmult_baseline.cpp:35]   --->   Operation 18 'trunc' 'trunc_ln35' <Predicate = (!icmp_ln35)> <Delay = 0.00>
ST_1 : Operation 19 [1/1] (0.00ns)   --->   "%lshr_ln5 = partselect i2 @_ssdm_op_PartSelect.i2.i5.i32.i32, i5 %k_1, i32 2, i32 3" [mmult_baseline.cpp:34]   --->   Operation 19 'partselect' 'lshr_ln5' <Predicate = (!icmp_ln35)> <Delay = 0.00>
ST_1 : Operation 20 [1/1] (0.00ns)   --->   "%tmp_s = bitconcatenate i6 @_ssdm_op_BitConcatenate.i6.i4.i2, i4 %i_2_read, i2 %lshr_ln5" [mmult_baseline.cpp:37]   --->   Operation 20 'bitconcatenate' 'tmp_s' <Predicate = (!icmp_ln35)> <Delay = 0.00>
ST_1 : Operation 21 [1/1] (0.00ns)   --->   "%zext_ln37 = zext i6 %tmp_s" [mmult_baseline.cpp:37]   --->   Operation 21 'zext' 'zext_ln37' <Predicate = (!icmp_ln35)> <Delay = 0.00>
ST_1 : Operation 22 [1/1] (0.00ns)   --->   "%tA_addr = getelementptr i32 %tA, i64 0, i64 %zext_ln37" [mmult_baseline.cpp:37]   --->   Operation 22 'getelementptr' 'tA_addr' <Predicate = (!icmp_ln35)> <Delay = 0.00>
ST_1 : Operation 23 [1/1] (0.00ns)   --->   "%tA_1_addr = getelementptr i32 %tA_1, i64 0, i64 %zext_ln37" [mmult_baseline.cpp:37]   --->   Operation 23 'getelementptr' 'tA_1_addr' <Predicate = (!icmp_ln35)> <Delay = 0.00>
ST_1 : Operation 24 [1/1] (0.00ns)   --->   "%tA_2_addr = getelementptr i32 %tA_2, i64 0, i64 %zext_ln37" [mmult_baseline.cpp:37]   --->   Operation 24 'getelementptr' 'tA_2_addr' <Predicate = (!icmp_ln35)> <Delay = 0.00>
ST_1 : Operation 25 [1/1] (0.00ns)   --->   "%tA_3_addr = getelementptr i32 %tA_3, i64 0, i64 %zext_ln37" [mmult_baseline.cpp:37]   --->   Operation 25 'getelementptr' 'tA_3_addr' <Predicate = (!icmp_ln35)> <Delay = 0.00>
ST_1 : Operation 26 [1/1] (0.00ns)   --->   "%add_ln = bitconcatenate i6 @_ssdm_op_BitConcatenate.i6.i2.i4, i2 %lshr_ln5, i4 %zext_ln33_read" [mmult_baseline.cpp:37]   --->   Operation 26 'bitconcatenate' 'add_ln' <Predicate = (!icmp_ln35)> <Delay = 0.00>
ST_1 : Operation 27 [1/1] (0.00ns)   --->   "%zext_ln37_1 = zext i6 %add_ln" [mmult_baseline.cpp:37]   --->   Operation 27 'zext' 'zext_ln37_1' <Predicate = (!icmp_ln35)> <Delay = 0.00>
ST_1 : Operation 28 [1/1] (0.00ns)   --->   "%tB_addr = getelementptr i32 %tB, i64 0, i64 %zext_ln37_1" [mmult_baseline.cpp:37]   --->   Operation 28 'getelementptr' 'tB_addr' <Predicate = (!icmp_ln35)> <Delay = 0.00>
ST_1 : Operation 29 [1/1] (0.00ns)   --->   "%tB_1_addr = getelementptr i32 %tB_1, i64 0, i64 %zext_ln37_1" [mmult_baseline.cpp:37]   --->   Operation 29 'getelementptr' 'tB_1_addr' <Predicate = (!icmp_ln35)> <Delay = 0.00>
ST_1 : Operation 30 [1/1] (0.00ns)   --->   "%tB_2_addr = getelementptr i32 %tB_2, i64 0, i64 %zext_ln37_1" [mmult_baseline.cpp:37]   --->   Operation 30 'getelementptr' 'tB_2_addr' <Predicate = (!icmp_ln35)> <Delay = 0.00>
ST_1 : Operation 31 [1/1] (0.00ns)   --->   "%tB_3_addr = getelementptr i32 %tB_3, i64 0, i64 %zext_ln37_1" [mmult_baseline.cpp:37]   --->   Operation 31 'getelementptr' 'tB_3_addr' <Predicate = (!icmp_ln35)> <Delay = 0.00>
ST_1 : Operation 32 [2/2] (1.35ns)   --->   "%tA_load = load i6 %tA_addr" [mmult_baseline.cpp:37]   --->   Operation 32 'load' 'tA_load' <Predicate = (!icmp_ln35)> <Delay = 1.35> <CoreInst = "RAM">   --->   Core 82 'RAM' <Latency = 1> <II = 1> <Delay = 1.35> <Storage> <Opcode : 'load' 'store'> <Ports = 2> <Width = 32> <Depth = 64> <RAM>
ST_1 : Operation 33 [2/2] (1.35ns)   --->   "%tA_1_load = load i6 %tA_1_addr" [mmult_baseline.cpp:37]   --->   Operation 33 'load' 'tA_1_load' <Predicate = (!icmp_ln35)> <Delay = 1.35> <CoreInst = "RAM">   --->   Core 82 'RAM' <Latency = 1> <II = 1> <Delay = 1.35> <Storage> <Opcode : 'load' 'store'> <Ports = 2> <Width = 32> <Depth = 64> <RAM>
ST_1 : Operation 34 [2/2] (1.35ns)   --->   "%tA_2_load = load i6 %tA_2_addr" [mmult_baseline.cpp:37]   --->   Operation 34 'load' 'tA_2_load' <Predicate = (!icmp_ln35)> <Delay = 1.35> <CoreInst = "RAM">   --->   Core 82 'RAM' <Latency = 1> <II = 1> <Delay = 1.35> <Storage> <Opcode : 'load' 'store'> <Ports = 2> <Width = 32> <Depth = 64> <RAM>
ST_1 : Operation 35 [2/2] (1.35ns)   --->   "%tA_3_load = load i6 %tA_3_addr" [mmult_baseline.cpp:37]   --->   Operation 35 'load' 'tA_3_load' <Predicate = (!icmp_ln35)> <Delay = 1.35> <CoreInst = "RAM">   --->   Core 82 'RAM' <Latency = 1> <II = 1> <Delay = 1.35> <Storage> <Opcode : 'load' 'store'> <Ports = 2> <Width = 32> <Depth = 64> <RAM>
ST_1 : Operation 36 [2/2] (1.35ns)   --->   "%tB_load = load i6 %tB_addr" [mmult_baseline.cpp:37]   --->   Operation 36 'load' 'tB_load' <Predicate = (!icmp_ln35)> <Delay = 1.35> <CoreInst = "RAM">   --->   Core 82 'RAM' <Latency = 1> <II = 1> <Delay = 1.35> <Storage> <Opcode : 'load' 'store'> <Ports = 2> <Width = 32> <Depth = 64> <RAM>
ST_1 : Operation 37 [2/2] (1.35ns)   --->   "%tB_1_load = load i6 %tB_1_addr" [mmult_baseline.cpp:37]   --->   Operation 37 'load' 'tB_1_load' <Predicate = (!icmp_ln35)> <Delay = 1.35> <CoreInst = "RAM">   --->   Core 82 'RAM' <Latency = 1> <II = 1> <Delay = 1.35> <Storage> <Opcode : 'load' 'store'> <Ports = 2> <Width = 32> <Depth = 64> <RAM>
ST_1 : Operation 38 [2/2] (1.35ns)   --->   "%tB_2_load = load i6 %tB_2_addr" [mmult_baseline.cpp:37]   --->   Operation 38 'load' 'tB_2_load' <Predicate = (!icmp_ln35)> <Delay = 1.35> <CoreInst = "RAM">   --->   Core 82 'RAM' <Latency = 1> <II = 1> <Delay = 1.35> <Storage> <Opcode : 'load' 'store'> <Ports = 2> <Width = 32> <Depth = 64> <RAM>
ST_1 : Operation 39 [2/2] (1.35ns)   --->   "%tB_3_load = load i6 %tB_3_addr" [mmult_baseline.cpp:37]   --->   Operation 39 'load' 'tB_3_load' <Predicate = (!icmp_ln35)> <Delay = 1.35> <CoreInst = "RAM">   --->   Core 82 'RAM' <Latency = 1> <II = 1> <Delay = 1.35> <Storage> <Opcode : 'load' 'store'> <Ports = 2> <Width = 32> <Depth = 64> <RAM>
ST_1 : Operation 40 [1/1] (0.48ns)   --->   "%store_ln35 = store i5 %add_ln35, i5 %k" [mmult_baseline.cpp:35]   --->   Operation 40 'store' 'store_ln35' <Predicate = (!icmp_ln35)> <Delay = 0.48>

State 2 <SV = 1> <Delay = 5.83>
ST_2 : Operation 41 [1/2] (1.35ns)   --->   "%tA_load = load i6 %tA_addr" [mmult_baseline.cpp:37]   --->   Operation 41 'load' 'tA_load' <Predicate = true> <Delay = 1.35> <CoreInst = "RAM">   --->   Core 82 'RAM' <Latency = 1> <II = 1> <Delay = 1.35> <Storage> <Opcode : 'load' 'store'> <Ports = 2> <Width = 32> <Depth = 64> <RAM>
ST_2 : Operation 42 [1/2] (1.35ns)   --->   "%tA_1_load = load i6 %tA_1_addr" [mmult_baseline.cpp:37]   --->   Operation 42 'load' 'tA_1_load' <Predicate = true> <Delay = 1.35> <CoreInst = "RAM">   --->   Core 82 'RAM' <Latency = 1> <II = 1> <Delay = 1.35> <Storage> <Opcode : 'load' 'store'> <Ports = 2> <Width = 32> <Depth = 64> <RAM>
ST_2 : Operation 43 [1/2] (1.35ns)   --->   "%tA_2_load = load i6 %tA_2_addr" [mmult_baseline.cpp:37]   --->   Operation 43 'load' 'tA_2_load' <Predicate = true> <Delay = 1.35> <CoreInst = "RAM">   --->   Core 82 'RAM' <Latency = 1> <II = 1> <Delay = 1.35> <Storage> <Opcode : 'load' 'store'> <Ports = 2> <Width = 32> <Depth = 64> <RAM>
ST_2 : Operation 44 [1/2] (1.35ns)   --->   "%tA_3_load = load i6 %tA_3_addr" [mmult_baseline.cpp:37]   --->   Operation 44 'load' 'tA_3_load' <Predicate = true> <Delay = 1.35> <CoreInst = "RAM">   --->   Core 82 'RAM' <Latency = 1> <II = 1> <Delay = 1.35> <Storage> <Opcode : 'load' 'store'> <Ports = 2> <Width = 32> <Depth = 64> <RAM>
ST_2 : Operation 45 [1/1] (0.60ns)   --->   "%tmp_1 = sparsemux i32 @_ssdm_op_SparseMux.ap_auto.4i32.i32.i2, i2 0, i32 %tA_load, i2 1, i32 %tA_1_load, i2 2, i32 %tA_2_load, i2 3, i32 %tA_3_load, i32 0, i2 %trunc_ln35" [mmult_baseline.cpp:37]   --->   Operation 45 'sparsemux' 'tmp_1' <Predicate = true> <Delay = 0.60> <CoreInst = "SparseMux">   --->   Core 144 'SparseMux' <Latency = 0> <II = 1> <Delay = 0.60> <FuncUnit> <Opcode : 'sparsemux'> <InPorts = 2> <OutPorts = 1>
ST_2 : Operation 46 [1/2] (1.35ns)   --->   "%tB_load = load i6 %tB_addr" [mmult_baseline.cpp:37]   --->   Operation 46 'load' 'tB_load' <Predicate = true> <Delay = 1.35> <CoreInst = "RAM">   --->   Core 82 'RAM' <Latency = 1> <II = 1> <Delay = 1.35> <Storage> <Opcode : 'load' 'store'> <Ports = 2> <Width = 32> <Depth = 64> <RAM>
ST_2 : Operation 47 [1/2] (1.35ns)   --->   "%tB_1_load = load i6 %tB_1_addr" [mmult_baseline.cpp:37]   --->   Operation 47 'load' 'tB_1_load' <Predicate = true> <Delay = 1.35> <CoreInst = "RAM">   --->   Core 82 'RAM' <Latency = 1> <II = 1> <Delay = 1.35> <Storage> <Opcode : 'load' 'store'> <Ports = 2> <Width = 32> <Depth = 64> <RAM>
ST_2 : Operation 48 [1/2] (1.35ns)   --->   "%tB_2_load = load i6 %tB_2_addr" [mmult_baseline.cpp:37]   --->   Operation 48 'load' 'tB_2_load' <Predicate = true> <Delay = 1.35> <CoreInst = "RAM">   --->   Core 82 'RAM' <Latency = 1> <II = 1> <Delay = 1.35> <Storage> <Opcode : 'load' 'store'> <Ports = 2> <Width = 32> <Depth = 64> <RAM>
ST_2 : Operation 49 [1/2] (1.35ns)   --->   "%tB_3_load = load i6 %tB_3_addr" [mmult_baseline.cpp:37]   --->   Operation 49 'load' 'tB_3_load' <Predicate = true> <Delay = 1.35> <CoreInst = "RAM">   --->   Core 82 'RAM' <Latency = 1> <II = 1> <Delay = 1.35> <Storage> <Opcode : 'load' 'store'> <Ports = 2> <Width = 32> <Depth = 64> <RAM>
ST_2 : Operation 50 [1/1] (0.60ns)   --->   "%tmp_2 = sparsemux i32 @_ssdm_op_SparseMux.ap_auto.4i32.i32.i2, i2 0, i32 %tB_load, i2 1, i32 %tB_1_load, i2 2, i32 %tB_2_load, i2 3, i32 %tB_3_load, i32 0, i2 %trunc_ln35" [mmult_baseline.cpp:37]   --->   Operation 50 'sparsemux' 'tmp_2' <Predicate = true> <Delay = 0.60> <CoreInst = "SparseMux">   --->   Core 144 'SparseMux' <Latency = 0> <II = 1> <Delay = 0.60> <FuncUnit> <Opcode : 'sparsemux'> <InPorts = 2> <OutPorts = 1>
ST_2 : Operation 51 [1/1] (3.88ns)   --->   "%mul_ln37 = mul i32 %tmp_2, i32 %tmp_1" [mmult_baseline.cpp:37]   --->   Operation 51 'mul' 'mul_ln37' <Predicate = true> <Delay = 3.88> <CoreInst = "Multiplier">   --->   Core 3 'Multiplier' <Latency = 0> <II = 1> <Delay = 3.88> <FuncUnit> <Opcode : 'mul'> <InPorts = 2> <OutPorts = 1>
ST_2 : Operation 59 [1/1] (0.00ns)   --->   "%acc_1_load_1 = load i32 %acc_1"   --->   Operation 59 'load' 'acc_1_load_1' <Predicate = (icmp_ln35)> <Delay = 0.00>
ST_2 : Operation 60 [1/1] (0.00ns)   --->   "%write_ln0 = write void @_ssdm_op_Write.ap_auto.i32P0A, i32 %acc_1_out, i32 %acc_1_load_1"   --->   Operation 60 'write' 'write_ln0' <Predicate = (icmp_ln35)> <Delay = 0.00>
ST_2 : Operation 61 [1/1] (0.48ns)   --->   "%ret_ln0 = ret"   --->   Operation 61 'ret' 'ret_ln0' <Predicate = (icmp_ln35)> <Delay = 0.48>

State 3 <SV = 2> <Delay = 1.69>
ST_3 : Operation 52 [1/1] (0.00ns)   --->   "%acc_1_load = load i32 %acc_1" [mmult_baseline.cpp:37]   --->   Operation 52 'load' 'acc_1_load' <Predicate = true> <Delay = 0.00>
ST_3 : Operation 53 [1/1] (0.00ns)   --->   "%specpipeline_ln36 = specpipeline void @_ssdm_op_SpecPipeline, i32 1, i32 0, i32 0, i32 0, void @empty_0" [mmult_baseline.cpp:36]   --->   Operation 53 'specpipeline' 'specpipeline_ln36' <Predicate = true> <Delay = 0.00>
ST_3 : Operation 54 [1/1] (0.00ns)   --->   "%speclooptripcount_ln34 = speclooptripcount void @_ssdm_op_SpecLoopTripCount, i64 16, i64 16, i64 16" [mmult_baseline.cpp:34]   --->   Operation 54 'speclooptripcount' 'speclooptripcount_ln34' <Predicate = true> <Delay = 0.00>
ST_3 : Operation 55 [1/1] (0.00ns)   --->   "%specloopname_ln35 = specloopname void @_ssdm_op_SpecLoopName, void @empty_13" [mmult_baseline.cpp:35]   --->   Operation 55 'specloopname' 'specloopname_ln35' <Predicate = true> <Delay = 0.00>
ST_3 : Operation 56 [1/1] (1.20ns)   --->   "%acc_2 = add i32 %mul_ln37, i32 %acc_1_load" [mmult_baseline.cpp:37]   --->   Operation 56 'add' 'acc_2' <Predicate = true> <Delay = 1.20> <CoreInst = "Adder">   --->   Core 1 'Adder' <Latency = 0> <II = 1> <Delay = 1.20> <FuncUnit> <Opcode : 'add' 'sub'> <InPorts = 2> <OutPorts = 1>
ST_3 : Operation 57 [1/1] (0.48ns)   --->   "%store_ln34 = store i32 %acc_2, i32 %acc_1" [mmult_baseline.cpp:34]   --->   Operation 57 'store' 'store_ln34' <Predicate = true> <Delay = 0.48>
ST_3 : Operation 58 [1/1] (0.00ns)   --->   "%br_ln35 = br void %for.inc104" [mmult_baseline.cpp:35]   --->   Operation 58 'br' 'br_ln35' <Predicate = true> <Delay = 0.00>


============================================================
+ Verbose Summary: Binding
============================================================
STG Binding: 
---------------- STG Properties BEGIN ----------------
- Is combinational: 0
- Is one-state seq: 0
- Is datapath-only: 0
- Is pipelined: 0
- Is top level: 0
Port [ Return ] is wired: 1; IO mode=ap_ctrl_hs:ce=0
Port [ acc]:  wired=1; compound=0; hidden=0; nouse=0; global=0; static=0; extern=0; dir=0; type=0; pingpong=0; private_global=0; IO mode=ap_none:ce=0
Port [ i_2]:  wired=1; compound=0; hidden=0; nouse=0; global=0; static=0; extern=0; dir=0; type=0; pingpong=0; private_global=0; IO mode=ap_none:ce=0
Port [ tA]:  wired=1; compound=1; hidden=0; nouse=0; global=0; static=0; extern=0; dir=0; type=1; pingpong=0; private_global=0; MemPort=[13]; IO mode=ap_memory:ce=0
Port [ tA_1]:  wired=1; compound=1; hidden=0; nouse=0; global=0; static=0; extern=0; dir=0; type=1; pingpong=0; private_global=0; MemPort=[13]; IO mode=ap_memory:ce=0
Port [ tA_2]:  wired=1; compound=1; hidden=0; nouse=0; global=0; static=0; extern=0; dir=0; type=1; pingpong=0; private_global=0; MemPort=[13]; IO mode=ap_memory:ce=0
Port [ tA_3]:  wired=1; compound=1; hidden=0; nouse=0; global=0; static=0; extern=0; dir=0; type=1; pingpong=0; private_global=0; MemPort=[13]; IO mode=ap_memory:ce=0
Port [ zext_ln33]:  wired=1; compound=0; hidden=0; nouse=0; global=0; static=0; extern=0; dir=0; type=0; pingpong=0; private_global=0; IO mode=ap_none:ce=0
Port [ tB]:  wired=1; compound=1; hidden=0; nouse=0; global=0; static=0; extern=0; dir=0; type=1; pingpong=0; private_global=0; MemPort=[13]; IO mode=ap_memory:ce=0
Port [ tB_1]:  wired=1; compound=1; hidden=0; nouse=0; global=0; static=0; extern=0; dir=0; type=1; pingpong=0; private_global=0; MemPort=[13]; IO mode=ap_memory:ce=0
Port [ tB_2]:  wired=1; compound=1; hidden=0; nouse=0; global=0; static=0; extern=0; dir=0; type=1; pingpong=0; private_global=0; MemPort=[13]; IO mode=ap_memory:ce=0
Port [ tB_3]:  wired=1; compound=1; hidden=0; nouse=0; global=0; static=0; extern=0; dir=0; type=1; pingpong=0; private_global=0; MemPort=[13]; IO mode=ap_memory:ce=0
Port [ acc_1_out]:  wired=1; compound=0; hidden=0; nouse=0; global=0; static=0; extern=0; dir=1; type=0; pingpong=0; private_global=0; IO mode=ap_vld:ce=0
---------------- STG Properties END ------------------

---------------- Datapath Model BEGIN ----------------

<LifeTime>
<method=bitvector/>
acc_1                  (alloca           ) [ 0111]
k                      (alloca           ) [ 0100]
zext_ln33_read         (read             ) [ 0000]
i_2_read               (read             ) [ 0000]
acc_read               (read             ) [ 0000]
store_ln35             (store            ) [ 0000]
store_ln34             (store            ) [ 0000]
br_ln0                 (br               ) [ 0000]
k_1                    (load             ) [ 0000]
icmp_ln35              (icmp             ) [ 0110]
add_ln35               (add              ) [ 0000]
br_ln35                (br               ) [ 0000]
trunc_ln35             (trunc            ) [ 0110]
lshr_ln5               (partselect       ) [ 0000]
tmp_s                  (bitconcatenate   ) [ 0000]
zext_ln37              (zext             ) [ 0000]
tA_addr                (getelementptr    ) [ 0110]
tA_1_addr              (getelementptr    ) [ 0110]
tA_2_addr              (getelementptr    ) [ 0110]
tA_3_addr              (getelementptr    ) [ 0110]
add_ln                 (bitconcatenate   ) [ 0000]
zext_ln37_1            (zext             ) [ 0000]
tB_addr                (getelementptr    ) [ 0110]
tB_1_addr              (getelementptr    ) [ 0110]
tB_2_addr              (getelementptr    ) [ 0110]
tB_3_addr              (getelementptr    ) [ 0110]
store_ln35             (store            ) [ 0000]
tA_load                (load             ) [ 0000]
tA_1_load              (load             ) [ 0000]
tA_2_load              (load             ) [ 0000]
tA_3_load              (load             ) [ 0000]
tmp_1                  (sparsemux        ) [ 0000]
tB_load                (load             ) [ 0000]
tB_1_load              (load             ) [ 0000]
tB_2_load              (load             ) [ 0000]
tB_3_load              (load             ) [ 0000]
tmp_2                  (sparsemux        ) [ 0000]
mul_ln37               (mul              ) [ 0101]
acc_1_load             (load             ) [ 0000]
specpipeline_ln36      (specpipeline     ) [ 0000]
speclooptripcount_ln34 (speclooptripcount) [ 0000]
specloopname_ln35      (specloopname     ) [ 0000]
acc_2                  (add              ) [ 0000]
store_ln34             (store            ) [ 0000]
br_ln35                (br               ) [ 0000]
acc_1_load_1           (load             ) [ 0000]
write_ln0              (write            ) [ 0000]
ret_ln0                (ret              ) [ 0000]
</LifeTime>

<model>

<comp_list>
<comp id="0" class="1000" name="acc">
<pin_list>
<pin id="1" dir="1" index="0" bw="1" slack="0"/>
</pin_list>
<bind>
<StgValue><ssdm name="acc"/></StgValue>
</bind>
</comp>

<comp id="2" class="1000" name="i_2">
<pin_list>
<pin id="3" dir="1" index="0" bw="1" slack="0"/>
</pin_list>
<bind>
<StgValue><ssdm name="i_2"/></StgValue>
</bind>
</comp>

<comp id="4" class="1000" name="tA">
<pin_list>
<pin id="5" dir="1" index="0" bw="1" slack="0"/>
</pin_list>
<bind>
<StgValue><ssdm name="tA"/><MemPortTyVec>1 3 </MemPortTyVec>
</StgValue>
</bind>
</comp>

<comp id="6" class="1000" name="tA_1">
<pin_list>
<pin id="7" dir="1" index="0" bw="1" slack="0"/>
</pin_list>
<bind>
<StgValue><ssdm name="tA_1"/><MemPortTyVec>1 3 </MemPortTyVec>
</StgValue>
</bind>
</comp>

<comp id="8" class="1000" name="tA_2">
<pin_list>
<pin id="9" dir="1" index="0" bw="1" slack="0"/>
</pin_list>
<bind>
<StgValue><ssdm name="tA_2"/><MemPortTyVec>1 3 </MemPortTyVec>
</StgValue>
</bind>
</comp>

<comp id="10" class="1000" name="tA_3">
<pin_list>
<pin id="11" dir="1" index="0" bw="1" slack="0"/>
</pin_list>
<bind>
<StgValue><ssdm name="tA_3"/><MemPortTyVec>1 3 </MemPortTyVec>
</StgValue>
</bind>
</comp>

<comp id="12" class="1000" name="zext_ln33">
<pin_list>
<pin id="13" dir="1" index="0" bw="1" slack="0"/>
</pin_list>
<bind>
<StgValue><ssdm name="zext_ln33"/></StgValue>
</bind>
</comp>

<comp id="14" class="1000" name="tB">
<pin_list>
<pin id="15" dir="1" index="0" bw="1" slack="0"/>
</pin_list>
<bind>
<StgValue><ssdm name="tB"/><MemPortTyVec>1 3 </MemPortTyVec>
</StgValue>
</bind>
</comp>

<comp id="16" class="1000" name="tB_1">
<pin_list>
<pin id="17" dir="1" index="0" bw="1" slack="0"/>
</pin_list>
<bind>
<StgValue><ssdm name="tB_1"/><MemPortTyVec>1 3 </MemPortTyVec>
</StgValue>
</bind>
</comp>

<comp id="18" class="1000" name="tB_2">
<pin_list>
<pin id="19" dir="1" index="0" bw="1" slack="0"/>
</pin_list>
<bind>
<StgValue><ssdm name="tB_2"/><MemPortTyVec>1 3 </MemPortTyVec>
</StgValue>
</bind>
</comp>

<comp id="20" class="1000" name="tB_3">
<pin_list>
<pin id="21" dir="1" index="0" bw="1" slack="0"/>
</pin_list>
<bind>
<StgValue><ssdm name="tB_3"/><MemPortTyVec>1 3 </MemPortTyVec>
</StgValue>
</bind>
</comp>

<comp id="22" class="1000" name="acc_1_out">
<pin_list>
<pin id="23" dir="1" index="0" bw="1" slack="0"/>
</pin_list>
<bind>
<StgValue><ssdm name="acc_1_out"/></StgValue>
</bind>
</comp>

<comp id="24" class="1001" name="const_24">
<pin_list>
<pin id="25" dir="1" index="0" bw="1" slack="0"/>
</pin_list>
<bind>
<StgValue><ssdm name=""/></StgValue>
</bind>
</comp>

<comp id="26" class="1001" name="const_26">
<pin_list>
<pin id="27" dir="1" index="0" bw="1" slack="0"/>
</pin_list>
<bind>
<StgValue><ssdm name="_ssdm_op_Read.ap_auto.i4"/></StgValue>
</bind>
</comp>

<comp id="28" class="1001" name="const_28">
<pin_list>
<pin id="29" dir="1" index="0" bw="1" slack="0"/>
</pin_list>
<bind>
<StgValue><ssdm name="_ssdm_op_Read.ap_auto.i32"/></StgValue>
</bind>
</comp>

<comp id="30" class="1001" name="const_30">
<pin_list>
<pin id="31" dir="1" index="0" bw="1" slack="0"/>
</pin_list>
<bind>
<StgValue><ssdm name=""/></StgValue>
</bind>
</comp>

<comp id="32" class="1001" name="const_32">
<pin_list>
<pin id="33" dir="1" index="0" bw="1" slack="0"/>
</pin_list>
<bind>
<StgValue><ssdm name=""/></StgValue>
</bind>
</comp>

<comp id="34" class="1001" name="const_34">
<pin_list>
<pin id="35" dir="1" index="0" bw="1" slack="0"/>
</pin_list>
<bind>
<StgValue><ssdm name=""/></StgValue>
</bind>
</comp>

<comp id="36" class="1001" name="const_36">
<pin_list>
<pin id="37" dir="1" index="0" bw="1" slack="0"/>
</pin_list>
<bind>
<StgValue><ssdm name="_ssdm_op_PartSelect.i2.i5.i32.i32"/></StgValue>
</bind>
</comp>

<comp id="38" class="1001" name="const_38">
<pin_list>
<pin id="39" dir="1" index="0" bw="1" slack="0"/>
</pin_list>
<bind>
<StgValue><ssdm name=""/></StgValue>
</bind>
</comp>

<comp id="40" class="1001" name="const_40">
<pin_list>
<pin id="41" dir="1" index="0" bw="1" slack="0"/>
</pin_list>
<bind>
<StgValue><ssdm name=""/></StgValue>
</bind>
</comp>

<comp id="42" class="1001" name="const_42">
<pin_list>
<pin id="43" dir="1" index="0" bw="1" slack="0"/>
</pin_list>
<bind>
<StgValue><ssdm name="_ssdm_op_BitConcatenate.i6.i4.i2"/></StgValue>
</bind>
</comp>

<comp id="44" class="1001" name="const_44">
<pin_list>
<pin id="45" dir="1" index="0" bw="1" slack="0"/>
</pin_list>
<bind>
<StgValue><ssdm name=""/></StgValue>
</bind>
</comp>

<comp id="46" class="1001" name="const_46">
<pin_list>
<pin id="47" dir="1" index="0" bw="1" slack="0"/>
</pin_list>
<bind>
<StgValue><ssdm name="_ssdm_op_BitConcatenate.i6.i2.i4"/></StgValue>
</bind>
</comp>

<comp id="48" class="1001" name="const_48">
<pin_list>
<pin id="49" dir="1" index="0" bw="1" slack="0"/>
</pin_list>
<bind>
<StgValue><ssdm name="_ssdm_op_SparseMux.ap_auto.4i32.i32.i2"/></StgValue>
</bind>
</comp>

<comp id="50" class="1001" name="const_50">
<pin_list>
<pin id="51" dir="1" index="0" bw="1" slack="0"/>
</pin_list>
<bind>
<StgValue><ssdm name=""/></StgValue>
</bind>
</comp>

<comp id="52" class="1001" name="const_52">
<pin_list>
<pin id="53" dir="1" index="0" bw="1" slack="0"/>
</pin_list>
<bind>
<StgValue><ssdm name=""/></StgValue>
</bind>
</comp>

<comp id="54" class="1001" name="const_54">
<pin_list>
<pin id="55" dir="1" index="0" bw="1" slack="0"/>
</pin_list>
<bind>
<StgValue><ssdm name=""/></StgValue>
</bind>
</comp>

<comp id="56" class="1001" name="const_56">
<pin_list>
<pin id="57" dir="1" index="0" bw="1" slack="0"/>
</pin_list>
<bind>
<StgValue><ssdm name=""/></StgValue>
</bind>
</comp>

<comp id="58" class="1001" name="const_58">
<pin_list>
<pin id="59" dir="1" index="0" bw="1" slack="0"/>
</pin_list>
<bind>
<StgValue><ssdm name=""/></StgValue>
</bind>
</comp>

<comp id="60" class="1001" name="const_60">
<pin_list>
<pin id="61" dir="1" index="0" bw="1" slack="2147483647"/>
</pin_list>
<bind>
<StgValue><ssdm name="_ssdm_op_SpecPipeline"/></StgValue>
</bind>
</comp>

<comp id="62" class="1001" name="const_62">
<pin_list>
<pin id="63" dir="1" index="0" bw="1" slack="2147483647"/>
</pin_list>
<bind>
<StgValue><ssdm name=""/></StgValue>
</bind>
</comp>

<comp id="64" class="1001" name="const_64">
<pin_list>
<pin id="65" dir="1" index="0" bw="1" slack="2147483647"/>
</pin_list>
<bind>
<StgValue><ssdm name="empty_0"/></StgValue>
</bind>
</comp>

<comp id="66" class="1001" name="const_66">
<pin_list>
<pin id="67" dir="1" index="0" bw="1" slack="2147483647"/>
</pin_list>
<bind>
<StgValue><ssdm name="_ssdm_op_SpecLoopTripCount"/></StgValue>
</bind>
</comp>

<comp id="68" class="1001" name="const_68">
<pin_list>
<pin id="69" dir="1" index="0" bw="1" slack="2147483647"/>
</pin_list>
<bind>
<StgValue><ssdm name=""/></StgValue>
</bind>
</comp>

<comp id="70" class="1001" name="const_70">
<pin_list>
<pin id="71" dir="1" index="0" bw="1" slack="2147483647"/>
</pin_list>
<bind>
<StgValue><ssdm name="_ssdm_op_SpecLoopName"/></StgValue>
</bind>
</comp>

<comp id="72" class="1001" name="const_72">
<pin_list>
<pin id="73" dir="1" index="0" bw="1" slack="2147483647"/>
</pin_list>
<bind>
<StgValue><ssdm name="empty_13"/></StgValue>
</bind>
</comp>

<comp id="74" class="1001" name="const_74">
<pin_list>
<pin id="75" dir="1" index="0" bw="1" slack="0"/>
</pin_list>
<bind>
<StgValue><ssdm name="_ssdm_op_Write.ap_auto.i32P0A"/></StgValue>
</bind>
</comp>

<comp id="76" class="1004" name="acc_1_fu_76">
<pin_list>
<pin id="77" dir="0" index="0" bw="1" slack="0"/>
<pin id="78" dir="1" index="1" bw="32" slack="0"/>
</pin_list>
<bind>
<opcode="alloca(26) " fcode="alloca"/>
<opset="acc_1/1 "/>
</bind>
</comp>

<comp id="80" class="1004" name="k_fu_80">
<pin_list>
<pin id="81" dir="0" index="0" bw="1" slack="0"/>
<pin id="82" dir="1" index="1" bw="5" slack="0"/>
</pin_list>
<bind>
<opcode="alloca(26) " fcode="alloca"/>
<opset="k/1 "/>
</bind>
</comp>

<comp id="84" class="1004" name="zext_ln33_read_read_fu_84">
<pin_list>
<pin id="85" dir="0" index="0" bw="4" slack="0"/>
<pin id="86" dir="0" index="1" bw="4" slack="0"/>
<pin id="87" dir="1" index="2" bw="4" slack="0"/>
</pin_list>
<bind>
<opcode="read(1150) " fcode="read"/>
<opset="zext_ln33_read/1 "/>
</bind>
</comp>

<comp id="90" class="1004" name="i_2_read_read_fu_90">
<pin_list>
<pin id="91" dir="0" index="0" bw="4" slack="0"/>
<pin id="92" dir="0" index="1" bw="4" slack="0"/>
<pin id="93" dir="1" index="2" bw="4" slack="0"/>
</pin_list>
<bind>
<opcode="read(1150) " fcode="read"/>
<opset="i_2_read/1 "/>
</bind>
</comp>

<comp id="96" class="1004" name="acc_read_read_fu_96">
<pin_list>
<pin id="97" dir="0" index="0" bw="32" slack="0"/>
<pin id="98" dir="0" index="1" bw="32" slack="0"/>
<pin id="99" dir="1" index="2" bw="32" slack="0"/>
</pin_list>
<bind>
<opcode="read(1150) " fcode="read"/>
<opset="acc_read/1 "/>
</bind>
</comp>

<comp id="102" class="1004" name="write_ln0_write_fu_102">
<pin_list>
<pin id="103" dir="0" index="0" bw="0" slack="0"/>
<pin id="104" dir="0" index="1" bw="32" slack="0"/>
<pin id="105" dir="0" index="2" bw="32" slack="0"/>
<pin id="106" dir="1" index="3" bw="0" slack="2147483647"/>
</pin_list>
<bind>
<opcode="write(1151) " fcode="write"/>
<opset="write_ln0/2 "/>
</bind>
</comp>

<comp id="109" class="1004" name="tA_addr_gep_fu_109">
<pin_list>
<pin id="110" dir="0" index="0" bw="32" slack="0"/>
<pin id="111" dir="0" index="1" bw="1" slack="0"/>
<pin id="112" dir="0" index="2" bw="6" slack="0"/>
<pin id="113" dir="1" index="3" bw="6" slack="0"/>
</pin_list>
<bind>
<opcode="getelementptr(29) " fcode="getelementptr"/>
<opset="tA_addr/1 "/>
</bind>
</comp>

<comp id="116" class="1004" name="tA_1_addr_gep_fu_116">
<pin_list>
<pin id="117" dir="0" index="0" bw="32" slack="0"/>
<pin id="118" dir="0" index="1" bw="1" slack="0"/>
<pin id="119" dir="0" index="2" bw="6" slack="0"/>
<pin id="120" dir="1" index="3" bw="6" slack="0"/>
</pin_list>
<bind>
<opcode="getelementptr(29) " fcode="getelementptr"/>
<opset="tA_1_addr/1 "/>
</bind>
</comp>

<comp id="123" class="1004" name="tA_2_addr_gep_fu_123">
<pin_list>
<pin id="124" dir="0" index="0" bw="32" slack="0"/>
<pin id="125" dir="0" index="1" bw="1" slack="0"/>
<pin id="126" dir="0" index="2" bw="6" slack="0"/>
<pin id="127" dir="1" index="3" bw="6" slack="0"/>
</pin_list>
<bind>
<opcode="getelementptr(29) " fcode="getelementptr"/>
<opset="tA_2_addr/1 "/>
</bind>
</comp>

<comp id="130" class="1004" name="tA_3_addr_gep_fu_130">
<pin_list>
<pin id="131" dir="0" index="0" bw="32" slack="0"/>
<pin id="132" dir="0" index="1" bw="1" slack="0"/>
<pin id="133" dir="0" index="2" bw="6" slack="0"/>
<pin id="134" dir="1" index="3" bw="6" slack="0"/>
</pin_list>
<bind>
<opcode="getelementptr(29) " fcode="getelementptr"/>
<opset="tA_3_addr/1 "/>
</bind>
</comp>

<comp id="137" class="1004" name="tB_addr_gep_fu_137">
<pin_list>
<pin id="138" dir="0" index="0" bw="32" slack="0"/>
<pin id="139" dir="0" index="1" bw="1" slack="0"/>
<pin id="140" dir="0" index="2" bw="6" slack="0"/>
<pin id="141" dir="1" index="3" bw="6" slack="0"/>
</pin_list>
<bind>
<opcode="getelementptr(29) " fcode="getelementptr"/>
<opset="tB_addr/1 "/>
</bind>
</comp>

<comp id="144" class="1004" name="tB_1_addr_gep_fu_144">
<pin_list>
<pin id="145" dir="0" index="0" bw="32" slack="0"/>
<pin id="146" dir="0" index="1" bw="1" slack="0"/>
<pin id="147" dir="0" index="2" bw="6" slack="0"/>
<pin id="148" dir="1" index="3" bw="6" slack="0"/>
</pin_list>
<bind>
<opcode="getelementptr(29) " fcode="getelementptr"/>
<opset="tB_1_addr/1 "/>
</bind>
</comp>

<comp id="151" class="1004" name="tB_2_addr_gep_fu_151">
<pin_list>
<pin id="152" dir="0" index="0" bw="32" slack="0"/>
<pin id="153" dir="0" index="1" bw="1" slack="0"/>
<pin id="154" dir="0" index="2" bw="6" slack="0"/>
<pin id="155" dir="1" index="3" bw="6" slack="0"/>
</pin_list>
<bind>
<opcode="getelementptr(29) " fcode="getelementptr"/>
<opset="tB_2_addr/1 "/>
</bind>
</comp>

<comp id="158" class="1004" name="tB_3_addr_gep_fu_158">
<pin_list>
<pin id="159" dir="0" index="0" bw="32" slack="0"/>
<pin id="160" dir="0" index="1" bw="1" slack="0"/>
<pin id="161" dir="0" index="2" bw="6" slack="0"/>
<pin id="162" dir="1" index="3" bw="6" slack="0"/>
</pin_list>
<bind>
<opcode="getelementptr(29) " fcode="getelementptr"/>
<opset="tB_3_addr/1 "/>
</bind>
</comp>

<comp id="165" class="1004" name="grp_access_fu_165">
<pin_list>
<pin id="166" dir="0" index="0" bw="6" slack="0"/>
<pin id="167" dir="0" index="1" bw="32" slack="2147483647"/>
<pin id="168" dir="0" index="2" bw="0" slack="2147483647"/>
<pin id="169" dir="1" index="3" bw="32" slack="0"/>
</pin_list>
<bind>
<opcode="load(27) " fcode="load"/>
<opset="tA_load/1 "/>
</bind>
</comp>

<comp id="171" class="1004" name="grp_access_fu_171">
<pin_list>
<pin id="172" dir="0" index="0" bw="6" slack="0"/>
<pin id="173" dir="0" index="1" bw="32" slack="2147483647"/>
<pin id="174" dir="0" index="2" bw="0" slack="2147483647"/>
<pin id="175" dir="1" index="3" bw="32" slack="0"/>
</pin_list>
<bind>
<opcode="load(27) " fcode="load"/>
<opset="tA_1_load/1 "/>
</bind>
</comp>

<comp id="177" class="1004" name="grp_access_fu_177">
<pin_list>
<pin id="178" dir="0" index="0" bw="6" slack="0"/>
<pin id="179" dir="0" index="1" bw="32" slack="2147483647"/>
<pin id="180" dir="0" index="2" bw="0" slack="2147483647"/>
<pin id="181" dir="1" index="3" bw="32" slack="0"/>
</pin_list>
<bind>
<opcode="load(27) " fcode="load"/>
<opset="tA_2_load/1 "/>
</bind>
</comp>

<comp id="183" class="1004" name="grp_access_fu_183">
<pin_list>
<pin id="184" dir="0" index="0" bw="6" slack="0"/>
<pin id="185" dir="0" index="1" bw="32" slack="2147483647"/>
<pin id="186" dir="0" index="2" bw="0" slack="2147483647"/>
<pin id="187" dir="1" index="3" bw="32" slack="0"/>
</pin_list>
<bind>
<opcode="load(27) " fcode="load"/>
<opset="tA_3_load/1 "/>
</bind>
</comp>

<comp id="189" class="1004" name="grp_access_fu_189">
<pin_list>
<pin id="190" dir="0" index="0" bw="6" slack="0"/>
<pin id="191" dir="0" index="1" bw="32" slack="2147483647"/>
<pin id="192" dir="0" index="2" bw="0" slack="2147483647"/>
<pin id="193" dir="1" index="3" bw="32" slack="0"/>
</pin_list>
<bind>
<opcode="load(27) " fcode="load"/>
<opset="tB_load/1 "/>
</bind>
</comp>

<comp id="195" class="1004" name="grp_access_fu_195">
<pin_list>
<pin id="196" dir="0" index="0" bw="6" slack="0"/>
<pin id="197" dir="0" index="1" bw="32" slack="2147483647"/>
<pin id="198" dir="0" index="2" bw="0" slack="2147483647"/>
<pin id="199" dir="1" index="3" bw="32" slack="0"/>
</pin_list>
<bind>
<opcode="load(27) " fcode="load"/>
<opset="tB_1_load/1 "/>
</bind>
</comp>

<comp id="201" class="1004" name="grp_access_fu_201">
<pin_list>
<pin id="202" dir="0" index="0" bw="6" slack="0"/>
<pin id="203" dir="0" index="1" bw="32" slack="2147483647"/>
<pin id="204" dir="0" index="2" bw="0" slack="2147483647"/>
<pin id="205" dir="1" index="3" bw="32" slack="0"/>
</pin_list>
<bind>
<opcode="load(27) " fcode="load"/>
<opset="tB_2_load/1 "/>
</bind>
</comp>

<comp id="207" class="1004" name="grp_access_fu_207">
<pin_list>
<pin id="208" dir="0" index="0" bw="6" slack="0"/>
<pin id="209" dir="0" index="1" bw="32" slack="2147483647"/>
<pin id="210" dir="0" index="2" bw="0" slack="2147483647"/>
<pin id="211" dir="1" index="3" bw="32" slack="0"/>
</pin_list>
<bind>
<opcode="load(27) " fcode="load"/>
<opset="tB_3_load/1 "/>
</bind>
</comp>

<comp id="213" class="1004" name="mul_ln37_fu_213">
<pin_list>
<pin id="214" dir="0" index="0" bw="32" slack="0"/>
<pin id="215" dir="0" index="1" bw="32" slack="0"/>
<pin id="216" dir="1" index="2" bw="32" slack="1"/>
</pin_list>
<bind>
<opcode="mul(12) " fcode="mul"/>
<opset="mul_ln37/2 "/>
</bind>
</comp>

<comp id="217" class="1004" name="store_ln35_store_fu_217">
<pin_list>
<pin id="218" dir="0" index="0" bw="1" slack="0"/>
<pin id="219" dir="0" index="1" bw="5" slack="0"/>
<pin id="220" dir="1" index="2" bw="0" slack="2147483647"/>
</pin_list>
<bind>
<opcode="store(28) " fcode="store"/>
<opset="store_ln35/1 "/>
</bind>
</comp>

<comp id="222" class="1004" name="store_ln34_store_fu_222">
<pin_list>
<pin id="223" dir="0" index="0" bw="32" slack="0"/>
<pin id="224" dir="0" index="1" bw="32" slack="0"/>
<pin id="225" dir="1" index="2" bw="0" slack="2147483647"/>
</pin_list>
<bind>
<opcode="store(28) " fcode="store"/>
<opset="store_ln34/1 "/>
</bind>
</comp>

<comp id="227" class="1004" name="k_1_load_fu_227">
<pin_list>
<pin id="228" dir="0" index="0" bw="5" slack="0"/>
<pin id="229" dir="1" index="1" bw="5" slack="0"/>
</pin_list>
<bind>
<opcode="load(27) " fcode="load"/>
<opset="k_1/1 "/>
</bind>
</comp>

<comp id="230" class="1004" name="icmp_ln35_fu_230">
<pin_list>
<pin id="231" dir="0" index="0" bw="5" slack="0"/>
<pin id="232" dir="0" index="1" bw="5" slack="0"/>
<pin id="233" dir="1" index="2" bw="1" slack="1"/>
</pin_list>
<bind>
<opcode="icmp(45) " fcode="icmp"/>
<opset="icmp_ln35/1 "/>
</bind>
</comp>

<comp id="236" class="1004" name="add_ln35_fu_236">
<pin_list>
<pin id="237" dir="0" index="0" bw="5" slack="0"/>
<pin id="238" dir="0" index="1" bw="1" slack="0"/>
<pin id="239" dir="1" index="2" bw="5" slack="0"/>
</pin_list>
<bind>
<opcode="add(8) " fcode="add"/>
<opset="add_ln35/1 "/>
</bind>
</comp>

<comp id="242" class="1004" name="trunc_ln35_fu_242">
<pin_list>
<pin id="243" dir="0" index="0" bw="5" slack="0"/>
<pin id="244" dir="1" index="1" bw="2" slack="1"/>
</pin_list>
<bind>
<opcode="trunc(33) " fcode="trunc"/>
<opset="trunc_ln35/1 "/>
</bind>
</comp>

<comp id="246" class="1004" name="lshr_ln5_fu_246">
<pin_list>
<pin id="247" dir="0" index="0" bw="2" slack="0"/>
<pin id="248" dir="0" index="1" bw="5" slack="0"/>
<pin id="249" dir="0" index="2" bw="3" slack="0"/>
<pin id="250" dir="0" index="3" bw="3" slack="0"/>
<pin id="251" dir="1" index="4" bw="2" slack="0"/>
</pin_list>
<bind>
<opcode="partselect(1002) " fcode="partselect"/>
<opset="lshr_ln5/1 "/>
</bind>
</comp>

<comp id="256" class="1004" name="tmp_s_fu_256">
<pin_list>
<pin id="257" dir="0" index="0" bw="6" slack="0"/>
<pin id="258" dir="0" index="1" bw="4" slack="0"/>
<pin id="259" dir="0" index="2" bw="2" slack="0"/>
<pin id="260" dir="1" index="3" bw="6" slack="0"/>
</pin_list>
<bind>
<opcode="bitconcatenate(1004) " fcode="bitconcatenate"/>
<opset="tmp_s/1 "/>
</bind>
</comp>

<comp id="264" class="1004" name="zext_ln37_fu_264">
<pin_list>
<pin id="265" dir="0" index="0" bw="6" slack="0"/>
<pin id="266" dir="1" index="1" bw="64" slack="0"/>
</pin_list>
<bind>
<opcode="zext(34) " fcode="zext"/>
<opset="zext_ln37/1 "/>
</bind>
</comp>

<comp id="272" class="1004" name="add_ln_fu_272">
<pin_list>
<pin id="273" dir="0" index="0" bw="6" slack="0"/>
<pin id="274" dir="0" index="1" bw="2" slack="0"/>
<pin id="275" dir="0" index="2" bw="4" slack="0"/>
<pin id="276" dir="1" index="3" bw="6" slack="0"/>
</pin_list>
<bind>
<opcode="bitconcatenate(1004) " fcode="bitconcatenate"/>
<opset="add_ln/1 "/>
</bind>
</comp>

<comp id="280" class="1004" name="zext_ln37_1_fu_280">
<pin_list>
<pin id="281" dir="0" index="0" bw="6" slack="0"/>
<pin id="282" dir="1" index="1" bw="64" slack="0"/>
</pin_list>
<bind>
<opcode="zext(34) " fcode="zext"/>
<opset="zext_ln37_1/1 "/>
</bind>
</comp>

<comp id="288" class="1004" name="store_ln35_store_fu_288">
<pin_list>
<pin id="289" dir="0" index="0" bw="5" slack="0"/>
<pin id="290" dir="0" index="1" bw="5" slack="0"/>
<pin id="291" dir="1" index="2" bw="0" slack="2147483647"/>
</pin_list>
<bind>
<opcode="store(28) " fcode="store"/>
<opset="store_ln35/1 "/>
</bind>
</comp>

<comp id="293" class="1004" name="tmp_1_fu_293">
<pin_list>
<pin id="294" dir="0" index="0" bw="32" slack="0"/>
<pin id="295" dir="0" index="1" bw="2" slack="0"/>
<pin id="296" dir="0" index="2" bw="32" slack="0"/>
<pin id="297" dir="0" index="3" bw="2" slack="0"/>
<pin id="298" dir="0" index="4" bw="32" slack="0"/>
<pin id="299" dir="0" index="5" bw="2" slack="0"/>
<pin id="300" dir="0" index="6" bw="32" slack="0"/>
<pin id="301" dir="0" index="7" bw="2" slack="0"/>
<pin id="302" dir="0" index="8" bw="32" slack="0"/>
<pin id="303" dir="0" index="9" bw="32" slack="0"/>
<pin id="304" dir="0" index="10" bw="2" slack="1"/>
<pin id="305" dir="1" index="11" bw="32" slack="0"/>
</pin_list>
<bind>
<opcode="sparsemux(1197) " fcode="sparsemux"/>
<opset="tmp_1/2 "/>
</bind>
</comp>

<comp id="317" class="1004" name="tmp_2_fu_317">
<pin_list>
<pin id="318" dir="0" index="0" bw="32" slack="0"/>
<pin id="319" dir="0" index="1" bw="2" slack="0"/>
<pin id="320" dir="0" index="2" bw="32" slack="0"/>
<pin id="321" dir="0" index="3" bw="2" slack="0"/>
<pin id="322" dir="0" index="4" bw="32" slack="0"/>
<pin id="323" dir="0" index="5" bw="2" slack="0"/>
<pin id="324" dir="0" index="6" bw="32" slack="0"/>
<pin id="325" dir="0" index="7" bw="2" slack="0"/>
<pin id="326" dir="0" index="8" bw="32" slack="0"/>
<pin id="327" dir="0" index="9" bw="32" slack="0"/>
<pin id="328" dir="0" index="10" bw="2" slack="1"/>
<pin id="329" dir="1" index="11" bw="32" slack="0"/>
</pin_list>
<bind>
<opcode="sparsemux(1197) " fcode="sparsemux"/>
<opset="tmp_2/2 "/>
</bind>
</comp>

<comp id="341" class="1004" name="acc_1_load_load_fu_341">
<pin_list>
<pin id="342" dir="0" index="0" bw="32" slack="2"/>
<pin id="343" dir="1" index="1" bw="32" slack="0"/>
</pin_list>
<bind>
<opcode="load(27) " fcode="load"/>
<opset="acc_1_load/3 "/>
</bind>
</comp>

<comp id="344" class="1004" name="acc_2_fu_344">
<pin_list>
<pin id="345" dir="0" index="0" bw="32" slack="1"/>
<pin id="346" dir="0" index="1" bw="32" slack="0"/>
<pin id="347" dir="1" index="2" bw="32" slack="0"/>
</pin_list>
<bind>
<opcode="add(8) " fcode="add"/>
<opset="acc_2/3 "/>
</bind>
</comp>

<comp id="349" class="1004" name="store_ln34_store_fu_349">
<pin_list>
<pin id="350" dir="0" index="0" bw="32" slack="0"/>
<pin id="351" dir="0" index="1" bw="32" slack="2"/>
<pin id="352" dir="1" index="2" bw="0" slack="2147483647"/>
</pin_list>
<bind>
<opcode="store(28) " fcode="store"/>
<opset="store_ln34/3 "/>
</bind>
</comp>

<comp id="354" class="1004" name="acc_1_load_1_load_fu_354">
<pin_list>
<pin id="355" dir="0" index="0" bw="32" slack="1"/>
<pin id="356" dir="1" index="1" bw="32" slack="0"/>
</pin_list>
<bind>
<opcode="load(27) " fcode="load"/>
<opset="acc_1_load_1/2 "/>
</bind>
</comp>

<comp id="358" class="1005" name="acc_1_reg_358">
<pin_list>
<pin id="359" dir="0" index="0" bw="32" slack="0"/>
<pin id="360" dir="1" index="1" bw="32" slack="0"/>
</pin_list>
<bind>
<opset="acc_1 "/>
</bind>
</comp>

<comp id="366" class="1005" name="k_reg_366">
<pin_list>
<pin id="367" dir="0" index="0" bw="5" slack="0"/>
<pin id="368" dir="1" index="1" bw="5" slack="0"/>
</pin_list>
<bind>
<opset="k "/>
</bind>
</comp>

<comp id="373" class="1005" name="icmp_ln35_reg_373">
<pin_list>
<pin id="374" dir="0" index="0" bw="1" slack="1"/>
<pin id="375" dir="1" index="1" bw="1" slack="2147483647"/>
</pin_list>
<bind>
<opset="icmp_ln35 "/>
</bind>
</comp>

<comp id="377" class="1005" name="trunc_ln35_reg_377">
<pin_list>
<pin id="378" dir="0" index="0" bw="2" slack="1"/>
<pin id="379" dir="1" index="1" bw="2" slack="1"/>
</pin_list>
<bind>
<opset="trunc_ln35 "/>
</bind>
</comp>

<comp id="383" class="1005" name="tA_addr_reg_383">
<pin_list>
<pin id="384" dir="0" index="0" bw="6" slack="1"/>
<pin id="385" dir="1" index="1" bw="6" slack="1"/>
</pin_list>
<bind>
<opset="tA_addr "/>
</bind>
</comp>

<comp id="388" class="1005" name="tA_1_addr_reg_388">
<pin_list>
<pin id="389" dir="0" index="0" bw="6" slack="1"/>
<pin id="390" dir="1" index="1" bw="6" slack="1"/>
</pin_list>
<bind>
<opset="tA_1_addr "/>
</bind>
</comp>

<comp id="393" class="1005" name="tA_2_addr_reg_393">
<pin_list>
<pin id="394" dir="0" index="0" bw="6" slack="1"/>
<pin id="395" dir="1" index="1" bw="6" slack="1"/>
</pin_list>
<bind>
<opset="tA_2_addr "/>
</bind>
</comp>

<comp id="398" class="1005" name="tA_3_addr_reg_398">
<pin_list>
<pin id="399" dir="0" index="0" bw="6" slack="1"/>
<pin id="400" dir="1" index="1" bw="6" slack="1"/>
</pin_list>
<bind>
<opset="tA_3_addr "/>
</bind>
</comp>

<comp id="403" class="1005" name="tB_addr_reg_403">
<pin_list>
<pin id="404" dir="0" index="0" bw="6" slack="1"/>
<pin id="405" dir="1" index="1" bw="6" slack="1"/>
</pin_list>
<bind>
<opset="tB_addr "/>
</bind>
</comp>

<comp id="408" class="1005" name="tB_1_addr_reg_408">
<pin_list>
<pin id="409" dir="0" index="0" bw="6" slack="1"/>
<pin id="410" dir="1" index="1" bw="6" slack="1"/>
</pin_list>
<bind>
<opset="tB_1_addr "/>
</bind>
</comp>

<comp id="413" class="1005" name="tB_2_addr_reg_413">
<pin_list>
<pin id="414" dir="0" index="0" bw="6" slack="1"/>
<pin id="415" dir="1" index="1" bw="6" slack="1"/>
</pin_list>
<bind>
<opset="tB_2_addr "/>
</bind>
</comp>

<comp id="418" class="1005" name="tB_3_addr_reg_418">
<pin_list>
<pin id="419" dir="0" index="0" bw="6" slack="1"/>
<pin id="420" dir="1" index="1" bw="6" slack="1"/>
</pin_list>
<bind>
<opset="tB_3_addr "/>
</bind>
</comp>

<comp id="423" class="1005" name="mul_ln37_reg_423">
<pin_list>
<pin id="424" dir="0" index="0" bw="32" slack="1"/>
<pin id="425" dir="1" index="1" bw="32" slack="1"/>
</pin_list>
<bind>
<opset="mul_ln37 "/>
</bind>
</comp>

</comp_list>

<net_list>
<net id="79"><net_src comp="24" pin="0"/><net_sink comp="76" pin=0"/></net>

<net id="83"><net_src comp="24" pin="0"/><net_sink comp="80" pin=0"/></net>

<net id="88"><net_src comp="26" pin="0"/><net_sink comp="84" pin=0"/></net>

<net id="89"><net_src comp="12" pin="0"/><net_sink comp="84" pin=1"/></net>

<net id="94"><net_src comp="26" pin="0"/><net_sink comp="90" pin=0"/></net>

<net id="95"><net_src comp="2" pin="0"/><net_sink comp="90" pin=1"/></net>

<net id="100"><net_src comp="28" pin="0"/><net_sink comp="96" pin=0"/></net>

<net id="101"><net_src comp="0" pin="0"/><net_sink comp="96" pin=1"/></net>

<net id="107"><net_src comp="74" pin="0"/><net_sink comp="102" pin=0"/></net>

<net id="108"><net_src comp="22" pin="0"/><net_sink comp="102" pin=1"/></net>

<net id="114"><net_src comp="4" pin="0"/><net_sink comp="109" pin=0"/></net>

<net id="115"><net_src comp="44" pin="0"/><net_sink comp="109" pin=1"/></net>

<net id="121"><net_src comp="6" pin="0"/><net_sink comp="116" pin=0"/></net>

<net id="122"><net_src comp="44" pin="0"/><net_sink comp="116" pin=1"/></net>

<net id="128"><net_src comp="8" pin="0"/><net_sink comp="123" pin=0"/></net>

<net id="129"><net_src comp="44" pin="0"/><net_sink comp="123" pin=1"/></net>

<net id="135"><net_src comp="10" pin="0"/><net_sink comp="130" pin=0"/></net>

<net id="136"><net_src comp="44" pin="0"/><net_sink comp="130" pin=1"/></net>

<net id="142"><net_src comp="14" pin="0"/><net_sink comp="137" pin=0"/></net>

<net id="143"><net_src comp="44" pin="0"/><net_sink comp="137" pin=1"/></net>

<net id="149"><net_src comp="16" pin="0"/><net_sink comp="144" pin=0"/></net>

<net id="150"><net_src comp="44" pin="0"/><net_sink comp="144" pin=1"/></net>

<net id="156"><net_src comp="18" pin="0"/><net_sink comp="151" pin=0"/></net>

<net id="157"><net_src comp="44" pin="0"/><net_sink comp="151" pin=1"/></net>

<net id="163"><net_src comp="20" pin="0"/><net_sink comp="158" pin=0"/></net>

<net id="164"><net_src comp="44" pin="0"/><net_sink comp="158" pin=1"/></net>

<net id="170"><net_src comp="109" pin="3"/><net_sink comp="165" pin=0"/></net>

<net id="176"><net_src comp="116" pin="3"/><net_sink comp="171" pin=0"/></net>

<net id="182"><net_src comp="123" pin="3"/><net_sink comp="177" pin=0"/></net>

<net id="188"><net_src comp="130" pin="3"/><net_sink comp="183" pin=0"/></net>

<net id="194"><net_src comp="137" pin="3"/><net_sink comp="189" pin=0"/></net>

<net id="200"><net_src comp="144" pin="3"/><net_sink comp="195" pin=0"/></net>

<net id="206"><net_src comp="151" pin="3"/><net_sink comp="201" pin=0"/></net>

<net id="212"><net_src comp="158" pin="3"/><net_sink comp="207" pin=0"/></net>

<net id="221"><net_src comp="30" pin="0"/><net_sink comp="217" pin=0"/></net>

<net id="226"><net_src comp="96" pin="2"/><net_sink comp="222" pin=0"/></net>

<net id="234"><net_src comp="227" pin="1"/><net_sink comp="230" pin=0"/></net>

<net id="235"><net_src comp="32" pin="0"/><net_sink comp="230" pin=1"/></net>

<net id="240"><net_src comp="227" pin="1"/><net_sink comp="236" pin=0"/></net>

<net id="241"><net_src comp="34" pin="0"/><net_sink comp="236" pin=1"/></net>

<net id="245"><net_src comp="227" pin="1"/><net_sink comp="242" pin=0"/></net>

<net id="252"><net_src comp="36" pin="0"/><net_sink comp="246" pin=0"/></net>

<net id="253"><net_src comp="227" pin="1"/><net_sink comp="246" pin=1"/></net>

<net id="254"><net_src comp="38" pin="0"/><net_sink comp="246" pin=2"/></net>

<net id="255"><net_src comp="40" pin="0"/><net_sink comp="246" pin=3"/></net>

<net id="261"><net_src comp="42" pin="0"/><net_sink comp="256" pin=0"/></net>

<net id="262"><net_src comp="90" pin="2"/><net_sink comp="256" pin=1"/></net>

<net id="263"><net_src comp="246" pin="4"/><net_sink comp="256" pin=2"/></net>

<net id="267"><net_src comp="256" pin="3"/><net_sink comp="264" pin=0"/></net>

<net id="268"><net_src comp="264" pin="1"/><net_sink comp="109" pin=2"/></net>

<net id="269"><net_src comp="264" pin="1"/><net_sink comp="116" pin=2"/></net>

<net id="270"><net_src comp="264" pin="1"/><net_sink comp="123" pin=2"/></net>

<net id="271"><net_src comp="264" pin="1"/><net_sink comp="130" pin=2"/></net>

<net id="277"><net_src comp="46" pin="0"/><net_sink comp="272" pin=0"/></net>

<net id="278"><net_src comp="246" pin="4"/><net_sink comp="272" pin=1"/></net>

<net id="279"><net_src comp="84" pin="2"/><net_sink comp="272" pin=2"/></net>

<net id="283"><net_src comp="272" pin="3"/><net_sink comp="280" pin=0"/></net>

<net id="284"><net_src comp="280" pin="1"/><net_sink comp="137" pin=2"/></net>

<net id="285"><net_src comp="280" pin="1"/><net_sink comp="144" pin=2"/></net>

<net id="286"><net_src comp="280" pin="1"/><net_sink comp="151" pin=2"/></net>

<net id="287"><net_src comp="280" pin="1"/><net_sink comp="158" pin=2"/></net>

<net id="292"><net_src comp="236" pin="2"/><net_sink comp="288" pin=0"/></net>

<net id="306"><net_src comp="48" pin="0"/><net_sink comp="293" pin=0"/></net>

<net id="307"><net_src comp="50" pin="0"/><net_sink comp="293" pin=1"/></net>

<net id="308"><net_src comp="165" pin="3"/><net_sink comp="293" pin=2"/></net>

<net id="309"><net_src comp="52" pin="0"/><net_sink comp="293" pin=3"/></net>

<net id="310"><net_src comp="171" pin="3"/><net_sink comp="293" pin=4"/></net>

<net id="311"><net_src comp="54" pin="0"/><net_sink comp="293" pin=5"/></net>

<net id="312"><net_src comp="177" pin="3"/><net_sink comp="293" pin=6"/></net>

<net id="313"><net_src comp="56" pin="0"/><net_sink comp="293" pin=7"/></net>

<net id="314"><net_src comp="183" pin="3"/><net_sink comp="293" pin=8"/></net>

<net id="315"><net_src comp="58" pin="0"/><net_sink comp="293" pin=9"/></net>

<net id="316"><net_src comp="293" pin="11"/><net_sink comp="213" pin=1"/></net>

<net id="330"><net_src comp="48" pin="0"/><net_sink comp="317" pin=0"/></net>

<net id="331"><net_src comp="50" pin="0"/><net_sink comp="317" pin=1"/></net>

<net id="332"><net_src comp="189" pin="3"/><net_sink comp="317" pin=2"/></net>

<net id="333"><net_src comp="52" pin="0"/><net_sink comp="317" pin=3"/></net>

<net id="334"><net_src comp="195" pin="3"/><net_sink comp="317" pin=4"/></net>

<net id="335"><net_src comp="54" pin="0"/><net_sink comp="317" pin=5"/></net>

<net id="336"><net_src comp="201" pin="3"/><net_sink comp="317" pin=6"/></net>

<net id="337"><net_src comp="56" pin="0"/><net_sink comp="317" pin=7"/></net>

<net id="338"><net_src comp="207" pin="3"/><net_sink comp="317" pin=8"/></net>

<net id="339"><net_src comp="58" pin="0"/><net_sink comp="317" pin=9"/></net>

<net id="340"><net_src comp="317" pin="11"/><net_sink comp="213" pin=0"/></net>

<net id="348"><net_src comp="341" pin="1"/><net_sink comp="344" pin=1"/></net>

<net id="353"><net_src comp="344" pin="2"/><net_sink comp="349" pin=0"/></net>

<net id="357"><net_src comp="354" pin="1"/><net_sink comp="102" pin=2"/></net>

<net id="361"><net_src comp="76" pin="1"/><net_sink comp="358" pin=0"/></net>

<net id="362"><net_src comp="358" pin="1"/><net_sink comp="222" pin=1"/></net>

<net id="363"><net_src comp="358" pin="1"/><net_sink comp="341" pin=0"/></net>

<net id="364"><net_src comp="358" pin="1"/><net_sink comp="349" pin=1"/></net>

<net id="365"><net_src comp="358" pin="1"/><net_sink comp="354" pin=0"/></net>

<net id="369"><net_src comp="80" pin="1"/><net_sink comp="366" pin=0"/></net>

<net id="370"><net_src comp="366" pin="1"/><net_sink comp="217" pin=1"/></net>

<net id="371"><net_src comp="366" pin="1"/><net_sink comp="227" pin=0"/></net>

<net id="372"><net_src comp="366" pin="1"/><net_sink comp="288" pin=1"/></net>

<net id="376"><net_src comp="230" pin="2"/><net_sink comp="373" pin=0"/></net>

<net id="380"><net_src comp="242" pin="1"/><net_sink comp="377" pin=0"/></net>

<net id="381"><net_src comp="377" pin="1"/><net_sink comp="293" pin=10"/></net>

<net id="382"><net_src comp="377" pin="1"/><net_sink comp="317" pin=10"/></net>

<net id="386"><net_src comp="109" pin="3"/><net_sink comp="383" pin=0"/></net>

<net id="387"><net_src comp="383" pin="1"/><net_sink comp="165" pin=0"/></net>

<net id="391"><net_src comp="116" pin="3"/><net_sink comp="388" pin=0"/></net>

<net id="392"><net_src comp="388" pin="1"/><net_sink comp="171" pin=0"/></net>

<net id="396"><net_src comp="123" pin="3"/><net_sink comp="393" pin=0"/></net>

<net id="397"><net_src comp="393" pin="1"/><net_sink comp="177" pin=0"/></net>

<net id="401"><net_src comp="130" pin="3"/><net_sink comp="398" pin=0"/></net>

<net id="402"><net_src comp="398" pin="1"/><net_sink comp="183" pin=0"/></net>

<net id="406"><net_src comp="137" pin="3"/><net_sink comp="403" pin=0"/></net>

<net id="407"><net_src comp="403" pin="1"/><net_sink comp="189" pin=0"/></net>

<net id="411"><net_src comp="144" pin="3"/><net_sink comp="408" pin=0"/></net>

<net id="412"><net_src comp="408" pin="1"/><net_sink comp="195" pin=0"/></net>

<net id="416"><net_src comp="151" pin="3"/><net_sink comp="413" pin=0"/></net>

<net id="417"><net_src comp="413" pin="1"/><net_sink comp="201" pin=0"/></net>

<net id="421"><net_src comp="158" pin="3"/><net_sink comp="418" pin=0"/></net>

<net id="422"><net_src comp="418" pin="1"/><net_sink comp="207" pin=0"/></net>

<net id="426"><net_src comp="213" pin="2"/><net_sink comp="423" pin=0"/></net>

<net id="427"><net_src comp="423" pin="1"/><net_sink comp="344" pin=0"/></net>

</net_list>

</model> 
---------------- Datapath Model END ------------------

* FSMD analyzer results:
  - Output states:
	Port: acc_1_out | {2 }
 - Input state : 
	Port: mmult_hw_Pipeline_comp_k : acc | {1 }
	Port: mmult_hw_Pipeline_comp_k : i_2 | {1 }
	Port: mmult_hw_Pipeline_comp_k : tA | {1 2 }
	Port: mmult_hw_Pipeline_comp_k : tA_1 | {1 2 }
	Port: mmult_hw_Pipeline_comp_k : tA_2 | {1 2 }
	Port: mmult_hw_Pipeline_comp_k : tA_3 | {1 2 }
	Port: mmult_hw_Pipeline_comp_k : zext_ln33 | {1 }
	Port: mmult_hw_Pipeline_comp_k : tB | {1 2 }
	Port: mmult_hw_Pipeline_comp_k : tB_1 | {1 2 }
	Port: mmult_hw_Pipeline_comp_k : tB_2 | {1 2 }
	Port: mmult_hw_Pipeline_comp_k : tB_3 | {1 2 }
  - Chain level:
	State 1
		store_ln35 : 1
		k_1 : 1
		icmp_ln35 : 2
		add_ln35 : 2
		br_ln35 : 3
		trunc_ln35 : 2
		lshr_ln5 : 2
		tmp_s : 3
		zext_ln37 : 4
		tA_addr : 5
		tA_1_addr : 5
		tA_2_addr : 5
		tA_3_addr : 5
		add_ln : 3
		zext_ln37_1 : 4
		tB_addr : 5
		tB_1_addr : 5
		tB_2_addr : 5
		tB_3_addr : 5
		tA_load : 6
		tA_1_load : 6
		tA_2_load : 6
		tA_3_load : 6
		tB_load : 6
		tB_1_load : 6
		tB_2_load : 6
		tB_3_load : 6
		store_ln35 : 3
	State 2
		tmp_1 : 1
		tmp_2 : 1
		mul_ln37 : 2
		write_ln0 : 1
	State 3
		acc_2 : 1
		store_ln34 : 2


============================================================
+ Verbose Summary: Datapath Resource usage 
============================================================

* Functional unit list:
|----------|---------------------------|---------|---------|---------|
| Operation|      Functional Unit      |   DSP   |    FF   |   LUT   |
|----------|---------------------------|---------|---------|---------|
|    add   |      add_ln35_fu_236      |    0    |    0    |    12   |
|          |        acc_2_fu_344       |    0    |    0    |    39   |
|----------|---------------------------|---------|---------|---------|
| sparsemux|        tmp_1_fu_293       |    0    |    0    |    20   |
|          |        tmp_2_fu_317       |    0    |    0    |    20   |
|----------|---------------------------|---------|---------|---------|
|    mul   |      mul_ln37_fu_213      |    3    |    0    |    20   |
|----------|---------------------------|---------|---------|---------|
|   icmp   |      icmp_ln35_fu_230     |    0    |    0    |    12   |
|----------|---------------------------|---------|---------|---------|
|          | zext_ln33_read_read_fu_84 |    0    |    0    |    0    |
|   read   |    i_2_read_read_fu_90    |    0    |    0    |    0    |
|          |    acc_read_read_fu_96    |    0    |    0    |    0    |
|----------|---------------------------|---------|---------|---------|
|   write  |   write_ln0_write_fu_102  |    0    |    0    |    0    |
|----------|---------------------------|---------|---------|---------|
|   trunc  |     trunc_ln35_fu_242     |    0    |    0    |    0    |
|----------|---------------------------|---------|---------|---------|
|partselect|      lshr_ln5_fu_246      |    0    |    0    |    0    |
|----------|---------------------------|---------|---------|---------|
|bitconcatenate|        tmp_s_fu_256       |    0    |    0    |    0    |
|          |       add_ln_fu_272       |    0    |    0    |    0    |
|----------|---------------------------|---------|---------|---------|
|   zext   |      zext_ln37_fu_264     |    0    |    0    |    0    |
|          |     zext_ln37_1_fu_280    |    0    |    0    |    0    |
|----------|---------------------------|---------|---------|---------|
|   Total  |                           |    3    |    0    |   123   |
|----------|---------------------------|---------|---------|---------|

Memories:
N/A

* Register list:
+------------------+--------+
|                  |   FF   |
+------------------+--------+
|   acc_1_reg_358  |   32   |
| icmp_ln35_reg_373|    1   |
|     k_reg_366    |    5   |
| mul_ln37_reg_423 |   32   |
| tA_1_addr_reg_388|    6   |
| tA_2_addr_reg_393|    6   |
| tA_3_addr_reg_398|    6   |
|  tA_addr_reg_383 |    6   |
| tB_1_addr_reg_408|    6   |
| tB_2_addr_reg_413|    6   |
| tB_3_addr_reg_418|    6   |
|  tB_addr_reg_403 |    6   |
|trunc_ln35_reg_377|    2   |
+------------------+--------+
|       Total      |   120  |
+------------------+--------+

* Multiplexer (MUX) list: 
|-------------------|------|------|------|--------||---------||---------||---------|
|        Comp       |  Pin | Size |  BW  | S x BW ||  Delay  ||    FF   ||   LUT   |
|-------------------|------|------|------|--------||---------||---------||---------|
| grp_access_fu_165 |  p0  |   2  |   6  |   12   ||    0    ||    9    |
| grp_access_fu_171 |  p0  |   2  |   6  |   12   ||    0    ||    9    |
| grp_access_fu_177 |  p0  |   2  |   6  |   12   ||    0    ||    9    |
| grp_access_fu_183 |  p0  |   2  |   6  |   12   ||    0    ||    9    |
| grp_access_fu_189 |  p0  |   2  |   6  |   12   ||    0    ||    9    |
| grp_access_fu_195 |  p0  |   2  |   6  |   12   ||    0    ||    9    |
| grp_access_fu_201 |  p0  |   2  |   6  |   12   ||    0    ||    9    |
| grp_access_fu_207 |  p0  |   2  |   6  |   12   ||    0    ||    9    |
|-------------------|------|------|------|--------||---------||---------||---------|
|       Total       |      |      |      |   96   ||  3.912  ||    0    ||    72   |
|-------------------|------|------|------|--------||---------||---------||---------|



* Summary:
+-----------+--------+--------+--------+--------+
|           |   DSP  |  Delay |   FF   |   LUT  |
+-----------+--------+--------+--------+--------+
|  Function |    3   |    -   |    0   |   123  |
|   Memory  |    -   |    -   |    -   |    -   |
|Multiplexer|    -   |    3   |    0   |   72   |
|  Register |    -   |    -   |   120  |    -   |
+-----------+--------+--------+--------+--------+
|   Total   |    3   |    3   |   120  |   195  |
+-----------+--------+--------+--------+--------+
