

================================================================
== Vitis HLS Report for 'mmult_hw'
================================================================
* Date:           Mon Feb 23 00:37:46 2026

* Version:        2024.1 (Build 5069499 on May 21 2024)
* Project:        matmul_D12_Tiled_AP
* Solution:       hls (Vivado IP Flow Target)
* Product family: zynquplus
* Target device:  xczu3eg-sbva484-1-e


================================================================
== Performance Estimates
================================================================
+ Timing: 
    * Summary: 
    +--------+----------+----------+------------+
    |  Clock |  Target  | Estimated| Uncertainty|
    +--------+----------+----------+------------+
    |ap_clk  |  10.00 ns|  7.300 ns|     2.70 ns|
    +--------+----------+----------+------------+

+ Latency: 
    * Summary: 
    +---------+---------+-----------+-----------+---------+---------+---------+
    |  Latency (cycles) |   Latency (absolute)  |      Interval     | Pipeline|
    |   min   |   max   |    min    |    max    |   min   |   max   |   Type  |
    +---------+---------+-----------+-----------+---------+---------+---------+
    |  3460945|  3460945|  34.609 ms|  34.609 ms|  3460946|  3460946|       no|
    +---------+---------+-----------+-----------+---------+---------+---------+

    + Detail: 
        * Instance: 
        N/A

        * Loop: 
        +-----------------+---------+---------+----------+-----------+-----------+------+----------+
        |                 |  Latency (cycles) | Iteration|  Initiation Interval  | Trip |          |
        |    Loop Name    |   min   |   max   |  Latency |  achieved |   target  | Count| Pipelined|
        +-----------------+---------+---------+----------+-----------+-----------+------+----------+
        |- tile_i         |  3460944|  3460944|    432618|          -|          -|     8|        no|
        | + tile_j        |   432616|   432616|     54077|          -|          -|     8|        no|
        |  ++ tile_k      |    53816|    53816|      6727|          -|          -|     8|        no|
        |   +++ comp_i    |     5920|     5920|       370|          -|          -|    16|        no|
        |    ++++ comp_j  |      368|      368|        23|          -|          -|    16|        no|
        +-----------------+---------+---------+----------+-----------+-----------+------+----------+

============================================================
+ Verbose Summary: Synthesis Manager
============================================================
InlineROM: 1
ExposeGlobal: 0
============================================================
+ Verbose Summary: CDFG Model
============================================================
IsTopModel: 1
ResetActiveHigh: 1
IsCombinational: 0
IsDatapathOnly: 0
HasWiredReturn: 1
HasMFsm: 0
HasVarLatency: 1
IsPipeline: 0
IsRtlPipelined: 0
IsInstanceOverlapped: 0
IsDontTouch: 0
HasImplIP: 0
IsGatedGlobalClock: 0


============================================================
+ Verbose Summary: Schedule
============================================================
* Number of FSM states : 14
* Pipeline : 0
* Dataflow Pipeline: 0

* FSM state transitions: 
1 --> 2 
2 --> 3 
3 --> 4 2 
4 --> 5 
5 --> 6 3 
6 --> 7 
7 --> 8 
8 --> 9 
9 --> 14 10 
10 --> 11 9 
11 --> 12 
12 --> 13 
13 --> 10 
14 --> 5 

* FSM state operations: 

State 1 <SV = 0> <Delay = 1.00>
ST_1 : Operation 15 [1/1] (0.00ns)   --->   "%ti = alloca i32 1" [mmult_baseline.cpp:19]   --->   Operation 15 'alloca' 'ti' <Predicate = true> <Delay = 0.00>
ST_1 : Operation 16 [1/1] (1.00ns)   --->   "%dim_read = read i32 @_ssdm_op_Read.s_axilite.i32, i32 %dim"   --->   Operation 16 'read' 'dim_read' <Predicate = true> <Delay = 1.00> <CoreInst = "s_axilite">   --->   Core 120 's_axilite' <Latency = 0> <II = 1> <Delay = 1.00> <Adapter> <Opcode : 'read' 'write'>
ST_1 : Operation 17 [1/1] (1.00ns)   --->   "%out_r_read = read i64 @_ssdm_op_Read.s_axilite.i64, i64 %out_r"   --->   Operation 17 'read' 'out_r_read' <Predicate = true> <Delay = 1.00> <CoreInst = "s_axilite">   --->   Core 120 's_axilite' <Latency = 0> <II = 1> <Delay = 1.00> <Adapter> <Opcode : 'read' 'write'>
ST_1 : Operation 18 [1/1] (1.00ns)   --->   "%in2_read = read i64 @_ssdm_op_Read.s_axilite.i64, i64 %in2"   --->   Operation 18 'read' 'in2_read' <Predicate = true> <Delay = 1.00> <CoreInst = "s_axilite">   --->   Core 120 's_axilite' <Latency = 0> <II = 1> <Delay = 1.00> <Adapter> <Opcode : 'read' 'write'>
ST_1 : Operation 19 [1/1] (1.00ns)   --->   "%in1_read = read i64 @_ssdm_op_Read.s_axilite.i64, i64 %in1"   --->   Operation 19 'read' 'in1_read' <Predicate = true> <Delay = 1.00> <CoreInst = "s_axilite">   --->   Core 120 's_axilite' <Latency = 0> <II = 1> <Delay = 1.00> <Adapter> <Opcode : 'read' 'write'>
ST_1 : Operation 20 [1/1] (0.00ns)   --->   "%acc_1_loc = alloca i64 1"   --->   Operation 20 'alloca' 'acc_1_loc' <Predicate = true> <Delay = 0.00>
ST_1 : Operation 21 [1/1] (0.00ns)   --->   "%spectopmodule_ln7 = spectopmodule void @_ssdm_op_SpecTopModule, void @empty_12" [mmult_baseline.cpp:7]   --->   Operation 21 'spectopmodule' 'spectopmodule_ln7' <Predicate = true> <Delay = 0.00>
ST_1 : Operation 22 [1/1] (0.00ns)   --->   "%specinterface_ln0 = specinterface void @_ssdm_op_SpecInterface, i32 %gmem, void @empty, i32 0, i32 0, void @empty_0, i32 0, i32 16384, void @empty_1, void @empty_2, void @empty_0, i32 16, i32 16, i32 16, i32 16, void @empty_0, void @empty_0, i32 4294967295, i32 0, i32 0"   --->   Operation 22 'specinterface' 'specinterface_ln0' <Predicate = true> <Delay = 0.00>
ST_1 : Operation 23 [1/1] (0.00ns)   --->   "%specbitsmap_ln0 = specbitsmap void @_ssdm_op_SpecBitsMap, i32 %gmem"   --->   Operation 23 'specbitsmap' 'specbitsmap_ln0' <Predicate = true> <Delay = 0.00>
ST_1 : Operation 24 [1/1] (0.00ns)   --->   "%specinterface_ln0 = specinterface void @_ssdm_op_SpecInterface, i64 %in1, void @empty_3, i32 0, i32 0, void @empty_0, i32 0, i32 0, void @empty_4, void @empty_5, void @empty_0, i32 0, i32 0, i32 0, i32 0, void @empty_0, void @empty_6, i32 4294967295, i32 0, i32 0"   --->   Operation 24 'specinterface' 'specinterface_ln0' <Predicate = true> <Delay = 0.00>
ST_1 : Operation 25 [1/1] (0.00ns)   --->   "%specinterface_ln0 = specinterface void @_ssdm_op_SpecInterface, i64 %in1, void @empty_7, i32 0, i32 0, void @empty_0, i32 0, i32 0, void @empty_0, void @empty_0, void @empty_0, i32 0, i32 0, i32 0, i32 0, void @empty_0, void @empty_6, i32 4294967295, i32 0, i32 0"   --->   Operation 25 'specinterface' 'specinterface_ln0' <Predicate = true> <Delay = 0.00>
ST_1 : Operation 26 [1/1] (0.00ns)   --->   "%specinterface_ln0 = specinterface void @_ssdm_op_SpecInterface, i64 %in2, void @empty_3, i32 0, i32 0, void @empty_0, i32 0, i32 0, void @empty_4, void @empty_8, void @empty_0, i32 0, i32 0, i32 0, i32 0, void @empty_0, void @empty_6, i32 4294967295, i32 0, i32 0"   --->   Operation 26 'specinterface' 'specinterface_ln0' <Predicate = true> <Delay = 0.00>
ST_1 : Operation 27 [1/1] (0.00ns)   --->   "%specinterface_ln0 = specinterface void @_ssdm_op_SpecInterface, i64 %in2, void @empty_7, i32 0, i32 0, void @empty_0, i32 0, i32 0, void @empty_0, void @empty_0, void @empty_0, i32 0, i32 0, i32 0, i32 0, void @empty_0, void @empty_6, i32 4294967295, i32 0, i32 0"   --->   Operation 27 'specinterface' 'specinterface_ln0' <Predicate = true> <Delay = 0.00>
ST_1 : Operation 28 [1/1] (0.00ns)   --->   "%specinterface_ln0 = specinterface void @_ssdm_op_SpecInterface, i64 %out_r, void @empty_3, i32 0, i32 0, void @empty_0, i32 0, i32 0, void @empty_4, void @empty_9, void @empty_0, i32 0, i32 0, i32 0, i32 0, void @empty_0, void @empty_6, i32 4294967295, i32 0, i32 0"   --->   Operation 28 'specinterface' 'specinterface_ln0' <Predicate = true> <Delay = 0.00>
ST_1 : Operation 29 [1/1] (0.00ns)   --->   "%specinterface_ln0 = specinterface void @_ssdm_op_SpecInterface, i64 %out_r, void @empty_7, i32 0, i32 0, void @empty_0, i32 0, i32 0, void @empty_0, void @empty_0, void @empty_0, i32 0, i32 0, i32 0, i32 0, void @empty_0, void @empty_6, i32 4294967295, i32 0, i32 0"   --->   Operation 29 'specinterface' 'specinterface_ln0' <Predicate = true> <Delay = 0.00>
ST_1 : Operation 30 [1/1] (0.00ns)   --->   "%specbitsmap_ln0 = specbitsmap void @_ssdm_op_SpecBitsMap, i32 %dim"   --->   Operation 30 'specbitsmap' 'specbitsmap_ln0' <Predicate = true> <Delay = 0.00>
ST_1 : Operation 31 [1/1] (0.00ns)   --->   "%specinterface_ln0 = specinterface void @_ssdm_op_SpecInterface, i32 %dim, void @empty_3, i32 4294967295, i32 4294967295, void @empty_10, i32 0, i32 0, void @empty_4, void @empty_11, void @empty_0, i32 0, i32 0, i32 0, i32 0, void @empty_0, void @empty_0, i32 4294967295, i32 0, i32 0"   --->   Operation 31 'specinterface' 'specinterface_ln0' <Predicate = true> <Delay = 0.00>
ST_1 : Operation 32 [1/1] (0.00ns)   --->   "%specinterface_ln0 = specinterface void @_ssdm_op_SpecInterface, i32 %dim, void @empty_7, i32 4294967295, i32 4294967295, void @empty_0, i32 0, i32 0, void @empty_0, void @empty_0, void @empty_0, i32 0, i32 0, i32 0, i32 0, void @empty_0, void @empty_0, i32 4294967295, i32 0, i32 0"   --->   Operation 32 'specinterface' 'specinterface_ln0' <Predicate = true> <Delay = 0.00>
ST_1 : Operation 33 [1/1] (0.00ns)   --->   "%specinterface_ln0 = specinterface void @_ssdm_op_SpecInterface, i32 0, void @empty_3, i32 0, i32 0, void @empty_0, i32 0, i32 0, void @empty_4, void @empty_0, void @empty_0, i32 0, i32 0, i32 0, i32 0, void @empty_0, void @empty_0, i32 4294967295, i32 0, i32 0"   --->   Operation 33 'specinterface' 'specinterface_ln0' <Predicate = true> <Delay = 0.00>
ST_1 : Operation 34 [1/1] (0.00ns)   --->   "%tA = alloca i64 1" [mmult_baseline.cpp:15]   --->   Operation 34 'alloca' 'tA' <Predicate = true> <Delay = 0.00>
ST_1 : Operation 35 [1/1] (0.00ns)   --->   "%tA_1 = alloca i64 1" [mmult_baseline.cpp:15]   --->   Operation 35 'alloca' 'tA_1' <Predicate = true> <Delay = 0.00>
ST_1 : Operation 36 [1/1] (0.00ns)   --->   "%tA_2 = alloca i64 1" [mmult_baseline.cpp:15]   --->   Operation 36 'alloca' 'tA_2' <Predicate = true> <Delay = 0.00>
ST_1 : Operation 37 [1/1] (0.00ns)   --->   "%tA_3 = alloca i64 1" [mmult_baseline.cpp:15]   --->   Operation 37 'alloca' 'tA_3' <Predicate = true> <Delay = 0.00>
ST_1 : Operation 38 [1/1] (0.00ns)   --->   "%tB = alloca i64 1" [mmult_baseline.cpp:15]   --->   Operation 38 'alloca' 'tB' <Predicate = true> <Delay = 0.00>
ST_1 : Operation 39 [1/1] (0.00ns)   --->   "%tB_1 = alloca i64 1" [mmult_baseline.cpp:15]   --->   Operation 39 'alloca' 'tB_1' <Predicate = true> <Delay = 0.00>
ST_1 : Operation 40 [1/1] (0.00ns)   --->   "%tB_2 = alloca i64 1" [mmult_baseline.cpp:15]   --->   Operation 40 'alloca' 'tB_2' <Predicate = true> <Delay = 0.00>
ST_1 : Operation 41 [1/1] (0.00ns)   --->   "%tB_3 = alloca i64 1" [mmult_baseline.cpp:15]   --->   Operation 41 'alloca' 'tB_3' <Predicate = true> <Delay = 0.00>
ST_1 : Operation 42 [1/1] (0.00ns)   --->   "%tC = alloca i64 1" [mmult_baseline.cpp:15]   --->   Operation 42 'alloca' 'tC' <Predicate = true> <Delay = 0.00> <CoreInst = "RAM">   --->   Core 82 'RAM' <Latency = 1> <II = 1> <Delay = 1.35> <Storage> <Opcode : 'load' 'store'> <Ports = 2> <Width = 32> <Depth = 64> <RAM>
ST_1 : Operation 43 [1/1] (0.00ns)   --->   "%tC_1 = alloca i64 1" [mmult_baseline.cpp:15]   --->   Operation 43 'alloca' 'tC_1' <Predicate = true> <Delay = 0.00> <CoreInst = "RAM">   --->   Core 82 'RAM' <Latency = 1> <II = 1> <Delay = 1.35> <Storage> <Opcode : 'load' 'store'> <Ports = 2> <Width = 32> <Depth = 64> <RAM>
ST_1 : Operation 44 [1/1] (0.00ns)   --->   "%tC_2 = alloca i64 1" [mmult_baseline.cpp:15]   --->   Operation 44 'alloca' 'tC_2' <Predicate = true> <Delay = 0.00> <CoreInst = "RAM">   --->   Core 82 'RAM' <Latency = 1> <II = 1> <Delay = 1.35> <Storage> <Opcode : 'load' 'store'> <Ports = 2> <Width = 32> <Depth = 64> <RAM>
ST_1 : Operation 45 [1/1] (0.00ns)   --->   "%tC_3 = alloca i64 1" [mmult_baseline.cpp:15]   --->   Operation 45 'alloca' 'tC_3' <Predicate = true> <Delay = 0.00> <CoreInst = "RAM">   --->   Core 82 'RAM' <Latency = 1> <II = 1> <Delay = 1.35> <Storage> <Opcode : 'load' 'store'> <Ports = 2> <Width = 32> <Depth = 64> <RAM>
ST_1 : Operation 46 [1/1] (0.00ns)   --->   "%sext_ln19 = sext i32 %dim_read" [mmult_baseline.cpp:19]   --->   Operation 46 'sext' 'sext_ln19' <Predicate = true> <Delay = 0.00>
ST_1 : Operation 47 [1/1] (0.48ns)   --->   "%store_ln19 = store i4 0, i4 %ti" [mmult_baseline.cpp:19]   --->   Operation 47 'store' 'store_ln19' <Predicate = true> <Delay = 0.48>
ST_1 : Operation 48 [1/1] (0.00ns)   --->   "%br_ln19 = br void %tile_j" [mmult_baseline.cpp:19]   --->   Operation 48 'br' 'br_ln19' <Predicate = true> <Delay = 0.00>

State 2 <SV = 1> <Delay = 3.88>
ST_2 : Operation 49 [1/1] (0.00ns)   --->   "%ti_1 = load i4 %ti"   --->   Operation 49 'load' 'ti_1' <Predicate = true> <Delay = 0.00>
ST_2 : Operation 50 [1/1] (0.86ns)   --->   "%icmp_ln19 = icmp_eq  i4 %ti_1, i4 8" [mmult_baseline.cpp:19]   --->   Operation 50 'icmp' 'icmp_ln19' <Predicate = true> <Delay = 0.86> <CoreInst = "Cmp">   --->   Core 9 'Cmp' <Latency = 0> <II = 1> <Delay = 0.86> <FuncUnit> <Opcode : 'seteq' 'setne' 'setle' 'setge' 'setlt' 'setgt'> <InPorts = 2> <OutPorts = 1>
ST_2 : Operation 51 [1/1] (0.86ns)   --->   "%add_ln19 = add i4 %ti_1, i4 1" [mmult_baseline.cpp:19]   --->   Operation 51 'add' 'add_ln19' <Predicate = true> <Delay = 0.86> <CoreInst = "Adder">   --->   Core 1 'Adder' <Latency = 0> <II = 1> <Delay = 0.86> <FuncUnit> <Opcode : 'add' 'sub'> <InPorts = 2> <OutPorts = 1>
ST_2 : Operation 52 [1/1] (0.00ns)   --->   "%br_ln19 = br i1 %icmp_ln19, void %tile_j.split, void %for.end153" [mmult_baseline.cpp:19]   --->   Operation 52 'br' 'br_ln19' <Predicate = true> <Delay = 0.00>
ST_2 : Operation 53 [1/1] (0.00ns)   --->   "%speclooptripcount_ln19 = speclooptripcount void @_ssdm_op_SpecLoopTripCount, i64 8, i64 8, i64 8" [mmult_baseline.cpp:19]   --->   Operation 53 'speclooptripcount' 'speclooptripcount_ln19' <Predicate = (!icmp_ln19)> <Delay = 0.00>
ST_2 : Operation 54 [1/1] (0.00ns)   --->   "%specloopname_ln19 = specloopname void @_ssdm_op_SpecLoopName, void @empty_18" [mmult_baseline.cpp:19]   --->   Operation 54 'specloopname' 'specloopname_ln19' <Predicate = (!icmp_ln19)> <Delay = 0.00>
ST_2 : Operation 55 [1/1] (0.00ns)   --->   "%empty = trunc i4 %ti_1"   --->   Operation 55 'trunc' 'empty' <Predicate = (!icmp_ln19)> <Delay = 0.00>
ST_2 : Operation 56 [1/1] (0.00ns)   --->   "%ti_cast_cast = zext i3 %empty"   --->   Operation 56 'zext' 'ti_cast_cast' <Predicate = (!icmp_ln19)> <Delay = 0.00>
ST_2 : Operation 57 [1/1] (3.88ns)   --->   "%empty_36 = mul i35 %ti_cast_cast, i35 %sext_ln19" [mmult_baseline.cpp:19]   --->   Operation 57 'mul' 'empty_36' <Predicate = (!icmp_ln19)> <Delay = 3.88> <CoreInst = "Multiplier">   --->   Core 3 'Multiplier' <Latency = 0> <II = 1> <Delay = 3.88> <FuncUnit> <Opcode : 'mul'> <InPorts = 2> <OutPorts = 1>
ST_2 : Operation 58 [1/1] (0.00ns)   --->   "%tmp_3 = bitconcatenate i39 @_ssdm_op_BitConcatenate.i39.i35.i4, i35 %empty_36, i4 0" [mmult_baseline.cpp:19]   --->   Operation 58 'bitconcatenate' 'tmp_3' <Predicate = (!icmp_ln19)> <Delay = 0.00>
ST_2 : Operation 59 [1/1] (0.48ns)   --->   "%br_ln20 = br void %init_i" [mmult_baseline.cpp:20]   --->   Operation 59 'br' 'br_ln20' <Predicate = (!icmp_ln19)> <Delay = 0.48>
ST_2 : Operation 60 [1/1] (0.00ns)   --->   "%ret_ln47 = ret" [mmult_baseline.cpp:47]   --->   Operation 60 'ret' 'ret_ln47' <Predicate = (icmp_ln19)> <Delay = 0.00>

State 3 <SV = 2> <Delay = 1.35>
ST_3 : Operation 61 [1/1] (0.00ns)   --->   "%tj = phi i4 0, void %tile_j.split, i4 %add_ln20, void %for.inc148" [mmult_baseline.cpp:20]   --->   Operation 61 'phi' 'tj' <Predicate = true> <Delay = 0.00>
ST_3 : Operation 62 [1/1] (0.86ns)   --->   "%icmp_ln20 = icmp_eq  i4 %tj, i4 8" [mmult_baseline.cpp:20]   --->   Operation 62 'icmp' 'icmp_ln20' <Predicate = true> <Delay = 0.86> <CoreInst = "Cmp">   --->   Core 9 'Cmp' <Latency = 0> <II = 1> <Delay = 0.86> <FuncUnit> <Opcode : 'seteq' 'setne' 'setle' 'setge' 'setlt' 'setgt'> <InPorts = 2> <OutPorts = 1>
ST_3 : Operation 63 [1/1] (0.86ns)   --->   "%add_ln20 = add i4 %tj, i4 1" [mmult_baseline.cpp:20]   --->   Operation 63 'add' 'add_ln20' <Predicate = true> <Delay = 0.86> <CoreInst = "Adder">   --->   Core 1 'Adder' <Latency = 0> <II = 1> <Delay = 0.86> <FuncUnit> <Opcode : 'add' 'sub'> <InPorts = 2> <OutPorts = 1>
ST_3 : Operation 64 [1/1] (0.00ns)   --->   "%br_ln20 = br i1 %icmp_ln20, void %init_i.split, void %for.inc151" [mmult_baseline.cpp:20]   --->   Operation 64 'br' 'br_ln20' <Predicate = true> <Delay = 0.00>
ST_3 : Operation 65 [2/2] (0.00ns)   --->   "%call_ln0 = call void @mmult_hw_Pipeline_init_i_init_j, i32 %tC, i32 %tC_1, i32 %tC_2, i32 %tC_3"   --->   Operation 65 'call' 'call_ln0' <Predicate = (!icmp_ln20)> <Delay = 0.00> <CoreType = "Generic">   --->   Core 0 '' <Latency = 0> <II = 1> <Delay = 1.00> <Generic> <Opcode : >
ST_3 : Operation 66 [1/1] (0.00ns)   --->   "%trunc_ln21 = trunc i4 %tj" [mmult_baseline.cpp:21]   --->   Operation 66 'trunc' 'trunc_ln21' <Predicate = (!icmp_ln20)> <Delay = 0.00>
ST_3 : Operation 67 [1/1] (0.48ns)   --->   "%store_ln19 = store i4 %add_ln19, i4 %ti" [mmult_baseline.cpp:19]   --->   Operation 67 'store' 'store_ln19' <Predicate = (icmp_ln20)> <Delay = 0.48>
ST_3 : Operation 68 [1/1] (0.00ns)   --->   "%br_ln19 = br void %tile_j" [mmult_baseline.cpp:19]   --->   Operation 68 'br' 'br_ln19' <Predicate = (icmp_ln20)> <Delay = 0.00>

State 4 <SV = 3> <Delay = 1.89>
ST_4 : Operation 69 [1/1] (0.00ns)   --->   "%speclooptripcount_ln20 = speclooptripcount void @_ssdm_op_SpecLoopTripCount, i64 8, i64 8, i64 8" [mmult_baseline.cpp:20]   --->   Operation 69 'speclooptripcount' 'speclooptripcount_ln20' <Predicate = true> <Delay = 0.00>
ST_4 : Operation 70 [1/1] (0.00ns)   --->   "%specloopname_ln20 = specloopname void @_ssdm_op_SpecLoopName, void @empty_17" [mmult_baseline.cpp:20]   --->   Operation 70 'specloopname' 'specloopname_ln20' <Predicate = true> <Delay = 0.00>
ST_4 : Operation 71 [1/2] (1.89ns)   --->   "%call_ln0 = call void @mmult_hw_Pipeline_init_i_init_j, i32 %tC, i32 %tC_1, i32 %tC_2, i32 %tC_3"   --->   Operation 71 'call' 'call_ln0' <Predicate = true> <Delay = 1.89> <CoreType = "Generic">   --->   Core 0 '' <Latency = 0> <II = 1> <Delay = 1.00> <Generic> <Opcode : >
ST_4 : Operation 72 [1/1] (0.00ns)   --->   "%shl_ln = bitconcatenate i7 @_ssdm_op_BitConcatenate.i7.i3.i4, i3 %trunc_ln21, i4 0" [mmult_baseline.cpp:21]   --->   Operation 72 'bitconcatenate' 'shl_ln' <Predicate = true> <Delay = 0.00>
ST_4 : Operation 73 [1/1] (0.48ns)   --->   "%br_ln25 = br void %load_a" [mmult_baseline.cpp:25]   --->   Operation 73 'br' 'br_ln25' <Predicate = true> <Delay = 0.48>

State 5 <SV = 4> <Delay = 3.88>
ST_5 : Operation 74 [1/1] (0.00ns)   --->   "%tk = phi i4 0, void %init_i.split, i4 %add_ln25, void %for.inc139.preheader" [mmult_baseline.cpp:25]   --->   Operation 74 'phi' 'tk' <Predicate = true> <Delay = 0.00>
ST_5 : Operation 75 [1/1] (0.86ns)   --->   "%icmp_ln25 = icmp_eq  i4 %tk, i4 8" [mmult_baseline.cpp:25]   --->   Operation 75 'icmp' 'icmp_ln25' <Predicate = true> <Delay = 0.86> <CoreInst = "Cmp">   --->   Core 9 'Cmp' <Latency = 0> <II = 1> <Delay = 0.86> <FuncUnit> <Opcode : 'seteq' 'setne' 'setle' 'setge' 'setlt' 'setgt'> <InPorts = 2> <OutPorts = 1>
ST_5 : Operation 76 [1/1] (0.86ns)   --->   "%add_ln25 = add i4 %tk, i4 1" [mmult_baseline.cpp:25]   --->   Operation 76 'add' 'add_ln25' <Predicate = true> <Delay = 0.86> <CoreInst = "Adder">   --->   Core 1 'Adder' <Latency = 0> <II = 1> <Delay = 0.86> <FuncUnit> <Opcode : 'add' 'sub'> <InPorts = 2> <OutPorts = 1>
ST_5 : Operation 77 [1/1] (0.00ns)   --->   "%br_ln25 = br i1 %icmp_ln25, void %load_a.split, void %for.inc148" [mmult_baseline.cpp:25]   --->   Operation 77 'br' 'br_ln25' <Predicate = true> <Delay = 0.00>
ST_5 : Operation 78 [1/1] (0.00ns)   --->   "%empty_37 = trunc i4 %tk" [mmult_baseline.cpp:25]   --->   Operation 78 'trunc' 'empty_37' <Predicate = (!icmp_ln25)> <Delay = 0.00>
ST_5 : Operation 79 [1/1] (0.00ns)   --->   "%tmp_7 = bitconcatenate i7 @_ssdm_op_BitConcatenate.i7.i3.i4, i3 %empty_37, i4 0" [mmult_baseline.cpp:25]   --->   Operation 79 'bitconcatenate' 'tmp_7' <Predicate = (!icmp_ln25)> <Delay = 0.00>
ST_5 : Operation 80 [2/2] (0.00ns)   --->   "%call_ln19 = call void @mmult_hw_Pipeline_load_a_VITIS_LOOP_27_1, i32 %gmem, i32 %tA, i32 %tA_1, i32 %tA_2, i32 %tA_3, i32 %dim_read, i39 %tmp_3, i7 %tmp_7, i64 %in1_read" [mmult_baseline.cpp:19]   --->   Operation 80 'call' 'call_ln19' <Predicate = (!icmp_ln25)> <Delay = 0.00> <CoreType = "Generic">   --->   Core 0 '' <Latency = 0> <II = 1> <Delay = 1.00> <Generic> <Opcode : >
ST_5 : Operation 81 [1/1] (0.00ns)   --->   "%tk_cast4_cast = zext i3 %empty_37" [mmult_baseline.cpp:25]   --->   Operation 81 'zext' 'tk_cast4_cast' <Predicate = (!icmp_ln25)> <Delay = 0.00>
ST_5 : Operation 82 [1/1] (3.88ns)   --->   "%empty_38 = mul i35 %tk_cast4_cast, i35 %sext_ln19" [mmult_baseline.cpp:25]   --->   Operation 82 'mul' 'empty_38' <Predicate = (!icmp_ln25)> <Delay = 3.88> <CoreInst = "Multiplier">   --->   Core 3 'Multiplier' <Latency = 0> <II = 1> <Delay = 3.88> <FuncUnit> <Opcode : 'mul'> <InPorts = 2> <OutPorts = 1>
ST_5 : Operation 83 [1/1] (0.00ns)   --->   "%br_ln20 = br void %init_i" [mmult_baseline.cpp:20]   --->   Operation 83 'br' 'br_ln20' <Predicate = (icmp_ln25)> <Delay = 0.00>

State 6 <SV = 5> <Delay = 0.00>
ST_6 : Operation 84 [1/2] (0.00ns)   --->   "%call_ln19 = call void @mmult_hw_Pipeline_load_a_VITIS_LOOP_27_1, i32 %gmem, i32 %tA, i32 %tA_1, i32 %tA_2, i32 %tA_3, i32 %dim_read, i39 %tmp_3, i7 %tmp_7, i64 %in1_read" [mmult_baseline.cpp:19]   --->   Operation 84 'call' 'call_ln19' <Predicate = true> <Delay = 0.00> <CoreType = "Generic">   --->   Core 0 '' <Latency = 0> <II = 1> <Delay = 1.00> <Generic> <Opcode : >

State 7 <SV = 6> <Delay = 5.09>
ST_7 : Operation 85 [1/1] (0.00ns)   --->   "%tmp_8 = bitconcatenate i39 @_ssdm_op_BitConcatenate.i39.i35.i4, i35 %empty_38, i4 0" [mmult_baseline.cpp:25]   --->   Operation 85 'bitconcatenate' 'tmp_8' <Predicate = true> <Delay = 0.00>
ST_7 : Operation 86 [2/2] (5.09ns)   --->   "%call_ln21 = call void @mmult_hw_Pipeline_load_b_VITIS_LOOP_30_2, i32 %gmem, i32 %tB, i32 %tB_1, i32 %tB_2, i32 %tB_3, i32 %dim_read, i7 %shl_ln, i39 %tmp_8, i64 %in2_read" [mmult_baseline.cpp:21]   --->   Operation 86 'call' 'call_ln21' <Predicate = true> <Delay = 5.09> <CoreType = "Generic">   --->   Core 0 '' <Latency = 0> <II = 1> <Delay = 1.00> <Generic> <Opcode : >

State 8 <SV = 7> <Delay = 0.48>
ST_8 : Operation 87 [1/1] (0.00ns)   --->   "%speclooptripcount_ln25 = speclooptripcount void @_ssdm_op_SpecLoopTripCount, i64 8, i64 8, i64 8" [mmult_baseline.cpp:25]   --->   Operation 87 'speclooptripcount' 'speclooptripcount_ln25' <Predicate = true> <Delay = 0.00>
ST_8 : Operation 88 [1/1] (0.00ns)   --->   "%specloopname_ln25 = specloopname void @_ssdm_op_SpecLoopName, void @empty_16" [mmult_baseline.cpp:25]   --->   Operation 88 'specloopname' 'specloopname_ln25' <Predicate = true> <Delay = 0.00>
ST_8 : Operation 89 [1/2] (0.00ns)   --->   "%call_ln21 = call void @mmult_hw_Pipeline_load_b_VITIS_LOOP_30_2, i32 %gmem, i32 %tB, i32 %tB_1, i32 %tB_2, i32 %tB_3, i32 %dim_read, i7 %shl_ln, i39 %tmp_8, i64 %in2_read" [mmult_baseline.cpp:21]   --->   Operation 89 'call' 'call_ln21' <Predicate = true> <Delay = 0.00> <CoreType = "Generic">   --->   Core 0 '' <Latency = 0> <II = 1> <Delay = 1.00> <Generic> <Opcode : >
ST_8 : Operation 90 [1/1] (0.48ns)   --->   "%br_ln32 = br void %comp_j" [mmult_baseline.cpp:32]   --->   Operation 90 'br' 'br_ln32' <Predicate = true> <Delay = 0.48>

State 9 <SV = 8> <Delay = 1.36>
ST_9 : Operation 91 [1/1] (0.00ns)   --->   "%i = phi i5 %add_ln32, void %for.inc114, i5 0, void %load_a.split" [mmult_baseline.cpp:32]   --->   Operation 91 'phi' 'i' <Predicate = true> <Delay = 0.00>
ST_9 : Operation 92 [1/1] (0.87ns)   --->   "%icmp_ln32 = icmp_eq  i5 %i, i5 16" [mmult_baseline.cpp:32]   --->   Operation 92 'icmp' 'icmp_ln32' <Predicate = true> <Delay = 0.87> <CoreInst = "Cmp">   --->   Core 9 'Cmp' <Latency = 0> <II = 1> <Delay = 0.87> <FuncUnit> <Opcode : 'seteq' 'setne' 'setle' 'setge' 'setlt' 'setgt'> <InPorts = 2> <OutPorts = 1>
ST_9 : Operation 93 [1/1] (0.87ns)   --->   "%add_ln32 = add i5 %i, i5 1" [mmult_baseline.cpp:32]   --->   Operation 93 'add' 'add_ln32' <Predicate = true> <Delay = 0.87> <CoreInst = "Adder">   --->   Core 1 'Adder' <Latency = 0> <II = 1> <Delay = 0.87> <FuncUnit> <Opcode : 'add' 'sub'> <InPorts = 2> <OutPorts = 1>
ST_9 : Operation 94 [1/1] (0.00ns)   --->   "%br_ln32 = br i1 %icmp_ln32, void %comp_j.split, void %for.inc139.preheader" [mmult_baseline.cpp:32]   --->   Operation 94 'br' 'br_ln32' <Predicate = true> <Delay = 0.00>
ST_9 : Operation 95 [1/1] (0.00ns)   --->   "%trunc_ln32 = trunc i5 %i" [mmult_baseline.cpp:32]   --->   Operation 95 'trunc' 'trunc_ln32' <Predicate = (!icmp_ln32)> <Delay = 0.00>
ST_9 : Operation 96 [1/1] (0.00ns)   --->   "%speclooptripcount_ln32 = speclooptripcount void @_ssdm_op_SpecLoopTripCount, i64 16, i64 16, i64 16" [mmult_baseline.cpp:32]   --->   Operation 96 'speclooptripcount' 'speclooptripcount_ln32' <Predicate = (!icmp_ln32)> <Delay = 0.00>
ST_9 : Operation 97 [1/1] (0.00ns)   --->   "%specloopname_ln32 = specloopname void @_ssdm_op_SpecLoopName, void @empty_15" [mmult_baseline.cpp:32]   --->   Operation 97 'specloopname' 'specloopname_ln32' <Predicate = (!icmp_ln32)> <Delay = 0.00>
ST_9 : Operation 98 [1/1] (0.48ns)   --->   "%br_ln33 = br void %comp_k" [mmult_baseline.cpp:33]   --->   Operation 98 'br' 'br_ln33' <Predicate = (!icmp_ln32)> <Delay = 0.48>
ST_9 : Operation 99 [2/2] (0.00ns)   --->   "%call_ln19 = call void @mmult_hw_Pipeline_store_i_store_j, i32 %gmem, i32 %tC, i32 %tC_1, i32 %tC_2, i32 %tC_3, i32 %dim_read, i39 %tmp_3, i7 %shl_ln, i64 %out_r_read" [mmult_baseline.cpp:19]   --->   Operation 99 'call' 'call_ln19' <Predicate = (icmp_ln32)> <Delay = 0.00> <CoreType = "Generic">   --->   Core 0 '' <Latency = 0> <II = 1> <Delay = 1.00> <Generic> <Opcode : >

State 10 <SV = 9> <Delay = 1.35>
ST_10 : Operation 100 [1/1] (0.00ns)   --->   "%j = phi i5 0, void %comp_j.split, i5 %add_ln33, void %arrayidx882.exit" [mmult_baseline.cpp:33]   --->   Operation 100 'phi' 'j' <Predicate = true> <Delay = 0.00>
ST_10 : Operation 101 [1/1] (0.87ns)   --->   "%icmp_ln33 = icmp_eq  i5 %j, i5 16" [mmult_baseline.cpp:33]   --->   Operation 101 'icmp' 'icmp_ln33' <Predicate = true> <Delay = 0.87> <CoreInst = "Cmp">   --->   Core 9 'Cmp' <Latency = 0> <II = 1> <Delay = 0.87> <FuncUnit> <Opcode : 'seteq' 'setne' 'setle' 'setge' 'setlt' 'setgt'> <InPorts = 2> <OutPorts = 1>
ST_10 : Operation 102 [1/1] (0.87ns)   --->   "%add_ln33 = add i5 %j, i5 1" [mmult_baseline.cpp:33]   --->   Operation 102 'add' 'add_ln33' <Predicate = true> <Delay = 0.87> <CoreInst = "Adder">   --->   Core 1 'Adder' <Latency = 0> <II = 1> <Delay = 0.87> <FuncUnit> <Opcode : 'add' 'sub'> <InPorts = 2> <OutPorts = 1>
ST_10 : Operation 103 [1/1] (0.00ns)   --->   "%br_ln33 = br i1 %icmp_ln33, void %comp_k.split, void %for.inc114" [mmult_baseline.cpp:33]   --->   Operation 103 'br' 'br_ln33' <Predicate = true> <Delay = 0.00>
ST_10 : Operation 104 [1/1] (0.00ns)   --->   "%lshr_ln3 = partselect i2 @_ssdm_op_PartSelect.i2.i5.i32.i32, i5 %j, i32 2, i32 3" [mmult_baseline.cpp:33]   --->   Operation 104 'partselect' 'lshr_ln3' <Predicate = (!icmp_ln33)> <Delay = 0.00>
ST_10 : Operation 105 [1/1] (0.00ns)   --->   "%tmp_s = bitconcatenate i6 @_ssdm_op_BitConcatenate.i6.i4.i2, i4 %trunc_ln32, i2 %lshr_ln3" [mmult_baseline.cpp:34]   --->   Operation 105 'bitconcatenate' 'tmp_s' <Predicate = (!icmp_ln33)> <Delay = 0.00>
ST_10 : Operation 106 [1/1] (0.00ns)   --->   "%zext_ln34 = zext i6 %tmp_s" [mmult_baseline.cpp:34]   --->   Operation 106 'zext' 'zext_ln34' <Predicate = (!icmp_ln33)> <Delay = 0.00>
ST_10 : Operation 107 [1/1] (0.00ns)   --->   "%tC_addr = getelementptr i32 %tC, i64 0, i64 %zext_ln34" [mmult_baseline.cpp:34]   --->   Operation 107 'getelementptr' 'tC_addr' <Predicate = (!icmp_ln33)> <Delay = 0.00>
ST_10 : Operation 108 [1/1] (0.00ns)   --->   "%tC_1_addr = getelementptr i32 %tC_1, i64 0, i64 %zext_ln34" [mmult_baseline.cpp:34]   --->   Operation 108 'getelementptr' 'tC_1_addr' <Predicate = (!icmp_ln33)> <Delay = 0.00>
ST_10 : Operation 109 [1/1] (0.00ns)   --->   "%tC_2_addr = getelementptr i32 %tC_2, i64 0, i64 %zext_ln34" [mmult_baseline.cpp:34]   --->   Operation 109 'getelementptr' 'tC_2_addr' <Predicate = (!icmp_ln33)> <Delay = 0.00>
ST_10 : Operation 110 [1/1] (0.00ns)   --->   "%tC_3_addr = getelementptr i32 %tC_3, i64 0, i64 %zext_ln34" [mmult_baseline.cpp:34]   --->   Operation 110 'getelementptr' 'tC_3_addr' <Predicate = (!icmp_ln33)> <Delay = 0.00>
ST_10 : Operation 111 [2/2] (1.35ns)   --->   "%tC_load = load i6 %tC_addr" [mmult_baseline.cpp:34]   --->   Operation 111 'load' 'tC_load' <Predicate = (!icmp_ln33)> <Delay = 1.35> <CoreInst = "RAM">   --->   Core 82 'RAM' <Latency = 1> <II = 1> <Delay = 1.35> <Storage> <Opcode : 'load' 'store'> <Ports = 2> <Width = 32> <Depth = 64> <RAM>
ST_10 : Operation 112 [2/2] (1.35ns)   --->   "%tC_1_load = load i6 %tC_1_addr" [mmult_baseline.cpp:34]   --->   Operation 112 'load' 'tC_1_load' <Predicate = (!icmp_ln33)> <Delay = 1.35> <CoreInst = "RAM">   --->   Core 82 'RAM' <Latency = 1> <II = 1> <Delay = 1.35> <Storage> <Opcode : 'load' 'store'> <Ports = 2> <Width = 32> <Depth = 64> <RAM>
ST_10 : Operation 113 [2/2] (1.35ns)   --->   "%tC_2_load = load i6 %tC_2_addr" [mmult_baseline.cpp:34]   --->   Operation 113 'load' 'tC_2_load' <Predicate = (!icmp_ln33)> <Delay = 1.35> <CoreInst = "RAM">   --->   Core 82 'RAM' <Latency = 1> <II = 1> <Delay = 1.35> <Storage> <Opcode : 'load' 'store'> <Ports = 2> <Width = 32> <Depth = 64> <RAM>
ST_10 : Operation 114 [2/2] (1.35ns)   --->   "%tC_3_load = load i6 %tC_3_addr" [mmult_baseline.cpp:34]   --->   Operation 114 'load' 'tC_3_load' <Predicate = (!icmp_ln33)> <Delay = 1.35> <CoreInst = "RAM">   --->   Core 82 'RAM' <Latency = 1> <II = 1> <Delay = 1.35> <Storage> <Opcode : 'load' 'store'> <Ports = 2> <Width = 32> <Depth = 64> <RAM>
ST_10 : Operation 115 [1/1] (0.00ns)   --->   "%br_ln32 = br void %comp_j" [mmult_baseline.cpp:32]   --->   Operation 115 'br' 'br_ln32' <Predicate = (icmp_ln33)> <Delay = 0.00>

State 11 <SV = 10> <Delay = 3.30>
ST_11 : Operation 116 [1/1] (0.00ns)   --->   "%trunc_ln33 = trunc i5 %j" [mmult_baseline.cpp:33]   --->   Operation 116 'trunc' 'trunc_ln33' <Predicate = true> <Delay = 0.00>
ST_11 : Operation 117 [1/1] (0.00ns)   --->   "%trunc_ln33_1 = trunc i5 %j" [mmult_baseline.cpp:33]   --->   Operation 117 'trunc' 'trunc_ln33_1' <Predicate = true> <Delay = 0.00>
ST_11 : Operation 118 [1/2] (1.35ns)   --->   "%tC_load = load i6 %tC_addr" [mmult_baseline.cpp:34]   --->   Operation 118 'load' 'tC_load' <Predicate = true> <Delay = 1.35> <CoreInst = "RAM">   --->   Core 82 'RAM' <Latency = 1> <II = 1> <Delay = 1.35> <Storage> <Opcode : 'load' 'store'> <Ports = 2> <Width = 32> <Depth = 64> <RAM>
ST_11 : Operation 119 [1/2] (1.35ns)   --->   "%tC_1_load = load i6 %tC_1_addr" [mmult_baseline.cpp:34]   --->   Operation 119 'load' 'tC_1_load' <Predicate = true> <Delay = 1.35> <CoreInst = "RAM">   --->   Core 82 'RAM' <Latency = 1> <II = 1> <Delay = 1.35> <Storage> <Opcode : 'load' 'store'> <Ports = 2> <Width = 32> <Depth = 64> <RAM>
ST_11 : Operation 120 [1/2] (1.35ns)   --->   "%tC_2_load = load i6 %tC_2_addr" [mmult_baseline.cpp:34]   --->   Operation 120 'load' 'tC_2_load' <Predicate = true> <Delay = 1.35> <CoreInst = "RAM">   --->   Core 82 'RAM' <Latency = 1> <II = 1> <Delay = 1.35> <Storage> <Opcode : 'load' 'store'> <Ports = 2> <Width = 32> <Depth = 64> <RAM>
ST_11 : Operation 121 [1/2] (1.35ns)   --->   "%tC_3_load = load i6 %tC_3_addr" [mmult_baseline.cpp:34]   --->   Operation 121 'load' 'tC_3_load' <Predicate = true> <Delay = 1.35> <CoreInst = "RAM">   --->   Core 82 'RAM' <Latency = 1> <II = 1> <Delay = 1.35> <Storage> <Opcode : 'load' 'store'> <Ports = 2> <Width = 32> <Depth = 64> <RAM>
ST_11 : Operation 122 [1/1] (0.60ns)   --->   "%acc = sparsemux i32 @_ssdm_op_SparseMux.ap_auto.4i32.i32.i2, i2 0, i32 %tC_load, i2 1, i32 %tC_1_load, i2 2, i32 %tC_2_load, i2 3, i32 %tC_3_load, i32 0, i2 %trunc_ln33_1" [mmult_baseline.cpp:34]   --->   Operation 122 'sparsemux' 'acc' <Predicate = true> <Delay = 0.60> <CoreInst = "SparseMux">   --->   Core 144 'SparseMux' <Latency = 0> <II = 1> <Delay = 0.60> <FuncUnit> <Opcode : 'sparsemux'> <InPorts = 2> <OutPorts = 1>
ST_11 : Operation 123 [2/2] (1.35ns)   --->   "%call_ln34 = call void @mmult_hw_Pipeline_comp_k, i32 %acc, i4 %trunc_ln32, i32 %tA, i32 %tA_1, i32 %tA_2, i32 %tA_3, i4 %trunc_ln33, i32 %tB, i32 %tB_1, i32 %tB_2, i32 %tB_3, i32 %acc_1_loc" [mmult_baseline.cpp:34]   --->   Operation 123 'call' 'call_ln34' <Predicate = true> <Delay = 1.35> <CoreType = "Generic">   --->   Core 0 '' <Latency = 0> <II = 1> <Delay = 1.00> <Generic> <Opcode : >

State 12 <SV = 11> <Delay = 0.00>
ST_12 : Operation 124 [1/2] (0.00ns)   --->   "%call_ln34 = call void @mmult_hw_Pipeline_comp_k, i32 %acc, i4 %trunc_ln32, i32 %tA, i32 %tA_1, i32 %tA_2, i32 %tA_3, i4 %trunc_ln33, i32 %tB, i32 %tB_1, i32 %tB_2, i32 %tB_3, i32 %acc_1_loc" [mmult_baseline.cpp:34]   --->   Operation 124 'call' 'call_ln34' <Predicate = true> <Delay = 0.00> <CoreType = "Generic">   --->   Core 0 '' <Latency = 0> <II = 1> <Delay = 1.00> <Generic> <Opcode : >

State 13 <SV = 12> <Delay = 2.38>
ST_13 : Operation 125 [1/1] (0.00ns)   --->   "%speclooptripcount_ln33 = speclooptripcount void @_ssdm_op_SpecLoopTripCount, i64 16, i64 16, i64 16" [mmult_baseline.cpp:33]   --->   Operation 125 'speclooptripcount' 'speclooptripcount_ln33' <Predicate = true> <Delay = 0.00>
ST_13 : Operation 126 [1/1] (0.00ns)   --->   "%specloopname_ln33 = specloopname void @_ssdm_op_SpecLoopName, void @empty_14" [mmult_baseline.cpp:33]   --->   Operation 126 'specloopname' 'specloopname_ln33' <Predicate = true> <Delay = 0.00>
ST_13 : Operation 127 [1/1] (0.00ns)   --->   "%acc_1_loc_load = load i32 %acc_1_loc"   --->   Operation 127 'load' 'acc_1_loc_load' <Predicate = true> <Delay = 0.00>
ST_13 : Operation 128 [1/1] (1.03ns)   --->   "%switch_ln39 = switch i2 %trunc_ln33_1, void %arrayidx882.case.3, i2 0, void %arrayidx882.case.0, i2 1, void %arrayidx882.case.1, i2 2, void %arrayidx882.case.2" [mmult_baseline.cpp:39]   --->   Operation 128 'switch' 'switch_ln39' <Predicate = true> <Delay = 1.03>
ST_13 : Operation 129 [1/1] (1.35ns)   --->   "%store_ln39 = store i32 %acc_1_loc_load, i6 %tC_2_addr" [mmult_baseline.cpp:39]   --->   Operation 129 'store' 'store_ln39' <Predicate = (trunc_ln33_1 == 2)> <Delay = 1.35> <CoreInst = "RAM">   --->   Core 82 'RAM' <Latency = 1> <II = 1> <Delay = 1.35> <Storage> <Opcode : 'load' 'store'> <Ports = 2> <Width = 32> <Depth = 64> <RAM>
ST_13 : Operation 130 [1/1] (0.00ns)   --->   "%br_ln39 = br void %arrayidx882.exit" [mmult_baseline.cpp:39]   --->   Operation 130 'br' 'br_ln39' <Predicate = (trunc_ln33_1 == 2)> <Delay = 0.00>
ST_13 : Operation 131 [1/1] (1.35ns)   --->   "%store_ln39 = store i32 %acc_1_loc_load, i6 %tC_1_addr" [mmult_baseline.cpp:39]   --->   Operation 131 'store' 'store_ln39' <Predicate = (trunc_ln33_1 == 1)> <Delay = 1.35> <CoreInst = "RAM">   --->   Core 82 'RAM' <Latency = 1> <II = 1> <Delay = 1.35> <Storage> <Opcode : 'load' 'store'> <Ports = 2> <Width = 32> <Depth = 64> <RAM>
ST_13 : Operation 132 [1/1] (0.00ns)   --->   "%br_ln39 = br void %arrayidx882.exit" [mmult_baseline.cpp:39]   --->   Operation 132 'br' 'br_ln39' <Predicate = (trunc_ln33_1 == 1)> <Delay = 0.00>
ST_13 : Operation 133 [1/1] (1.35ns)   --->   "%store_ln39 = store i32 %acc_1_loc_load, i6 %tC_addr" [mmult_baseline.cpp:39]   --->   Operation 133 'store' 'store_ln39' <Predicate = (trunc_ln33_1 == 0)> <Delay = 1.35> <CoreInst = "RAM">   --->   Core 82 'RAM' <Latency = 1> <II = 1> <Delay = 1.35> <Storage> <Opcode : 'load' 'store'> <Ports = 2> <Width = 32> <Depth = 64> <RAM>
ST_13 : Operation 134 [1/1] (0.00ns)   --->   "%br_ln39 = br void %arrayidx882.exit" [mmult_baseline.cpp:39]   --->   Operation 134 'br' 'br_ln39' <Predicate = (trunc_ln33_1 == 0)> <Delay = 0.00>
ST_13 : Operation 135 [1/1] (1.35ns)   --->   "%store_ln39 = store i32 %acc_1_loc_load, i6 %tC_3_addr" [mmult_baseline.cpp:39]   --->   Operation 135 'store' 'store_ln39' <Predicate = (trunc_ln33_1 == 3)> <Delay = 1.35> <CoreInst = "RAM">   --->   Core 82 'RAM' <Latency = 1> <II = 1> <Delay = 1.35> <Storage> <Opcode : 'load' 'store'> <Ports = 2> <Width = 32> <Depth = 64> <RAM>
ST_13 : Operation 136 [1/1] (0.00ns)   --->   "%br_ln39 = br void %arrayidx882.exit" [mmult_baseline.cpp:39]   --->   Operation 136 'br' 'br_ln39' <Predicate = (trunc_ln33_1 == 3)> <Delay = 0.00>
ST_13 : Operation 137 [1/1] (0.00ns)   --->   "%br_ln33 = br void %comp_k" [mmult_baseline.cpp:33]   --->   Operation 137 'br' 'br_ln33' <Predicate = true> <Delay = 0.00>

State 14 <SV = 9> <Delay = 0.00>
ST_14 : Operation 138 [1/2] (0.00ns)   --->   "%call_ln19 = call void @mmult_hw_Pipeline_store_i_store_j, i32 %gmem, i32 %tC, i32 %tC_1, i32 %tC_2, i32 %tC_3, i32 %dim_read, i39 %tmp_3, i7 %shl_ln, i64 %out_r_read" [mmult_baseline.cpp:19]   --->   Operation 138 'call' 'call_ln19' <Predicate = true> <Delay = 0.00> <CoreType = "Generic">   --->   Core 0 '' <Latency = 0> <II = 1> <Delay = 1.00> <Generic> <Opcode : >
ST_14 : Operation 139 [1/1] (0.00ns)   --->   "%br_ln25 = br void %load_a" [mmult_baseline.cpp:25]   --->   Operation 139 'br' 'br_ln25' <Predicate = true> <Delay = 0.00>


============================================================
+ Verbose Summary: Timing violations
============================================================
Target clock period: 10.000ns, clock uncertainty: 2.700ns.

 <State 1>: 1.000ns
The critical path consists of the following:
	s_axi read operation ('dim_read') on port 'dim' [7]  (1.000 ns)

 <State 2>: 3.880ns
The critical path consists of the following:
	'load' operation 4 bit ('ti') on local variable 'ti', mmult_baseline.cpp:19 [41]  (0.000 ns)
	'mul' operation 35 bit ('empty_36', mmult_baseline.cpp:19) [50]  (3.880 ns)

 <State 3>: 1.357ns
The critical path consists of the following:
	'phi' operation 4 bit ('tj', mmult_baseline.cpp:20) with incoming values : ('add_ln20', mmult_baseline.cpp:20) [54]  (0.000 ns)
	'icmp' operation 1 bit ('icmp_ln20', mmult_baseline.cpp:20) [55]  (0.868 ns)
	blocking operation 0.489 ns on control path)

 <State 4>: 1.899ns
The critical path consists of the following:
	'call' operation 0 bit ('call_ln0') to 'mmult_hw_Pipeline_init_i_init_j' [61]  (1.899 ns)

 <State 5>: 3.880ns
The critical path consists of the following:
	'phi' operation 4 bit ('tk', mmult_baseline.cpp:25) with incoming values : ('add_ln25', mmult_baseline.cpp:25) [66]  (0.000 ns)
	'mul' operation 35 bit ('empty_38', mmult_baseline.cpp:25) [77]  (3.880 ns)

 <State 6>: 0.000ns
The critical path consists of the following:

 <State 7>: 5.099ns
The critical path consists of the following:
	'call' operation 0 bit ('call_ln21', mmult_baseline.cpp:21) to 'mmult_hw_Pipeline_load_b_VITIS_LOOP_30_2' [79]  (5.099 ns)

 <State 8>: 0.489ns
The critical path consists of the following:
	multiplexor before 'phi' operation 5 bit ('i', mmult_baseline.cpp:32) with incoming values : ('add_ln32', mmult_baseline.cpp:32) [82]  (0.489 ns)

 <State 9>: 1.367ns
The critical path consists of the following:
	'phi' operation 5 bit ('i', mmult_baseline.cpp:32) with incoming values : ('add_ln32', mmult_baseline.cpp:32) [82]  (0.000 ns)
	'icmp' operation 1 bit ('icmp_ln32', mmult_baseline.cpp:32) [83]  (0.878 ns)
	blocking operation 0.489 ns on control path)

 <State 10>: 1.352ns
The critical path consists of the following:
	'phi' operation 5 bit ('j', mmult_baseline.cpp:33) with incoming values : ('add_ln33', mmult_baseline.cpp:33) [92]  (0.000 ns)
	'getelementptr' operation 6 bit ('tC_addr', mmult_baseline.cpp:34) [104]  (0.000 ns)
	'load' operation 32 bit ('tC_load', mmult_baseline.cpp:34) on array 'tC', mmult_baseline.cpp:15 [108]  (1.352 ns)

 <State 11>: 3.309ns
The critical path consists of the following:
	'load' operation 32 bit ('tC_load', mmult_baseline.cpp:34) on array 'tC', mmult_baseline.cpp:15 [108]  (1.352 ns)
	'sparsemux' operation 32 bit ('acc', mmult_baseline.cpp:34) [112]  (0.605 ns)
	'call' operation 0 bit ('call_ln34', mmult_baseline.cpp:34) to 'mmult_hw_Pipeline_comp_k' [113]  (1.352 ns)

 <State 12>: 0.000ns
The critical path consists of the following:

 <State 13>: 2.389ns
The critical path consists of the following:
	'store' operation 0 bit ('store_ln39', mmult_baseline.cpp:39) of variable 'acc_1_loc_load' on array 'tC', mmult_baseline.cpp:15 [120]  (1.352 ns)
	blocking operation 1.03663 ns on control path)

 <State 14>: 0.000ns
The critical path consists of the following:


============================================================
+ Verbose Summary: Binding
============================================================
N/A
* FSMD analyzer results:
  - Output states:
 - Input state : 
  - Chain level:
	State 1
	State 2
	State 3
	State 4
	State 5
	State 6
	State 7
	State 8
	State 9
	State 10
	State 11
	State 12
	State 13
	State 14


============================================================
+ Verbose Summary: Datapath Resource usage 
============================================================
N/A
