

================================================================
== Vitis HLS Report for 'mmult_hw_Pipeline_load_b_VITIS_LOOP_30_2'
================================================================
* Date:           Mon Feb 23 00:37:45 2026

* Version:        2024.1 (Build 5069499 on May 21 2024)
* Project:        matmul_D12_Tiled_AP
* Solution:       hls (Vivado IP Flow Target)
* Product family: zynquplus
* Target device:  xczu3eg-sbva484-1-e


================================================================
== Performance Estimates
================================================================
+ Timing: 
    * Summary: 
    +--------+----------+----------+------------+
    |  Clock |  Target  | Estimated| Uncertainty|
    +--------+----------+----------+------------+
    |ap_clk  |  10.00 ns|  7.300 ns|     2.70 ns|
    +--------+----------+----------+------------+

+ Latency: 
    * Summary: 
    +---------+---------+----------+----------+-----+-----+-----------------------------------------------+
    |  Latency (cycles) |  Latency (absolute) |  Interval |                    Pipeline                   |
    |   min   |   max   |    min   |    max   | min | max |                      Type                     |
    +---------+---------+----------+----------+-----+-----+-----------------------------------------------+
    |      268|      268|  2.680 us|  2.680 us|  257|  257|  loop auto-rewind stp(delay=0 clock cycles(s))|
    +---------+---------+----------+----------+-----+-----+-----------------------------------------------+

    + Detail: 
        * Instance: 
        N/A

        * Loop: 
        +--------------------------+---------+---------+----------+-----------+-----------+------+----------+
        |                          |  Latency (cycles) | Iteration|  Initiation Interval  | Trip |          |
        |         Loop Name        |   min   |   max   |  Latency |  achieved |   target  | Count| Pipelined|
        +--------------------------+---------+---------+----------+-----------+-----------+------+----------+
        |- load_b_VITIS_LOOP_30_2  |      266|      266|        12|          1|          1|   256|       yes|
        +--------------------------+---------+---------+----------+-----------+-----------+------+----------+

============================================================
+ Verbose Summary: Synthesis Manager
============================================================
InlineROM: 1
ExposeGlobal: 0
============================================================
+ Verbose Summary: CDFG Model
============================================================
IsTopModel: 0
ResetActiveHigh: 1
IsCombinational: 0
IsDatapathOnly: 0
HasWiredReturn: 1
HasMFsm: 2
HasVarLatency: 1
IsPipeline: 0
IsRtlPipelined: 0
IsInstanceOverlapped: 0
IsDontTouch: 0
HasImplIP: 0
IsGatedGlobalClock: 0

+ Individual pipeline summary: 
  * Pipeline-0: initiation interval (II) = 1, depth = 12


============================================================
+ Verbose Summary: Schedule
============================================================
* Number of FSM states : 12
* Pipeline : 1
  Pipeline-0 : II = 1, D = 12, States = { 1 2 3 4 5 6 7 8 9 10 11 12 }
* Dataflow Pipeline: 0

* FSM state transitions: 
1 --> 2 
2 --> 3 
3 --> 4 
4 --> 5 
5 --> 6 
6 --> 7 
7 --> 8 
8 --> 9 
9 --> 10 
10 --> 11 
11 --> 12 
12 --> 

* FSM state operations: 

State 1 <SV = 0> <Delay = 6.94>
ST_1 : Operation 15 [1/1] (0.00ns)   --->   "%j = alloca i32 1" [mmult_baseline.cpp:30]   --->   Operation 15 'alloca' 'j' <Predicate = true> <Delay = 0.00>
ST_1 : Operation 16 [1/1] (0.00ns)   --->   "%k = alloca i32 1" [mmult_baseline.cpp:29]   --->   Operation 16 'alloca' 'k' <Predicate = true> <Delay = 0.00>
ST_1 : Operation 17 [1/1] (0.00ns)   --->   "%indvar_flatten13 = alloca i32 1"   --->   Operation 17 'alloca' 'indvar_flatten13' <Predicate = true> <Delay = 0.00>
ST_1 : Operation 18 [1/1] (0.00ns)   --->   "%in2_read = read i64 @_ssdm_op_Read.ap_auto.i64, i64 %in2"   --->   Operation 18 'read' 'in2_read' <Predicate = true> <Delay = 0.00>
ST_1 : Operation 19 [1/1] (0.00ns)   --->   "%tmp = read i39 @_ssdm_op_Read.ap_auto.i39, i39 %empty"   --->   Operation 19 'read' 'tmp' <Predicate = true> <Delay = 0.00>
ST_1 : Operation 20 [1/1] (0.00ns)   --->   "%zext_ln25_1_read = read i7 @_ssdm_op_Read.ap_auto.i7, i7 %zext_ln25_1"   --->   Operation 20 'read' 'zext_ln25_1_read' <Predicate = true> <Delay = 0.00>
ST_1 : Operation 21 [1/1] (0.00ns)   --->   "%sext_ln29_read = read i32 @_ssdm_op_Read.ap_auto.i32, i32 %sext_ln29"   --->   Operation 21 'read' 'sext_ln29_read' <Predicate = true> <Delay = 0.00>
ST_1 : Operation 22 [1/1] (0.00ns)   --->   "%zext_ln25_1_cast = zext i7 %zext_ln25_1_read"   --->   Operation 22 'zext' 'zext_ln25_1_cast' <Predicate = true> <Delay = 0.00>
ST_1 : Operation 23 [1/1] (0.00ns)   --->   "%sext_ln29_cast = sext i32 %sext_ln29_read"   --->   Operation 23 'sext' 'sext_ln29_cast' <Predicate = true> <Delay = 0.00>
ST_1 : Operation 24 [1/1] (0.00ns)   --->   "%p_cast = sext i39 %tmp"   --->   Operation 24 'sext' 'p_cast' <Predicate = true> <Delay = 0.00>
ST_1 : Operation 25 [1/1] (0.00ns)   --->   "%specinterface_ln0 = specinterface void @_ssdm_op_SpecInterface, i32 %gmem, void @empty, i32 0, i32 0, void @empty_0, i32 0, i32 16384, void @empty_1, void @empty_2, void @empty_0, i32 16, i32 16, i32 16, i32 16, void @empty_0, void @empty_0, i32 4294967295, i32 0, i32 0"   --->   Operation 25 'specinterface' 'specinterface_ln0' <Predicate = true> <Delay = 0.00>
ST_1 : Operation 26 [1/1] (0.48ns)   --->   "%store_ln0 = store i9 0, i9 %indvar_flatten13"   --->   Operation 26 'store' 'store_ln0' <Predicate = true> <Delay = 0.48>
ST_1 : Operation 27 [1/1] (0.48ns)   --->   "%store_ln29 = store i5 0, i5 %k" [mmult_baseline.cpp:29]   --->   Operation 27 'store' 'store_ln29' <Predicate = true> <Delay = 0.48>
ST_1 : Operation 28 [1/1] (0.48ns)   --->   "%store_ln30 = store i5 0, i5 %j" [mmult_baseline.cpp:30]   --->   Operation 28 'store' 'store_ln30' <Predicate = true> <Delay = 0.48>
ST_1 : Operation 29 [1/1] (0.00ns)   --->   "%br_ln0 = br void %for.inc69"   --->   Operation 29 'br' 'br_ln0' <Predicate = true> <Delay = 0.00>
ST_1 : Operation 30 [1/1] (0.00ns)   --->   "%indvar_flatten13_load = load i9 %indvar_flatten13" [mmult_baseline.cpp:29]   --->   Operation 30 'load' 'indvar_flatten13_load' <Predicate = true> <Delay = 0.00>
ST_1 : Operation 31 [1/1] (0.00ns)   --->   "%specbitsmap_ln0 = specbitsmap void @_ssdm_op_SpecBitsMap, i32 %gmem"   --->   Operation 31 'specbitsmap' 'specbitsmap_ln0' <Predicate = true> <Delay = 0.00>
ST_1 : Operation 32 [1/1] (0.92ns)   --->   "%icmp_ln29 = icmp_eq  i9 %indvar_flatten13_load, i9 256" [mmult_baseline.cpp:29]   --->   Operation 32 'icmp' 'icmp_ln29' <Predicate = true> <Delay = 0.92> <CoreInst = "Cmp">   --->   Core 9 'Cmp' <Latency = 0> <II = 1> <Delay = 0.92> <FuncUnit> <Opcode : 'seteq' 'setne' 'setle' 'setge' 'setlt' 'setgt'> <InPorts = 2> <OutPorts = 1>
ST_1 : Operation 33 [1/1] (0.92ns)   --->   "%add_ln29_4 = add i9 %indvar_flatten13_load, i9 1" [mmult_baseline.cpp:29]   --->   Operation 33 'add' 'add_ln29_4' <Predicate = true> <Delay = 0.92> <CoreInst = "Adder">   --->   Core 1 'Adder' <Latency = 0> <II = 1> <Delay = 0.92> <FuncUnit> <Opcode : 'add' 'sub'> <InPorts = 2> <OutPorts = 1>
ST_1 : Operation 34 [1/1] (0.00ns)   --->   "%br_ln29 = br i1 %icmp_ln29, void %for.inc72, void %comp_j.preheader.exitStub" [mmult_baseline.cpp:29]   --->   Operation 34 'br' 'br_ln29' <Predicate = true> <Delay = 0.00>
ST_1 : Operation 35 [1/1] (0.00ns)   --->   "%j_load = load i5 %j" [mmult_baseline.cpp:30]   --->   Operation 35 'load' 'j_load' <Predicate = (!icmp_ln29)> <Delay = 0.00>
ST_1 : Operation 36 [1/1] (0.00ns)   --->   "%k_load = load i5 %k" [mmult_baseline.cpp:29]   --->   Operation 36 'load' 'k_load' <Predicate = (!icmp_ln29)> <Delay = 0.00>
ST_1 : Operation 37 [1/1] (0.87ns)   --->   "%add_ln29_2 = add i5 %k_load, i5 1" [mmult_baseline.cpp:29]   --->   Operation 37 'add' 'add_ln29_2' <Predicate = (!icmp_ln29)> <Delay = 0.87> <CoreInst = "Adder">   --->   Core 1 'Adder' <Latency = 0> <II = 1> <Delay = 0.87> <FuncUnit> <Opcode : 'add' 'sub'> <InPorts = 2> <OutPorts = 1>
ST_1 : Operation 38 [1/1] (0.87ns)   --->   "%icmp_ln30 = icmp_eq  i5 %j_load, i5 16" [mmult_baseline.cpp:30]   --->   Operation 38 'icmp' 'icmp_ln30' <Predicate = (!icmp_ln29)> <Delay = 0.87> <CoreInst = "Cmp">   --->   Core 9 'Cmp' <Latency = 0> <II = 1> <Delay = 0.87> <FuncUnit> <Opcode : 'seteq' 'setne' 'setle' 'setge' 'setlt' 'setgt'> <InPorts = 2> <OutPorts = 1>
ST_1 : Operation 39 [1/1] (0.48ns)   --->   "%select_ln29 = select i1 %icmp_ln30, i5 0, i5 %j_load" [mmult_baseline.cpp:29]   --->   Operation 39 'select' 'select_ln29' <Predicate = (!icmp_ln29)> <Delay = 0.48> <CoreInst = "Sel">   --->   Core 73 'Sel' <Latency = 0> <II = 1> <Delay = 0.48> <FuncUnit> <Opcode : 'select'> <InPorts = 3> <OutPorts = 1>
ST_1 : Operation 40 [1/1] (0.48ns)   --->   "%select_ln29_1 = select i1 %icmp_ln30, i5 %add_ln29_2, i5 %k_load" [mmult_baseline.cpp:29]   --->   Operation 40 'select' 'select_ln29_1' <Predicate = (!icmp_ln29)> <Delay = 0.48> <CoreInst = "Sel">   --->   Core 73 'Sel' <Latency = 0> <II = 1> <Delay = 0.48> <FuncUnit> <Opcode : 'select'> <InPorts = 3> <OutPorts = 1>
ST_1 : Operation 41 [1/1] (0.87ns)   --->   "%first_iter_2 = icmp_eq  i5 %select_ln29, i5 0" [mmult_baseline.cpp:29]   --->   Operation 41 'icmp' 'first_iter_2' <Predicate = (!icmp_ln29)> <Delay = 0.87> <CoreInst = "Cmp">   --->   Core 9 'Cmp' <Latency = 0> <II = 1> <Delay = 0.87> <FuncUnit> <Opcode : 'seteq' 'setne' 'setle' 'setge' 'setlt' 'setgt'> <InPorts = 2> <OutPorts = 1>
ST_1 : Operation 42 [1/1] (0.00ns)   --->   "%zext_ln29 = zext i5 %select_ln29_1" [mmult_baseline.cpp:29]   --->   Operation 42 'zext' 'zext_ln29' <Predicate = (!icmp_ln29)> <Delay = 0.00>
ST_1 : Operation 43 [1/1] (3.88ns)   --->   "%mul_ln29 = mul i36 %zext_ln29, i36 %sext_ln29_cast" [mmult_baseline.cpp:29]   --->   Operation 43 'mul' 'mul_ln29' <Predicate = (!icmp_ln29)> <Delay = 3.88> <CoreInst = "Multiplier">   --->   Core 3 'Multiplier' <Latency = 0> <II = 1> <Delay = 3.88> <FuncUnit> <Opcode : 'mul'> <InPorts = 2> <OutPorts = 1>
ST_1 : Operation 44 [1/1] (1.21ns)   --->   "%add_ln29 = add i36 %zext_ln25_1_cast, i36 %mul_ln29" [mmult_baseline.cpp:29]   --->   Operation 44 'add' 'add_ln29' <Predicate = (!icmp_ln29)> <Delay = 1.21> <CoreInst = "Adder">   --->   Core 1 'Adder' <Latency = 0> <II = 1> <Delay = 1.21> <FuncUnit> <Opcode : 'add' 'sub'> <InPorts = 2> <OutPorts = 1>
ST_1 : Operation 45 [1/1] (0.00ns)   --->   "%br_ln30 = br i1 %first_iter_2, void %for.inc69.split, void %for.first.iter.for.inc69" [mmult_baseline.cpp:30]   --->   Operation 45 'br' 'br_ln30' <Predicate = (!icmp_ln29)> <Delay = 0.00>
ST_1 : Operation 46 [1/1] (0.00ns)   --->   "%trunc_ln29 = trunc i5 %select_ln29_1" [mmult_baseline.cpp:29]   --->   Operation 46 'trunc' 'trunc_ln29' <Predicate = (!icmp_ln29)> <Delay = 0.00>
ST_1 : Operation 47 [1/1] (0.00ns)   --->   "%lshr_ln2 = partselect i2 @_ssdm_op_PartSelect.i2.i5.i32.i32, i5 %select_ln29_1, i32 2, i32 3" [mmult_baseline.cpp:29]   --->   Operation 47 'partselect' 'lshr_ln2' <Predicate = (!icmp_ln29)> <Delay = 0.00>
ST_1 : Operation 48 [1/1] (0.00ns)   --->   "%tmp_s = bitconcatenate i6 @_ssdm_op_BitConcatenate.i6.i2.i4, i2 %lshr_ln2, i4 0" [mmult_baseline.cpp:31]   --->   Operation 48 'bitconcatenate' 'tmp_s' <Predicate = (!icmp_ln29)> <Delay = 0.00>
ST_1 : Operation 49 [1/1] (0.00ns)   --->   "%zext_ln31 = zext i5 %select_ln29" [mmult_baseline.cpp:31]   --->   Operation 49 'zext' 'zext_ln31' <Predicate = (!icmp_ln29)> <Delay = 0.00>
ST_1 : Operation 50 [1/1] (0.88ns)   --->   "%add_ln31 = add i6 %tmp_s, i6 %zext_ln31" [mmult_baseline.cpp:31]   --->   Operation 50 'add' 'add_ln31' <Predicate = (!icmp_ln29)> <Delay = 0.88> <CoreInst = "Adder">   --->   Core 1 'Adder' <Latency = 0> <II = 1> <Delay = 0.88> <FuncUnit> <Opcode : 'add' 'sub'> <InPorts = 2> <OutPorts = 1>
ST_1 : Operation 51 [1/1] (1.03ns)   --->   "%switch_ln31 = switch i2 %trunc_ln29, void %arrayidx686.case.3, i2 0, void %arrayidx686.case.0, i2 1, void %arrayidx686.case.1, i2 2, void %arrayidx686.case.2" [mmult_baseline.cpp:31]   --->   Operation 51 'switch' 'switch_ln31' <Predicate = (!icmp_ln29)> <Delay = 1.03>
ST_1 : Operation 52 [1/1] (0.87ns)   --->   "%add_ln30 = add i5 %select_ln29, i5 1" [mmult_baseline.cpp:30]   --->   Operation 52 'add' 'add_ln30' <Predicate = (!icmp_ln29)> <Delay = 0.87> <CoreInst = "Adder">   --->   Core 1 'Adder' <Latency = 0> <II = 1> <Delay = 0.87> <FuncUnit> <Opcode : 'add' 'sub'> <InPorts = 2> <OutPorts = 1>
ST_1 : Operation 53 [1/1] (0.48ns)   --->   "%store_ln29 = store i9 %add_ln29_4, i9 %indvar_flatten13" [mmult_baseline.cpp:29]   --->   Operation 53 'store' 'store_ln29' <Predicate = (!icmp_ln29)> <Delay = 0.48>
ST_1 : Operation 54 [1/1] (0.48ns)   --->   "%store_ln29 = store i5 %select_ln29_1, i5 %k" [mmult_baseline.cpp:29]   --->   Operation 54 'store' 'store_ln29' <Predicate = (!icmp_ln29)> <Delay = 0.48>
ST_1 : Operation 55 [1/1] (0.48ns)   --->   "%store_ln30 = store i5 %add_ln30, i5 %j" [mmult_baseline.cpp:30]   --->   Operation 55 'store' 'store_ln30' <Predicate = (!icmp_ln29)> <Delay = 0.48>
ST_1 : Operation 56 [1/1] (0.00ns)   --->   "%br_ln30 = br void %for.inc69" [mmult_baseline.cpp:30]   --->   Operation 56 'br' 'br_ln30' <Predicate = (!icmp_ln29)> <Delay = 0.00>

State 2 <SV = 1> <Delay = 2.70>
ST_2 : Operation 57 [1/1] (0.00ns)   --->   "%specloopname_ln0 = specloopname void @_ssdm_op_SpecLoopName, void @load_b_VITIS_LOOP_30_2_str"   --->   Operation 57 'specloopname' 'specloopname_ln0' <Predicate = true> <Delay = 0.00>
ST_2 : Operation 58 [1/1] (0.00ns)   --->   "%speclooptripcount_ln0 = speclooptripcount void @_ssdm_op_SpecLoopTripCount, i64 256, i64 256, i64 256"   --->   Operation 58 'speclooptripcount' 'speclooptripcount_ln0' <Predicate = true> <Delay = 0.00>
ST_2 : Operation 59 [1/1] (0.00ns)   --->   "%sext_ln29_1 = sext i36 %add_ln29" [mmult_baseline.cpp:29]   --->   Operation 59 'sext' 'sext_ln29_1' <Predicate = true> <Delay = 0.00>
ST_2 : Operation 60 [1/1] (1.23ns)   --->   "%add_ln29_3 = add i40 %sext_ln29_1, i40 %p_cast" [mmult_baseline.cpp:29]   --->   Operation 60 'add' 'add_ln29_3' <Predicate = true> <Delay = 1.23> <CoreInst = "Adder">   --->   Core 1 'Adder' <Latency = 0> <II = 1> <Delay = 1.23> <FuncUnit> <Opcode : 'add' 'sub'> <InPorts = 2> <OutPorts = 1>
ST_2 : Operation 61 [1/1] (0.00ns)   --->   "%shl_ln2 = bitconcatenate i42 @_ssdm_op_BitConcatenate.i42.i40.i2, i40 %add_ln29_3, i2 0" [mmult_baseline.cpp:29]   --->   Operation 61 'bitconcatenate' 'shl_ln2' <Predicate = true> <Delay = 0.00>
ST_2 : Operation 62 [1/1] (0.00ns)   --->   "%sext_ln29_2 = sext i42 %shl_ln2" [mmult_baseline.cpp:29]   --->   Operation 62 'sext' 'sext_ln29_2' <Predicate = true> <Delay = 0.00>
ST_2 : Operation 63 [1/1] (1.47ns)   --->   "%add_ln29_1 = add i64 %sext_ln29_2, i64 %in2_read" [mmult_baseline.cpp:29]   --->   Operation 63 'add' 'add_ln29_1' <Predicate = true> <Delay = 1.47> <CoreInst = "Adder">   --->   Core 1 'Adder' <Latency = 0> <II = 1> <Delay = 1.47> <FuncUnit> <Opcode : 'add' 'sub'> <InPorts = 2> <OutPorts = 1>
ST_2 : Operation 64 [1/1] (0.00ns)   --->   "%trunc_ln1 = partselect i62 @_ssdm_op_PartSelect.i62.i64.i32.i32, i64 %add_ln29_1, i32 2, i32 63" [mmult_baseline.cpp:30]   --->   Operation 64 'partselect' 'trunc_ln1' <Predicate = true> <Delay = 0.00>
ST_2 : Operation 65 [1/1] (0.00ns)   --->   "%sext_ln30 = sext i62 %trunc_ln1" [mmult_baseline.cpp:30]   --->   Operation 65 'sext' 'sext_ln30' <Predicate = true> <Delay = 0.00>
ST_2 : Operation 66 [1/1] (0.00ns)   --->   "%gmem_addr = getelementptr i32 %gmem, i64 %sext_ln30" [mmult_baseline.cpp:30]   --->   Operation 66 'getelementptr' 'gmem_addr' <Predicate = true> <Delay = 0.00>

State 3 <SV = 2> <Delay = 7.30>
ST_3 : Operation 67 [8/8] (7.30ns)   --->   "%empty_33 = readreq i1 @_ssdm_op_ReadReq.m_axi.p1i32, i32 %gmem_addr, i64 16" [mmult_baseline.cpp:30]   --->   Operation 67 'readreq' 'empty_33' <Predicate = (first_iter_2)> <Delay = 7.30> <CoreInst = "m_axi">   --->   Core 119 'm_axi' <Latency = 0> <II = 1> <Delay = 1.00> <Adapter> <Opcode : 'read' 'write' 'readreq' 'writereq' 'writeresp'>

State 4 <SV = 3> <Delay = 7.30>
ST_4 : Operation 68 [7/8] (7.30ns)   --->   "%empty_33 = readreq i1 @_ssdm_op_ReadReq.m_axi.p1i32, i32 %gmem_addr, i64 16" [mmult_baseline.cpp:30]   --->   Operation 68 'readreq' 'empty_33' <Predicate = (first_iter_2)> <Delay = 7.30> <CoreInst = "m_axi">   --->   Core 119 'm_axi' <Latency = 0> <II = 1> <Delay = 1.00> <Adapter> <Opcode : 'read' 'write' 'readreq' 'writereq' 'writeresp'>

State 5 <SV = 4> <Delay = 7.30>
ST_5 : Operation 69 [6/8] (7.30ns)   --->   "%empty_33 = readreq i1 @_ssdm_op_ReadReq.m_axi.p1i32, i32 %gmem_addr, i64 16" [mmult_baseline.cpp:30]   --->   Operation 69 'readreq' 'empty_33' <Predicate = (first_iter_2)> <Delay = 7.30> <CoreInst = "m_axi">   --->   Core 119 'm_axi' <Latency = 0> <II = 1> <Delay = 1.00> <Adapter> <Opcode : 'read' 'write' 'readreq' 'writereq' 'writeresp'>

State 6 <SV = 5> <Delay = 7.30>
ST_6 : Operation 70 [5/8] (7.30ns)   --->   "%empty_33 = readreq i1 @_ssdm_op_ReadReq.m_axi.p1i32, i32 %gmem_addr, i64 16" [mmult_baseline.cpp:30]   --->   Operation 70 'readreq' 'empty_33' <Predicate = (first_iter_2)> <Delay = 7.30> <CoreInst = "m_axi">   --->   Core 119 'm_axi' <Latency = 0> <II = 1> <Delay = 1.00> <Adapter> <Opcode : 'read' 'write' 'readreq' 'writereq' 'writeresp'>

State 7 <SV = 6> <Delay = 7.30>
ST_7 : Operation 71 [4/8] (7.30ns)   --->   "%empty_33 = readreq i1 @_ssdm_op_ReadReq.m_axi.p1i32, i32 %gmem_addr, i64 16" [mmult_baseline.cpp:30]   --->   Operation 71 'readreq' 'empty_33' <Predicate = (first_iter_2)> <Delay = 7.30> <CoreInst = "m_axi">   --->   Core 119 'm_axi' <Latency = 0> <II = 1> <Delay = 1.00> <Adapter> <Opcode : 'read' 'write' 'readreq' 'writereq' 'writeresp'>

State 8 <SV = 7> <Delay = 7.30>
ST_8 : Operation 72 [3/8] (7.30ns)   --->   "%empty_33 = readreq i1 @_ssdm_op_ReadReq.m_axi.p1i32, i32 %gmem_addr, i64 16" [mmult_baseline.cpp:30]   --->   Operation 72 'readreq' 'empty_33' <Predicate = (first_iter_2)> <Delay = 7.30> <CoreInst = "m_axi">   --->   Core 119 'm_axi' <Latency = 0> <II = 1> <Delay = 1.00> <Adapter> <Opcode : 'read' 'write' 'readreq' 'writereq' 'writeresp'>

State 9 <SV = 8> <Delay = 7.30>
ST_9 : Operation 73 [2/8] (7.30ns)   --->   "%empty_33 = readreq i1 @_ssdm_op_ReadReq.m_axi.p1i32, i32 %gmem_addr, i64 16" [mmult_baseline.cpp:30]   --->   Operation 73 'readreq' 'empty_33' <Predicate = (first_iter_2)> <Delay = 7.30> <CoreInst = "m_axi">   --->   Core 119 'm_axi' <Latency = 0> <II = 1> <Delay = 1.00> <Adapter> <Opcode : 'read' 'write' 'readreq' 'writereq' 'writeresp'>

State 10 <SV = 9> <Delay = 7.30>
ST_10 : Operation 74 [1/8] (7.30ns)   --->   "%empty_33 = readreq i1 @_ssdm_op_ReadReq.m_axi.p1i32, i32 %gmem_addr, i64 16" [mmult_baseline.cpp:30]   --->   Operation 74 'readreq' 'empty_33' <Predicate = (first_iter_2)> <Delay = 7.30> <CoreInst = "m_axi">   --->   Core 119 'm_axi' <Latency = 0> <II = 1> <Delay = 1.00> <Adapter> <Opcode : 'read' 'write' 'readreq' 'writereq' 'writeresp'>
ST_10 : Operation 75 [1/1] (0.00ns)   --->   "%br_ln30 = br void %for.inc69.split" [mmult_baseline.cpp:30]   --->   Operation 75 'br' 'br_ln30' <Predicate = (first_iter_2)> <Delay = 0.00>

State 11 <SV = 10> <Delay = 7.30>
ST_11 : Operation 76 [1/1] (7.30ns)   --->   "%gmem_addr_read = read i32 @_ssdm_op_Read.m_axi.p1i32, i32 %gmem_addr" [mmult_baseline.cpp:31]   --->   Operation 76 'read' 'gmem_addr_read' <Predicate = true> <Delay = 7.30> <CoreInst = "m_axi">   --->   Core 119 'm_axi' <Latency = 0> <II = 1> <Delay = 1.00> <Adapter> <Opcode : 'read' 'write' 'readreq' 'writereq' 'writeresp'>
ST_11 : Operation 91 [1/1] (0.48ns)   --->   "%ret_ln0 = ret"   --->   Operation 91 'ret' 'ret_ln0' <Predicate = (icmp_ln29)> <Delay = 0.48>

State 12 <SV = 11> <Delay = 1.35>
ST_12 : Operation 77 [1/1] (0.00ns)   --->   "%zext_ln31_1 = zext i6 %add_ln31" [mmult_baseline.cpp:31]   --->   Operation 77 'zext' 'zext_ln31_1' <Predicate = true> <Delay = 0.00>
ST_12 : Operation 78 [1/1] (0.00ns)   --->   "%tB_addr = getelementptr i32 %tB, i64 0, i64 %zext_ln31_1" [mmult_baseline.cpp:31]   --->   Operation 78 'getelementptr' 'tB_addr' <Predicate = true> <Delay = 0.00>
ST_12 : Operation 79 [1/1] (0.00ns)   --->   "%tB_1_addr = getelementptr i32 %tB_1, i64 0, i64 %zext_ln31_1" [mmult_baseline.cpp:31]   --->   Operation 79 'getelementptr' 'tB_1_addr' <Predicate = true> <Delay = 0.00>
ST_12 : Operation 80 [1/1] (0.00ns)   --->   "%tB_2_addr = getelementptr i32 %tB_2, i64 0, i64 %zext_ln31_1" [mmult_baseline.cpp:31]   --->   Operation 80 'getelementptr' 'tB_2_addr' <Predicate = true> <Delay = 0.00>
ST_12 : Operation 81 [1/1] (0.00ns)   --->   "%tB_3_addr = getelementptr i32 %tB_3, i64 0, i64 %zext_ln31_1" [mmult_baseline.cpp:31]   --->   Operation 81 'getelementptr' 'tB_3_addr' <Predicate = true> <Delay = 0.00>
ST_12 : Operation 82 [1/1] (0.00ns)   --->   "%specpipeline_ln30 = specpipeline void @_ssdm_op_SpecPipeline, i32 4294967295, i32 0, i32 0, i32 0, void @empty_0" [mmult_baseline.cpp:30]   --->   Operation 82 'specpipeline' 'specpipeline_ln30' <Predicate = true> <Delay = 0.00>
ST_12 : Operation 83 [1/1] (1.35ns)   --->   "%store_ln31 = store i32 %gmem_addr_read, i6 %tB_2_addr" [mmult_baseline.cpp:31]   --->   Operation 83 'store' 'store_ln31' <Predicate = (trunc_ln29 == 2)> <Delay = 1.35> <CoreInst = "RAM">   --->   Core 82 'RAM' <Latency = 1> <II = 1> <Delay = 1.35> <Storage> <Opcode : 'load' 'store'> <Ports = 2> <Width = 32> <Depth = 64> <RAM>
ST_12 : Operation 84 [1/1] (0.00ns)   --->   "%br_ln31 = br void %arrayidx686.exit" [mmult_baseline.cpp:31]   --->   Operation 84 'br' 'br_ln31' <Predicate = (trunc_ln29 == 2)> <Delay = 0.00>
ST_12 : Operation 85 [1/1] (1.35ns)   --->   "%store_ln31 = store i32 %gmem_addr_read, i6 %tB_1_addr" [mmult_baseline.cpp:31]   --->   Operation 85 'store' 'store_ln31' <Predicate = (trunc_ln29 == 1)> <Delay = 1.35> <CoreInst = "RAM">   --->   Core 82 'RAM' <Latency = 1> <II = 1> <Delay = 1.35> <Storage> <Opcode : 'load' 'store'> <Ports = 2> <Width = 32> <Depth = 64> <RAM>
ST_12 : Operation 86 [1/1] (0.00ns)   --->   "%br_ln31 = br void %arrayidx686.exit" [mmult_baseline.cpp:31]   --->   Operation 86 'br' 'br_ln31' <Predicate = (trunc_ln29 == 1)> <Delay = 0.00>
ST_12 : Operation 87 [1/1] (1.35ns)   --->   "%store_ln31 = store i32 %gmem_addr_read, i6 %tB_addr" [mmult_baseline.cpp:31]   --->   Operation 87 'store' 'store_ln31' <Predicate = (trunc_ln29 == 0)> <Delay = 1.35> <CoreInst = "RAM">   --->   Core 82 'RAM' <Latency = 1> <II = 1> <Delay = 1.35> <Storage> <Opcode : 'load' 'store'> <Ports = 2> <Width = 32> <Depth = 64> <RAM>
ST_12 : Operation 88 [1/1] (0.00ns)   --->   "%br_ln31 = br void %arrayidx686.exit" [mmult_baseline.cpp:31]   --->   Operation 88 'br' 'br_ln31' <Predicate = (trunc_ln29 == 0)> <Delay = 0.00>
ST_12 : Operation 89 [1/1] (1.35ns)   --->   "%store_ln31 = store i32 %gmem_addr_read, i6 %tB_3_addr" [mmult_baseline.cpp:31]   --->   Operation 89 'store' 'store_ln31' <Predicate = (trunc_ln29 == 3)> <Delay = 1.35> <CoreInst = "RAM">   --->   Core 82 'RAM' <Latency = 1> <II = 1> <Delay = 1.35> <Storage> <Opcode : 'load' 'store'> <Ports = 2> <Width = 32> <Depth = 64> <RAM>
ST_12 : Operation 90 [1/1] (0.00ns)   --->   "%br_ln31 = br void %arrayidx686.exit" [mmult_baseline.cpp:31]   --->   Operation 90 'br' 'br_ln31' <Predicate = (trunc_ln29 == 3)> <Delay = 0.00>


============================================================
+ Verbose Summary: Timing violations
============================================================
Target clock period: 10.000ns, clock uncertainty: 2.700ns.

 <State 1>: 6.946ns
The critical path consists of the following:
	'store' operation 0 bit ('store_ln29', mmult_baseline.cpp:29) of constant 0 on local variable 'k', mmult_baseline.cpp:29 [22]  (0.489 ns)
	'load' operation 5 bit ('k_load', mmult_baseline.cpp:29) on local variable 'k', mmult_baseline.cpp:29 [33]  (0.000 ns)
	'add' operation 5 bit ('add_ln29_2', mmult_baseline.cpp:29) [34]  (0.878 ns)
	'select' operation 5 bit ('select_ln29_1', mmult_baseline.cpp:29) [39]  (0.480 ns)
	'mul' operation 36 bit ('mul_ln29', mmult_baseline.cpp:29) [42]  (3.880 ns)
	'add' operation 36 bit ('add_ln29', mmult_baseline.cpp:29) [43]  (1.219 ns)

 <State 2>: 2.700ns
The critical path consists of the following:
	'add' operation 40 bit ('add_ln29_3', mmult_baseline.cpp:29) [45]  (1.230 ns)
	'add' operation 64 bit ('add_ln29_1', mmult_baseline.cpp:29) [48]  (1.470 ns)

 <State 3>: 7.300ns
The critical path consists of the following:
	bus request operation ('empty_33', mmult_baseline.cpp:30) on port 'gmem' (mmult_baseline.cpp:30) [54]  (7.300 ns)

 <State 4>: 7.300ns
The critical path consists of the following:
	bus request operation ('empty_33', mmult_baseline.cpp:30) on port 'gmem' (mmult_baseline.cpp:30) [54]  (7.300 ns)

 <State 5>: 7.300ns
The critical path consists of the following:
	bus request operation ('empty_33', mmult_baseline.cpp:30) on port 'gmem' (mmult_baseline.cpp:30) [54]  (7.300 ns)

 <State 6>: 7.300ns
The critical path consists of the following:
	bus request operation ('empty_33', mmult_baseline.cpp:30) on port 'gmem' (mmult_baseline.cpp:30) [54]  (7.300 ns)

 <State 7>: 7.300ns
The critical path consists of the following:
	bus request operation ('empty_33', mmult_baseline.cpp:30) on port 'gmem' (mmult_baseline.cpp:30) [54]  (7.300 ns)

 <State 8>: 7.300ns
The critical path consists of the following:
	bus request operation ('empty_33', mmult_baseline.cpp:30) on port 'gmem' (mmult_baseline.cpp:30) [54]  (7.300 ns)

 <State 9>: 7.300ns
The critical path consists of the following:
	bus request operation ('empty_33', mmult_baseline.cpp:30) on port 'gmem' (mmult_baseline.cpp:30) [54]  (7.300 ns)

 <State 10>: 7.300ns
The critical path consists of the following:
	bus request operation ('empty_33', mmult_baseline.cpp:30) on port 'gmem' (mmult_baseline.cpp:30) [54]  (7.300 ns)

 <State 11>: 7.300ns
The critical path consists of the following:
	bus read operation ('gmem_addr_read', mmult_baseline.cpp:31) on port 'gmem' (mmult_baseline.cpp:31) [68]  (7.300 ns)

 <State 12>: 1.352ns
The critical path consists of the following:
	'getelementptr' operation 6 bit ('tB_2_addr', mmult_baseline.cpp:31) [65]  (0.000 ns)
	'store' operation 0 bit ('store_ln31', mmult_baseline.cpp:31) of variable 'gmem_addr_read', mmult_baseline.cpp:31 on array 'tB_2' [71]  (1.352 ns)


============================================================
+ Verbose Summary: Binding
============================================================
N/A
* FSMD analyzer results:
  - Output states:
 - Input state : 
  - Chain level:
	State 1
	State 2
	State 3
	State 4
	State 5
	State 6
	State 7
	State 8
	State 9
	State 10
	State 11
	State 12


============================================================
+ Verbose Summary: Datapath Resource usage 
============================================================
N/A
