

================================================================
== Vitis HLS Report for 'mmult_hw_Pipeline_comp_k'
================================================================
* Date:           Mon Feb 23 00:37:46 2026

* Version:        2024.1 (Build 5069499 on May 21 2024)
* Project:        matmul_D12_Tiled_AP
* Solution:       hls (Vivado IP Flow Target)
* Product family: zynquplus
* Target device:  xczu3eg-sbva484-1-e


================================================================
== Performance Estimates
================================================================
+ Timing: 
    * Summary: 
    +--------+----------+----------+------------+
    |  Clock |  Target  | Estimated| Uncertainty|
    +--------+----------+----------+------------+
    |ap_clk  |  10.00 ns|  5.837 ns|     2.70 ns|
    +--------+----------+----------+------------+

+ Latency: 
    * Summary: 
    +---------+---------+----------+----------+-----+-----+-----------------------------------------------+
    |  Latency (cycles) |  Latency (absolute) |  Interval |                    Pipeline                   |
    |   min   |   max   |    min   |    max   | min | max |                      Type                     |
    +---------+---------+----------+----------+-----+-----+-----------------------------------------------+
    |       19|       19|  0.190 us|  0.190 us|   17|   17|  loop auto-rewind stp(delay=0 clock cycles(s))|
    +---------+---------+----------+----------+-----+-----+-----------------------------------------------+

    + Detail: 
        * Instance: 
        N/A

        * Loop: 
        +----------+---------+---------+----------+-----------+-----------+------+----------+
        |          |  Latency (cycles) | Iteration|  Initiation Interval  | Trip |          |
        | Loop Name|   min   |   max   |  Latency |  achieved |   target  | Count| Pipelined|
        +----------+---------+---------+----------+-----------+-----------+------+----------+
        |- comp_k  |       17|       17|         3|          1|          1|    16|       yes|
        +----------+---------+---------+----------+-----------+-----------+------+----------+

============================================================
+ Verbose Summary: Synthesis Manager
============================================================
InlineROM: 1
ExposeGlobal: 0
============================================================
+ Verbose Summary: CDFG Model
============================================================
IsTopModel: 0
ResetActiveHigh: 1
IsCombinational: 0
IsDatapathOnly: 0
HasWiredReturn: 1
HasMFsm: 2
HasVarLatency: 1
IsPipeline: 0
IsRtlPipelined: 0
IsInstanceOverlapped: 0
IsDontTouch: 0
HasImplIP: 0
IsGatedGlobalClock: 0

+ Individual pipeline summary: 
  * Pipeline-0: initiation interval (II) = 1, depth = 3


============================================================
+ Verbose Summary: Schedule
============================================================
* Number of FSM states : 3
* Pipeline : 1
  Pipeline-0 : II = 1, D = 3, States = { 1 2 3 }
* Dataflow Pipeline: 0

* FSM state transitions: 
1 --> 2 
2 --> 3 
3 --> 

* FSM state operations: 

State 1 <SV = 0> <Delay = 1.85>
ST_1 : Operation 6 [1/1] (0.00ns)   --->   "%acc_1 = alloca i32 1" [mmult_baseline.cpp:34]   --->   Operation 6 'alloca' 'acc_1' <Predicate = true> <Delay = 0.00>
ST_1 : Operation 7 [1/1] (0.00ns)   --->   "%k = alloca i32 1" [mmult_baseline.cpp:35]   --->   Operation 7 'alloca' 'k' <Predicate = true> <Delay = 0.00>
ST_1 : Operation 8 [1/1] (0.00ns)   --->   "%zext_ln33_read = read i4 @_ssdm_op_Read.ap_auto.i4, i4 %zext_ln33"   --->   Operation 8 'read' 'zext_ln33_read' <Predicate = true> <Delay = 0.00>
ST_1 : Operation 9 [1/1] (0.00ns)   --->   "%i_2_read = read i4 @_ssdm_op_Read.ap_auto.i4, i4 %i_2"   --->   Operation 9 'read' 'i_2_read' <Predicate = true> <Delay = 0.00>
ST_1 : Operation 10 [1/1] (0.00ns)   --->   "%acc_read = read i32 @_ssdm_op_Read.ap_auto.i32, i32 %acc"   --->   Operation 10 'read' 'acc_read' <Predicate = true> <Delay = 0.00>
ST_1 : Operation 11 [1/1] (0.48ns)   --->   "%store_ln35 = store i5 0, i5 %k" [mmult_baseline.cpp:35]   --->   Operation 11 'store' 'store_ln35' <Predicate = true> <Delay = 0.48>
ST_1 : Operation 12 [1/1] (0.48ns)   --->   "%store_ln34 = store i32 %acc_read, i32 %acc_1" [mmult_baseline.cpp:34]   --->   Operation 12 'store' 'store_ln34' <Predicate = true> <Delay = 0.48>
ST_1 : Operation 13 [1/1] (0.00ns)   --->   "%br_ln0 = br void %for.inc104"   --->   Operation 13 'br' 'br_ln0' <Predicate = true> <Delay = 0.00>
ST_1 : Operation 14 [1/1] (0.00ns)   --->   "%k_1 = load i5 %k" [mmult_baseline.cpp:35]   --->   Operation 14 'load' 'k_1' <Predicate = true> <Delay = 0.00>
ST_1 : Operation 15 [1/1] (0.87ns)   --->   "%icmp_ln35 = icmp_eq  i5 %k_1, i5 16" [mmult_baseline.cpp:35]   --->   Operation 15 'icmp' 'icmp_ln35' <Predicate = true> <Delay = 0.87> <CoreInst = "Cmp">   --->   Core 9 'Cmp' <Latency = 0> <II = 1> <Delay = 0.87> <FuncUnit> <Opcode : 'seteq' 'setne' 'setle' 'setge' 'setlt' 'setgt'> <InPorts = 2> <OutPorts = 1>
ST_1 : Operation 16 [1/1] (0.87ns)   --->   "%add_ln35 = add i5 %k_1, i5 1" [mmult_baseline.cpp:35]   --->   Operation 16 'add' 'add_ln35' <Predicate = true> <Delay = 0.87> <CoreInst = "Adder">   --->   Core 1 'Adder' <Latency = 0> <II = 1> <Delay = 0.87> <FuncUnit> <Opcode : 'add' 'sub'> <InPorts = 2> <OutPorts = 1>
ST_1 : Operation 17 [1/1] (0.00ns)   --->   "%br_ln35 = br i1 %icmp_ln35, void %for.inc104.split, void %for.inc111.exitStub" [mmult_baseline.cpp:35]   --->   Operation 17 'br' 'br_ln35' <Predicate = true> <Delay = 0.00>
ST_1 : Operation 18 [1/1] (0.00ns)   --->   "%trunc_ln35 = trunc i5 %k_1" [mmult_baseline.cpp:35]   --->   Operation 18 'trunc' 'trunc_ln35' <Predicate = (!icmp_ln35)> <Delay = 0.00>
ST_1 : Operation 19 [1/1] (0.00ns)   --->   "%lshr_ln5 = partselect i2 @_ssdm_op_PartSelect.i2.i5.i32.i32, i5 %k_1, i32 2, i32 3" [mmult_baseline.cpp:34]   --->   Operation 19 'partselect' 'lshr_ln5' <Predicate = (!icmp_ln35)> <Delay = 0.00>
ST_1 : Operation 20 [1/1] (0.00ns)   --->   "%tmp_s = bitconcatenate i6 @_ssdm_op_BitConcatenate.i6.i4.i2, i4 %i_2_read, i2 %lshr_ln5" [mmult_baseline.cpp:37]   --->   Operation 20 'bitconcatenate' 'tmp_s' <Predicate = (!icmp_ln35)> <Delay = 0.00>
ST_1 : Operation 21 [1/1] (0.00ns)   --->   "%zext_ln37 = zext i6 %tmp_s" [mmult_baseline.cpp:37]   --->   Operation 21 'zext' 'zext_ln37' <Predicate = (!icmp_ln35)> <Delay = 0.00>
ST_1 : Operation 22 [1/1] (0.00ns)   --->   "%tA_addr = getelementptr i32 %tA, i64 0, i64 %zext_ln37" [mmult_baseline.cpp:37]   --->   Operation 22 'getelementptr' 'tA_addr' <Predicate = (!icmp_ln35)> <Delay = 0.00>
ST_1 : Operation 23 [1/1] (0.00ns)   --->   "%tA_1_addr = getelementptr i32 %tA_1, i64 0, i64 %zext_ln37" [mmult_baseline.cpp:37]   --->   Operation 23 'getelementptr' 'tA_1_addr' <Predicate = (!icmp_ln35)> <Delay = 0.00>
ST_1 : Operation 24 [1/1] (0.00ns)   --->   "%tA_2_addr = getelementptr i32 %tA_2, i64 0, i64 %zext_ln37" [mmult_baseline.cpp:37]   --->   Operation 24 'getelementptr' 'tA_2_addr' <Predicate = (!icmp_ln35)> <Delay = 0.00>
ST_1 : Operation 25 [1/1] (0.00ns)   --->   "%tA_3_addr = getelementptr i32 %tA_3, i64 0, i64 %zext_ln37" [mmult_baseline.cpp:37]   --->   Operation 25 'getelementptr' 'tA_3_addr' <Predicate = (!icmp_ln35)> <Delay = 0.00>
ST_1 : Operation 26 [1/1] (0.00ns)   --->   "%add_ln = bitconcatenate i6 @_ssdm_op_BitConcatenate.i6.i2.i4, i2 %lshr_ln5, i4 %zext_ln33_read" [mmult_baseline.cpp:37]   --->   Operation 26 'bitconcatenate' 'add_ln' <Predicate = (!icmp_ln35)> <Delay = 0.00>
ST_1 : Operation 27 [1/1] (0.00ns)   --->   "%zext_ln37_1 = zext i6 %add_ln" [mmult_baseline.cpp:37]   --->   Operation 27 'zext' 'zext_ln37_1' <Predicate = (!icmp_ln35)> <Delay = 0.00>
ST_1 : Operation 28 [1/1] (0.00ns)   --->   "%tB_addr = getelementptr i32 %tB, i64 0, i64 %zext_ln37_1" [mmult_baseline.cpp:37]   --->   Operation 28 'getelementptr' 'tB_addr' <Predicate = (!icmp_ln35)> <Delay = 0.00>
ST_1 : Operation 29 [1/1] (0.00ns)   --->   "%tB_1_addr = getelementptr i32 %tB_1, i64 0, i64 %zext_ln37_1" [mmult_baseline.cpp:37]   --->   Operation 29 'getelementptr' 'tB_1_addr' <Predicate = (!icmp_ln35)> <Delay = 0.00>
ST_1 : Operation 30 [1/1] (0.00ns)   --->   "%tB_2_addr = getelementptr i32 %tB_2, i64 0, i64 %zext_ln37_1" [mmult_baseline.cpp:37]   --->   Operation 30 'getelementptr' 'tB_2_addr' <Predicate = (!icmp_ln35)> <Delay = 0.00>
ST_1 : Operation 31 [1/1] (0.00ns)   --->   "%tB_3_addr = getelementptr i32 %tB_3, i64 0, i64 %zext_ln37_1" [mmult_baseline.cpp:37]   --->   Operation 31 'getelementptr' 'tB_3_addr' <Predicate = (!icmp_ln35)> <Delay = 0.00>
ST_1 : Operation 32 [2/2] (1.35ns)   --->   "%tA_load = load i6 %tA_addr" [mmult_baseline.cpp:37]   --->   Operation 32 'load' 'tA_load' <Predicate = (!icmp_ln35)> <Delay = 1.35> <CoreInst = "RAM">   --->   Core 82 'RAM' <Latency = 1> <II = 1> <Delay = 1.35> <Storage> <Opcode : 'load' 'store'> <Ports = 2> <Width = 32> <Depth = 64> <RAM>
ST_1 : Operation 33 [2/2] (1.35ns)   --->   "%tA_1_load = load i6 %tA_1_addr" [mmult_baseline.cpp:37]   --->   Operation 33 'load' 'tA_1_load' <Predicate = (!icmp_ln35)> <Delay = 1.35> <CoreInst = "RAM">   --->   Core 82 'RAM' <Latency = 1> <II = 1> <Delay = 1.35> <Storage> <Opcode : 'load' 'store'> <Ports = 2> <Width = 32> <Depth = 64> <RAM>
ST_1 : Operation 34 [2/2] (1.35ns)   --->   "%tA_2_load = load i6 %tA_2_addr" [mmult_baseline.cpp:37]   --->   Operation 34 'load' 'tA_2_load' <Predicate = (!icmp_ln35)> <Delay = 1.35> <CoreInst = "RAM">   --->   Core 82 'RAM' <Latency = 1> <II = 1> <Delay = 1.35> <Storage> <Opcode : 'load' 'store'> <Ports = 2> <Width = 32> <Depth = 64> <RAM>
ST_1 : Operation 35 [2/2] (1.35ns)   --->   "%tA_3_load = load i6 %tA_3_addr" [mmult_baseline.cpp:37]   --->   Operation 35 'load' 'tA_3_load' <Predicate = (!icmp_ln35)> <Delay = 1.35> <CoreInst = "RAM">   --->   Core 82 'RAM' <Latency = 1> <II = 1> <Delay = 1.35> <Storage> <Opcode : 'load' 'store'> <Ports = 2> <Width = 32> <Depth = 64> <RAM>
ST_1 : Operation 36 [2/2] (1.35ns)   --->   "%tB_load = load i6 %tB_addr" [mmult_baseline.cpp:37]   --->   Operation 36 'load' 'tB_load' <Predicate = (!icmp_ln35)> <Delay = 1.35> <CoreInst = "RAM">   --->   Core 82 'RAM' <Latency = 1> <II = 1> <Delay = 1.35> <Storage> <Opcode : 'load' 'store'> <Ports = 2> <Width = 32> <Depth = 64> <RAM>
ST_1 : Operation 37 [2/2] (1.35ns)   --->   "%tB_1_load = load i6 %tB_1_addr" [mmult_baseline.cpp:37]   --->   Operation 37 'load' 'tB_1_load' <Predicate = (!icmp_ln35)> <Delay = 1.35> <CoreInst = "RAM">   --->   Core 82 'RAM' <Latency = 1> <II = 1> <Delay = 1.35> <Storage> <Opcode : 'load' 'store'> <Ports = 2> <Width = 32> <Depth = 64> <RAM>
ST_1 : Operation 38 [2/2] (1.35ns)   --->   "%tB_2_load = load i6 %tB_2_addr" [mmult_baseline.cpp:37]   --->   Operation 38 'load' 'tB_2_load' <Predicate = (!icmp_ln35)> <Delay = 1.35> <CoreInst = "RAM">   --->   Core 82 'RAM' <Latency = 1> <II = 1> <Delay = 1.35> <Storage> <Opcode : 'load' 'store'> <Ports = 2> <Width = 32> <Depth = 64> <RAM>
ST_1 : Operation 39 [2/2] (1.35ns)   --->   "%tB_3_load = load i6 %tB_3_addr" [mmult_baseline.cpp:37]   --->   Operation 39 'load' 'tB_3_load' <Predicate = (!icmp_ln35)> <Delay = 1.35> <CoreInst = "RAM">   --->   Core 82 'RAM' <Latency = 1> <II = 1> <Delay = 1.35> <Storage> <Opcode : 'load' 'store'> <Ports = 2> <Width = 32> <Depth = 64> <RAM>
ST_1 : Operation 40 [1/1] (0.48ns)   --->   "%store_ln35 = store i5 %add_ln35, i5 %k" [mmult_baseline.cpp:35]   --->   Operation 40 'store' 'store_ln35' <Predicate = (!icmp_ln35)> <Delay = 0.48>

State 2 <SV = 1> <Delay = 5.83>
ST_2 : Operation 41 [1/2] (1.35ns)   --->   "%tA_load = load i6 %tA_addr" [mmult_baseline.cpp:37]   --->   Operation 41 'load' 'tA_load' <Predicate = true> <Delay = 1.35> <CoreInst = "RAM">   --->   Core 82 'RAM' <Latency = 1> <II = 1> <Delay = 1.35> <Storage> <Opcode : 'load' 'store'> <Ports = 2> <Width = 32> <Depth = 64> <RAM>
ST_2 : Operation 42 [1/2] (1.35ns)   --->   "%tA_1_load = load i6 %tA_1_addr" [mmult_baseline.cpp:37]   --->   Operation 42 'load' 'tA_1_load' <Predicate = true> <Delay = 1.35> <CoreInst = "RAM">   --->   Core 82 'RAM' <Latency = 1> <II = 1> <Delay = 1.35> <Storage> <Opcode : 'load' 'store'> <Ports = 2> <Width = 32> <Depth = 64> <RAM>
ST_2 : Operation 43 [1/2] (1.35ns)   --->   "%tA_2_load = load i6 %tA_2_addr" [mmult_baseline.cpp:37]   --->   Operation 43 'load' 'tA_2_load' <Predicate = true> <Delay = 1.35> <CoreInst = "RAM">   --->   Core 82 'RAM' <Latency = 1> <II = 1> <Delay = 1.35> <Storage> <Opcode : 'load' 'store'> <Ports = 2> <Width = 32> <Depth = 64> <RAM>
ST_2 : Operation 44 [1/2] (1.35ns)   --->   "%tA_3_load = load i6 %tA_3_addr" [mmult_baseline.cpp:37]   --->   Operation 44 'load' 'tA_3_load' <Predicate = true> <Delay = 1.35> <CoreInst = "RAM">   --->   Core 82 'RAM' <Latency = 1> <II = 1> <Delay = 1.35> <Storage> <Opcode : 'load' 'store'> <Ports = 2> <Width = 32> <Depth = 64> <RAM>
ST_2 : Operation 45 [1/1] (0.60ns)   --->   "%tmp_1 = sparsemux i32 @_ssdm_op_SparseMux.ap_auto.4i32.i32.i2, i2 0, i32 %tA_load, i2 1, i32 %tA_1_load, i2 2, i32 %tA_2_load, i2 3, i32 %tA_3_load, i32 0, i2 %trunc_ln35" [mmult_baseline.cpp:37]   --->   Operation 45 'sparsemux' 'tmp_1' <Predicate = true> <Delay = 0.60> <CoreInst = "SparseMux">   --->   Core 144 'SparseMux' <Latency = 0> <II = 1> <Delay = 0.60> <FuncUnit> <Opcode : 'sparsemux'> <InPorts = 2> <OutPorts = 1>
ST_2 : Operation 46 [1/2] (1.35ns)   --->   "%tB_load = load i6 %tB_addr" [mmult_baseline.cpp:37]   --->   Operation 46 'load' 'tB_load' <Predicate = true> <Delay = 1.35> <CoreInst = "RAM">   --->   Core 82 'RAM' <Latency = 1> <II = 1> <Delay = 1.35> <Storage> <Opcode : 'load' 'store'> <Ports = 2> <Width = 32> <Depth = 64> <RAM>
ST_2 : Operation 47 [1/2] (1.35ns)   --->   "%tB_1_load = load i6 %tB_1_addr" [mmult_baseline.cpp:37]   --->   Operation 47 'load' 'tB_1_load' <Predicate = true> <Delay = 1.35> <CoreInst = "RAM">   --->   Core 82 'RAM' <Latency = 1> <II = 1> <Delay = 1.35> <Storage> <Opcode : 'load' 'store'> <Ports = 2> <Width = 32> <Depth = 64> <RAM>
ST_2 : Operation 48 [1/2] (1.35ns)   --->   "%tB_2_load = load i6 %tB_2_addr" [mmult_baseline.cpp:37]   --->   Operation 48 'load' 'tB_2_load' <Predicate = true> <Delay = 1.35> <CoreInst = "RAM">   --->   Core 82 'RAM' <Latency = 1> <II = 1> <Delay = 1.35> <Storage> <Opcode : 'load' 'store'> <Ports = 2> <Width = 32> <Depth = 64> <RAM>
ST_2 : Operation 49 [1/2] (1.35ns)   --->   "%tB_3_load = load i6 %tB_3_addr" [mmult_baseline.cpp:37]   --->   Operation 49 'load' 'tB_3_load' <Predicate = true> <Delay = 1.35> <CoreInst = "RAM">   --->   Core 82 'RAM' <Latency = 1> <II = 1> <Delay = 1.35> <Storage> <Opcode : 'load' 'store'> <Ports = 2> <Width = 32> <Depth = 64> <RAM>
ST_2 : Operation 50 [1/1] (0.60ns)   --->   "%tmp_2 = sparsemux i32 @_ssdm_op_SparseMux.ap_auto.4i32.i32.i2, i2 0, i32 %tB_load, i2 1, i32 %tB_1_load, i2 2, i32 %tB_2_load, i2 3, i32 %tB_3_load, i32 0, i2 %trunc_ln35" [mmult_baseline.cpp:37]   --->   Operation 50 'sparsemux' 'tmp_2' <Predicate = true> <Delay = 0.60> <CoreInst = "SparseMux">   --->   Core 144 'SparseMux' <Latency = 0> <II = 1> <Delay = 0.60> <FuncUnit> <Opcode : 'sparsemux'> <InPorts = 2> <OutPorts = 1>
ST_2 : Operation 51 [1/1] (3.88ns)   --->   "%mul_ln37 = mul i32 %tmp_2, i32 %tmp_1" [mmult_baseline.cpp:37]   --->   Operation 51 'mul' 'mul_ln37' <Predicate = true> <Delay = 3.88> <CoreInst = "Multiplier">   --->   Core 3 'Multiplier' <Latency = 0> <II = 1> <Delay = 3.88> <FuncUnit> <Opcode : 'mul'> <InPorts = 2> <OutPorts = 1>
ST_2 : Operation 59 [1/1] (0.00ns)   --->   "%acc_1_load_1 = load i32 %acc_1"   --->   Operation 59 'load' 'acc_1_load_1' <Predicate = (icmp_ln35)> <Delay = 0.00>
ST_2 : Operation 60 [1/1] (0.00ns)   --->   "%write_ln0 = write void @_ssdm_op_Write.ap_auto.i32P0A, i32 %acc_1_out, i32 %acc_1_load_1"   --->   Operation 60 'write' 'write_ln0' <Predicate = (icmp_ln35)> <Delay = 0.00>
ST_2 : Operation 61 [1/1] (0.48ns)   --->   "%ret_ln0 = ret"   --->   Operation 61 'ret' 'ret_ln0' <Predicate = (icmp_ln35)> <Delay = 0.48>

State 3 <SV = 2> <Delay = 1.69>
ST_3 : Operation 52 [1/1] (0.00ns)   --->   "%acc_1_load = load i32 %acc_1" [mmult_baseline.cpp:37]   --->   Operation 52 'load' 'acc_1_load' <Predicate = true> <Delay = 0.00>
ST_3 : Operation 53 [1/1] (0.00ns)   --->   "%specpipeline_ln36 = specpipeline void @_ssdm_op_SpecPipeline, i32 1, i32 0, i32 0, i32 0, void @empty_0" [mmult_baseline.cpp:36]   --->   Operation 53 'specpipeline' 'specpipeline_ln36' <Predicate = true> <Delay = 0.00>
ST_3 : Operation 54 [1/1] (0.00ns)   --->   "%speclooptripcount_ln34 = speclooptripcount void @_ssdm_op_SpecLoopTripCount, i64 16, i64 16, i64 16" [mmult_baseline.cpp:34]   --->   Operation 54 'speclooptripcount' 'speclooptripcount_ln34' <Predicate = true> <Delay = 0.00>
ST_3 : Operation 55 [1/1] (0.00ns)   --->   "%specloopname_ln35 = specloopname void @_ssdm_op_SpecLoopName, void @empty_13" [mmult_baseline.cpp:35]   --->   Operation 55 'specloopname' 'specloopname_ln35' <Predicate = true> <Delay = 0.00>
ST_3 : Operation 56 [1/1] (1.20ns)   --->   "%acc_2 = add i32 %mul_ln37, i32 %acc_1_load" [mmult_baseline.cpp:37]   --->   Operation 56 'add' 'acc_2' <Predicate = true> <Delay = 1.20> <CoreInst = "Adder">   --->   Core 1 'Adder' <Latency = 0> <II = 1> <Delay = 1.20> <FuncUnit> <Opcode : 'add' 'sub'> <InPorts = 2> <OutPorts = 1>
ST_3 : Operation 57 [1/1] (0.48ns)   --->   "%store_ln34 = store i32 %acc_2, i32 %acc_1" [mmult_baseline.cpp:34]   --->   Operation 57 'store' 'store_ln34' <Predicate = true> <Delay = 0.48>
ST_3 : Operation 58 [1/1] (0.00ns)   --->   "%br_ln35 = br void %for.inc104" [mmult_baseline.cpp:35]   --->   Operation 58 'br' 'br_ln35' <Predicate = true> <Delay = 0.00>


============================================================
+ Verbose Summary: Timing violations
============================================================
Target clock period: 10.000ns, clock uncertainty: 2.700ns.

 <State 1>: 1.856ns
The critical path consists of the following:
	'store' operation 0 bit ('store_ln35', mmult_baseline.cpp:35) of constant 0 on local variable 'k', mmult_baseline.cpp:35 [18]  (0.489 ns)
	'load' operation 5 bit ('k', mmult_baseline.cpp:35) on local variable 'k', mmult_baseline.cpp:35 [22]  (0.000 ns)
	'icmp' operation 1 bit ('icmp_ln35', mmult_baseline.cpp:35) [23]  (0.878 ns)
	'store' operation 0 bit ('store_ln35', mmult_baseline.cpp:35) of variable 'add_ln35', mmult_baseline.cpp:35 on local variable 'k', mmult_baseline.cpp:35 [57]  (0.489 ns)

 <State 2>: 5.837ns
The critical path consists of the following:
	'load' operation 32 bit ('tA_load', mmult_baseline.cpp:37) on array 'tA' [45]  (1.352 ns)
	'sparsemux' operation 32 bit ('tmp_1', mmult_baseline.cpp:37) [49]  (0.605 ns)
	'mul' operation 32 bit ('mul_ln37', mmult_baseline.cpp:37) [55]  (3.880 ns)

 <State 3>: 1.692ns
The critical path consists of the following:
	'load' operation 32 bit ('acc_1_load', mmult_baseline.cpp:37) on local variable 'acc', mmult_baseline.cpp:34 [27]  (0.000 ns)
	'add' operation 32 bit ('acc', mmult_baseline.cpp:37) [56]  (1.203 ns)
	'store' operation 0 bit ('store_ln34', mmult_baseline.cpp:34) of variable 'acc', mmult_baseline.cpp:37 on local variable 'acc', mmult_baseline.cpp:34 [58]  (0.489 ns)


============================================================
+ Verbose Summary: Binding
============================================================
N/A
* FSMD analyzer results:
  - Output states:
 - Input state : 
  - Chain level:
	State 1
	State 2
	State 3


============================================================
+ Verbose Summary: Datapath Resource usage 
============================================================
N/A
