

================================================================
== Synthesis Summary Report of 'mmult_hw'
================================================================
+ General Information: 
    * Date:           Sun Feb 22 22:49:51 2026
    * Version:        2024.1 (Build 5069499 on May 21 2024)
    * Project:        matmul_D11_Tiled
    * Solution:       hls (Vivado IP Flow Target)
    * Product family: zynquplus
    * Target device:  xczu3eg-sbva484-1-e
    

+ Performance & Resource Estimates: 
    
    PS: '+' for module; 'o' for loop; '*' for dataflow
    +------------------------------------------------+------+------+---------+-----------+----------+---------+------+----------+--------+----------+-----------+-----------+-----+
    |                     Modules                    | Issue|      | Latency |  Latency  | Iteration|         | Trip |          |        |          |           |           |     |
    |                     & Loops                    | Type | Slack| (cycles)|    (ns)   |  Latency | Interval| Count| Pipelined|  BRAM  |    DSP   |     FF    |    LUT    | URAM|
    +------------------------------------------------+------+------+---------+-----------+----------+---------+------+----------+--------+----------+-----------+-----------+-----+
    |+ mmult_hw                                      |     -|  0.00|   443857|  4.439e+06|         -|   443858|     -|        no|  6 (1%)|  54 (15%)|  3934 (2%)|  5514 (7%)|    -|
    | o tile_i                                       |     -|  7.30|   443856|  4.439e+06|     55482|        -|     8|        no|       -|         -|          -|          -|    -|
    |  o tile_j                                      |     -|  7.30|    55480|  5.548e+05|      6935|        -|     8|        no|       -|         -|          -|          -|    -|
    |   + mmult_hw_Pipeline_init_i_init_j            |     -|  3.19|      258|  2.580e+03|         -|      258|     -|        no|       -|         -|   21 (~0%)|  158 (~0%)|    -|
    |    o init_i_init_j                             |     -|  7.30|      256|  2.560e+03|         1|        1|   256|       yes|       -|         -|          -|          -|    -|
    |   + mmult_hw_Pipeline_store_i_store_j          |     -|  0.00|      265|  2.650e+03|         -|      265|     -|        no|       -|   2 (~0%)|  296 (~0%)|  432 (~0%)|    -|
    |    o store_i_store_j                           |     -|  7.30|      263|  2.630e+03|         9|        1|   256|       yes|       -|         -|          -|          -|    -|
    |   o tile_k                                     |     -|  7.30|     6408|  6.408e+04|       801|        -|     8|        no|       -|         -|          -|          -|    -|
    |    + mmult_hw_Pipeline_load_a_VITIS_LOOP_25_1  |     -|  0.00|      268|  2.680e+03|         -|      268|     -|        no|       -|   2 (~0%)|  424 (~0%)|  455 (~0%)|    -|
    |     o load_a_VITIS_LOOP_25_1                   |     -|  7.30|      266|  2.660e+03|        12|        1|   256|       yes|       -|         -|          -|          -|    -|
    |    + mmult_hw_Pipeline_load_b_VITIS_LOOP_28_2  |     -|  0.00|      268|  2.680e+03|         -|      268|     -|        no|       -|   2 (~0%)|  416 (~0%)|  465 (~0%)|    -|
    |     o load_b_VITIS_LOOP_28_2                   |     -|  7.30|      266|  2.660e+03|        12|        1|   256|       yes|       -|         -|          -|          -|    -|
    |    + mmult_hw_Pipeline_comp_i_comp_j           |     -|  0.54|      259|  2.590e+03|         -|      259|     -|        no|       -|  48 (13%)|  232 (~0%)|  1029 (1%)|    -|
    |     o comp_i_comp_j                            |     -|  7.30|      257|  2.570e+03|         3|        1|   256|       yes|       -|         -|          -|          -|    -|
    +------------------------------------------------+------+------+---------+-----------+----------+---------+------+----------+--------+----------+-----------+-----------+-----+


================================================================
== HW Interfaces
================================================================
* M_AXI
+------------+------------+------------+---------------+---------+--------+----------+-----------+--------------+--------------+-------------+-------------+-------------------+
| Interface  | Read/Write | Data Width | Address Width | Latency | Offset | Register | Max Widen | Max Read     | Max Write    | Num Read    | Num Write   | Resource Estimate |
|            |            | (SW->HW)   |               |         |        |          | Bitwidth  | Burst Length | Burst Length | Outstanding | Outstanding |                   |
+------------+------------+------------+---------------+---------+--------+----------+-----------+--------------+--------------+-------------+-------------+-------------------+
| m_axi_gmem | READ_WRITE | 32 -> 32   | 64            | 0       | slave  | 0        | 0         | 16           | 16           | 16          | 16          | BRAM=4            |
+------------+------------+------------+---------------+---------+--------+----------+-----------+--------------+--------------+-------------+-------------+-------------------+

* S_AXILITE Interfaces
+------------+------------+---------------+--------+----------+
| Interface  | Data Width | Address Width | Offset | Register |
+------------+------------+---------------+--------+----------+
| s_axi_CTRL | 32         | 6             | 16     | 0        |
+------------+------------+---------------+--------+----------+

* S_AXILITE Registers
+------------+----------+--------+-------+--------+----------------------------------+----------------------------------------------------------------------+
| Interface  | Register | Offset | Width | Access | Description                      | Bit Fields                                                           |
+------------+----------+--------+-------+--------+----------------------------------+----------------------------------------------------------------------+
| s_axi_CTRL | CTRL     | 0x00   | 32    | RW     | Control signals                  | 0=AP_START 1=AP_DONE 2=AP_IDLE 3=AP_READY 7=AUTO_RESTART 9=INTERRUPT |
| s_axi_CTRL | GIER     | 0x04   | 32    | RW     | Global Interrupt Enable Register | 0=Enable                                                             |
| s_axi_CTRL | IP_IER   | 0x08   | 32    | RW     | IP Interrupt Enable Register     | 0=CHAN0_INT_EN 1=CHAN1_INT_EN                                        |
| s_axi_CTRL | IP_ISR   | 0x0c   | 32    | RW     | IP Interrupt Status Register     | 0=CHAN0_INT_ST 1=CHAN1_INT_ST                                        |
| s_axi_CTRL | in1_1    | 0x10   | 32    | W      | Data signal of in1               |                                                                      |
| s_axi_CTRL | in1_2    | 0x14   | 32    | W      | Data signal of in1               |                                                                      |
| s_axi_CTRL | in2_1    | 0x1c   | 32    | W      | Data signal of in2               |                                                                      |
| s_axi_CTRL | in2_2    | 0x20   | 32    | W      | Data signal of in2               |                                                                      |
| s_axi_CTRL | out_r_1  | 0x28   | 32    | W      | Data signal of out_r             |                                                                      |
| s_axi_CTRL | out_r_2  | 0x2c   | 32    | W      | Data signal of out_r             |                                                                      |
| s_axi_CTRL | dim      | 0x34   | 32    | W      | Data signal of dim               |                                                                      |
+------------+----------+--------+-------+--------+----------------------------------+----------------------------------------------------------------------+

* TOP LEVEL CONTROL
+-----------+------------+-----------+
| Interface | Type       | Ports     |
+-----------+------------+-----------+
| ap_clk    | clock      | ap_clk    |
| ap_rst_n  | reset      | ap_rst_n  |
| interrupt | interrupt  | interrupt |
| ap_ctrl   | ap_ctrl_hs |           |
+-----------+------------+-----------+


================================================================
== SW I/O Information
================================================================
* Top Function Arguments
+----------+-----------+----------+
| Argument | Direction | Datatype |
+----------+-----------+----------+
| in1      | inout     | int*     |
| in2      | inout     | int*     |
| out      | inout     | int*     |
| dim      | in        | int      |
+----------+-----------+----------+

* SW-to-HW Mapping
+----------+--------------+-----------+----------+-----------------------------------+
| Argument | HW Interface | HW Type   | HW Usage | HW Info                           |
+----------+--------------+-----------+----------+-----------------------------------+
| in1      | m_axi_gmem   | interface |          | channel=0                         |
| in1      | s_axi_CTRL   | register  | offset   | name=in1_1 offset=0x10 range=32   |
| in1      | s_axi_CTRL   | register  | offset   | name=in1_2 offset=0x14 range=32   |
| in2      | m_axi_gmem   | interface |          | channel=0                         |
| in2      | s_axi_CTRL   | register  | offset   | name=in2_1 offset=0x1c range=32   |
| in2      | s_axi_CTRL   | register  | offset   | name=in2_2 offset=0x20 range=32   |
| out      | m_axi_gmem   | interface |          | channel=0                         |
| out      | s_axi_CTRL   | register  | offset   | name=out_r_1 offset=0x28 range=32 |
| out      | s_axi_CTRL   | register  | offset   | name=out_r_2 offset=0x2c range=32 |
| dim      | s_axi_CTRL   | register  |          | name=dim offset=0x34 range=32     |
+----------+--------------+-----------+----------+-----------------------------------+


================================================================
== M_AXI Burst Information
================================================================
 Note: All burst requests might be further partitioned into multiple requests during RTL generation based on max_read_burst_length or max_write_burst_length settings.

* Inferred Burst Summary
+--------------+-----------+--------+-------+-----------------+--------------------------+
| HW Interface | Direction | Length | Width | Loop            | Loop Location            |
+--------------+-----------+--------+-------+-----------------+--------------------------+
| m_axi_gmem   | read      | 16     | 32    | VITIS_LOOP_25_1 | mmult_baseline.cpp:25:34 |
| m_axi_gmem   | read      | 16     | 32    | VITIS_LOOP_28_2 | mmult_baseline.cpp:28:34 |
| m_axi_gmem   | write     | 16     | 32    | store_j         | mmult_baseline.cpp:36:22 |
+--------------+-----------+--------+-------+-----------------+--------------------------+

* All M_AXI Variable Accesses
+--------------+----------+--------------------------+-----------+--------------+--------+-----------------+--------------------------+------------+-------------------------------------------------------------------------------------------------------+
| HW Interface | Variable | Access Location          | Direction | Burst Status | Length | Loop            | Loop Location            | Resolution | Problem                                                                                               |
+--------------+----------+--------------------------+-----------+--------------+--------+-----------------+--------------------------+------------+-------------------------------------------------------------------------------------------------------+
| m_axi_gmem   | in1      | mmult_baseline.cpp:26:32 | read      | Widen Fail   |        | VITIS_LOOP_25_1 | mmult_baseline.cpp:25:34 | 214-353    | Could not widen since type i32 size is greater than or equal to the max_widen_bitwidth threshold of 0 |
| m_axi_gmem   | in1      | mmult_baseline.cpp:26:32 | read      | Fail         |        | load_a          | mmult_baseline.cpp:24:21 | 214-230    | Stride is incompatible                                                                                |
| m_axi_gmem   | in1      | mmult_baseline.cpp:26:32 | read      | Inferred     | 16     | VITIS_LOOP_25_1 | mmult_baseline.cpp:25:34 |            |                                                                                                       |
| m_axi_gmem   | in2      | mmult_baseline.cpp:29:32 | read      | Widen Fail   |        | VITIS_LOOP_28_2 | mmult_baseline.cpp:28:34 | 214-353    | Could not widen since type i32 size is greater than or equal to the max_widen_bitwidth threshold of 0 |
| m_axi_gmem   | in2      | mmult_baseline.cpp:29:32 | read      | Fail         |        | load_b          | mmult_baseline.cpp:27:21 | 214-230    | Stride is incompatible                                                                                |
| m_axi_gmem   | in2      | mmult_baseline.cpp:29:32 | read      | Inferred     | 16     | VITIS_LOOP_28_2 | mmult_baseline.cpp:28:34 |            |                                                                                                       |
| m_axi_gmem   | out      | mmult_baseline.cpp:37:50 | write     | Widen Fail   |        | store_j         | mmult_baseline.cpp:36:22 | 214-353    | Could not widen since type i32 size is greater than or equal to the max_widen_bitwidth threshold of 0 |
| m_axi_gmem   | out      | mmult_baseline.cpp:37:50 | write     | Fail         |        | store_i         | mmult_baseline.cpp:35:18 | 214-230    | Stride is incompatible                                                                                |
| m_axi_gmem   | out      | mmult_baseline.cpp:37:50 | write     | Inferred     | 16     | store_j         | mmult_baseline.cpp:36:22 |            |                                                                                                       |
+--------------+----------+--------------------------+-----------+--------------+--------+-----------------+--------------------------+------------+-------------------------------------------------------------------------------------------------------+

    * Resolution URL: docs.xilinx.com/access/sources/dita/topic?Doc_Version=2024.1%20English&url=ug1448-hls-guidance&resourceid=XXX-YYY.html (replace XXX-YYY with column value)

================================================================
== Bind Op Report
================================================================
+---------------------------------------------+-----+--------+---------------+--------+----------+---------+
| Name                                        | DSP | Pragma | Variable      | Op     | Impl     | Latency |
+---------------------------------------------+-----+--------+---------------+--------+----------+---------+
| + mmult_hw                                  | 54  |        |               |        |          |         |
|   icmp_ln17_fu_391_p2                       |     |        | icmp_ln17     | seteq  | auto     | 0       |
|   add_ln17_fu_397_p2                        |     |        | add_ln17      | add    | fabric   | 0       |
|   mul_3ns_32s_35_1_1_U105                   |     |        | empty_36      | mul    | auto     | 0       |
|   icmp_ln18_fu_424_p2                       |     |        | icmp_ln18     | seteq  | auto     | 0       |
|   add_ln18_fu_430_p2                        |     |        | add_ln18      | add    | fabric   | 0       |
|   icmp_ln23_fu_451_p2                       |     |        | icmp_ln23     | seteq  | auto     | 0       |
|   add_ln23_fu_457_p2                        |     |        | add_ln23      | add    | fabric   | 0       |
|   mul_3ns_32s_35_1_1_U106                   |     |        | empty_38      | mul    | auto     | 0       |
|  + mmult_hw_Pipeline_init_i_init_j          | 0   |        |               |        |          |         |
|    icmp_ln19_fu_82_p2                       |     |        | icmp_ln19     | seteq  | auto     | 0       |
|    add_ln19_1_fu_88_p2                      |     |        | add_ln19_1    | add    | fabric   | 0       |
|    add_ln19_fu_100_p2                       |     |        | add_ln19      | add    | fabric   | 0       |
|    icmp_ln20_fu_106_p2                      |     |        | icmp_ln20     | seteq  | auto     | 0       |
|    select_ln19_fu_112_p3                    |     |        | select_ln19   | select | auto_sel | 0       |
|    select_ln19_1_fu_120_p3                  |     |        | select_ln19_1 | select | auto_sel | 0       |
|    add_ln21_fu_144_p2                       |     |        | add_ln21      | add    | fabric   | 0       |
|    add_ln20_fu_155_p2                       |     |        | add_ln20      | add    | fabric   | 0       |
|  + mmult_hw_Pipeline_load_a_VITIS_LOOP_25_1 | 2   |        |               |        |          |         |
|    icmp_ln24_fu_428_p2                      |     |        | icmp_ln24     | seteq  | auto     | 0       |
|    add_ln24_1_fu_434_p2                     |     |        | add_ln24_1    | add    | fabric   | 0       |
|    add_ln24_fu_446_p2                       |     |        | add_ln24      | add    | fabric   | 0       |
|    icmp_ln25_fu_452_p2                      |     |        | icmp_ln25     | seteq  | auto     | 0       |
|    select_ln24_fu_458_p3                    |     |        | select_ln24   | select | auto_sel | 0       |
|    select_ln24_1_fu_466_p3                  |     |        | select_ln24_1 | select | auto_sel | 0       |
|    first_iter_1_fu_474_p2                   |     |        | first_iter_1  | seteq  | auto     | 0       |
|    mul_5ns_32s_37_1_1_U2                    | 2   |        | empty_33      | mul    | auto     | 0       |
|    empty_35_fu_539_p2                       |     |        | empty_35      | add    | fabric   | 0       |
|    add_ln25_fu_484_p2                       |     |        | add_ln25      | add    | fabric   | 0       |
|  + mmult_hw_Pipeline_store_i_store_j        | 2   |        |               |        |          |         |
|    icmp_ln35_fu_185_p2                      |     |        | icmp_ln35     | seteq  | auto     | 0       |
|    add_ln35_1_fu_191_p2                     |     |        | add_ln35_1    | add    | fabric   | 0       |
|    add_ln35_fu_203_p2                       |     |        | add_ln35      | add    | fabric   | 0       |
|    icmp_ln36_fu_209_p2                      |     |        | icmp_ln36     | seteq  | auto     | 0       |
|    select_ln35_fu_215_p3                    |     |        | select_ln35   | select | auto_sel | 0       |
|    select_ln35_1_fu_223_p3                  |     |        | select_ln35_1 | select | auto_sel | 0       |
|    first_iter_4_fu_235_p2                   |     |        | first_iter_4  | seteq  | auto     | 0       |
|    mul_5ns_32s_37_1_1_U98                   | 2   |        | empty_25      | mul    | auto     | 0       |
|    empty_27_fu_320_p2                       |     |        | empty_27      | add    | fabric   | 0       |
|    add_ln37_fu_253_p2                       |     |        | add_ln37      | add    | fabric   | 0       |
|    add_ln36_fu_259_p2                       |     |        | add_ln36      | add    | fabric   | 0       |
|    icmp_ln36_1_fu_265_p2                    |     |        | icmp_ln36_1   | seteq  | auto     | 0       |
|  + mmult_hw_Pipeline_load_b_VITIS_LOOP_28_2 | 2   |        |               |        |          |         |
|    icmp_ln27_fu_428_p2                      |     |        | icmp_ln27     | seteq  | auto     | 0       |
|    add_ln27_1_fu_434_p2                     |     |        | add_ln27_1    | add    | fabric   | 0       |
|    add_ln27_fu_446_p2                       |     |        | add_ln27      | add    | fabric   | 0       |
|    icmp_ln28_fu_452_p2                      |     |        | icmp_ln28     | seteq  | auto     | 0       |
|    select_ln27_fu_458_p3                    |     |        | select_ln27   | select | auto_sel | 0       |
|    select_ln27_1_fu_466_p3                  |     |        | select_ln27_1 | select | auto_sel | 0       |
|    first_iter_2_fu_474_p2                   |     |        | first_iter_2  | seteq  | auto     | 0       |
|    mul_5ns_32s_36_1_1_U25                   | 2   |        | p_cast25      | mul    | auto     | 0       |
|    tmp1_fu_490_p2                           |     |        | tmp1          | add    | fabric   | 0       |
|    empty_30_fu_524_p2                       |     |        | empty_30      | add    | fabric   | 0       |
|    empty_31_fu_541_p2                       |     |        | empty_31      | add    | fabric   | 0       |
|    add_ln28_fu_500_p2                       |     |        | add_ln28      | add    | fabric   | 0       |
|  + mmult_hw_Pipeline_comp_i_comp_j          | 48  |        |               |        |          |         |
|    icmp_ln30_fu_661_p2                      |     |        | icmp_ln30     | seteq  | auto     | 0       |
|    add_ln30_1_fu_667_p2                     |     |        | add_ln30_1    | add    | fabric   | 0       |
|    add_ln30_fu_679_p2                       |     |        | add_ln30      | add    | fabric   | 0       |
|    icmp_ln31_fu_685_p2                      |     |        | icmp_ln31     | seteq  | auto     | 0       |
|    select_ln30_fu_691_p3                    |     |        | select_ln30   | select | auto_sel | 0       |
|    select_ln30_1_fu_699_p3                  |     |        | select_ln30_1 | select | auto_sel | 0       |
|    empty_fu_763_p2                          |     |        | empty         | add    | fabric   | 0       |
|    mul_32s_32s_32_1_1_U48                   | 3   |        | mul_ln33      | mul    | auto     | 0       |
|    mul_32s_32s_32_1_1_U49                   | 3   |        | mul_ln33_1    | mul    | auto     | 0       |
|    mul_32s_32s_32_1_1_U50                   | 3   |        | mul_ln33_2    | mul    | auto     | 0       |
|    mul_32s_32s_32_1_1_U51                   | 3   |        | mul_ln33_3    | mul    | auto     | 0       |
|    mul_32s_32s_32_1_1_U52                   | 3   |        | mul_ln33_4    | mul    | auto     | 0       |
|    mul_32s_32s_32_1_1_U53                   | 3   |        | mul_ln33_5    | mul    | auto     | 0       |
|    mul_32s_32s_32_1_1_U54                   | 3   |        | mul_ln33_6    | mul    | auto     | 0       |
|    mul_32s_32s_32_1_1_U55                   | 3   |        | mul_ln33_7    | mul    | auto     | 0       |
|    mul_32s_32s_32_1_1_U56                   | 3   |        | mul_ln33_8    | mul    | auto     | 0       |
|    mul_32s_32s_32_1_1_U57                   | 3   |        | mul_ln33_9    | mul    | auto     | 0       |
|    mul_32s_32s_32_1_1_U58                   | 3   |        | mul_ln33_10   | mul    | auto     | 0       |
|    mul_32s_32s_32_1_1_U59                   | 3   |        | mul_ln33_11   | mul    | auto     | 0       |
|    mul_32s_32s_32_1_1_U60                   | 3   |        | mul_ln33_12   | mul    | auto     | 0       |
|    mul_32s_32s_32_1_1_U61                   | 3   |        | mul_ln33_13   | mul    | auto     | 0       |
|    mul_32s_32s_32_1_1_U62                   | 3   |        | mul_ln33_14   | mul    | auto     | 0       |
|    mul_32s_32s_32_1_1_U63                   | 3   |        | mul_ln33_15   | mul    | auto     | 0       |
|    add_ln33_1_fu_794_p2                     |     |        | add_ln33_1    | add    | fabric   | 0       |
|    add_ln33_4_fu_806_p2                     |     |        | add_ln33_4    | add    | fabric   | 0       |
|    add_ln33_7_fu_818_p2                     |     |        | add_ln33_7    | add    | fabric   | 0       |
|    add_ln33_8_fu_824_p2                     |     |        | add_ln33_8    | add    | fabric   | 0       |
|    add_ln31_fu_769_p2                       |     |        | add_ln31      | add    | fabric   | 0       |
+---------------------------------------------+-----+--------+---------------+--------+----------+---------+


================================================================
== Storage Report
================================================================
+----------------+---------------+-----------+------+------+--------+----------+------+---------+------------------+
| Name           | Usage         | Type      | BRAM | URAM | Pragma | Variable | Impl | Latency | Bitwidth, Depth, |
|                |               |           |      |      |        |          |      |         | Banks            |
+----------------+---------------+-----------+------+------+--------+----------+------+---------+------------------+
| + mmult_hw     |               |           | 6    | 0    |        |          |      |         |                  |
|   CTRL_s_axi_U | interface     | s_axilite |      |      |        |          |      |         |                  |
|   gmem_m_axi_U | interface     | m_axi     | 4    |      |        |          |      |         |                  |
|   tA_U         | ram_1p array  |           |      |      |        | tA       | auto | 1       | 32, 16, 1        |
|   tA_1_U       | ram_1p array  |           |      |      |        | tA_1     | auto | 1       | 32, 16, 1        |
|   tA_2_U       | ram_1p array  |           |      |      |        | tA_2     | auto | 1       | 32, 16, 1        |
|   tA_3_U       | ram_1p array  |           |      |      |        | tA_3     | auto | 1       | 32, 16, 1        |
|   tA_4_U       | ram_1p array  |           |      |      |        | tA_4     | auto | 1       | 32, 16, 1        |
|   tA_5_U       | ram_1p array  |           |      |      |        | tA_5     | auto | 1       | 32, 16, 1        |
|   tA_6_U       | ram_1p array  |           |      |      |        | tA_6     | auto | 1       | 32, 16, 1        |
|   tA_7_U       | ram_1p array  |           |      |      |        | tA_7     | auto | 1       | 32, 16, 1        |
|   tA_8_U       | ram_1p array  |           |      |      |        | tA_8     | auto | 1       | 32, 16, 1        |
|   tA_9_U       | ram_1p array  |           |      |      |        | tA_9     | auto | 1       | 32, 16, 1        |
|   tA_10_U      | ram_1p array  |           |      |      |        | tA_10    | auto | 1       | 32, 16, 1        |
|   tA_11_U      | ram_1p array  |           |      |      |        | tA_11    | auto | 1       | 32, 16, 1        |
|   tA_12_U      | ram_1p array  |           |      |      |        | tA_12    | auto | 1       | 32, 16, 1        |
|   tA_13_U      | ram_1p array  |           |      |      |        | tA_13    | auto | 1       | 32, 16, 1        |
|   tA_14_U      | ram_1p array  |           |      |      |        | tA_14    | auto | 1       | 32, 16, 1        |
|   tA_15_U      | ram_1p array  |           |      |      |        | tA_15    | auto | 1       | 32, 16, 1        |
|   tB_U         | ram_1p array  |           |      |      |        | tB       | auto | 1       | 32, 16, 1        |
|   tB_1_U       | ram_1p array  |           |      |      |        | tB_1     | auto | 1       | 32, 16, 1        |
|   tB_2_U       | ram_1p array  |           |      |      |        | tB_2     | auto | 1       | 32, 16, 1        |
|   tB_3_U       | ram_1p array  |           |      |      |        | tB_3     | auto | 1       | 32, 16, 1        |
|   tB_4_U       | ram_1p array  |           |      |      |        | tB_4     | auto | 1       | 32, 16, 1        |
|   tB_5_U       | ram_1p array  |           |      |      |        | tB_5     | auto | 1       | 32, 16, 1        |
|   tB_6_U       | ram_1p array  |           |      |      |        | tB_6     | auto | 1       | 32, 16, 1        |
|   tB_7_U       | ram_1p array  |           |      |      |        | tB_7     | auto | 1       | 32, 16, 1        |
|   tB_8_U       | ram_1p array  |           |      |      |        | tB_8     | auto | 1       | 32, 16, 1        |
|   tB_9_U       | ram_1p array  |           |      |      |        | tB_9     | auto | 1       | 32, 16, 1        |
|   tB_10_U      | ram_1p array  |           |      |      |        | tB_10    | auto | 1       | 32, 16, 1        |
|   tB_11_U      | ram_1p array  |           |      |      |        | tB_11    | auto | 1       | 32, 16, 1        |
|   tB_12_U      | ram_1p array  |           |      |      |        | tB_12    | auto | 1       | 32, 16, 1        |
|   tB_13_U      | ram_1p array  |           |      |      |        | tB_13    | auto | 1       | 32, 16, 1        |
|   tB_14_U      | ram_1p array  |           |      |      |        | tB_14    | auto | 1       | 32, 16, 1        |
|   tB_15_U      | ram_1p array  |           |      |      |        | tB_15    | auto | 1       | 32, 16, 1        |
|   tC_U         | ram_s2p array |           | 2    |      |        | tC       | auto | 1       | 32, 256, 1       |
+----------------+---------------+-----------+------+------+--------+----------+------+---------+------------------+


================================================================
== Pragma Report
================================================================
* Valid Pragma Syntax
+-----------+-----------------------------------+-------------------------------------------+
| Type      | Options                           | Location                                  |
+-----------+-----------------------------------+-------------------------------------------+
| interface | m_axi depth=16384 port=in1        | mmult_baseline.cpp:9 in mmult_hw, in1     |
| interface | m_axi depth=16384 port=in2        | mmult_baseline.cpp:10 in mmult_hw, in2    |
| interface | m_axi depth=16384 port=out        | mmult_baseline.cpp:11 in mmult_hw, out    |
| interface | s_axilite port=dim bundle=CTRL    | mmult_baseline.cpp:12 in mmult_hw, dim    |
| interface | s_axilite port=return bundle=CTRL | mmult_baseline.cpp:13 in mmult_hw, return |
+-----------+-----------------------------------+-------------------------------------------+


