

================================================================
== Vitis HLS Report for 'mmult_hw_Pipeline_comp_k'
================================================================
* Date:           Mon Feb 23 03:00:59 2026

* Version:        2024.1 (Build 5069499 on May 21 2024)
* Project:        matmul_D13_Tiled_FullAP
* Solution:       hls (Vivado IP Flow Target)
* Product family: zynquplus
* Target device:  xczu3eg-sbva484-1-e


================================================================
== Performance Estimates
================================================================
+ Timing: 
    * Summary: 
    +--------+----------+----------+------------+
    |  Clock |  Target  | Estimated| Uncertainty|
    +--------+----------+----------+------------+
    |ap_clk  |  10.00 ns|  6.142 ns|     2.70 ns|
    +--------+----------+----------+------------+

+ Latency: 
    * Summary: 
    +---------+---------+----------+----------+-----+-----+-----------------------------------------------+
    |  Latency (cycles) |  Latency (absolute) |  Interval |                    Pipeline                   |
    |   min   |   max   |    min   |    max   | min | max |                      Type                     |
    +---------+---------+----------+----------+-----+-----+-----------------------------------------------+
    |       18|       18|  0.180 us|  0.180 us|   17|   17|  loop auto-rewind stp(delay=0 clock cycles(s))|
    +---------+---------+----------+----------+-----+-----+-----------------------------------------------+

    + Detail: 
        * Instance: 
        N/A

        * Loop: 
        +----------+---------+---------+----------+-----------+-----------+------+----------+
        |          |  Latency (cycles) | Iteration|  Initiation Interval  | Trip |          |
        | Loop Name|   min   |   max   |  Latency |  achieved |   target  | Count| Pipelined|
        +----------+---------+---------+----------+-----------+-----------+------+----------+
        |- comp_k  |       16|       16|         1|          1|          1|    16|       yes|
        +----------+---------+---------+----------+-----------+-----------+------+----------+

============================================================
+ Verbose Summary: Synthesis Manager
============================================================
InlineROM: 1
ExposeGlobal: 0
============================================================
+ Verbose Summary: CDFG Model
============================================================
IsTopModel: 0
ResetActiveHigh: 1
IsCombinational: 0
IsDatapathOnly: 0
HasWiredReturn: 1
HasMFsm: 2
HasVarLatency: 1
IsPipeline: 0
IsRtlPipelined: 0
IsInstanceOverlapped: 0
IsDontTouch: 0
HasImplIP: 0
IsGatedGlobalClock: 0

+ Individual pipeline summary: 
  * Pipeline-0: initiation interval (II) = 1, depth = 2


============================================================
+ Verbose Summary: Schedule
============================================================
* Number of FSM states : 2
* Pipeline : 1
  Pipeline-0 : II = 1, D = 2, States = { 1 2 }
* Dataflow Pipeline: 0

* FSM state transitions: 
1 --> 2 
2 --> 

* FSM state operations: 

State 1 <SV = 0> <Delay = 0.48>
ST_1 : Operation 4 [1/1] (0.00ns)   --->   "%acc_1 = alloca i32 1" [mmult_baseline.cpp:34]   --->   Operation 4 'alloca' 'acc_1' <Predicate = true> <Delay = 0.00>
ST_1 : Operation 5 [1/1] (0.00ns)   --->   "%k = alloca i32 1" [mmult_baseline.cpp:35]   --->   Operation 5 'alloca' 'k' <Predicate = true> <Delay = 0.00>
ST_1 : Operation 6 [1/1] (0.00ns)   --->   "%tB_15_load_read = read i32 @_ssdm_op_Read.ap_auto.i32, i32 %tB_15_load"   --->   Operation 6 'read' 'tB_15_load_read' <Predicate = true> <Delay = 0.00>
ST_1 : Operation 7 [1/1] (0.00ns)   --->   "%tB_14_load_read = read i32 @_ssdm_op_Read.ap_auto.i32, i32 %tB_14_load"   --->   Operation 7 'read' 'tB_14_load_read' <Predicate = true> <Delay = 0.00>
ST_1 : Operation 8 [1/1] (0.00ns)   --->   "%tB_13_load_read = read i32 @_ssdm_op_Read.ap_auto.i32, i32 %tB_13_load"   --->   Operation 8 'read' 'tB_13_load_read' <Predicate = true> <Delay = 0.00>
ST_1 : Operation 9 [1/1] (0.00ns)   --->   "%tB_12_load_read = read i32 @_ssdm_op_Read.ap_auto.i32, i32 %tB_12_load"   --->   Operation 9 'read' 'tB_12_load_read' <Predicate = true> <Delay = 0.00>
ST_1 : Operation 10 [1/1] (0.00ns)   --->   "%tB_11_load_read = read i32 @_ssdm_op_Read.ap_auto.i32, i32 %tB_11_load"   --->   Operation 10 'read' 'tB_11_load_read' <Predicate = true> <Delay = 0.00>
ST_1 : Operation 11 [1/1] (0.00ns)   --->   "%tB_10_load_read = read i32 @_ssdm_op_Read.ap_auto.i32, i32 %tB_10_load"   --->   Operation 11 'read' 'tB_10_load_read' <Predicate = true> <Delay = 0.00>
ST_1 : Operation 12 [1/1] (0.00ns)   --->   "%tB_9_load_read = read i32 @_ssdm_op_Read.ap_auto.i32, i32 %tB_9_load"   --->   Operation 12 'read' 'tB_9_load_read' <Predicate = true> <Delay = 0.00>
ST_1 : Operation 13 [1/1] (0.00ns)   --->   "%tB_8_load_read = read i32 @_ssdm_op_Read.ap_auto.i32, i32 %tB_8_load"   --->   Operation 13 'read' 'tB_8_load_read' <Predicate = true> <Delay = 0.00>
ST_1 : Operation 14 [1/1] (0.00ns)   --->   "%tB_7_load_read = read i32 @_ssdm_op_Read.ap_auto.i32, i32 %tB_7_load"   --->   Operation 14 'read' 'tB_7_load_read' <Predicate = true> <Delay = 0.00>
ST_1 : Operation 15 [1/1] (0.00ns)   --->   "%tB_6_load_read = read i32 @_ssdm_op_Read.ap_auto.i32, i32 %tB_6_load"   --->   Operation 15 'read' 'tB_6_load_read' <Predicate = true> <Delay = 0.00>
ST_1 : Operation 16 [1/1] (0.00ns)   --->   "%tB_5_load_read = read i32 @_ssdm_op_Read.ap_auto.i32, i32 %tB_5_load"   --->   Operation 16 'read' 'tB_5_load_read' <Predicate = true> <Delay = 0.00>
ST_1 : Operation 17 [1/1] (0.00ns)   --->   "%tB_4_load_read = read i32 @_ssdm_op_Read.ap_auto.i32, i32 %tB_4_load"   --->   Operation 17 'read' 'tB_4_load_read' <Predicate = true> <Delay = 0.00>
ST_1 : Operation 18 [1/1] (0.00ns)   --->   "%tB_3_load_read = read i32 @_ssdm_op_Read.ap_auto.i32, i32 %tB_3_load"   --->   Operation 18 'read' 'tB_3_load_read' <Predicate = true> <Delay = 0.00>
ST_1 : Operation 19 [1/1] (0.00ns)   --->   "%tB_2_load_read = read i32 @_ssdm_op_Read.ap_auto.i32, i32 %tB_2_load"   --->   Operation 19 'read' 'tB_2_load_read' <Predicate = true> <Delay = 0.00>
ST_1 : Operation 20 [1/1] (0.00ns)   --->   "%tB_1_load_read = read i32 @_ssdm_op_Read.ap_auto.i32, i32 %tB_1_load"   --->   Operation 20 'read' 'tB_1_load_read' <Predicate = true> <Delay = 0.00>
ST_1 : Operation 21 [1/1] (0.00ns)   --->   "%tB_load_read = read i32 @_ssdm_op_Read.ap_auto.i32, i32 %tB_load"   --->   Operation 21 'read' 'tB_load_read' <Predicate = true> <Delay = 0.00>
ST_1 : Operation 22 [1/1] (0.00ns)   --->   "%tA_15_load_read = read i32 @_ssdm_op_Read.ap_auto.i32, i32 %tA_15_load"   --->   Operation 22 'read' 'tA_15_load_read' <Predicate = true> <Delay = 0.00>
ST_1 : Operation 23 [1/1] (0.00ns)   --->   "%tA_14_load_read = read i32 @_ssdm_op_Read.ap_auto.i32, i32 %tA_14_load"   --->   Operation 23 'read' 'tA_14_load_read' <Predicate = true> <Delay = 0.00>
ST_1 : Operation 24 [1/1] (0.00ns)   --->   "%tA_13_load_read = read i32 @_ssdm_op_Read.ap_auto.i32, i32 %tA_13_load"   --->   Operation 24 'read' 'tA_13_load_read' <Predicate = true> <Delay = 0.00>
ST_1 : Operation 25 [1/1] (0.00ns)   --->   "%tA_12_load_read = read i32 @_ssdm_op_Read.ap_auto.i32, i32 %tA_12_load"   --->   Operation 25 'read' 'tA_12_load_read' <Predicate = true> <Delay = 0.00>
ST_1 : Operation 26 [1/1] (0.00ns)   --->   "%tA_11_load_read = read i32 @_ssdm_op_Read.ap_auto.i32, i32 %tA_11_load"   --->   Operation 26 'read' 'tA_11_load_read' <Predicate = true> <Delay = 0.00>
ST_1 : Operation 27 [1/1] (0.00ns)   --->   "%tA_10_load_read = read i32 @_ssdm_op_Read.ap_auto.i32, i32 %tA_10_load"   --->   Operation 27 'read' 'tA_10_load_read' <Predicate = true> <Delay = 0.00>
ST_1 : Operation 28 [1/1] (0.00ns)   --->   "%tA_9_load_read = read i32 @_ssdm_op_Read.ap_auto.i32, i32 %tA_9_load"   --->   Operation 28 'read' 'tA_9_load_read' <Predicate = true> <Delay = 0.00>
ST_1 : Operation 29 [1/1] (0.00ns)   --->   "%tA_8_load_read = read i32 @_ssdm_op_Read.ap_auto.i32, i32 %tA_8_load"   --->   Operation 29 'read' 'tA_8_load_read' <Predicate = true> <Delay = 0.00>
ST_1 : Operation 30 [1/1] (0.00ns)   --->   "%tA_7_load_read = read i32 @_ssdm_op_Read.ap_auto.i32, i32 %tA_7_load"   --->   Operation 30 'read' 'tA_7_load_read' <Predicate = true> <Delay = 0.00>
ST_1 : Operation 31 [1/1] (0.00ns)   --->   "%tA_6_load_read = read i32 @_ssdm_op_Read.ap_auto.i32, i32 %tA_6_load"   --->   Operation 31 'read' 'tA_6_load_read' <Predicate = true> <Delay = 0.00>
ST_1 : Operation 32 [1/1] (0.00ns)   --->   "%tA_5_load_read = read i32 @_ssdm_op_Read.ap_auto.i32, i32 %tA_5_load"   --->   Operation 32 'read' 'tA_5_load_read' <Predicate = true> <Delay = 0.00>
ST_1 : Operation 33 [1/1] (0.00ns)   --->   "%tA_4_load_read = read i32 @_ssdm_op_Read.ap_auto.i32, i32 %tA_4_load"   --->   Operation 33 'read' 'tA_4_load_read' <Predicate = true> <Delay = 0.00>
ST_1 : Operation 34 [1/1] (0.00ns)   --->   "%tA_3_load_read = read i32 @_ssdm_op_Read.ap_auto.i32, i32 %tA_3_load"   --->   Operation 34 'read' 'tA_3_load_read' <Predicate = true> <Delay = 0.00>
ST_1 : Operation 35 [1/1] (0.00ns)   --->   "%tA_2_load_read = read i32 @_ssdm_op_Read.ap_auto.i32, i32 %tA_2_load"   --->   Operation 35 'read' 'tA_2_load_read' <Predicate = true> <Delay = 0.00>
ST_1 : Operation 36 [1/1] (0.00ns)   --->   "%tA_1_load_read = read i32 @_ssdm_op_Read.ap_auto.i32, i32 %tA_1_load"   --->   Operation 36 'read' 'tA_1_load_read' <Predicate = true> <Delay = 0.00>
ST_1 : Operation 37 [1/1] (0.00ns)   --->   "%tA_load_read = read i32 @_ssdm_op_Read.ap_auto.i32, i32 %tA_load"   --->   Operation 37 'read' 'tA_load_read' <Predicate = true> <Delay = 0.00>
ST_1 : Operation 38 [1/1] (0.00ns)   --->   "%acc_read = read i32 @_ssdm_op_Read.ap_auto.i32, i32 %acc"   --->   Operation 38 'read' 'acc_read' <Predicate = true> <Delay = 0.00>
ST_1 : Operation 39 [1/1] (0.48ns)   --->   "%store_ln35 = store i5 0, i5 %k" [mmult_baseline.cpp:35]   --->   Operation 39 'store' 'store_ln35' <Predicate = true> <Delay = 0.48>
ST_1 : Operation 40 [1/1] (0.48ns)   --->   "%store_ln34 = store i32 %acc_read, i32 %acc_1" [mmult_baseline.cpp:34]   --->   Operation 40 'store' 'store_ln34' <Predicate = true> <Delay = 0.48>
ST_1 : Operation 41 [1/1] (0.00ns)   --->   "%br_ln0 = br void %for.inc104"   --->   Operation 41 'br' 'br_ln0' <Predicate = true> <Delay = 0.00>

State 2 <SV = 1> <Delay = 6.14>
ST_2 : Operation 42 [1/1] (0.00ns)   --->   "%k_1 = load i5 %k" [mmult_baseline.cpp:35]   --->   Operation 42 'load' 'k_1' <Predicate = true> <Delay = 0.00>
ST_2 : Operation 43 [1/1] (0.87ns)   --->   "%icmp_ln35 = icmp_eq  i5 %k_1, i5 16" [mmult_baseline.cpp:35]   --->   Operation 43 'icmp' 'icmp_ln35' <Predicate = true> <Delay = 0.87> <CoreInst = "Cmp">   --->   Core 9 'Cmp' <Latency = 0> <II = 1> <Delay = 0.87> <FuncUnit> <Opcode : 'seteq' 'setne' 'setle' 'setge' 'setlt' 'setgt'> <InPorts = 2> <OutPorts = 1>
ST_2 : Operation 44 [1/1] (0.87ns)   --->   "%add_ln35 = add i5 %k_1, i5 1" [mmult_baseline.cpp:35]   --->   Operation 44 'add' 'add_ln35' <Predicate = true> <Delay = 0.87> <CoreInst = "Adder">   --->   Core 1 'Adder' <Latency = 0> <II = 1> <Delay = 0.87> <FuncUnit> <Opcode : 'add' 'sub'> <InPorts = 2> <OutPorts = 1>
ST_2 : Operation 45 [1/1] (0.00ns)   --->   "%br_ln35 = br i1 %icmp_ln35, void %for.inc104.split, void %for.inc111.exitStub" [mmult_baseline.cpp:35]   --->   Operation 45 'br' 'br_ln35' <Predicate = true> <Delay = 0.00>
ST_2 : Operation 46 [1/1] (0.00ns)   --->   "%acc_1_load = load i32 %acc_1" [mmult_baseline.cpp:37]   --->   Operation 46 'load' 'acc_1_load' <Predicate = (!icmp_ln35)> <Delay = 0.00>
ST_2 : Operation 47 [1/1] (0.00ns)   --->   "%trunc_ln35 = trunc i5 %k_1" [mmult_baseline.cpp:35]   --->   Operation 47 'trunc' 'trunc_ln35' <Predicate = (!icmp_ln35)> <Delay = 0.00>
ST_2 : Operation 48 [1/1] (0.00ns)   --->   "%specpipeline_ln36 = specpipeline void @_ssdm_op_SpecPipeline, i32 1, i32 0, i32 0, i32 0, void @empty_0" [mmult_baseline.cpp:36]   --->   Operation 48 'specpipeline' 'specpipeline_ln36' <Predicate = (!icmp_ln35)> <Delay = 0.00>
ST_2 : Operation 49 [1/1] (0.00ns)   --->   "%speclooptripcount_ln34 = speclooptripcount void @_ssdm_op_SpecLoopTripCount, i64 16, i64 16, i64 16" [mmult_baseline.cpp:34]   --->   Operation 49 'speclooptripcount' 'speclooptripcount_ln34' <Predicate = (!icmp_ln35)> <Delay = 0.00>
ST_2 : Operation 50 [1/1] (0.00ns)   --->   "%specloopname_ln35 = specloopname void @_ssdm_op_SpecLoopName, void @empty_13" [mmult_baseline.cpp:35]   --->   Operation 50 'specloopname' 'specloopname_ln35' <Predicate = (!icmp_ln35)> <Delay = 0.00>
ST_2 : Operation 51 [1/1] (0.57ns)   --->   "%tmp_1 = sparsemux i32 @_ssdm_op_SparseMux.ap_auto.16i32.i32.i4, i4 0, i32 %tA_load_read, i4 1, i32 %tA_1_load_read, i4 2, i32 %tA_2_load_read, i4 3, i32 %tA_3_load_read, i4 4, i32 %tA_4_load_read, i4 5, i32 %tA_5_load_read, i4 6, i32 %tA_6_load_read, i4 7, i32 %tA_7_load_read, i4 8, i32 %tA_8_load_read, i4 9, i32 %tA_9_load_read, i4 10, i32 %tA_10_load_read, i4 11, i32 %tA_11_load_read, i4 12, i32 %tA_12_load_read, i4 13, i32 %tA_13_load_read, i4 14, i32 %tA_14_load_read, i4 15, i32 %tA_15_load_read, i32 0, i4 %trunc_ln35" [mmult_baseline.cpp:37]   --->   Operation 51 'sparsemux' 'tmp_1' <Predicate = (!icmp_ln35)> <Delay = 0.57> <CoreInst = "SparseMux">   --->   Core 144 'SparseMux' <Latency = 0> <II = 1> <Delay = 0.57> <FuncUnit> <Opcode : 'sparsemux'> <InPorts = 2> <OutPorts = 1>
ST_2 : Operation 52 [1/1] (0.57ns)   --->   "%tmp_2 = sparsemux i32 @_ssdm_op_SparseMux.ap_auto.16i32.i32.i4, i4 0, i32 %tB_load_read, i4 1, i32 %tB_1_load_read, i4 2, i32 %tB_2_load_read, i4 3, i32 %tB_3_load_read, i4 4, i32 %tB_4_load_read, i4 5, i32 %tB_5_load_read, i4 6, i32 %tB_6_load_read, i4 7, i32 %tB_7_load_read, i4 8, i32 %tB_8_load_read, i4 9, i32 %tB_9_load_read, i4 10, i32 %tB_10_load_read, i4 11, i32 %tB_11_load_read, i4 12, i32 %tB_12_load_read, i4 13, i32 %tB_13_load_read, i4 14, i32 %tB_14_load_read, i4 15, i32 %tB_15_load_read, i32 0, i4 %trunc_ln35" [mmult_baseline.cpp:37]   --->   Operation 52 'sparsemux' 'tmp_2' <Predicate = (!icmp_ln35)> <Delay = 0.57> <CoreInst = "SparseMux">   --->   Core 144 'SparseMux' <Latency = 0> <II = 1> <Delay = 0.57> <FuncUnit> <Opcode : 'sparsemux'> <InPorts = 2> <OutPorts = 1>
ST_2 : Operation 53 [1/1] (3.88ns)   --->   "%mul_ln37 = mul i32 %tmp_2, i32 %tmp_1" [mmult_baseline.cpp:37]   --->   Operation 53 'mul' 'mul_ln37' <Predicate = (!icmp_ln35)> <Delay = 3.88> <CoreInst = "Multiplier">   --->   Core 3 'Multiplier' <Latency = 0> <II = 1> <Delay = 3.88> <FuncUnit> <Opcode : 'mul'> <InPorts = 2> <OutPorts = 1>
ST_2 : Operation 54 [1/1] (1.20ns)   --->   "%acc_2 = add i32 %mul_ln37, i32 %acc_1_load" [mmult_baseline.cpp:37]   --->   Operation 54 'add' 'acc_2' <Predicate = (!icmp_ln35)> <Delay = 1.20> <CoreInst = "Adder">   --->   Core 1 'Adder' <Latency = 0> <II = 1> <Delay = 1.20> <FuncUnit> <Opcode : 'add' 'sub'> <InPorts = 2> <OutPorts = 1>
ST_2 : Operation 55 [1/1] (0.48ns)   --->   "%store_ln35 = store i5 %add_ln35, i5 %k" [mmult_baseline.cpp:35]   --->   Operation 55 'store' 'store_ln35' <Predicate = (!icmp_ln35)> <Delay = 0.48>
ST_2 : Operation 56 [1/1] (0.48ns)   --->   "%store_ln34 = store i32 %acc_2, i32 %acc_1" [mmult_baseline.cpp:34]   --->   Operation 56 'store' 'store_ln34' <Predicate = (!icmp_ln35)> <Delay = 0.48>
ST_2 : Operation 57 [1/1] (0.00ns)   --->   "%br_ln35 = br void %for.inc104" [mmult_baseline.cpp:35]   --->   Operation 57 'br' 'br_ln35' <Predicate = (!icmp_ln35)> <Delay = 0.00>
ST_2 : Operation 58 [1/1] (0.00ns)   --->   "%acc_1_load_1 = load i32 %acc_1"   --->   Operation 58 'load' 'acc_1_load_1' <Predicate = (icmp_ln35)> <Delay = 0.00>
ST_2 : Operation 59 [1/1] (0.00ns)   --->   "%write_ln0 = write void @_ssdm_op_Write.ap_auto.i32P0A, i32 %acc_1_out, i32 %acc_1_load_1"   --->   Operation 59 'write' 'write_ln0' <Predicate = (icmp_ln35)> <Delay = 0.00>
ST_2 : Operation 60 [1/1] (0.48ns)   --->   "%ret_ln0 = ret"   --->   Operation 60 'ret' 'ret_ln0' <Predicate = (icmp_ln35)> <Delay = 0.48>


============================================================
+ Verbose Summary: Binding
============================================================
STG Binding: 
---------------- STG Properties BEGIN ----------------
- Is combinational: 0
- Is one-state seq: 0
- Is datapath-only: 0
- Is pipelined: 0
- Is top level: 0
Port [ Return ] is wired: 1; IO mode=ap_ctrl_hs:ce=0
Port [ acc]:  wired=1; compound=0; hidden=0; nouse=0; global=0; static=0; extern=0; dir=0; type=0; pingpong=0; private_global=0; IO mode=ap_none:ce=0
Port [ tA_load]:  wired=1; compound=0; hidden=0; nouse=0; global=0; static=0; extern=0; dir=0; type=0; pingpong=0; private_global=0; IO mode=ap_none:ce=0
Port [ tA_1_load]:  wired=1; compound=0; hidden=0; nouse=0; global=0; static=0; extern=0; dir=0; type=0; pingpong=0; private_global=0; IO mode=ap_none:ce=0
Port [ tA_2_load]:  wired=1; compound=0; hidden=0; nouse=0; global=0; static=0; extern=0; dir=0; type=0; pingpong=0; private_global=0; IO mode=ap_none:ce=0
Port [ tA_3_load]:  wired=1; compound=0; hidden=0; nouse=0; global=0; static=0; extern=0; dir=0; type=0; pingpong=0; private_global=0; IO mode=ap_none:ce=0
Port [ tA_4_load]:  wired=1; compound=0; hidden=0; nouse=0; global=0; static=0; extern=0; dir=0; type=0; pingpong=0; private_global=0; IO mode=ap_none:ce=0
Port [ tA_5_load]:  wired=1; compound=0; hidden=0; nouse=0; global=0; static=0; extern=0; dir=0; type=0; pingpong=0; private_global=0; IO mode=ap_none:ce=0
Port [ tA_6_load]:  wired=1; compound=0; hidden=0; nouse=0; global=0; static=0; extern=0; dir=0; type=0; pingpong=0; private_global=0; IO mode=ap_none:ce=0
Port [ tA_7_load]:  wired=1; compound=0; hidden=0; nouse=0; global=0; static=0; extern=0; dir=0; type=0; pingpong=0; private_global=0; IO mode=ap_none:ce=0
Port [ tA_8_load]:  wired=1; compound=0; hidden=0; nouse=0; global=0; static=0; extern=0; dir=0; type=0; pingpong=0; private_global=0; IO mode=ap_none:ce=0
Port [ tA_9_load]:  wired=1; compound=0; hidden=0; nouse=0; global=0; static=0; extern=0; dir=0; type=0; pingpong=0; private_global=0; IO mode=ap_none:ce=0
Port [ tA_10_load]:  wired=1; compound=0; hidden=0; nouse=0; global=0; static=0; extern=0; dir=0; type=0; pingpong=0; private_global=0; IO mode=ap_none:ce=0
Port [ tA_11_load]:  wired=1; compound=0; hidden=0; nouse=0; global=0; static=0; extern=0; dir=0; type=0; pingpong=0; private_global=0; IO mode=ap_none:ce=0
Port [ tA_12_load]:  wired=1; compound=0; hidden=0; nouse=0; global=0; static=0; extern=0; dir=0; type=0; pingpong=0; private_global=0; IO mode=ap_none:ce=0
Port [ tA_13_load]:  wired=1; compound=0; hidden=0; nouse=0; global=0; static=0; extern=0; dir=0; type=0; pingpong=0; private_global=0; IO mode=ap_none:ce=0
Port [ tA_14_load]:  wired=1; compound=0; hidden=0; nouse=0; global=0; static=0; extern=0; dir=0; type=0; pingpong=0; private_global=0; IO mode=ap_none:ce=0
Port [ tA_15_load]:  wired=1; compound=0; hidden=0; nouse=0; global=0; static=0; extern=0; dir=0; type=0; pingpong=0; private_global=0; IO mode=ap_none:ce=0
Port [ tB_load]:  wired=1; compound=0; hidden=0; nouse=0; global=0; static=0; extern=0; dir=0; type=0; pingpong=0; private_global=0; IO mode=ap_none:ce=0
Port [ tB_1_load]:  wired=1; compound=0; hidden=0; nouse=0; global=0; static=0; extern=0; dir=0; type=0; pingpong=0; private_global=0; IO mode=ap_none:ce=0
Port [ tB_2_load]:  wired=1; compound=0; hidden=0; nouse=0; global=0; static=0; extern=0; dir=0; type=0; pingpong=0; private_global=0; IO mode=ap_none:ce=0
Port [ tB_3_load]:  wired=1; compound=0; hidden=0; nouse=0; global=0; static=0; extern=0; dir=0; type=0; pingpong=0; private_global=0; IO mode=ap_none:ce=0
Port [ tB_4_load]:  wired=1; compound=0; hidden=0; nouse=0; global=0; static=0; extern=0; dir=0; type=0; pingpong=0; private_global=0; IO mode=ap_none:ce=0
Port [ tB_5_load]:  wired=1; compound=0; hidden=0; nouse=0; global=0; static=0; extern=0; dir=0; type=0; pingpong=0; private_global=0; IO mode=ap_none:ce=0
Port [ tB_6_load]:  wired=1; compound=0; hidden=0; nouse=0; global=0; static=0; extern=0; dir=0; type=0; pingpong=0; private_global=0; IO mode=ap_none:ce=0
Port [ tB_7_load]:  wired=1; compound=0; hidden=0; nouse=0; global=0; static=0; extern=0; dir=0; type=0; pingpong=0; private_global=0; IO mode=ap_none:ce=0
Port [ tB_8_load]:  wired=1; compound=0; hidden=0; nouse=0; global=0; static=0; extern=0; dir=0; type=0; pingpong=0; private_global=0; IO mode=ap_none:ce=0
Port [ tB_9_load]:  wired=1; compound=0; hidden=0; nouse=0; global=0; static=0; extern=0; dir=0; type=0; pingpong=0; private_global=0; IO mode=ap_none:ce=0
Port [ tB_10_load]:  wired=1; compound=0; hidden=0; nouse=0; global=0; static=0; extern=0; dir=0; type=0; pingpong=0; private_global=0; IO mode=ap_none:ce=0
Port [ tB_11_load]:  wired=1; compound=0; hidden=0; nouse=0; global=0; static=0; extern=0; dir=0; type=0; pingpong=0; private_global=0; IO mode=ap_none:ce=0
Port [ tB_12_load]:  wired=1; compound=0; hidden=0; nouse=0; global=0; static=0; extern=0; dir=0; type=0; pingpong=0; private_global=0; IO mode=ap_none:ce=0
Port [ tB_13_load]:  wired=1; compound=0; hidden=0; nouse=0; global=0; static=0; extern=0; dir=0; type=0; pingpong=0; private_global=0; IO mode=ap_none:ce=0
Port [ tB_14_load]:  wired=1; compound=0; hidden=0; nouse=0; global=0; static=0; extern=0; dir=0; type=0; pingpong=0; private_global=0; IO mode=ap_none:ce=0
Port [ tB_15_load]:  wired=1; compound=0; hidden=0; nouse=0; global=0; static=0; extern=0; dir=0; type=0; pingpong=0; private_global=0; IO mode=ap_none:ce=0
Port [ acc_1_out]:  wired=1; compound=0; hidden=0; nouse=0; global=0; static=0; extern=0; dir=1; type=0; pingpong=0; private_global=0; IO mode=ap_vld:ce=0
---------------- STG Properties END ------------------

---------------- Datapath Model BEGIN ----------------

<LifeTime>
<method=bitvector/>
acc_1                  (alloca           ) [ 011]
k                      (alloca           ) [ 011]
tB_15_load_read        (read             ) [ 011]
tB_14_load_read        (read             ) [ 011]
tB_13_load_read        (read             ) [ 011]
tB_12_load_read        (read             ) [ 011]
tB_11_load_read        (read             ) [ 011]
tB_10_load_read        (read             ) [ 011]
tB_9_load_read         (read             ) [ 011]
tB_8_load_read         (read             ) [ 011]
tB_7_load_read         (read             ) [ 011]
tB_6_load_read         (read             ) [ 011]
tB_5_load_read         (read             ) [ 011]
tB_4_load_read         (read             ) [ 011]
tB_3_load_read         (read             ) [ 011]
tB_2_load_read         (read             ) [ 011]
tB_1_load_read         (read             ) [ 011]
tB_load_read           (read             ) [ 011]
tA_15_load_read        (read             ) [ 011]
tA_14_load_read        (read             ) [ 011]
tA_13_load_read        (read             ) [ 011]
tA_12_load_read        (read             ) [ 011]
tA_11_load_read        (read             ) [ 011]
tA_10_load_read        (read             ) [ 011]
tA_9_load_read         (read             ) [ 011]
tA_8_load_read         (read             ) [ 011]
tA_7_load_read         (read             ) [ 011]
tA_6_load_read         (read             ) [ 011]
tA_5_load_read         (read             ) [ 011]
tA_4_load_read         (read             ) [ 011]
tA_3_load_read         (read             ) [ 011]
tA_2_load_read         (read             ) [ 011]
tA_1_load_read         (read             ) [ 011]
tA_load_read           (read             ) [ 011]
acc_read               (read             ) [ 000]
store_ln35             (store            ) [ 000]
store_ln34             (store            ) [ 000]
br_ln0                 (br               ) [ 000]
k_1                    (load             ) [ 000]
icmp_ln35              (icmp             ) [ 011]
add_ln35               (add              ) [ 000]
br_ln35                (br               ) [ 000]
acc_1_load             (load             ) [ 000]
trunc_ln35             (trunc            ) [ 000]
specpipeline_ln36      (specpipeline     ) [ 000]
speclooptripcount_ln34 (speclooptripcount) [ 000]
specloopname_ln35      (specloopname     ) [ 000]
tmp_1                  (sparsemux        ) [ 000]
tmp_2                  (sparsemux        ) [ 000]
mul_ln37               (mul              ) [ 000]
acc_2                  (add              ) [ 000]
store_ln35             (store            ) [ 000]
store_ln34             (store            ) [ 000]
br_ln35                (br               ) [ 000]
acc_1_load_1           (load             ) [ 000]
write_ln0              (write            ) [ 000]
ret_ln0                (ret              ) [ 000]
</LifeTime>

<model>

<comp_list>
<comp id="0" class="1000" name="acc">
<pin_list>
<pin id="1" dir="1" index="0" bw="1" slack="0"/>
</pin_list>
<bind>
<StgValue><ssdm name="acc"/></StgValue>
</bind>
</comp>

<comp id="2" class="1000" name="tA_load">
<pin_list>
<pin id="3" dir="1" index="0" bw="1" slack="0"/>
</pin_list>
<bind>
<StgValue><ssdm name="tA_load"/></StgValue>
</bind>
</comp>

<comp id="4" class="1000" name="tA_1_load">
<pin_list>
<pin id="5" dir="1" index="0" bw="1" slack="0"/>
</pin_list>
<bind>
<StgValue><ssdm name="tA_1_load"/></StgValue>
</bind>
</comp>

<comp id="6" class="1000" name="tA_2_load">
<pin_list>
<pin id="7" dir="1" index="0" bw="1" slack="0"/>
</pin_list>
<bind>
<StgValue><ssdm name="tA_2_load"/></StgValue>
</bind>
</comp>

<comp id="8" class="1000" name="tA_3_load">
<pin_list>
<pin id="9" dir="1" index="0" bw="1" slack="0"/>
</pin_list>
<bind>
<StgValue><ssdm name="tA_3_load"/></StgValue>
</bind>
</comp>

<comp id="10" class="1000" name="tA_4_load">
<pin_list>
<pin id="11" dir="1" index="0" bw="1" slack="0"/>
</pin_list>
<bind>
<StgValue><ssdm name="tA_4_load"/></StgValue>
</bind>
</comp>

<comp id="12" class="1000" name="tA_5_load">
<pin_list>
<pin id="13" dir="1" index="0" bw="1" slack="0"/>
</pin_list>
<bind>
<StgValue><ssdm name="tA_5_load"/></StgValue>
</bind>
</comp>

<comp id="14" class="1000" name="tA_6_load">
<pin_list>
<pin id="15" dir="1" index="0" bw="1" slack="0"/>
</pin_list>
<bind>
<StgValue><ssdm name="tA_6_load"/></StgValue>
</bind>
</comp>

<comp id="16" class="1000" name="tA_7_load">
<pin_list>
<pin id="17" dir="1" index="0" bw="1" slack="0"/>
</pin_list>
<bind>
<StgValue><ssdm name="tA_7_load"/></StgValue>
</bind>
</comp>

<comp id="18" class="1000" name="tA_8_load">
<pin_list>
<pin id="19" dir="1" index="0" bw="1" slack="0"/>
</pin_list>
<bind>
<StgValue><ssdm name="tA_8_load"/></StgValue>
</bind>
</comp>

<comp id="20" class="1000" name="tA_9_load">
<pin_list>
<pin id="21" dir="1" index="0" bw="1" slack="0"/>
</pin_list>
<bind>
<StgValue><ssdm name="tA_9_load"/></StgValue>
</bind>
</comp>

<comp id="22" class="1000" name="tA_10_load">
<pin_list>
<pin id="23" dir="1" index="0" bw="1" slack="0"/>
</pin_list>
<bind>
<StgValue><ssdm name="tA_10_load"/></StgValue>
</bind>
</comp>

<comp id="24" class="1000" name="tA_11_load">
<pin_list>
<pin id="25" dir="1" index="0" bw="1" slack="0"/>
</pin_list>
<bind>
<StgValue><ssdm name="tA_11_load"/></StgValue>
</bind>
</comp>

<comp id="26" class="1000" name="tA_12_load">
<pin_list>
<pin id="27" dir="1" index="0" bw="1" slack="0"/>
</pin_list>
<bind>
<StgValue><ssdm name="tA_12_load"/></StgValue>
</bind>
</comp>

<comp id="28" class="1000" name="tA_13_load">
<pin_list>
<pin id="29" dir="1" index="0" bw="1" slack="0"/>
</pin_list>
<bind>
<StgValue><ssdm name="tA_13_load"/></StgValue>
</bind>
</comp>

<comp id="30" class="1000" name="tA_14_load">
<pin_list>
<pin id="31" dir="1" index="0" bw="1" slack="0"/>
</pin_list>
<bind>
<StgValue><ssdm name="tA_14_load"/></StgValue>
</bind>
</comp>

<comp id="32" class="1000" name="tA_15_load">
<pin_list>
<pin id="33" dir="1" index="0" bw="1" slack="0"/>
</pin_list>
<bind>
<StgValue><ssdm name="tA_15_load"/></StgValue>
</bind>
</comp>

<comp id="34" class="1000" name="tB_load">
<pin_list>
<pin id="35" dir="1" index="0" bw="1" slack="0"/>
</pin_list>
<bind>
<StgValue><ssdm name="tB_load"/></StgValue>
</bind>
</comp>

<comp id="36" class="1000" name="tB_1_load">
<pin_list>
<pin id="37" dir="1" index="0" bw="1" slack="0"/>
</pin_list>
<bind>
<StgValue><ssdm name="tB_1_load"/></StgValue>
</bind>
</comp>

<comp id="38" class="1000" name="tB_2_load">
<pin_list>
<pin id="39" dir="1" index="0" bw="1" slack="0"/>
</pin_list>
<bind>
<StgValue><ssdm name="tB_2_load"/></StgValue>
</bind>
</comp>

<comp id="40" class="1000" name="tB_3_load">
<pin_list>
<pin id="41" dir="1" index="0" bw="1" slack="0"/>
</pin_list>
<bind>
<StgValue><ssdm name="tB_3_load"/></StgValue>
</bind>
</comp>

<comp id="42" class="1000" name="tB_4_load">
<pin_list>
<pin id="43" dir="1" index="0" bw="1" slack="0"/>
</pin_list>
<bind>
<StgValue><ssdm name="tB_4_load"/></StgValue>
</bind>
</comp>

<comp id="44" class="1000" name="tB_5_load">
<pin_list>
<pin id="45" dir="1" index="0" bw="1" slack="0"/>
</pin_list>
<bind>
<StgValue><ssdm name="tB_5_load"/></StgValue>
</bind>
</comp>

<comp id="46" class="1000" name="tB_6_load">
<pin_list>
<pin id="47" dir="1" index="0" bw="1" slack="0"/>
</pin_list>
<bind>
<StgValue><ssdm name="tB_6_load"/></StgValue>
</bind>
</comp>

<comp id="48" class="1000" name="tB_7_load">
<pin_list>
<pin id="49" dir="1" index="0" bw="1" slack="0"/>
</pin_list>
<bind>
<StgValue><ssdm name="tB_7_load"/></StgValue>
</bind>
</comp>

<comp id="50" class="1000" name="tB_8_load">
<pin_list>
<pin id="51" dir="1" index="0" bw="1" slack="0"/>
</pin_list>
<bind>
<StgValue><ssdm name="tB_8_load"/></StgValue>
</bind>
</comp>

<comp id="52" class="1000" name="tB_9_load">
<pin_list>
<pin id="53" dir="1" index="0" bw="1" slack="0"/>
</pin_list>
<bind>
<StgValue><ssdm name="tB_9_load"/></StgValue>
</bind>
</comp>

<comp id="54" class="1000" name="tB_10_load">
<pin_list>
<pin id="55" dir="1" index="0" bw="1" slack="0"/>
</pin_list>
<bind>
<StgValue><ssdm name="tB_10_load"/></StgValue>
</bind>
</comp>

<comp id="56" class="1000" name="tB_11_load">
<pin_list>
<pin id="57" dir="1" index="0" bw="1" slack="0"/>
</pin_list>
<bind>
<StgValue><ssdm name="tB_11_load"/></StgValue>
</bind>
</comp>

<comp id="58" class="1000" name="tB_12_load">
<pin_list>
<pin id="59" dir="1" index="0" bw="1" slack="0"/>
</pin_list>
<bind>
<StgValue><ssdm name="tB_12_load"/></StgValue>
</bind>
</comp>

<comp id="60" class="1000" name="tB_13_load">
<pin_list>
<pin id="61" dir="1" index="0" bw="1" slack="0"/>
</pin_list>
<bind>
<StgValue><ssdm name="tB_13_load"/></StgValue>
</bind>
</comp>

<comp id="62" class="1000" name="tB_14_load">
<pin_list>
<pin id="63" dir="1" index="0" bw="1" slack="0"/>
</pin_list>
<bind>
<StgValue><ssdm name="tB_14_load"/></StgValue>
</bind>
</comp>

<comp id="64" class="1000" name="tB_15_load">
<pin_list>
<pin id="65" dir="1" index="0" bw="1" slack="0"/>
</pin_list>
<bind>
<StgValue><ssdm name="tB_15_load"/></StgValue>
</bind>
</comp>

<comp id="66" class="1000" name="acc_1_out">
<pin_list>
<pin id="67" dir="1" index="0" bw="1" slack="0"/>
</pin_list>
<bind>
<StgValue><ssdm name="acc_1_out"/></StgValue>
</bind>
</comp>

<comp id="68" class="1001" name="const_68">
<pin_list>
<pin id="69" dir="1" index="0" bw="1" slack="0"/>
</pin_list>
<bind>
<StgValue><ssdm name=""/></StgValue>
</bind>
</comp>

<comp id="70" class="1001" name="const_70">
<pin_list>
<pin id="71" dir="1" index="0" bw="1" slack="0"/>
</pin_list>
<bind>
<StgValue><ssdm name="_ssdm_op_Read.ap_auto.i32"/></StgValue>
</bind>
</comp>

<comp id="72" class="1001" name="const_72">
<pin_list>
<pin id="73" dir="1" index="0" bw="1" slack="0"/>
</pin_list>
<bind>
<StgValue><ssdm name=""/></StgValue>
</bind>
</comp>

<comp id="74" class="1001" name="const_74">
<pin_list>
<pin id="75" dir="1" index="0" bw="1" slack="0"/>
</pin_list>
<bind>
<StgValue><ssdm name=""/></StgValue>
</bind>
</comp>

<comp id="76" class="1001" name="const_76">
<pin_list>
<pin id="77" dir="1" index="0" bw="1" slack="0"/>
</pin_list>
<bind>
<StgValue><ssdm name=""/></StgValue>
</bind>
</comp>

<comp id="78" class="1001" name="const_78">
<pin_list>
<pin id="79" dir="1" index="0" bw="1" slack="2147483647"/>
</pin_list>
<bind>
<StgValue><ssdm name="_ssdm_op_SpecPipeline"/></StgValue>
</bind>
</comp>

<comp id="80" class="1001" name="const_80">
<pin_list>
<pin id="81" dir="1" index="0" bw="1" slack="2147483647"/>
</pin_list>
<bind>
<StgValue><ssdm name=""/></StgValue>
</bind>
</comp>

<comp id="82" class="1001" name="const_82">
<pin_list>
<pin id="83" dir="1" index="0" bw="1" slack="2147483647"/>
</pin_list>
<bind>
<StgValue><ssdm name="empty_0"/></StgValue>
</bind>
</comp>

<comp id="84" class="1001" name="const_84">
<pin_list>
<pin id="85" dir="1" index="0" bw="1" slack="2147483647"/>
</pin_list>
<bind>
<StgValue><ssdm name="_ssdm_op_SpecLoopTripCount"/></StgValue>
</bind>
</comp>

<comp id="86" class="1001" name="const_86">
<pin_list>
<pin id="87" dir="1" index="0" bw="1" slack="2147483647"/>
</pin_list>
<bind>
<StgValue><ssdm name=""/></StgValue>
</bind>
</comp>

<comp id="88" class="1001" name="const_88">
<pin_list>
<pin id="89" dir="1" index="0" bw="1" slack="2147483647"/>
</pin_list>
<bind>
<StgValue><ssdm name="_ssdm_op_SpecLoopName"/></StgValue>
</bind>
</comp>

<comp id="90" class="1001" name="const_90">
<pin_list>
<pin id="91" dir="1" index="0" bw="1" slack="2147483647"/>
</pin_list>
<bind>
<StgValue><ssdm name="empty_13"/></StgValue>
</bind>
</comp>

<comp id="92" class="1001" name="const_92">
<pin_list>
<pin id="93" dir="1" index="0" bw="1" slack="0"/>
</pin_list>
<bind>
<StgValue><ssdm name="_ssdm_op_SparseMux.ap_auto.16i32.i32.i4"/></StgValue>
</bind>
</comp>

<comp id="94" class="1001" name="const_94">
<pin_list>
<pin id="95" dir="1" index="0" bw="1" slack="0"/>
</pin_list>
<bind>
<StgValue><ssdm name=""/></StgValue>
</bind>
</comp>

<comp id="96" class="1001" name="const_96">
<pin_list>
<pin id="97" dir="1" index="0" bw="1" slack="0"/>
</pin_list>
<bind>
<StgValue><ssdm name=""/></StgValue>
</bind>
</comp>

<comp id="98" class="1001" name="const_98">
<pin_list>
<pin id="99" dir="1" index="0" bw="1" slack="0"/>
</pin_list>
<bind>
<StgValue><ssdm name=""/></StgValue>
</bind>
</comp>

<comp id="100" class="1001" name="const_100">
<pin_list>
<pin id="101" dir="1" index="0" bw="1" slack="0"/>
</pin_list>
<bind>
<StgValue><ssdm name=""/></StgValue>
</bind>
</comp>

<comp id="102" class="1001" name="const_102">
<pin_list>
<pin id="103" dir="1" index="0" bw="1" slack="0"/>
</pin_list>
<bind>
<StgValue><ssdm name=""/></StgValue>
</bind>
</comp>

<comp id="104" class="1001" name="const_104">
<pin_list>
<pin id="105" dir="1" index="0" bw="1" slack="0"/>
</pin_list>
<bind>
<StgValue><ssdm name=""/></StgValue>
</bind>
</comp>

<comp id="106" class="1001" name="const_106">
<pin_list>
<pin id="107" dir="1" index="0" bw="1" slack="0"/>
</pin_list>
<bind>
<StgValue><ssdm name=""/></StgValue>
</bind>
</comp>

<comp id="108" class="1001" name="const_108">
<pin_list>
<pin id="109" dir="1" index="0" bw="1" slack="0"/>
</pin_list>
<bind>
<StgValue><ssdm name=""/></StgValue>
</bind>
</comp>

<comp id="110" class="1001" name="const_110">
<pin_list>
<pin id="111" dir="1" index="0" bw="1" slack="0"/>
</pin_list>
<bind>
<StgValue><ssdm name=""/></StgValue>
</bind>
</comp>

<comp id="112" class="1001" name="const_112">
<pin_list>
<pin id="113" dir="1" index="0" bw="1" slack="0"/>
</pin_list>
<bind>
<StgValue><ssdm name=""/></StgValue>
</bind>
</comp>

<comp id="114" class="1001" name="const_114">
<pin_list>
<pin id="115" dir="1" index="0" bw="1" slack="0"/>
</pin_list>
<bind>
<StgValue><ssdm name=""/></StgValue>
</bind>
</comp>

<comp id="116" class="1001" name="const_116">
<pin_list>
<pin id="117" dir="1" index="0" bw="1" slack="0"/>
</pin_list>
<bind>
<StgValue><ssdm name=""/></StgValue>
</bind>
</comp>

<comp id="118" class="1001" name="const_118">
<pin_list>
<pin id="119" dir="1" index="0" bw="1" slack="0"/>
</pin_list>
<bind>
<StgValue><ssdm name=""/></StgValue>
</bind>
</comp>

<comp id="120" class="1001" name="const_120">
<pin_list>
<pin id="121" dir="1" index="0" bw="1" slack="0"/>
</pin_list>
<bind>
<StgValue><ssdm name=""/></StgValue>
</bind>
</comp>

<comp id="122" class="1001" name="const_122">
<pin_list>
<pin id="123" dir="1" index="0" bw="1" slack="0"/>
</pin_list>
<bind>
<StgValue><ssdm name=""/></StgValue>
</bind>
</comp>

<comp id="124" class="1001" name="const_124">
<pin_list>
<pin id="125" dir="1" index="0" bw="1" slack="0"/>
</pin_list>
<bind>
<StgValue><ssdm name=""/></StgValue>
</bind>
</comp>

<comp id="126" class="1001" name="const_126">
<pin_list>
<pin id="127" dir="1" index="0" bw="1" slack="0"/>
</pin_list>
<bind>
<StgValue><ssdm name=""/></StgValue>
</bind>
</comp>

<comp id="128" class="1001" name="const_128">
<pin_list>
<pin id="129" dir="1" index="0" bw="1" slack="0"/>
</pin_list>
<bind>
<StgValue><ssdm name="_ssdm_op_Write.ap_auto.i32P0A"/></StgValue>
</bind>
</comp>

<comp id="130" class="1004" name="acc_1_fu_130">
<pin_list>
<pin id="131" dir="0" index="0" bw="1" slack="0"/>
<pin id="132" dir="1" index="1" bw="32" slack="0"/>
</pin_list>
<bind>
<opcode="alloca(26) " fcode="alloca"/>
<opset="acc_1/1 "/>
</bind>
</comp>

<comp id="134" class="1004" name="k_fu_134">
<pin_list>
<pin id="135" dir="0" index="0" bw="1" slack="0"/>
<pin id="136" dir="1" index="1" bw="5" slack="0"/>
</pin_list>
<bind>
<opcode="alloca(26) " fcode="alloca"/>
<opset="k/1 "/>
</bind>
</comp>

<comp id="138" class="1004" name="tB_15_load_read_read_fu_138">
<pin_list>
<pin id="139" dir="0" index="0" bw="32" slack="0"/>
<pin id="140" dir="0" index="1" bw="32" slack="0"/>
<pin id="141" dir="1" index="2" bw="32" slack="1"/>
</pin_list>
<bind>
<opcode="read(1150) " fcode="read"/>
<opset="tB_15_load_read/1 "/>
</bind>
</comp>

<comp id="144" class="1004" name="tB_14_load_read_read_fu_144">
<pin_list>
<pin id="145" dir="0" index="0" bw="32" slack="0"/>
<pin id="146" dir="0" index="1" bw="32" slack="0"/>
<pin id="147" dir="1" index="2" bw="32" slack="1"/>
</pin_list>
<bind>
<opcode="read(1150) " fcode="read"/>
<opset="tB_14_load_read/1 "/>
</bind>
</comp>

<comp id="150" class="1004" name="tB_13_load_read_read_fu_150">
<pin_list>
<pin id="151" dir="0" index="0" bw="32" slack="0"/>
<pin id="152" dir="0" index="1" bw="32" slack="0"/>
<pin id="153" dir="1" index="2" bw="32" slack="1"/>
</pin_list>
<bind>
<opcode="read(1150) " fcode="read"/>
<opset="tB_13_load_read/1 "/>
</bind>
</comp>

<comp id="156" class="1004" name="tB_12_load_read_read_fu_156">
<pin_list>
<pin id="157" dir="0" index="0" bw="32" slack="0"/>
<pin id="158" dir="0" index="1" bw="32" slack="0"/>
<pin id="159" dir="1" index="2" bw="32" slack="1"/>
</pin_list>
<bind>
<opcode="read(1150) " fcode="read"/>
<opset="tB_12_load_read/1 "/>
</bind>
</comp>

<comp id="162" class="1004" name="tB_11_load_read_read_fu_162">
<pin_list>
<pin id="163" dir="0" index="0" bw="32" slack="0"/>
<pin id="164" dir="0" index="1" bw="32" slack="0"/>
<pin id="165" dir="1" index="2" bw="32" slack="1"/>
</pin_list>
<bind>
<opcode="read(1150) " fcode="read"/>
<opset="tB_11_load_read/1 "/>
</bind>
</comp>

<comp id="168" class="1004" name="tB_10_load_read_read_fu_168">
<pin_list>
<pin id="169" dir="0" index="0" bw="32" slack="0"/>
<pin id="170" dir="0" index="1" bw="32" slack="0"/>
<pin id="171" dir="1" index="2" bw="32" slack="1"/>
</pin_list>
<bind>
<opcode="read(1150) " fcode="read"/>
<opset="tB_10_load_read/1 "/>
</bind>
</comp>

<comp id="174" class="1004" name="tB_9_load_read_read_fu_174">
<pin_list>
<pin id="175" dir="0" index="0" bw="32" slack="0"/>
<pin id="176" dir="0" index="1" bw="32" slack="0"/>
<pin id="177" dir="1" index="2" bw="32" slack="1"/>
</pin_list>
<bind>
<opcode="read(1150) " fcode="read"/>
<opset="tB_9_load_read/1 "/>
</bind>
</comp>

<comp id="180" class="1004" name="tB_8_load_read_read_fu_180">
<pin_list>
<pin id="181" dir="0" index="0" bw="32" slack="0"/>
<pin id="182" dir="0" index="1" bw="32" slack="0"/>
<pin id="183" dir="1" index="2" bw="32" slack="1"/>
</pin_list>
<bind>
<opcode="read(1150) " fcode="read"/>
<opset="tB_8_load_read/1 "/>
</bind>
</comp>

<comp id="186" class="1004" name="tB_7_load_read_read_fu_186">
<pin_list>
<pin id="187" dir="0" index="0" bw="32" slack="0"/>
<pin id="188" dir="0" index="1" bw="32" slack="0"/>
<pin id="189" dir="1" index="2" bw="32" slack="1"/>
</pin_list>
<bind>
<opcode="read(1150) " fcode="read"/>
<opset="tB_7_load_read/1 "/>
</bind>
</comp>

<comp id="192" class="1004" name="tB_6_load_read_read_fu_192">
<pin_list>
<pin id="193" dir="0" index="0" bw="32" slack="0"/>
<pin id="194" dir="0" index="1" bw="32" slack="0"/>
<pin id="195" dir="1" index="2" bw="32" slack="1"/>
</pin_list>
<bind>
<opcode="read(1150) " fcode="read"/>
<opset="tB_6_load_read/1 "/>
</bind>
</comp>

<comp id="198" class="1004" name="tB_5_load_read_read_fu_198">
<pin_list>
<pin id="199" dir="0" index="0" bw="32" slack="0"/>
<pin id="200" dir="0" index="1" bw="32" slack="0"/>
<pin id="201" dir="1" index="2" bw="32" slack="1"/>
</pin_list>
<bind>
<opcode="read(1150) " fcode="read"/>
<opset="tB_5_load_read/1 "/>
</bind>
</comp>

<comp id="204" class="1004" name="tB_4_load_read_read_fu_204">
<pin_list>
<pin id="205" dir="0" index="0" bw="32" slack="0"/>
<pin id="206" dir="0" index="1" bw="32" slack="0"/>
<pin id="207" dir="1" index="2" bw="32" slack="1"/>
</pin_list>
<bind>
<opcode="read(1150) " fcode="read"/>
<opset="tB_4_load_read/1 "/>
</bind>
</comp>

<comp id="210" class="1004" name="tB_3_load_read_read_fu_210">
<pin_list>
<pin id="211" dir="0" index="0" bw="32" slack="0"/>
<pin id="212" dir="0" index="1" bw="32" slack="0"/>
<pin id="213" dir="1" index="2" bw="32" slack="1"/>
</pin_list>
<bind>
<opcode="read(1150) " fcode="read"/>
<opset="tB_3_load_read/1 "/>
</bind>
</comp>

<comp id="216" class="1004" name="tB_2_load_read_read_fu_216">
<pin_list>
<pin id="217" dir="0" index="0" bw="32" slack="0"/>
<pin id="218" dir="0" index="1" bw="32" slack="0"/>
<pin id="219" dir="1" index="2" bw="32" slack="1"/>
</pin_list>
<bind>
<opcode="read(1150) " fcode="read"/>
<opset="tB_2_load_read/1 "/>
</bind>
</comp>

<comp id="222" class="1004" name="tB_1_load_read_read_fu_222">
<pin_list>
<pin id="223" dir="0" index="0" bw="32" slack="0"/>
<pin id="224" dir="0" index="1" bw="32" slack="0"/>
<pin id="225" dir="1" index="2" bw="32" slack="1"/>
</pin_list>
<bind>
<opcode="read(1150) " fcode="read"/>
<opset="tB_1_load_read/1 "/>
</bind>
</comp>

<comp id="228" class="1004" name="tB_load_read_read_fu_228">
<pin_list>
<pin id="229" dir="0" index="0" bw="32" slack="0"/>
<pin id="230" dir="0" index="1" bw="32" slack="0"/>
<pin id="231" dir="1" index="2" bw="32" slack="1"/>
</pin_list>
<bind>
<opcode="read(1150) " fcode="read"/>
<opset="tB_load_read/1 "/>
</bind>
</comp>

<comp id="234" class="1004" name="tA_15_load_read_read_fu_234">
<pin_list>
<pin id="235" dir="0" index="0" bw="32" slack="0"/>
<pin id="236" dir="0" index="1" bw="32" slack="0"/>
<pin id="237" dir="1" index="2" bw="32" slack="1"/>
</pin_list>
<bind>
<opcode="read(1150) " fcode="read"/>
<opset="tA_15_load_read/1 "/>
</bind>
</comp>

<comp id="240" class="1004" name="tA_14_load_read_read_fu_240">
<pin_list>
<pin id="241" dir="0" index="0" bw="32" slack="0"/>
<pin id="242" dir="0" index="1" bw="32" slack="0"/>
<pin id="243" dir="1" index="2" bw="32" slack="1"/>
</pin_list>
<bind>
<opcode="read(1150) " fcode="read"/>
<opset="tA_14_load_read/1 "/>
</bind>
</comp>

<comp id="246" class="1004" name="tA_13_load_read_read_fu_246">
<pin_list>
<pin id="247" dir="0" index="0" bw="32" slack="0"/>
<pin id="248" dir="0" index="1" bw="32" slack="0"/>
<pin id="249" dir="1" index="2" bw="32" slack="1"/>
</pin_list>
<bind>
<opcode="read(1150) " fcode="read"/>
<opset="tA_13_load_read/1 "/>
</bind>
</comp>

<comp id="252" class="1004" name="tA_12_load_read_read_fu_252">
<pin_list>
<pin id="253" dir="0" index="0" bw="32" slack="0"/>
<pin id="254" dir="0" index="1" bw="32" slack="0"/>
<pin id="255" dir="1" index="2" bw="32" slack="1"/>
</pin_list>
<bind>
<opcode="read(1150) " fcode="read"/>
<opset="tA_12_load_read/1 "/>
</bind>
</comp>

<comp id="258" class="1004" name="tA_11_load_read_read_fu_258">
<pin_list>
<pin id="259" dir="0" index="0" bw="32" slack="0"/>
<pin id="260" dir="0" index="1" bw="32" slack="0"/>
<pin id="261" dir="1" index="2" bw="32" slack="1"/>
</pin_list>
<bind>
<opcode="read(1150) " fcode="read"/>
<opset="tA_11_load_read/1 "/>
</bind>
</comp>

<comp id="264" class="1004" name="tA_10_load_read_read_fu_264">
<pin_list>
<pin id="265" dir="0" index="0" bw="32" slack="0"/>
<pin id="266" dir="0" index="1" bw="32" slack="0"/>
<pin id="267" dir="1" index="2" bw="32" slack="1"/>
</pin_list>
<bind>
<opcode="read(1150) " fcode="read"/>
<opset="tA_10_load_read/1 "/>
</bind>
</comp>

<comp id="270" class="1004" name="tA_9_load_read_read_fu_270">
<pin_list>
<pin id="271" dir="0" index="0" bw="32" slack="0"/>
<pin id="272" dir="0" index="1" bw="32" slack="0"/>
<pin id="273" dir="1" index="2" bw="32" slack="1"/>
</pin_list>
<bind>
<opcode="read(1150) " fcode="read"/>
<opset="tA_9_load_read/1 "/>
</bind>
</comp>

<comp id="276" class="1004" name="tA_8_load_read_read_fu_276">
<pin_list>
<pin id="277" dir="0" index="0" bw="32" slack="0"/>
<pin id="278" dir="0" index="1" bw="32" slack="0"/>
<pin id="279" dir="1" index="2" bw="32" slack="1"/>
</pin_list>
<bind>
<opcode="read(1150) " fcode="read"/>
<opset="tA_8_load_read/1 "/>
</bind>
</comp>

<comp id="282" class="1004" name="tA_7_load_read_read_fu_282">
<pin_list>
<pin id="283" dir="0" index="0" bw="32" slack="0"/>
<pin id="284" dir="0" index="1" bw="32" slack="0"/>
<pin id="285" dir="1" index="2" bw="32" slack="1"/>
</pin_list>
<bind>
<opcode="read(1150) " fcode="read"/>
<opset="tA_7_load_read/1 "/>
</bind>
</comp>

<comp id="288" class="1004" name="tA_6_load_read_read_fu_288">
<pin_list>
<pin id="289" dir="0" index="0" bw="32" slack="0"/>
<pin id="290" dir="0" index="1" bw="32" slack="0"/>
<pin id="291" dir="1" index="2" bw="32" slack="1"/>
</pin_list>
<bind>
<opcode="read(1150) " fcode="read"/>
<opset="tA_6_load_read/1 "/>
</bind>
</comp>

<comp id="294" class="1004" name="tA_5_load_read_read_fu_294">
<pin_list>
<pin id="295" dir="0" index="0" bw="32" slack="0"/>
<pin id="296" dir="0" index="1" bw="32" slack="0"/>
<pin id="297" dir="1" index="2" bw="32" slack="1"/>
</pin_list>
<bind>
<opcode="read(1150) " fcode="read"/>
<opset="tA_5_load_read/1 "/>
</bind>
</comp>

<comp id="300" class="1004" name="tA_4_load_read_read_fu_300">
<pin_list>
<pin id="301" dir="0" index="0" bw="32" slack="0"/>
<pin id="302" dir="0" index="1" bw="32" slack="0"/>
<pin id="303" dir="1" index="2" bw="32" slack="1"/>
</pin_list>
<bind>
<opcode="read(1150) " fcode="read"/>
<opset="tA_4_load_read/1 "/>
</bind>
</comp>

<comp id="306" class="1004" name="tA_3_load_read_read_fu_306">
<pin_list>
<pin id="307" dir="0" index="0" bw="32" slack="0"/>
<pin id="308" dir="0" index="1" bw="32" slack="0"/>
<pin id="309" dir="1" index="2" bw="32" slack="1"/>
</pin_list>
<bind>
<opcode="read(1150) " fcode="read"/>
<opset="tA_3_load_read/1 "/>
</bind>
</comp>

<comp id="312" class="1004" name="tA_2_load_read_read_fu_312">
<pin_list>
<pin id="313" dir="0" index="0" bw="32" slack="0"/>
<pin id="314" dir="0" index="1" bw="32" slack="0"/>
<pin id="315" dir="1" index="2" bw="32" slack="1"/>
</pin_list>
<bind>
<opcode="read(1150) " fcode="read"/>
<opset="tA_2_load_read/1 "/>
</bind>
</comp>

<comp id="318" class="1004" name="tA_1_load_read_read_fu_318">
<pin_list>
<pin id="319" dir="0" index="0" bw="32" slack="0"/>
<pin id="320" dir="0" index="1" bw="32" slack="0"/>
<pin id="321" dir="1" index="2" bw="32" slack="1"/>
</pin_list>
<bind>
<opcode="read(1150) " fcode="read"/>
<opset="tA_1_load_read/1 "/>
</bind>
</comp>

<comp id="324" class="1004" name="tA_load_read_read_fu_324">
<pin_list>
<pin id="325" dir="0" index="0" bw="32" slack="0"/>
<pin id="326" dir="0" index="1" bw="32" slack="0"/>
<pin id="327" dir="1" index="2" bw="32" slack="1"/>
</pin_list>
<bind>
<opcode="read(1150) " fcode="read"/>
<opset="tA_load_read/1 "/>
</bind>
</comp>

<comp id="330" class="1004" name="acc_read_read_fu_330">
<pin_list>
<pin id="331" dir="0" index="0" bw="32" slack="0"/>
<pin id="332" dir="0" index="1" bw="32" slack="0"/>
<pin id="333" dir="1" index="2" bw="32" slack="0"/>
</pin_list>
<bind>
<opcode="read(1150) " fcode="read"/>
<opset="acc_read/1 "/>
</bind>
</comp>

<comp id="336" class="1004" name="write_ln0_write_fu_336">
<pin_list>
<pin id="337" dir="0" index="0" bw="0" slack="0"/>
<pin id="338" dir="0" index="1" bw="32" slack="0"/>
<pin id="339" dir="0" index="2" bw="32" slack="0"/>
<pin id="340" dir="1" index="3" bw="0" slack="2147483647"/>
</pin_list>
<bind>
<opcode="write(1151) " fcode="write"/>
<opset="write_ln0/2 "/>
</bind>
</comp>

<comp id="343" class="1004" name="mul_ln37_fu_343">
<pin_list>
<pin id="344" dir="0" index="0" bw="32" slack="0"/>
<pin id="345" dir="0" index="1" bw="32" slack="0"/>
<pin id="346" dir="1" index="2" bw="32" slack="0"/>
</pin_list>
<bind>
<opcode="mul(12) " fcode="mul"/>
<opset="mul_ln37/2 "/>
</bind>
</comp>

<comp id="347" class="1004" name="store_ln35_store_fu_347">
<pin_list>
<pin id="348" dir="0" index="0" bw="1" slack="0"/>
<pin id="349" dir="0" index="1" bw="5" slack="0"/>
<pin id="350" dir="1" index="2" bw="0" slack="2147483647"/>
</pin_list>
<bind>
<opcode="store(28) " fcode="store"/>
<opset="store_ln35/1 "/>
</bind>
</comp>

<comp id="352" class="1004" name="store_ln34_store_fu_352">
<pin_list>
<pin id="353" dir="0" index="0" bw="32" slack="0"/>
<pin id="354" dir="0" index="1" bw="32" slack="0"/>
<pin id="355" dir="1" index="2" bw="0" slack="2147483647"/>
</pin_list>
<bind>
<opcode="store(28) " fcode="store"/>
<opset="store_ln34/1 "/>
</bind>
</comp>

<comp id="357" class="1004" name="k_1_load_fu_357">
<pin_list>
<pin id="358" dir="0" index="0" bw="5" slack="1"/>
<pin id="359" dir="1" index="1" bw="5" slack="0"/>
</pin_list>
<bind>
<opcode="load(27) " fcode="load"/>
<opset="k_1/2 "/>
</bind>
</comp>

<comp id="360" class="1004" name="icmp_ln35_fu_360">
<pin_list>
<pin id="361" dir="0" index="0" bw="5" slack="0"/>
<pin id="362" dir="0" index="1" bw="5" slack="0"/>
<pin id="363" dir="1" index="2" bw="1" slack="2147483647"/>
</pin_list>
<bind>
<opcode="icmp(45) " fcode="icmp"/>
<opset="icmp_ln35/2 "/>
</bind>
</comp>

<comp id="366" class="1004" name="add_ln35_fu_366">
<pin_list>
<pin id="367" dir="0" index="0" bw="5" slack="0"/>
<pin id="368" dir="0" index="1" bw="1" slack="0"/>
<pin id="369" dir="1" index="2" bw="5" slack="0"/>
</pin_list>
<bind>
<opcode="add(8) " fcode="add"/>
<opset="add_ln35/2 "/>
</bind>
</comp>

<comp id="372" class="1004" name="acc_1_load_load_fu_372">
<pin_list>
<pin id="373" dir="0" index="0" bw="32" slack="1"/>
<pin id="374" dir="1" index="1" bw="32" slack="0"/>
</pin_list>
<bind>
<opcode="load(27) " fcode="load"/>
<opset="acc_1_load/2 "/>
</bind>
</comp>

<comp id="375" class="1004" name="trunc_ln35_fu_375">
<pin_list>
<pin id="376" dir="0" index="0" bw="5" slack="0"/>
<pin id="377" dir="1" index="1" bw="4" slack="0"/>
</pin_list>
<bind>
<opcode="trunc(33) " fcode="trunc"/>
<opset="trunc_ln35/2 "/>
</bind>
</comp>

<comp id="379" class="1004" name="tmp_1_fu_379">
<pin_list>
<pin id="380" dir="0" index="0" bw="32" slack="0"/>
<pin id="381" dir="0" index="1" bw="4" slack="0"/>
<pin id="382" dir="0" index="2" bw="32" slack="1"/>
<pin id="383" dir="0" index="3" bw="4" slack="0"/>
<pin id="384" dir="0" index="4" bw="32" slack="1"/>
<pin id="385" dir="0" index="5" bw="4" slack="0"/>
<pin id="386" dir="0" index="6" bw="32" slack="1"/>
<pin id="387" dir="0" index="7" bw="4" slack="0"/>
<pin id="388" dir="0" index="8" bw="32" slack="1"/>
<pin id="389" dir="0" index="9" bw="4" slack="0"/>
<pin id="390" dir="0" index="10" bw="32" slack="1"/>
<pin id="391" dir="0" index="11" bw="4" slack="0"/>
<pin id="392" dir="0" index="12" bw="32" slack="1"/>
<pin id="393" dir="0" index="13" bw="4" slack="0"/>
<pin id="394" dir="0" index="14" bw="32" slack="1"/>
<pin id="395" dir="0" index="15" bw="4" slack="0"/>
<pin id="396" dir="0" index="16" bw="32" slack="1"/>
<pin id="397" dir="0" index="17" bw="4" slack="0"/>
<pin id="398" dir="0" index="18" bw="32" slack="1"/>
<pin id="399" dir="0" index="19" bw="4" slack="0"/>
<pin id="400" dir="0" index="20" bw="32" slack="1"/>
<pin id="401" dir="0" index="21" bw="4" slack="0"/>
<pin id="402" dir="0" index="22" bw="32" slack="1"/>
<pin id="403" dir="0" index="23" bw="4" slack="0"/>
<pin id="404" dir="0" index="24" bw="32" slack="1"/>
<pin id="405" dir="0" index="25" bw="4" slack="0"/>
<pin id="406" dir="0" index="26" bw="32" slack="1"/>
<pin id="407" dir="0" index="27" bw="4" slack="0"/>
<pin id="408" dir="0" index="28" bw="32" slack="1"/>
<pin id="409" dir="0" index="29" bw="4" slack="0"/>
<pin id="410" dir="0" index="30" bw="32" slack="1"/>
<pin id="411" dir="0" index="31" bw="4" slack="0"/>
<pin id="412" dir="0" index="32" bw="32" slack="1"/>
<pin id="413" dir="0" index="33" bw="32" slack="0"/>
<pin id="414" dir="0" index="34" bw="4" slack="0"/>
<pin id="415" dir="1" index="35" bw="32" slack="0"/>
</pin_list>
<bind>
<opcode="sparsemux(1197) " fcode="sparsemux"/>
<opset="tmp_1/2 "/>
</bind>
</comp>

<comp id="436" class="1004" name="tmp_2_fu_436">
<pin_list>
<pin id="437" dir="0" index="0" bw="32" slack="0"/>
<pin id="438" dir="0" index="1" bw="4" slack="0"/>
<pin id="439" dir="0" index="2" bw="32" slack="1"/>
<pin id="440" dir="0" index="3" bw="4" slack="0"/>
<pin id="441" dir="0" index="4" bw="32" slack="1"/>
<pin id="442" dir="0" index="5" bw="4" slack="0"/>
<pin id="443" dir="0" index="6" bw="32" slack="1"/>
<pin id="444" dir="0" index="7" bw="4" slack="0"/>
<pin id="445" dir="0" index="8" bw="32" slack="1"/>
<pin id="446" dir="0" index="9" bw="4" slack="0"/>
<pin id="447" dir="0" index="10" bw="32" slack="1"/>
<pin id="448" dir="0" index="11" bw="4" slack="0"/>
<pin id="449" dir="0" index="12" bw="32" slack="1"/>
<pin id="450" dir="0" index="13" bw="4" slack="0"/>
<pin id="451" dir="0" index="14" bw="32" slack="1"/>
<pin id="452" dir="0" index="15" bw="4" slack="0"/>
<pin id="453" dir="0" index="16" bw="32" slack="1"/>
<pin id="454" dir="0" index="17" bw="4" slack="0"/>
<pin id="455" dir="0" index="18" bw="32" slack="1"/>
<pin id="456" dir="0" index="19" bw="4" slack="0"/>
<pin id="457" dir="0" index="20" bw="32" slack="1"/>
<pin id="458" dir="0" index="21" bw="4" slack="0"/>
<pin id="459" dir="0" index="22" bw="32" slack="1"/>
<pin id="460" dir="0" index="23" bw="4" slack="0"/>
<pin id="461" dir="0" index="24" bw="32" slack="1"/>
<pin id="462" dir="0" index="25" bw="4" slack="0"/>
<pin id="463" dir="0" index="26" bw="32" slack="1"/>
<pin id="464" dir="0" index="27" bw="4" slack="0"/>
<pin id="465" dir="0" index="28" bw="32" slack="1"/>
<pin id="466" dir="0" index="29" bw="4" slack="0"/>
<pin id="467" dir="0" index="30" bw="32" slack="1"/>
<pin id="468" dir="0" index="31" bw="4" slack="0"/>
<pin id="469" dir="0" index="32" bw="32" slack="1"/>
<pin id="470" dir="0" index="33" bw="32" slack="0"/>
<pin id="471" dir="0" index="34" bw="4" slack="0"/>
<pin id="472" dir="1" index="35" bw="32" slack="0"/>
</pin_list>
<bind>
<opcode="sparsemux(1197) " fcode="sparsemux"/>
<opset="tmp_2/2 "/>
</bind>
</comp>

<comp id="493" class="1004" name="acc_2_fu_493">
<pin_list>
<pin id="494" dir="0" index="0" bw="32" slack="0"/>
<pin id="495" dir="0" index="1" bw="32" slack="0"/>
<pin id="496" dir="1" index="2" bw="32" slack="0"/>
</pin_list>
<bind>
<opcode="add(8) " fcode="add"/>
<opset="acc_2/2 "/>
</bind>
</comp>

<comp id="499" class="1004" name="store_ln35_store_fu_499">
<pin_list>
<pin id="500" dir="0" index="0" bw="5" slack="0"/>
<pin id="501" dir="0" index="1" bw="5" slack="1"/>
<pin id="502" dir="1" index="2" bw="0" slack="2147483647"/>
</pin_list>
<bind>
<opcode="store(28) " fcode="store"/>
<opset="store_ln35/2 "/>
</bind>
</comp>

<comp id="504" class="1004" name="store_ln34_store_fu_504">
<pin_list>
<pin id="505" dir="0" index="0" bw="32" slack="0"/>
<pin id="506" dir="0" index="1" bw="32" slack="1"/>
<pin id="507" dir="1" index="2" bw="0" slack="2147483647"/>
</pin_list>
<bind>
<opcode="store(28) " fcode="store"/>
<opset="store_ln34/2 "/>
</bind>
</comp>

<comp id="509" class="1004" name="acc_1_load_1_load_fu_509">
<pin_list>
<pin id="510" dir="0" index="0" bw="32" slack="1"/>
<pin id="511" dir="1" index="1" bw="32" slack="0"/>
</pin_list>
<bind>
<opcode="load(27) " fcode="load"/>
<opset="acc_1_load_1/2 "/>
</bind>
</comp>

<comp id="513" class="1005" name="acc_1_reg_513">
<pin_list>
<pin id="514" dir="0" index="0" bw="32" slack="0"/>
<pin id="515" dir="1" index="1" bw="32" slack="0"/>
</pin_list>
<bind>
<opset="acc_1 "/>
</bind>
</comp>

<comp id="521" class="1005" name="k_reg_521">
<pin_list>
<pin id="522" dir="0" index="0" bw="5" slack="0"/>
<pin id="523" dir="1" index="1" bw="5" slack="0"/>
</pin_list>
<bind>
<opset="k "/>
</bind>
</comp>

<comp id="528" class="1005" name="tB_15_load_read_reg_528">
<pin_list>
<pin id="529" dir="0" index="0" bw="32" slack="1"/>
<pin id="530" dir="1" index="1" bw="32" slack="1"/>
</pin_list>
<bind>
<opset="tB_15_load_read "/>
</bind>
</comp>

<comp id="533" class="1005" name="tB_14_load_read_reg_533">
<pin_list>
<pin id="534" dir="0" index="0" bw="32" slack="1"/>
<pin id="535" dir="1" index="1" bw="32" slack="1"/>
</pin_list>
<bind>
<opset="tB_14_load_read "/>
</bind>
</comp>

<comp id="538" class="1005" name="tB_13_load_read_reg_538">
<pin_list>
<pin id="539" dir="0" index="0" bw="32" slack="1"/>
<pin id="540" dir="1" index="1" bw="32" slack="1"/>
</pin_list>
<bind>
<opset="tB_13_load_read "/>
</bind>
</comp>

<comp id="543" class="1005" name="tB_12_load_read_reg_543">
<pin_list>
<pin id="544" dir="0" index="0" bw="32" slack="1"/>
<pin id="545" dir="1" index="1" bw="32" slack="1"/>
</pin_list>
<bind>
<opset="tB_12_load_read "/>
</bind>
</comp>

<comp id="548" class="1005" name="tB_11_load_read_reg_548">
<pin_list>
<pin id="549" dir="0" index="0" bw="32" slack="1"/>
<pin id="550" dir="1" index="1" bw="32" slack="1"/>
</pin_list>
<bind>
<opset="tB_11_load_read "/>
</bind>
</comp>

<comp id="553" class="1005" name="tB_10_load_read_reg_553">
<pin_list>
<pin id="554" dir="0" index="0" bw="32" slack="1"/>
<pin id="555" dir="1" index="1" bw="32" slack="1"/>
</pin_list>
<bind>
<opset="tB_10_load_read "/>
</bind>
</comp>

<comp id="558" class="1005" name="tB_9_load_read_reg_558">
<pin_list>
<pin id="559" dir="0" index="0" bw="32" slack="1"/>
<pin id="560" dir="1" index="1" bw="32" slack="1"/>
</pin_list>
<bind>
<opset="tB_9_load_read "/>
</bind>
</comp>

<comp id="563" class="1005" name="tB_8_load_read_reg_563">
<pin_list>
<pin id="564" dir="0" index="0" bw="32" slack="1"/>
<pin id="565" dir="1" index="1" bw="32" slack="1"/>
</pin_list>
<bind>
<opset="tB_8_load_read "/>
</bind>
</comp>

<comp id="568" class="1005" name="tB_7_load_read_reg_568">
<pin_list>
<pin id="569" dir="0" index="0" bw="32" slack="1"/>
<pin id="570" dir="1" index="1" bw="32" slack="1"/>
</pin_list>
<bind>
<opset="tB_7_load_read "/>
</bind>
</comp>

<comp id="573" class="1005" name="tB_6_load_read_reg_573">
<pin_list>
<pin id="574" dir="0" index="0" bw="32" slack="1"/>
<pin id="575" dir="1" index="1" bw="32" slack="1"/>
</pin_list>
<bind>
<opset="tB_6_load_read "/>
</bind>
</comp>

<comp id="578" class="1005" name="tB_5_load_read_reg_578">
<pin_list>
<pin id="579" dir="0" index="0" bw="32" slack="1"/>
<pin id="580" dir="1" index="1" bw="32" slack="1"/>
</pin_list>
<bind>
<opset="tB_5_load_read "/>
</bind>
</comp>

<comp id="583" class="1005" name="tB_4_load_read_reg_583">
<pin_list>
<pin id="584" dir="0" index="0" bw="32" slack="1"/>
<pin id="585" dir="1" index="1" bw="32" slack="1"/>
</pin_list>
<bind>
<opset="tB_4_load_read "/>
</bind>
</comp>

<comp id="588" class="1005" name="tB_3_load_read_reg_588">
<pin_list>
<pin id="589" dir="0" index="0" bw="32" slack="1"/>
<pin id="590" dir="1" index="1" bw="32" slack="1"/>
</pin_list>
<bind>
<opset="tB_3_load_read "/>
</bind>
</comp>

<comp id="593" class="1005" name="tB_2_load_read_reg_593">
<pin_list>
<pin id="594" dir="0" index="0" bw="32" slack="1"/>
<pin id="595" dir="1" index="1" bw="32" slack="1"/>
</pin_list>
<bind>
<opset="tB_2_load_read "/>
</bind>
</comp>

<comp id="598" class="1005" name="tB_1_load_read_reg_598">
<pin_list>
<pin id="599" dir="0" index="0" bw="32" slack="1"/>
<pin id="600" dir="1" index="1" bw="32" slack="1"/>
</pin_list>
<bind>
<opset="tB_1_load_read "/>
</bind>
</comp>

<comp id="603" class="1005" name="tB_load_read_reg_603">
<pin_list>
<pin id="604" dir="0" index="0" bw="32" slack="1"/>
<pin id="605" dir="1" index="1" bw="32" slack="1"/>
</pin_list>
<bind>
<opset="tB_load_read "/>
</bind>
</comp>

<comp id="608" class="1005" name="tA_15_load_read_reg_608">
<pin_list>
<pin id="609" dir="0" index="0" bw="32" slack="1"/>
<pin id="610" dir="1" index="1" bw="32" slack="1"/>
</pin_list>
<bind>
<opset="tA_15_load_read "/>
</bind>
</comp>

<comp id="613" class="1005" name="tA_14_load_read_reg_613">
<pin_list>
<pin id="614" dir="0" index="0" bw="32" slack="1"/>
<pin id="615" dir="1" index="1" bw="32" slack="1"/>
</pin_list>
<bind>
<opset="tA_14_load_read "/>
</bind>
</comp>

<comp id="618" class="1005" name="tA_13_load_read_reg_618">
<pin_list>
<pin id="619" dir="0" index="0" bw="32" slack="1"/>
<pin id="620" dir="1" index="1" bw="32" slack="1"/>
</pin_list>
<bind>
<opset="tA_13_load_read "/>
</bind>
</comp>

<comp id="623" class="1005" name="tA_12_load_read_reg_623">
<pin_list>
<pin id="624" dir="0" index="0" bw="32" slack="1"/>
<pin id="625" dir="1" index="1" bw="32" slack="1"/>
</pin_list>
<bind>
<opset="tA_12_load_read "/>
</bind>
</comp>

<comp id="628" class="1005" name="tA_11_load_read_reg_628">
<pin_list>
<pin id="629" dir="0" index="0" bw="32" slack="1"/>
<pin id="630" dir="1" index="1" bw="32" slack="1"/>
</pin_list>
<bind>
<opset="tA_11_load_read "/>
</bind>
</comp>

<comp id="633" class="1005" name="tA_10_load_read_reg_633">
<pin_list>
<pin id="634" dir="0" index="0" bw="32" slack="1"/>
<pin id="635" dir="1" index="1" bw="32" slack="1"/>
</pin_list>
<bind>
<opset="tA_10_load_read "/>
</bind>
</comp>

<comp id="638" class="1005" name="tA_9_load_read_reg_638">
<pin_list>
<pin id="639" dir="0" index="0" bw="32" slack="1"/>
<pin id="640" dir="1" index="1" bw="32" slack="1"/>
</pin_list>
<bind>
<opset="tA_9_load_read "/>
</bind>
</comp>

<comp id="643" class="1005" name="tA_8_load_read_reg_643">
<pin_list>
<pin id="644" dir="0" index="0" bw="32" slack="1"/>
<pin id="645" dir="1" index="1" bw="32" slack="1"/>
</pin_list>
<bind>
<opset="tA_8_load_read "/>
</bind>
</comp>

<comp id="648" class="1005" name="tA_7_load_read_reg_648">
<pin_list>
<pin id="649" dir="0" index="0" bw="32" slack="1"/>
<pin id="650" dir="1" index="1" bw="32" slack="1"/>
</pin_list>
<bind>
<opset="tA_7_load_read "/>
</bind>
</comp>

<comp id="653" class="1005" name="tA_6_load_read_reg_653">
<pin_list>
<pin id="654" dir="0" index="0" bw="32" slack="1"/>
<pin id="655" dir="1" index="1" bw="32" slack="1"/>
</pin_list>
<bind>
<opset="tA_6_load_read "/>
</bind>
</comp>

<comp id="658" class="1005" name="tA_5_load_read_reg_658">
<pin_list>
<pin id="659" dir="0" index="0" bw="32" slack="1"/>
<pin id="660" dir="1" index="1" bw="32" slack="1"/>
</pin_list>
<bind>
<opset="tA_5_load_read "/>
</bind>
</comp>

<comp id="663" class="1005" name="tA_4_load_read_reg_663">
<pin_list>
<pin id="664" dir="0" index="0" bw="32" slack="1"/>
<pin id="665" dir="1" index="1" bw="32" slack="1"/>
</pin_list>
<bind>
<opset="tA_4_load_read "/>
</bind>
</comp>

<comp id="668" class="1005" name="tA_3_load_read_reg_668">
<pin_list>
<pin id="669" dir="0" index="0" bw="32" slack="1"/>
<pin id="670" dir="1" index="1" bw="32" slack="1"/>
</pin_list>
<bind>
<opset="tA_3_load_read "/>
</bind>
</comp>

<comp id="673" class="1005" name="tA_2_load_read_reg_673">
<pin_list>
<pin id="674" dir="0" index="0" bw="32" slack="1"/>
<pin id="675" dir="1" index="1" bw="32" slack="1"/>
</pin_list>
<bind>
<opset="tA_2_load_read "/>
</bind>
</comp>

<comp id="678" class="1005" name="tA_1_load_read_reg_678">
<pin_list>
<pin id="679" dir="0" index="0" bw="32" slack="1"/>
<pin id="680" dir="1" index="1" bw="32" slack="1"/>
</pin_list>
<bind>
<opset="tA_1_load_read "/>
</bind>
</comp>

<comp id="683" class="1005" name="tA_load_read_reg_683">
<pin_list>
<pin id="684" dir="0" index="0" bw="32" slack="1"/>
<pin id="685" dir="1" index="1" bw="32" slack="1"/>
</pin_list>
<bind>
<opset="tA_load_read "/>
</bind>
</comp>

</comp_list>

<net_list>
<net id="133"><net_src comp="68" pin="0"/><net_sink comp="130" pin=0"/></net>

<net id="137"><net_src comp="68" pin="0"/><net_sink comp="134" pin=0"/></net>

<net id="142"><net_src comp="70" pin="0"/><net_sink comp="138" pin=0"/></net>

<net id="143"><net_src comp="64" pin="0"/><net_sink comp="138" pin=1"/></net>

<net id="148"><net_src comp="70" pin="0"/><net_sink comp="144" pin=0"/></net>

<net id="149"><net_src comp="62" pin="0"/><net_sink comp="144" pin=1"/></net>

<net id="154"><net_src comp="70" pin="0"/><net_sink comp="150" pin=0"/></net>

<net id="155"><net_src comp="60" pin="0"/><net_sink comp="150" pin=1"/></net>

<net id="160"><net_src comp="70" pin="0"/><net_sink comp="156" pin=0"/></net>

<net id="161"><net_src comp="58" pin="0"/><net_sink comp="156" pin=1"/></net>

<net id="166"><net_src comp="70" pin="0"/><net_sink comp="162" pin=0"/></net>

<net id="167"><net_src comp="56" pin="0"/><net_sink comp="162" pin=1"/></net>

<net id="172"><net_src comp="70" pin="0"/><net_sink comp="168" pin=0"/></net>

<net id="173"><net_src comp="54" pin="0"/><net_sink comp="168" pin=1"/></net>

<net id="178"><net_src comp="70" pin="0"/><net_sink comp="174" pin=0"/></net>

<net id="179"><net_src comp="52" pin="0"/><net_sink comp="174" pin=1"/></net>

<net id="184"><net_src comp="70" pin="0"/><net_sink comp="180" pin=0"/></net>

<net id="185"><net_src comp="50" pin="0"/><net_sink comp="180" pin=1"/></net>

<net id="190"><net_src comp="70" pin="0"/><net_sink comp="186" pin=0"/></net>

<net id="191"><net_src comp="48" pin="0"/><net_sink comp="186" pin=1"/></net>

<net id="196"><net_src comp="70" pin="0"/><net_sink comp="192" pin=0"/></net>

<net id="197"><net_src comp="46" pin="0"/><net_sink comp="192" pin=1"/></net>

<net id="202"><net_src comp="70" pin="0"/><net_sink comp="198" pin=0"/></net>

<net id="203"><net_src comp="44" pin="0"/><net_sink comp="198" pin=1"/></net>

<net id="208"><net_src comp="70" pin="0"/><net_sink comp="204" pin=0"/></net>

<net id="209"><net_src comp="42" pin="0"/><net_sink comp="204" pin=1"/></net>

<net id="214"><net_src comp="70" pin="0"/><net_sink comp="210" pin=0"/></net>

<net id="215"><net_src comp="40" pin="0"/><net_sink comp="210" pin=1"/></net>

<net id="220"><net_src comp="70" pin="0"/><net_sink comp="216" pin=0"/></net>

<net id="221"><net_src comp="38" pin="0"/><net_sink comp="216" pin=1"/></net>

<net id="226"><net_src comp="70" pin="0"/><net_sink comp="222" pin=0"/></net>

<net id="227"><net_src comp="36" pin="0"/><net_sink comp="222" pin=1"/></net>

<net id="232"><net_src comp="70" pin="0"/><net_sink comp="228" pin=0"/></net>

<net id="233"><net_src comp="34" pin="0"/><net_sink comp="228" pin=1"/></net>

<net id="238"><net_src comp="70" pin="0"/><net_sink comp="234" pin=0"/></net>

<net id="239"><net_src comp="32" pin="0"/><net_sink comp="234" pin=1"/></net>

<net id="244"><net_src comp="70" pin="0"/><net_sink comp="240" pin=0"/></net>

<net id="245"><net_src comp="30" pin="0"/><net_sink comp="240" pin=1"/></net>

<net id="250"><net_src comp="70" pin="0"/><net_sink comp="246" pin=0"/></net>

<net id="251"><net_src comp="28" pin="0"/><net_sink comp="246" pin=1"/></net>

<net id="256"><net_src comp="70" pin="0"/><net_sink comp="252" pin=0"/></net>

<net id="257"><net_src comp="26" pin="0"/><net_sink comp="252" pin=1"/></net>

<net id="262"><net_src comp="70" pin="0"/><net_sink comp="258" pin=0"/></net>

<net id="263"><net_src comp="24" pin="0"/><net_sink comp="258" pin=1"/></net>

<net id="268"><net_src comp="70" pin="0"/><net_sink comp="264" pin=0"/></net>

<net id="269"><net_src comp="22" pin="0"/><net_sink comp="264" pin=1"/></net>

<net id="274"><net_src comp="70" pin="0"/><net_sink comp="270" pin=0"/></net>

<net id="275"><net_src comp="20" pin="0"/><net_sink comp="270" pin=1"/></net>

<net id="280"><net_src comp="70" pin="0"/><net_sink comp="276" pin=0"/></net>

<net id="281"><net_src comp="18" pin="0"/><net_sink comp="276" pin=1"/></net>

<net id="286"><net_src comp="70" pin="0"/><net_sink comp="282" pin=0"/></net>

<net id="287"><net_src comp="16" pin="0"/><net_sink comp="282" pin=1"/></net>

<net id="292"><net_src comp="70" pin="0"/><net_sink comp="288" pin=0"/></net>

<net id="293"><net_src comp="14" pin="0"/><net_sink comp="288" pin=1"/></net>

<net id="298"><net_src comp="70" pin="0"/><net_sink comp="294" pin=0"/></net>

<net id="299"><net_src comp="12" pin="0"/><net_sink comp="294" pin=1"/></net>

<net id="304"><net_src comp="70" pin="0"/><net_sink comp="300" pin=0"/></net>

<net id="305"><net_src comp="10" pin="0"/><net_sink comp="300" pin=1"/></net>

<net id="310"><net_src comp="70" pin="0"/><net_sink comp="306" pin=0"/></net>

<net id="311"><net_src comp="8" pin="0"/><net_sink comp="306" pin=1"/></net>

<net id="316"><net_src comp="70" pin="0"/><net_sink comp="312" pin=0"/></net>

<net id="317"><net_src comp="6" pin="0"/><net_sink comp="312" pin=1"/></net>

<net id="322"><net_src comp="70" pin="0"/><net_sink comp="318" pin=0"/></net>

<net id="323"><net_src comp="4" pin="0"/><net_sink comp="318" pin=1"/></net>

<net id="328"><net_src comp="70" pin="0"/><net_sink comp="324" pin=0"/></net>

<net id="329"><net_src comp="2" pin="0"/><net_sink comp="324" pin=1"/></net>

<net id="334"><net_src comp="70" pin="0"/><net_sink comp="330" pin=0"/></net>

<net id="335"><net_src comp="0" pin="0"/><net_sink comp="330" pin=1"/></net>

<net id="341"><net_src comp="128" pin="0"/><net_sink comp="336" pin=0"/></net>

<net id="342"><net_src comp="66" pin="0"/><net_sink comp="336" pin=1"/></net>

<net id="351"><net_src comp="72" pin="0"/><net_sink comp="347" pin=0"/></net>

<net id="356"><net_src comp="330" pin="2"/><net_sink comp="352" pin=0"/></net>

<net id="364"><net_src comp="357" pin="1"/><net_sink comp="360" pin=0"/></net>

<net id="365"><net_src comp="74" pin="0"/><net_sink comp="360" pin=1"/></net>

<net id="370"><net_src comp="357" pin="1"/><net_sink comp="366" pin=0"/></net>

<net id="371"><net_src comp="76" pin="0"/><net_sink comp="366" pin=1"/></net>

<net id="378"><net_src comp="357" pin="1"/><net_sink comp="375" pin=0"/></net>

<net id="416"><net_src comp="92" pin="0"/><net_sink comp="379" pin=0"/></net>

<net id="417"><net_src comp="94" pin="0"/><net_sink comp="379" pin=1"/></net>

<net id="418"><net_src comp="96" pin="0"/><net_sink comp="379" pin=3"/></net>

<net id="419"><net_src comp="98" pin="0"/><net_sink comp="379" pin=5"/></net>

<net id="420"><net_src comp="100" pin="0"/><net_sink comp="379" pin=7"/></net>

<net id="421"><net_src comp="102" pin="0"/><net_sink comp="379" pin=9"/></net>

<net id="422"><net_src comp="104" pin="0"/><net_sink comp="379" pin=11"/></net>

<net id="423"><net_src comp="106" pin="0"/><net_sink comp="379" pin=13"/></net>

<net id="424"><net_src comp="108" pin="0"/><net_sink comp="379" pin=15"/></net>

<net id="425"><net_src comp="110" pin="0"/><net_sink comp="379" pin=17"/></net>

<net id="426"><net_src comp="112" pin="0"/><net_sink comp="379" pin=19"/></net>

<net id="427"><net_src comp="114" pin="0"/><net_sink comp="379" pin=21"/></net>

<net id="428"><net_src comp="116" pin="0"/><net_sink comp="379" pin=23"/></net>

<net id="429"><net_src comp="118" pin="0"/><net_sink comp="379" pin=25"/></net>

<net id="430"><net_src comp="120" pin="0"/><net_sink comp="379" pin=27"/></net>

<net id="431"><net_src comp="122" pin="0"/><net_sink comp="379" pin=29"/></net>

<net id="432"><net_src comp="124" pin="0"/><net_sink comp="379" pin=31"/></net>

<net id="433"><net_src comp="126" pin="0"/><net_sink comp="379" pin=33"/></net>

<net id="434"><net_src comp="375" pin="1"/><net_sink comp="379" pin=34"/></net>

<net id="435"><net_src comp="379" pin="35"/><net_sink comp="343" pin=1"/></net>

<net id="473"><net_src comp="92" pin="0"/><net_sink comp="436" pin=0"/></net>

<net id="474"><net_src comp="94" pin="0"/><net_sink comp="436" pin=1"/></net>

<net id="475"><net_src comp="96" pin="0"/><net_sink comp="436" pin=3"/></net>

<net id="476"><net_src comp="98" pin="0"/><net_sink comp="436" pin=5"/></net>

<net id="477"><net_src comp="100" pin="0"/><net_sink comp="436" pin=7"/></net>

<net id="478"><net_src comp="102" pin="0"/><net_sink comp="436" pin=9"/></net>

<net id="479"><net_src comp="104" pin="0"/><net_sink comp="436" pin=11"/></net>

<net id="480"><net_src comp="106" pin="0"/><net_sink comp="436" pin=13"/></net>

<net id="481"><net_src comp="108" pin="0"/><net_sink comp="436" pin=15"/></net>

<net id="482"><net_src comp="110" pin="0"/><net_sink comp="436" pin=17"/></net>

<net id="483"><net_src comp="112" pin="0"/><net_sink comp="436" pin=19"/></net>

<net id="484"><net_src comp="114" pin="0"/><net_sink comp="436" pin=21"/></net>

<net id="485"><net_src comp="116" pin="0"/><net_sink comp="436" pin=23"/></net>

<net id="486"><net_src comp="118" pin="0"/><net_sink comp="436" pin=25"/></net>

<net id="487"><net_src comp="120" pin="0"/><net_sink comp="436" pin=27"/></net>

<net id="488"><net_src comp="122" pin="0"/><net_sink comp="436" pin=29"/></net>

<net id="489"><net_src comp="124" pin="0"/><net_sink comp="436" pin=31"/></net>

<net id="490"><net_src comp="126" pin="0"/><net_sink comp="436" pin=33"/></net>

<net id="491"><net_src comp="375" pin="1"/><net_sink comp="436" pin=34"/></net>

<net id="492"><net_src comp="436" pin="35"/><net_sink comp="343" pin=0"/></net>

<net id="497"><net_src comp="343" pin="2"/><net_sink comp="493" pin=0"/></net>

<net id="498"><net_src comp="372" pin="1"/><net_sink comp="493" pin=1"/></net>

<net id="503"><net_src comp="366" pin="2"/><net_sink comp="499" pin=0"/></net>

<net id="508"><net_src comp="493" pin="2"/><net_sink comp="504" pin=0"/></net>

<net id="512"><net_src comp="509" pin="1"/><net_sink comp="336" pin=2"/></net>

<net id="516"><net_src comp="130" pin="1"/><net_sink comp="513" pin=0"/></net>

<net id="517"><net_src comp="513" pin="1"/><net_sink comp="352" pin=1"/></net>

<net id="518"><net_src comp="513" pin="1"/><net_sink comp="372" pin=0"/></net>

<net id="519"><net_src comp="513" pin="1"/><net_sink comp="504" pin=1"/></net>

<net id="520"><net_src comp="513" pin="1"/><net_sink comp="509" pin=0"/></net>

<net id="524"><net_src comp="134" pin="1"/><net_sink comp="521" pin=0"/></net>

<net id="525"><net_src comp="521" pin="1"/><net_sink comp="347" pin=1"/></net>

<net id="526"><net_src comp="521" pin="1"/><net_sink comp="357" pin=0"/></net>

<net id="527"><net_src comp="521" pin="1"/><net_sink comp="499" pin=1"/></net>

<net id="531"><net_src comp="138" pin="2"/><net_sink comp="528" pin=0"/></net>

<net id="532"><net_src comp="528" pin="1"/><net_sink comp="436" pin=32"/></net>

<net id="536"><net_src comp="144" pin="2"/><net_sink comp="533" pin=0"/></net>

<net id="537"><net_src comp="533" pin="1"/><net_sink comp="436" pin=30"/></net>

<net id="541"><net_src comp="150" pin="2"/><net_sink comp="538" pin=0"/></net>

<net id="542"><net_src comp="538" pin="1"/><net_sink comp="436" pin=28"/></net>

<net id="546"><net_src comp="156" pin="2"/><net_sink comp="543" pin=0"/></net>

<net id="547"><net_src comp="543" pin="1"/><net_sink comp="436" pin=26"/></net>

<net id="551"><net_src comp="162" pin="2"/><net_sink comp="548" pin=0"/></net>

<net id="552"><net_src comp="548" pin="1"/><net_sink comp="436" pin=24"/></net>

<net id="556"><net_src comp="168" pin="2"/><net_sink comp="553" pin=0"/></net>

<net id="557"><net_src comp="553" pin="1"/><net_sink comp="436" pin=22"/></net>

<net id="561"><net_src comp="174" pin="2"/><net_sink comp="558" pin=0"/></net>

<net id="562"><net_src comp="558" pin="1"/><net_sink comp="436" pin=20"/></net>

<net id="566"><net_src comp="180" pin="2"/><net_sink comp="563" pin=0"/></net>

<net id="567"><net_src comp="563" pin="1"/><net_sink comp="436" pin=18"/></net>

<net id="571"><net_src comp="186" pin="2"/><net_sink comp="568" pin=0"/></net>

<net id="572"><net_src comp="568" pin="1"/><net_sink comp="436" pin=16"/></net>

<net id="576"><net_src comp="192" pin="2"/><net_sink comp="573" pin=0"/></net>

<net id="577"><net_src comp="573" pin="1"/><net_sink comp="436" pin=14"/></net>

<net id="581"><net_src comp="198" pin="2"/><net_sink comp="578" pin=0"/></net>

<net id="582"><net_src comp="578" pin="1"/><net_sink comp="436" pin=12"/></net>

<net id="586"><net_src comp="204" pin="2"/><net_sink comp="583" pin=0"/></net>

<net id="587"><net_src comp="583" pin="1"/><net_sink comp="436" pin=10"/></net>

<net id="591"><net_src comp="210" pin="2"/><net_sink comp="588" pin=0"/></net>

<net id="592"><net_src comp="588" pin="1"/><net_sink comp="436" pin=8"/></net>

<net id="596"><net_src comp="216" pin="2"/><net_sink comp="593" pin=0"/></net>

<net id="597"><net_src comp="593" pin="1"/><net_sink comp="436" pin=6"/></net>

<net id="601"><net_src comp="222" pin="2"/><net_sink comp="598" pin=0"/></net>

<net id="602"><net_src comp="598" pin="1"/><net_sink comp="436" pin=4"/></net>

<net id="606"><net_src comp="228" pin="2"/><net_sink comp="603" pin=0"/></net>

<net id="607"><net_src comp="603" pin="1"/><net_sink comp="436" pin=2"/></net>

<net id="611"><net_src comp="234" pin="2"/><net_sink comp="608" pin=0"/></net>

<net id="612"><net_src comp="608" pin="1"/><net_sink comp="379" pin=32"/></net>

<net id="616"><net_src comp="240" pin="2"/><net_sink comp="613" pin=0"/></net>

<net id="617"><net_src comp="613" pin="1"/><net_sink comp="379" pin=30"/></net>

<net id="621"><net_src comp="246" pin="2"/><net_sink comp="618" pin=0"/></net>

<net id="622"><net_src comp="618" pin="1"/><net_sink comp="379" pin=28"/></net>

<net id="626"><net_src comp="252" pin="2"/><net_sink comp="623" pin=0"/></net>

<net id="627"><net_src comp="623" pin="1"/><net_sink comp="379" pin=26"/></net>

<net id="631"><net_src comp="258" pin="2"/><net_sink comp="628" pin=0"/></net>

<net id="632"><net_src comp="628" pin="1"/><net_sink comp="379" pin=24"/></net>

<net id="636"><net_src comp="264" pin="2"/><net_sink comp="633" pin=0"/></net>

<net id="637"><net_src comp="633" pin="1"/><net_sink comp="379" pin=22"/></net>

<net id="641"><net_src comp="270" pin="2"/><net_sink comp="638" pin=0"/></net>

<net id="642"><net_src comp="638" pin="1"/><net_sink comp="379" pin=20"/></net>

<net id="646"><net_src comp="276" pin="2"/><net_sink comp="643" pin=0"/></net>

<net id="647"><net_src comp="643" pin="1"/><net_sink comp="379" pin=18"/></net>

<net id="651"><net_src comp="282" pin="2"/><net_sink comp="648" pin=0"/></net>

<net id="652"><net_src comp="648" pin="1"/><net_sink comp="379" pin=16"/></net>

<net id="656"><net_src comp="288" pin="2"/><net_sink comp="653" pin=0"/></net>

<net id="657"><net_src comp="653" pin="1"/><net_sink comp="379" pin=14"/></net>

<net id="661"><net_src comp="294" pin="2"/><net_sink comp="658" pin=0"/></net>

<net id="662"><net_src comp="658" pin="1"/><net_sink comp="379" pin=12"/></net>

<net id="666"><net_src comp="300" pin="2"/><net_sink comp="663" pin=0"/></net>

<net id="667"><net_src comp="663" pin="1"/><net_sink comp="379" pin=10"/></net>

<net id="671"><net_src comp="306" pin="2"/><net_sink comp="668" pin=0"/></net>

<net id="672"><net_src comp="668" pin="1"/><net_sink comp="379" pin=8"/></net>

<net id="676"><net_src comp="312" pin="2"/><net_sink comp="673" pin=0"/></net>

<net id="677"><net_src comp="673" pin="1"/><net_sink comp="379" pin=6"/></net>

<net id="681"><net_src comp="318" pin="2"/><net_sink comp="678" pin=0"/></net>

<net id="682"><net_src comp="678" pin="1"/><net_sink comp="379" pin=4"/></net>

<net id="686"><net_src comp="324" pin="2"/><net_sink comp="683" pin=0"/></net>

<net id="687"><net_src comp="683" pin="1"/><net_sink comp="379" pin=2"/></net>

</net_list>

</model> 
---------------- Datapath Model END ------------------

* FSMD analyzer results:
  - Output states:
	Port: acc_1_out | {2 }
 - Input state : 
	Port: mmult_hw_Pipeline_comp_k : acc | {1 }
	Port: mmult_hw_Pipeline_comp_k : tA_load | {1 }
	Port: mmult_hw_Pipeline_comp_k : tA_1_load | {1 }
	Port: mmult_hw_Pipeline_comp_k : tA_2_load | {1 }
	Port: mmult_hw_Pipeline_comp_k : tA_3_load | {1 }
	Port: mmult_hw_Pipeline_comp_k : tA_4_load | {1 }
	Port: mmult_hw_Pipeline_comp_k : tA_5_load | {1 }
	Port: mmult_hw_Pipeline_comp_k : tA_6_load | {1 }
	Port: mmult_hw_Pipeline_comp_k : tA_7_load | {1 }
	Port: mmult_hw_Pipeline_comp_k : tA_8_load | {1 }
	Port: mmult_hw_Pipeline_comp_k : tA_9_load | {1 }
	Port: mmult_hw_Pipeline_comp_k : tA_10_load | {1 }
	Port: mmult_hw_Pipeline_comp_k : tA_11_load | {1 }
	Port: mmult_hw_Pipeline_comp_k : tA_12_load | {1 }
	Port: mmult_hw_Pipeline_comp_k : tA_13_load | {1 }
	Port: mmult_hw_Pipeline_comp_k : tA_14_load | {1 }
	Port: mmult_hw_Pipeline_comp_k : tA_15_load | {1 }
	Port: mmult_hw_Pipeline_comp_k : tB_load | {1 }
	Port: mmult_hw_Pipeline_comp_k : tB_1_load | {1 }
	Port: mmult_hw_Pipeline_comp_k : tB_2_load | {1 }
	Port: mmult_hw_Pipeline_comp_k : tB_3_load | {1 }
	Port: mmult_hw_Pipeline_comp_k : tB_4_load | {1 }
	Port: mmult_hw_Pipeline_comp_k : tB_5_load | {1 }
	Port: mmult_hw_Pipeline_comp_k : tB_6_load | {1 }
	Port: mmult_hw_Pipeline_comp_k : tB_7_load | {1 }
	Port: mmult_hw_Pipeline_comp_k : tB_8_load | {1 }
	Port: mmult_hw_Pipeline_comp_k : tB_9_load | {1 }
	Port: mmult_hw_Pipeline_comp_k : tB_10_load | {1 }
	Port: mmult_hw_Pipeline_comp_k : tB_11_load | {1 }
	Port: mmult_hw_Pipeline_comp_k : tB_12_load | {1 }
	Port: mmult_hw_Pipeline_comp_k : tB_13_load | {1 }
	Port: mmult_hw_Pipeline_comp_k : tB_14_load | {1 }
	Port: mmult_hw_Pipeline_comp_k : tB_15_load | {1 }
  - Chain level:
	State 1
		store_ln35 : 1
	State 2
		icmp_ln35 : 1
		add_ln35 : 1
		br_ln35 : 2
		trunc_ln35 : 1
		tmp_1 : 2
		tmp_2 : 2
		mul_ln37 : 3
		acc_2 : 4
		store_ln35 : 2
		store_ln34 : 5
		write_ln0 : 1


============================================================
+ Verbose Summary: Datapath Resource usage 
============================================================

* Functional unit list:
|----------|-----------------------------|---------|---------|---------|
| Operation|       Functional Unit       |   DSP   |    FF   |   LUT   |
|----------|-----------------------------|---------|---------|---------|
| sparsemux|         tmp_1_fu_379        |    0    |    0    |    65   |
|          |         tmp_2_fu_436        |    0    |    0    |    65   |
|----------|-----------------------------|---------|---------|---------|
|    add   |       add_ln35_fu_366       |    0    |    0    |    12   |
|          |         acc_2_fu_493        |    0    |    0    |    39   |
|----------|-----------------------------|---------|---------|---------|
|    mul   |       mul_ln37_fu_343       |    3    |    0    |    20   |
|----------|-----------------------------|---------|---------|---------|
|   icmp   |       icmp_ln35_fu_360      |    0    |    0    |    12   |
|----------|-----------------------------|---------|---------|---------|
|          | tB_15_load_read_read_fu_138 |    0    |    0    |    0    |
|          | tB_14_load_read_read_fu_144 |    0    |    0    |    0    |
|          | tB_13_load_read_read_fu_150 |    0    |    0    |    0    |
|          | tB_12_load_read_read_fu_156 |    0    |    0    |    0    |
|          | tB_11_load_read_read_fu_162 |    0    |    0    |    0    |
|          | tB_10_load_read_read_fu_168 |    0    |    0    |    0    |
|          |  tB_9_load_read_read_fu_174 |    0    |    0    |    0    |
|          |  tB_8_load_read_read_fu_180 |    0    |    0    |    0    |
|          |  tB_7_load_read_read_fu_186 |    0    |    0    |    0    |
|          |  tB_6_load_read_read_fu_192 |    0    |    0    |    0    |
|          |  tB_5_load_read_read_fu_198 |    0    |    0    |    0    |
|          |  tB_4_load_read_read_fu_204 |    0    |    0    |    0    |
|          |  tB_3_load_read_read_fu_210 |    0    |    0    |    0    |
|          |  tB_2_load_read_read_fu_216 |    0    |    0    |    0    |
|          |  tB_1_load_read_read_fu_222 |    0    |    0    |    0    |
|          |   tB_load_read_read_fu_228  |    0    |    0    |    0    |
|   read   | tA_15_load_read_read_fu_234 |    0    |    0    |    0    |
|          | tA_14_load_read_read_fu_240 |    0    |    0    |    0    |
|          | tA_13_load_read_read_fu_246 |    0    |    0    |    0    |
|          | tA_12_load_read_read_fu_252 |    0    |    0    |    0    |
|          | tA_11_load_read_read_fu_258 |    0    |    0    |    0    |
|          | tA_10_load_read_read_fu_264 |    0    |    0    |    0    |
|          |  tA_9_load_read_read_fu_270 |    0    |    0    |    0    |
|          |  tA_8_load_read_read_fu_276 |    0    |    0    |    0    |
|          |  tA_7_load_read_read_fu_282 |    0    |    0    |    0    |
|          |  tA_6_load_read_read_fu_288 |    0    |    0    |    0    |
|          |  tA_5_load_read_read_fu_294 |    0    |    0    |    0    |
|          |  tA_4_load_read_read_fu_300 |    0    |    0    |    0    |
|          |  tA_3_load_read_read_fu_306 |    0    |    0    |    0    |
|          |  tA_2_load_read_read_fu_312 |    0    |    0    |    0    |
|          |  tA_1_load_read_read_fu_318 |    0    |    0    |    0    |
|          |   tA_load_read_read_fu_324  |    0    |    0    |    0    |
|          |     acc_read_read_fu_330    |    0    |    0    |    0    |
|----------|-----------------------------|---------|---------|---------|
|   write  |    write_ln0_write_fu_336   |    0    |    0    |    0    |
|----------|-----------------------------|---------|---------|---------|
|   trunc  |      trunc_ln35_fu_375      |    0    |    0    |    0    |
|----------|-----------------------------|---------|---------|---------|
|   Total  |                             |    3    |    0    |   213   |
|----------|-----------------------------|---------|---------|---------|

Memories:
N/A

* Register list:
+-----------------------+--------+
|                       |   FF   |
+-----------------------+--------+
|     acc_1_reg_513     |   32   |
|       k_reg_521       |    5   |
|tA_10_load_read_reg_633|   32   |
|tA_11_load_read_reg_628|   32   |
|tA_12_load_read_reg_623|   32   |
|tA_13_load_read_reg_618|   32   |
|tA_14_load_read_reg_613|   32   |
|tA_15_load_read_reg_608|   32   |
| tA_1_load_read_reg_678|   32   |
| tA_2_load_read_reg_673|   32   |
| tA_3_load_read_reg_668|   32   |
| tA_4_load_read_reg_663|   32   |
| tA_5_load_read_reg_658|   32   |
| tA_6_load_read_reg_653|   32   |
| tA_7_load_read_reg_648|   32   |
| tA_8_load_read_reg_643|   32   |
| tA_9_load_read_reg_638|   32   |
|  tA_load_read_reg_683 |   32   |
|tB_10_load_read_reg_553|   32   |
|tB_11_load_read_reg_548|   32   |
|tB_12_load_read_reg_543|   32   |
|tB_13_load_read_reg_538|   32   |
|tB_14_load_read_reg_533|   32   |
|tB_15_load_read_reg_528|   32   |
| tB_1_load_read_reg_598|   32   |
| tB_2_load_read_reg_593|   32   |
| tB_3_load_read_reg_588|   32   |
| tB_4_load_read_reg_583|   32   |
| tB_5_load_read_reg_578|   32   |
| tB_6_load_read_reg_573|   32   |
| tB_7_load_read_reg_568|   32   |
| tB_8_load_read_reg_563|   32   |
| tB_9_load_read_reg_558|   32   |
|  tB_load_read_reg_603 |   32   |
+-----------------------+--------+
|         Total         |  1061  |
+-----------------------+--------+

* Multiplexer (MUX) list: 
|--------|------|------|------|--------|
|  Comp  |  Pin | Size |  BW  | S x BW |
|--------|------|------|------|--------|
|  Total |      |      |      |    0   |
|--------|------|------|------|--------|



* Summary:
+-----------+--------+--------+--------+
|           |   DSP  |   FF   |   LUT  |
+-----------+--------+--------+--------+
|  Function |    3   |    0   |   213  |
|   Memory  |    -   |    -   |    -   |
|Multiplexer|    -   |    -   |    -   |
|  Register |    -   |  1061  |    -   |
+-----------+--------+--------+--------+
|   Total   |    3   |  1061  |   213  |
+-----------+--------+--------+--------+
