

================================================================
== Vitis HLS Report for 'mmult_hw_Pipeline_store_i_store_j'
================================================================
* Date:           Mon Feb 23 03:01:00 2026

* Version:        2024.1 (Build 5069499 on May 21 2024)
* Project:        matmul_D13_Tiled_FullAP
* Solution:       hls (Vivado IP Flow Target)
* Product family: zynquplus
* Target device:  xczu3eg-sbva484-1-e


================================================================
== Performance Estimates
================================================================
+ Timing: 
    * Summary: 
    +--------+----------+----------+------------+
    |  Clock |  Target  | Estimated| Uncertainty|
    +--------+----------+----------+------------+
    |ap_clk  |  10.00 ns|  7.300 ns|     2.70 ns|
    +--------+----------+----------+------------+

+ Latency: 
    * Summary: 
    +---------+---------+----------+----------+-----+-----+-----------------------------------------------+
    |  Latency (cycles) |  Latency (absolute) |  Interval |                    Pipeline                   |
    |   min   |   max   |    min   |    max   | min | max |                      Type                     |
    +---------+---------+----------+----------+-----+-----+-----------------------------------------------+
    |      265|      265|  2.650 us|  2.650 us|  257|  257|  loop auto-rewind stp(delay=0 clock cycles(s))|
    +---------+---------+----------+----------+-----+-----+-----------------------------------------------+

    + Detail: 
        * Instance: 
        N/A

        * Loop: 
        +-------------------+---------+---------+----------+-----------+-----------+------+----------+
        |                   |  Latency (cycles) | Iteration|  Initiation Interval  | Trip |          |
        |     Loop Name     |   min   |   max   |  Latency |  achieved |   target  | Count| Pipelined|
        +-------------------+---------+---------+----------+-----------+-----------+------+----------+
        |- store_i_store_j  |      263|      263|         9|          1|          1|   256|       yes|
        +-------------------+---------+---------+----------+-----------+-----------+------+----------+

============================================================
+ Verbose Summary: Synthesis Manager
============================================================
InlineROM: 1
ExposeGlobal: 0
============================================================
+ Verbose Summary: CDFG Model
============================================================
IsTopModel: 0
ResetActiveHigh: 1
IsCombinational: 0
IsDatapathOnly: 0
HasWiredReturn: 1
HasMFsm: 2
HasVarLatency: 1
IsPipeline: 0
IsRtlPipelined: 0
IsInstanceOverlapped: 0
IsDontTouch: 0
HasImplIP: 0
IsGatedGlobalClock: 0

+ Individual pipeline summary: 
  * Pipeline-0: initiation interval (II) = 1, depth = 9


============================================================
+ Verbose Summary: Schedule
============================================================
* Number of FSM states : 9
* Pipeline : 1
  Pipeline-0 : II = 1, D = 9, States = { 1 2 3 4 5 6 7 8 9 }
* Dataflow Pipeline: 0

* FSM state transitions: 
1 --> 2 
2 --> 3 
3 --> 4 
4 --> 5 
5 --> 6 
6 --> 7 
7 --> 8 
8 --> 9 
9 --> 

* FSM state operations: 

State 1 <SV = 0> <Delay = 3.60>
ST_1 : Operation 12 [1/1] (0.00ns)   --->   "%j = alloca i32 1" [mmult_baseline.cpp:43]   --->   Operation 12 'alloca' 'j' <Predicate = true> <Delay = 0.00>
ST_1 : Operation 13 [1/1] (0.00ns)   --->   "%i = alloca i32 1" [mmult_baseline.cpp:42]   --->   Operation 13 'alloca' 'i' <Predicate = true> <Delay = 0.00>
ST_1 : Operation 14 [1/1] (0.00ns)   --->   "%indvar_flatten52 = alloca i32 1"   --->   Operation 14 'alloca' 'indvar_flatten52' <Predicate = true> <Delay = 0.00>
ST_1 : Operation 15 [1/1] (0.00ns)   --->   "%tC_15_load_11 = alloca i32 1"   --->   Operation 15 'alloca' 'tC_15_load_11' <Predicate = true> <Delay = 0.00>
ST_1 : Operation 16 [1/1] (0.00ns)   --->   "%tC_14_load_13 = alloca i32 1"   --->   Operation 16 'alloca' 'tC_14_load_13' <Predicate = true> <Delay = 0.00>
ST_1 : Operation 17 [1/1] (0.00ns)   --->   "%tC_13_load_15 = alloca i32 1"   --->   Operation 17 'alloca' 'tC_13_load_15' <Predicate = true> <Delay = 0.00>
ST_1 : Operation 18 [1/1] (0.00ns)   --->   "%tC_12_load_17 = alloca i32 1"   --->   Operation 18 'alloca' 'tC_12_load_17' <Predicate = true> <Delay = 0.00>
ST_1 : Operation 19 [1/1] (0.00ns)   --->   "%tC_11_load_19 = alloca i32 1"   --->   Operation 19 'alloca' 'tC_11_load_19' <Predicate = true> <Delay = 0.00>
ST_1 : Operation 20 [1/1] (0.00ns)   --->   "%tC_10_load_111 = alloca i32 1"   --->   Operation 20 'alloca' 'tC_10_load_111' <Predicate = true> <Delay = 0.00>
ST_1 : Operation 21 [1/1] (0.00ns)   --->   "%tC_9_load_113 = alloca i32 1"   --->   Operation 21 'alloca' 'tC_9_load_113' <Predicate = true> <Delay = 0.00>
ST_1 : Operation 22 [1/1] (0.00ns)   --->   "%tC_8_load_115 = alloca i32 1"   --->   Operation 22 'alloca' 'tC_8_load_115' <Predicate = true> <Delay = 0.00>
ST_1 : Operation 23 [1/1] (0.00ns)   --->   "%tC_7_load_117 = alloca i32 1"   --->   Operation 23 'alloca' 'tC_7_load_117' <Predicate = true> <Delay = 0.00>
ST_1 : Operation 24 [1/1] (0.00ns)   --->   "%tC_6_load_119 = alloca i32 1"   --->   Operation 24 'alloca' 'tC_6_load_119' <Predicate = true> <Delay = 0.00>
ST_1 : Operation 25 [1/1] (0.00ns)   --->   "%tC_5_load_121 = alloca i32 1"   --->   Operation 25 'alloca' 'tC_5_load_121' <Predicate = true> <Delay = 0.00>
ST_1 : Operation 26 [1/1] (0.00ns)   --->   "%tC_4_load_123 = alloca i32 1"   --->   Operation 26 'alloca' 'tC_4_load_123' <Predicate = true> <Delay = 0.00>
ST_1 : Operation 27 [1/1] (0.00ns)   --->   "%tC_3_load_125 = alloca i32 1"   --->   Operation 27 'alloca' 'tC_3_load_125' <Predicate = true> <Delay = 0.00>
ST_1 : Operation 28 [1/1] (0.00ns)   --->   "%tC_2_load_127 = alloca i32 1"   --->   Operation 28 'alloca' 'tC_2_load_127' <Predicate = true> <Delay = 0.00>
ST_1 : Operation 29 [1/1] (0.00ns)   --->   "%tC_1_load_129 = alloca i32 1"   --->   Operation 29 'alloca' 'tC_1_load_129' <Predicate = true> <Delay = 0.00>
ST_1 : Operation 30 [1/1] (0.00ns)   --->   "%tC_load_131 = alloca i32 1"   --->   Operation 30 'alloca' 'tC_load_131' <Predicate = true> <Delay = 0.00>
ST_1 : Operation 31 [1/1] (0.00ns)   --->   "%out_r_read = read i64 @_ssdm_op_Read.ap_auto.i64, i64 %out_r"   --->   Operation 31 'read' 'out_r_read' <Predicate = true> <Delay = 0.00>
ST_1 : Operation 32 [1/1] (0.00ns)   --->   "%zext_ln25_read = read i7 @_ssdm_op_Read.ap_auto.i7, i7 %zext_ln25"   --->   Operation 32 'read' 'zext_ln25_read' <Predicate = true> <Delay = 0.00>
ST_1 : Operation 33 [1/1] (0.00ns)   --->   "%tmp_1 = read i39 @_ssdm_op_Read.ap_auto.i39, i39 %empty"   --->   Operation 33 'read' 'tmp_1' <Predicate = true> <Delay = 0.00>
ST_1 : Operation 34 [1/1] (0.00ns)   --->   "%dim_cast6_read = read i32 @_ssdm_op_Read.ap_auto.i32, i32 %dim_cast6"   --->   Operation 34 'read' 'dim_cast6_read' <Predicate = true> <Delay = 0.00>
ST_1 : Operation 35 [1/1] (0.00ns)   --->   "%dim_cast6_cast = sext i32 %dim_cast6_read"   --->   Operation 35 'sext' 'dim_cast6_cast' <Predicate = true> <Delay = 0.00>
ST_1 : Operation 36 [1/1] (0.00ns)   --->   "%zext_ln25_cast = zext i7 %zext_ln25_read"   --->   Operation 36 'zext' 'zext_ln25_cast' <Predicate = true> <Delay = 0.00>
ST_1 : Operation 37 [1/1] (0.00ns)   --->   "%p_cast = sext i39 %tmp_1"   --->   Operation 37 'sext' 'p_cast' <Predicate = true> <Delay = 0.00>
ST_1 : Operation 38 [1/1] (0.00ns)   --->   "%specinterface_ln0 = specinterface void @_ssdm_op_SpecInterface, i32 %gmem, void @empty, i32 0, i32 0, void @empty_0, i32 0, i32 16384, void @empty_1, void @empty_2, void @empty_0, i32 16, i32 16, i32 16, i32 16, void @empty_0, void @empty_0, i32 4294967295, i32 0, i32 0"   --->   Operation 38 'specinterface' 'specinterface_ln0' <Predicate = true> <Delay = 0.00>
ST_1 : Operation 39 [1/1] (0.48ns)   --->   "%store_ln0 = store i9 0, i9 %indvar_flatten52"   --->   Operation 39 'store' 'store_ln0' <Predicate = true> <Delay = 0.48>
ST_1 : Operation 40 [1/1] (0.48ns)   --->   "%store_ln42 = store i5 0, i5 %i" [mmult_baseline.cpp:42]   --->   Operation 40 'store' 'store_ln42' <Predicate = true> <Delay = 0.48>
ST_1 : Operation 41 [1/1] (0.48ns)   --->   "%store_ln43 = store i5 0, i5 %j" [mmult_baseline.cpp:43]   --->   Operation 41 'store' 'store_ln43' <Predicate = true> <Delay = 0.48>
ST_1 : Operation 42 [1/1] (0.00ns)   --->   "%br_ln0 = br void %for.inc139"   --->   Operation 42 'br' 'br_ln0' <Predicate = true> <Delay = 0.00>
ST_1 : Operation 43 [1/1] (0.00ns)   --->   "%indvar_flatten52_load = load i9 %indvar_flatten52" [mmult_baseline.cpp:42]   --->   Operation 43 'load' 'indvar_flatten52_load' <Predicate = true> <Delay = 0.00>
ST_1 : Operation 44 [1/1] (0.00ns)   --->   "%specbitsmap_ln0 = specbitsmap void @_ssdm_op_SpecBitsMap, i32 %gmem"   --->   Operation 44 'specbitsmap' 'specbitsmap_ln0' <Predicate = true> <Delay = 0.00>
ST_1 : Operation 45 [1/1] (0.92ns)   --->   "%icmp_ln42 = icmp_eq  i9 %indvar_flatten52_load, i9 256" [mmult_baseline.cpp:42]   --->   Operation 45 'icmp' 'icmp_ln42' <Predicate = true> <Delay = 0.92> <CoreInst = "Cmp">   --->   Core 9 'Cmp' <Latency = 0> <II = 1> <Delay = 0.92> <FuncUnit> <Opcode : 'seteq' 'setne' 'setle' 'setge' 'setlt' 'setgt'> <InPorts = 2> <OutPorts = 1>
ST_1 : Operation 46 [1/1] (0.92ns)   --->   "%add_ln42 = add i9 %indvar_flatten52_load, i9 1" [mmult_baseline.cpp:42]   --->   Operation 46 'add' 'add_ln42' <Predicate = true> <Delay = 0.92> <CoreInst = "Adder">   --->   Core 1 'Adder' <Latency = 0> <II = 1> <Delay = 0.92> <FuncUnit> <Opcode : 'add' 'sub'> <InPorts = 2> <OutPorts = 1>
ST_1 : Operation 47 [1/1] (0.00ns)   --->   "%br_ln42 = br i1 %icmp_ln42, void %for.inc142, void %for.inc145.exitStub" [mmult_baseline.cpp:42]   --->   Operation 47 'br' 'br_ln42' <Predicate = true> <Delay = 0.00>
ST_1 : Operation 48 [1/1] (0.00ns)   --->   "%j_load = load i5 %j" [mmult_baseline.cpp:43]   --->   Operation 48 'load' 'j_load' <Predicate = (!icmp_ln42)> <Delay = 0.00>
ST_1 : Operation 49 [1/1] (0.00ns)   --->   "%i_load = load i5 %i" [mmult_baseline.cpp:42]   --->   Operation 49 'load' 'i_load' <Predicate = (!icmp_ln42)> <Delay = 0.00>
ST_1 : Operation 50 [1/1] (0.87ns)   --->   "%icmp_ln43 = icmp_eq  i5 %j_load, i5 16" [mmult_baseline.cpp:43]   --->   Operation 50 'icmp' 'icmp_ln43' <Predicate = (!icmp_ln42)> <Delay = 0.87> <CoreInst = "Cmp">   --->   Core 9 'Cmp' <Latency = 0> <II = 1> <Delay = 0.87> <FuncUnit> <Opcode : 'seteq' 'setne' 'setle' 'setge' 'setlt' 'setgt'> <InPorts = 2> <OutPorts = 1>
ST_1 : Operation 51 [1/1] (0.48ns)   --->   "%select_ln42 = select i1 %icmp_ln43, i5 0, i5 %j_load" [mmult_baseline.cpp:42]   --->   Operation 51 'select' 'select_ln42' <Predicate = (!icmp_ln42)> <Delay = 0.48> <CoreInst = "Sel">   --->   Core 73 'Sel' <Latency = 0> <II = 1> <Delay = 0.48> <FuncUnit> <Opcode : 'select'> <InPorts = 3> <OutPorts = 1>
ST_1 : Operation 52 [1/1] (0.87ns)   --->   "%add_ln42_1 = add i5 %i_load, i5 1" [mmult_baseline.cpp:42]   --->   Operation 52 'add' 'add_ln42_1' <Predicate = (!icmp_ln42)> <Delay = 0.87> <CoreInst = "Adder">   --->   Core 1 'Adder' <Latency = 0> <II = 1> <Delay = 0.87> <FuncUnit> <Opcode : 'add' 'sub'> <InPorts = 2> <OutPorts = 1>
ST_1 : Operation 53 [1/1] (0.48ns)   --->   "%select_ln42_1 = select i1 %icmp_ln43, i5 %add_ln42_1, i5 %i_load" [mmult_baseline.cpp:42]   --->   Operation 53 'select' 'select_ln42_1' <Predicate = (!icmp_ln42)> <Delay = 0.48> <CoreInst = "Sel">   --->   Core 73 'Sel' <Latency = 0> <II = 1> <Delay = 0.48> <FuncUnit> <Opcode : 'select'> <InPorts = 3> <OutPorts = 1>
ST_1 : Operation 54 [1/1] (0.87ns)   --->   "%first_iter_3 = icmp_eq  i5 %select_ln42, i5 0" [mmult_baseline.cpp:42]   --->   Operation 54 'icmp' 'first_iter_3' <Predicate = (!icmp_ln42)> <Delay = 0.87> <CoreInst = "Cmp">   --->   Core 9 'Cmp' <Latency = 0> <II = 1> <Delay = 0.87> <FuncUnit> <Opcode : 'seteq' 'setne' 'setle' 'setge' 'setlt' 'setgt'> <InPorts = 2> <OutPorts = 1>
ST_1 : Operation 55 [1/1] (0.00ns)   --->   "%zext_ln42 = zext i5 %select_ln42_1" [mmult_baseline.cpp:42]   --->   Operation 55 'zext' 'zext_ln42' <Predicate = (!icmp_ln42)> <Delay = 0.00>
ST_1 : Operation 56 [1/1] (0.00ns)   --->   "%tC_addr = getelementptr i32 %tC, i64 0, i64 %zext_ln42" [mmult_baseline.cpp:42]   --->   Operation 56 'getelementptr' 'tC_addr' <Predicate = (!icmp_ln42)> <Delay = 0.00>
ST_1 : Operation 57 [1/1] (0.00ns)   --->   "%tC_1_addr = getelementptr i32 %tC_1, i64 0, i64 %zext_ln42" [mmult_baseline.cpp:42]   --->   Operation 57 'getelementptr' 'tC_1_addr' <Predicate = (!icmp_ln42)> <Delay = 0.00>
ST_1 : Operation 58 [1/1] (0.00ns)   --->   "%tC_2_addr = getelementptr i32 %tC_2, i64 0, i64 %zext_ln42" [mmult_baseline.cpp:42]   --->   Operation 58 'getelementptr' 'tC_2_addr' <Predicate = (!icmp_ln42)> <Delay = 0.00>
ST_1 : Operation 59 [1/1] (0.00ns)   --->   "%tC_3_addr = getelementptr i32 %tC_3, i64 0, i64 %zext_ln42" [mmult_baseline.cpp:42]   --->   Operation 59 'getelementptr' 'tC_3_addr' <Predicate = (!icmp_ln42)> <Delay = 0.00>
ST_1 : Operation 60 [1/1] (0.00ns)   --->   "%tC_4_addr = getelementptr i32 %tC_4, i64 0, i64 %zext_ln42" [mmult_baseline.cpp:42]   --->   Operation 60 'getelementptr' 'tC_4_addr' <Predicate = (!icmp_ln42)> <Delay = 0.00>
ST_1 : Operation 61 [1/1] (0.00ns)   --->   "%tC_5_addr = getelementptr i32 %tC_5, i64 0, i64 %zext_ln42" [mmult_baseline.cpp:42]   --->   Operation 61 'getelementptr' 'tC_5_addr' <Predicate = (!icmp_ln42)> <Delay = 0.00>
ST_1 : Operation 62 [1/1] (0.00ns)   --->   "%tC_6_addr = getelementptr i32 %tC_6, i64 0, i64 %zext_ln42" [mmult_baseline.cpp:42]   --->   Operation 62 'getelementptr' 'tC_6_addr' <Predicate = (!icmp_ln42)> <Delay = 0.00>
ST_1 : Operation 63 [1/1] (0.00ns)   --->   "%tC_7_addr = getelementptr i32 %tC_7, i64 0, i64 %zext_ln42" [mmult_baseline.cpp:42]   --->   Operation 63 'getelementptr' 'tC_7_addr' <Predicate = (!icmp_ln42)> <Delay = 0.00>
ST_1 : Operation 64 [1/1] (0.00ns)   --->   "%tC_8_addr = getelementptr i32 %tC_8, i64 0, i64 %zext_ln42" [mmult_baseline.cpp:42]   --->   Operation 64 'getelementptr' 'tC_8_addr' <Predicate = (!icmp_ln42)> <Delay = 0.00>
ST_1 : Operation 65 [1/1] (0.00ns)   --->   "%tC_9_addr = getelementptr i32 %tC_9, i64 0, i64 %zext_ln42" [mmult_baseline.cpp:42]   --->   Operation 65 'getelementptr' 'tC_9_addr' <Predicate = (!icmp_ln42)> <Delay = 0.00>
ST_1 : Operation 66 [1/1] (0.00ns)   --->   "%tC_10_addr = getelementptr i32 %tC_10, i64 0, i64 %zext_ln42" [mmult_baseline.cpp:42]   --->   Operation 66 'getelementptr' 'tC_10_addr' <Predicate = (!icmp_ln42)> <Delay = 0.00>
ST_1 : Operation 67 [1/1] (0.00ns)   --->   "%tC_11_addr = getelementptr i32 %tC_11, i64 0, i64 %zext_ln42" [mmult_baseline.cpp:42]   --->   Operation 67 'getelementptr' 'tC_11_addr' <Predicate = (!icmp_ln42)> <Delay = 0.00>
ST_1 : Operation 68 [1/1] (0.00ns)   --->   "%tC_12_addr = getelementptr i32 %tC_12, i64 0, i64 %zext_ln42" [mmult_baseline.cpp:42]   --->   Operation 68 'getelementptr' 'tC_12_addr' <Predicate = (!icmp_ln42)> <Delay = 0.00>
ST_1 : Operation 69 [1/1] (0.00ns)   --->   "%tC_13_addr = getelementptr i32 %tC_13, i64 0, i64 %zext_ln42" [mmult_baseline.cpp:42]   --->   Operation 69 'getelementptr' 'tC_13_addr' <Predicate = (!icmp_ln42)> <Delay = 0.00>
ST_1 : Operation 70 [1/1] (0.00ns)   --->   "%tC_14_addr = getelementptr i32 %tC_14, i64 0, i64 %zext_ln42" [mmult_baseline.cpp:42]   --->   Operation 70 'getelementptr' 'tC_14_addr' <Predicate = (!icmp_ln42)> <Delay = 0.00>
ST_1 : Operation 71 [1/1] (0.00ns)   --->   "%tC_15_addr = getelementptr i32 %tC_15, i64 0, i64 %zext_ln42" [mmult_baseline.cpp:42]   --->   Operation 71 'getelementptr' 'tC_15_addr' <Predicate = (!icmp_ln42)> <Delay = 0.00>
ST_1 : Operation 72 [1/1] (0.00ns)   --->   "%br_ln43 = br i1 %first_iter_3, void %for.inc139.split, void %for.first.iter.for.inc139" [mmult_baseline.cpp:43]   --->   Operation 72 'br' 'br_ln43' <Predicate = (!icmp_ln42)> <Delay = 0.00>
ST_1 : Operation 73 [2/2] (0.79ns)   --->   "%tC_load = load i4 %tC_addr" [mmult_baseline.cpp:42]   --->   Operation 73 'load' 'tC_load' <Predicate = (!icmp_ln42 & first_iter_3)> <Delay = 0.79> <CoreInst = "RAM">   --->   Core 82 'RAM' <Latency = 1> <II = 1> <Delay = 0.79> <Storage> <Opcode : 'load' 'store'> <Ports = 2> <Width = 32> <Depth = 16> <RAM>
ST_1 : Operation 74 [2/2] (0.79ns)   --->   "%tC_1_load = load i4 %tC_1_addr" [mmult_baseline.cpp:42]   --->   Operation 74 'load' 'tC_1_load' <Predicate = (!icmp_ln42 & first_iter_3)> <Delay = 0.79> <CoreInst = "RAM">   --->   Core 82 'RAM' <Latency = 1> <II = 1> <Delay = 0.79> <Storage> <Opcode : 'load' 'store'> <Ports = 2> <Width = 32> <Depth = 16> <RAM>
ST_1 : Operation 75 [2/2] (0.79ns)   --->   "%tC_2_load = load i4 %tC_2_addr" [mmult_baseline.cpp:42]   --->   Operation 75 'load' 'tC_2_load' <Predicate = (!icmp_ln42 & first_iter_3)> <Delay = 0.79> <CoreInst = "RAM">   --->   Core 82 'RAM' <Latency = 1> <II = 1> <Delay = 0.79> <Storage> <Opcode : 'load' 'store'> <Ports = 2> <Width = 32> <Depth = 16> <RAM>
ST_1 : Operation 76 [2/2] (0.79ns)   --->   "%tC_3_load = load i4 %tC_3_addr" [mmult_baseline.cpp:42]   --->   Operation 76 'load' 'tC_3_load' <Predicate = (!icmp_ln42 & first_iter_3)> <Delay = 0.79> <CoreInst = "RAM">   --->   Core 82 'RAM' <Latency = 1> <II = 1> <Delay = 0.79> <Storage> <Opcode : 'load' 'store'> <Ports = 2> <Width = 32> <Depth = 16> <RAM>
ST_1 : Operation 77 [2/2] (0.79ns)   --->   "%tC_4_load = load i4 %tC_4_addr" [mmult_baseline.cpp:42]   --->   Operation 77 'load' 'tC_4_load' <Predicate = (!icmp_ln42 & first_iter_3)> <Delay = 0.79> <CoreInst = "RAM">   --->   Core 82 'RAM' <Latency = 1> <II = 1> <Delay = 0.79> <Storage> <Opcode : 'load' 'store'> <Ports = 2> <Width = 32> <Depth = 16> <RAM>
ST_1 : Operation 78 [2/2] (0.79ns)   --->   "%tC_5_load = load i4 %tC_5_addr" [mmult_baseline.cpp:42]   --->   Operation 78 'load' 'tC_5_load' <Predicate = (!icmp_ln42 & first_iter_3)> <Delay = 0.79> <CoreInst = "RAM">   --->   Core 82 'RAM' <Latency = 1> <II = 1> <Delay = 0.79> <Storage> <Opcode : 'load' 'store'> <Ports = 2> <Width = 32> <Depth = 16> <RAM>
ST_1 : Operation 79 [2/2] (0.79ns)   --->   "%tC_6_load = load i4 %tC_6_addr" [mmult_baseline.cpp:42]   --->   Operation 79 'load' 'tC_6_load' <Predicate = (!icmp_ln42 & first_iter_3)> <Delay = 0.79> <CoreInst = "RAM">   --->   Core 82 'RAM' <Latency = 1> <II = 1> <Delay = 0.79> <Storage> <Opcode : 'load' 'store'> <Ports = 2> <Width = 32> <Depth = 16> <RAM>
ST_1 : Operation 80 [2/2] (0.79ns)   --->   "%tC_7_load = load i4 %tC_7_addr" [mmult_baseline.cpp:42]   --->   Operation 80 'load' 'tC_7_load' <Predicate = (!icmp_ln42 & first_iter_3)> <Delay = 0.79> <CoreInst = "RAM">   --->   Core 82 'RAM' <Latency = 1> <II = 1> <Delay = 0.79> <Storage> <Opcode : 'load' 'store'> <Ports = 2> <Width = 32> <Depth = 16> <RAM>
ST_1 : Operation 81 [2/2] (0.79ns)   --->   "%tC_8_load = load i4 %tC_8_addr" [mmult_baseline.cpp:42]   --->   Operation 81 'load' 'tC_8_load' <Predicate = (!icmp_ln42 & first_iter_3)> <Delay = 0.79> <CoreInst = "RAM">   --->   Core 82 'RAM' <Latency = 1> <II = 1> <Delay = 0.79> <Storage> <Opcode : 'load' 'store'> <Ports = 2> <Width = 32> <Depth = 16> <RAM>
ST_1 : Operation 82 [2/2] (0.79ns)   --->   "%tC_9_load = load i4 %tC_9_addr" [mmult_baseline.cpp:42]   --->   Operation 82 'load' 'tC_9_load' <Predicate = (!icmp_ln42 & first_iter_3)> <Delay = 0.79> <CoreInst = "RAM">   --->   Core 82 'RAM' <Latency = 1> <II = 1> <Delay = 0.79> <Storage> <Opcode : 'load' 'store'> <Ports = 2> <Width = 32> <Depth = 16> <RAM>
ST_1 : Operation 83 [2/2] (0.79ns)   --->   "%tC_10_load = load i4 %tC_10_addr" [mmult_baseline.cpp:42]   --->   Operation 83 'load' 'tC_10_load' <Predicate = (!icmp_ln42 & first_iter_3)> <Delay = 0.79> <CoreInst = "RAM">   --->   Core 82 'RAM' <Latency = 1> <II = 1> <Delay = 0.79> <Storage> <Opcode : 'load' 'store'> <Ports = 2> <Width = 32> <Depth = 16> <RAM>
ST_1 : Operation 84 [2/2] (0.79ns)   --->   "%tC_11_load = load i4 %tC_11_addr" [mmult_baseline.cpp:42]   --->   Operation 84 'load' 'tC_11_load' <Predicate = (!icmp_ln42 & first_iter_3)> <Delay = 0.79> <CoreInst = "RAM">   --->   Core 82 'RAM' <Latency = 1> <II = 1> <Delay = 0.79> <Storage> <Opcode : 'load' 'store'> <Ports = 2> <Width = 32> <Depth = 16> <RAM>
ST_1 : Operation 85 [2/2] (0.79ns)   --->   "%tC_12_load = load i4 %tC_12_addr" [mmult_baseline.cpp:42]   --->   Operation 85 'load' 'tC_12_load' <Predicate = (!icmp_ln42 & first_iter_3)> <Delay = 0.79> <CoreInst = "RAM">   --->   Core 82 'RAM' <Latency = 1> <II = 1> <Delay = 0.79> <Storage> <Opcode : 'load' 'store'> <Ports = 2> <Width = 32> <Depth = 16> <RAM>
ST_1 : Operation 86 [2/2] (0.79ns)   --->   "%tC_13_load = load i4 %tC_13_addr" [mmult_baseline.cpp:42]   --->   Operation 86 'load' 'tC_13_load' <Predicate = (!icmp_ln42 & first_iter_3)> <Delay = 0.79> <CoreInst = "RAM">   --->   Core 82 'RAM' <Latency = 1> <II = 1> <Delay = 0.79> <Storage> <Opcode : 'load' 'store'> <Ports = 2> <Width = 32> <Depth = 16> <RAM>
ST_1 : Operation 87 [2/2] (0.79ns)   --->   "%tC_14_load = load i4 %tC_14_addr" [mmult_baseline.cpp:42]   --->   Operation 87 'load' 'tC_14_load' <Predicate = (!icmp_ln42 & first_iter_3)> <Delay = 0.79> <CoreInst = "RAM">   --->   Core 82 'RAM' <Latency = 1> <II = 1> <Delay = 0.79> <Storage> <Opcode : 'load' 'store'> <Ports = 2> <Width = 32> <Depth = 16> <RAM>
ST_1 : Operation 88 [2/2] (0.79ns)   --->   "%tC_15_load = load i4 %tC_15_addr" [mmult_baseline.cpp:42]   --->   Operation 88 'load' 'tC_15_load' <Predicate = (!icmp_ln42 & first_iter_3)> <Delay = 0.79> <CoreInst = "RAM">   --->   Core 82 'RAM' <Latency = 1> <II = 1> <Delay = 0.79> <Storage> <Opcode : 'load' 'store'> <Ports = 2> <Width = 32> <Depth = 16> <RAM>
ST_1 : Operation 89 [1/1] (0.00ns)   --->   "%trunc_ln43 = trunc i5 %select_ln42" [mmult_baseline.cpp:43]   --->   Operation 89 'trunc' 'trunc_ln43' <Predicate = (!icmp_ln42)> <Delay = 0.00>
ST_1 : Operation 90 [1/1] (0.87ns)   --->   "%add_ln43 = add i5 %select_ln42, i5 1" [mmult_baseline.cpp:43]   --->   Operation 90 'add' 'add_ln43' <Predicate = (!icmp_ln42)> <Delay = 0.87> <CoreInst = "Adder">   --->   Core 1 'Adder' <Latency = 0> <II = 1> <Delay = 0.87> <FuncUnit> <Opcode : 'add' 'sub'> <InPorts = 2> <OutPorts = 1>
ST_1 : Operation 91 [1/1] (0.87ns)   --->   "%icmp_ln43_1 = icmp_eq  i5 %add_ln43, i5 16" [mmult_baseline.cpp:43]   --->   Operation 91 'icmp' 'icmp_ln43_1' <Predicate = (!icmp_ln42)> <Delay = 0.87> <CoreInst = "Cmp">   --->   Core 9 'Cmp' <Latency = 0> <II = 1> <Delay = 0.87> <FuncUnit> <Opcode : 'seteq' 'setne' 'setle' 'setge' 'setlt' 'setgt'> <InPorts = 2> <OutPorts = 1>
ST_1 : Operation 92 [1/1] (0.00ns)   --->   "%br_ln43 = br i1 %icmp_ln43_1, void %new.latch.for.inc139.split, void %last.iter.for.inc139.split" [mmult_baseline.cpp:43]   --->   Operation 92 'br' 'br_ln43' <Predicate = (!icmp_ln42)> <Delay = 0.00>
ST_1 : Operation 93 [1/1] (0.48ns)   --->   "%store_ln42 = store i9 %add_ln42, i9 %indvar_flatten52" [mmult_baseline.cpp:42]   --->   Operation 93 'store' 'store_ln42' <Predicate = (!icmp_ln42)> <Delay = 0.48>
ST_1 : Operation 94 [1/1] (0.48ns)   --->   "%store_ln42 = store i5 %select_ln42_1, i5 %i" [mmult_baseline.cpp:42]   --->   Operation 94 'store' 'store_ln42' <Predicate = (!icmp_ln42)> <Delay = 0.48>
ST_1 : Operation 95 [1/1] (0.48ns)   --->   "%store_ln43 = store i5 %add_ln43, i5 %j" [mmult_baseline.cpp:43]   --->   Operation 95 'store' 'store_ln43' <Predicate = (!icmp_ln42)> <Delay = 0.48>
ST_1 : Operation 96 [1/1] (0.00ns)   --->   "%br_ln43 = br void %for.inc139" [mmult_baseline.cpp:43]   --->   Operation 96 'br' 'br_ln43' <Predicate = (!icmp_ln42)> <Delay = 0.00>

State 2 <SV = 1> <Delay = 6.26>
ST_2 : Operation 97 [1/1] (0.00ns)   --->   "%specloopname_ln0 = specloopname void @_ssdm_op_SpecLoopName, void @store_i_store_j_str"   --->   Operation 97 'specloopname' 'specloopname_ln0' <Predicate = true> <Delay = 0.00>
ST_2 : Operation 98 [1/1] (0.00ns)   --->   "%speclooptripcount_ln0 = speclooptripcount void @_ssdm_op_SpecLoopTripCount, i64 256, i64 256, i64 256"   --->   Operation 98 'speclooptripcount' 'speclooptripcount_ln0' <Predicate = true> <Delay = 0.00>
ST_2 : Operation 99 [1/1] (0.00ns)   --->   "%zext_ln42_1 = zext i5 %select_ln42_1" [mmult_baseline.cpp:42]   --->   Operation 99 'zext' 'zext_ln42_1' <Predicate = true> <Delay = 0.00>
ST_2 : Operation 100 [1/1] (3.88ns)   --->   "%empty_26 = mul i37 %zext_ln42_1, i37 %dim_cast6_cast" [mmult_baseline.cpp:42]   --->   Operation 100 'mul' 'empty_26' <Predicate = true> <Delay = 3.88> <CoreInst = "Multiplier">   --->   Core 3 'Multiplier' <Latency = 0> <II = 1> <Delay = 3.88> <FuncUnit> <Opcode : 'mul'> <InPorts = 2> <OutPorts = 1>
ST_2 : Operation 101 [1/1] (0.00ns)   --->   "%p_cast1 = sext i37 %empty_26" [mmult_baseline.cpp:42]   --->   Operation 101 'sext' 'p_cast1' <Predicate = true> <Delay = 0.00>
ST_2 : Operation 102 [1/1] (0.00ns) (grouped into TernaryAdder)   --->   "%tmp3 = add i40 %p_cast, i40 %p_cast1" [mmult_baseline.cpp:42]   --->   Operation 102 'add' 'tmp3' <Predicate = true> <Delay = 0.00> <CoreInst = "TAddSub">   --->   Core 10 'TAddSub' <Latency = 0> <II = 1> <Delay = 0.45> <IPBlock> <Opcode : '' 'add' 'sub'> <InPorts = 3> <OutPorts = 1> <Sync> <CReg>
ST_2 : Operation 103 [1/1] (0.91ns) (root node of TernaryAdder)   --->   "%empty_27 = add i40 %tmp3, i40 %zext_ln25_cast" [mmult_baseline.cpp:42]   --->   Operation 103 'add' 'empty_27' <Predicate = true> <Delay = 0.91> <CoreInst = "TAddSub">   --->   Core 10 'TAddSub' <Latency = 0> <II = 1> <Delay = 0.45> <IPBlock> <Opcode : '' 'add' 'sub'> <InPorts = 3> <OutPorts = 1> <Sync> <CReg>
ST_2 : Operation 104 [1/1] (0.00ns)   --->   "%tmp_8 = bitconcatenate i42 @_ssdm_op_BitConcatenate.i42.i40.i2, i40 %empty_27, i2 0" [mmult_baseline.cpp:42]   --->   Operation 104 'bitconcatenate' 'tmp_8' <Predicate = true> <Delay = 0.00>
ST_2 : Operation 105 [1/1] (0.00ns)   --->   "%tmp_8_cast = sext i42 %tmp_8" [mmult_baseline.cpp:42]   --->   Operation 105 'sext' 'tmp_8_cast' <Predicate = true> <Delay = 0.00>
ST_2 : Operation 106 [1/1] (1.47ns)   --->   "%empty_28 = add i64 %tmp_8_cast, i64 %out_r_read" [mmult_baseline.cpp:42]   --->   Operation 106 'add' 'empty_28' <Predicate = true> <Delay = 1.47> <CoreInst = "Adder">   --->   Core 1 'Adder' <Latency = 0> <II = 1> <Delay = 1.47> <FuncUnit> <Opcode : 'add' 'sub'> <InPorts = 2> <OutPorts = 1>
ST_2 : Operation 107 [1/1] (0.00ns)   --->   "%trunc_ln3 = partselect i62 @_ssdm_op_PartSelect.i62.i64.i32.i32, i64 %empty_28, i32 2, i32 63" [mmult_baseline.cpp:43]   --->   Operation 107 'partselect' 'trunc_ln3' <Predicate = true> <Delay = 0.00>
ST_2 : Operation 108 [1/1] (0.00ns)   --->   "%sext_ln43 = sext i62 %trunc_ln3" [mmult_baseline.cpp:43]   --->   Operation 108 'sext' 'sext_ln43' <Predicate = true> <Delay = 0.00>
ST_2 : Operation 109 [1/1] (0.00ns)   --->   "%gmem_addr = getelementptr i32 %gmem, i64 %sext_ln43" [mmult_baseline.cpp:43]   --->   Operation 109 'getelementptr' 'gmem_addr' <Predicate = true> <Delay = 0.00>
ST_2 : Operation 110 [1/2] (0.79ns)   --->   "%tC_load = load i4 %tC_addr" [mmult_baseline.cpp:42]   --->   Operation 110 'load' 'tC_load' <Predicate = (first_iter_3)> <Delay = 0.79> <CoreInst = "RAM">   --->   Core 82 'RAM' <Latency = 1> <II = 1> <Delay = 0.79> <Storage> <Opcode : 'load' 'store'> <Ports = 2> <Width = 32> <Depth = 16> <RAM>
ST_2 : Operation 111 [1/2] (0.79ns)   --->   "%tC_1_load = load i4 %tC_1_addr" [mmult_baseline.cpp:42]   --->   Operation 111 'load' 'tC_1_load' <Predicate = (first_iter_3)> <Delay = 0.79> <CoreInst = "RAM">   --->   Core 82 'RAM' <Latency = 1> <II = 1> <Delay = 0.79> <Storage> <Opcode : 'load' 'store'> <Ports = 2> <Width = 32> <Depth = 16> <RAM>
ST_2 : Operation 112 [1/2] (0.79ns)   --->   "%tC_2_load = load i4 %tC_2_addr" [mmult_baseline.cpp:42]   --->   Operation 112 'load' 'tC_2_load' <Predicate = (first_iter_3)> <Delay = 0.79> <CoreInst = "RAM">   --->   Core 82 'RAM' <Latency = 1> <II = 1> <Delay = 0.79> <Storage> <Opcode : 'load' 'store'> <Ports = 2> <Width = 32> <Depth = 16> <RAM>
ST_2 : Operation 113 [1/2] (0.79ns)   --->   "%tC_3_load = load i4 %tC_3_addr" [mmult_baseline.cpp:42]   --->   Operation 113 'load' 'tC_3_load' <Predicate = (first_iter_3)> <Delay = 0.79> <CoreInst = "RAM">   --->   Core 82 'RAM' <Latency = 1> <II = 1> <Delay = 0.79> <Storage> <Opcode : 'load' 'store'> <Ports = 2> <Width = 32> <Depth = 16> <RAM>
ST_2 : Operation 114 [1/2] (0.79ns)   --->   "%tC_4_load = load i4 %tC_4_addr" [mmult_baseline.cpp:42]   --->   Operation 114 'load' 'tC_4_load' <Predicate = (first_iter_3)> <Delay = 0.79> <CoreInst = "RAM">   --->   Core 82 'RAM' <Latency = 1> <II = 1> <Delay = 0.79> <Storage> <Opcode : 'load' 'store'> <Ports = 2> <Width = 32> <Depth = 16> <RAM>
ST_2 : Operation 115 [1/2] (0.79ns)   --->   "%tC_5_load = load i4 %tC_5_addr" [mmult_baseline.cpp:42]   --->   Operation 115 'load' 'tC_5_load' <Predicate = (first_iter_3)> <Delay = 0.79> <CoreInst = "RAM">   --->   Core 82 'RAM' <Latency = 1> <II = 1> <Delay = 0.79> <Storage> <Opcode : 'load' 'store'> <Ports = 2> <Width = 32> <Depth = 16> <RAM>
ST_2 : Operation 116 [1/2] (0.79ns)   --->   "%tC_6_load = load i4 %tC_6_addr" [mmult_baseline.cpp:42]   --->   Operation 116 'load' 'tC_6_load' <Predicate = (first_iter_3)> <Delay = 0.79> <CoreInst = "RAM">   --->   Core 82 'RAM' <Latency = 1> <II = 1> <Delay = 0.79> <Storage> <Opcode : 'load' 'store'> <Ports = 2> <Width = 32> <Depth = 16> <RAM>
ST_2 : Operation 117 [1/2] (0.79ns)   --->   "%tC_7_load = load i4 %tC_7_addr" [mmult_baseline.cpp:42]   --->   Operation 117 'load' 'tC_7_load' <Predicate = (first_iter_3)> <Delay = 0.79> <CoreInst = "RAM">   --->   Core 82 'RAM' <Latency = 1> <II = 1> <Delay = 0.79> <Storage> <Opcode : 'load' 'store'> <Ports = 2> <Width = 32> <Depth = 16> <RAM>
ST_2 : Operation 118 [1/2] (0.79ns)   --->   "%tC_8_load = load i4 %tC_8_addr" [mmult_baseline.cpp:42]   --->   Operation 118 'load' 'tC_8_load' <Predicate = (first_iter_3)> <Delay = 0.79> <CoreInst = "RAM">   --->   Core 82 'RAM' <Latency = 1> <II = 1> <Delay = 0.79> <Storage> <Opcode : 'load' 'store'> <Ports = 2> <Width = 32> <Depth = 16> <RAM>
ST_2 : Operation 119 [1/2] (0.79ns)   --->   "%tC_9_load = load i4 %tC_9_addr" [mmult_baseline.cpp:42]   --->   Operation 119 'load' 'tC_9_load' <Predicate = (first_iter_3)> <Delay = 0.79> <CoreInst = "RAM">   --->   Core 82 'RAM' <Latency = 1> <II = 1> <Delay = 0.79> <Storage> <Opcode : 'load' 'store'> <Ports = 2> <Width = 32> <Depth = 16> <RAM>
ST_2 : Operation 120 [1/2] (0.79ns)   --->   "%tC_10_load = load i4 %tC_10_addr" [mmult_baseline.cpp:42]   --->   Operation 120 'load' 'tC_10_load' <Predicate = (first_iter_3)> <Delay = 0.79> <CoreInst = "RAM">   --->   Core 82 'RAM' <Latency = 1> <II = 1> <Delay = 0.79> <Storage> <Opcode : 'load' 'store'> <Ports = 2> <Width = 32> <Depth = 16> <RAM>
ST_2 : Operation 121 [1/2] (0.79ns)   --->   "%tC_11_load = load i4 %tC_11_addr" [mmult_baseline.cpp:42]   --->   Operation 121 'load' 'tC_11_load' <Predicate = (first_iter_3)> <Delay = 0.79> <CoreInst = "RAM">   --->   Core 82 'RAM' <Latency = 1> <II = 1> <Delay = 0.79> <Storage> <Opcode : 'load' 'store'> <Ports = 2> <Width = 32> <Depth = 16> <RAM>
ST_2 : Operation 122 [1/2] (0.79ns)   --->   "%tC_12_load = load i4 %tC_12_addr" [mmult_baseline.cpp:42]   --->   Operation 122 'load' 'tC_12_load' <Predicate = (first_iter_3)> <Delay = 0.79> <CoreInst = "RAM">   --->   Core 82 'RAM' <Latency = 1> <II = 1> <Delay = 0.79> <Storage> <Opcode : 'load' 'store'> <Ports = 2> <Width = 32> <Depth = 16> <RAM>
ST_2 : Operation 123 [1/2] (0.79ns)   --->   "%tC_13_load = load i4 %tC_13_addr" [mmult_baseline.cpp:42]   --->   Operation 123 'load' 'tC_13_load' <Predicate = (first_iter_3)> <Delay = 0.79> <CoreInst = "RAM">   --->   Core 82 'RAM' <Latency = 1> <II = 1> <Delay = 0.79> <Storage> <Opcode : 'load' 'store'> <Ports = 2> <Width = 32> <Depth = 16> <RAM>
ST_2 : Operation 124 [1/2] (0.79ns)   --->   "%tC_14_load = load i4 %tC_14_addr" [mmult_baseline.cpp:42]   --->   Operation 124 'load' 'tC_14_load' <Predicate = (first_iter_3)> <Delay = 0.79> <CoreInst = "RAM">   --->   Core 82 'RAM' <Latency = 1> <II = 1> <Delay = 0.79> <Storage> <Opcode : 'load' 'store'> <Ports = 2> <Width = 32> <Depth = 16> <RAM>
ST_2 : Operation 125 [1/2] (0.79ns)   --->   "%tC_15_load = load i4 %tC_15_addr" [mmult_baseline.cpp:42]   --->   Operation 125 'load' 'tC_15_load' <Predicate = (first_iter_3)> <Delay = 0.79> <CoreInst = "RAM">   --->   Core 82 'RAM' <Latency = 1> <II = 1> <Delay = 0.79> <Storage> <Opcode : 'load' 'store'> <Ports = 2> <Width = 32> <Depth = 16> <RAM>
ST_2 : Operation 126 [1/1] (0.00ns)   --->   "%store_ln42 = store i32 %tC_load, i32 %tC_load_131" [mmult_baseline.cpp:42]   --->   Operation 126 'store' 'store_ln42' <Predicate = (first_iter_3)> <Delay = 0.00>
ST_2 : Operation 127 [1/1] (0.00ns)   --->   "%store_ln42 = store i32 %tC_1_load, i32 %tC_1_load_129" [mmult_baseline.cpp:42]   --->   Operation 127 'store' 'store_ln42' <Predicate = (first_iter_3)> <Delay = 0.00>
ST_2 : Operation 128 [1/1] (0.00ns)   --->   "%store_ln42 = store i32 %tC_2_load, i32 %tC_2_load_127" [mmult_baseline.cpp:42]   --->   Operation 128 'store' 'store_ln42' <Predicate = (first_iter_3)> <Delay = 0.00>
ST_2 : Operation 129 [1/1] (0.00ns)   --->   "%store_ln42 = store i32 %tC_3_load, i32 %tC_3_load_125" [mmult_baseline.cpp:42]   --->   Operation 129 'store' 'store_ln42' <Predicate = (first_iter_3)> <Delay = 0.00>
ST_2 : Operation 130 [1/1] (0.00ns)   --->   "%store_ln42 = store i32 %tC_4_load, i32 %tC_4_load_123" [mmult_baseline.cpp:42]   --->   Operation 130 'store' 'store_ln42' <Predicate = (first_iter_3)> <Delay = 0.00>
ST_2 : Operation 131 [1/1] (0.00ns)   --->   "%store_ln42 = store i32 %tC_5_load, i32 %tC_5_load_121" [mmult_baseline.cpp:42]   --->   Operation 131 'store' 'store_ln42' <Predicate = (first_iter_3)> <Delay = 0.00>
ST_2 : Operation 132 [1/1] (0.00ns)   --->   "%store_ln42 = store i32 %tC_6_load, i32 %tC_6_load_119" [mmult_baseline.cpp:42]   --->   Operation 132 'store' 'store_ln42' <Predicate = (first_iter_3)> <Delay = 0.00>
ST_2 : Operation 133 [1/1] (0.00ns)   --->   "%store_ln42 = store i32 %tC_7_load, i32 %tC_7_load_117" [mmult_baseline.cpp:42]   --->   Operation 133 'store' 'store_ln42' <Predicate = (first_iter_3)> <Delay = 0.00>
ST_2 : Operation 134 [1/1] (0.00ns)   --->   "%store_ln42 = store i32 %tC_8_load, i32 %tC_8_load_115" [mmult_baseline.cpp:42]   --->   Operation 134 'store' 'store_ln42' <Predicate = (first_iter_3)> <Delay = 0.00>
ST_2 : Operation 135 [1/1] (0.00ns)   --->   "%store_ln42 = store i32 %tC_9_load, i32 %tC_9_load_113" [mmult_baseline.cpp:42]   --->   Operation 135 'store' 'store_ln42' <Predicate = (first_iter_3)> <Delay = 0.00>
ST_2 : Operation 136 [1/1] (0.00ns)   --->   "%store_ln42 = store i32 %tC_10_load, i32 %tC_10_load_111" [mmult_baseline.cpp:42]   --->   Operation 136 'store' 'store_ln42' <Predicate = (first_iter_3)> <Delay = 0.00>
ST_2 : Operation 137 [1/1] (0.00ns)   --->   "%store_ln42 = store i32 %tC_11_load, i32 %tC_11_load_19" [mmult_baseline.cpp:42]   --->   Operation 137 'store' 'store_ln42' <Predicate = (first_iter_3)> <Delay = 0.00>
ST_2 : Operation 138 [1/1] (0.00ns)   --->   "%store_ln42 = store i32 %tC_12_load, i32 %tC_12_load_17" [mmult_baseline.cpp:42]   --->   Operation 138 'store' 'store_ln42' <Predicate = (first_iter_3)> <Delay = 0.00>
ST_2 : Operation 139 [1/1] (0.00ns)   --->   "%store_ln42 = store i32 %tC_13_load, i32 %tC_13_load_15" [mmult_baseline.cpp:42]   --->   Operation 139 'store' 'store_ln42' <Predicate = (first_iter_3)> <Delay = 0.00>
ST_2 : Operation 140 [1/1] (0.00ns)   --->   "%store_ln42 = store i32 %tC_14_load, i32 %tC_14_load_13" [mmult_baseline.cpp:42]   --->   Operation 140 'store' 'store_ln42' <Predicate = (first_iter_3)> <Delay = 0.00>
ST_2 : Operation 141 [1/1] (0.00ns)   --->   "%store_ln42 = store i32 %tC_15_load, i32 %tC_15_load_11" [mmult_baseline.cpp:42]   --->   Operation 141 'store' 'store_ln42' <Predicate = (first_iter_3)> <Delay = 0.00>

State 3 <SV = 2> <Delay = 7.30>
ST_3 : Operation 142 [1/1] (7.30ns)   --->   "%empty_25 = writereq i1 @_ssdm_op_WriteReq.m_axi.p1i32, i32 %gmem_addr, i64 16" [mmult_baseline.cpp:43]   --->   Operation 142 'writereq' 'empty_25' <Predicate = (first_iter_3)> <Delay = 7.30> <CoreInst = "m_axi">   --->   Core 119 'm_axi' <Latency = 0> <II = 1> <Delay = 1.00> <Adapter> <Opcode : 'read' 'write' 'readreq' 'writereq' 'writeresp'>
ST_3 : Operation 143 [1/1] (0.00ns)   --->   "%br_ln43 = br void %for.inc139.split" [mmult_baseline.cpp:43]   --->   Operation 143 'br' 'br_ln43' <Predicate = (first_iter_3)> <Delay = 0.00>
ST_3 : Operation 144 [1/1] (0.00ns)   --->   "%tC_15_load_1 = load i32 %tC_15_load_11"   --->   Operation 144 'load' 'tC_15_load_1' <Predicate = (trunc_ln43 == 15)> <Delay = 0.00>
ST_3 : Operation 145 [1/1] (0.00ns)   --->   "%tC_14_load_1 = load i32 %tC_14_load_13"   --->   Operation 145 'load' 'tC_14_load_1' <Predicate = (trunc_ln43 == 14)> <Delay = 0.00>
ST_3 : Operation 146 [1/1] (0.00ns)   --->   "%tC_13_load_1 = load i32 %tC_13_load_15"   --->   Operation 146 'load' 'tC_13_load_1' <Predicate = (trunc_ln43 == 13)> <Delay = 0.00>
ST_3 : Operation 147 [1/1] (0.00ns)   --->   "%tC_12_load_1 = load i32 %tC_12_load_17"   --->   Operation 147 'load' 'tC_12_load_1' <Predicate = (trunc_ln43 == 12)> <Delay = 0.00>
ST_3 : Operation 148 [1/1] (0.00ns)   --->   "%tC_11_load_1 = load i32 %tC_11_load_19"   --->   Operation 148 'load' 'tC_11_load_1' <Predicate = (trunc_ln43 == 11)> <Delay = 0.00>
ST_3 : Operation 149 [1/1] (0.00ns)   --->   "%tC_10_load_1 = load i32 %tC_10_load_111"   --->   Operation 149 'load' 'tC_10_load_1' <Predicate = (trunc_ln43 == 10)> <Delay = 0.00>
ST_3 : Operation 150 [1/1] (0.00ns)   --->   "%tC_9_load_1 = load i32 %tC_9_load_113"   --->   Operation 150 'load' 'tC_9_load_1' <Predicate = (trunc_ln43 == 9)> <Delay = 0.00>
ST_3 : Operation 151 [1/1] (0.00ns)   --->   "%tC_8_load_1 = load i32 %tC_8_load_115"   --->   Operation 151 'load' 'tC_8_load_1' <Predicate = (trunc_ln43 == 8)> <Delay = 0.00>
ST_3 : Operation 152 [1/1] (0.00ns)   --->   "%tC_7_load_1 = load i32 %tC_7_load_117"   --->   Operation 152 'load' 'tC_7_load_1' <Predicate = (trunc_ln43 == 7)> <Delay = 0.00>
ST_3 : Operation 153 [1/1] (0.00ns)   --->   "%tC_6_load_1 = load i32 %tC_6_load_119"   --->   Operation 153 'load' 'tC_6_load_1' <Predicate = (trunc_ln43 == 6)> <Delay = 0.00>
ST_3 : Operation 154 [1/1] (0.00ns)   --->   "%tC_5_load_1 = load i32 %tC_5_load_121"   --->   Operation 154 'load' 'tC_5_load_1' <Predicate = (trunc_ln43 == 5)> <Delay = 0.00>
ST_3 : Operation 155 [1/1] (0.00ns)   --->   "%tC_4_load_1 = load i32 %tC_4_load_123"   --->   Operation 155 'load' 'tC_4_load_1' <Predicate = (trunc_ln43 == 4)> <Delay = 0.00>
ST_3 : Operation 156 [1/1] (0.00ns)   --->   "%tC_3_load_1 = load i32 %tC_3_load_125"   --->   Operation 156 'load' 'tC_3_load_1' <Predicate = (trunc_ln43 == 3)> <Delay = 0.00>
ST_3 : Operation 157 [1/1] (0.00ns)   --->   "%tC_2_load_1 = load i32 %tC_2_load_127"   --->   Operation 157 'load' 'tC_2_load_1' <Predicate = (trunc_ln43 == 2)> <Delay = 0.00>
ST_3 : Operation 158 [1/1] (0.00ns)   --->   "%tC_1_load_1 = load i32 %tC_1_load_129"   --->   Operation 158 'load' 'tC_1_load_1' <Predicate = (trunc_ln43 == 1)> <Delay = 0.00>
ST_3 : Operation 159 [1/1] (0.00ns)   --->   "%tC_load_1 = load i32 %tC_load_131"   --->   Operation 159 'load' 'tC_load_1' <Predicate = (trunc_ln43 == 0)> <Delay = 0.00>
ST_3 : Operation 160 [1/1] (0.57ns)   --->   "%tmp = sparsemux i32 @_ssdm_op_SparseMux.ap_auto.16i32.i32.i4, i4 0, i32 %tC_load_1, i4 1, i32 %tC_1_load_1, i4 2, i32 %tC_2_load_1, i4 3, i32 %tC_3_load_1, i4 4, i32 %tC_4_load_1, i4 5, i32 %tC_5_load_1, i4 6, i32 %tC_6_load_1, i4 7, i32 %tC_7_load_1, i4 8, i32 %tC_8_load_1, i4 9, i32 %tC_9_load_1, i4 10, i32 %tC_10_load_1, i4 11, i32 %tC_11_load_1, i4 12, i32 %tC_12_load_1, i4 13, i32 %tC_13_load_1, i4 14, i32 %tC_14_load_1, i4 15, i32 %tC_15_load_1, i32 0, i4 %trunc_ln43" [mmult_baseline.cpp:45]   --->   Operation 160 'sparsemux' 'tmp' <Predicate = true> <Delay = 0.57> <CoreInst = "SparseMux">   --->   Core 144 'SparseMux' <Latency = 0> <II = 1> <Delay = 0.57> <FuncUnit> <Opcode : 'sparsemux'> <InPorts = 2> <OutPorts = 1>

State 4 <SV = 3> <Delay = 7.30>
ST_4 : Operation 161 [1/1] (0.00ns)   --->   "%specpipeline_ln44 = specpipeline void @_ssdm_op_SpecPipeline, i32 1, i32 0, i32 0, i32 0, void @empty_0" [mmult_baseline.cpp:44]   --->   Operation 161 'specpipeline' 'specpipeline_ln44' <Predicate = true> <Delay = 0.00>
ST_4 : Operation 162 [1/1] (7.30ns)   --->   "%write_ln45 = write void @_ssdm_op_Write.m_axi.p1i32, i32 %gmem_addr, i32 %tmp, i4 15" [mmult_baseline.cpp:45]   --->   Operation 162 'write' 'write_ln45' <Predicate = true> <Delay = 7.30> <CoreInst = "m_axi">   --->   Core 119 'm_axi' <Latency = 0> <II = 1> <Delay = 1.00> <Adapter> <Opcode : 'read' 'write' 'readreq' 'writereq' 'writeresp'>

State 5 <SV = 4> <Delay = 7.30>
ST_5 : Operation 163 [5/5] (7.30ns)   --->   "%empty_24 = writeresp i1 @_ssdm_op_WriteResp.m_axi.p1i32, i32 %gmem_addr" [mmult_baseline.cpp:42]   --->   Operation 163 'writeresp' 'empty_24' <Predicate = (icmp_ln43_1)> <Delay = 7.30> <CoreInst = "m_axi">   --->   Core 119 'm_axi' <Latency = 0> <II = 1> <Delay = 1.00> <Adapter> <Opcode : 'read' 'write' 'readreq' 'writereq' 'writeresp'>

State 6 <SV = 5> <Delay = 7.30>
ST_6 : Operation 164 [4/5] (7.30ns)   --->   "%empty_24 = writeresp i1 @_ssdm_op_WriteResp.m_axi.p1i32, i32 %gmem_addr" [mmult_baseline.cpp:42]   --->   Operation 164 'writeresp' 'empty_24' <Predicate = (icmp_ln43_1)> <Delay = 7.30> <CoreInst = "m_axi">   --->   Core 119 'm_axi' <Latency = 0> <II = 1> <Delay = 1.00> <Adapter> <Opcode : 'read' 'write' 'readreq' 'writereq' 'writeresp'>

State 7 <SV = 6> <Delay = 7.30>
ST_7 : Operation 165 [3/5] (7.30ns)   --->   "%empty_24 = writeresp i1 @_ssdm_op_WriteResp.m_axi.p1i32, i32 %gmem_addr" [mmult_baseline.cpp:42]   --->   Operation 165 'writeresp' 'empty_24' <Predicate = (icmp_ln43_1)> <Delay = 7.30> <CoreInst = "m_axi">   --->   Core 119 'm_axi' <Latency = 0> <II = 1> <Delay = 1.00> <Adapter> <Opcode : 'read' 'write' 'readreq' 'writereq' 'writeresp'>

State 8 <SV = 7> <Delay = 7.30>
ST_8 : Operation 166 [2/5] (7.30ns)   --->   "%empty_24 = writeresp i1 @_ssdm_op_WriteResp.m_axi.p1i32, i32 %gmem_addr" [mmult_baseline.cpp:42]   --->   Operation 166 'writeresp' 'empty_24' <Predicate = (icmp_ln43_1)> <Delay = 7.30> <CoreInst = "m_axi">   --->   Core 119 'm_axi' <Latency = 0> <II = 1> <Delay = 1.00> <Adapter> <Opcode : 'read' 'write' 'readreq' 'writereq' 'writeresp'>
ST_8 : Operation 169 [1/1] (0.48ns)   --->   "%ret_ln0 = ret"   --->   Operation 169 'ret' 'ret_ln0' <Predicate = (icmp_ln42)> <Delay = 0.48>

State 9 <SV = 8> <Delay = 7.30>
ST_9 : Operation 167 [1/5] (7.30ns)   --->   "%empty_24 = writeresp i1 @_ssdm_op_WriteResp.m_axi.p1i32, i32 %gmem_addr" [mmult_baseline.cpp:42]   --->   Operation 167 'writeresp' 'empty_24' <Predicate = (icmp_ln43_1)> <Delay = 7.30> <CoreInst = "m_axi">   --->   Core 119 'm_axi' <Latency = 0> <II = 1> <Delay = 1.00> <Adapter> <Opcode : 'read' 'write' 'readreq' 'writereq' 'writeresp'>
ST_9 : Operation 168 [1/1] (0.00ns)   --->   "%br_ln43 = br void %new.latch.for.inc139.split" [mmult_baseline.cpp:43]   --->   Operation 168 'br' 'br_ln43' <Predicate = (icmp_ln43_1)> <Delay = 0.00>


============================================================
+ Verbose Summary: Timing violations
============================================================
Target clock period: 10.000ns, clock uncertainty: 2.700ns.

 <State 1>: 3.602ns
The critical path consists of the following:
	'store' operation 0 bit ('store_ln43', mmult_baseline.cpp:43) of constant 0 on local variable 'j', mmult_baseline.cpp:43 [51]  (0.489 ns)
	'load' operation 5 bit ('j_load', mmult_baseline.cpp:43) on local variable 'j', mmult_baseline.cpp:43 [60]  (0.000 ns)
	'icmp' operation 1 bit ('icmp_ln43', mmult_baseline.cpp:43) [64]  (0.878 ns)
	'select' operation 5 bit ('select_ln42', mmult_baseline.cpp:42) [65]  (0.480 ns)
	'add' operation 5 bit ('add_ln43', mmult_baseline.cpp:43) [154]  (0.878 ns)
	'icmp' operation 1 bit ('icmp_ln43_1', mmult_baseline.cpp:43) [155]  (0.878 ns)

 <State 2>: 6.269ns
The critical path consists of the following:
	'mul' operation 37 bit ('empty_26', mmult_baseline.cpp:42) [71]  (3.880 ns)
	'add' operation 40 bit ('tmp3', mmult_baseline.cpp:42) [73]  (0.000 ns)
	'add' operation 40 bit ('empty_27', mmult_baseline.cpp:42) [74]  (0.919 ns)
	'add' operation 64 bit ('empty_28', mmult_baseline.cpp:42) [77]  (1.470 ns)

 <State 3>: 7.300ns
The critical path consists of the following:
	bus request operation ('empty_25', mmult_baseline.cpp:43) on port 'gmem' (mmult_baseline.cpp:43) [99]  (7.300 ns)

 <State 4>: 7.300ns
The critical path consists of the following:
	bus write operation ('write_ln45', mmult_baseline.cpp:45) on port 'gmem' (mmult_baseline.cpp:45) [153]  (7.300 ns)

 <State 5>: 7.300ns
The critical path consists of the following:
	bus response operation ('empty_24', mmult_baseline.cpp:42) on port 'gmem' (mmult_baseline.cpp:42) [158]  (7.300 ns)

 <State 6>: 7.300ns
The critical path consists of the following:
	bus response operation ('empty_24', mmult_baseline.cpp:42) on port 'gmem' (mmult_baseline.cpp:42) [158]  (7.300 ns)

 <State 7>: 7.300ns
The critical path consists of the following:
	bus response operation ('empty_24', mmult_baseline.cpp:42) on port 'gmem' (mmult_baseline.cpp:42) [158]  (7.300 ns)

 <State 8>: 7.300ns
The critical path consists of the following:
	bus response operation ('empty_24', mmult_baseline.cpp:42) on port 'gmem' (mmult_baseline.cpp:42) [158]  (7.300 ns)

 <State 9>: 7.300ns
The critical path consists of the following:
	bus response operation ('empty_24', mmult_baseline.cpp:42) on port 'gmem' (mmult_baseline.cpp:42) [158]  (7.300 ns)


============================================================
+ Verbose Summary: Binding
============================================================
N/A
* FSMD analyzer results:
  - Output states:
 - Input state : 
  - Chain level:
	State 1
	State 2
	State 3
	State 4
	State 5
	State 6
	State 7
	State 8
	State 9


============================================================
+ Verbose Summary: Datapath Resource usage 
============================================================
N/A
