

================================================================
== Vitis HLS Report for 'mmult_hw_Pipeline_comp_k'
================================================================
* Date:           Mon Feb 23 03:00:59 2026

* Version:        2024.1 (Build 5069499 on May 21 2024)
* Project:        matmul_D13_Tiled_FullAP
* Solution:       hls (Vivado IP Flow Target)
* Product family: zynquplus
* Target device:  xczu3eg-sbva484-1-e


================================================================
== Performance Estimates
================================================================
+ Timing: 
    * Summary: 
    +--------+----------+----------+------------+
    |  Clock |  Target  | Estimated| Uncertainty|
    +--------+----------+----------+------------+
    |ap_clk  |  10.00 ns|  6.142 ns|     2.70 ns|
    +--------+----------+----------+------------+

+ Latency: 
    * Summary: 
    +---------+---------+----------+----------+-----+-----+-----------------------------------------------+
    |  Latency (cycles) |  Latency (absolute) |  Interval |                    Pipeline                   |
    |   min   |   max   |    min   |    max   | min | max |                      Type                     |
    +---------+---------+----------+----------+-----+-----+-----------------------------------------------+
    |       18|       18|  0.180 us|  0.180 us|   17|   17|  loop auto-rewind stp(delay=0 clock cycles(s))|
    +---------+---------+----------+----------+-----+-----+-----------------------------------------------+

    + Detail: 
        * Instance: 
        N/A

        * Loop: 
        +----------+---------+---------+----------+-----------+-----------+------+----------+
        |          |  Latency (cycles) | Iteration|  Initiation Interval  | Trip |          |
        | Loop Name|   min   |   max   |  Latency |  achieved |   target  | Count| Pipelined|
        +----------+---------+---------+----------+-----------+-----------+------+----------+
        |- comp_k  |       16|       16|         1|          1|          1|    16|       yes|
        +----------+---------+---------+----------+-----------+-----------+------+----------+

============================================================
+ Verbose Summary: Synthesis Manager
============================================================
InlineROM: 1
ExposeGlobal: 0
============================================================
+ Verbose Summary: CDFG Model
============================================================
IsTopModel: 0
ResetActiveHigh: 1
IsCombinational: 0
IsDatapathOnly: 0
HasWiredReturn: 1
HasMFsm: 2
HasVarLatency: 1
IsPipeline: 0
IsRtlPipelined: 0
IsInstanceOverlapped: 0
IsDontTouch: 0
HasImplIP: 0
IsGatedGlobalClock: 0

+ Individual pipeline summary: 
  * Pipeline-0: initiation interval (II) = 1, depth = 2


============================================================
+ Verbose Summary: Schedule
============================================================
* Number of FSM states : 2
* Pipeline : 1
  Pipeline-0 : II = 1, D = 2, States = { 1 2 }
* Dataflow Pipeline: 0

* FSM state transitions: 
1 --> 2 
2 --> 

* FSM state operations: 

State 1 <SV = 0> <Delay = 0.48>
ST_1 : Operation 4 [1/1] (0.00ns)   --->   "%acc_1 = alloca i32 1" [mmult_baseline.cpp:34]   --->   Operation 4 'alloca' 'acc_1' <Predicate = true> <Delay = 0.00>
ST_1 : Operation 5 [1/1] (0.00ns)   --->   "%k = alloca i32 1" [mmult_baseline.cpp:35]   --->   Operation 5 'alloca' 'k' <Predicate = true> <Delay = 0.00>
ST_1 : Operation 6 [1/1] (0.00ns)   --->   "%tB_15_load_read = read i32 @_ssdm_op_Read.ap_auto.i32, i32 %tB_15_load"   --->   Operation 6 'read' 'tB_15_load_read' <Predicate = true> <Delay = 0.00>
ST_1 : Operation 7 [1/1] (0.00ns)   --->   "%tB_14_load_read = read i32 @_ssdm_op_Read.ap_auto.i32, i32 %tB_14_load"   --->   Operation 7 'read' 'tB_14_load_read' <Predicate = true> <Delay = 0.00>
ST_1 : Operation 8 [1/1] (0.00ns)   --->   "%tB_13_load_read = read i32 @_ssdm_op_Read.ap_auto.i32, i32 %tB_13_load"   --->   Operation 8 'read' 'tB_13_load_read' <Predicate = true> <Delay = 0.00>
ST_1 : Operation 9 [1/1] (0.00ns)   --->   "%tB_12_load_read = read i32 @_ssdm_op_Read.ap_auto.i32, i32 %tB_12_load"   --->   Operation 9 'read' 'tB_12_load_read' <Predicate = true> <Delay = 0.00>
ST_1 : Operation 10 [1/1] (0.00ns)   --->   "%tB_11_load_read = read i32 @_ssdm_op_Read.ap_auto.i32, i32 %tB_11_load"   --->   Operation 10 'read' 'tB_11_load_read' <Predicate = true> <Delay = 0.00>
ST_1 : Operation 11 [1/1] (0.00ns)   --->   "%tB_10_load_read = read i32 @_ssdm_op_Read.ap_auto.i32, i32 %tB_10_load"   --->   Operation 11 'read' 'tB_10_load_read' <Predicate = true> <Delay = 0.00>
ST_1 : Operation 12 [1/1] (0.00ns)   --->   "%tB_9_load_read = read i32 @_ssdm_op_Read.ap_auto.i32, i32 %tB_9_load"   --->   Operation 12 'read' 'tB_9_load_read' <Predicate = true> <Delay = 0.00>
ST_1 : Operation 13 [1/1] (0.00ns)   --->   "%tB_8_load_read = read i32 @_ssdm_op_Read.ap_auto.i32, i32 %tB_8_load"   --->   Operation 13 'read' 'tB_8_load_read' <Predicate = true> <Delay = 0.00>
ST_1 : Operation 14 [1/1] (0.00ns)   --->   "%tB_7_load_read = read i32 @_ssdm_op_Read.ap_auto.i32, i32 %tB_7_load"   --->   Operation 14 'read' 'tB_7_load_read' <Predicate = true> <Delay = 0.00>
ST_1 : Operation 15 [1/1] (0.00ns)   --->   "%tB_6_load_read = read i32 @_ssdm_op_Read.ap_auto.i32, i32 %tB_6_load"   --->   Operation 15 'read' 'tB_6_load_read' <Predicate = true> <Delay = 0.00>
ST_1 : Operation 16 [1/1] (0.00ns)   --->   "%tB_5_load_read = read i32 @_ssdm_op_Read.ap_auto.i32, i32 %tB_5_load"   --->   Operation 16 'read' 'tB_5_load_read' <Predicate = true> <Delay = 0.00>
ST_1 : Operation 17 [1/1] (0.00ns)   --->   "%tB_4_load_read = read i32 @_ssdm_op_Read.ap_auto.i32, i32 %tB_4_load"   --->   Operation 17 'read' 'tB_4_load_read' <Predicate = true> <Delay = 0.00>
ST_1 : Operation 18 [1/1] (0.00ns)   --->   "%tB_3_load_read = read i32 @_ssdm_op_Read.ap_auto.i32, i32 %tB_3_load"   --->   Operation 18 'read' 'tB_3_load_read' <Predicate = true> <Delay = 0.00>
ST_1 : Operation 19 [1/1] (0.00ns)   --->   "%tB_2_load_read = read i32 @_ssdm_op_Read.ap_auto.i32, i32 %tB_2_load"   --->   Operation 19 'read' 'tB_2_load_read' <Predicate = true> <Delay = 0.00>
ST_1 : Operation 20 [1/1] (0.00ns)   --->   "%tB_1_load_read = read i32 @_ssdm_op_Read.ap_auto.i32, i32 %tB_1_load"   --->   Operation 20 'read' 'tB_1_load_read' <Predicate = true> <Delay = 0.00>
ST_1 : Operation 21 [1/1] (0.00ns)   --->   "%tB_load_read = read i32 @_ssdm_op_Read.ap_auto.i32, i32 %tB_load"   --->   Operation 21 'read' 'tB_load_read' <Predicate = true> <Delay = 0.00>
ST_1 : Operation 22 [1/1] (0.00ns)   --->   "%tA_15_load_read = read i32 @_ssdm_op_Read.ap_auto.i32, i32 %tA_15_load"   --->   Operation 22 'read' 'tA_15_load_read' <Predicate = true> <Delay = 0.00>
ST_1 : Operation 23 [1/1] (0.00ns)   --->   "%tA_14_load_read = read i32 @_ssdm_op_Read.ap_auto.i32, i32 %tA_14_load"   --->   Operation 23 'read' 'tA_14_load_read' <Predicate = true> <Delay = 0.00>
ST_1 : Operation 24 [1/1] (0.00ns)   --->   "%tA_13_load_read = read i32 @_ssdm_op_Read.ap_auto.i32, i32 %tA_13_load"   --->   Operation 24 'read' 'tA_13_load_read' <Predicate = true> <Delay = 0.00>
ST_1 : Operation 25 [1/1] (0.00ns)   --->   "%tA_12_load_read = read i32 @_ssdm_op_Read.ap_auto.i32, i32 %tA_12_load"   --->   Operation 25 'read' 'tA_12_load_read' <Predicate = true> <Delay = 0.00>
ST_1 : Operation 26 [1/1] (0.00ns)   --->   "%tA_11_load_read = read i32 @_ssdm_op_Read.ap_auto.i32, i32 %tA_11_load"   --->   Operation 26 'read' 'tA_11_load_read' <Predicate = true> <Delay = 0.00>
ST_1 : Operation 27 [1/1] (0.00ns)   --->   "%tA_10_load_read = read i32 @_ssdm_op_Read.ap_auto.i32, i32 %tA_10_load"   --->   Operation 27 'read' 'tA_10_load_read' <Predicate = true> <Delay = 0.00>
ST_1 : Operation 28 [1/1] (0.00ns)   --->   "%tA_9_load_read = read i32 @_ssdm_op_Read.ap_auto.i32, i32 %tA_9_load"   --->   Operation 28 'read' 'tA_9_load_read' <Predicate = true> <Delay = 0.00>
ST_1 : Operation 29 [1/1] (0.00ns)   --->   "%tA_8_load_read = read i32 @_ssdm_op_Read.ap_auto.i32, i32 %tA_8_load"   --->   Operation 29 'read' 'tA_8_load_read' <Predicate = true> <Delay = 0.00>
ST_1 : Operation 30 [1/1] (0.00ns)   --->   "%tA_7_load_read = read i32 @_ssdm_op_Read.ap_auto.i32, i32 %tA_7_load"   --->   Operation 30 'read' 'tA_7_load_read' <Predicate = true> <Delay = 0.00>
ST_1 : Operation 31 [1/1] (0.00ns)   --->   "%tA_6_load_read = read i32 @_ssdm_op_Read.ap_auto.i32, i32 %tA_6_load"   --->   Operation 31 'read' 'tA_6_load_read' <Predicate = true> <Delay = 0.00>
ST_1 : Operation 32 [1/1] (0.00ns)   --->   "%tA_5_load_read = read i32 @_ssdm_op_Read.ap_auto.i32, i32 %tA_5_load"   --->   Operation 32 'read' 'tA_5_load_read' <Predicate = true> <Delay = 0.00>
ST_1 : Operation 33 [1/1] (0.00ns)   --->   "%tA_4_load_read = read i32 @_ssdm_op_Read.ap_auto.i32, i32 %tA_4_load"   --->   Operation 33 'read' 'tA_4_load_read' <Predicate = true> <Delay = 0.00>
ST_1 : Operation 34 [1/1] (0.00ns)   --->   "%tA_3_load_read = read i32 @_ssdm_op_Read.ap_auto.i32, i32 %tA_3_load"   --->   Operation 34 'read' 'tA_3_load_read' <Predicate = true> <Delay = 0.00>
ST_1 : Operation 35 [1/1] (0.00ns)   --->   "%tA_2_load_read = read i32 @_ssdm_op_Read.ap_auto.i32, i32 %tA_2_load"   --->   Operation 35 'read' 'tA_2_load_read' <Predicate = true> <Delay = 0.00>
ST_1 : Operation 36 [1/1] (0.00ns)   --->   "%tA_1_load_read = read i32 @_ssdm_op_Read.ap_auto.i32, i32 %tA_1_load"   --->   Operation 36 'read' 'tA_1_load_read' <Predicate = true> <Delay = 0.00>
ST_1 : Operation 37 [1/1] (0.00ns)   --->   "%tA_load_read = read i32 @_ssdm_op_Read.ap_auto.i32, i32 %tA_load"   --->   Operation 37 'read' 'tA_load_read' <Predicate = true> <Delay = 0.00>
ST_1 : Operation 38 [1/1] (0.00ns)   --->   "%acc_read = read i32 @_ssdm_op_Read.ap_auto.i32, i32 %acc"   --->   Operation 38 'read' 'acc_read' <Predicate = true> <Delay = 0.00>
ST_1 : Operation 39 [1/1] (0.48ns)   --->   "%store_ln35 = store i5 0, i5 %k" [mmult_baseline.cpp:35]   --->   Operation 39 'store' 'store_ln35' <Predicate = true> <Delay = 0.48>
ST_1 : Operation 40 [1/1] (0.48ns)   --->   "%store_ln34 = store i32 %acc_read, i32 %acc_1" [mmult_baseline.cpp:34]   --->   Operation 40 'store' 'store_ln34' <Predicate = true> <Delay = 0.48>
ST_1 : Operation 41 [1/1] (0.00ns)   --->   "%br_ln0 = br void %for.inc104"   --->   Operation 41 'br' 'br_ln0' <Predicate = true> <Delay = 0.00>

State 2 <SV = 1> <Delay = 6.14>
ST_2 : Operation 42 [1/1] (0.00ns)   --->   "%k_1 = load i5 %k" [mmult_baseline.cpp:35]   --->   Operation 42 'load' 'k_1' <Predicate = true> <Delay = 0.00>
ST_2 : Operation 43 [1/1] (0.87ns)   --->   "%icmp_ln35 = icmp_eq  i5 %k_1, i5 16" [mmult_baseline.cpp:35]   --->   Operation 43 'icmp' 'icmp_ln35' <Predicate = true> <Delay = 0.87> <CoreInst = "Cmp">   --->   Core 9 'Cmp' <Latency = 0> <II = 1> <Delay = 0.87> <FuncUnit> <Opcode : 'seteq' 'setne' 'setle' 'setge' 'setlt' 'setgt'> <InPorts = 2> <OutPorts = 1>
ST_2 : Operation 44 [1/1] (0.87ns)   --->   "%add_ln35 = add i5 %k_1, i5 1" [mmult_baseline.cpp:35]   --->   Operation 44 'add' 'add_ln35' <Predicate = true> <Delay = 0.87> <CoreInst = "Adder">   --->   Core 1 'Adder' <Latency = 0> <II = 1> <Delay = 0.87> <FuncUnit> <Opcode : 'add' 'sub'> <InPorts = 2> <OutPorts = 1>
ST_2 : Operation 45 [1/1] (0.00ns)   --->   "%br_ln35 = br i1 %icmp_ln35, void %for.inc104.split, void %for.inc111.exitStub" [mmult_baseline.cpp:35]   --->   Operation 45 'br' 'br_ln35' <Predicate = true> <Delay = 0.00>
ST_2 : Operation 46 [1/1] (0.00ns)   --->   "%acc_1_load = load i32 %acc_1" [mmult_baseline.cpp:37]   --->   Operation 46 'load' 'acc_1_load' <Predicate = (!icmp_ln35)> <Delay = 0.00>
ST_2 : Operation 47 [1/1] (0.00ns)   --->   "%trunc_ln35 = trunc i5 %k_1" [mmult_baseline.cpp:35]   --->   Operation 47 'trunc' 'trunc_ln35' <Predicate = (!icmp_ln35)> <Delay = 0.00>
ST_2 : Operation 48 [1/1] (0.00ns)   --->   "%specpipeline_ln36 = specpipeline void @_ssdm_op_SpecPipeline, i32 1, i32 0, i32 0, i32 0, void @empty_0" [mmult_baseline.cpp:36]   --->   Operation 48 'specpipeline' 'specpipeline_ln36' <Predicate = (!icmp_ln35)> <Delay = 0.00>
ST_2 : Operation 49 [1/1] (0.00ns)   --->   "%speclooptripcount_ln34 = speclooptripcount void @_ssdm_op_SpecLoopTripCount, i64 16, i64 16, i64 16" [mmult_baseline.cpp:34]   --->   Operation 49 'speclooptripcount' 'speclooptripcount_ln34' <Predicate = (!icmp_ln35)> <Delay = 0.00>
ST_2 : Operation 50 [1/1] (0.00ns)   --->   "%specloopname_ln35 = specloopname void @_ssdm_op_SpecLoopName, void @empty_13" [mmult_baseline.cpp:35]   --->   Operation 50 'specloopname' 'specloopname_ln35' <Predicate = (!icmp_ln35)> <Delay = 0.00>
ST_2 : Operation 51 [1/1] (0.57ns)   --->   "%tmp_1 = sparsemux i32 @_ssdm_op_SparseMux.ap_auto.16i32.i32.i4, i4 0, i32 %tA_load_read, i4 1, i32 %tA_1_load_read, i4 2, i32 %tA_2_load_read, i4 3, i32 %tA_3_load_read, i4 4, i32 %tA_4_load_read, i4 5, i32 %tA_5_load_read, i4 6, i32 %tA_6_load_read, i4 7, i32 %tA_7_load_read, i4 8, i32 %tA_8_load_read, i4 9, i32 %tA_9_load_read, i4 10, i32 %tA_10_load_read, i4 11, i32 %tA_11_load_read, i4 12, i32 %tA_12_load_read, i4 13, i32 %tA_13_load_read, i4 14, i32 %tA_14_load_read, i4 15, i32 %tA_15_load_read, i32 0, i4 %trunc_ln35" [mmult_baseline.cpp:37]   --->   Operation 51 'sparsemux' 'tmp_1' <Predicate = (!icmp_ln35)> <Delay = 0.57> <CoreInst = "SparseMux">   --->   Core 144 'SparseMux' <Latency = 0> <II = 1> <Delay = 0.57> <FuncUnit> <Opcode : 'sparsemux'> <InPorts = 2> <OutPorts = 1>
ST_2 : Operation 52 [1/1] (0.57ns)   --->   "%tmp_2 = sparsemux i32 @_ssdm_op_SparseMux.ap_auto.16i32.i32.i4, i4 0, i32 %tB_load_read, i4 1, i32 %tB_1_load_read, i4 2, i32 %tB_2_load_read, i4 3, i32 %tB_3_load_read, i4 4, i32 %tB_4_load_read, i4 5, i32 %tB_5_load_read, i4 6, i32 %tB_6_load_read, i4 7, i32 %tB_7_load_read, i4 8, i32 %tB_8_load_read, i4 9, i32 %tB_9_load_read, i4 10, i32 %tB_10_load_read, i4 11, i32 %tB_11_load_read, i4 12, i32 %tB_12_load_read, i4 13, i32 %tB_13_load_read, i4 14, i32 %tB_14_load_read, i4 15, i32 %tB_15_load_read, i32 0, i4 %trunc_ln35" [mmult_baseline.cpp:37]   --->   Operation 52 'sparsemux' 'tmp_2' <Predicate = (!icmp_ln35)> <Delay = 0.57> <CoreInst = "SparseMux">   --->   Core 144 'SparseMux' <Latency = 0> <II = 1> <Delay = 0.57> <FuncUnit> <Opcode : 'sparsemux'> <InPorts = 2> <OutPorts = 1>
ST_2 : Operation 53 [1/1] (3.88ns)   --->   "%mul_ln37 = mul i32 %tmp_2, i32 %tmp_1" [mmult_baseline.cpp:37]   --->   Operation 53 'mul' 'mul_ln37' <Predicate = (!icmp_ln35)> <Delay = 3.88> <CoreInst = "Multiplier">   --->   Core 3 'Multiplier' <Latency = 0> <II = 1> <Delay = 3.88> <FuncUnit> <Opcode : 'mul'> <InPorts = 2> <OutPorts = 1>
ST_2 : Operation 54 [1/1] (1.20ns)   --->   "%acc_2 = add i32 %mul_ln37, i32 %acc_1_load" [mmult_baseline.cpp:37]   --->   Operation 54 'add' 'acc_2' <Predicate = (!icmp_ln35)> <Delay = 1.20> <CoreInst = "Adder">   --->   Core 1 'Adder' <Latency = 0> <II = 1> <Delay = 1.20> <FuncUnit> <Opcode : 'add' 'sub'> <InPorts = 2> <OutPorts = 1>
ST_2 : Operation 55 [1/1] (0.48ns)   --->   "%store_ln35 = store i5 %add_ln35, i5 %k" [mmult_baseline.cpp:35]   --->   Operation 55 'store' 'store_ln35' <Predicate = (!icmp_ln35)> <Delay = 0.48>
ST_2 : Operation 56 [1/1] (0.48ns)   --->   "%store_ln34 = store i32 %acc_2, i32 %acc_1" [mmult_baseline.cpp:34]   --->   Operation 56 'store' 'store_ln34' <Predicate = (!icmp_ln35)> <Delay = 0.48>
ST_2 : Operation 57 [1/1] (0.00ns)   --->   "%br_ln35 = br void %for.inc104" [mmult_baseline.cpp:35]   --->   Operation 57 'br' 'br_ln35' <Predicate = (!icmp_ln35)> <Delay = 0.00>
ST_2 : Operation 58 [1/1] (0.00ns)   --->   "%acc_1_load_1 = load i32 %acc_1"   --->   Operation 58 'load' 'acc_1_load_1' <Predicate = (icmp_ln35)> <Delay = 0.00>
ST_2 : Operation 59 [1/1] (0.00ns)   --->   "%write_ln0 = write void @_ssdm_op_Write.ap_auto.i32P0A, i32 %acc_1_out, i32 %acc_1_load_1"   --->   Operation 59 'write' 'write_ln0' <Predicate = (icmp_ln35)> <Delay = 0.00>
ST_2 : Operation 60 [1/1] (0.48ns)   --->   "%ret_ln0 = ret"   --->   Operation 60 'ret' 'ret_ln0' <Predicate = (icmp_ln35)> <Delay = 0.48>


============================================================
+ Verbose Summary: Timing violations
============================================================
Target clock period: 10.000ns, clock uncertainty: 2.700ns.

 <State 1>: 0.489ns
The critical path consists of the following:
	'alloca' operation 5 bit ('k', mmult_baseline.cpp:35) [36]  (0.000 ns)
	'store' operation 0 bit ('store_ln35', mmult_baseline.cpp:35) of constant 0 on local variable 'k', mmult_baseline.cpp:35 [70]  (0.489 ns)

 <State 2>: 6.142ns
The critical path consists of the following:
	'load' operation 5 bit ('k', mmult_baseline.cpp:35) on local variable 'k', mmult_baseline.cpp:35 [74]  (0.000 ns)
	'sparsemux' operation 32 bit ('tmp_1', mmult_baseline.cpp:37) [84]  (0.570 ns)
	'mul' operation 32 bit ('mul_ln37', mmult_baseline.cpp:37) [86]  (3.880 ns)
	'add' operation 32 bit ('acc', mmult_baseline.cpp:37) [87]  (1.203 ns)
	'store' operation 0 bit ('store_ln34', mmult_baseline.cpp:34) of variable 'acc', mmult_baseline.cpp:37 on local variable 'acc', mmult_baseline.cpp:34 [89]  (0.489 ns)


============================================================
+ Verbose Summary: Binding
============================================================
N/A
* FSMD analyzer results:
  - Output states:
 - Input state : 
  - Chain level:
	State 1
	State 2


============================================================
+ Verbose Summary: Datapath Resource usage 
============================================================
N/A
