

================================================================
== Synthesis Summary Report of 'mmult_hw'
================================================================
+ General Information: 
    * Date:           Sun Feb 22 01:18:43 2026
    * Version:        2024.1 (Build 5069499 on May 21 2024)
    * Project:        matmul_D10_AXISep_Data_Type
    * Solution:       hls (Vivado IP Flow Target)
    * Product family: zynquplus
    * Target device:  xczu3eg-sbva484-1-e
    

+ Performance & Resource Estimates: 
    
    PS: '+' for module; 'o' for loop; '*' for dataflow
    +------------------------------+------+------+---------+-----------+----------+---------+------+----------+---------+---------+-----------+-----------+-----+
    |            Modules           | Issue|      | Latency |  Latency  | Iteration|         | Trip |          |         |         |           |           |     |
    |            & Loops           | Type | Slack| (cycles)|    (ns)   |  Latency | Interval| Count| Pipelined|  BRAM   |   DSP   |     FF    |    LUT    | URAM|
    +------------------------------+------+------+---------+-----------+----------+---------+------+----------+---------+---------+-----------+-----------+-----+
    |+ mmult_hw                    |     -|  0.00|  4473096|  4.473e+07|         -|  4473097|     -|        no|  4 (~0%)|   5 (1%)|  2214 (1%)|  2288 (3%)|    -|
    | o loop1                      |     -|  7.30|  4473088|  4.473e+07|     34946|        -|   128|        no|        -|        -|          -|          -|    -|
    |  o loop2                     |     -|  7.30|    34944|  3.494e+05|       273|        -|   128|        no|        -|        -|          -|          -|    -|
    |   + mmult_hw_Pipeline_loop3  |     -|  0.00|      270|  2.700e+03|         -|      270|     -|        no|        -|  1 (~0%)|  462 (~0%)|  571 (~0%)|    -|
    |    o loop3                   |    II|  7.30|      268|  2.680e+03|        15|        2|   128|       yes|        -|        -|          -|          -|    -|
    +------------------------------+------+------+---------+-----------+----------+---------+------+----------+---------+---------+-----------+-----------+-----+


================================================================
== HW Interfaces
================================================================
* M_AXI
+------------+------------+------------+---------------+---------+--------+----------+-----------+--------------+--------------+-------------+-------------+-------------------+
| Interface  | Read/Write | Data Width | Address Width | Latency | Offset | Register | Max Widen | Max Read     | Max Write    | Num Read    | Num Write   | Resource Estimate |
|            |            | (SW->HW)   |               |         |        |          | Bitwidth  | Burst Length | Burst Length | Outstanding | Outstanding |                   |
+------------+------------+------------+---------------+---------+--------+----------+-----------+--------------+--------------+-------------+-------------+-------------------+
| m_axi_gmem | READ_WRITE | 32 -> 32   | 64            | 0       | slave  | 0        | 0         | 16           | 16           | 16          | 16          | BRAM=4            |
+------------+------------+------------+---------------+---------+--------+----------+-----------+--------------+--------------+-------------+-------------+-------------------+

* S_AXILITE Interfaces
+------------+------------+---------------+--------+----------+
| Interface  | Data Width | Address Width | Offset | Register |
+------------+------------+---------------+--------+----------+
| s_axi_CTRL | 32         | 6             | 16     | 0        |
+------------+------------+---------------+--------+----------+

* S_AXILITE Registers
+------------+----------+--------+-------+--------+----------------------------------+----------------------------------------------------------------------+
| Interface  | Register | Offset | Width | Access | Description                      | Bit Fields                                                           |
+------------+----------+--------+-------+--------+----------------------------------+----------------------------------------------------------------------+
| s_axi_CTRL | CTRL     | 0x00   | 32    | RW     | Control signals                  | 0=AP_START 1=AP_DONE 2=AP_IDLE 3=AP_READY 7=AUTO_RESTART 9=INTERRUPT |
| s_axi_CTRL | GIER     | 0x04   | 32    | RW     | Global Interrupt Enable Register | 0=Enable                                                             |
| s_axi_CTRL | IP_IER   | 0x08   | 32    | RW     | IP Interrupt Enable Register     | 0=CHAN0_INT_EN 1=CHAN1_INT_EN                                        |
| s_axi_CTRL | IP_ISR   | 0x0c   | 32    | RW     | IP Interrupt Status Register     | 0=CHAN0_INT_ST 1=CHAN1_INT_ST                                        |
| s_axi_CTRL | in1_1    | 0x10   | 32    | W      | Data signal of in1               |                                                                      |
| s_axi_CTRL | in1_2    | 0x14   | 32    | W      | Data signal of in1               |                                                                      |
| s_axi_CTRL | in2_1    | 0x1c   | 32    | W      | Data signal of in2               |                                                                      |
| s_axi_CTRL | in2_2    | 0x20   | 32    | W      | Data signal of in2               |                                                                      |
| s_axi_CTRL | out_r_1  | 0x28   | 32    | W      | Data signal of out_r             |                                                                      |
| s_axi_CTRL | out_r_2  | 0x2c   | 32    | W      | Data signal of out_r             |                                                                      |
| s_axi_CTRL | dim      | 0x34   | 32    | W      | Data signal of dim               |                                                                      |
+------------+----------+--------+-------+--------+----------------------------------+----------------------------------------------------------------------+

* TOP LEVEL CONTROL
+-----------+------------+-----------+
| Interface | Type       | Ports     |
+-----------+------------+-----------+
| ap_clk    | clock      | ap_clk    |
| ap_rst_n  | reset      | ap_rst_n  |
| interrupt | interrupt  | interrupt |
| ap_ctrl   | ap_ctrl_hs |           |
+-----------+------------+-----------+


================================================================
== SW I/O Information
================================================================
* Top Function Arguments
+----------+-----------+----------+
| Argument | Direction | Datatype |
+----------+-----------+----------+
| in1      | inout     | int*     |
| in2      | inout     | int*     |
| out      | inout     | int*     |
| dim      | in        | int      |
+----------+-----------+----------+

* SW-to-HW Mapping
+----------+--------------+-----------+----------+-----------------------------------+
| Argument | HW Interface | HW Type   | HW Usage | HW Info                           |
+----------+--------------+-----------+----------+-----------------------------------+
| in1      | m_axi_gmem   | interface |          | channel=0                         |
| in1      | s_axi_CTRL   | register  | offset   | name=in1_1 offset=0x10 range=32   |
| in1      | s_axi_CTRL   | register  | offset   | name=in1_2 offset=0x14 range=32   |
| in2      | m_axi_gmem   | interface |          | channel=0                         |
| in2      | s_axi_CTRL   | register  | offset   | name=in2_1 offset=0x1c range=32   |
| in2      | s_axi_CTRL   | register  | offset   | name=in2_2 offset=0x20 range=32   |
| out      | m_axi_gmem   | interface |          | channel=0                         |
| out      | s_axi_CTRL   | register  | offset   | name=out_r_1 offset=0x28 range=32 |
| out      | s_axi_CTRL   | register  | offset   | name=out_r_2 offset=0x2c range=32 |
| dim      | s_axi_CTRL   | register  |          | name=dim offset=0x34 range=32     |
+----------+--------------+-----------+----------+-----------------------------------+


================================================================
== M_AXI Burst Information
================================================================
 Note: All burst requests might be further partitioned into multiple requests during RTL generation based on max_read_burst_length or max_write_burst_length settings.

* Inferred Burst Summary
+--------------+-----------+----------+-------+
| HW Interface | Direction | Length   | Width |
+--------------+-----------+----------+-------+
| m_axi_gmem   | write     | variable | 32    |
+--------------+-----------+----------+-------+

* All M_AXI Variable Accesses
+--------------+----------+--------------------------+-----------+--------------+----------+-------+--------------------------+------------+-------------------------------------------------------------------------------------------------------+
| HW Interface | Variable | Access Location          | Direction | Burst Status | Length   | Loop  | Loop Location            | Resolution | Problem                                                                                               |
+--------------+----------+--------------------------+-----------+--------------+----------+-------+--------------------------+------------+-------------------------------------------------------------------------------------------------------+
| m_axi_gmem   |          | mmult_baseline.cpp:21:20 | read      | Fail         |          |       |                          | 214-224    | Could not burst due to multiple potential reads to the same bundle in the same region.                |
| m_axi_gmem   | in1      | mmult_baseline.cpp:24:30 | read      | Widen Fail   |          | loop3 | mmult_baseline.cpp:21:20 | 214-353    | Could not widen since type i32 size is greater than or equal to the max_widen_bitwidth threshold of 0 |
| m_axi_gmem   | in1      | mmult_baseline.cpp:24:30 | read      | Fail         |          | loop2 | mmult_baseline.cpp:18:9  | 214-230    | Stride is incompatible                                                                                |
| m_axi_gmem   | in1      | mmult_baseline.cpp:24:30 | read      | Inferred     | variable | loop3 | mmult_baseline.cpp:21:20 |            |                                                                                                       |
| m_axi_gmem   | in2      | mmult_baseline.cpp:25:45 | read      | Fail         |          | loop3 | mmult_baseline.cpp:21:20 | 214-230    | Stride is incompatible                                                                                |
| m_axi_gmem   | out      | mmult_baseline.cpp:28:26 | write     | Widen Fail   |          | loop2 | mmult_baseline.cpp:18:9  | 214-353    | Could not widen since type i32 size is greater than or equal to the max_widen_bitwidth threshold of 0 |
| m_axi_gmem   | out      | mmult_baseline.cpp:28:26 | write     | Inferred     | variable | loop1 | mmult_baseline.cpp:16:9  |            |                                                                                                       |
+--------------+----------+--------------------------+-----------+--------------+----------+-------+--------------------------+------------+-------------------------------------------------------------------------------------------------------+

    * Resolution URL: docs.xilinx.com/access/sources/dita/topic?Doc_Version=2024.1%20English&url=ug1448-hls-guidance&resourceid=XXX-YYY.html (replace XXX-YYY with column value)

================================================================
== Bind Op Report
================================================================
+--------------------------------------+-----+--------+-------------+--------+-----------+---------+
| Name                                 | DSP | Pragma | Variable    | Op     | Impl      | Latency |
+--------------------------------------+-----+--------+-------------+--------+-----------+---------+
| + mmult_hw                           | 5   |        |             |        |           |         |
|   icmp_ln16_fu_176_p2                |     |        | icmp_ln16   | setgt  | auto      | 0       |
|   mul_32ns_32ns_62_1_1_U10           | 4   |        | mul_ln16    | mul    | auto      | 0       |
|   empty_fu_217_p3                    |     |        | empty       | select | auto_sel  | 0       |
|   add_ln16_1_fu_234_p2               |     |        | add_ln16_1  | add    | fabric    | 0       |
|   icmp_ln16_1_fu_243_p2              |     |        | icmp_ln16_1 | setlt  | auto      | 0       |
|   add_ln16_fu_248_p2                 |     |        | add_ln16    | add    | fabric    | 0       |
|   empty_22_fu_262_p2                 |     |        | empty_22    | add    | fabric    | 0       |
|   icmp_ln18_fu_277_p2                |     |        | icmp_ln18   | seteq  | auto      | 0       |
|   add_ln18_fu_282_p2                 |     |        | add_ln18    | add    | fabric    | 0       |
|  + mmult_hw_Pipeline_loop3           | 1   |        |             |        |           |         |
|    icmp_ln21_fu_175_p2               |     |        | icmp_ln21   | seteq  | auto      | 0       |
|    add_ln21_fu_181_p2                |     |        | add_ln21    | add    | fabric    | 0       |
|    add_ln24_fu_191_p2                |     |        | add_ln24    | add    | fabric    | 0       |
|    add_ln25_2_fu_215_p2              |     |        | add_ln25_2  | add    | fabric    | 0       |
|    add_ln25_fu_220_p2                |     |        | add_ln25    | add    | fabric    | 0       |
|    add_ln25_1_fu_233_p2              |     |        | add_ln25_1  | add    | fabric    | 0       |
|    mac_muladd_16s_16s_32ns_32_4_1_U1 | 1   |        | mul_ln26    | mul    | dsp_slice | 3       |
|    mac_muladd_16s_16s_32ns_32_4_1_U1 | 1   |        | sum_1       | add    | dsp_slice | 3       |
+--------------------------------------+-----+--------+-------------+--------+-----------+---------+


================================================================
== Storage Report
================================================================
+----------------+-----------+-----------+------+------+--------+----------+------+---------+------------------+
| Name           | Usage     | Type      | BRAM | URAM | Pragma | Variable | Impl | Latency | Bitwidth, Depth, |
|                |           |           |      |      |        |          |      |         | Banks            |
+----------------+-----------+-----------+------+------+--------+----------+------+---------+------------------+
| + mmult_hw     |           |           | 4    | 0    |        |          |      |         |                  |
|   CTRL_s_axi_U | interface | s_axilite |      |      |        |          |      |         |                  |
|   gmem_m_axi_U | interface | m_axi     | 4    |      |        |          |      |         |                  |
+----------------+-----------+-----------+------+------+--------+----------+------+---------+------------------+


================================================================
== Pragma Report
================================================================
* Valid Pragma Syntax
+----------------+-----------------------------------+-------------------------------------------+
| Type           | Options                           | Location                                  |
+----------------+-----------------------------------+-------------------------------------------+
| interface      | m_axi depth=16384 port=in1        | mmult_baseline.cpp:10 in mmult_hw, in1    |
| interface      | m_axi depth=16384 port=in2        | mmult_baseline.cpp:11 in mmult_hw, in2    |
| interface      | m_axi depth=16384 port=out        | mmult_baseline.cpp:12 in mmult_hw, out    |
| interface      | s_axilite port=dim bundle=CTRL    | mmult_baseline.cpp:13 in mmult_hw, dim    |
| interface      | s_axilite port=return bundle=CTRL | mmult_baseline.cpp:14 in mmult_hw, return |
| loop_tripcount | min=128 max=128 avg=128           | mmult_baseline.cpp:17 in mmult_hw         |
| loop_tripcount | min=128 max=128 avg=128           | mmult_baseline.cpp:19 in mmult_hw         |
| loop_tripcount | min=128 max=128 avg=128           | mmult_baseline.cpp:22 in mmult_hw         |
| pipeline       | II=1                              | mmult_baseline.cpp:23 in mmult_hw         |
+----------------+-----------------------------------+-------------------------------------------+


