Copyright 1986-2022 Xilinx, Inc. All Rights Reserved. Copyright 2022-2024 Advanced Micro Devices, Inc. All Rights Reserved.
---------------------------------------------------------------------------------------------------------------------------------------------------
| Tool Version : Vivado v.2024.1 (win64) Build 5076996 Wed May 22 18:37:14 MDT 2024
| Date         : Mon Feb  2 15:41:26 2026
| Host         : WFXB07B250A246E running 64-bit major release  (build 9200)
| Command      : report_utilization -file dma_axis_ip_example_wrapper_utilization_placed.rpt -pb dma_axis_ip_example_wrapper_utilization_placed.pb
| Design       : dma_axis_ip_example_wrapper
| Device       : xczu3eg-sfvc784-2-e
| Speed File   : -2
| Design State : Fully Placed
---------------------------------------------------------------------------------------------------------------------------------------------------

Utilization Design Information

Table of Contents
-----------------
1. CLB Logic
1.1 Summary of Registers by Type
2. CLB Logic Distribution
3. BLOCKRAM
4. ARITHMETIC
5. I/O
6. CLOCK
7. ADVANCED
8. CONFIGURATION
9. Primitives
10. Black Boxes
11. Instantiated Netlists

1. CLB Logic
------------

+----------------------------+------+-------+------------+-----------+-------+
|          Site Type         | Used | Fixed | Prohibited | Available | Util% |
+----------------------------+------+-------+------------+-----------+-------+
| CLB LUTs                   | 2988 |     0 |          0 |     70560 |  4.23 |
|   LUT as Logic             | 2740 |     0 |          0 |     70560 |  3.88 |
|   LUT as Memory            |  248 |     0 |          0 |     28800 |  0.86 |
|     LUT as Distributed RAM |   44 |     0 |            |           |       |
|     LUT as Shift Register  |  204 |     0 |            |           |       |
| CLB Registers              | 4101 |     0 |          0 |    141120 |  2.91 |
|   Register as Flip Flop    | 4101 |     0 |          0 |    141120 |  2.91 |
|   Register as Latch        |    0 |     0 |          0 |    141120 |  0.00 |
| CARRY8                     |   39 |     0 |          0 |      8820 |  0.44 |
| F7 Muxes                   |    7 |     0 |          0 |     35280 |  0.02 |
| F8 Muxes                   |    0 |     0 |          0 |     17640 |  0.00 |
| F9 Muxes                   |    0 |     0 |          0 |      8820 |  0.00 |
+----------------------------+------+-------+------------+-----------+-------+
* Warning! LUT value is adjusted to account for LUT combining.


1.1 Summary of Registers by Type
--------------------------------

+-------+--------------+-------------+--------------+
| Total | Clock Enable | Synchronous | Asynchronous |
+-------+--------------+-------------+--------------+
| 0     |            _ |           - |            - |
| 0     |            _ |           - |          Set |
| 0     |            _ |           - |        Reset |
| 0     |            _ |         Set |            - |
| 0     |            _ |       Reset |            - |
| 0     |          Yes |           - |            - |
| 33    |          Yes |           - |          Set |
| 69    |          Yes |           - |        Reset |
| 106   |          Yes |         Set |            - |
| 3893  |          Yes |       Reset |            - |
+-------+--------------+-------------+--------------+


2. CLB Logic Distribution
-------------------------

+--------------------------------------------+------+-------+------------+-----------+-------+
|                  Site Type                 | Used | Fixed | Prohibited | Available | Util% |
+--------------------------------------------+------+-------+------------+-----------+-------+
| CLB                                        |  611 |     0 |          0 |      8820 |  6.93 |
|   CLBL                                     |  383 |     0 |            |           |       |
|   CLBM                                     |  228 |     0 |            |           |       |
| LUT as Logic                               | 2740 |     0 |          0 |     70560 |  3.88 |
|   using O5 output only                     |  131 |       |            |           |       |
|   using O6 output only                     | 1882 |       |            |           |       |
|   using O5 and O6                          |  727 |       |            |           |       |
| LUT as Memory                              |  248 |     0 |          0 |     28800 |  0.86 |
|   LUT as Distributed RAM                   |   44 |     0 |            |           |       |
|     using O5 output only                   |    0 |       |            |           |       |
|     using O6 output only                   |    0 |       |            |           |       |
|     using O5 and O6                        |   44 |       |            |           |       |
|   LUT as Shift Register                    |  204 |     0 |            |           |       |
|     using O5 output only                   |    0 |       |            |           |       |
|     using O6 output only                   |  122 |       |            |           |       |
|     using O5 and O6                        |   82 |       |            |           |       |
| CLB Registers                              | 4101 |     0 |          0 |    141120 |  2.91 |
|   Register driven from within the CLB      | 2182 |       |            |           |       |
|   Register driven from outside the CLB     | 1919 |       |            |           |       |
|     LUT in front of the register is unused | 1207 |       |            |           |       |
|     LUT in front of the register is used   |  712 |       |            |           |       |
| Unique Control Sets                        |  224 |       |          0 |     17640 |  1.27 |
+--------------------------------------------+------+-------+------------+-----------+-------+
* * Note: Available Control Sets calculated as Slices * 2, Review the Control Sets Report for more information regarding control sets.


3. BLOCKRAM
-----------

+-------------------+------+-------+------------+-----------+-------+
|     Site Type     | Used | Fixed | Prohibited | Available | Util% |
+-------------------+------+-------+------------+-----------+-------+
| Block RAM Tile    |  2.5 |     0 |          0 |       216 |  1.16 |
|   RAMB36/FIFO*    |    2 |     0 |          0 |       216 |  0.93 |
|     RAMB36E2 only |    2 |       |            |           |       |
|   RAMB18          |    1 |     0 |          0 |       432 |  0.23 |
|     RAMB18E2 only |    1 |       |            |           |       |
+-------------------+------+-------+------------+-----------+-------+
* Note: Each Block RAM Tile only has one FIFO logic available and therefore can accommodate only one FIFO36E2 or one FIFO18E2. However, if a FIFO18E2 occupies a Block RAM Tile, that tile can still accommodate a RAMB18E2


4. ARITHMETIC
-------------

+-----------+------+-------+------------+-----------+-------+
| Site Type | Used | Fixed | Prohibited | Available | Util% |
+-----------+------+-------+------------+-----------+-------+
| DSPs      |    0 |     0 |          0 |       360 |  0.00 |
+-----------+------+-------+------------+-----------+-------+


5. I/O
------

+------------------+------+-------+------------+-----------+-------+
|     Site Type    | Used | Fixed | Prohibited | Available | Util% |
+------------------+------+-------+------------+-----------+-------+
| Bonded IOB       |    0 |     0 |          0 |       252 |  0.00 |
| HPIOB_M          |    0 |     0 |          0 |        72 |  0.00 |
| HPIOB_S          |    0 |     0 |          0 |        72 |  0.00 |
| HDIOB_M          |    0 |     0 |          0 |        48 |  0.00 |
| HDIOB_S          |    0 |     0 |          0 |        48 |  0.00 |
| HPIOB_SNGL       |    0 |     0 |          0 |        12 |  0.00 |
| HPIOBDIFFINBUF   |    0 |     0 |          0 |        72 |  0.00 |
| HPIOBDIFFOUTBUF  |    0 |     0 |          0 |        72 |  0.00 |
| HDIOBDIFFINBUF   |    0 |     0 |          0 |        48 |  0.00 |
| BITSLICE_CONTROL |    0 |     0 |          0 |        24 |  0.00 |
| BITSLICE_RX_TX   |    0 |     0 |          0 |       936 |  0.00 |
| BITSLICE_TX      |    0 |     0 |          0 |        24 |  0.00 |
| RIU_OR           |    0 |     0 |          0 |        12 |  0.00 |
+------------------+------+-------+------------+-----------+-------+


6. CLOCK
--------

+------------+------+-------+------------+-----------+-------+
|  Site Type | Used | Fixed | Prohibited | Available | Util% |
+------------+------+-------+------------+-----------+-------+
| BUFGCE     |    0 |     0 |          0 |        88 |  0.00 |
| BUFGCE_DIV |    0 |     0 |          0 |        12 |  0.00 |
| BUFG_PS    |    1 |     0 |          0 |        72 |  1.39 |
| BUFGCTRL*  |    0 |     0 |          0 |        24 |  0.00 |
| PLL        |    0 |     0 |          0 |         6 |  0.00 |
| MMCM       |    0 |     0 |          0 |         3 |  0.00 |
+------------+------+-------+------------+-----------+-------+
* Note: Each used BUFGCTRL counts as two GLOBAL CLOCK BUFFERs. This table does not include global clocking resources, only buffer cell usage. See the Clock Utilization Report (report_clock_utilization) for detailed accounting of global clocking resource availability.


7. ADVANCED
-----------

+-----------+------+-------+------------+-----------+--------+
| Site Type | Used | Fixed | Prohibited | Available |  Util% |
+-----------+------+-------+------------+-----------+--------+
| PS8       |    1 |     0 |          0 |         1 | 100.00 |
| SYSMONE4  |    0 |     0 |          0 |         1 |   0.00 |
+-----------+------+-------+------------+-----------+--------+


8. CONFIGURATION
----------------

+-------------+------+-------+------------+-----------+-------+
|  Site Type  | Used | Fixed | Prohibited | Available | Util% |
+-------------+------+-------+------------+-----------+-------+
| BSCANE2     |    0 |     0 |          0 |         4 |  0.00 |
| DNA_PORTE2  |    0 |     0 |          0 |         1 |  0.00 |
| EFUSE_USR   |    0 |     0 |          0 |         1 |  0.00 |
| FRAME_ECCE4 |    0 |     0 |          0 |         1 |  0.00 |
| ICAPE3      |    0 |     0 |          0 |         2 |  0.00 |
| MASTER_JTAG |    0 |     0 |          0 |         1 |  0.00 |
| STARTUPE3   |    0 |     0 |          0 |         1 |  0.00 |
+-------------+------+-------+------------+-----------+-------+


9. Primitives
-------------

+----------+------+---------------------+
| Ref Name | Used | Functional Category |
+----------+------+---------------------+
| FDRE     | 3893 |            Register |
| LUT6     |  903 |                 CLB |
| LUT3     |  782 |                 CLB |
| LUT4     |  733 |                 CLB |
| LUT5     |  566 |                 CLB |
| LUT2     |  408 |                 CLB |
| SRL16E   |  229 |                 CLB |
| FDSE     |  106 |            Register |
| RAMD32   |   76 |                 CLB |
| LUT1     |   75 |                 CLB |
| FDCE     |   69 |            Register |
| SRLC32E  |   57 |                 CLB |
| CARRY8   |   39 |                 CLB |
| FDPE     |   33 |            Register |
| RAMS32   |   12 |                 CLB |
| MUXF7    |    7 |                 CLB |
| RAMB36E2 |    2 |            BLOCKRAM |
| RAMB18E2 |    1 |            BLOCKRAM |
| PS8      |    1 |            Advanced |
| BUFG_PS  |    1 |               Clock |
+----------+------+---------------------+


10. Black Boxes
---------------

+----------+------+
| Ref Name | Used |
+----------+------+


11. Instantiated Netlists
-------------------------

+-----------------------------------------+------+
|                 Ref Name                | Used |
+-----------------------------------------+------+
| dma_axis_ip_example_zynq_ultra_ps_e_0_0 |    1 |
| dma_axis_ip_example_xbar_0              |    1 |
| dma_axis_ip_example_rst_ps7_0_100M_0    |    1 |
| dma_axis_ip_example_example_0_0         |    1 |
| dma_axis_ip_example_axi_dma_0           |    1 |
| dma_axis_ip_example_auto_us_0           |    1 |
| dma_axis_ip_example_auto_pc_0           |    1 |
| dma_axis_ip_example_auto_ds_0           |    1 |
+-----------------------------------------+------+


