

================================================================
== Synthesis Summary Report of 'divby13_stream'
================================================================
+ General Information: 
    * Date:           Wed Feb  4 02:07:53 2026
    * Version:        2024.1 (Build 5069499 on May 21 2024)
    * Project:        divby13_stream
    * Solution:       hls (Vivado IP Flow Target)
    * Product family: zynquplus
    * Target device:  xczu3eg-sfvc784-2-e
    

+ Performance & Resource Estimates: 
    
    PS: '+' for module; 'o' for loop; '*' for dataflow
    +--------------------+------+------+---------+--------+----------+---------+------+----------+------+----+-----------+-----------+-----+
    |       Modules      | Issue|      | Latency | Latency| Iteration|         | Trip |          |      |    |           |           |     |
    |       & Loops      | Type | Slack| (cycles)|  (ns)  |  Latency | Interval| Count| Pipelined| BRAM | DSP|     FF    |    LUT    | URAM|
    +--------------------+------+------+---------+--------+----------+---------+------+----------+------+----+-----------+-----------+-----+
    |+ divby13_stream    |     -|  4.56|        -|       -|         -|        0|     -|    rewind|     -|   -|  2594 (1%)|  1932 (2%)|    -|
    | o VITIS_LOOP_13_1  |     -|  7.30|        -|       -|        37|        1|     -|       yes|     -|   -|          -|          -|    -|
    +--------------------+------+------+---------+--------+----------+---------+------+----------+------+----+-----------+-----------+-----+


================================================================
== HW Interfaces
================================================================
* S_AXILITE Interfaces
+---------------+------------+---------------+
| Interface     | Data Width | Address Width |
+---------------+------------+---------------+
| s_axi_control | 32         | 4             |
+---------------+------------+---------------+

* S_AXILITE Registers
+---------------+----------+--------+-------+--------+----------------------------------+----------------------------------------------------------------------+
| Interface     | Register | Offset | Width | Access | Description                      | Bit Fields                                                           |
+---------------+----------+--------+-------+--------+----------------------------------+----------------------------------------------------------------------+
| s_axi_control | CTRL     | 0x00   | 32    | RW     | Control signals                  | 0=AP_START 1=AP_DONE 2=AP_IDLE 3=AP_READY 7=AUTO_RESTART 9=INTERRUPT |
| s_axi_control | GIER     | 0x04   | 32    | RW     | Global Interrupt Enable Register | 0=Enable                                                             |
| s_axi_control | IP_IER   | 0x08   | 32    | RW     | IP Interrupt Enable Register     | 0=CHAN0_INT_EN 1=CHAN1_INT_EN                                        |
| s_axi_control | IP_ISR   | 0x0c   | 32    | RW     | IP Interrupt Status Register     | 0=CHAN0_INT_ST 1=CHAN1_INT_ST                                        |
+---------------+----------+--------+-------+--------+----------------------------------+----------------------------------------------------------------------+

* AXIS
+-----------+-----------+---------------+-------+-------+-------+--------+-------+--------+
| Interface | Direction | Register Mode | TDATA | TKEEP | TLAST | TREADY | TSTRB | TVALID |
+-----------+-----------+---------------+-------+-------+-------+--------+-------+--------+
| a         | in        | both          | 32    | 4     | 1     | 1      | 4     | 1      |
| result    | out       | both          | 32    | 4     | 1     | 1      | 4     | 1      |
+-----------+-----------+---------------+-------+-------+-------+--------+-------+--------+

* TOP LEVEL CONTROL
+-----------+------------+-----------+
| Interface | Type       | Ports     |
+-----------+------------+-----------+
| ap_clk    | clock      | ap_clk    |
| ap_rst_n  | reset      | ap_rst_n  |
| interrupt | interrupt  | interrupt |
| ap_ctrl   | ap_ctrl_hs |           |
+-----------+------------+-----------+


================================================================
== SW I/O Information
================================================================
* Top Function Arguments
+----------+-----------+--------------------------------------------------------+
| Argument | Direction | Datatype                                               |
+----------+-----------+--------------------------------------------------------+
| a        | in        | stream<hls::axis<ap_int<32>, 0, 0, 0, '8', false>, 0>& |
| result   | out       | stream<hls::axis<ap_int<32>, 0, 0, 0, '8', false>, 0>& |
+----------+-----------+--------------------------------------------------------+

* SW-to-HW Mapping
+----------+--------------+-----------+
| Argument | HW Interface | HW Type   |
+----------+--------------+-----------+
| a        | a            | interface |
| result   | result       | interface |
+----------+--------------+-----------+


================================================================
== M_AXI Burst Information
================================================================
 Note: All burst requests might be further partitioned into multiple requests during RTL generation based on max_read_burst_length or max_write_burst_length settings.


================================================================
== Bind Op Report
================================================================
+---------------------------+-----+--------+-----------+-------+------+---------+
| Name                      | DSP | Pragma | Variable  | Op    | Impl | Latency |
+---------------------------+-----+--------+-----------+-------+------+---------+
| + divby13_stream          | 0   |        |           |       |      |         |
|   srem_32ns_5ns_5_36_1_U1 |     |        | srem_ln16 | srem  | auto | 35      |
|   res_fu_116_p2           |     |        | res       | seteq | auto | 0       |
+---------------------------+-----+--------+-----------+-------+------+---------+


================================================================
== Storage Report
================================================================
+-------------------+-----------+-----------+------+------+--------+----------+------+---------+------------------+
| Name              | Usage     | Type      | BRAM | URAM | Pragma | Variable | Impl | Latency | Bitwidth, Depth, |
|                   |           |           |      |      |        |          |      |         | Banks            |
+-------------------+-----------+-----------+------+------+--------+----------+------+---------+------------------+
| + divby13_stream  |           |           | 0    | 0    |        |          |      |         |                  |
|   control_s_axi_U | interface | s_axilite |      |      |        |          |      |         |                  |
+-------------------+-----------+-----------+------+------+--------+----------+------+---------+------------------+


================================================================
== Pragma Report
================================================================
* Valid Pragma Syntax
+-----------+-------------------------+----------------------------------------+
| Type      | Options                 | Location                               |
+-----------+-------------------------+----------------------------------------+
| interface | axis port = a           | divby13_stream.cpp:7 in divby13_stream |
| interface | axis port = result      | divby13_stream.cpp:8 in divby13_stream |
| interface | s_axilite port = return | divby13_stream.cpp:9 in divby13_stream |
+-----------+-------------------------+----------------------------------------+


