

================================================================
== Vitis HLS Report for 'mmult_hw'
================================================================
* Date:           Wed Feb 18 15:44:12 2026

* Version:        2024.1 (Build 5069499 on May 21 2024)
* Project:        matmul
* Solution:       hls (Vivado IP Flow Target)
* Product family: zynquplus
* Target device:  xczu3eg-sbva484-1-e


================================================================
== Performance Estimates
================================================================
+ Timing: 
    * Summary: 
    +--------+----------+----------+------------+
    |  Clock |  Target  | Estimated| Uncertainty|
    +--------+----------+----------+------------+
    |ap_clk  |  10.00 ns|  7.300 ns|     2.70 ns|
    +--------+----------+----------+------------+

+ Latency: 
    * Summary: 
    +---------+---------+-----------+-----------+---------+---------+---------+
    |  Latency (cycles) |   Latency (absolute)  |      Interval     | Pipeline|
    |   min   |   max   |    min    |    max    |   min   |   max   |   Type  |
    +---------+---------+-----------+-----------+---------+---------+---------+
    |  4686081|  4686081|  46.861 ms|  46.861 ms|  4686082|  4686082|       no|
    +---------+---------+-----------+-----------+---------+---------+---------+

    + Detail: 
        * Instance: 
        +------------------------------------+-------------------------+---------+---------+----------+----------+-----+-----+-----------------------------------------------+
        |                                    |                         |  Latency (cycles) |  Latency (absolute) |  Interval |                    Pipeline                   |
        |              Instance              |          Module         |   min   |   max   |    min   |    max   | min | max |                      Type                     |
        +------------------------------------+-------------------------+---------+---------+----------+----------+-----+-----+-----------------------------------------------+
        |grp_mmult_hw_Pipeline_loop3_fu_174  |mmult_hw_Pipeline_loop3  |      267|      267|  2.670 us|  2.670 us|  258|  258|  loop auto-rewind stp(delay=0 clock cycles(s))|
        +------------------------------------+-------------------------+---------+---------+----------+----------+-----+-----+-----------------------------------------------+

        * Loop: 
        +----------+---------+---------+----------+-----------+-----------+------+----------+
        |          |  Latency (cycles) | Iteration|  Initiation Interval  | Trip |          |
        | Loop Name|   min   |   max   |  Latency |  achieved |   target  | Count| Pipelined|
        +----------+---------+---------+----------+-----------+-----------+------+----------+
        |- loop1   |  4686080|  4686080|     36610|          -|          -|   128|        no|
        | + loop2  |    36608|    36608|       286|          -|          -|   128|        no|
        +----------+---------+---------+----------+-----------+-----------+------+----------+



================================================================
== Utilization Estimates
================================================================
* Summary: 
+-----------------+---------+-----+--------+-------+-----+
|       Name      | BRAM_18K| DSP |   FF   |  LUT  | URAM|
+-----------------+---------+-----+--------+-------+-----+
|DSP              |        -|    -|       -|      -|    -|
|Expression       |        -|    -|       0|    504|    -|
|FIFO             |        -|    -|       -|      -|    -|
|Instance         |        4|    3|    1598|   1738|    0|
|Memory           |        -|    -|       -|      -|    -|
|Multiplexer      |        -|    -|       0|    250|    -|
|Register         |        -|    -|     872|      -|    -|
+-----------------+---------+-----+--------+-------+-----+
|Total            |        4|    3|    2470|   2492|    0|
+-----------------+---------+-----+--------+-------+-----+
|Available        |      432|  360|  141120|  70560|    0|
+-----------------+---------+-----+--------+-------+-----+
|Utilization (%)  |       ~0|   ~0|       1|      3|    0|
+-----------------+---------+-----+--------+-------+-----+

+ Detail: 
    * Instance: 
    +------------------------------------+-------------------------+---------+----+-----+-----+-----+
    |              Instance              |          Module         | BRAM_18K| DSP|  FF | LUT | URAM|
    +------------------------------------+-------------------------+---------+----+-----+-----+-----+
    |CTRL_s_axi_U                        |CTRL_s_axi               |        0|   0|  284|  488|    0|
    |gmem_m_axi_U                        |gmem_m_axi               |        4|   0|  824|  683|    0|
    |grp_mmult_hw_Pipeline_loop3_fu_174  |mmult_hw_Pipeline_loop3  |        0|   3|  490|  567|    0|
    +------------------------------------+-------------------------+---------+----+-----+-----+-----+
    |Total                               |                         |        4|   3| 1598| 1738|    0|
    +------------------------------------+-------------------------+---------+----+-----+-----+-----+

    * DSP: 
    N/A

    * Memory: 
    N/A

    * FIFO: 
    N/A

    * Expression: 
    +----------------------+----------+----+---+----+------------+------------+
    |     Variable Name    | Operation| DSP| FF| LUT| Bitwidth P0| Bitwidth P1|
    +----------------------+----------+----+---+----+------------+------------+
    |add_ln15_1_fu_220_p2  |         +|   0|  0|  69|          62|          62|
    |add_ln15_2_fu_225_p2  |         +|   0|  0|  69|          62|          62|
    |add_ln15_fu_239_p2    |         +|   0|  0|  38|          31|           1|
    |add_ln17_fu_273_p2    |         +|   0|  0|  39|          32|           1|
    |empty_21_fu_283_p2    |         +|   0|  0|  69|          62|          62|
    |empty_22_fu_296_p2    |         +|   0|  0|  71|          64|          64|
    |empty_fu_253_p2       |         +|   0|  0|  71|          64|          64|
    |icmp_ln15_fu_234_p2   |      icmp|   0|  0|  39|          32|          32|
    |icmp_ln17_fu_268_p2   |      icmp|   0|  0|  39|          32|          32|
    +----------------------+----------+----+---+----+------------+------------+
    |Total                 |          |   0|  0| 504|         441|         380|
    +----------------------+----------+----+---+----+------------+------------+

    * Multiplexer: 
    +-----------------+-----+-----------+-----+-----------+
    |       Name      | LUT | Input Size| Bits| Total Bits|
    +-----------------+-----+-----------+-----+-----------+
    |ap_NS_fsm        |  113|         22|    1|         22|
    |gmem_ARADDR      |   14|          3|   64|        192|
    |gmem_ARLEN       |   14|          3|   32|         96|
    |gmem_ARVALID     |   14|          3|    1|          3|
    |gmem_RREADY      |   14|          3|    1|          3|
    |gmem_blk_n_AR    |    9|          2|    1|          2|
    |gmem_blk_n_AW    |    9|          2|    1|          2|
    |gmem_blk_n_B     |    9|          2|    1|          2|
    |gmem_blk_n_R     |    9|          2|    1|          2|
    |gmem_blk_n_W     |    9|          2|    1|          2|
    |i_fu_108         |    9|          2|   31|         62|
    |j_reg_162        |    9|          2|   32|         64|
    |phi_mul4_fu_104  |    9|          2|   62|        124|
    |phi_mul7_fu_100  |    9|          2|   62|        124|
    +-----------------+-----+-----------+-----+-----------+
    |Total            |  250|         52|  291|        700|
    +-----------------+-----+-----------+-----+-----------+

    * Register: 
    +-------------------------------------------------+----+----+-----+-----------+
    |                       Name                      | FF | LUT| Bits| Const Bits|
    +-------------------------------------------------+----+----+-----+-----------+
    |add_ln15_1_reg_400                               |  62|   0|   62|          0|
    |add_ln15_2_reg_405                               |  62|   0|   62|          0|
    |add_ln15_reg_413                                 |  31|   0|   31|          0|
    |add_ln17_reg_426                                 |  32|   0|   32|          0|
    |ap_CS_fsm                                        |  21|   0|   21|          0|
    |dim_cast3_reg_392                                |  32|   0|   62|         30|
    |dim_cast_reg_387                                 |  62|   0|   62|          0|
    |dim_read_reg_358                                 |  32|   0|   32|          0|
    |gmem_addr_read_reg_438                           |  32|   0|   32|          0|
    |gmem_addr_reg_431                                |  64|   0|   64|          0|
    |grp_mmult_hw_Pipeline_loop3_fu_174_ap_start_reg  |   1|   0|    1|          0|
    |i_fu_108                                         |  31|   0|   31|          0|
    |in1_read_reg_376                                 |  64|   0|   64|          0|
    |in2_read_reg_371                                 |  64|   0|   64|          0|
    |j_reg_162                                        |  32|   0|   32|          0|
    |out_r_read_reg_366                               |  64|   0|   64|          0|
    |p_cast_reg_418                                   |  62|   0|   62|          0|
    |phi_mul4_fu_104                                  |  62|   0|   62|          0|
    |phi_mul7_fu_100                                  |  62|   0|   62|          0|
    +-------------------------------------------------+----+----+-----+-----------+
    |Total                                            | 872|   0|  902|         30|
    +-------------------------------------------------+----+----+-----+-----------+



================================================================
== Interface
================================================================
* Summary: 
+---------------------+-----+-----+------------+--------------+--------------+
|      RTL Ports      | Dir | Bits|  Protocol  | Source Object|    C Type    |
+---------------------+-----+-----+------------+--------------+--------------+
|s_axi_CTRL_AWVALID   |   in|    1|       s_axi|          CTRL|        scalar|
|s_axi_CTRL_AWREADY   |  out|    1|       s_axi|          CTRL|        scalar|
|s_axi_CTRL_AWADDR    |   in|    6|       s_axi|          CTRL|        scalar|
|s_axi_CTRL_WVALID    |   in|    1|       s_axi|          CTRL|        scalar|
|s_axi_CTRL_WREADY    |  out|    1|       s_axi|          CTRL|        scalar|
|s_axi_CTRL_WDATA     |   in|   32|       s_axi|          CTRL|        scalar|
|s_axi_CTRL_WSTRB     |   in|    4|       s_axi|          CTRL|        scalar|
|s_axi_CTRL_ARVALID   |   in|    1|       s_axi|          CTRL|        scalar|
|s_axi_CTRL_ARREADY   |  out|    1|       s_axi|          CTRL|        scalar|
|s_axi_CTRL_ARADDR    |   in|    6|       s_axi|          CTRL|        scalar|
|s_axi_CTRL_RVALID    |  out|    1|       s_axi|          CTRL|        scalar|
|s_axi_CTRL_RREADY    |   in|    1|       s_axi|          CTRL|        scalar|
|s_axi_CTRL_RDATA     |  out|   32|       s_axi|          CTRL|        scalar|
|s_axi_CTRL_RRESP     |  out|    2|       s_axi|          CTRL|        scalar|
|s_axi_CTRL_BVALID    |  out|    1|       s_axi|          CTRL|        scalar|
|s_axi_CTRL_BREADY    |   in|    1|       s_axi|          CTRL|        scalar|
|s_axi_CTRL_BRESP     |  out|    2|       s_axi|          CTRL|        scalar|
|ap_clk               |   in|    1|  ap_ctrl_hs|      mmult_hw|  return value|
|ap_rst_n             |   in|    1|  ap_ctrl_hs|      mmult_hw|  return value|
|interrupt            |  out|    1|  ap_ctrl_hs|      mmult_hw|  return value|
|m_axi_gmem_AWVALID   |  out|    1|       m_axi|          gmem|       pointer|
|m_axi_gmem_AWREADY   |   in|    1|       m_axi|          gmem|       pointer|
|m_axi_gmem_AWADDR    |  out|   64|       m_axi|          gmem|       pointer|
|m_axi_gmem_AWID      |  out|    1|       m_axi|          gmem|       pointer|
|m_axi_gmem_AWLEN     |  out|    8|       m_axi|          gmem|       pointer|
|m_axi_gmem_AWSIZE    |  out|    3|       m_axi|          gmem|       pointer|
|m_axi_gmem_AWBURST   |  out|    2|       m_axi|          gmem|       pointer|
|m_axi_gmem_AWLOCK    |  out|    2|       m_axi|          gmem|       pointer|
|m_axi_gmem_AWCACHE   |  out|    4|       m_axi|          gmem|       pointer|
|m_axi_gmem_AWPROT    |  out|    3|       m_axi|          gmem|       pointer|
|m_axi_gmem_AWQOS     |  out|    4|       m_axi|          gmem|       pointer|
|m_axi_gmem_AWREGION  |  out|    4|       m_axi|          gmem|       pointer|
|m_axi_gmem_AWUSER    |  out|    1|       m_axi|          gmem|       pointer|
|m_axi_gmem_WVALID    |  out|    1|       m_axi|          gmem|       pointer|
|m_axi_gmem_WREADY    |   in|    1|       m_axi|          gmem|       pointer|
|m_axi_gmem_WDATA     |  out|   32|       m_axi|          gmem|       pointer|
|m_axi_gmem_WSTRB     |  out|    4|       m_axi|          gmem|       pointer|
|m_axi_gmem_WLAST     |  out|    1|       m_axi|          gmem|       pointer|
|m_axi_gmem_WID       |  out|    1|       m_axi|          gmem|       pointer|
|m_axi_gmem_WUSER     |  out|    1|       m_axi|          gmem|       pointer|
|m_axi_gmem_ARVALID   |  out|    1|       m_axi|          gmem|       pointer|
|m_axi_gmem_ARREADY   |   in|    1|       m_axi|          gmem|       pointer|
|m_axi_gmem_ARADDR    |  out|   64|       m_axi|          gmem|       pointer|
|m_axi_gmem_ARID      |  out|    1|       m_axi|          gmem|       pointer|
|m_axi_gmem_ARLEN     |  out|    8|       m_axi|          gmem|       pointer|
|m_axi_gmem_ARSIZE    |  out|    3|       m_axi|          gmem|       pointer|
|m_axi_gmem_ARBURST   |  out|    2|       m_axi|          gmem|       pointer|
|m_axi_gmem_ARLOCK    |  out|    2|       m_axi|          gmem|       pointer|
|m_axi_gmem_ARCACHE   |  out|    4|       m_axi|          gmem|       pointer|
|m_axi_gmem_ARPROT    |  out|    3|       m_axi|          gmem|       pointer|
|m_axi_gmem_ARQOS     |  out|    4|       m_axi|          gmem|       pointer|
|m_axi_gmem_ARREGION  |  out|    4|       m_axi|          gmem|       pointer|
|m_axi_gmem_ARUSER    |  out|    1|       m_axi|          gmem|       pointer|
|m_axi_gmem_RVALID    |   in|    1|       m_axi|          gmem|       pointer|
|m_axi_gmem_RREADY    |  out|    1|       m_axi|          gmem|       pointer|
|m_axi_gmem_RDATA     |   in|   32|       m_axi|          gmem|       pointer|
|m_axi_gmem_RLAST     |   in|    1|       m_axi|          gmem|       pointer|
|m_axi_gmem_RID       |   in|    1|       m_axi|          gmem|       pointer|
|m_axi_gmem_RUSER     |   in|    1|       m_axi|          gmem|       pointer|
|m_axi_gmem_RRESP     |   in|    2|       m_axi|          gmem|       pointer|
|m_axi_gmem_BVALID    |   in|    1|       m_axi|          gmem|       pointer|
|m_axi_gmem_BREADY    |  out|    1|       m_axi|          gmem|       pointer|
|m_axi_gmem_BRESP     |   in|    2|       m_axi|          gmem|       pointer|
|m_axi_gmem_BID       |   in|    1|       m_axi|          gmem|       pointer|
|m_axi_gmem_BUSER     |   in|    1|       m_axi|          gmem|       pointer|
+---------------------+-----+-----+------------+--------------+--------------+

============================================================
+ Verbose Summary: Synthesis Manager
============================================================
InlineROM: 1
ExposeGlobal: 0
============================================================
+ Verbose Summary: CDFG Model
============================================================
IsTopModel: 1
ResetActiveHigh: 1
IsCombinational: 2
IsDatapathOnly: 2
HasWiredReturn: 1
HasMFsm: 0
HasVarLatency: 1
IsPipeline: 0
IsRtlPipelined: 0
IsInstanceOverlapped: 0
IsDontTouch: 0
HasImplIP: 0
IsGatedGlobalClock: 0


============================================================
+ Verbose Summary: Schedule
============================================================
* Number of FSM states : 21
* Pipeline : 0
* Dataflow Pipeline: 0

* FSM state transitions: 
1 --> 2 
2 --> 3 
3 --> 4 2 
4 --> 5 
5 --> 6 
6 --> 7 
7 --> 8 
8 --> 9 
9 --> 10 
10 --> 11 
11 --> 12 
12 --> 13 
13 --> 14 
14 --> 15 
15 --> 16 
16 --> 17 
17 --> 18 
18 --> 19 
19 --> 20 
20 --> 21 
21 --> 3 

* FSM state operations: 

State 1 <SV = 0> <Delay = 1.00>
ST_1 : Operation 22 [1/1] (0.00ns)   --->   "%phi_mul7 = alloca i32 1"   --->   Operation 22 'alloca' 'phi_mul7' <Predicate = true> <Delay = 0.00>
ST_1 : Operation 23 [1/1] (0.00ns)   --->   "%phi_mul4 = alloca i32 1"   --->   Operation 23 'alloca' 'phi_mul4' <Predicate = true> <Delay = 0.00>
ST_1 : Operation 24 [1/1] (0.00ns)   --->   "%i = alloca i32 1" [mmult_baseline.cpp:15]   --->   Operation 24 'alloca' 'i' <Predicate = true> <Delay = 0.00>
ST_1 : Operation 25 [1/1] (1.00ns)   --->   "%dim_read = read i32 @_ssdm_op_Read.s_axilite.i32, i32 %dim"   --->   Operation 25 'read' 'dim_read' <Predicate = true> <Delay = 1.00> <CoreInst = "s_axilite">   --->   Core 120 's_axilite' <Latency = 0> <II = 1> <Delay = 1.00> <Adapter> <Opcode : 'read' 'write'>
ST_1 : Operation 26 [1/1] (1.00ns)   --->   "%out_r_read = read i64 @_ssdm_op_Read.s_axilite.i64, i64 %out_r"   --->   Operation 26 'read' 'out_r_read' <Predicate = true> <Delay = 1.00> <CoreInst = "s_axilite">   --->   Core 120 's_axilite' <Latency = 0> <II = 1> <Delay = 1.00> <Adapter> <Opcode : 'read' 'write'>
ST_1 : Operation 27 [1/1] (1.00ns)   --->   "%in2_read = read i64 @_ssdm_op_Read.s_axilite.i64, i64 %in2"   --->   Operation 27 'read' 'in2_read' <Predicate = true> <Delay = 1.00> <CoreInst = "s_axilite">   --->   Core 120 's_axilite' <Latency = 0> <II = 1> <Delay = 1.00> <Adapter> <Opcode : 'read' 'write'>
ST_1 : Operation 28 [1/1] (1.00ns)   --->   "%in1_read = read i64 @_ssdm_op_Read.s_axilite.i64, i64 %in1"   --->   Operation 28 'read' 'in1_read' <Predicate = true> <Delay = 1.00> <CoreInst = "s_axilite">   --->   Core 120 's_axilite' <Latency = 0> <II = 1> <Delay = 1.00> <Adapter> <Opcode : 'read' 'write'>
ST_1 : Operation 29 [1/1] (0.00ns)   --->   "%add187_loc = alloca i64 1"   --->   Operation 29 'alloca' 'add187_loc' <Predicate = true> <Delay = 0.00>
ST_1 : Operation 30 [1/1] (0.00ns)   --->   "%spectopmodule_ln7 = spectopmodule void @_ssdm_op_SpecTopModule, void @empty_12" [mmult_baseline.cpp:7]   --->   Operation 30 'spectopmodule' 'spectopmodule_ln7' <Predicate = true> <Delay = 0.00>
ST_1 : Operation 31 [1/1] (0.00ns)   --->   "%specinterface_ln0 = specinterface void @_ssdm_op_SpecInterface, i32 %gmem, void @empty, i32 0, i32 0, void @empty_0, i32 0, i32 16384, void @empty_1, void @empty_2, void @empty_0, i32 16, i32 16, i32 16, i32 16, void @empty_0, void @empty_0, i32 4294967295, i32 0, i32 0"   --->   Operation 31 'specinterface' 'specinterface_ln0' <Predicate = true> <Delay = 0.00>
ST_1 : Operation 32 [1/1] (0.00ns)   --->   "%specbitsmap_ln0 = specbitsmap void @_ssdm_op_SpecBitsMap, i32 %gmem"   --->   Operation 32 'specbitsmap' 'specbitsmap_ln0' <Predicate = true> <Delay = 0.00>
ST_1 : Operation 33 [1/1] (0.00ns)   --->   "%specinterface_ln0 = specinterface void @_ssdm_op_SpecInterface, i64 %in1, void @empty_3, i32 0, i32 0, void @empty_0, i32 0, i32 0, void @empty_4, void @empty_5, void @empty_0, i32 0, i32 0, i32 0, i32 0, void @empty_0, void @empty_6, i32 4294967295, i32 0, i32 0"   --->   Operation 33 'specinterface' 'specinterface_ln0' <Predicate = true> <Delay = 0.00>
ST_1 : Operation 34 [1/1] (0.00ns)   --->   "%specinterface_ln0 = specinterface void @_ssdm_op_SpecInterface, i64 %in1, void @empty_7, i32 0, i32 0, void @empty_0, i32 0, i32 0, void @empty_0, void @empty_0, void @empty_0, i32 0, i32 0, i32 0, i32 0, void @empty_0, void @empty_6, i32 4294967295, i32 0, i32 0"   --->   Operation 34 'specinterface' 'specinterface_ln0' <Predicate = true> <Delay = 0.00>
ST_1 : Operation 35 [1/1] (0.00ns)   --->   "%specinterface_ln0 = specinterface void @_ssdm_op_SpecInterface, i64 %in2, void @empty_3, i32 0, i32 0, void @empty_0, i32 0, i32 0, void @empty_4, void @empty_8, void @empty_0, i32 0, i32 0, i32 0, i32 0, void @empty_0, void @empty_6, i32 4294967295, i32 0, i32 0"   --->   Operation 35 'specinterface' 'specinterface_ln0' <Predicate = true> <Delay = 0.00>
ST_1 : Operation 36 [1/1] (0.00ns)   --->   "%specinterface_ln0 = specinterface void @_ssdm_op_SpecInterface, i64 %in2, void @empty_7, i32 0, i32 0, void @empty_0, i32 0, i32 0, void @empty_0, void @empty_0, void @empty_0, i32 0, i32 0, i32 0, i32 0, void @empty_0, void @empty_6, i32 4294967295, i32 0, i32 0"   --->   Operation 36 'specinterface' 'specinterface_ln0' <Predicate = true> <Delay = 0.00>
ST_1 : Operation 37 [1/1] (0.00ns)   --->   "%specinterface_ln0 = specinterface void @_ssdm_op_SpecInterface, i64 %out_r, void @empty_3, i32 0, i32 0, void @empty_0, i32 0, i32 0, void @empty_4, void @empty_9, void @empty_0, i32 0, i32 0, i32 0, i32 0, void @empty_0, void @empty_6, i32 4294967295, i32 0, i32 0"   --->   Operation 37 'specinterface' 'specinterface_ln0' <Predicate = true> <Delay = 0.00>
ST_1 : Operation 38 [1/1] (0.00ns)   --->   "%specinterface_ln0 = specinterface void @_ssdm_op_SpecInterface, i64 %out_r, void @empty_7, i32 0, i32 0, void @empty_0, i32 0, i32 0, void @empty_0, void @empty_0, void @empty_0, i32 0, i32 0, i32 0, i32 0, void @empty_0, void @empty_6, i32 4294967295, i32 0, i32 0"   --->   Operation 38 'specinterface' 'specinterface_ln0' <Predicate = true> <Delay = 0.00>
ST_1 : Operation 39 [1/1] (0.00ns)   --->   "%specbitsmap_ln0 = specbitsmap void @_ssdm_op_SpecBitsMap, i32 %dim"   --->   Operation 39 'specbitsmap' 'specbitsmap_ln0' <Predicate = true> <Delay = 0.00>
ST_1 : Operation 40 [1/1] (0.00ns)   --->   "%specinterface_ln0 = specinterface void @_ssdm_op_SpecInterface, i32 %dim, void @empty_3, i32 4294967295, i32 4294967295, void @empty_10, i32 0, i32 0, void @empty_4, void @empty_11, void @empty_0, i32 0, i32 0, i32 0, i32 0, void @empty_0, void @empty_0, i32 4294967295, i32 0, i32 0"   --->   Operation 40 'specinterface' 'specinterface_ln0' <Predicate = true> <Delay = 0.00>
ST_1 : Operation 41 [1/1] (0.00ns)   --->   "%specinterface_ln0 = specinterface void @_ssdm_op_SpecInterface, i32 %dim, void @empty_7, i32 4294967295, i32 4294967295, void @empty_0, i32 0, i32 0, void @empty_0, void @empty_0, void @empty_0, i32 0, i32 0, i32 0, i32 0, void @empty_0, void @empty_0, i32 4294967295, i32 0, i32 0"   --->   Operation 41 'specinterface' 'specinterface_ln0' <Predicate = true> <Delay = 0.00>
ST_1 : Operation 42 [1/1] (0.00ns)   --->   "%specinterface_ln0 = specinterface void @_ssdm_op_SpecInterface, i32 0, void @empty_3, i32 0, i32 0, void @empty_0, i32 0, i32 0, void @empty_4, void @empty_0, void @empty_0, i32 0, i32 0, i32 0, i32 0, void @empty_0, void @empty_0, i32 4294967295, i32 0, i32 0"   --->   Operation 42 'specinterface' 'specinterface_ln0' <Predicate = true> <Delay = 0.00>
ST_1 : Operation 43 [1/1] (0.00ns)   --->   "%dim_cast = sext i32 %dim_read"   --->   Operation 43 'sext' 'dim_cast' <Predicate = true> <Delay = 0.00>
ST_1 : Operation 44 [1/1] (0.00ns)   --->   "%dim_cast3 = zext i32 %dim_read"   --->   Operation 44 'zext' 'dim_cast3' <Predicate = true> <Delay = 0.00>
ST_1 : Operation 45 [1/1] (0.48ns)   --->   "%store_ln15 = store i31 0, i31 %i" [mmult_baseline.cpp:15]   --->   Operation 45 'store' 'store_ln15' <Predicate = true> <Delay = 0.48>
ST_1 : Operation 46 [1/1] (0.48ns)   --->   "%store_ln0 = store i62 0, i62 %phi_mul4"   --->   Operation 46 'store' 'store_ln0' <Predicate = true> <Delay = 0.48>
ST_1 : Operation 47 [1/1] (0.48ns)   --->   "%store_ln0 = store i62 0, i62 %phi_mul7"   --->   Operation 47 'store' 'store_ln0' <Predicate = true> <Delay = 0.48>
ST_1 : Operation 48 [1/1] (0.00ns)   --->   "%br_ln15 = br void %loop2" [mmult_baseline.cpp:15]   --->   Operation 48 'br' 'br_ln15' <Predicate = true> <Delay = 0.00>

State 2 <SV = 1> <Delay = 1.69>
ST_2 : Operation 49 [1/1] (0.00ns)   --->   "%phi_mul7_load = load i62 %phi_mul7"   --->   Operation 49 'load' 'phi_mul7_load' <Predicate = true> <Delay = 0.00>
ST_2 : Operation 50 [1/1] (0.00ns)   --->   "%phi_mul4_load = load i62 %phi_mul4" [mmult_baseline.cpp:15]   --->   Operation 50 'load' 'phi_mul4_load' <Predicate = true> <Delay = 0.00>
ST_2 : Operation 51 [1/1] (0.00ns)   --->   "%i_1 = load i31 %i" [mmult_baseline.cpp:15]   --->   Operation 51 'load' 'i_1' <Predicate = true> <Delay = 0.00>
ST_2 : Operation 52 [1/1] (1.44ns)   --->   "%add_ln15_1 = add i62 %phi_mul7_load, i62 %dim_cast" [mmult_baseline.cpp:15]   --->   Operation 52 'add' 'add_ln15_1' <Predicate = true> <Delay = 1.44> <CoreInst = "Adder">   --->   Core 1 'Adder' <Latency = 0> <II = 1> <Delay = 1.44> <FuncUnit> <Opcode : 'add' 'sub'> <InPorts = 2> <OutPorts = 1>
ST_2 : Operation 53 [1/1] (1.44ns)   --->   "%add_ln15_2 = add i62 %phi_mul4_load, i62 %dim_cast3" [mmult_baseline.cpp:15]   --->   Operation 53 'add' 'add_ln15_2' <Predicate = true> <Delay = 1.44> <CoreInst = "Adder">   --->   Core 1 'Adder' <Latency = 0> <II = 1> <Delay = 1.44> <FuncUnit> <Opcode : 'add' 'sub'> <InPorts = 2> <OutPorts = 1>
ST_2 : Operation 54 [1/1] (0.00ns)   --->   "%zext_ln15 = zext i31 %i_1" [mmult_baseline.cpp:15]   --->   Operation 54 'zext' 'zext_ln15' <Predicate = true> <Delay = 0.00>
ST_2 : Operation 55 [1/1] (1.20ns)   --->   "%icmp_ln15 = icmp_slt  i32 %zext_ln15, i32 %dim_read" [mmult_baseline.cpp:15]   --->   Operation 55 'icmp' 'icmp_ln15' <Predicate = true> <Delay = 1.20> <CoreInst = "Cmp">   --->   Core 9 'Cmp' <Latency = 0> <II = 1> <Delay = 1.20> <FuncUnit> <Opcode : 'seteq' 'setne' 'setle' 'setge' 'setlt' 'setgt'> <InPorts = 2> <OutPorts = 1>
ST_2 : Operation 56 [1/1] (1.19ns)   --->   "%add_ln15 = add i31 %i_1, i31 1" [mmult_baseline.cpp:15]   --->   Operation 56 'add' 'add_ln15' <Predicate = true> <Delay = 1.19> <CoreInst = "Adder">   --->   Core 1 'Adder' <Latency = 0> <II = 1> <Delay = 1.19> <FuncUnit> <Opcode : 'add' 'sub'> <InPorts = 2> <OutPorts = 1>
ST_2 : Operation 57 [1/1] (0.00ns)   --->   "%br_ln15 = br i1 %icmp_ln15, void %for.end24.loopexit, void %loop2.split" [mmult_baseline.cpp:15]   --->   Operation 57 'br' 'br_ln15' <Predicate = true> <Delay = 0.00>
ST_2 : Operation 58 [1/1] (0.00ns)   --->   "%speclooptripcount_ln16 = speclooptripcount void @_ssdm_op_SpecLoopTripCount, i64 128, i64 128, i64 128" [mmult_baseline.cpp:16]   --->   Operation 58 'speclooptripcount' 'speclooptripcount_ln16' <Predicate = (icmp_ln15)> <Delay = 0.00>
ST_2 : Operation 59 [1/1] (0.00ns)   --->   "%specloopname_ln15 = specloopname void @_ssdm_op_SpecLoopName, void @empty_15" [mmult_baseline.cpp:15]   --->   Operation 59 'specloopname' 'specloopname_ln15' <Predicate = (icmp_ln15)> <Delay = 0.00>
ST_2 : Operation 60 [1/1] (0.00ns)   --->   "%tmp = bitconcatenate i64 @_ssdm_op_BitConcatenate.i64.i62.i2, i62 %phi_mul4_load, i2 0" [mmult_baseline.cpp:15]   --->   Operation 60 'bitconcatenate' 'tmp' <Predicate = (icmp_ln15)> <Delay = 0.00>
ST_2 : Operation 61 [1/1] (1.47ns)   --->   "%empty = add i64 %tmp, i64 %in1_read" [mmult_baseline.cpp:15]   --->   Operation 61 'add' 'empty' <Predicate = (icmp_ln15)> <Delay = 1.47> <CoreInst = "Adder">   --->   Core 1 'Adder' <Latency = 0> <II = 1> <Delay = 1.47> <FuncUnit> <Opcode : 'add' 'sub'> <InPorts = 2> <OutPorts = 1>
ST_2 : Operation 62 [1/1] (0.00ns)   --->   "%p_cast = partselect i62 @_ssdm_op_PartSelect.i62.i64.i32.i32, i64 %empty, i32 2, i32 63" [mmult_baseline.cpp:15]   --->   Operation 62 'partselect' 'p_cast' <Predicate = (icmp_ln15)> <Delay = 0.00>
ST_2 : Operation 63 [1/1] (0.48ns)   --->   "%br_ln17 = br void %loop3" [mmult_baseline.cpp:17]   --->   Operation 63 'br' 'br_ln17' <Predicate = (icmp_ln15)> <Delay = 0.48>
ST_2 : Operation 64 [1/1] (0.00ns)   --->   "%ret_ln25 = ret" [mmult_baseline.cpp:25]   --->   Operation 64 'ret' 'ret_ln25' <Predicate = (!icmp_ln15)> <Delay = 0.00>

State 3 <SV = 2> <Delay = 2.91>
ST_3 : Operation 65 [1/1] (0.00ns)   --->   "%j = phi i32 0, void %loop2.split, i32 %add_ln17, void %loop3.split" [mmult_baseline.cpp:17]   --->   Operation 65 'phi' 'j' <Predicate = true> <Delay = 0.00>
ST_3 : Operation 66 [1/1] (1.20ns)   --->   "%icmp_ln17 = icmp_eq  i32 %j, i32 %dim_read" [mmult_baseline.cpp:17]   --->   Operation 66 'icmp' 'icmp_ln17' <Predicate = true> <Delay = 1.20> <CoreInst = "Cmp">   --->   Core 9 'Cmp' <Latency = 0> <II = 1> <Delay = 1.20> <FuncUnit> <Opcode : 'seteq' 'setne' 'setle' 'setge' 'setlt' 'setgt'> <InPorts = 2> <OutPorts = 1>
ST_3 : Operation 67 [1/1] (1.20ns)   --->   "%add_ln17 = add i32 %j, i32 1" [mmult_baseline.cpp:17]   --->   Operation 67 'add' 'add_ln17' <Predicate = true> <Delay = 1.20> <CoreInst = "Adder">   --->   Core 1 'Adder' <Latency = 0> <II = 1> <Delay = 1.20> <FuncUnit> <Opcode : 'add' 'sub'> <InPorts = 2> <OutPorts = 1>
ST_3 : Operation 68 [1/1] (0.00ns)   --->   "%br_ln17 = br i1 %icmp_ln17, void %loop3.split, void %for.inc22" [mmult_baseline.cpp:17]   --->   Operation 68 'br' 'br_ln17' <Predicate = true> <Delay = 0.00>
ST_3 : Operation 69 [1/1] (0.00ns)   --->   "%zext_ln17 = zext i32 %j" [mmult_baseline.cpp:17]   --->   Operation 69 'zext' 'zext_ln17' <Predicate = (!icmp_ln17)> <Delay = 0.00>
ST_3 : Operation 70 [1/1] (1.44ns)   --->   "%empty_21 = add i62 %zext_ln17, i62 %phi_mul7_load" [mmult_baseline.cpp:17]   --->   Operation 70 'add' 'empty_21' <Predicate = (!icmp_ln17)> <Delay = 1.44> <CoreInst = "Adder">   --->   Core 1 'Adder' <Latency = 0> <II = 1> <Delay = 1.44> <FuncUnit> <Opcode : 'add' 'sub'> <InPorts = 2> <OutPorts = 1>
ST_3 : Operation 71 [1/1] (0.00ns)   --->   "%tmp_1 = bitconcatenate i64 @_ssdm_op_BitConcatenate.i64.i62.i2, i62 %empty_21, i2 0" [mmult_baseline.cpp:17]   --->   Operation 71 'bitconcatenate' 'tmp_1' <Predicate = (!icmp_ln17)> <Delay = 0.00>
ST_3 : Operation 72 [1/1] (1.47ns)   --->   "%empty_22 = add i64 %tmp_1, i64 %out_r_read" [mmult_baseline.cpp:17]   --->   Operation 72 'add' 'empty_22' <Predicate = (!icmp_ln17)> <Delay = 1.47> <CoreInst = "Adder">   --->   Core 1 'Adder' <Latency = 0> <II = 1> <Delay = 1.47> <FuncUnit> <Opcode : 'add' 'sub'> <InPorts = 2> <OutPorts = 1>
ST_3 : Operation 73 [1/1] (0.00ns)   --->   "%trunc_ln = partselect i62 @_ssdm_op_PartSelect.i62.i64.i32.i32, i64 %empty_22, i32 2, i32 63" [mmult_baseline.cpp:21]   --->   Operation 73 'partselect' 'trunc_ln' <Predicate = (!icmp_ln17)> <Delay = 0.00>
ST_3 : Operation 74 [1/1] (0.00ns)   --->   "%sext_ln21 = sext i62 %trunc_ln" [mmult_baseline.cpp:21]   --->   Operation 74 'sext' 'sext_ln21' <Predicate = (!icmp_ln17)> <Delay = 0.00>
ST_3 : Operation 75 [1/1] (0.00ns)   --->   "%gmem_addr = getelementptr i32 %gmem, i64 %sext_ln21" [mmult_baseline.cpp:21]   --->   Operation 75 'getelementptr' 'gmem_addr' <Predicate = (!icmp_ln17)> <Delay = 0.00>
ST_3 : Operation 76 [1/1] (0.48ns)   --->   "%store_ln15 = store i31 %add_ln15, i31 %i" [mmult_baseline.cpp:15]   --->   Operation 76 'store' 'store_ln15' <Predicate = (icmp_ln17)> <Delay = 0.48>
ST_3 : Operation 77 [1/1] (0.48ns)   --->   "%store_ln15 = store i62 %add_ln15_2, i62 %phi_mul4" [mmult_baseline.cpp:15]   --->   Operation 77 'store' 'store_ln15' <Predicate = (icmp_ln17)> <Delay = 0.48>
ST_3 : Operation 78 [1/1] (0.48ns)   --->   "%store_ln15 = store i62 %add_ln15_1, i62 %phi_mul7" [mmult_baseline.cpp:15]   --->   Operation 78 'store' 'store_ln15' <Predicate = (icmp_ln17)> <Delay = 0.48>
ST_3 : Operation 79 [1/1] (0.00ns)   --->   "%br_ln15 = br void %loop2" [mmult_baseline.cpp:15]   --->   Operation 79 'br' 'br_ln15' <Predicate = (icmp_ln17)> <Delay = 0.00>

State 4 <SV = 3> <Delay = 7.30>
ST_4 : Operation 80 [8/8] (7.30ns)   --->   "%gmem_load_req = readreq i1 @_ssdm_op_ReadReq.m_axi.i32P1A, i64 %gmem_addr, i64 1" [mmult_baseline.cpp:21]   --->   Operation 80 'readreq' 'gmem_load_req' <Predicate = true> <Delay = 7.30> <CoreInst = "m_axi">   --->   Core 119 'm_axi' <Latency = 0> <II = 1> <Delay = 1.00> <Adapter> <Opcode : 'read' 'write' 'readreq' 'writereq' 'writeresp'>

State 5 <SV = 4> <Delay = 7.30>
ST_5 : Operation 81 [7/8] (7.30ns)   --->   "%gmem_load_req = readreq i1 @_ssdm_op_ReadReq.m_axi.i32P1A, i64 %gmem_addr, i64 1" [mmult_baseline.cpp:21]   --->   Operation 81 'readreq' 'gmem_load_req' <Predicate = true> <Delay = 7.30> <CoreInst = "m_axi">   --->   Core 119 'm_axi' <Latency = 0> <II = 1> <Delay = 1.00> <Adapter> <Opcode : 'read' 'write' 'readreq' 'writereq' 'writeresp'>

State 6 <SV = 5> <Delay = 7.30>
ST_6 : Operation 82 [6/8] (7.30ns)   --->   "%gmem_load_req = readreq i1 @_ssdm_op_ReadReq.m_axi.i32P1A, i64 %gmem_addr, i64 1" [mmult_baseline.cpp:21]   --->   Operation 82 'readreq' 'gmem_load_req' <Predicate = true> <Delay = 7.30> <CoreInst = "m_axi">   --->   Core 119 'm_axi' <Latency = 0> <II = 1> <Delay = 1.00> <Adapter> <Opcode : 'read' 'write' 'readreq' 'writereq' 'writeresp'>

State 7 <SV = 6> <Delay = 7.30>
ST_7 : Operation 83 [5/8] (7.30ns)   --->   "%gmem_load_req = readreq i1 @_ssdm_op_ReadReq.m_axi.i32P1A, i64 %gmem_addr, i64 1" [mmult_baseline.cpp:21]   --->   Operation 83 'readreq' 'gmem_load_req' <Predicate = true> <Delay = 7.30> <CoreInst = "m_axi">   --->   Core 119 'm_axi' <Latency = 0> <II = 1> <Delay = 1.00> <Adapter> <Opcode : 'read' 'write' 'readreq' 'writereq' 'writeresp'>

State 8 <SV = 7> <Delay = 7.30>
ST_8 : Operation 84 [4/8] (7.30ns)   --->   "%gmem_load_req = readreq i1 @_ssdm_op_ReadReq.m_axi.i32P1A, i64 %gmem_addr, i64 1" [mmult_baseline.cpp:21]   --->   Operation 84 'readreq' 'gmem_load_req' <Predicate = true> <Delay = 7.30> <CoreInst = "m_axi">   --->   Core 119 'm_axi' <Latency = 0> <II = 1> <Delay = 1.00> <Adapter> <Opcode : 'read' 'write' 'readreq' 'writereq' 'writeresp'>

State 9 <SV = 8> <Delay = 7.30>
ST_9 : Operation 85 [3/8] (7.30ns)   --->   "%gmem_load_req = readreq i1 @_ssdm_op_ReadReq.m_axi.i32P1A, i64 %gmem_addr, i64 1" [mmult_baseline.cpp:21]   --->   Operation 85 'readreq' 'gmem_load_req' <Predicate = true> <Delay = 7.30> <CoreInst = "m_axi">   --->   Core 119 'm_axi' <Latency = 0> <II = 1> <Delay = 1.00> <Adapter> <Opcode : 'read' 'write' 'readreq' 'writereq' 'writeresp'>

State 10 <SV = 9> <Delay = 7.30>
ST_10 : Operation 86 [2/8] (7.30ns)   --->   "%gmem_load_req = readreq i1 @_ssdm_op_ReadReq.m_axi.i32P1A, i64 %gmem_addr, i64 1" [mmult_baseline.cpp:21]   --->   Operation 86 'readreq' 'gmem_load_req' <Predicate = true> <Delay = 7.30> <CoreInst = "m_axi">   --->   Core 119 'm_axi' <Latency = 0> <II = 1> <Delay = 1.00> <Adapter> <Opcode : 'read' 'write' 'readreq' 'writereq' 'writeresp'>

State 11 <SV = 10> <Delay = 7.30>
ST_11 : Operation 87 [1/8] (7.30ns)   --->   "%gmem_load_req = readreq i1 @_ssdm_op_ReadReq.m_axi.i32P1A, i64 %gmem_addr, i64 1" [mmult_baseline.cpp:21]   --->   Operation 87 'readreq' 'gmem_load_req' <Predicate = true> <Delay = 7.30> <CoreInst = "m_axi">   --->   Core 119 'm_axi' <Latency = 0> <II = 1> <Delay = 1.00> <Adapter> <Opcode : 'read' 'write' 'readreq' 'writereq' 'writeresp'>

State 12 <SV = 11> <Delay = 7.30>
ST_12 : Operation 88 [1/1] (7.30ns)   --->   "%gmem_addr_read = read i32 @_ssdm_op_Read.m_axi.i32P1A, i64 %gmem_addr" [mmult_baseline.cpp:21]   --->   Operation 88 'read' 'gmem_addr_read' <Predicate = true> <Delay = 7.30> <CoreInst = "m_axi">   --->   Core 119 'm_axi' <Latency = 0> <II = 1> <Delay = 1.00> <Adapter> <Opcode : 'read' 'write' 'readreq' 'writereq' 'writeresp'>

State 13 <SV = 12> <Delay = 1.69>
ST_13 : Operation 89 [2/2] (1.69ns)   --->   "%call_ln21 = call void @mmult_hw_Pipeline_loop3, i32 %gmem_addr_read, i32 %gmem, i32 %dim_read, i62 %p_cast, i32 %dim_read, i32 %j, i64 %in2_read, i32 %add187_loc" [mmult_baseline.cpp:21]   --->   Operation 89 'call' 'call_ln21' <Predicate = true> <Delay = 1.69> <CoreType = "Generic">   --->   Core 0 '' <Latency = 0> <II = 1> <Delay = 1.00> <Generic> <Opcode : >

State 14 <SV = 13> <Delay = 0.00>
ST_14 : Operation 90 [1/2] (0.00ns)   --->   "%call_ln21 = call void @mmult_hw_Pipeline_loop3, i32 %gmem_addr_read, i32 %gmem, i32 %dim_read, i62 %p_cast, i32 %dim_read, i32 %j, i64 %in2_read, i32 %add187_loc" [mmult_baseline.cpp:21]   --->   Operation 90 'call' 'call_ln21' <Predicate = true> <Delay = 0.00> <CoreType = "Generic">   --->   Core 0 '' <Latency = 0> <II = 1> <Delay = 1.00> <Generic> <Opcode : >

State 15 <SV = 14> <Delay = 7.30>
ST_15 : Operation 91 [1/1] (7.30ns)   --->   "%gmem_addr_req = writereq i1 @_ssdm_op_WriteReq.m_axi.i32P1A, i64 %gmem_addr, i64 1" [mmult_baseline.cpp:21]   --->   Operation 91 'writereq' 'gmem_addr_req' <Predicate = true> <Delay = 7.30> <CoreInst = "m_axi">   --->   Core 119 'm_axi' <Latency = 0> <II = 1> <Delay = 1.00> <Adapter> <Opcode : 'read' 'write' 'readreq' 'writereq' 'writeresp'>

State 16 <SV = 15> <Delay = 7.30>
ST_16 : Operation 92 [1/1] (0.00ns)   --->   "%add187_loc_load = load i32 %add187_loc"   --->   Operation 92 'load' 'add187_loc_load' <Predicate = true> <Delay = 0.00>
ST_16 : Operation 93 [1/1] (7.30ns)   --->   "%write_ln21 = write void @_ssdm_op_Write.m_axi.i32P1A, i64 %gmem_addr, i32 %add187_loc_load, i4 15" [mmult_baseline.cpp:21]   --->   Operation 93 'write' 'write_ln21' <Predicate = true> <Delay = 7.30> <CoreInst = "m_axi">   --->   Core 119 'm_axi' <Latency = 0> <II = 1> <Delay = 1.00> <Adapter> <Opcode : 'read' 'write' 'readreq' 'writereq' 'writeresp'>

State 17 <SV = 16> <Delay = 7.30>
ST_17 : Operation 94 [5/5] (7.30ns)   --->   "%gmem_addr_resp = writeresp i1 @_ssdm_op_WriteResp.m_axi.i32P1A, i64 %gmem_addr" [mmult_baseline.cpp:21]   --->   Operation 94 'writeresp' 'gmem_addr_resp' <Predicate = true> <Delay = 7.30> <CoreInst = "m_axi">   --->   Core 119 'm_axi' <Latency = 0> <II = 1> <Delay = 1.00> <Adapter> <Opcode : 'read' 'write' 'readreq' 'writereq' 'writeresp'>

State 18 <SV = 17> <Delay = 7.30>
ST_18 : Operation 95 [4/5] (7.30ns)   --->   "%gmem_addr_resp = writeresp i1 @_ssdm_op_WriteResp.m_axi.i32P1A, i64 %gmem_addr" [mmult_baseline.cpp:21]   --->   Operation 95 'writeresp' 'gmem_addr_resp' <Predicate = true> <Delay = 7.30> <CoreInst = "m_axi">   --->   Core 119 'm_axi' <Latency = 0> <II = 1> <Delay = 1.00> <Adapter> <Opcode : 'read' 'write' 'readreq' 'writereq' 'writeresp'>

State 19 <SV = 18> <Delay = 7.30>
ST_19 : Operation 96 [3/5] (7.30ns)   --->   "%gmem_addr_resp = writeresp i1 @_ssdm_op_WriteResp.m_axi.i32P1A, i64 %gmem_addr" [mmult_baseline.cpp:21]   --->   Operation 96 'writeresp' 'gmem_addr_resp' <Predicate = true> <Delay = 7.30> <CoreInst = "m_axi">   --->   Core 119 'm_axi' <Latency = 0> <II = 1> <Delay = 1.00> <Adapter> <Opcode : 'read' 'write' 'readreq' 'writereq' 'writeresp'>

State 20 <SV = 19> <Delay = 7.30>
ST_20 : Operation 97 [2/5] (7.30ns)   --->   "%gmem_addr_resp = writeresp i1 @_ssdm_op_WriteResp.m_axi.i32P1A, i64 %gmem_addr" [mmult_baseline.cpp:21]   --->   Operation 97 'writeresp' 'gmem_addr_resp' <Predicate = true> <Delay = 7.30> <CoreInst = "m_axi">   --->   Core 119 'm_axi' <Latency = 0> <II = 1> <Delay = 1.00> <Adapter> <Opcode : 'read' 'write' 'readreq' 'writereq' 'writeresp'>

State 21 <SV = 20> <Delay = 7.30>
ST_21 : Operation 98 [1/1] (0.00ns)   --->   "%speclooptripcount_ln18 = speclooptripcount void @_ssdm_op_SpecLoopTripCount, i64 128, i64 128, i64 128" [mmult_baseline.cpp:18]   --->   Operation 98 'speclooptripcount' 'speclooptripcount_ln18' <Predicate = true> <Delay = 0.00>
ST_21 : Operation 99 [1/1] (0.00ns)   --->   "%specloopname_ln17 = specloopname void @_ssdm_op_SpecLoopName, void @empty_14" [mmult_baseline.cpp:17]   --->   Operation 99 'specloopname' 'specloopname_ln17' <Predicate = true> <Delay = 0.00>
ST_21 : Operation 100 [1/5] (7.30ns)   --->   "%gmem_addr_resp = writeresp i1 @_ssdm_op_WriteResp.m_axi.i32P1A, i64 %gmem_addr" [mmult_baseline.cpp:21]   --->   Operation 100 'writeresp' 'gmem_addr_resp' <Predicate = true> <Delay = 7.30> <CoreInst = "m_axi">   --->   Core 119 'm_axi' <Latency = 0> <II = 1> <Delay = 1.00> <Adapter> <Opcode : 'read' 'write' 'readreq' 'writereq' 'writeresp'>
ST_21 : Operation 101 [1/1] (0.00ns)   --->   "%br_ln17 = br void %loop3" [mmult_baseline.cpp:17]   --->   Operation 101 'br' 'br_ln17' <Predicate = true> <Delay = 0.00>


============================================================
+ Verbose Summary: Binding
============================================================
STG Binding: 
---------------- STG Properties BEGIN ----------------
- Is combinational: 0
- Is one-state seq: 0
- Is datapath-only: 0
- Is pipelined: 0
- Is top level: 1
Port [ Return ] is wired: 1; IO mode=ap_ctrl_hs:ce=0
Port [ gmem]:  wired=1; compound=1; hidden=0; nouse=0; global=0; static=0; extern=0; dir=2; type=4; pingpong=0; private_global=0; IO mode=m_axi:ce=0
Port [ in1]:  wired=1; compound=0; hidden=0; nouse=0; global=0; static=0; extern=0; dir=0; type=0; pingpong=0; private_global=0; IO mode=ap_none:ce=0
Port [ in2]:  wired=1; compound=0; hidden=0; nouse=0; global=0; static=0; extern=0; dir=0; type=0; pingpong=0; private_global=0; IO mode=ap_none:ce=0
Port [ out_r]:  wired=1; compound=0; hidden=0; nouse=0; global=0; static=0; extern=0; dir=0; type=0; pingpong=0; private_global=0; IO mode=ap_none:ce=0
Port [ dim]:  wired=1; compound=0; hidden=0; nouse=0; global=0; static=0; extern=0; dir=0; type=0; pingpong=0; private_global=0; IO mode=ap_none:ce=0
---------------- STG Properties END ------------------

---------------- Datapath Model BEGIN ----------------

<LifeTime>
<method=bitvector/>
phi_mul7               (alloca           ) [ 0111111111111111111111]
phi_mul4               (alloca           ) [ 0111111111111111111111]
i                      (alloca           ) [ 0111111111111111111111]
dim_read               (read             ) [ 0011111111111111111111]
out_r_read             (read             ) [ 0011111111111111111111]
in2_read               (read             ) [ 0011111111111111111111]
in1_read               (read             ) [ 0011111111111111111111]
add187_loc             (alloca           ) [ 0011111111111111111111]
spectopmodule_ln7      (spectopmodule    ) [ 0000000000000000000000]
specinterface_ln0      (specinterface    ) [ 0000000000000000000000]
specbitsmap_ln0        (specbitsmap      ) [ 0000000000000000000000]
specinterface_ln0      (specinterface    ) [ 0000000000000000000000]
specinterface_ln0      (specinterface    ) [ 0000000000000000000000]
specinterface_ln0      (specinterface    ) [ 0000000000000000000000]
specinterface_ln0      (specinterface    ) [ 0000000000000000000000]
specinterface_ln0      (specinterface    ) [ 0000000000000000000000]
specinterface_ln0      (specinterface    ) [ 0000000000000000000000]
specbitsmap_ln0        (specbitsmap      ) [ 0000000000000000000000]
specinterface_ln0      (specinterface    ) [ 0000000000000000000000]
specinterface_ln0      (specinterface    ) [ 0000000000000000000000]
specinterface_ln0      (specinterface    ) [ 0000000000000000000000]
dim_cast               (sext             ) [ 0011111111111111111111]
dim_cast3              (zext             ) [ 0011111111111111111111]
store_ln15             (store            ) [ 0000000000000000000000]
store_ln0              (store            ) [ 0000000000000000000000]
store_ln0              (store            ) [ 0000000000000000000000]
br_ln15                (br               ) [ 0000000000000000000000]
phi_mul7_load          (load             ) [ 0001111111111111111111]
phi_mul4_load          (load             ) [ 0000000000000000000000]
i_1                    (load             ) [ 0000000000000000000000]
add_ln15_1             (add              ) [ 0001111111111111111111]
add_ln15_2             (add              ) [ 0001111111111111111111]
zext_ln15              (zext             ) [ 0000000000000000000000]
icmp_ln15              (icmp             ) [ 0011111111111111111111]
add_ln15               (add              ) [ 0001111111111111111111]
br_ln15                (br               ) [ 0000000000000000000000]
speclooptripcount_ln16 (speclooptripcount) [ 0000000000000000000000]
specloopname_ln15      (specloopname     ) [ 0000000000000000000000]
tmp                    (bitconcatenate   ) [ 0000000000000000000000]
empty                  (add              ) [ 0000000000000000000000]
p_cast                 (partselect       ) [ 0001111111111111111111]
br_ln17                (br               ) [ 0011111111111111111111]
ret_ln25               (ret              ) [ 0000000000000000000000]
j                      (phi              ) [ 0001111111111110000000]
icmp_ln17              (icmp             ) [ 0011111111111111111111]
add_ln17               (add              ) [ 0011111111111111111111]
br_ln17                (br               ) [ 0000000000000000000000]
zext_ln17              (zext             ) [ 0000000000000000000000]
empty_21               (add              ) [ 0000000000000000000000]
tmp_1                  (bitconcatenate   ) [ 0000000000000000000000]
empty_22               (add              ) [ 0000000000000000000000]
trunc_ln               (partselect       ) [ 0000000000000000000000]
sext_ln21              (sext             ) [ 0000000000000000000000]
gmem_addr              (getelementptr    ) [ 0000111111111111111111]
store_ln15             (store            ) [ 0000000000000000000000]
store_ln15             (store            ) [ 0000000000000000000000]
store_ln15             (store            ) [ 0000000000000000000000]
br_ln15                (br               ) [ 0000000000000000000000]
gmem_load_req          (readreq          ) [ 0000000000000000000000]
gmem_addr_read         (read             ) [ 0000000000000110000000]
call_ln21              (call             ) [ 0000000000000000000000]
gmem_addr_req          (writereq         ) [ 0000000000000000000000]
add187_loc_load        (load             ) [ 0000000000000000000000]
write_ln21             (write            ) [ 0000000000000000000000]
speclooptripcount_ln18 (speclooptripcount) [ 0000000000000000000000]
specloopname_ln17      (specloopname     ) [ 0000000000000000000000]
gmem_addr_resp         (writeresp        ) [ 0000000000000000000000]
br_ln17                (br               ) [ 0011111111111111111111]
</LifeTime>

<model>

<comp_list>
<comp id="0" class="1000" name="gmem">
<pin_list>
<pin id="1" dir="1" index="0" bw="1" slack="0"/>
</pin_list>
<bind>
<StgValue><ssdm name="gmem"/></StgValue>
</bind>
</comp>

<comp id="2" class="1000" name="in1">
<pin_list>
<pin id="3" dir="1" index="0" bw="1" slack="0"/>
</pin_list>
<bind>
<StgValue><ssdm name="in1"/></StgValue>
</bind>
</comp>

<comp id="4" class="1000" name="in2">
<pin_list>
<pin id="5" dir="1" index="0" bw="1" slack="0"/>
</pin_list>
<bind>
<StgValue><ssdm name="in2"/></StgValue>
</bind>
</comp>

<comp id="6" class="1000" name="out_r">
<pin_list>
<pin id="7" dir="1" index="0" bw="1" slack="0"/>
</pin_list>
<bind>
<StgValue><ssdm name="out_r"/></StgValue>
</bind>
</comp>

<comp id="8" class="1000" name="dim">
<pin_list>
<pin id="9" dir="1" index="0" bw="1" slack="0"/>
</pin_list>
<bind>
<StgValue><ssdm name="dim"/></StgValue>
</bind>
</comp>

<comp id="10" class="1001" name="const_10">
<pin_list>
<pin id="11" dir="1" index="0" bw="1" slack="0"/>
</pin_list>
<bind>
<StgValue><ssdm name=""/></StgValue>
</bind>
</comp>

<comp id="12" class="1001" name="const_12">
<pin_list>
<pin id="13" dir="1" index="0" bw="1" slack="0"/>
</pin_list>
<bind>
<StgValue><ssdm name="_ssdm_op_Read.s_axilite.i32"/></StgValue>
</bind>
</comp>

<comp id="14" class="1001" name="const_14">
<pin_list>
<pin id="15" dir="1" index="0" bw="1" slack="0"/>
</pin_list>
<bind>
<StgValue><ssdm name="_ssdm_op_Read.s_axilite.i64"/></StgValue>
</bind>
</comp>

<comp id="16" class="1001" name="const_16">
<pin_list>
<pin id="17" dir="1" index="0" bw="1" slack="0"/>
</pin_list>
<bind>
<StgValue><ssdm name=""/></StgValue>
</bind>
</comp>

<comp id="18" class="1001" name="const_18">
<pin_list>
<pin id="19" dir="1" index="0" bw="1" slack="2147483647"/>
</pin_list>
<bind>
<StgValue><ssdm name="_ssdm_op_SpecTopModule"/></StgValue>
</bind>
</comp>

<comp id="20" class="1001" name="const_20">
<pin_list>
<pin id="21" dir="1" index="0" bw="1" slack="2147483647"/>
</pin_list>
<bind>
<StgValue><ssdm name="empty_12"/></StgValue>
</bind>
</comp>

<comp id="22" class="1001" name="const_22">
<pin_list>
<pin id="23" dir="1" index="0" bw="1" slack="2147483647"/>
</pin_list>
<bind>
<StgValue><ssdm name="_ssdm_op_SpecInterface"/></StgValue>
</bind>
</comp>

<comp id="24" class="1001" name="const_24">
<pin_list>
<pin id="25" dir="1" index="0" bw="1" slack="2147483647"/>
</pin_list>
<bind>
<StgValue><ssdm name="empty"/></StgValue>
</bind>
</comp>

<comp id="26" class="1001" name="const_26">
<pin_list>
<pin id="27" dir="1" index="0" bw="1" slack="1"/>
</pin_list>
<bind>
<StgValue><ssdm name=""/></StgValue>
</bind>
</comp>

<comp id="28" class="1001" name="const_28">
<pin_list>
<pin id="29" dir="1" index="0" bw="1" slack="2147483647"/>
</pin_list>
<bind>
<StgValue><ssdm name="empty_0"/></StgValue>
</bind>
</comp>

<comp id="30" class="1001" name="const_30">
<pin_list>
<pin id="31" dir="1" index="0" bw="1" slack="2147483647"/>
</pin_list>
<bind>
<StgValue><ssdm name=""/></StgValue>
</bind>
</comp>

<comp id="32" class="1001" name="const_32">
<pin_list>
<pin id="33" dir="1" index="0" bw="1" slack="2147483647"/>
</pin_list>
<bind>
<StgValue><ssdm name="empty_1"/></StgValue>
</bind>
</comp>

<comp id="34" class="1001" name="const_34">
<pin_list>
<pin id="35" dir="1" index="0" bw="1" slack="2147483647"/>
</pin_list>
<bind>
<StgValue><ssdm name="empty_2"/></StgValue>
</bind>
</comp>

<comp id="36" class="1001" name="const_36">
<pin_list>
<pin id="37" dir="1" index="0" bw="1" slack="2147483647"/>
</pin_list>
<bind>
<StgValue><ssdm name=""/></StgValue>
</bind>
</comp>

<comp id="38" class="1001" name="const_38">
<pin_list>
<pin id="39" dir="1" index="0" bw="1" slack="2147483647"/>
</pin_list>
<bind>
<StgValue><ssdm name=""/></StgValue>
</bind>
</comp>

<comp id="40" class="1001" name="const_40">
<pin_list>
<pin id="41" dir="1" index="0" bw="1" slack="2147483647"/>
</pin_list>
<bind>
<StgValue><ssdm name="_ssdm_op_SpecBitsMap"/></StgValue>
</bind>
</comp>

<comp id="42" class="1001" name="const_42">
<pin_list>
<pin id="43" dir="1" index="0" bw="1" slack="2147483647"/>
</pin_list>
<bind>
<StgValue><ssdm name="empty_3"/></StgValue>
</bind>
</comp>

<comp id="44" class="1001" name="const_44">
<pin_list>
<pin id="45" dir="1" index="0" bw="1" slack="2147483647"/>
</pin_list>
<bind>
<StgValue><ssdm name="empty_4"/></StgValue>
</bind>
</comp>

<comp id="46" class="1001" name="const_46">
<pin_list>
<pin id="47" dir="1" index="0" bw="1" slack="2147483647"/>
</pin_list>
<bind>
<StgValue><ssdm name="empty_5"/></StgValue>
</bind>
</comp>

<comp id="48" class="1001" name="const_48">
<pin_list>
<pin id="49" dir="1" index="0" bw="1" slack="2147483647"/>
</pin_list>
<bind>
<StgValue><ssdm name="empty_6"/></StgValue>
</bind>
</comp>

<comp id="50" class="1001" name="const_50">
<pin_list>
<pin id="51" dir="1" index="0" bw="1" slack="2147483647"/>
</pin_list>
<bind>
<StgValue><ssdm name="empty_7"/></StgValue>
</bind>
</comp>

<comp id="52" class="1001" name="const_52">
<pin_list>
<pin id="53" dir="1" index="0" bw="1" slack="2147483647"/>
</pin_list>
<bind>
<StgValue><ssdm name="empty_8"/></StgValue>
</bind>
</comp>

<comp id="54" class="1001" name="const_54">
<pin_list>
<pin id="55" dir="1" index="0" bw="1" slack="2147483647"/>
</pin_list>
<bind>
<StgValue><ssdm name="empty_9"/></StgValue>
</bind>
</comp>

<comp id="56" class="1001" name="const_56">
<pin_list>
<pin id="57" dir="1" index="0" bw="1" slack="2147483647"/>
</pin_list>
<bind>
<StgValue><ssdm name="empty_10"/></StgValue>
</bind>
</comp>

<comp id="58" class="1001" name="const_58">
<pin_list>
<pin id="59" dir="1" index="0" bw="1" slack="2147483647"/>
</pin_list>
<bind>
<StgValue><ssdm name="empty_11"/></StgValue>
</bind>
</comp>

<comp id="60" class="1001" name="const_60">
<pin_list>
<pin id="61" dir="1" index="0" bw="1" slack="0"/>
</pin_list>
<bind>
<StgValue><ssdm name=""/></StgValue>
</bind>
</comp>

<comp id="62" class="1001" name="const_62">
<pin_list>
<pin id="63" dir="1" index="0" bw="1" slack="0"/>
</pin_list>
<bind>
<StgValue><ssdm name=""/></StgValue>
</bind>
</comp>

<comp id="64" class="1001" name="const_64">
<pin_list>
<pin id="65" dir="1" index="0" bw="1" slack="0"/>
</pin_list>
<bind>
<StgValue><ssdm name=""/></StgValue>
</bind>
</comp>

<comp id="66" class="1001" name="const_66">
<pin_list>
<pin id="67" dir="1" index="0" bw="1" slack="2147483647"/>
</pin_list>
<bind>
<StgValue><ssdm name="_ssdm_op_SpecLoopTripCount"/></StgValue>
</bind>
</comp>

<comp id="68" class="1001" name="const_68">
<pin_list>
<pin id="69" dir="1" index="0" bw="1" slack="2147483647"/>
</pin_list>
<bind>
<StgValue><ssdm name=""/></StgValue>
</bind>
</comp>

<comp id="70" class="1001" name="const_70">
<pin_list>
<pin id="71" dir="1" index="0" bw="1" slack="2147483647"/>
</pin_list>
<bind>
<StgValue><ssdm name="_ssdm_op_SpecLoopName"/></StgValue>
</bind>
</comp>

<comp id="72" class="1001" name="const_72">
<pin_list>
<pin id="73" dir="1" index="0" bw="1" slack="2147483647"/>
</pin_list>
<bind>
<StgValue><ssdm name="empty_15"/></StgValue>
</bind>
</comp>

<comp id="74" class="1001" name="const_74">
<pin_list>
<pin id="75" dir="1" index="0" bw="1" slack="0"/>
</pin_list>
<bind>
<StgValue><ssdm name="_ssdm_op_BitConcatenate.i64.i62.i2"/></StgValue>
</bind>
</comp>

<comp id="76" class="1001" name="const_76">
<pin_list>
<pin id="77" dir="1" index="0" bw="1" slack="0"/>
</pin_list>
<bind>
<StgValue><ssdm name=""/></StgValue>
</bind>
</comp>

<comp id="78" class="1001" name="const_78">
<pin_list>
<pin id="79" dir="1" index="0" bw="1" slack="0"/>
</pin_list>
<bind>
<StgValue><ssdm name="_ssdm_op_PartSelect.i62.i64.i32.i32"/></StgValue>
</bind>
</comp>

<comp id="80" class="1001" name="const_80">
<pin_list>
<pin id="81" dir="1" index="0" bw="1" slack="0"/>
</pin_list>
<bind>
<StgValue><ssdm name=""/></StgValue>
</bind>
</comp>

<comp id="82" class="1001" name="const_82">
<pin_list>
<pin id="83" dir="1" index="0" bw="1" slack="0"/>
</pin_list>
<bind>
<StgValue><ssdm name=""/></StgValue>
</bind>
</comp>

<comp id="84" class="1001" name="const_84">
<pin_list>
<pin id="85" dir="1" index="0" bw="1" slack="0"/>
</pin_list>
<bind>
<StgValue><ssdm name="_ssdm_op_ReadReq.m_axi.i32P1A"/></StgValue>
</bind>
</comp>

<comp id="86" class="1001" name="const_86">
<pin_list>
<pin id="87" dir="1" index="0" bw="1" slack="0"/>
</pin_list>
<bind>
<StgValue><ssdm name="_ssdm_op_Read.m_axi.i32P1A"/></StgValue>
</bind>
</comp>

<comp id="88" class="1001" name="const_88">
<pin_list>
<pin id="89" dir="1" index="0" bw="1" slack="0"/>
</pin_list>
<bind>
<StgValue><ssdm name="mmult_hw_Pipeline_loop3"/></StgValue>
</bind>
</comp>

<comp id="90" class="1001" name="const_90">
<pin_list>
<pin id="91" dir="1" index="0" bw="1" slack="0"/>
</pin_list>
<bind>
<StgValue><ssdm name="_ssdm_op_WriteReq.m_axi.i32P1A"/></StgValue>
</bind>
</comp>

<comp id="92" class="1001" name="const_92">
<pin_list>
<pin id="93" dir="1" index="0" bw="1" slack="0"/>
</pin_list>
<bind>
<StgValue><ssdm name="_ssdm_op_Write.m_axi.i32P1A"/></StgValue>
</bind>
</comp>

<comp id="94" class="1001" name="const_94">
<pin_list>
<pin id="95" dir="1" index="0" bw="1" slack="0"/>
</pin_list>
<bind>
<StgValue><ssdm name=""/></StgValue>
</bind>
</comp>

<comp id="96" class="1001" name="const_96">
<pin_list>
<pin id="97" dir="1" index="0" bw="1" slack="0"/>
</pin_list>
<bind>
<StgValue><ssdm name="_ssdm_op_WriteResp.m_axi.i32P1A"/></StgValue>
</bind>
</comp>

<comp id="98" class="1001" name="const_98">
<pin_list>
<pin id="99" dir="1" index="0" bw="1" slack="2147483647"/>
</pin_list>
<bind>
<StgValue><ssdm name="empty_14"/></StgValue>
</bind>
</comp>

<comp id="100" class="1004" name="phi_mul7_fu_100">
<pin_list>
<pin id="101" dir="0" index="0" bw="1" slack="0"/>
<pin id="102" dir="1" index="1" bw="62" slack="0"/>
</pin_list>
<bind>
<opcode="alloca(26) " fcode="alloca"/>
<opset="phi_mul7/1 "/>
</bind>
</comp>

<comp id="104" class="1004" name="phi_mul4_fu_104">
<pin_list>
<pin id="105" dir="0" index="0" bw="1" slack="0"/>
<pin id="106" dir="1" index="1" bw="62" slack="0"/>
</pin_list>
<bind>
<opcode="alloca(26) " fcode="alloca"/>
<opset="phi_mul4/1 "/>
</bind>
</comp>

<comp id="108" class="1004" name="i_fu_108">
<pin_list>
<pin id="109" dir="0" index="0" bw="1" slack="0"/>
<pin id="110" dir="1" index="1" bw="31" slack="0"/>
</pin_list>
<bind>
<opcode="alloca(26) " fcode="alloca"/>
<opset="i/1 "/>
</bind>
</comp>

<comp id="112" class="1004" name="add187_loc_fu_112">
<pin_list>
<pin id="113" dir="0" index="0" bw="1" slack="0"/>
<pin id="114" dir="1" index="1" bw="32" slack="12"/>
</pin_list>
<bind>
<opcode="alloca(26) " fcode="alloca"/>
<opset="add187_loc/1 "/>
</bind>
</comp>

<comp id="116" class="1004" name="dim_read_read_fu_116">
<pin_list>
<pin id="117" dir="0" index="0" bw="32" slack="0"/>
<pin id="118" dir="0" index="1" bw="32" slack="0"/>
<pin id="119" dir="1" index="2" bw="32" slack="0"/>
</pin_list>
<bind>
<opcode="read(1150) " fcode="read"/>
<opset="dim_read/1 "/>
</bind>
</comp>

<comp id="122" class="1004" name="out_r_read_read_fu_122">
<pin_list>
<pin id="123" dir="0" index="0" bw="64" slack="0"/>
<pin id="124" dir="0" index="1" bw="64" slack="0"/>
<pin id="125" dir="1" index="2" bw="64" slack="2"/>
</pin_list>
<bind>
<opcode="read(1150) " fcode="read"/>
<opset="out_r_read/1 "/>
</bind>
</comp>

<comp id="128" class="1004" name="in2_read_read_fu_128">
<pin_list>
<pin id="129" dir="0" index="0" bw="64" slack="0"/>
<pin id="130" dir="0" index="1" bw="64" slack="0"/>
<pin id="131" dir="1" index="2" bw="64" slack="12"/>
</pin_list>
<bind>
<opcode="read(1150) " fcode="read"/>
<opset="in2_read/1 "/>
</bind>
</comp>

<comp id="134" class="1004" name="in1_read_read_fu_134">
<pin_list>
<pin id="135" dir="0" index="0" bw="64" slack="0"/>
<pin id="136" dir="0" index="1" bw="64" slack="0"/>
<pin id="137" dir="1" index="2" bw="64" slack="1"/>
</pin_list>
<bind>
<opcode="read(1150) " fcode="read"/>
<opset="in1_read/1 "/>
</bind>
</comp>

<comp id="140" class="1004" name="grp_writeresp_fu_140">
<pin_list>
<pin id="141" dir="0" index="0" bw="1" slack="0"/>
<pin id="142" dir="0" index="1" bw="32" slack="1"/>
<pin id="143" dir="0" index="2" bw="1" slack="0"/>
<pin id="144" dir="1" index="3" bw="1" slack="2147483647"/>
</pin_list>
<bind>
<opcode="readreq(1154) writereq(1155) writeresp(1158) " fcode="writeresp"/>
<opset="gmem_load_req/4 gmem_addr_req/15 gmem_addr_resp/17 "/>
</bind>
</comp>

<comp id="147" class="1004" name="gmem_addr_read_read_fu_147">
<pin_list>
<pin id="148" dir="0" index="0" bw="32" slack="0"/>
<pin id="149" dir="0" index="1" bw="32" slack="9"/>
<pin id="150" dir="1" index="2" bw="32" slack="1"/>
</pin_list>
<bind>
<opcode="read(1150) " fcode="read"/>
<opset="gmem_addr_read/12 "/>
</bind>
</comp>

<comp id="153" class="1004" name="write_ln21_write_fu_153">
<pin_list>
<pin id="154" dir="0" index="0" bw="0" slack="0"/>
<pin id="155" dir="0" index="1" bw="32" slack="13"/>
<pin id="156" dir="0" index="2" bw="32" slack="0"/>
<pin id="157" dir="0" index="3" bw="1" slack="0"/>
<pin id="158" dir="1" index="4" bw="0" slack="2147483647"/>
</pin_list>
<bind>
<opcode="write(1151) " fcode="write"/>
<opset="write_ln21/16 "/>
</bind>
</comp>

<comp id="162" class="1005" name="j_reg_162">
<pin_list>
<pin id="163" dir="0" index="0" bw="32" slack="1"/>
<pin id="164" dir="1" index="1" bw="32" slack="1"/>
</pin_list>
<bind>
<opset="j (phireg) "/>
</bind>
</comp>

<comp id="166" class="1004" name="j_phi_fu_166">
<pin_list>
<pin id="167" dir="0" index="0" bw="1" slack="1"/>
<pin id="168" dir="0" index="1" bw="0" slack="2147483647"/>
<pin id="169" dir="0" index="2" bw="32" slack="0"/>
<pin id="170" dir="0" index="3" bw="0" slack="2147483647"/>
<pin id="171" dir="1" index="4" bw="32" slack="0"/>
</pin_list>
<bind>
<opcode="phi(47) " fcode="phi"/>
<opset="j/3 "/>
</bind>
</comp>

<comp id="174" class="1004" name="grp_mmult_hw_Pipeline_loop3_fu_174">
<pin_list>
<pin id="175" dir="0" index="0" bw="0" slack="0"/>
<pin id="176" dir="0" index="1" bw="32" slack="1"/>
<pin id="177" dir="0" index="2" bw="32" slack="0"/>
<pin id="178" dir="0" index="3" bw="32" slack="12"/>
<pin id="179" dir="0" index="4" bw="62" slack="11"/>
<pin id="180" dir="0" index="5" bw="32" slack="12"/>
<pin id="181" dir="0" index="6" bw="32" slack="10"/>
<pin id="182" dir="0" index="7" bw="64" slack="12"/>
<pin id="183" dir="0" index="8" bw="32" slack="12"/>
<pin id="184" dir="1" index="9" bw="0" slack="2147483647"/>
</pin_list>
<bind>
<opcode="call(48) " fcode="call"/>
<opset="call_ln21/13 "/>
</bind>
</comp>

<comp id="188" class="1004" name="dim_cast_fu_188">
<pin_list>
<pin id="189" dir="0" index="0" bw="32" slack="0"/>
<pin id="190" dir="1" index="1" bw="62" slack="1"/>
</pin_list>
<bind>
<opcode="sext(35) " fcode="sext"/>
<opset="dim_cast/1 "/>
</bind>
</comp>

<comp id="192" class="1004" name="dim_cast3_fu_192">
<pin_list>
<pin id="193" dir="0" index="0" bw="32" slack="0"/>
<pin id="194" dir="1" index="1" bw="62" slack="1"/>
</pin_list>
<bind>
<opcode="zext(34) " fcode="zext"/>
<opset="dim_cast3/1 "/>
</bind>
</comp>

<comp id="196" class="1004" name="store_ln15_store_fu_196">
<pin_list>
<pin id="197" dir="0" index="0" bw="1" slack="0"/>
<pin id="198" dir="0" index="1" bw="31" slack="0"/>
<pin id="199" dir="1" index="2" bw="0" slack="2147483647"/>
</pin_list>
<bind>
<opcode="store(28) " fcode="store"/>
<opset="store_ln15/1 "/>
</bind>
</comp>

<comp id="201" class="1004" name="store_ln0_store_fu_201">
<pin_list>
<pin id="202" dir="0" index="0" bw="1" slack="0"/>
<pin id="203" dir="0" index="1" bw="62" slack="0"/>
<pin id="204" dir="1" index="2" bw="0" slack="2147483647"/>
</pin_list>
<bind>
<opcode="store(28) " fcode="store"/>
<opset="store_ln0/1 "/>
</bind>
</comp>

<comp id="206" class="1004" name="store_ln0_store_fu_206">
<pin_list>
<pin id="207" dir="0" index="0" bw="1" slack="0"/>
<pin id="208" dir="0" index="1" bw="62" slack="0"/>
<pin id="209" dir="1" index="2" bw="0" slack="2147483647"/>
</pin_list>
<bind>
<opcode="store(28) " fcode="store"/>
<opset="store_ln0/1 "/>
</bind>
</comp>

<comp id="211" class="1004" name="phi_mul7_load_load_fu_211">
<pin_list>
<pin id="212" dir="0" index="0" bw="62" slack="1"/>
<pin id="213" dir="1" index="1" bw="62" slack="0"/>
</pin_list>
<bind>
<opcode="load(27) " fcode="load"/>
<opset="phi_mul7_load/2 "/>
</bind>
</comp>

<comp id="214" class="1004" name="phi_mul4_load_load_fu_214">
<pin_list>
<pin id="215" dir="0" index="0" bw="62" slack="1"/>
<pin id="216" dir="1" index="1" bw="62" slack="0"/>
</pin_list>
<bind>
<opcode="load(27) " fcode="load"/>
<opset="phi_mul4_load/2 "/>
</bind>
</comp>

<comp id="217" class="1004" name="i_1_load_fu_217">
<pin_list>
<pin id="218" dir="0" index="0" bw="31" slack="1"/>
<pin id="219" dir="1" index="1" bw="31" slack="0"/>
</pin_list>
<bind>
<opcode="load(27) " fcode="load"/>
<opset="i_1/2 "/>
</bind>
</comp>

<comp id="220" class="1004" name="add_ln15_1_fu_220">
<pin_list>
<pin id="221" dir="0" index="0" bw="62" slack="0"/>
<pin id="222" dir="0" index="1" bw="32" slack="1"/>
<pin id="223" dir="1" index="2" bw="62" slack="1"/>
</pin_list>
<bind>
<opcode="add(8) " fcode="add"/>
<opset="add_ln15_1/2 "/>
</bind>
</comp>

<comp id="225" class="1004" name="add_ln15_2_fu_225">
<pin_list>
<pin id="226" dir="0" index="0" bw="62" slack="0"/>
<pin id="227" dir="0" index="1" bw="32" slack="1"/>
<pin id="228" dir="1" index="2" bw="62" slack="1"/>
</pin_list>
<bind>
<opcode="add(8) " fcode="add"/>
<opset="add_ln15_2/2 "/>
</bind>
</comp>

<comp id="230" class="1004" name="zext_ln15_fu_230">
<pin_list>
<pin id="231" dir="0" index="0" bw="31" slack="0"/>
<pin id="232" dir="1" index="1" bw="32" slack="0"/>
</pin_list>
<bind>
<opcode="zext(34) " fcode="zext"/>
<opset="zext_ln15/2 "/>
</bind>
</comp>

<comp id="234" class="1004" name="icmp_ln15_fu_234">
<pin_list>
<pin id="235" dir="0" index="0" bw="32" slack="0"/>
<pin id="236" dir="0" index="1" bw="32" slack="1"/>
<pin id="237" dir="1" index="2" bw="1" slack="2147483647"/>
</pin_list>
<bind>
<opcode="icmp(45) " fcode="icmp"/>
<opset="icmp_ln15/2 "/>
</bind>
</comp>

<comp id="239" class="1004" name="add_ln15_fu_239">
<pin_list>
<pin id="240" dir="0" index="0" bw="31" slack="0"/>
<pin id="241" dir="0" index="1" bw="1" slack="0"/>
<pin id="242" dir="1" index="2" bw="31" slack="1"/>
</pin_list>
<bind>
<opcode="add(8) " fcode="add"/>
<opset="add_ln15/2 "/>
</bind>
</comp>

<comp id="245" class="1004" name="tmp_fu_245">
<pin_list>
<pin id="246" dir="0" index="0" bw="64" slack="0"/>
<pin id="247" dir="0" index="1" bw="62" slack="0"/>
<pin id="248" dir="0" index="2" bw="1" slack="0"/>
<pin id="249" dir="1" index="3" bw="64" slack="0"/>
</pin_list>
<bind>
<opcode="bitconcatenate(1004) " fcode="bitconcatenate"/>
<opset="tmp/2 "/>
</bind>
</comp>

<comp id="253" class="1004" name="empty_fu_253">
<pin_list>
<pin id="254" dir="0" index="0" bw="64" slack="0"/>
<pin id="255" dir="0" index="1" bw="64" slack="1"/>
<pin id="256" dir="1" index="2" bw="64" slack="0"/>
</pin_list>
<bind>
<opcode="add(8) " fcode="add"/>
<opset="empty/2 "/>
</bind>
</comp>

<comp id="258" class="1004" name="p_cast_fu_258">
<pin_list>
<pin id="259" dir="0" index="0" bw="62" slack="0"/>
<pin id="260" dir="0" index="1" bw="64" slack="0"/>
<pin id="261" dir="0" index="2" bw="3" slack="0"/>
<pin id="262" dir="0" index="3" bw="7" slack="0"/>
<pin id="263" dir="1" index="4" bw="62" slack="11"/>
</pin_list>
<bind>
<opcode="partselect(1002) " fcode="partselect"/>
<opset="p_cast/2 "/>
</bind>
</comp>

<comp id="268" class="1004" name="icmp_ln17_fu_268">
<pin_list>
<pin id="269" dir="0" index="0" bw="32" slack="0"/>
<pin id="270" dir="0" index="1" bw="32" slack="2"/>
<pin id="271" dir="1" index="2" bw="1" slack="2147483647"/>
</pin_list>
<bind>
<opcode="icmp(45) " fcode="icmp"/>
<opset="icmp_ln17/3 "/>
</bind>
</comp>

<comp id="273" class="1004" name="add_ln17_fu_273">
<pin_list>
<pin id="274" dir="0" index="0" bw="32" slack="0"/>
<pin id="275" dir="0" index="1" bw="1" slack="0"/>
<pin id="276" dir="1" index="2" bw="32" slack="0"/>
</pin_list>
<bind>
<opcode="add(8) " fcode="add"/>
<opset="add_ln17/3 "/>
</bind>
</comp>

<comp id="279" class="1004" name="zext_ln17_fu_279">
<pin_list>
<pin id="280" dir="0" index="0" bw="32" slack="0"/>
<pin id="281" dir="1" index="1" bw="62" slack="0"/>
</pin_list>
<bind>
<opcode="zext(34) " fcode="zext"/>
<opset="zext_ln17/3 "/>
</bind>
</comp>

<comp id="283" class="1004" name="empty_21_fu_283">
<pin_list>
<pin id="284" dir="0" index="0" bw="32" slack="0"/>
<pin id="285" dir="0" index="1" bw="62" slack="2147483647"/>
<pin id="286" dir="1" index="2" bw="62" slack="0"/>
</pin_list>
<bind>
<opcode="add(8) " fcode="add"/>
<opset="empty_21/3 "/>
</bind>
</comp>

<comp id="288" class="1004" name="tmp_1_fu_288">
<pin_list>
<pin id="289" dir="0" index="0" bw="64" slack="0"/>
<pin id="290" dir="0" index="1" bw="62" slack="0"/>
<pin id="291" dir="0" index="2" bw="1" slack="0"/>
<pin id="292" dir="1" index="3" bw="64" slack="0"/>
</pin_list>
<bind>
<opcode="bitconcatenate(1004) " fcode="bitconcatenate"/>
<opset="tmp_1/3 "/>
</bind>
</comp>

<comp id="296" class="1004" name="empty_22_fu_296">
<pin_list>
<pin id="297" dir="0" index="0" bw="64" slack="0"/>
<pin id="298" dir="0" index="1" bw="64" slack="2"/>
<pin id="299" dir="1" index="2" bw="64" slack="0"/>
</pin_list>
<bind>
<opcode="add(8) " fcode="add"/>
<opset="empty_22/3 "/>
</bind>
</comp>

<comp id="301" class="1004" name="trunc_ln_fu_301">
<pin_list>
<pin id="302" dir="0" index="0" bw="62" slack="0"/>
<pin id="303" dir="0" index="1" bw="64" slack="0"/>
<pin id="304" dir="0" index="2" bw="3" slack="0"/>
<pin id="305" dir="0" index="3" bw="7" slack="0"/>
<pin id="306" dir="1" index="4" bw="62" slack="0"/>
</pin_list>
<bind>
<opcode="partselect(1002) " fcode="partselect"/>
<opset="trunc_ln/3 "/>
</bind>
</comp>

<comp id="311" class="1004" name="sext_ln21_fu_311">
<pin_list>
<pin id="312" dir="0" index="0" bw="62" slack="0"/>
<pin id="313" dir="1" index="1" bw="64" slack="0"/>
</pin_list>
<bind>
<opcode="sext(35) " fcode="sext"/>
<opset="sext_ln21/3 "/>
</bind>
</comp>

<comp id="315" class="1004" name="gmem_addr_fu_315">
<pin_list>
<pin id="316" dir="0" index="0" bw="64" slack="0"/>
<pin id="317" dir="0" index="1" bw="64" slack="0"/>
<pin id="318" dir="1" index="2" bw="64" slack="1"/>
</pin_list>
<bind>
<opcode="getelementptr(29) " fcode="getelementptr"/>
<opset="gmem_addr/3 "/>
</bind>
</comp>

<comp id="321" class="1004" name="store_ln15_store_fu_321">
<pin_list>
<pin id="322" dir="0" index="0" bw="31" slack="1"/>
<pin id="323" dir="0" index="1" bw="31" slack="2"/>
<pin id="324" dir="1" index="2" bw="0" slack="2147483647"/>
</pin_list>
<bind>
<opcode="store(28) " fcode="store"/>
<opset="store_ln15/3 "/>
</bind>
</comp>

<comp id="325" class="1004" name="store_ln15_store_fu_325">
<pin_list>
<pin id="326" dir="0" index="0" bw="62" slack="1"/>
<pin id="327" dir="0" index="1" bw="62" slack="2"/>
<pin id="328" dir="1" index="2" bw="0" slack="2147483647"/>
</pin_list>
<bind>
<opcode="store(28) " fcode="store"/>
<opset="store_ln15/3 "/>
</bind>
</comp>

<comp id="329" class="1004" name="store_ln15_store_fu_329">
<pin_list>
<pin id="330" dir="0" index="0" bw="62" slack="1"/>
<pin id="331" dir="0" index="1" bw="62" slack="2"/>
<pin id="332" dir="1" index="2" bw="0" slack="2147483647"/>
</pin_list>
<bind>
<opcode="store(28) " fcode="store"/>
<opset="store_ln15/3 "/>
</bind>
</comp>

<comp id="333" class="1004" name="add187_loc_load_load_fu_333">
<pin_list>
<pin id="334" dir="0" index="0" bw="32" slack="15"/>
<pin id="335" dir="1" index="1" bw="32" slack="0"/>
</pin_list>
<bind>
<opcode="load(27) " fcode="load"/>
<opset="add187_loc_load/16 "/>
</bind>
</comp>

<comp id="337" class="1005" name="phi_mul7_reg_337">
<pin_list>
<pin id="338" dir="0" index="0" bw="62" slack="0"/>
<pin id="339" dir="1" index="1" bw="62" slack="0"/>
</pin_list>
<bind>
<opset="phi_mul7 "/>
</bind>
</comp>

<comp id="344" class="1005" name="phi_mul4_reg_344">
<pin_list>
<pin id="345" dir="0" index="0" bw="62" slack="0"/>
<pin id="346" dir="1" index="1" bw="62" slack="0"/>
</pin_list>
<bind>
<opset="phi_mul4 "/>
</bind>
</comp>

<comp id="351" class="1005" name="i_reg_351">
<pin_list>
<pin id="352" dir="0" index="0" bw="31" slack="0"/>
<pin id="353" dir="1" index="1" bw="31" slack="0"/>
</pin_list>
<bind>
<opset="i "/>
</bind>
</comp>

<comp id="358" class="1005" name="dim_read_reg_358">
<pin_list>
<pin id="359" dir="0" index="0" bw="32" slack="1"/>
<pin id="360" dir="1" index="1" bw="32" slack="1"/>
</pin_list>
<bind>
<opset="dim_read "/>
</bind>
</comp>

<comp id="366" class="1005" name="out_r_read_reg_366">
<pin_list>
<pin id="367" dir="0" index="0" bw="64" slack="2"/>
<pin id="368" dir="1" index="1" bw="64" slack="2"/>
</pin_list>
<bind>
<opset="out_r_read "/>
</bind>
</comp>

<comp id="371" class="1005" name="in2_read_reg_371">
<pin_list>
<pin id="372" dir="0" index="0" bw="64" slack="12"/>
<pin id="373" dir="1" index="1" bw="64" slack="12"/>
</pin_list>
<bind>
<opset="in2_read "/>
</bind>
</comp>

<comp id="376" class="1005" name="in1_read_reg_376">
<pin_list>
<pin id="377" dir="0" index="0" bw="64" slack="1"/>
<pin id="378" dir="1" index="1" bw="64" slack="1"/>
</pin_list>
<bind>
<opset="in1_read "/>
</bind>
</comp>

<comp id="381" class="1005" name="add187_loc_reg_381">
<pin_list>
<pin id="382" dir="0" index="0" bw="32" slack="12"/>
<pin id="383" dir="1" index="1" bw="32" slack="12"/>
</pin_list>
<bind>
<opset="add187_loc "/>
</bind>
</comp>

<comp id="387" class="1005" name="dim_cast_reg_387">
<pin_list>
<pin id="388" dir="0" index="0" bw="62" slack="1"/>
<pin id="389" dir="1" index="1" bw="62" slack="1"/>
</pin_list>
<bind>
<opset="dim_cast "/>
</bind>
</comp>

<comp id="392" class="1005" name="dim_cast3_reg_392">
<pin_list>
<pin id="393" dir="0" index="0" bw="62" slack="1"/>
<pin id="394" dir="1" index="1" bw="62" slack="1"/>
</pin_list>
<bind>
<opset="dim_cast3 "/>
</bind>
</comp>

<comp id="400" class="1005" name="add_ln15_1_reg_400">
<pin_list>
<pin id="401" dir="0" index="0" bw="62" slack="1"/>
<pin id="402" dir="1" index="1" bw="62" slack="1"/>
</pin_list>
<bind>
<opset="add_ln15_1 "/>
</bind>
</comp>

<comp id="405" class="1005" name="add_ln15_2_reg_405">
<pin_list>
<pin id="406" dir="0" index="0" bw="62" slack="1"/>
<pin id="407" dir="1" index="1" bw="62" slack="1"/>
</pin_list>
<bind>
<opset="add_ln15_2 "/>
</bind>
</comp>

<comp id="413" class="1005" name="add_ln15_reg_413">
<pin_list>
<pin id="414" dir="0" index="0" bw="31" slack="1"/>
<pin id="415" dir="1" index="1" bw="31" slack="1"/>
</pin_list>
<bind>
<opset="add_ln15 "/>
</bind>
</comp>

<comp id="418" class="1005" name="p_cast_reg_418">
<pin_list>
<pin id="419" dir="0" index="0" bw="62" slack="11"/>
<pin id="420" dir="1" index="1" bw="62" slack="11"/>
</pin_list>
<bind>
<opset="p_cast "/>
</bind>
</comp>

<comp id="426" class="1005" name="add_ln17_reg_426">
<pin_list>
<pin id="427" dir="0" index="0" bw="32" slack="0"/>
<pin id="428" dir="1" index="1" bw="32" slack="0"/>
</pin_list>
<bind>
<opset="add_ln17 "/>
</bind>
</comp>

<comp id="431" class="1005" name="gmem_addr_reg_431">
<pin_list>
<pin id="432" dir="0" index="0" bw="32" slack="1"/>
<pin id="433" dir="1" index="1" bw="32" slack="1"/>
</pin_list>
<bind>
<opset="gmem_addr "/>
</bind>
</comp>

<comp id="438" class="1005" name="gmem_addr_read_reg_438">
<pin_list>
<pin id="439" dir="0" index="0" bw="32" slack="1"/>
<pin id="440" dir="1" index="1" bw="32" slack="1"/>
</pin_list>
<bind>
<opset="gmem_addr_read "/>
</bind>
</comp>

</comp_list>

<net_list>
<net id="103"><net_src comp="10" pin="0"/><net_sink comp="100" pin=0"/></net>

<net id="107"><net_src comp="10" pin="0"/><net_sink comp="104" pin=0"/></net>

<net id="111"><net_src comp="10" pin="0"/><net_sink comp="108" pin=0"/></net>

<net id="115"><net_src comp="16" pin="0"/><net_sink comp="112" pin=0"/></net>

<net id="120"><net_src comp="12" pin="0"/><net_sink comp="116" pin=0"/></net>

<net id="121"><net_src comp="8" pin="0"/><net_sink comp="116" pin=1"/></net>

<net id="126"><net_src comp="14" pin="0"/><net_sink comp="122" pin=0"/></net>

<net id="127"><net_src comp="6" pin="0"/><net_sink comp="122" pin=1"/></net>

<net id="132"><net_src comp="14" pin="0"/><net_sink comp="128" pin=0"/></net>

<net id="133"><net_src comp="4" pin="0"/><net_sink comp="128" pin=1"/></net>

<net id="138"><net_src comp="14" pin="0"/><net_sink comp="134" pin=0"/></net>

<net id="139"><net_src comp="2" pin="0"/><net_sink comp="134" pin=1"/></net>

<net id="145"><net_src comp="84" pin="0"/><net_sink comp="140" pin=0"/></net>

<net id="146"><net_src comp="16" pin="0"/><net_sink comp="140" pin=2"/></net>

<net id="151"><net_src comp="86" pin="0"/><net_sink comp="147" pin=0"/></net>

<net id="152"><net_src comp="90" pin="0"/><net_sink comp="140" pin=0"/></net>

<net id="159"><net_src comp="92" pin="0"/><net_sink comp="153" pin=0"/></net>

<net id="160"><net_src comp="94" pin="0"/><net_sink comp="153" pin=3"/></net>

<net id="161"><net_src comp="96" pin="0"/><net_sink comp="140" pin=0"/></net>

<net id="165"><net_src comp="26" pin="0"/><net_sink comp="162" pin=0"/></net>

<net id="172"><net_src comp="162" pin="1"/><net_sink comp="166" pin=0"/></net>

<net id="173"><net_src comp="166" pin="4"/><net_sink comp="162" pin=0"/></net>

<net id="185"><net_src comp="88" pin="0"/><net_sink comp="174" pin=0"/></net>

<net id="186"><net_src comp="0" pin="0"/><net_sink comp="174" pin=2"/></net>

<net id="187"><net_src comp="162" pin="1"/><net_sink comp="174" pin=6"/></net>

<net id="191"><net_src comp="116" pin="2"/><net_sink comp="188" pin=0"/></net>

<net id="195"><net_src comp="116" pin="2"/><net_sink comp="192" pin=0"/></net>

<net id="200"><net_src comp="60" pin="0"/><net_sink comp="196" pin=0"/></net>

<net id="205"><net_src comp="62" pin="0"/><net_sink comp="201" pin=0"/></net>

<net id="210"><net_src comp="62" pin="0"/><net_sink comp="206" pin=0"/></net>

<net id="224"><net_src comp="211" pin="1"/><net_sink comp="220" pin=0"/></net>

<net id="229"><net_src comp="214" pin="1"/><net_sink comp="225" pin=0"/></net>

<net id="233"><net_src comp="217" pin="1"/><net_sink comp="230" pin=0"/></net>

<net id="238"><net_src comp="230" pin="1"/><net_sink comp="234" pin=0"/></net>

<net id="243"><net_src comp="217" pin="1"/><net_sink comp="239" pin=0"/></net>

<net id="244"><net_src comp="64" pin="0"/><net_sink comp="239" pin=1"/></net>

<net id="250"><net_src comp="74" pin="0"/><net_sink comp="245" pin=0"/></net>

<net id="251"><net_src comp="214" pin="1"/><net_sink comp="245" pin=1"/></net>

<net id="252"><net_src comp="76" pin="0"/><net_sink comp="245" pin=2"/></net>

<net id="257"><net_src comp="245" pin="3"/><net_sink comp="253" pin=0"/></net>

<net id="264"><net_src comp="78" pin="0"/><net_sink comp="258" pin=0"/></net>

<net id="265"><net_src comp="253" pin="2"/><net_sink comp="258" pin=1"/></net>

<net id="266"><net_src comp="80" pin="0"/><net_sink comp="258" pin=2"/></net>

<net id="267"><net_src comp="82" pin="0"/><net_sink comp="258" pin=3"/></net>

<net id="272"><net_src comp="166" pin="4"/><net_sink comp="268" pin=0"/></net>

<net id="277"><net_src comp="166" pin="4"/><net_sink comp="273" pin=0"/></net>

<net id="278"><net_src comp="10" pin="0"/><net_sink comp="273" pin=1"/></net>

<net id="282"><net_src comp="166" pin="4"/><net_sink comp="279" pin=0"/></net>

<net id="287"><net_src comp="279" pin="1"/><net_sink comp="283" pin=0"/></net>

<net id="293"><net_src comp="74" pin="0"/><net_sink comp="288" pin=0"/></net>

<net id="294"><net_src comp="283" pin="2"/><net_sink comp="288" pin=1"/></net>

<net id="295"><net_src comp="76" pin="0"/><net_sink comp="288" pin=2"/></net>

<net id="300"><net_src comp="288" pin="3"/><net_sink comp="296" pin=0"/></net>

<net id="307"><net_src comp="78" pin="0"/><net_sink comp="301" pin=0"/></net>

<net id="308"><net_src comp="296" pin="2"/><net_sink comp="301" pin=1"/></net>

<net id="309"><net_src comp="80" pin="0"/><net_sink comp="301" pin=2"/></net>

<net id="310"><net_src comp="82" pin="0"/><net_sink comp="301" pin=3"/></net>

<net id="314"><net_src comp="301" pin="4"/><net_sink comp="311" pin=0"/></net>

<net id="319"><net_src comp="0" pin="0"/><net_sink comp="315" pin=0"/></net>

<net id="320"><net_src comp="311" pin="1"/><net_sink comp="315" pin=1"/></net>

<net id="336"><net_src comp="333" pin="1"/><net_sink comp="153" pin=2"/></net>

<net id="340"><net_src comp="100" pin="1"/><net_sink comp="337" pin=0"/></net>

<net id="341"><net_src comp="337" pin="1"/><net_sink comp="206" pin=1"/></net>

<net id="342"><net_src comp="337" pin="1"/><net_sink comp="211" pin=0"/></net>

<net id="343"><net_src comp="337" pin="1"/><net_sink comp="329" pin=1"/></net>

<net id="347"><net_src comp="104" pin="1"/><net_sink comp="344" pin=0"/></net>

<net id="348"><net_src comp="344" pin="1"/><net_sink comp="201" pin=1"/></net>

<net id="349"><net_src comp="344" pin="1"/><net_sink comp="214" pin=0"/></net>

<net id="350"><net_src comp="344" pin="1"/><net_sink comp="325" pin=1"/></net>

<net id="354"><net_src comp="108" pin="1"/><net_sink comp="351" pin=0"/></net>

<net id="355"><net_src comp="351" pin="1"/><net_sink comp="196" pin=1"/></net>

<net id="356"><net_src comp="351" pin="1"/><net_sink comp="217" pin=0"/></net>

<net id="357"><net_src comp="351" pin="1"/><net_sink comp="321" pin=1"/></net>

<net id="361"><net_src comp="116" pin="2"/><net_sink comp="358" pin=0"/></net>

<net id="362"><net_src comp="358" pin="1"/><net_sink comp="234" pin=1"/></net>

<net id="363"><net_src comp="358" pin="1"/><net_sink comp="268" pin=1"/></net>

<net id="364"><net_src comp="358" pin="1"/><net_sink comp="174" pin=3"/></net>

<net id="365"><net_src comp="358" pin="1"/><net_sink comp="174" pin=5"/></net>

<net id="369"><net_src comp="122" pin="2"/><net_sink comp="366" pin=0"/></net>

<net id="370"><net_src comp="366" pin="1"/><net_sink comp="296" pin=1"/></net>

<net id="374"><net_src comp="128" pin="2"/><net_sink comp="371" pin=0"/></net>

<net id="375"><net_src comp="371" pin="1"/><net_sink comp="174" pin=7"/></net>

<net id="379"><net_src comp="134" pin="2"/><net_sink comp="376" pin=0"/></net>

<net id="380"><net_src comp="376" pin="1"/><net_sink comp="253" pin=1"/></net>

<net id="384"><net_src comp="112" pin="1"/><net_sink comp="381" pin=0"/></net>

<net id="385"><net_src comp="381" pin="1"/><net_sink comp="174" pin=8"/></net>

<net id="386"><net_src comp="381" pin="1"/><net_sink comp="333" pin=0"/></net>

<net id="390"><net_src comp="188" pin="1"/><net_sink comp="387" pin=0"/></net>

<net id="391"><net_src comp="387" pin="1"/><net_sink comp="220" pin=1"/></net>

<net id="395"><net_src comp="192" pin="1"/><net_sink comp="392" pin=0"/></net>

<net id="396"><net_src comp="392" pin="1"/><net_sink comp="225" pin=1"/></net>

<net id="403"><net_src comp="220" pin="2"/><net_sink comp="400" pin=0"/></net>

<net id="404"><net_src comp="400" pin="1"/><net_sink comp="329" pin=0"/></net>

<net id="408"><net_src comp="225" pin="2"/><net_sink comp="405" pin=0"/></net>

<net id="409"><net_src comp="405" pin="1"/><net_sink comp="325" pin=0"/></net>

<net id="416"><net_src comp="239" pin="2"/><net_sink comp="413" pin=0"/></net>

<net id="417"><net_src comp="413" pin="1"/><net_sink comp="321" pin=0"/></net>

<net id="421"><net_src comp="258" pin="4"/><net_sink comp="418" pin=0"/></net>

<net id="422"><net_src comp="418" pin="1"/><net_sink comp="174" pin=4"/></net>

<net id="429"><net_src comp="273" pin="2"/><net_sink comp="426" pin=0"/></net>

<net id="430"><net_src comp="426" pin="1"/><net_sink comp="166" pin=2"/></net>

<net id="434"><net_src comp="315" pin="2"/><net_sink comp="431" pin=0"/></net>

<net id="435"><net_src comp="431" pin="1"/><net_sink comp="140" pin=1"/></net>

<net id="436"><net_src comp="431" pin="1"/><net_sink comp="147" pin=1"/></net>

<net id="437"><net_src comp="431" pin="1"/><net_sink comp="153" pin=1"/></net>

<net id="441"><net_src comp="147" pin="2"/><net_sink comp="438" pin=0"/></net>

<net id="442"><net_src comp="438" pin="1"/><net_sink comp="174" pin=1"/></net>

</net_list>

</model> 
---------------- Datapath Model END ------------------

* FSMD analyzer results:
  - Output states:
	Port: gmem | {15 16 17 18 19 20 21 }
 - Input state : 
	Port: mmult_hw : gmem | {4 5 6 7 8 9 10 11 12 13 14 }
	Port: mmult_hw : in1 | {1 }
	Port: mmult_hw : in2 | {1 }
	Port: mmult_hw : out_r | {1 }
	Port: mmult_hw : dim | {1 }
  - Chain level:
	State 1
		store_ln15 : 1
		store_ln0 : 1
		store_ln0 : 1
	State 2
		add_ln15_1 : 1
		add_ln15_2 : 1
		zext_ln15 : 1
		icmp_ln15 : 2
		add_ln15 : 1
		br_ln15 : 3
		tmp : 1
		empty : 2
		p_cast : 3
	State 3
		icmp_ln17 : 1
		add_ln17 : 1
		br_ln17 : 2
		zext_ln17 : 1
		empty_21 : 2
		tmp_1 : 3
		empty_22 : 4
		trunc_ln : 5
		sext_ln21 : 6
		gmem_addr : 7
	State 4
	State 5
	State 6
	State 7
	State 8
	State 9
	State 10
	State 11
	State 12
	State 13
	State 14
	State 15
	State 16
		write_ln21 : 1
	State 17
	State 18
	State 19
	State 20
	State 21


============================================================
+ Verbose Summary: Datapath Resource usage 
============================================================

* Functional unit list:
|----------|------------------------------------|---------|---------|---------|
| Operation|           Functional Unit          |   DSP   |    FF   |   LUT   |
|----------|------------------------------------|---------|---------|---------|
|   call   | grp_mmult_hw_Pipeline_loop3_fu_174 |    3    |   443   |   415   |
|----------|------------------------------------|---------|---------|---------|
|          |          add_ln15_1_fu_220         |    0    |    0    |    69   |
|          |          add_ln15_2_fu_225         |    0    |    0    |    69   |
|          |           add_ln15_fu_239          |    0    |    0    |    38   |
|    add   |            empty_fu_253            |    0    |    0    |    71   |
|          |           add_ln17_fu_273          |    0    |    0    |    39   |
|          |           empty_21_fu_283          |    0    |    0    |    69   |
|          |           empty_22_fu_296          |    0    |    0    |    71   |
|----------|------------------------------------|---------|---------|---------|
|   icmp   |          icmp_ln15_fu_234          |    0    |    0    |    39   |
|          |          icmp_ln17_fu_268          |    0    |    0    |    39   |
|----------|------------------------------------|---------|---------|---------|
|          |        dim_read_read_fu_116        |    0    |    0    |    0    |
|          |       out_r_read_read_fu_122       |    0    |    0    |    0    |
|   read   |        in2_read_read_fu_128        |    0    |    0    |    0    |
|          |        in1_read_read_fu_134        |    0    |    0    |    0    |
|          |     gmem_addr_read_read_fu_147     |    0    |    0    |    0    |
|----------|------------------------------------|---------|---------|---------|
| writeresp|        grp_writeresp_fu_140        |    0    |    0    |    0    |
|----------|------------------------------------|---------|---------|---------|
|   write  |       write_ln21_write_fu_153      |    0    |    0    |    0    |
|----------|------------------------------------|---------|---------|---------|
|   sext   |           dim_cast_fu_188          |    0    |    0    |    0    |
|          |          sext_ln21_fu_311          |    0    |    0    |    0    |
|----------|------------------------------------|---------|---------|---------|
|          |          dim_cast3_fu_192          |    0    |    0    |    0    |
|   zext   |          zext_ln15_fu_230          |    0    |    0    |    0    |
|          |          zext_ln17_fu_279          |    0    |    0    |    0    |
|----------|------------------------------------|---------|---------|---------|
|bitconcatenate|             tmp_fu_245             |    0    |    0    |    0    |
|          |            tmp_1_fu_288            |    0    |    0    |    0    |
|----------|------------------------------------|---------|---------|---------|
|partselect|            p_cast_fu_258           |    0    |    0    |    0    |
|          |           trunc_ln_fu_301          |    0    |    0    |    0    |
|----------|------------------------------------|---------|---------|---------|
|   Total  |                                    |    3    |   443   |   919   |
|----------|------------------------------------|---------|---------|---------|

Memories:
N/A

* Register list:
+----------------------+--------+
|                      |   FF   |
+----------------------+--------+
|  add187_loc_reg_381  |   32   |
|  add_ln15_1_reg_400  |   62   |
|  add_ln15_2_reg_405  |   62   |
|   add_ln15_reg_413   |   31   |
|   add_ln17_reg_426   |   32   |
|   dim_cast3_reg_392  |   62   |
|   dim_cast_reg_387   |   62   |
|   dim_read_reg_358   |   32   |
|gmem_addr_read_reg_438|   32   |
|   gmem_addr_reg_431  |   32   |
|       i_reg_351      |   31   |
|   in1_read_reg_376   |   64   |
|   in2_read_reg_371   |   64   |
|       j_reg_162      |   32   |
|  out_r_read_reg_366  |   64   |
|    p_cast_reg_418    |   62   |
|   phi_mul4_reg_344   |   62   |
|   phi_mul7_reg_337   |   62   |
+----------------------+--------+
|         Total        |   880  |
+----------------------+--------+

* Multiplexer (MUX) list: 
|----------------------|------|------|------|--------||---------||---------||---------|
|         Comp         |  Pin | Size |  BW  | S x BW ||  Delay  ||    FF   ||   LUT   |
|----------------------|------|------|------|--------||---------||---------||---------|
| grp_writeresp_fu_140 |  p0  |   3  |   1  |    3   |
|       j_reg_162      |  p0  |   2  |  32  |   64   ||    0    ||    9    |
|----------------------|------|------|------|--------||---------||---------||---------|
|         Total        |      |      |      |   67   ||  1.036  ||    0    ||    9    |
|----------------------|------|------|------|--------||---------||---------||---------|



* Summary:
+-----------+--------+--------+--------+--------+
|           |   DSP  |  Delay |   FF   |   LUT  |
+-----------+--------+--------+--------+--------+
|  Function |    3   |    -   |   443  |   919  |
|   Memory  |    -   |    -   |    -   |    -   |
|Multiplexer|    -   |    1   |    0   |    9   |
|  Register |    -   |    -   |   880  |    -   |
+-----------+--------+--------+--------+--------+
|   Total   |    3   |    1   |  1323  |   928  |
+-----------+--------+--------+--------+--------+
