

================================================================
== Vitis HLS Report for 'mmult_hw_Pipeline_loop3'
================================================================
* Date:           Wed Feb 18 15:44:10 2026

* Version:        2024.1 (Build 5069499 on May 21 2024)
* Project:        matmul
* Solution:       hls (Vivado IP Flow Target)
* Product family: zynquplus
* Target device:  xczu3eg-sbva484-1-e


================================================================
== Performance Estimates
================================================================
+ Timing: 
    * Summary: 
    +--------+----------+----------+------------+
    |  Clock |  Target  | Estimated| Uncertainty|
    +--------+----------+----------+------------+
    |ap_clk  |  10.00 ns|  7.300 ns|     2.70 ns|
    +--------+----------+----------+------------+

+ Latency: 
    * Summary: 
    +---------+---------+----------+----------+-----+-----+-----------------------------------------------+
    |  Latency (cycles) |  Latency (absolute) |  Interval |                    Pipeline                   |
    |   min   |   max   |    min   |    max   | min | max |                      Type                     |
    +---------+---------+----------+----------+-----+-----+-----------------------------------------------+
    |      267|      267|  2.670 us|  2.670 us|  258|  258|  loop auto-rewind stp(delay=0 clock cycles(s))|
    +---------+---------+----------+----------+-----+-----+-----------------------------------------------+

    + Detail: 
        * Instance: 
        N/A

        * Loop: 
        +----------+---------+---------+----------+-----------+-----------+------+----------+
        |          |  Latency (cycles) | Iteration|  Initiation Interval  | Trip |          |
        | Loop Name|   min   |   max   |  Latency |  achieved |   target  | Count| Pipelined|
        +----------+---------+---------+----------+-----------+-----------+------+----------+
        |- loop3   |      265|      265|        12|          2|          1|   128|       yes|
        +----------+---------+---------+----------+-----------+-----------+------+----------+

============================================================
+ Verbose Summary: Synthesis Manager
============================================================
InlineROM: 1
ExposeGlobal: 0
============================================================
+ Verbose Summary: CDFG Model
============================================================
IsTopModel: 0
ResetActiveHigh: 1
IsCombinational: 0
IsDatapathOnly: 0
HasWiredReturn: 1
HasMFsm: 2
HasVarLatency: 1
IsPipeline: 0
IsRtlPipelined: 0
IsInstanceOverlapped: 0
IsDontTouch: 0
HasImplIP: 0
IsGatedGlobalClock: 0

+ Individual pipeline summary: 
  * Pipeline-0: initiation interval (II) = 2, depth = 12


============================================================
+ Verbose Summary: Schedule
============================================================
* Number of FSM states : 12
* Pipeline : 1
  Pipeline-0 : II = 2, D = 12, States = { 1 2 3 4 5 6 7 8 9 10 11 12 }
* Dataflow Pipeline: 0

* FSM state transitions: 
1 --> 2 
2 --> 3 
3 --> 4 
4 --> 5 
5 --> 6 
6 --> 7 
7 --> 8 
8 --> 9 
9 --> 10 
10 --> 11 
11 --> 12 
12 --> 

* FSM state operations: 

State 1 <SV = 0> <Delay = 2.18>
ST_1 : Operation 15 [1/1] (0.00ns)   --->   "%phi_mul = alloca i32 1"   --->   Operation 15 'alloca' 'phi_mul' <Predicate = true> <Delay = 0.00>
ST_1 : Operation 16 [1/1] (0.00ns)   --->   "%add187 = alloca i32 1"   --->   Operation 16 'alloca' 'add187' <Predicate = true> <Delay = 0.00>
ST_1 : Operation 17 [1/1] (0.00ns)   --->   "%k = alloca i32 1" [mmult_baseline.cpp:19]   --->   Operation 17 'alloca' 'k' <Predicate = true> <Delay = 0.00>
ST_1 : Operation 18 [1/1] (0.00ns)   --->   "%in2_read = read i64 @_ssdm_op_Read.ap_auto.i64, i64 %in2"   --->   Operation 18 'read' 'in2_read' <Predicate = true> <Delay = 0.00>
ST_1 : Operation 19 [1/1] (0.00ns)   --->   "%zext_ln17_read = read i32 @_ssdm_op_Read.ap_auto.i32, i32 %zext_ln17"   --->   Operation 19 'read' 'zext_ln17_read' <Predicate = true> <Delay = 0.00>
ST_1 : Operation 20 [1/1] (0.00ns)   --->   "%dim_cast_read = read i32 @_ssdm_op_Read.ap_auto.i32, i32 %dim_cast"   --->   Operation 20 'read' 'dim_cast_read' <Predicate = true> <Delay = 0.00>
ST_1 : Operation 21 [1/1] (0.00ns)   --->   "%sext_ln17_read = read i62 @_ssdm_op_Read.ap_auto.i62, i62 %sext_ln17"   --->   Operation 21 'read' 'sext_ln17_read' <Predicate = true> <Delay = 0.00>
ST_1 : Operation 22 [1/1] (0.00ns)   --->   "%dim_read = read i32 @_ssdm_op_Read.ap_auto.i32, i32 %dim"   --->   Operation 22 'read' 'dim_read' <Predicate = true> <Delay = 0.00>
ST_1 : Operation 23 [1/1] (0.00ns)   --->   "%gmem_load_read = read i32 @_ssdm_op_Read.ap_auto.i32, i32 %gmem_load"   --->   Operation 23 'read' 'gmem_load_read' <Predicate = true> <Delay = 0.00>
ST_1 : Operation 24 [1/1] (0.00ns)   --->   "%zext_ln17_cast = zext i32 %zext_ln17_read"   --->   Operation 24 'zext' 'zext_ln17_cast' <Predicate = true> <Delay = 0.00>
ST_1 : Operation 25 [1/1] (0.00ns)   --->   "%dim_cast_cast = sext i32 %dim_cast_read"   --->   Operation 25 'sext' 'dim_cast_cast' <Predicate = true> <Delay = 0.00>
ST_1 : Operation 26 [1/1] (0.00ns)   --->   "%sext_ln17_cast = sext i62 %sext_ln17_read"   --->   Operation 26 'sext' 'sext_ln17_cast' <Predicate = true> <Delay = 0.00>
ST_1 : Operation 27 [1/1] (0.00ns)   --->   "%specinterface_ln0 = specinterface void @_ssdm_op_SpecInterface, i32 %gmem, void @empty, i32 0, i32 0, void @empty_0, i32 0, i32 16384, void @empty_1, void @empty_2, void @empty_0, i32 16, i32 16, i32 16, i32 16, void @empty_0, void @empty_0, i32 4294967295, i32 0, i32 0"   --->   Operation 27 'specinterface' 'specinterface_ln0' <Predicate = true> <Delay = 0.00>
ST_1 : Operation 28 [1/1] (0.48ns)   --->   "%store_ln19 = store i32 0, i32 %k" [mmult_baseline.cpp:19]   --->   Operation 28 'store' 'store_ln19' <Predicate = true> <Delay = 0.48>
ST_1 : Operation 29 [1/1] (0.48ns)   --->   "%store_ln0 = store i32 %gmem_load_read, i32 %add187"   --->   Operation 29 'store' 'store_ln0' <Predicate = true> <Delay = 0.48>
ST_1 : Operation 30 [1/1] (0.48ns)   --->   "%store_ln0 = store i62 0, i62 %phi_mul"   --->   Operation 30 'store' 'store_ln0' <Predicate = true> <Delay = 0.48>
ST_1 : Operation 31 [1/1] (0.00ns)   --->   "%br_ln0 = br void %for.inc"   --->   Operation 31 'br' 'br_ln0' <Predicate = true> <Delay = 0.00>
ST_1 : Operation 32 [1/1] (0.00ns)   --->   "%k_1 = load i32 %k" [mmult_baseline.cpp:19]   --->   Operation 32 'load' 'k_1' <Predicate = true> <Delay = 0.00>
ST_1 : Operation 33 [1/1] (0.00ns)   --->   "%specbitsmap_ln0 = specbitsmap void @_ssdm_op_SpecBitsMap, i32 %gmem"   --->   Operation 33 'specbitsmap' 'specbitsmap_ln0' <Predicate = true> <Delay = 0.00>
ST_1 : Operation 34 [1/1] (1.20ns)   --->   "%icmp_ln19 = icmp_eq  i32 %k_1, i32 %dim_read" [mmult_baseline.cpp:19]   --->   Operation 34 'icmp' 'icmp_ln19' <Predicate = true> <Delay = 1.20> <CoreInst = "Cmp">   --->   Core 9 'Cmp' <Latency = 0> <II = 1> <Delay = 1.20> <FuncUnit> <Opcode : 'seteq' 'setne' 'setle' 'setge' 'setlt' 'setgt'> <InPorts = 2> <OutPorts = 1>
ST_1 : Operation 35 [1/1] (1.20ns)   --->   "%add_ln19 = add i32 %k_1, i32 1" [mmult_baseline.cpp:19]   --->   Operation 35 'add' 'add_ln19' <Predicate = true> <Delay = 1.20> <CoreInst = "Adder">   --->   Core 1 'Adder' <Latency = 0> <II = 1> <Delay = 1.20> <FuncUnit> <Opcode : 'add' 'sub'> <InPorts = 2> <OutPorts = 1>
ST_1 : Operation 36 [1/1] (0.00ns)   --->   "%br_ln19 = br i1 %icmp_ln19, void %for.inc.split, void %for.cond5.for.inc19_crit_edge.exitStub" [mmult_baseline.cpp:19]   --->   Operation 36 'br' 'br_ln19' <Predicate = true> <Delay = 0.00>
ST_1 : Operation 37 [1/1] (0.00ns)   --->   "%zext_ln19 = zext i32 %k_1" [mmult_baseline.cpp:19]   --->   Operation 37 'zext' 'zext_ln19' <Predicate = (!icmp_ln19)> <Delay = 0.00>
ST_1 : Operation 38 [1/1] (1.44ns)   --->   "%add_ln21 = add i63 %zext_ln19, i63 %sext_ln17_cast" [mmult_baseline.cpp:21]   --->   Operation 38 'add' 'add_ln21' <Predicate = (!icmp_ln19)> <Delay = 1.44> <CoreInst = "Adder">   --->   Core 1 'Adder' <Latency = 0> <II = 1> <Delay = 1.44> <FuncUnit> <Opcode : 'add' 'sub'> <InPorts = 2> <OutPorts = 1>
ST_1 : Operation 39 [1/1] (0.00ns)   --->   "%sext_ln21 = sext i63 %add_ln21" [mmult_baseline.cpp:21]   --->   Operation 39 'sext' 'sext_ln21' <Predicate = (!icmp_ln19)> <Delay = 0.00>
ST_1 : Operation 40 [1/1] (0.00ns)   --->   "%gmem_addr = getelementptr i32 %gmem, i64 %sext_ln21" [mmult_baseline.cpp:21]   --->   Operation 40 'getelementptr' 'gmem_addr' <Predicate = (!icmp_ln19)> <Delay = 0.00>
ST_1 : Operation 41 [1/1] (0.48ns)   --->   "%store_ln19 = store i32 %add_ln19, i32 %k" [mmult_baseline.cpp:19]   --->   Operation 41 'store' 'store_ln19' <Predicate = (!icmp_ln19)> <Delay = 0.48>

State 2 <SV = 1> <Delay = 7.30>
ST_2 : Operation 42 [1/1] (0.00ns)   --->   "%phi_mul_load = load i62 %phi_mul" [mmult_baseline.cpp:21]   --->   Operation 42 'load' 'phi_mul_load' <Predicate = (!icmp_ln19)> <Delay = 0.00>
ST_2 : Operation 43 [8/8] (7.30ns)   --->   "%gmem_load_1_req = readreq i1 @_ssdm_op_ReadReq.m_axi.i32P1A, i32 %gmem_addr, i64 1" [mmult_baseline.cpp:21]   --->   Operation 43 'readreq' 'gmem_load_1_req' <Predicate = (!icmp_ln19)> <Delay = 7.30> <CoreInst = "m_axi">   --->   Core 119 'm_axi' <Latency = 0> <II = 1> <Delay = 1.00> <Adapter> <Opcode : 'read' 'write' 'readreq' 'writereq' 'writeresp'>
ST_2 : Operation 44 [1/1] (1.44ns)   --->   "%add_ln21_4 = add i62 %phi_mul_load, i62 %dim_cast_cast" [mmult_baseline.cpp:21]   --->   Operation 44 'add' 'add_ln21_4' <Predicate = (!icmp_ln19)> <Delay = 1.44> <CoreInst = "Adder">   --->   Core 1 'Adder' <Latency = 0> <II = 1> <Delay = 1.44> <FuncUnit> <Opcode : 'add' 'sub'> <InPorts = 2> <OutPorts = 1>
ST_2 : Operation 45 [1/1] (1.44ns)   --->   "%add_ln21_1 = add i62 %phi_mul_load, i62 %zext_ln17_cast" [mmult_baseline.cpp:21]   --->   Operation 45 'add' 'add_ln21_1' <Predicate = (!icmp_ln19)> <Delay = 1.44> <CoreInst = "Adder">   --->   Core 1 'Adder' <Latency = 0> <II = 1> <Delay = 1.44> <FuncUnit> <Opcode : 'add' 'sub'> <InPorts = 2> <OutPorts = 1>
ST_2 : Operation 46 [1/1] (0.00ns)   --->   "%shl_ln = bitconcatenate i64 @_ssdm_op_BitConcatenate.i64.i62.i2, i62 %add_ln21_1, i2 0" [mmult_baseline.cpp:21]   --->   Operation 46 'bitconcatenate' 'shl_ln' <Predicate = (!icmp_ln19)> <Delay = 0.00>
ST_2 : Operation 47 [1/1] (1.47ns)   --->   "%add_ln21_2 = add i64 %shl_ln, i64 %in2_read" [mmult_baseline.cpp:21]   --->   Operation 47 'add' 'add_ln21_2' <Predicate = (!icmp_ln19)> <Delay = 1.47> <CoreInst = "Adder">   --->   Core 1 'Adder' <Latency = 0> <II = 1> <Delay = 1.47> <FuncUnit> <Opcode : 'add' 'sub'> <InPorts = 2> <OutPorts = 1>
ST_2 : Operation 48 [1/1] (0.00ns)   --->   "%trunc_ln21_1 = partselect i62 @_ssdm_op_PartSelect.i62.i64.i32.i32, i64 %add_ln21_2, i32 2, i32 63" [mmult_baseline.cpp:21]   --->   Operation 48 'partselect' 'trunc_ln21_1' <Predicate = (!icmp_ln19)> <Delay = 0.00>
ST_2 : Operation 49 [1/1] (0.00ns)   --->   "%sext_ln21_1 = sext i62 %trunc_ln21_1" [mmult_baseline.cpp:21]   --->   Operation 49 'sext' 'sext_ln21_1' <Predicate = (!icmp_ln19)> <Delay = 0.00>
ST_2 : Operation 50 [1/1] (0.00ns)   --->   "%gmem_addr_1 = getelementptr i32 %gmem, i64 %sext_ln21_1" [mmult_baseline.cpp:21]   --->   Operation 50 'getelementptr' 'gmem_addr_1' <Predicate = (!icmp_ln19)> <Delay = 0.00>
ST_2 : Operation 51 [1/1] (0.48ns)   --->   "%store_ln21 = store i62 %add_ln21_4, i62 %phi_mul" [mmult_baseline.cpp:21]   --->   Operation 51 'store' 'store_ln21' <Predicate = (!icmp_ln19)> <Delay = 0.48>

State 3 <SV = 2> <Delay = 7.30>
ST_3 : Operation 52 [7/8] (7.30ns)   --->   "%gmem_load_1_req = readreq i1 @_ssdm_op_ReadReq.m_axi.i32P1A, i32 %gmem_addr, i64 1" [mmult_baseline.cpp:21]   --->   Operation 52 'readreq' 'gmem_load_1_req' <Predicate = true> <Delay = 7.30> <CoreInst = "m_axi">   --->   Core 119 'm_axi' <Latency = 0> <II = 1> <Delay = 1.00> <Adapter> <Opcode : 'read' 'write' 'readreq' 'writereq' 'writeresp'>
ST_3 : Operation 53 [8/8] (7.30ns)   --->   "%gmem_load_2_req = readreq i1 @_ssdm_op_ReadReq.m_axi.i32P1A, i32 %gmem_addr_1, i64 1" [mmult_baseline.cpp:21]   --->   Operation 53 'readreq' 'gmem_load_2_req' <Predicate = true> <Delay = 7.30> <CoreInst = "m_axi">   --->   Core 119 'm_axi' <Latency = 0> <II = 1> <Delay = 1.00> <Adapter> <Opcode : 'read' 'write' 'readreq' 'writereq' 'writeresp'>

State 4 <SV = 3> <Delay = 7.30>
ST_4 : Operation 54 [6/8] (7.30ns)   --->   "%gmem_load_1_req = readreq i1 @_ssdm_op_ReadReq.m_axi.i32P1A, i32 %gmem_addr, i64 1" [mmult_baseline.cpp:21]   --->   Operation 54 'readreq' 'gmem_load_1_req' <Predicate = true> <Delay = 7.30> <CoreInst = "m_axi">   --->   Core 119 'm_axi' <Latency = 0> <II = 1> <Delay = 1.00> <Adapter> <Opcode : 'read' 'write' 'readreq' 'writereq' 'writeresp'>
ST_4 : Operation 55 [7/8] (7.30ns)   --->   "%gmem_load_2_req = readreq i1 @_ssdm_op_ReadReq.m_axi.i32P1A, i32 %gmem_addr_1, i64 1" [mmult_baseline.cpp:21]   --->   Operation 55 'readreq' 'gmem_load_2_req' <Predicate = true> <Delay = 7.30> <CoreInst = "m_axi">   --->   Core 119 'm_axi' <Latency = 0> <II = 1> <Delay = 1.00> <Adapter> <Opcode : 'read' 'write' 'readreq' 'writereq' 'writeresp'>

State 5 <SV = 4> <Delay = 7.30>
ST_5 : Operation 56 [5/8] (7.30ns)   --->   "%gmem_load_1_req = readreq i1 @_ssdm_op_ReadReq.m_axi.i32P1A, i32 %gmem_addr, i64 1" [mmult_baseline.cpp:21]   --->   Operation 56 'readreq' 'gmem_load_1_req' <Predicate = true> <Delay = 7.30> <CoreInst = "m_axi">   --->   Core 119 'm_axi' <Latency = 0> <II = 1> <Delay = 1.00> <Adapter> <Opcode : 'read' 'write' 'readreq' 'writereq' 'writeresp'>
ST_5 : Operation 57 [6/8] (7.30ns)   --->   "%gmem_load_2_req = readreq i1 @_ssdm_op_ReadReq.m_axi.i32P1A, i32 %gmem_addr_1, i64 1" [mmult_baseline.cpp:21]   --->   Operation 57 'readreq' 'gmem_load_2_req' <Predicate = true> <Delay = 7.30> <CoreInst = "m_axi">   --->   Core 119 'm_axi' <Latency = 0> <II = 1> <Delay = 1.00> <Adapter> <Opcode : 'read' 'write' 'readreq' 'writereq' 'writeresp'>

State 6 <SV = 5> <Delay = 7.30>
ST_6 : Operation 58 [4/8] (7.30ns)   --->   "%gmem_load_1_req = readreq i1 @_ssdm_op_ReadReq.m_axi.i32P1A, i32 %gmem_addr, i64 1" [mmult_baseline.cpp:21]   --->   Operation 58 'readreq' 'gmem_load_1_req' <Predicate = true> <Delay = 7.30> <CoreInst = "m_axi">   --->   Core 119 'm_axi' <Latency = 0> <II = 1> <Delay = 1.00> <Adapter> <Opcode : 'read' 'write' 'readreq' 'writereq' 'writeresp'>
ST_6 : Operation 59 [5/8] (7.30ns)   --->   "%gmem_load_2_req = readreq i1 @_ssdm_op_ReadReq.m_axi.i32P1A, i32 %gmem_addr_1, i64 1" [mmult_baseline.cpp:21]   --->   Operation 59 'readreq' 'gmem_load_2_req' <Predicate = true> <Delay = 7.30> <CoreInst = "m_axi">   --->   Core 119 'm_axi' <Latency = 0> <II = 1> <Delay = 1.00> <Adapter> <Opcode : 'read' 'write' 'readreq' 'writereq' 'writeresp'>

State 7 <SV = 6> <Delay = 7.30>
ST_7 : Operation 60 [3/8] (7.30ns)   --->   "%gmem_load_1_req = readreq i1 @_ssdm_op_ReadReq.m_axi.i32P1A, i32 %gmem_addr, i64 1" [mmult_baseline.cpp:21]   --->   Operation 60 'readreq' 'gmem_load_1_req' <Predicate = true> <Delay = 7.30> <CoreInst = "m_axi">   --->   Core 119 'm_axi' <Latency = 0> <II = 1> <Delay = 1.00> <Adapter> <Opcode : 'read' 'write' 'readreq' 'writereq' 'writeresp'>
ST_7 : Operation 61 [4/8] (7.30ns)   --->   "%gmem_load_2_req = readreq i1 @_ssdm_op_ReadReq.m_axi.i32P1A, i32 %gmem_addr_1, i64 1" [mmult_baseline.cpp:21]   --->   Operation 61 'readreq' 'gmem_load_2_req' <Predicate = true> <Delay = 7.30> <CoreInst = "m_axi">   --->   Core 119 'm_axi' <Latency = 0> <II = 1> <Delay = 1.00> <Adapter> <Opcode : 'read' 'write' 'readreq' 'writereq' 'writeresp'>

State 8 <SV = 7> <Delay = 7.30>
ST_8 : Operation 62 [2/8] (7.30ns)   --->   "%gmem_load_1_req = readreq i1 @_ssdm_op_ReadReq.m_axi.i32P1A, i32 %gmem_addr, i64 1" [mmult_baseline.cpp:21]   --->   Operation 62 'readreq' 'gmem_load_1_req' <Predicate = true> <Delay = 7.30> <CoreInst = "m_axi">   --->   Core 119 'm_axi' <Latency = 0> <II = 1> <Delay = 1.00> <Adapter> <Opcode : 'read' 'write' 'readreq' 'writereq' 'writeresp'>
ST_8 : Operation 63 [3/8] (7.30ns)   --->   "%gmem_load_2_req = readreq i1 @_ssdm_op_ReadReq.m_axi.i32P1A, i32 %gmem_addr_1, i64 1" [mmult_baseline.cpp:21]   --->   Operation 63 'readreq' 'gmem_load_2_req' <Predicate = true> <Delay = 7.30> <CoreInst = "m_axi">   --->   Core 119 'm_axi' <Latency = 0> <II = 1> <Delay = 1.00> <Adapter> <Opcode : 'read' 'write' 'readreq' 'writereq' 'writeresp'>

State 9 <SV = 8> <Delay = 7.30>
ST_9 : Operation 64 [1/8] (7.30ns)   --->   "%gmem_load_1_req = readreq i1 @_ssdm_op_ReadReq.m_axi.i32P1A, i32 %gmem_addr, i64 1" [mmult_baseline.cpp:21]   --->   Operation 64 'readreq' 'gmem_load_1_req' <Predicate = true> <Delay = 7.30> <CoreInst = "m_axi">   --->   Core 119 'm_axi' <Latency = 0> <II = 1> <Delay = 1.00> <Adapter> <Opcode : 'read' 'write' 'readreq' 'writereq' 'writeresp'>
ST_9 : Operation 65 [2/8] (7.30ns)   --->   "%gmem_load_2_req = readreq i1 @_ssdm_op_ReadReq.m_axi.i32P1A, i32 %gmem_addr_1, i64 1" [mmult_baseline.cpp:21]   --->   Operation 65 'readreq' 'gmem_load_2_req' <Predicate = true> <Delay = 7.30> <CoreInst = "m_axi">   --->   Core 119 'm_axi' <Latency = 0> <II = 1> <Delay = 1.00> <Adapter> <Opcode : 'read' 'write' 'readreq' 'writereq' 'writeresp'>

State 10 <SV = 9> <Delay = 7.30>
ST_10 : Operation 66 [1/1] (7.30ns)   --->   "%gmem_addr_read = read i32 @_ssdm_op_Read.m_axi.i32P1A, i32 %gmem_addr" [mmult_baseline.cpp:21]   --->   Operation 66 'read' 'gmem_addr_read' <Predicate = true> <Delay = 7.30> <CoreInst = "m_axi">   --->   Core 119 'm_axi' <Latency = 0> <II = 1> <Delay = 1.00> <Adapter> <Opcode : 'read' 'write' 'readreq' 'writereq' 'writeresp'>
ST_10 : Operation 67 [1/8] (7.30ns)   --->   "%gmem_load_2_req = readreq i1 @_ssdm_op_ReadReq.m_axi.i32P1A, i32 %gmem_addr_1, i64 1" [mmult_baseline.cpp:21]   --->   Operation 67 'readreq' 'gmem_load_2_req' <Predicate = true> <Delay = 7.30> <CoreInst = "m_axi">   --->   Core 119 'm_axi' <Latency = 0> <II = 1> <Delay = 1.00> <Adapter> <Opcode : 'read' 'write' 'readreq' 'writereq' 'writeresp'>
ST_10 : Operation 77 [1/1] (0.00ns)   --->   "%add187_load_1 = load i32 %add187"   --->   Operation 77 'load' 'add187_load_1' <Predicate = (icmp_ln19)> <Delay = 0.00>
ST_10 : Operation 78 [1/1] (0.00ns)   --->   "%write_ln0 = write void @_ssdm_op_Write.ap_auto.i32P0A, i32 %add187_out, i32 %add187_load_1"   --->   Operation 78 'write' 'write_ln0' <Predicate = (icmp_ln19)> <Delay = 0.00>
ST_10 : Operation 79 [1/1] (0.48ns)   --->   "%ret_ln0 = ret"   --->   Operation 79 'ret' 'ret_ln0' <Predicate = (icmp_ln19)> <Delay = 0.48>

State 11 <SV = 10> <Delay = 7.30>
ST_11 : Operation 68 [1/1] (7.30ns)   --->   "%gmem_addr_1_read = read i32 @_ssdm_op_Read.m_axi.i32P1A, i32 %gmem_addr_1" [mmult_baseline.cpp:21]   --->   Operation 68 'read' 'gmem_addr_1_read' <Predicate = true> <Delay = 7.30> <CoreInst = "m_axi">   --->   Core 119 'm_axi' <Latency = 0> <II = 1> <Delay = 1.00> <Adapter> <Opcode : 'read' 'write' 'readreq' 'writereq' 'writeresp'>

State 12 <SV = 11> <Delay = 5.57>
ST_12 : Operation 69 [1/1] (0.00ns)   --->   "%add187_load = load i32 %add187" [mmult_baseline.cpp:21]   --->   Operation 69 'load' 'add187_load' <Predicate = true> <Delay = 0.00>
ST_12 : Operation 70 [1/1] (0.00ns)   --->   "%specpipeline_ln19 = specpipeline void @_ssdm_op_SpecPipeline, i32 4294967295, i32 0, i32 0, i32 0, void @empty_0" [mmult_baseline.cpp:19]   --->   Operation 70 'specpipeline' 'specpipeline_ln19' <Predicate = true> <Delay = 0.00>
ST_12 : Operation 71 [1/1] (0.00ns)   --->   "%speclooptripcount_ln20 = speclooptripcount void @_ssdm_op_SpecLoopTripCount, i64 128, i64 128, i64 128" [mmult_baseline.cpp:20]   --->   Operation 71 'speclooptripcount' 'speclooptripcount_ln20' <Predicate = true> <Delay = 0.00>
ST_12 : Operation 72 [1/1] (0.00ns)   --->   "%specloopname_ln19 = specloopname void @_ssdm_op_SpecLoopName, void @empty_13" [mmult_baseline.cpp:19]   --->   Operation 72 'specloopname' 'specloopname_ln19' <Predicate = true> <Delay = 0.00>
ST_12 : Operation 73 [1/1] (3.88ns)   --->   "%mul_ln21 = mul i32 %gmem_addr_1_read, i32 %gmem_addr_read" [mmult_baseline.cpp:21]   --->   Operation 73 'mul' 'mul_ln21' <Predicate = true> <Delay = 3.88> <CoreInst = "Multiplier">   --->   Core 3 'Multiplier' <Latency = 0> <II = 1> <Delay = 3.88> <FuncUnit> <Opcode : 'mul'> <InPorts = 2> <OutPorts = 1>
ST_12 : Operation 74 [1/1] (1.20ns)   --->   "%add_ln21_3 = add i32 %mul_ln21, i32 %add187_load" [mmult_baseline.cpp:21]   --->   Operation 74 'add' 'add_ln21_3' <Predicate = true> <Delay = 1.20> <CoreInst = "Adder">   --->   Core 1 'Adder' <Latency = 0> <II = 1> <Delay = 1.20> <FuncUnit> <Opcode : 'add' 'sub'> <InPorts = 2> <OutPorts = 1>
ST_12 : Operation 75 [1/1] (0.48ns)   --->   "%store_ln21 = store i32 %add_ln21_3, i32 %add187" [mmult_baseline.cpp:21]   --->   Operation 75 'store' 'store_ln21' <Predicate = true> <Delay = 0.48>
ST_12 : Operation 76 [1/1] (0.00ns)   --->   "%br_ln19 = br void %for.inc" [mmult_baseline.cpp:19]   --->   Operation 76 'br' 'br_ln19' <Predicate = true> <Delay = 0.00>


============================================================
+ Verbose Summary: Timing violations
============================================================
Target clock period: 10.000ns, clock uncertainty: 2.700ns.

 <State 1>: 2.181ns
The critical path consists of the following:
	'store' operation 0 bit ('store_ln19', mmult_baseline.cpp:19) of constant 0 on local variable 'k', mmult_baseline.cpp:19 [22]  (0.489 ns)
	'load' operation 32 bit ('k', mmult_baseline.cpp:19) on local variable 'k', mmult_baseline.cpp:19 [27]  (0.000 ns)
	'add' operation 32 bit ('add_ln19', mmult_baseline.cpp:19) [30]  (1.203 ns)
	'store' operation 0 bit ('store_ln19', mmult_baseline.cpp:19) of variable 'add_ln19', mmult_baseline.cpp:19 on local variable 'k', mmult_baseline.cpp:19 [55]  (0.489 ns)

 <State 2>: 7.300ns
The critical path consists of the following:
	bus request operation ('gmem_load_1_req', mmult_baseline.cpp:21) on port 'gmem' (mmult_baseline.cpp:21) [42]  (7.300 ns)

 <State 3>: 7.300ns
The critical path consists of the following:
	bus request operation ('gmem_load_1_req', mmult_baseline.cpp:21) on port 'gmem' (mmult_baseline.cpp:21) [42]  (7.300 ns)

 <State 4>: 7.300ns
The critical path consists of the following:
	bus request operation ('gmem_load_1_req', mmult_baseline.cpp:21) on port 'gmem' (mmult_baseline.cpp:21) [42]  (7.300 ns)

 <State 5>: 7.300ns
The critical path consists of the following:
	bus request operation ('gmem_load_1_req', mmult_baseline.cpp:21) on port 'gmem' (mmult_baseline.cpp:21) [42]  (7.300 ns)

 <State 6>: 7.300ns
The critical path consists of the following:
	bus request operation ('gmem_load_1_req', mmult_baseline.cpp:21) on port 'gmem' (mmult_baseline.cpp:21) [42]  (7.300 ns)

 <State 7>: 7.300ns
The critical path consists of the following:
	bus request operation ('gmem_load_1_req', mmult_baseline.cpp:21) on port 'gmem' (mmult_baseline.cpp:21) [42]  (7.300 ns)

 <State 8>: 7.300ns
The critical path consists of the following:
	bus request operation ('gmem_load_1_req', mmult_baseline.cpp:21) on port 'gmem' (mmult_baseline.cpp:21) [42]  (7.300 ns)

 <State 9>: 7.300ns
The critical path consists of the following:
	bus request operation ('gmem_load_1_req', mmult_baseline.cpp:21) on port 'gmem' (mmult_baseline.cpp:21) [42]  (7.300 ns)

 <State 10>: 7.300ns
The critical path consists of the following:
	bus read operation ('gmem_addr_read', mmult_baseline.cpp:21) on port 'gmem' (mmult_baseline.cpp:21) [43]  (7.300 ns)

 <State 11>: 7.300ns
The critical path consists of the following:
	bus read operation ('gmem_addr_1_read', mmult_baseline.cpp:21) on port 'gmem' (mmult_baseline.cpp:21) [52]  (7.300 ns)

 <State 12>: 5.572ns
The critical path consists of the following:
	'mul' operation 32 bit ('mul_ln21', mmult_baseline.cpp:21) [53]  (3.880 ns)
	'add' operation 32 bit ('add_ln21_3', mmult_baseline.cpp:21) [54]  (1.203 ns)
	'store' operation 0 bit ('store_ln21', mmult_baseline.cpp:21) of variable 'add_ln21_3', mmult_baseline.cpp:21 on local variable 'add187' [56]  (0.489 ns)


============================================================
+ Verbose Summary: Binding
============================================================
N/A
* FSMD analyzer results:
  - Output states:
 - Input state : 
  - Chain level:
	State 1
	State 2
	State 3
	State 4
	State 5
	State 6
	State 7
	State 8
	State 9
	State 10
	State 11
	State 12


============================================================
+ Verbose Summary: Datapath Resource usage 
============================================================
N/A
