

================================================================
== Vitis HLS Report for 'mmult_hw'
================================================================
* Date:           Sun Feb 22 22:49:47 2026

* Version:        2024.1 (Build 5069499 on May 21 2024)
* Project:        matmul_D11_Tiled
* Solution:       hls (Vivado IP Flow Target)
* Product family: zynquplus
* Target device:  xczu3eg-sbva484-1-e


================================================================
== Performance Estimates
================================================================
+ Timing: 
    * Summary: 
    +--------+----------+----------+------------+
    |  Clock |  Target  | Estimated| Uncertainty|
    +--------+----------+----------+------------+
    |ap_clk  |  10.00 ns|  7.300 ns|     2.70 ns|
    +--------+----------+----------+------------+

+ Latency: 
    * Summary: 
    +---------+---------+----------+----------+--------+--------+---------+
    |  Latency (cycles) |  Latency (absolute) |     Interval    | Pipeline|
    |   min   |   max   |    min   |    max   |   min  |   max  |   Type  |
    +---------+---------+----------+----------+--------+--------+---------+
    |   443857|   443857|  4.439 ms|  4.439 ms|  443858|  443858|       no|
    +---------+---------+----------+----------+--------+--------+---------+

    + Detail: 
        * Instance: 
        +-----------------------------------------------------+------------------------------------------+---------+---------+----------+----------+-----+-----+-----------------------------------------------+
        |                                                     |                                          |  Latency (cycles) |  Latency (absolute) |  Interval |                    Pipeline                   |
        |                       Instance                      |                  Module                  |   min   |   max   |    min   |    max   | min | max |                      Type                     |
        +-----------------------------------------------------+------------------------------------------+---------+---------+----------+----------+-----+-----+-----------------------------------------------+
        |grp_mmult_hw_Pipeline_init_i_init_j_fu_274           |mmult_hw_Pipeline_init_i_init_j           |      258|      258|  2.580 us|  2.580 us|  257|  257|  loop auto-rewind stp(delay=0 clock cycles(s))|
        |grp_mmult_hw_Pipeline_load_a_VITIS_LOOP_25_1_fu_279  |mmult_hw_Pipeline_load_a_VITIS_LOOP_25_1  |      268|      268|  2.680 us|  2.680 us|  257|  257|  loop auto-rewind stp(delay=0 clock cycles(s))|
        |grp_mmult_hw_Pipeline_store_i_store_j_fu_305         |mmult_hw_Pipeline_store_i_store_j         |      265|      265|  2.650 us|  2.650 us|  257|  257|  loop auto-rewind stp(delay=0 clock cycles(s))|
        |grp_mmult_hw_Pipeline_load_b_VITIS_LOOP_28_2_fu_316  |mmult_hw_Pipeline_load_b_VITIS_LOOP_28_2  |      268|      268|  2.680 us|  2.680 us|  257|  257|  loop auto-rewind stp(delay=0 clock cycles(s))|
        |grp_mmult_hw_Pipeline_comp_i_comp_j_fu_342           |mmult_hw_Pipeline_comp_i_comp_j           |      259|      259|  2.590 us|  2.590 us|  257|  257|  loop auto-rewind stp(delay=0 clock cycles(s))|
        +-----------------------------------------------------+------------------------------------------+---------+---------+----------+----------+-----+-----+-----------------------------------------------+

        * Loop: 
        +-------------+---------+---------+----------+-----------+-----------+------+----------+
        |             |  Latency (cycles) | Iteration|  Initiation Interval  | Trip |          |
        |  Loop Name  |   min   |   max   |  Latency |  achieved |   target  | Count| Pipelined|
        +-------------+---------+---------+----------+-----------+-----------+------+----------+
        |- tile_i     |   443856|   443856|     55482|          -|          -|     8|        no|
        | + tile_j    |    55480|    55480|      6935|          -|          -|     8|        no|
        |  ++ tile_k  |     6408|     6408|       801|          -|          -|     8|        no|
        +-------------+---------+---------+----------+-----------+-----------+------+----------+

============================================================
+ Verbose Summary: Synthesis Manager
============================================================
InlineROM: 1
ExposeGlobal: 0
============================================================
+ Verbose Summary: CDFG Model
============================================================
IsTopModel: 1
ResetActiveHigh: 1
IsCombinational: 0
IsDatapathOnly: 0
HasWiredReturn: 1
HasMFsm: 0
HasVarLatency: 1
IsPipeline: 0
IsRtlPipelined: 0
IsInstanceOverlapped: 0
IsDontTouch: 0
HasImplIP: 0
IsGatedGlobalClock: 0


============================================================
+ Verbose Summary: Schedule
============================================================
* Number of FSM states : 11
* Pipeline : 0
* Dataflow Pipeline: 0

* FSM state transitions: 
1 --> 2 
2 --> 3 
3 --> 4 2 
4 --> 5 
5 --> 6 11 
6 --> 7 
7 --> 8 
8 --> 9 
9 --> 10 
10 --> 5 
11 --> 3 

* FSM state operations: 

State 1 <SV = 0> <Delay = 1.35>
ST_1 : Operation 12 [1/1] (0.00ns)   --->   "%ti = alloca i32 1" [mmult_baseline.cpp:17]   --->   Operation 12 'alloca' 'ti' <Predicate = true> <Delay = 0.00>
ST_1 : Operation 13 [1/1] (0.00ns)   --->   "%spectopmodule_ln7 = spectopmodule void @_ssdm_op_SpecTopModule, void @empty_12" [mmult_baseline.cpp:7]   --->   Operation 13 'spectopmodule' 'spectopmodule_ln7' <Predicate = true> <Delay = 0.00>
ST_1 : Operation 14 [1/1] (0.00ns)   --->   "%specinterface_ln0 = specinterface void @_ssdm_op_SpecInterface, i32 %gmem, void @empty, i32 0, i32 0, void @empty_0, i32 0, i32 16384, void @empty_1, void @empty_2, void @empty_0, i32 16, i32 16, i32 16, i32 16, void @empty_0, void @empty_0, i32 4294967295, i32 0, i32 0"   --->   Operation 14 'specinterface' 'specinterface_ln0' <Predicate = true> <Delay = 0.00>
ST_1 : Operation 15 [1/1] (0.00ns)   --->   "%specbitsmap_ln0 = specbitsmap void @_ssdm_op_SpecBitsMap, i32 %gmem"   --->   Operation 15 'specbitsmap' 'specbitsmap_ln0' <Predicate = true> <Delay = 0.00>
ST_1 : Operation 16 [1/1] (0.00ns)   --->   "%specinterface_ln0 = specinterface void @_ssdm_op_SpecInterface, i64 %in1, void @empty_3, i32 0, i32 0, void @empty_0, i32 0, i32 0, void @empty_4, void @empty_5, void @empty_0, i32 0, i32 0, i32 0, i32 0, void @empty_0, void @empty_6, i32 4294967295, i32 0, i32 0"   --->   Operation 16 'specinterface' 'specinterface_ln0' <Predicate = true> <Delay = 0.00>
ST_1 : Operation 17 [1/1] (0.00ns)   --->   "%specinterface_ln0 = specinterface void @_ssdm_op_SpecInterface, i64 %in1, void @empty_7, i32 0, i32 0, void @empty_0, i32 0, i32 0, void @empty_0, void @empty_0, void @empty_0, i32 0, i32 0, i32 0, i32 0, void @empty_0, void @empty_6, i32 4294967295, i32 0, i32 0"   --->   Operation 17 'specinterface' 'specinterface_ln0' <Predicate = true> <Delay = 0.00>
ST_1 : Operation 18 [1/1] (0.00ns)   --->   "%specinterface_ln0 = specinterface void @_ssdm_op_SpecInterface, i64 %in2, void @empty_3, i32 0, i32 0, void @empty_0, i32 0, i32 0, void @empty_4, void @empty_8, void @empty_0, i32 0, i32 0, i32 0, i32 0, void @empty_0, void @empty_6, i32 4294967295, i32 0, i32 0"   --->   Operation 18 'specinterface' 'specinterface_ln0' <Predicate = true> <Delay = 0.00>
ST_1 : Operation 19 [1/1] (0.00ns)   --->   "%specinterface_ln0 = specinterface void @_ssdm_op_SpecInterface, i64 %in2, void @empty_7, i32 0, i32 0, void @empty_0, i32 0, i32 0, void @empty_0, void @empty_0, void @empty_0, i32 0, i32 0, i32 0, i32 0, void @empty_0, void @empty_6, i32 4294967295, i32 0, i32 0"   --->   Operation 19 'specinterface' 'specinterface_ln0' <Predicate = true> <Delay = 0.00>
ST_1 : Operation 20 [1/1] (0.00ns)   --->   "%specinterface_ln0 = specinterface void @_ssdm_op_SpecInterface, i64 %out_r, void @empty_3, i32 0, i32 0, void @empty_0, i32 0, i32 0, void @empty_4, void @empty_9, void @empty_0, i32 0, i32 0, i32 0, i32 0, void @empty_0, void @empty_6, i32 4294967295, i32 0, i32 0"   --->   Operation 20 'specinterface' 'specinterface_ln0' <Predicate = true> <Delay = 0.00>
ST_1 : Operation 21 [1/1] (0.00ns)   --->   "%specinterface_ln0 = specinterface void @_ssdm_op_SpecInterface, i64 %out_r, void @empty_7, i32 0, i32 0, void @empty_0, i32 0, i32 0, void @empty_0, void @empty_0, void @empty_0, i32 0, i32 0, i32 0, i32 0, void @empty_0, void @empty_6, i32 4294967295, i32 0, i32 0"   --->   Operation 21 'specinterface' 'specinterface_ln0' <Predicate = true> <Delay = 0.00>
ST_1 : Operation 22 [1/1] (0.00ns)   --->   "%specbitsmap_ln0 = specbitsmap void @_ssdm_op_SpecBitsMap, i32 %dim"   --->   Operation 22 'specbitsmap' 'specbitsmap_ln0' <Predicate = true> <Delay = 0.00>
ST_1 : Operation 23 [1/1] (0.00ns)   --->   "%specinterface_ln0 = specinterface void @_ssdm_op_SpecInterface, i32 %dim, void @empty_3, i32 4294967295, i32 4294967295, void @empty_10, i32 0, i32 0, void @empty_4, void @empty_11, void @empty_0, i32 0, i32 0, i32 0, i32 0, void @empty_0, void @empty_0, i32 4294967295, i32 0, i32 0"   --->   Operation 23 'specinterface' 'specinterface_ln0' <Predicate = true> <Delay = 0.00>
ST_1 : Operation 24 [1/1] (0.00ns)   --->   "%specinterface_ln0 = specinterface void @_ssdm_op_SpecInterface, i32 %dim, void @empty_7, i32 4294967295, i32 4294967295, void @empty_0, i32 0, i32 0, void @empty_0, void @empty_0, void @empty_0, i32 0, i32 0, i32 0, i32 0, void @empty_0, void @empty_0, i32 4294967295, i32 0, i32 0"   --->   Operation 24 'specinterface' 'specinterface_ln0' <Predicate = true> <Delay = 0.00>
ST_1 : Operation 25 [1/1] (0.00ns)   --->   "%specinterface_ln0 = specinterface void @_ssdm_op_SpecInterface, i32 0, void @empty_3, i32 0, i32 0, void @empty_0, i32 0, i32 0, void @empty_4, void @empty_0, void @empty_0, i32 0, i32 0, i32 0, i32 0, void @empty_0, void @empty_0, i32 4294967295, i32 0, i32 0"   --->   Operation 25 'specinterface' 'specinterface_ln0' <Predicate = true> <Delay = 0.00>
ST_1 : Operation 26 [1/1] (1.00ns)   --->   "%dim_read = read i32 @_ssdm_op_Read.s_axilite.i32, i32 %dim"   --->   Operation 26 'read' 'dim_read' <Predicate = true> <Delay = 1.00> <CoreInst = "s_axilite">   --->   Core 120 's_axilite' <Latency = 0> <II = 1> <Delay = 1.00> <Adapter> <Opcode : 'read' 'write'>
ST_1 : Operation 27 [1/1] (1.00ns)   --->   "%out_r_read = read i64 @_ssdm_op_Read.s_axilite.i64, i64 %out_r"   --->   Operation 27 'read' 'out_r_read' <Predicate = true> <Delay = 1.00> <CoreInst = "s_axilite">   --->   Core 120 's_axilite' <Latency = 0> <II = 1> <Delay = 1.00> <Adapter> <Opcode : 'read' 'write'>
ST_1 : Operation 28 [1/1] (1.00ns)   --->   "%in2_read = read i64 @_ssdm_op_Read.s_axilite.i64, i64 %in2"   --->   Operation 28 'read' 'in2_read' <Predicate = true> <Delay = 1.00> <CoreInst = "s_axilite">   --->   Core 120 's_axilite' <Latency = 0> <II = 1> <Delay = 1.00> <Adapter> <Opcode : 'read' 'write'>
ST_1 : Operation 29 [1/1] (1.00ns)   --->   "%in1_read = read i64 @_ssdm_op_Read.s_axilite.i64, i64 %in1"   --->   Operation 29 'read' 'in1_read' <Predicate = true> <Delay = 1.00> <CoreInst = "s_axilite">   --->   Core 120 's_axilite' <Latency = 0> <II = 1> <Delay = 1.00> <Adapter> <Opcode : 'read' 'write'>
ST_1 : Operation 30 [1/1] (0.79ns)   --->   "%tA = alloca i64 1" [mmult_baseline.cpp:15]   --->   Operation 30 'alloca' 'tA' <Predicate = true> <Delay = 0.79>
ST_1 : Operation 31 [1/1] (0.79ns)   --->   "%tA_1 = alloca i64 1" [mmult_baseline.cpp:15]   --->   Operation 31 'alloca' 'tA_1' <Predicate = true> <Delay = 0.79>
ST_1 : Operation 32 [1/1] (0.79ns)   --->   "%tA_2 = alloca i64 1" [mmult_baseline.cpp:15]   --->   Operation 32 'alloca' 'tA_2' <Predicate = true> <Delay = 0.79>
ST_1 : Operation 33 [1/1] (0.79ns)   --->   "%tA_3 = alloca i64 1" [mmult_baseline.cpp:15]   --->   Operation 33 'alloca' 'tA_3' <Predicate = true> <Delay = 0.79>
ST_1 : Operation 34 [1/1] (0.79ns)   --->   "%tA_4 = alloca i64 1" [mmult_baseline.cpp:15]   --->   Operation 34 'alloca' 'tA_4' <Predicate = true> <Delay = 0.79>
ST_1 : Operation 35 [1/1] (0.79ns)   --->   "%tA_5 = alloca i64 1" [mmult_baseline.cpp:15]   --->   Operation 35 'alloca' 'tA_5' <Predicate = true> <Delay = 0.79>
ST_1 : Operation 36 [1/1] (0.79ns)   --->   "%tA_6 = alloca i64 1" [mmult_baseline.cpp:15]   --->   Operation 36 'alloca' 'tA_6' <Predicate = true> <Delay = 0.79>
ST_1 : Operation 37 [1/1] (0.79ns)   --->   "%tA_7 = alloca i64 1" [mmult_baseline.cpp:15]   --->   Operation 37 'alloca' 'tA_7' <Predicate = true> <Delay = 0.79>
ST_1 : Operation 38 [1/1] (0.79ns)   --->   "%tA_8 = alloca i64 1" [mmult_baseline.cpp:15]   --->   Operation 38 'alloca' 'tA_8' <Predicate = true> <Delay = 0.79>
ST_1 : Operation 39 [1/1] (0.79ns)   --->   "%tA_9 = alloca i64 1" [mmult_baseline.cpp:15]   --->   Operation 39 'alloca' 'tA_9' <Predicate = true> <Delay = 0.79>
ST_1 : Operation 40 [1/1] (0.79ns)   --->   "%tA_10 = alloca i64 1" [mmult_baseline.cpp:15]   --->   Operation 40 'alloca' 'tA_10' <Predicate = true> <Delay = 0.79>
ST_1 : Operation 41 [1/1] (0.79ns)   --->   "%tA_11 = alloca i64 1" [mmult_baseline.cpp:15]   --->   Operation 41 'alloca' 'tA_11' <Predicate = true> <Delay = 0.79>
ST_1 : Operation 42 [1/1] (0.79ns)   --->   "%tA_12 = alloca i64 1" [mmult_baseline.cpp:15]   --->   Operation 42 'alloca' 'tA_12' <Predicate = true> <Delay = 0.79>
ST_1 : Operation 43 [1/1] (0.79ns)   --->   "%tA_13 = alloca i64 1" [mmult_baseline.cpp:15]   --->   Operation 43 'alloca' 'tA_13' <Predicate = true> <Delay = 0.79>
ST_1 : Operation 44 [1/1] (0.79ns)   --->   "%tA_14 = alloca i64 1" [mmult_baseline.cpp:15]   --->   Operation 44 'alloca' 'tA_14' <Predicate = true> <Delay = 0.79>
ST_1 : Operation 45 [1/1] (0.79ns)   --->   "%tA_15 = alloca i64 1" [mmult_baseline.cpp:15]   --->   Operation 45 'alloca' 'tA_15' <Predicate = true> <Delay = 0.79>
ST_1 : Operation 46 [1/1] (0.79ns)   --->   "%tB = alloca i64 1" [mmult_baseline.cpp:15]   --->   Operation 46 'alloca' 'tB' <Predicate = true> <Delay = 0.79>
ST_1 : Operation 47 [1/1] (0.79ns)   --->   "%tB_1 = alloca i64 1" [mmult_baseline.cpp:15]   --->   Operation 47 'alloca' 'tB_1' <Predicate = true> <Delay = 0.79>
ST_1 : Operation 48 [1/1] (0.79ns)   --->   "%tB_2 = alloca i64 1" [mmult_baseline.cpp:15]   --->   Operation 48 'alloca' 'tB_2' <Predicate = true> <Delay = 0.79>
ST_1 : Operation 49 [1/1] (0.79ns)   --->   "%tB_3 = alloca i64 1" [mmult_baseline.cpp:15]   --->   Operation 49 'alloca' 'tB_3' <Predicate = true> <Delay = 0.79>
ST_1 : Operation 50 [1/1] (0.79ns)   --->   "%tB_4 = alloca i64 1" [mmult_baseline.cpp:15]   --->   Operation 50 'alloca' 'tB_4' <Predicate = true> <Delay = 0.79>
ST_1 : Operation 51 [1/1] (0.79ns)   --->   "%tB_5 = alloca i64 1" [mmult_baseline.cpp:15]   --->   Operation 51 'alloca' 'tB_5' <Predicate = true> <Delay = 0.79>
ST_1 : Operation 52 [1/1] (0.79ns)   --->   "%tB_6 = alloca i64 1" [mmult_baseline.cpp:15]   --->   Operation 52 'alloca' 'tB_6' <Predicate = true> <Delay = 0.79>
ST_1 : Operation 53 [1/1] (0.79ns)   --->   "%tB_7 = alloca i64 1" [mmult_baseline.cpp:15]   --->   Operation 53 'alloca' 'tB_7' <Predicate = true> <Delay = 0.79>
ST_1 : Operation 54 [1/1] (0.79ns)   --->   "%tB_8 = alloca i64 1" [mmult_baseline.cpp:15]   --->   Operation 54 'alloca' 'tB_8' <Predicate = true> <Delay = 0.79>
ST_1 : Operation 55 [1/1] (0.79ns)   --->   "%tB_9 = alloca i64 1" [mmult_baseline.cpp:15]   --->   Operation 55 'alloca' 'tB_9' <Predicate = true> <Delay = 0.79>
ST_1 : Operation 56 [1/1] (0.79ns)   --->   "%tB_10 = alloca i64 1" [mmult_baseline.cpp:15]   --->   Operation 56 'alloca' 'tB_10' <Predicate = true> <Delay = 0.79>
ST_1 : Operation 57 [1/1] (0.79ns)   --->   "%tB_11 = alloca i64 1" [mmult_baseline.cpp:15]   --->   Operation 57 'alloca' 'tB_11' <Predicate = true> <Delay = 0.79>
ST_1 : Operation 58 [1/1] (0.79ns)   --->   "%tB_12 = alloca i64 1" [mmult_baseline.cpp:15]   --->   Operation 58 'alloca' 'tB_12' <Predicate = true> <Delay = 0.79>
ST_1 : Operation 59 [1/1] (0.79ns)   --->   "%tB_13 = alloca i64 1" [mmult_baseline.cpp:15]   --->   Operation 59 'alloca' 'tB_13' <Predicate = true> <Delay = 0.79>
ST_1 : Operation 60 [1/1] (0.79ns)   --->   "%tB_14 = alloca i64 1" [mmult_baseline.cpp:15]   --->   Operation 60 'alloca' 'tB_14' <Predicate = true> <Delay = 0.79>
ST_1 : Operation 61 [1/1] (0.79ns)   --->   "%tB_15 = alloca i64 1" [mmult_baseline.cpp:15]   --->   Operation 61 'alloca' 'tB_15' <Predicate = true> <Delay = 0.79>
ST_1 : Operation 62 [1/1] (1.35ns)   --->   "%tC = alloca i64 1" [mmult_baseline.cpp:15]   --->   Operation 62 'alloca' 'tC' <Predicate = true> <Delay = 1.35>
ST_1 : Operation 63 [1/1] (0.00ns)   --->   "%sext_ln17 = sext i32 %dim_read" [mmult_baseline.cpp:17]   --->   Operation 63 'sext' 'sext_ln17' <Predicate = true> <Delay = 0.00>
ST_1 : Operation 64 [1/1] (0.48ns)   --->   "%store_ln17 = store i4 0, i4 %ti" [mmult_baseline.cpp:17]   --->   Operation 64 'store' 'store_ln17' <Predicate = true> <Delay = 0.48>
ST_1 : Operation 65 [1/1] (0.00ns)   --->   "%br_ln17 = br void %tile_j" [mmult_baseline.cpp:17]   --->   Operation 65 'br' 'br_ln17' <Predicate = true> <Delay = 0.00>

State 2 <SV = 1> <Delay = 3.88>
ST_2 : Operation 66 [1/1] (0.00ns)   --->   "%ti_1 = load i4 %ti"   --->   Operation 66 'load' 'ti_1' <Predicate = true> <Delay = 0.00>
ST_2 : Operation 67 [1/1] (0.86ns)   --->   "%icmp_ln17 = icmp_eq  i4 %ti_1, i4 8" [mmult_baseline.cpp:17]   --->   Operation 67 'icmp' 'icmp_ln17' <Predicate = true> <Delay = 0.86> <CoreInst = "Cmp">   --->   Core 9 'Cmp' <Latency = 0> <II = 1> <Delay = 0.86> <FuncUnit> <Opcode : 'seteq' 'setne' 'setle' 'setge' 'setlt' 'setgt'> <InPorts = 2> <OutPorts = 1>
ST_2 : Operation 68 [1/1] (0.86ns)   --->   "%add_ln17 = add i4 %ti_1, i4 1" [mmult_baseline.cpp:17]   --->   Operation 68 'add' 'add_ln17' <Predicate = true> <Delay = 0.86> <CoreInst = "Adder">   --->   Core 1 'Adder' <Latency = 0> <II = 1> <Delay = 0.86> <FuncUnit> <Opcode : 'add' 'sub'> <InPorts = 2> <OutPorts = 1>
ST_2 : Operation 69 [1/1] (0.00ns)   --->   "%br_ln17 = br i1 %icmp_ln17, void %tile_j.split, void %for.end149" [mmult_baseline.cpp:17]   --->   Operation 69 'br' 'br_ln17' <Predicate = true> <Delay = 0.00>
ST_2 : Operation 70 [1/1] (0.00ns)   --->   "%speclooptripcount_ln17 = speclooptripcount void @_ssdm_op_SpecLoopTripCount, i64 8, i64 8, i64 8" [mmult_baseline.cpp:17]   --->   Operation 70 'speclooptripcount' 'speclooptripcount_ln17' <Predicate = (!icmp_ln17)> <Delay = 0.00>
ST_2 : Operation 71 [1/1] (0.00ns)   --->   "%specloopname_ln17 = specloopname void @_ssdm_op_SpecLoopName, void @empty_15" [mmult_baseline.cpp:17]   --->   Operation 71 'specloopname' 'specloopname_ln17' <Predicate = (!icmp_ln17)> <Delay = 0.00>
ST_2 : Operation 72 [1/1] (0.00ns)   --->   "%empty = trunc i4 %ti_1"   --->   Operation 72 'trunc' 'empty' <Predicate = (!icmp_ln17)> <Delay = 0.00>
ST_2 : Operation 73 [1/1] (0.00ns)   --->   "%ti_cast_cast = zext i3 %empty"   --->   Operation 73 'zext' 'ti_cast_cast' <Predicate = (!icmp_ln17)> <Delay = 0.00>
ST_2 : Operation 74 [1/1] (3.88ns)   --->   "%empty_36 = mul i35 %ti_cast_cast, i35 %sext_ln17" [mmult_baseline.cpp:17]   --->   Operation 74 'mul' 'empty_36' <Predicate = (!icmp_ln17)> <Delay = 3.88> <CoreInst = "Multiplier">   --->   Core 3 'Multiplier' <Latency = 0> <II = 1> <Delay = 3.88> <FuncUnit> <Opcode : 'mul'> <InPorts = 2> <OutPorts = 1>
ST_2 : Operation 75 [1/1] (0.00ns)   --->   "%tmp_1 = bitconcatenate i39 @_ssdm_op_BitConcatenate.i39.i35.i4, i35 %empty_36, i4 0" [mmult_baseline.cpp:17]   --->   Operation 75 'bitconcatenate' 'tmp_1' <Predicate = (!icmp_ln17)> <Delay = 0.00>
ST_2 : Operation 76 [1/1] (0.48ns)   --->   "%br_ln18 = br void %init_i" [mmult_baseline.cpp:18]   --->   Operation 76 'br' 'br_ln18' <Predicate = (!icmp_ln17)> <Delay = 0.48>
ST_2 : Operation 77 [1/1] (0.00ns)   --->   "%ret_ln39 = ret" [mmult_baseline.cpp:39]   --->   Operation 77 'ret' 'ret_ln39' <Predicate = (icmp_ln17)> <Delay = 0.00>

State 3 <SV = 2> <Delay = 1.35>
ST_3 : Operation 78 [1/1] (0.00ns)   --->   "%tj = phi i4 0, void %tile_j.split, i4 %add_ln18, void %for.inc138.preheader" [mmult_baseline.cpp:18]   --->   Operation 78 'phi' 'tj' <Predicate = true> <Delay = 0.00>
ST_3 : Operation 79 [1/1] (0.86ns)   --->   "%icmp_ln18 = icmp_eq  i4 %tj, i4 8" [mmult_baseline.cpp:18]   --->   Operation 79 'icmp' 'icmp_ln18' <Predicate = true> <Delay = 0.86> <CoreInst = "Cmp">   --->   Core 9 'Cmp' <Latency = 0> <II = 1> <Delay = 0.86> <FuncUnit> <Opcode : 'seteq' 'setne' 'setle' 'setge' 'setlt' 'setgt'> <InPorts = 2> <OutPorts = 1>
ST_3 : Operation 80 [1/1] (0.86ns)   --->   "%add_ln18 = add i4 %tj, i4 1" [mmult_baseline.cpp:18]   --->   Operation 80 'add' 'add_ln18' <Predicate = true> <Delay = 0.86> <CoreInst = "Adder">   --->   Core 1 'Adder' <Latency = 0> <II = 1> <Delay = 0.86> <FuncUnit> <Opcode : 'add' 'sub'> <InPorts = 2> <OutPorts = 1>
ST_3 : Operation 81 [1/1] (0.00ns)   --->   "%br_ln18 = br i1 %icmp_ln18, void %init_i.split, void %for.inc147" [mmult_baseline.cpp:18]   --->   Operation 81 'br' 'br_ln18' <Predicate = true> <Delay = 0.00>
ST_3 : Operation 82 [2/2] (0.00ns)   --->   "%call_ln0 = call void @mmult_hw_Pipeline_init_i_init_j, i32 %tC"   --->   Operation 82 'call' 'call_ln0' <Predicate = (!icmp_ln18)> <Delay = 0.00> <CoreType = "Generic">   --->   Core 0 '' <Latency = 0> <II = 1> <Delay = 1.00> <Generic> <Opcode : >
ST_3 : Operation 83 [1/1] (0.00ns)   --->   "%trunc_ln19 = trunc i4 %tj" [mmult_baseline.cpp:19]   --->   Operation 83 'trunc' 'trunc_ln19' <Predicate = (!icmp_ln18)> <Delay = 0.00>
ST_3 : Operation 84 [1/1] (0.48ns)   --->   "%store_ln17 = store i4 %add_ln17, i4 %ti" [mmult_baseline.cpp:17]   --->   Operation 84 'store' 'store_ln17' <Predicate = (icmp_ln18)> <Delay = 0.48>
ST_3 : Operation 85 [1/1] (0.00ns)   --->   "%br_ln17 = br void %tile_j" [mmult_baseline.cpp:17]   --->   Operation 85 'br' 'br_ln17' <Predicate = (icmp_ln18)> <Delay = 0.00>

State 4 <SV = 3> <Delay = 1.89>
ST_4 : Operation 86 [1/1] (0.00ns)   --->   "%speclooptripcount_ln18 = speclooptripcount void @_ssdm_op_SpecLoopTripCount, i64 8, i64 8, i64 8" [mmult_baseline.cpp:18]   --->   Operation 86 'speclooptripcount' 'speclooptripcount_ln18' <Predicate = true> <Delay = 0.00>
ST_4 : Operation 87 [1/1] (0.00ns)   --->   "%specloopname_ln18 = specloopname void @_ssdm_op_SpecLoopName, void @empty_14" [mmult_baseline.cpp:18]   --->   Operation 87 'specloopname' 'specloopname_ln18' <Predicate = true> <Delay = 0.00>
ST_4 : Operation 88 [1/2] (1.89ns)   --->   "%call_ln0 = call void @mmult_hw_Pipeline_init_i_init_j, i32 %tC"   --->   Operation 88 'call' 'call_ln0' <Predicate = true> <Delay = 1.89> <CoreType = "Generic">   --->   Core 0 '' <Latency = 0> <II = 1> <Delay = 1.00> <Generic> <Opcode : >
ST_4 : Operation 89 [1/1] (0.00ns)   --->   "%shl_ln = bitconcatenate i7 @_ssdm_op_BitConcatenate.i7.i3.i4, i3 %trunc_ln19, i4 0" [mmult_baseline.cpp:19]   --->   Operation 89 'bitconcatenate' 'shl_ln' <Predicate = true> <Delay = 0.00>
ST_4 : Operation 90 [1/1] (0.48ns)   --->   "%br_ln23 = br void %load_a" [mmult_baseline.cpp:23]   --->   Operation 90 'br' 'br_ln23' <Predicate = true> <Delay = 0.48>

State 5 <SV = 4> <Delay = 3.88>
ST_5 : Operation 91 [1/1] (0.00ns)   --->   "%tk = phi i4 0, void %init_i.split, i4 %add_ln23, void %load_a.split" [mmult_baseline.cpp:23]   --->   Operation 91 'phi' 'tk' <Predicate = true> <Delay = 0.00>
ST_5 : Operation 92 [1/1] (0.86ns)   --->   "%icmp_ln23 = icmp_eq  i4 %tk, i4 8" [mmult_baseline.cpp:23]   --->   Operation 92 'icmp' 'icmp_ln23' <Predicate = true> <Delay = 0.86> <CoreInst = "Cmp">   --->   Core 9 'Cmp' <Latency = 0> <II = 1> <Delay = 0.86> <FuncUnit> <Opcode : 'seteq' 'setne' 'setle' 'setge' 'setlt' 'setgt'> <InPorts = 2> <OutPorts = 1>
ST_5 : Operation 93 [1/1] (0.86ns)   --->   "%add_ln23 = add i4 %tk, i4 1" [mmult_baseline.cpp:23]   --->   Operation 93 'add' 'add_ln23' <Predicate = true> <Delay = 0.86> <CoreInst = "Adder">   --->   Core 1 'Adder' <Latency = 0> <II = 1> <Delay = 0.86> <FuncUnit> <Opcode : 'add' 'sub'> <InPorts = 2> <OutPorts = 1>
ST_5 : Operation 94 [1/1] (0.00ns)   --->   "%br_ln23 = br i1 %icmp_ln23, void %load_a.split, void %for.inc138.preheader" [mmult_baseline.cpp:23]   --->   Operation 94 'br' 'br_ln23' <Predicate = true> <Delay = 0.00>
ST_5 : Operation 95 [1/1] (0.00ns)   --->   "%empty_37 = trunc i4 %tk" [mmult_baseline.cpp:23]   --->   Operation 95 'trunc' 'empty_37' <Predicate = (!icmp_ln23)> <Delay = 0.00>
ST_5 : Operation 96 [1/1] (0.00ns)   --->   "%tmp_5 = bitconcatenate i7 @_ssdm_op_BitConcatenate.i7.i3.i4, i3 %empty_37, i4 0" [mmult_baseline.cpp:23]   --->   Operation 96 'bitconcatenate' 'tmp_5' <Predicate = (!icmp_ln23)> <Delay = 0.00>
ST_5 : Operation 97 [2/2] (0.00ns)   --->   "%call_ln17 = call void @mmult_hw_Pipeline_load_a_VITIS_LOOP_25_1, i32 %gmem, i32 %tA, i32 %tA_1, i32 %tA_2, i32 %tA_3, i32 %tA_4, i32 %tA_5, i32 %tA_6, i32 %tA_7, i32 %tA_8, i32 %tA_9, i32 %tA_10, i32 %tA_11, i32 %tA_12, i32 %tA_13, i32 %tA_14, i32 %tA_15, i32 %dim_read, i39 %tmp_1, i7 %tmp_5, i64 %in1_read" [mmult_baseline.cpp:17]   --->   Operation 97 'call' 'call_ln17' <Predicate = (!icmp_ln23)> <Delay = 0.00> <CoreType = "Generic">   --->   Core 0 '' <Latency = 0> <II = 1> <Delay = 1.00> <Generic> <Opcode : >
ST_5 : Operation 98 [1/1] (0.00ns)   --->   "%tk_cast20_cast = zext i3 %empty_37" [mmult_baseline.cpp:23]   --->   Operation 98 'zext' 'tk_cast20_cast' <Predicate = (!icmp_ln23)> <Delay = 0.00>
ST_5 : Operation 99 [1/1] (3.88ns)   --->   "%empty_38 = mul i35 %tk_cast20_cast, i35 %sext_ln17" [mmult_baseline.cpp:23]   --->   Operation 99 'mul' 'empty_38' <Predicate = (!icmp_ln23)> <Delay = 3.88> <CoreInst = "Multiplier">   --->   Core 3 'Multiplier' <Latency = 0> <II = 1> <Delay = 3.88> <FuncUnit> <Opcode : 'mul'> <InPorts = 2> <OutPorts = 1>
ST_5 : Operation 100 [2/2] (0.00ns)   --->   "%call_ln17 = call void @mmult_hw_Pipeline_store_i_store_j, i32 %gmem, i32 %tC, i32 %dim_read, i39 %tmp_1, i7 %shl_ln, i64 %out_r_read" [mmult_baseline.cpp:17]   --->   Operation 100 'call' 'call_ln17' <Predicate = (icmp_ln23)> <Delay = 0.00> <CoreType = "Generic">   --->   Core 0 '' <Latency = 0> <II = 1> <Delay = 1.00> <Generic> <Opcode : >

State 6 <SV = 5> <Delay = 0.00>
ST_6 : Operation 101 [1/2] (0.00ns)   --->   "%call_ln17 = call void @mmult_hw_Pipeline_load_a_VITIS_LOOP_25_1, i32 %gmem, i32 %tA, i32 %tA_1, i32 %tA_2, i32 %tA_3, i32 %tA_4, i32 %tA_5, i32 %tA_6, i32 %tA_7, i32 %tA_8, i32 %tA_9, i32 %tA_10, i32 %tA_11, i32 %tA_12, i32 %tA_13, i32 %tA_14, i32 %tA_15, i32 %dim_read, i39 %tmp_1, i7 %tmp_5, i64 %in1_read" [mmult_baseline.cpp:17]   --->   Operation 101 'call' 'call_ln17' <Predicate = true> <Delay = 0.00> <CoreType = "Generic">   --->   Core 0 '' <Latency = 0> <II = 1> <Delay = 1.00> <Generic> <Opcode : >

State 7 <SV = 6> <Delay = 5.09>
ST_7 : Operation 102 [1/1] (0.00ns)   --->   "%tmp_7 = bitconcatenate i39 @_ssdm_op_BitConcatenate.i39.i35.i4, i35 %empty_38, i4 0" [mmult_baseline.cpp:23]   --->   Operation 102 'bitconcatenate' 'tmp_7' <Predicate = true> <Delay = 0.00>
ST_7 : Operation 103 [2/2] (5.09ns)   --->   "%call_ln19 = call void @mmult_hw_Pipeline_load_b_VITIS_LOOP_28_2, i32 %gmem, i32 %tB_15, i32 %tB_14, i32 %tB_13, i32 %tB_12, i32 %tB_11, i32 %tB_10, i32 %tB_9, i32 %tB_8, i32 %tB_7, i32 %tB_6, i32 %tB_5, i32 %tB_4, i32 %tB_3, i32 %tB_2, i32 %tB_1, i32 %tB, i32 %dim_read, i7 %shl_ln, i39 %tmp_7, i64 %in2_read" [mmult_baseline.cpp:19]   --->   Operation 103 'call' 'call_ln19' <Predicate = true> <Delay = 5.09> <CoreType = "Generic">   --->   Core 0 '' <Latency = 0> <II = 1> <Delay = 1.00> <Generic> <Opcode : >

State 8 <SV = 7> <Delay = 0.00>
ST_8 : Operation 104 [1/2] (0.00ns)   --->   "%call_ln19 = call void @mmult_hw_Pipeline_load_b_VITIS_LOOP_28_2, i32 %gmem, i32 %tB_15, i32 %tB_14, i32 %tB_13, i32 %tB_12, i32 %tB_11, i32 %tB_10, i32 %tB_9, i32 %tB_8, i32 %tB_7, i32 %tB_6, i32 %tB_5, i32 %tB_4, i32 %tB_3, i32 %tB_2, i32 %tB_1, i32 %tB, i32 %dim_read, i7 %shl_ln, i39 %tmp_7, i64 %in2_read" [mmult_baseline.cpp:19]   --->   Operation 104 'call' 'call_ln19' <Predicate = true> <Delay = 0.00> <CoreType = "Generic">   --->   Core 0 '' <Latency = 0> <II = 1> <Delay = 1.00> <Generic> <Opcode : >

State 9 <SV = 8> <Delay = 0.00>
ST_9 : Operation 105 [2/2] (0.00ns)   --->   "%call_ln0 = call void @mmult_hw_Pipeline_comp_i_comp_j, i32 %tA, i32 %tA_1, i32 %tA_2, i32 %tA_3, i32 %tA_4, i32 %tA_5, i32 %tA_6, i32 %tA_7, i32 %tA_8, i32 %tA_9, i32 %tA_10, i32 %tA_11, i32 %tA_12, i32 %tA_13, i32 %tA_14, i32 %tA_15, i32 %tC, i32 %tB, i32 %tB_1, i32 %tB_2, i32 %tB_3, i32 %tB_4, i32 %tB_5, i32 %tB_6, i32 %tB_7, i32 %tB_8, i32 %tB_9, i32 %tB_10, i32 %tB_11, i32 %tB_12, i32 %tB_13, i32 %tB_14, i32 %tB_15"   --->   Operation 105 'call' 'call_ln0' <Predicate = true> <Delay = 0.00> <CoreType = "Generic">   --->   Core 0 '' <Latency = 0> <II = 1> <Delay = 1.00> <Generic> <Opcode : >

State 10 <SV = 9> <Delay = 0.00>
ST_10 : Operation 106 [1/1] (0.00ns)   --->   "%speclooptripcount_ln23 = speclooptripcount void @_ssdm_op_SpecLoopTripCount, i64 8, i64 8, i64 8" [mmult_baseline.cpp:23]   --->   Operation 106 'speclooptripcount' 'speclooptripcount_ln23' <Predicate = true> <Delay = 0.00>
ST_10 : Operation 107 [1/1] (0.00ns)   --->   "%specloopname_ln23 = specloopname void @_ssdm_op_SpecLoopName, void @empty_13" [mmult_baseline.cpp:23]   --->   Operation 107 'specloopname' 'specloopname_ln23' <Predicate = true> <Delay = 0.00>
ST_10 : Operation 108 [1/2] (0.00ns)   --->   "%call_ln0 = call void @mmult_hw_Pipeline_comp_i_comp_j, i32 %tA, i32 %tA_1, i32 %tA_2, i32 %tA_3, i32 %tA_4, i32 %tA_5, i32 %tA_6, i32 %tA_7, i32 %tA_8, i32 %tA_9, i32 %tA_10, i32 %tA_11, i32 %tA_12, i32 %tA_13, i32 %tA_14, i32 %tA_15, i32 %tC, i32 %tB, i32 %tB_1, i32 %tB_2, i32 %tB_3, i32 %tB_4, i32 %tB_5, i32 %tB_6, i32 %tB_7, i32 %tB_8, i32 %tB_9, i32 %tB_10, i32 %tB_11, i32 %tB_12, i32 %tB_13, i32 %tB_14, i32 %tB_15"   --->   Operation 108 'call' 'call_ln0' <Predicate = true> <Delay = 0.00> <CoreType = "Generic">   --->   Core 0 '' <Latency = 0> <II = 1> <Delay = 1.00> <Generic> <Opcode : >
ST_10 : Operation 109 [1/1] (0.00ns)   --->   "%br_ln23 = br void %load_a" [mmult_baseline.cpp:23]   --->   Operation 109 'br' 'br_ln23' <Predicate = true> <Delay = 0.00>

State 11 <SV = 5> <Delay = 0.00>
ST_11 : Operation 110 [1/2] (0.00ns)   --->   "%call_ln17 = call void @mmult_hw_Pipeline_store_i_store_j, i32 %gmem, i32 %tC, i32 %dim_read, i39 %tmp_1, i7 %shl_ln, i64 %out_r_read" [mmult_baseline.cpp:17]   --->   Operation 110 'call' 'call_ln17' <Predicate = true> <Delay = 0.00> <CoreType = "Generic">   --->   Core 0 '' <Latency = 0> <II = 1> <Delay = 1.00> <Generic> <Opcode : >
ST_11 : Operation 111 [1/1] (0.00ns)   --->   "%br_ln18 = br void %init_i" [mmult_baseline.cpp:18]   --->   Operation 111 'br' 'br_ln18' <Predicate = true> <Delay = 0.00>


============================================================
+ Verbose Summary: Binding
============================================================
STG Binding: 
---------------- STG Properties BEGIN ----------------
- Is combinational: 0
- Is one-state seq: 0
- Is datapath-only: 0
- Is pipelined: 0
- Is top level: 1
Port [ Return ] is wired: 1; IO mode=ap_ctrl_hs:ce=0
Port [ gmem]:  wired=1; compound=1; hidden=0; nouse=0; global=0; static=0; extern=0; dir=2; type=4; pingpong=0; private_global=0; IO mode=m_axi:ce=0
Port [ in1]:  wired=1; compound=0; hidden=0; nouse=0; global=0; static=0; extern=0; dir=0; type=0; pingpong=0; private_global=0; IO mode=ap_none:ce=0
Port [ in2]:  wired=1; compound=0; hidden=0; nouse=0; global=0; static=0; extern=0; dir=0; type=0; pingpong=0; private_global=0; IO mode=ap_none:ce=0
Port [ out_r]:  wired=1; compound=0; hidden=0; nouse=0; global=0; static=0; extern=0; dir=0; type=0; pingpong=0; private_global=0; IO mode=ap_none:ce=0
Port [ dim]:  wired=1; compound=0; hidden=0; nouse=0; global=0; static=0; extern=0; dir=0; type=0; pingpong=0; private_global=0; IO mode=ap_none:ce=0
---------------- STG Properties END ------------------

---------------- Datapath Model BEGIN ----------------

<LifeTime>
<method=bitvector/>
ti                     (alloca           ) [ 011111111111]
spectopmodule_ln7      (spectopmodule    ) [ 000000000000]
specinterface_ln0      (specinterface    ) [ 000000000000]
specbitsmap_ln0        (specbitsmap      ) [ 000000000000]
specinterface_ln0      (specinterface    ) [ 000000000000]
specinterface_ln0      (specinterface    ) [ 000000000000]
specinterface_ln0      (specinterface    ) [ 000000000000]
specinterface_ln0      (specinterface    ) [ 000000000000]
specinterface_ln0      (specinterface    ) [ 000000000000]
specinterface_ln0      (specinterface    ) [ 000000000000]
specbitsmap_ln0        (specbitsmap      ) [ 000000000000]
specinterface_ln0      (specinterface    ) [ 000000000000]
specinterface_ln0      (specinterface    ) [ 000000000000]
specinterface_ln0      (specinterface    ) [ 000000000000]
dim_read               (read             ) [ 001111111111]
out_r_read             (read             ) [ 001111111111]
in2_read               (read             ) [ 001111111111]
in1_read               (read             ) [ 001111111111]
tA                     (alloca           ) [ 001111111111]
tA_1                   (alloca           ) [ 001111111111]
tA_2                   (alloca           ) [ 001111111111]
tA_3                   (alloca           ) [ 001111111111]
tA_4                   (alloca           ) [ 001111111111]
tA_5                   (alloca           ) [ 001111111111]
tA_6                   (alloca           ) [ 001111111111]
tA_7                   (alloca           ) [ 001111111111]
tA_8                   (alloca           ) [ 001111111111]
tA_9                   (alloca           ) [ 001111111111]
tA_10                  (alloca           ) [ 001111111111]
tA_11                  (alloca           ) [ 001111111111]
tA_12                  (alloca           ) [ 001111111111]
tA_13                  (alloca           ) [ 001111111111]
tA_14                  (alloca           ) [ 001111111111]
tA_15                  (alloca           ) [ 001111111111]
tB                     (alloca           ) [ 001111111111]
tB_1                   (alloca           ) [ 001111111111]
tB_2                   (alloca           ) [ 001111111111]
tB_3                   (alloca           ) [ 001111111111]
tB_4                   (alloca           ) [ 001111111111]
tB_5                   (alloca           ) [ 001111111111]
tB_6                   (alloca           ) [ 001111111111]
tB_7                   (alloca           ) [ 001111111111]
tB_8                   (alloca           ) [ 001111111111]
tB_9                   (alloca           ) [ 001111111111]
tB_10                  (alloca           ) [ 001111111111]
tB_11                  (alloca           ) [ 001111111111]
tB_12                  (alloca           ) [ 001111111111]
tB_13                  (alloca           ) [ 001111111111]
tB_14                  (alloca           ) [ 001111111111]
tB_15                  (alloca           ) [ 001111111111]
tC                     (alloca           ) [ 001111111111]
sext_ln17              (sext             ) [ 001111111111]
store_ln17             (store            ) [ 000000000000]
br_ln17                (br               ) [ 000000000000]
ti_1                   (load             ) [ 000000000000]
icmp_ln17              (icmp             ) [ 001111111111]
add_ln17               (add              ) [ 000111111111]
br_ln17                (br               ) [ 000000000000]
speclooptripcount_ln17 (speclooptripcount) [ 000000000000]
specloopname_ln17      (specloopname     ) [ 000000000000]
empty                  (trunc            ) [ 000000000000]
ti_cast_cast           (zext             ) [ 000000000000]
empty_36               (mul              ) [ 000000000000]
tmp_1                  (bitconcatenate   ) [ 000111111111]
br_ln18                (br               ) [ 001111111111]
ret_ln39               (ret              ) [ 000000000000]
tj                     (phi              ) [ 000100000000]
icmp_ln18              (icmp             ) [ 001111111111]
add_ln18               (add              ) [ 001111111111]
br_ln18                (br               ) [ 000000000000]
trunc_ln19             (trunc            ) [ 000010000000]
store_ln17             (store            ) [ 000000000000]
br_ln17                (br               ) [ 000000000000]
speclooptripcount_ln18 (speclooptripcount) [ 000000000000]
specloopname_ln18      (specloopname     ) [ 000000000000]
call_ln0               (call             ) [ 000000000000]
shl_ln                 (bitconcatenate   ) [ 000001111111]
br_ln23                (br               ) [ 001111111111]
tk                     (phi              ) [ 000001000000]
icmp_ln23              (icmp             ) [ 001111111111]
add_ln23               (add              ) [ 001111111111]
br_ln23                (br               ) [ 000000000000]
empty_37               (trunc            ) [ 000000000000]
tmp_5                  (bitconcatenate   ) [ 000000100000]
tk_cast20_cast         (zext             ) [ 000000000000]
empty_38               (mul              ) [ 000000110000]
call_ln17              (call             ) [ 000000000000]
tmp_7                  (bitconcatenate   ) [ 000000001000]
call_ln19              (call             ) [ 000000000000]
speclooptripcount_ln23 (speclooptripcount) [ 000000000000]
specloopname_ln23      (specloopname     ) [ 000000000000]
call_ln0               (call             ) [ 000000000000]
br_ln23                (br               ) [ 001111111111]
call_ln17              (call             ) [ 000000000000]
br_ln18                (br               ) [ 001111111111]
</LifeTime>

<model>

<comp_list>
<comp id="0" class="1000" name="gmem">
<pin_list>
<pin id="1" dir="1" index="0" bw="1" slack="0"/>
</pin_list>
<bind>
<StgValue><ssdm name="gmem"/></StgValue>
</bind>
</comp>

<comp id="2" class="1000" name="in1">
<pin_list>
<pin id="3" dir="1" index="0" bw="1" slack="0"/>
</pin_list>
<bind>
<StgValue><ssdm name="in1"/></StgValue>
</bind>
</comp>

<comp id="4" class="1000" name="in2">
<pin_list>
<pin id="5" dir="1" index="0" bw="1" slack="0"/>
</pin_list>
<bind>
<StgValue><ssdm name="in2"/></StgValue>
</bind>
</comp>

<comp id="6" class="1000" name="out_r">
<pin_list>
<pin id="7" dir="1" index="0" bw="1" slack="0"/>
</pin_list>
<bind>
<StgValue><ssdm name="out_r"/></StgValue>
</bind>
</comp>

<comp id="8" class="1000" name="dim">
<pin_list>
<pin id="9" dir="1" index="0" bw="1" slack="0"/>
</pin_list>
<bind>
<StgValue><ssdm name="dim"/></StgValue>
</bind>
</comp>

<comp id="10" class="1001" name="const_10">
<pin_list>
<pin id="11" dir="1" index="0" bw="1" slack="0"/>
</pin_list>
<bind>
<StgValue><ssdm name=""/></StgValue>
</bind>
</comp>

<comp id="12" class="1001" name="const_12">
<pin_list>
<pin id="13" dir="1" index="0" bw="1" slack="2147483647"/>
</pin_list>
<bind>
<StgValue><ssdm name="_ssdm_op_SpecTopModule"/></StgValue>
</bind>
</comp>

<comp id="14" class="1001" name="const_14">
<pin_list>
<pin id="15" dir="1" index="0" bw="1" slack="2147483647"/>
</pin_list>
<bind>
<StgValue><ssdm name="empty_12"/></StgValue>
</bind>
</comp>

<comp id="16" class="1001" name="const_16">
<pin_list>
<pin id="17" dir="1" index="0" bw="1" slack="2147483647"/>
</pin_list>
<bind>
<StgValue><ssdm name="_ssdm_op_SpecInterface"/></StgValue>
</bind>
</comp>

<comp id="18" class="1001" name="const_18">
<pin_list>
<pin id="19" dir="1" index="0" bw="1" slack="2147483647"/>
</pin_list>
<bind>
<StgValue><ssdm name="empty"/></StgValue>
</bind>
</comp>

<comp id="20" class="1001" name="const_20">
<pin_list>
<pin id="21" dir="1" index="0" bw="1" slack="2147483647"/>
</pin_list>
<bind>
<StgValue><ssdm name=""/></StgValue>
</bind>
</comp>

<comp id="22" class="1001" name="const_22">
<pin_list>
<pin id="23" dir="1" index="0" bw="1" slack="2147483647"/>
</pin_list>
<bind>
<StgValue><ssdm name="empty_0"/></StgValue>
</bind>
</comp>

<comp id="24" class="1001" name="const_24">
<pin_list>
<pin id="25" dir="1" index="0" bw="1" slack="2147483647"/>
</pin_list>
<bind>
<StgValue><ssdm name=""/></StgValue>
</bind>
</comp>

<comp id="26" class="1001" name="const_26">
<pin_list>
<pin id="27" dir="1" index="0" bw="1" slack="2147483647"/>
</pin_list>
<bind>
<StgValue><ssdm name="empty_1"/></StgValue>
</bind>
</comp>

<comp id="28" class="1001" name="const_28">
<pin_list>
<pin id="29" dir="1" index="0" bw="1" slack="2147483647"/>
</pin_list>
<bind>
<StgValue><ssdm name="empty_2"/></StgValue>
</bind>
</comp>

<comp id="30" class="1001" name="const_30">
<pin_list>
<pin id="31" dir="1" index="0" bw="1" slack="2147483647"/>
</pin_list>
<bind>
<StgValue><ssdm name=""/></StgValue>
</bind>
</comp>

<comp id="32" class="1001" name="const_32">
<pin_list>
<pin id="33" dir="1" index="0" bw="1" slack="2147483647"/>
</pin_list>
<bind>
<StgValue><ssdm name=""/></StgValue>
</bind>
</comp>

<comp id="34" class="1001" name="const_34">
<pin_list>
<pin id="35" dir="1" index="0" bw="1" slack="2147483647"/>
</pin_list>
<bind>
<StgValue><ssdm name="_ssdm_op_SpecBitsMap"/></StgValue>
</bind>
</comp>

<comp id="36" class="1001" name="const_36">
<pin_list>
<pin id="37" dir="1" index="0" bw="1" slack="2147483647"/>
</pin_list>
<bind>
<StgValue><ssdm name="empty_3"/></StgValue>
</bind>
</comp>

<comp id="38" class="1001" name="const_38">
<pin_list>
<pin id="39" dir="1" index="0" bw="1" slack="2147483647"/>
</pin_list>
<bind>
<StgValue><ssdm name="empty_4"/></StgValue>
</bind>
</comp>

<comp id="40" class="1001" name="const_40">
<pin_list>
<pin id="41" dir="1" index="0" bw="1" slack="2147483647"/>
</pin_list>
<bind>
<StgValue><ssdm name="empty_5"/></StgValue>
</bind>
</comp>

<comp id="42" class="1001" name="const_42">
<pin_list>
<pin id="43" dir="1" index="0" bw="1" slack="2147483647"/>
</pin_list>
<bind>
<StgValue><ssdm name="empty_6"/></StgValue>
</bind>
</comp>

<comp id="44" class="1001" name="const_44">
<pin_list>
<pin id="45" dir="1" index="0" bw="1" slack="2147483647"/>
</pin_list>
<bind>
<StgValue><ssdm name="empty_7"/></StgValue>
</bind>
</comp>

<comp id="46" class="1001" name="const_46">
<pin_list>
<pin id="47" dir="1" index="0" bw="1" slack="2147483647"/>
</pin_list>
<bind>
<StgValue><ssdm name="empty_8"/></StgValue>
</bind>
</comp>

<comp id="48" class="1001" name="const_48">
<pin_list>
<pin id="49" dir="1" index="0" bw="1" slack="2147483647"/>
</pin_list>
<bind>
<StgValue><ssdm name="empty_9"/></StgValue>
</bind>
</comp>

<comp id="50" class="1001" name="const_50">
<pin_list>
<pin id="51" dir="1" index="0" bw="1" slack="2147483647"/>
</pin_list>
<bind>
<StgValue><ssdm name="empty_10"/></StgValue>
</bind>
</comp>

<comp id="52" class="1001" name="const_52">
<pin_list>
<pin id="53" dir="1" index="0" bw="1" slack="2147483647"/>
</pin_list>
<bind>
<StgValue><ssdm name="empty_11"/></StgValue>
</bind>
</comp>

<comp id="54" class="1001" name="const_54">
<pin_list>
<pin id="55" dir="1" index="0" bw="1" slack="0"/>
</pin_list>
<bind>
<StgValue><ssdm name="_ssdm_op_Read.s_axilite.i32"/></StgValue>
</bind>
</comp>

<comp id="56" class="1001" name="const_56">
<pin_list>
<pin id="57" dir="1" index="0" bw="1" slack="0"/>
</pin_list>
<bind>
<StgValue><ssdm name="_ssdm_op_Read.s_axilite.i64"/></StgValue>
</bind>
</comp>

<comp id="58" class="1001" name="const_58">
<pin_list>
<pin id="59" dir="1" index="0" bw="1" slack="0"/>
</pin_list>
<bind>
<StgValue><ssdm name=""/></StgValue>
</bind>
</comp>

<comp id="60" class="1001" name="const_60">
<pin_list>
<pin id="61" dir="1" index="0" bw="1" slack="0"/>
</pin_list>
<bind>
<StgValue><ssdm name=""/></StgValue>
</bind>
</comp>

<comp id="62" class="1001" name="const_62">
<pin_list>
<pin id="63" dir="1" index="0" bw="1" slack="0"/>
</pin_list>
<bind>
<StgValue><ssdm name=""/></StgValue>
</bind>
</comp>

<comp id="64" class="1001" name="const_64">
<pin_list>
<pin id="65" dir="1" index="0" bw="1" slack="0"/>
</pin_list>
<bind>
<StgValue><ssdm name=""/></StgValue>
</bind>
</comp>

<comp id="66" class="1001" name="const_66">
<pin_list>
<pin id="67" dir="1" index="0" bw="1" slack="2147483647"/>
</pin_list>
<bind>
<StgValue><ssdm name="_ssdm_op_SpecLoopTripCount"/></StgValue>
</bind>
</comp>

<comp id="68" class="1001" name="const_68">
<pin_list>
<pin id="69" dir="1" index="0" bw="1" slack="2147483647"/>
</pin_list>
<bind>
<StgValue><ssdm name=""/></StgValue>
</bind>
</comp>

<comp id="70" class="1001" name="const_70">
<pin_list>
<pin id="71" dir="1" index="0" bw="1" slack="2147483647"/>
</pin_list>
<bind>
<StgValue><ssdm name="_ssdm_op_SpecLoopName"/></StgValue>
</bind>
</comp>

<comp id="72" class="1001" name="const_72">
<pin_list>
<pin id="73" dir="1" index="0" bw="1" slack="2147483647"/>
</pin_list>
<bind>
<StgValue><ssdm name="empty_15"/></StgValue>
</bind>
</comp>

<comp id="74" class="1001" name="const_74">
<pin_list>
<pin id="75" dir="1" index="0" bw="1" slack="0"/>
</pin_list>
<bind>
<StgValue><ssdm name="_ssdm_op_BitConcatenate.i39.i35.i4"/></StgValue>
</bind>
</comp>

<comp id="76" class="1001" name="const_76">
<pin_list>
<pin id="77" dir="1" index="0" bw="1" slack="0"/>
</pin_list>
<bind>
<StgValue><ssdm name="mmult_hw_Pipeline_init_i_init_j"/></StgValue>
</bind>
</comp>

<comp id="78" class="1001" name="const_78">
<pin_list>
<pin id="79" dir="1" index="0" bw="1" slack="2147483647"/>
</pin_list>
<bind>
<StgValue><ssdm name="empty_14"/></StgValue>
</bind>
</comp>

<comp id="80" class="1001" name="const_80">
<pin_list>
<pin id="81" dir="1" index="0" bw="1" slack="0"/>
</pin_list>
<bind>
<StgValue><ssdm name="_ssdm_op_BitConcatenate.i7.i3.i4"/></StgValue>
</bind>
</comp>

<comp id="82" class="1001" name="const_82">
<pin_list>
<pin id="83" dir="1" index="0" bw="1" slack="0"/>
</pin_list>
<bind>
<StgValue><ssdm name="mmult_hw_Pipeline_load_a_VITIS_LOOP_25_1"/></StgValue>
</bind>
</comp>

<comp id="84" class="1001" name="const_84">
<pin_list>
<pin id="85" dir="1" index="0" bw="1" slack="0"/>
</pin_list>
<bind>
<StgValue><ssdm name="mmult_hw_Pipeline_store_i_store_j"/></StgValue>
</bind>
</comp>

<comp id="86" class="1001" name="const_86">
<pin_list>
<pin id="87" dir="1" index="0" bw="1" slack="0"/>
</pin_list>
<bind>
<StgValue><ssdm name="mmult_hw_Pipeline_load_b_VITIS_LOOP_28_2"/></StgValue>
</bind>
</comp>

<comp id="88" class="1001" name="const_88">
<pin_list>
<pin id="89" dir="1" index="0" bw="1" slack="0"/>
</pin_list>
<bind>
<StgValue><ssdm name="mmult_hw_Pipeline_comp_i_comp_j"/></StgValue>
</bind>
</comp>

<comp id="90" class="1001" name="const_90">
<pin_list>
<pin id="91" dir="1" index="0" bw="1" slack="2147483647"/>
</pin_list>
<bind>
<StgValue><ssdm name="empty_13"/></StgValue>
</bind>
</comp>

<comp id="92" class="1004" name="ti_fu_92">
<pin_list>
<pin id="93" dir="0" index="0" bw="1" slack="0"/>
<pin id="94" dir="1" index="1" bw="4" slack="0"/>
</pin_list>
<bind>
<opcode="alloca(26) " fcode="alloca"/>
<opset="ti/1 "/>
</bind>
</comp>

<comp id="96" class="1004" name="tA_alloca_fu_96">
<pin_list>
<pin id="97" dir="0" index="0" bw="1" slack="0"/>
<pin id="98" dir="1" index="1" bw="32" slack="2147483647"/>
</pin_list>
<bind>
<opcode="alloca(26) " fcode="alloca"/>
<opset="tA/1 "/>
</bind>
</comp>

<comp id="100" class="1004" name="tA_1_alloca_fu_100">
<pin_list>
<pin id="101" dir="0" index="0" bw="1" slack="0"/>
<pin id="102" dir="1" index="1" bw="32" slack="2147483647"/>
</pin_list>
<bind>
<opcode="alloca(26) " fcode="alloca"/>
<opset="tA_1/1 "/>
</bind>
</comp>

<comp id="104" class="1004" name="tA_2_alloca_fu_104">
<pin_list>
<pin id="105" dir="0" index="0" bw="1" slack="0"/>
<pin id="106" dir="1" index="1" bw="32" slack="2147483647"/>
</pin_list>
<bind>
<opcode="alloca(26) " fcode="alloca"/>
<opset="tA_2/1 "/>
</bind>
</comp>

<comp id="108" class="1004" name="tA_3_alloca_fu_108">
<pin_list>
<pin id="109" dir="0" index="0" bw="1" slack="0"/>
<pin id="110" dir="1" index="1" bw="32" slack="2147483647"/>
</pin_list>
<bind>
<opcode="alloca(26) " fcode="alloca"/>
<opset="tA_3/1 "/>
</bind>
</comp>

<comp id="112" class="1004" name="tA_4_alloca_fu_112">
<pin_list>
<pin id="113" dir="0" index="0" bw="1" slack="0"/>
<pin id="114" dir="1" index="1" bw="32" slack="2147483647"/>
</pin_list>
<bind>
<opcode="alloca(26) " fcode="alloca"/>
<opset="tA_4/1 "/>
</bind>
</comp>

<comp id="116" class="1004" name="tA_5_alloca_fu_116">
<pin_list>
<pin id="117" dir="0" index="0" bw="1" slack="0"/>
<pin id="118" dir="1" index="1" bw="32" slack="2147483647"/>
</pin_list>
<bind>
<opcode="alloca(26) " fcode="alloca"/>
<opset="tA_5/1 "/>
</bind>
</comp>

<comp id="120" class="1004" name="tA_6_alloca_fu_120">
<pin_list>
<pin id="121" dir="0" index="0" bw="1" slack="0"/>
<pin id="122" dir="1" index="1" bw="32" slack="2147483647"/>
</pin_list>
<bind>
<opcode="alloca(26) " fcode="alloca"/>
<opset="tA_6/1 "/>
</bind>
</comp>

<comp id="124" class="1004" name="tA_7_alloca_fu_124">
<pin_list>
<pin id="125" dir="0" index="0" bw="1" slack="0"/>
<pin id="126" dir="1" index="1" bw="32" slack="2147483647"/>
</pin_list>
<bind>
<opcode="alloca(26) " fcode="alloca"/>
<opset="tA_7/1 "/>
</bind>
</comp>

<comp id="128" class="1004" name="tA_8_alloca_fu_128">
<pin_list>
<pin id="129" dir="0" index="0" bw="1" slack="0"/>
<pin id="130" dir="1" index="1" bw="32" slack="2147483647"/>
</pin_list>
<bind>
<opcode="alloca(26) " fcode="alloca"/>
<opset="tA_8/1 "/>
</bind>
</comp>

<comp id="132" class="1004" name="tA_9_alloca_fu_132">
<pin_list>
<pin id="133" dir="0" index="0" bw="1" slack="0"/>
<pin id="134" dir="1" index="1" bw="32" slack="2147483647"/>
</pin_list>
<bind>
<opcode="alloca(26) " fcode="alloca"/>
<opset="tA_9/1 "/>
</bind>
</comp>

<comp id="136" class="1004" name="tA_10_alloca_fu_136">
<pin_list>
<pin id="137" dir="0" index="0" bw="1" slack="0"/>
<pin id="138" dir="1" index="1" bw="32" slack="2147483647"/>
</pin_list>
<bind>
<opcode="alloca(26) " fcode="alloca"/>
<opset="tA_10/1 "/>
</bind>
</comp>

<comp id="140" class="1004" name="tA_11_alloca_fu_140">
<pin_list>
<pin id="141" dir="0" index="0" bw="1" slack="0"/>
<pin id="142" dir="1" index="1" bw="32" slack="2147483647"/>
</pin_list>
<bind>
<opcode="alloca(26) " fcode="alloca"/>
<opset="tA_11/1 "/>
</bind>
</comp>

<comp id="144" class="1004" name="tA_12_alloca_fu_144">
<pin_list>
<pin id="145" dir="0" index="0" bw="1" slack="0"/>
<pin id="146" dir="1" index="1" bw="32" slack="2147483647"/>
</pin_list>
<bind>
<opcode="alloca(26) " fcode="alloca"/>
<opset="tA_12/1 "/>
</bind>
</comp>

<comp id="148" class="1004" name="tA_13_alloca_fu_148">
<pin_list>
<pin id="149" dir="0" index="0" bw="1" slack="0"/>
<pin id="150" dir="1" index="1" bw="32" slack="2147483647"/>
</pin_list>
<bind>
<opcode="alloca(26) " fcode="alloca"/>
<opset="tA_13/1 "/>
</bind>
</comp>

<comp id="152" class="1004" name="tA_14_alloca_fu_152">
<pin_list>
<pin id="153" dir="0" index="0" bw="1" slack="0"/>
<pin id="154" dir="1" index="1" bw="32" slack="2147483647"/>
</pin_list>
<bind>
<opcode="alloca(26) " fcode="alloca"/>
<opset="tA_14/1 "/>
</bind>
</comp>

<comp id="156" class="1004" name="tA_15_alloca_fu_156">
<pin_list>
<pin id="157" dir="0" index="0" bw="1" slack="0"/>
<pin id="158" dir="1" index="1" bw="32" slack="2147483647"/>
</pin_list>
<bind>
<opcode="alloca(26) " fcode="alloca"/>
<opset="tA_15/1 "/>
</bind>
</comp>

<comp id="160" class="1004" name="tB_alloca_fu_160">
<pin_list>
<pin id="161" dir="0" index="0" bw="1" slack="0"/>
<pin id="162" dir="1" index="1" bw="32" slack="2147483647"/>
</pin_list>
<bind>
<opcode="alloca(26) " fcode="alloca"/>
<opset="tB/1 "/>
</bind>
</comp>

<comp id="164" class="1004" name="tB_1_alloca_fu_164">
<pin_list>
<pin id="165" dir="0" index="0" bw="1" slack="0"/>
<pin id="166" dir="1" index="1" bw="32" slack="2147483647"/>
</pin_list>
<bind>
<opcode="alloca(26) " fcode="alloca"/>
<opset="tB_1/1 "/>
</bind>
</comp>

<comp id="168" class="1004" name="tB_2_alloca_fu_168">
<pin_list>
<pin id="169" dir="0" index="0" bw="1" slack="0"/>
<pin id="170" dir="1" index="1" bw="32" slack="2147483647"/>
</pin_list>
<bind>
<opcode="alloca(26) " fcode="alloca"/>
<opset="tB_2/1 "/>
</bind>
</comp>

<comp id="172" class="1004" name="tB_3_alloca_fu_172">
<pin_list>
<pin id="173" dir="0" index="0" bw="1" slack="0"/>
<pin id="174" dir="1" index="1" bw="32" slack="2147483647"/>
</pin_list>
<bind>
<opcode="alloca(26) " fcode="alloca"/>
<opset="tB_3/1 "/>
</bind>
</comp>

<comp id="176" class="1004" name="tB_4_alloca_fu_176">
<pin_list>
<pin id="177" dir="0" index="0" bw="1" slack="0"/>
<pin id="178" dir="1" index="1" bw="32" slack="2147483647"/>
</pin_list>
<bind>
<opcode="alloca(26) " fcode="alloca"/>
<opset="tB_4/1 "/>
</bind>
</comp>

<comp id="180" class="1004" name="tB_5_alloca_fu_180">
<pin_list>
<pin id="181" dir="0" index="0" bw="1" slack="0"/>
<pin id="182" dir="1" index="1" bw="32" slack="2147483647"/>
</pin_list>
<bind>
<opcode="alloca(26) " fcode="alloca"/>
<opset="tB_5/1 "/>
</bind>
</comp>

<comp id="184" class="1004" name="tB_6_alloca_fu_184">
<pin_list>
<pin id="185" dir="0" index="0" bw="1" slack="0"/>
<pin id="186" dir="1" index="1" bw="32" slack="2147483647"/>
</pin_list>
<bind>
<opcode="alloca(26) " fcode="alloca"/>
<opset="tB_6/1 "/>
</bind>
</comp>

<comp id="188" class="1004" name="tB_7_alloca_fu_188">
<pin_list>
<pin id="189" dir="0" index="0" bw="1" slack="0"/>
<pin id="190" dir="1" index="1" bw="32" slack="2147483647"/>
</pin_list>
<bind>
<opcode="alloca(26) " fcode="alloca"/>
<opset="tB_7/1 "/>
</bind>
</comp>

<comp id="192" class="1004" name="tB_8_alloca_fu_192">
<pin_list>
<pin id="193" dir="0" index="0" bw="1" slack="0"/>
<pin id="194" dir="1" index="1" bw="32" slack="2147483647"/>
</pin_list>
<bind>
<opcode="alloca(26) " fcode="alloca"/>
<opset="tB_8/1 "/>
</bind>
</comp>

<comp id="196" class="1004" name="tB_9_alloca_fu_196">
<pin_list>
<pin id="197" dir="0" index="0" bw="1" slack="0"/>
<pin id="198" dir="1" index="1" bw="32" slack="2147483647"/>
</pin_list>
<bind>
<opcode="alloca(26) " fcode="alloca"/>
<opset="tB_9/1 "/>
</bind>
</comp>

<comp id="200" class="1004" name="tB_10_alloca_fu_200">
<pin_list>
<pin id="201" dir="0" index="0" bw="1" slack="0"/>
<pin id="202" dir="1" index="1" bw="32" slack="2147483647"/>
</pin_list>
<bind>
<opcode="alloca(26) " fcode="alloca"/>
<opset="tB_10/1 "/>
</bind>
</comp>

<comp id="204" class="1004" name="tB_11_alloca_fu_204">
<pin_list>
<pin id="205" dir="0" index="0" bw="1" slack="0"/>
<pin id="206" dir="1" index="1" bw="32" slack="2147483647"/>
</pin_list>
<bind>
<opcode="alloca(26) " fcode="alloca"/>
<opset="tB_11/1 "/>
</bind>
</comp>

<comp id="208" class="1004" name="tB_12_alloca_fu_208">
<pin_list>
<pin id="209" dir="0" index="0" bw="1" slack="0"/>
<pin id="210" dir="1" index="1" bw="32" slack="2147483647"/>
</pin_list>
<bind>
<opcode="alloca(26) " fcode="alloca"/>
<opset="tB_12/1 "/>
</bind>
</comp>

<comp id="212" class="1004" name="tB_13_alloca_fu_212">
<pin_list>
<pin id="213" dir="0" index="0" bw="1" slack="0"/>
<pin id="214" dir="1" index="1" bw="32" slack="2147483647"/>
</pin_list>
<bind>
<opcode="alloca(26) " fcode="alloca"/>
<opset="tB_13/1 "/>
</bind>
</comp>

<comp id="216" class="1004" name="tB_14_alloca_fu_216">
<pin_list>
<pin id="217" dir="0" index="0" bw="1" slack="0"/>
<pin id="218" dir="1" index="1" bw="32" slack="2147483647"/>
</pin_list>
<bind>
<opcode="alloca(26) " fcode="alloca"/>
<opset="tB_14/1 "/>
</bind>
</comp>

<comp id="220" class="1004" name="tB_15_alloca_fu_220">
<pin_list>
<pin id="221" dir="0" index="0" bw="1" slack="0"/>
<pin id="222" dir="1" index="1" bw="32" slack="2147483647"/>
</pin_list>
<bind>
<opcode="alloca(26) " fcode="alloca"/>
<opset="tB_15/1 "/>
</bind>
</comp>

<comp id="224" class="1004" name="tC_alloca_fu_224">
<pin_list>
<pin id="225" dir="0" index="0" bw="1" slack="0"/>
<pin id="226" dir="1" index="1" bw="32" slack="2147483647"/>
</pin_list>
<bind>
<opcode="alloca(26) " fcode="alloca"/>
<opset="tC/1 "/>
</bind>
</comp>

<comp id="228" class="1004" name="dim_read_read_fu_228">
<pin_list>
<pin id="229" dir="0" index="0" bw="32" slack="0"/>
<pin id="230" dir="0" index="1" bw="32" slack="0"/>
<pin id="231" dir="1" index="2" bw="32" slack="0"/>
</pin_list>
<bind>
<opcode="read(1150) " fcode="read"/>
<opset="dim_read/1 "/>
</bind>
</comp>

<comp id="234" class="1004" name="out_r_read_read_fu_234">
<pin_list>
<pin id="235" dir="0" index="0" bw="64" slack="0"/>
<pin id="236" dir="0" index="1" bw="64" slack="0"/>
<pin id="237" dir="1" index="2" bw="64" slack="4"/>
</pin_list>
<bind>
<opcode="read(1150) " fcode="read"/>
<opset="out_r_read/1 "/>
</bind>
</comp>

<comp id="240" class="1004" name="in2_read_read_fu_240">
<pin_list>
<pin id="241" dir="0" index="0" bw="64" slack="0"/>
<pin id="242" dir="0" index="1" bw="64" slack="0"/>
<pin id="243" dir="1" index="2" bw="64" slack="6"/>
</pin_list>
<bind>
<opcode="read(1150) " fcode="read"/>
<opset="in2_read/1 "/>
</bind>
</comp>

<comp id="246" class="1004" name="in1_read_read_fu_246">
<pin_list>
<pin id="247" dir="0" index="0" bw="64" slack="0"/>
<pin id="248" dir="0" index="1" bw="64" slack="0"/>
<pin id="249" dir="1" index="2" bw="64" slack="4"/>
</pin_list>
<bind>
<opcode="read(1150) " fcode="read"/>
<opset="in1_read/1 "/>
</bind>
</comp>

<comp id="252" class="1005" name="tj_reg_252">
<pin_list>
<pin id="253" dir="0" index="0" bw="4" slack="1"/>
<pin id="254" dir="1" index="1" bw="4" slack="1"/>
</pin_list>
<bind>
<opset="tj (phireg) "/>
</bind>
</comp>

<comp id="256" class="1004" name="tj_phi_fu_256">
<pin_list>
<pin id="257" dir="0" index="0" bw="1" slack="1"/>
<pin id="258" dir="0" index="1" bw="0" slack="2147483647"/>
<pin id="259" dir="0" index="2" bw="4" slack="0"/>
<pin id="260" dir="0" index="3" bw="0" slack="2147483647"/>
<pin id="261" dir="1" index="4" bw="4" slack="0"/>
</pin_list>
<bind>
<opcode="phi(47) " fcode="phi"/>
<opset="tj/3 "/>
</bind>
</comp>

<comp id="263" class="1005" name="tk_reg_263">
<pin_list>
<pin id="264" dir="0" index="0" bw="4" slack="1"/>
<pin id="265" dir="1" index="1" bw="4" slack="1"/>
</pin_list>
<bind>
<opset="tk (phireg) "/>
</bind>
</comp>

<comp id="267" class="1004" name="tk_phi_fu_267">
<pin_list>
<pin id="268" dir="0" index="0" bw="1" slack="1"/>
<pin id="269" dir="0" index="1" bw="0" slack="2147483647"/>
<pin id="270" dir="0" index="2" bw="4" slack="0"/>
<pin id="271" dir="0" index="3" bw="0" slack="2147483647"/>
<pin id="272" dir="1" index="4" bw="4" slack="0"/>
</pin_list>
<bind>
<opcode="phi(47) " fcode="phi"/>
<opset="tk/5 "/>
</bind>
</comp>

<comp id="274" class="1004" name="grp_mmult_hw_Pipeline_init_i_init_j_fu_274">
<pin_list>
<pin id="275" dir="0" index="0" bw="0" slack="0"/>
<pin id="276" dir="0" index="1" bw="32" slack="2147483647"/>
<pin id="277" dir="1" index="2" bw="0" slack="2147483647"/>
</pin_list>
<bind>
<opcode="call(48) " fcode="call"/>
<opset="call_ln0/3 "/>
</bind>
</comp>

<comp id="279" class="1004" name="grp_mmult_hw_Pipeline_load_a_VITIS_LOOP_25_1_fu_279">
<pin_list>
<pin id="280" dir="0" index="0" bw="0" slack="0"/>
<pin id="281" dir="0" index="1" bw="32" slack="0"/>
<pin id="282" dir="0" index="2" bw="32" slack="2147483647"/>
<pin id="283" dir="0" index="3" bw="32" slack="2147483647"/>
<pin id="284" dir="0" index="4" bw="32" slack="2147483647"/>
<pin id="285" dir="0" index="5" bw="32" slack="2147483647"/>
<pin id="286" dir="0" index="6" bw="32" slack="2147483647"/>
<pin id="287" dir="0" index="7" bw="32" slack="2147483647"/>
<pin id="288" dir="0" index="8" bw="32" slack="2147483647"/>
<pin id="289" dir="0" index="9" bw="32" slack="2147483647"/>
<pin id="290" dir="0" index="10" bw="32" slack="2147483647"/>
<pin id="291" dir="0" index="11" bw="32" slack="2147483647"/>
<pin id="292" dir="0" index="12" bw="32" slack="2147483647"/>
<pin id="293" dir="0" index="13" bw="32" slack="2147483647"/>
<pin id="294" dir="0" index="14" bw="32" slack="2147483647"/>
<pin id="295" dir="0" index="15" bw="32" slack="2147483647"/>
<pin id="296" dir="0" index="16" bw="32" slack="2147483647"/>
<pin id="297" dir="0" index="17" bw="32" slack="2147483647"/>
<pin id="298" dir="0" index="18" bw="32" slack="4"/>
<pin id="299" dir="0" index="19" bw="39" slack="3"/>
<pin id="300" dir="0" index="20" bw="7" slack="0"/>
<pin id="301" dir="0" index="21" bw="64" slack="4"/>
<pin id="302" dir="1" index="22" bw="0" slack="2147483647"/>
</pin_list>
<bind>
<opcode="call(48) " fcode="call"/>
<opset="call_ln17/5 "/>
</bind>
</comp>

<comp id="305" class="1004" name="grp_mmult_hw_Pipeline_store_i_store_j_fu_305">
<pin_list>
<pin id="306" dir="0" index="0" bw="0" slack="0"/>
<pin id="307" dir="0" index="1" bw="32" slack="0"/>
<pin id="308" dir="0" index="2" bw="32" slack="2147483647"/>
<pin id="309" dir="0" index="3" bw="32" slack="4"/>
<pin id="310" dir="0" index="4" bw="39" slack="3"/>
<pin id="311" dir="0" index="5" bw="7" slack="1"/>
<pin id="312" dir="0" index="6" bw="64" slack="4"/>
<pin id="313" dir="1" index="7" bw="0" slack="2147483647"/>
</pin_list>
<bind>
<opcode="call(48) " fcode="call"/>
<opset="call_ln17/5 "/>
</bind>
</comp>

<comp id="316" class="1004" name="grp_mmult_hw_Pipeline_load_b_VITIS_LOOP_28_2_fu_316">
<pin_list>
<pin id="317" dir="0" index="0" bw="0" slack="0"/>
<pin id="318" dir="0" index="1" bw="32" slack="0"/>
<pin id="319" dir="0" index="2" bw="32" slack="2147483647"/>
<pin id="320" dir="0" index="3" bw="32" slack="2147483647"/>
<pin id="321" dir="0" index="4" bw="32" slack="2147483647"/>
<pin id="322" dir="0" index="5" bw="32" slack="2147483647"/>
<pin id="323" dir="0" index="6" bw="32" slack="2147483647"/>
<pin id="324" dir="0" index="7" bw="32" slack="2147483647"/>
<pin id="325" dir="0" index="8" bw="32" slack="2147483647"/>
<pin id="326" dir="0" index="9" bw="32" slack="2147483647"/>
<pin id="327" dir="0" index="10" bw="32" slack="2147483647"/>
<pin id="328" dir="0" index="11" bw="32" slack="2147483647"/>
<pin id="329" dir="0" index="12" bw="32" slack="2147483647"/>
<pin id="330" dir="0" index="13" bw="32" slack="2147483647"/>
<pin id="331" dir="0" index="14" bw="32" slack="2147483647"/>
<pin id="332" dir="0" index="15" bw="32" slack="2147483647"/>
<pin id="333" dir="0" index="16" bw="32" slack="2147483647"/>
<pin id="334" dir="0" index="17" bw="32" slack="2147483647"/>
<pin id="335" dir="0" index="18" bw="32" slack="6"/>
<pin id="336" dir="0" index="19" bw="7" slack="3"/>
<pin id="337" dir="0" index="20" bw="39" slack="0"/>
<pin id="338" dir="0" index="21" bw="64" slack="6"/>
<pin id="339" dir="1" index="22" bw="0" slack="2147483647"/>
</pin_list>
<bind>
<opcode="call(48) " fcode="call"/>
<opset="call_ln19/7 "/>
</bind>
</comp>

<comp id="342" class="1004" name="grp_mmult_hw_Pipeline_comp_i_comp_j_fu_342">
<pin_list>
<pin id="343" dir="0" index="0" bw="0" slack="0"/>
<pin id="344" dir="0" index="1" bw="32" slack="2147483647"/>
<pin id="345" dir="0" index="2" bw="32" slack="2147483647"/>
<pin id="346" dir="0" index="3" bw="32" slack="2147483647"/>
<pin id="347" dir="0" index="4" bw="32" slack="2147483647"/>
<pin id="348" dir="0" index="5" bw="32" slack="2147483647"/>
<pin id="349" dir="0" index="6" bw="32" slack="2147483647"/>
<pin id="350" dir="0" index="7" bw="32" slack="2147483647"/>
<pin id="351" dir="0" index="8" bw="32" slack="2147483647"/>
<pin id="352" dir="0" index="9" bw="32" slack="2147483647"/>
<pin id="353" dir="0" index="10" bw="32" slack="2147483647"/>
<pin id="354" dir="0" index="11" bw="32" slack="2147483647"/>
<pin id="355" dir="0" index="12" bw="32" slack="2147483647"/>
<pin id="356" dir="0" index="13" bw="32" slack="2147483647"/>
<pin id="357" dir="0" index="14" bw="32" slack="2147483647"/>
<pin id="358" dir="0" index="15" bw="32" slack="2147483647"/>
<pin id="359" dir="0" index="16" bw="32" slack="2147483647"/>
<pin id="360" dir="0" index="17" bw="32" slack="2147483647"/>
<pin id="361" dir="0" index="18" bw="32" slack="2147483647"/>
<pin id="362" dir="0" index="19" bw="32" slack="2147483647"/>
<pin id="363" dir="0" index="20" bw="32" slack="2147483647"/>
<pin id="364" dir="0" index="21" bw="32" slack="2147483647"/>
<pin id="365" dir="0" index="22" bw="32" slack="2147483647"/>
<pin id="366" dir="0" index="23" bw="32" slack="2147483647"/>
<pin id="367" dir="0" index="24" bw="32" slack="2147483647"/>
<pin id="368" dir="0" index="25" bw="32" slack="2147483647"/>
<pin id="369" dir="0" index="26" bw="32" slack="2147483647"/>
<pin id="370" dir="0" index="27" bw="32" slack="2147483647"/>
<pin id="371" dir="0" index="28" bw="32" slack="2147483647"/>
<pin id="372" dir="0" index="29" bw="32" slack="2147483647"/>
<pin id="373" dir="0" index="30" bw="32" slack="2147483647"/>
<pin id="374" dir="0" index="31" bw="32" slack="2147483647"/>
<pin id="375" dir="0" index="32" bw="32" slack="2147483647"/>
<pin id="376" dir="0" index="33" bw="32" slack="2147483647"/>
<pin id="377" dir="1" index="34" bw="0" slack="2147483647"/>
</pin_list>
<bind>
<opcode="call(48) " fcode="call"/>
<opset="call_ln0/9 "/>
</bind>
</comp>

<comp id="379" class="1004" name="sext_ln17_fu_379">
<pin_list>
<pin id="380" dir="0" index="0" bw="32" slack="0"/>
<pin id="381" dir="1" index="1" bw="35" slack="1"/>
</pin_list>
<bind>
<opcode="sext(35) " fcode="sext"/>
<opset="sext_ln17/1 "/>
</bind>
</comp>

<comp id="383" class="1004" name="store_ln17_store_fu_383">
<pin_list>
<pin id="384" dir="0" index="0" bw="1" slack="0"/>
<pin id="385" dir="0" index="1" bw="4" slack="0"/>
<pin id="386" dir="1" index="2" bw="0" slack="2147483647"/>
</pin_list>
<bind>
<opcode="store(28) " fcode="store"/>
<opset="store_ln17/1 "/>
</bind>
</comp>

<comp id="388" class="1004" name="ti_1_load_fu_388">
<pin_list>
<pin id="389" dir="0" index="0" bw="4" slack="1"/>
<pin id="390" dir="1" index="1" bw="4" slack="0"/>
</pin_list>
<bind>
<opcode="load(27) " fcode="load"/>
<opset="ti_1/2 "/>
</bind>
</comp>

<comp id="391" class="1004" name="icmp_ln17_fu_391">
<pin_list>
<pin id="392" dir="0" index="0" bw="4" slack="0"/>
<pin id="393" dir="0" index="1" bw="4" slack="0"/>
<pin id="394" dir="1" index="2" bw="1" slack="2147483647"/>
</pin_list>
<bind>
<opcode="icmp(45) " fcode="icmp"/>
<opset="icmp_ln17/2 "/>
</bind>
</comp>

<comp id="397" class="1004" name="add_ln17_fu_397">
<pin_list>
<pin id="398" dir="0" index="0" bw="4" slack="0"/>
<pin id="399" dir="0" index="1" bw="1" slack="0"/>
<pin id="400" dir="1" index="2" bw="4" slack="1"/>
</pin_list>
<bind>
<opcode="add(8) " fcode="add"/>
<opset="add_ln17/2 "/>
</bind>
</comp>

<comp id="403" class="1004" name="empty_fu_403">
<pin_list>
<pin id="404" dir="0" index="0" bw="4" slack="0"/>
<pin id="405" dir="1" index="1" bw="3" slack="0"/>
</pin_list>
<bind>
<opcode="trunc(33) " fcode="trunc"/>
<opset="empty/2 "/>
</bind>
</comp>

<comp id="407" class="1004" name="ti_cast_cast_fu_407">
<pin_list>
<pin id="408" dir="0" index="0" bw="3" slack="0"/>
<pin id="409" dir="1" index="1" bw="35" slack="0"/>
</pin_list>
<bind>
<opcode="zext(34) " fcode="zext"/>
<opset="ti_cast_cast/2 "/>
</bind>
</comp>

<comp id="411" class="1004" name="empty_36_fu_411">
<pin_list>
<pin id="412" dir="0" index="0" bw="3" slack="0"/>
<pin id="413" dir="0" index="1" bw="32" slack="1"/>
<pin id="414" dir="1" index="2" bw="35" slack="0"/>
</pin_list>
<bind>
<opcode="mul(12) " fcode="mul"/>
<opset="empty_36/2 "/>
</bind>
</comp>

<comp id="416" class="1004" name="tmp_1_fu_416">
<pin_list>
<pin id="417" dir="0" index="0" bw="39" slack="0"/>
<pin id="418" dir="0" index="1" bw="35" slack="0"/>
<pin id="419" dir="0" index="2" bw="1" slack="0"/>
<pin id="420" dir="1" index="3" bw="39" slack="3"/>
</pin_list>
<bind>
<opcode="bitconcatenate(1004) " fcode="bitconcatenate"/>
<opset="tmp_1/2 "/>
</bind>
</comp>

<comp id="424" class="1004" name="icmp_ln18_fu_424">
<pin_list>
<pin id="425" dir="0" index="0" bw="4" slack="0"/>
<pin id="426" dir="0" index="1" bw="4" slack="0"/>
<pin id="427" dir="1" index="2" bw="1" slack="2147483647"/>
</pin_list>
<bind>
<opcode="icmp(45) " fcode="icmp"/>
<opset="icmp_ln18/3 "/>
</bind>
</comp>

<comp id="430" class="1004" name="add_ln18_fu_430">
<pin_list>
<pin id="431" dir="0" index="0" bw="4" slack="0"/>
<pin id="432" dir="0" index="1" bw="1" slack="0"/>
<pin id="433" dir="1" index="2" bw="4" slack="0"/>
</pin_list>
<bind>
<opcode="add(8) " fcode="add"/>
<opset="add_ln18/3 "/>
</bind>
</comp>

<comp id="436" class="1004" name="trunc_ln19_fu_436">
<pin_list>
<pin id="437" dir="0" index="0" bw="4" slack="0"/>
<pin id="438" dir="1" index="1" bw="3" slack="1"/>
</pin_list>
<bind>
<opcode="trunc(33) " fcode="trunc"/>
<opset="trunc_ln19/3 "/>
</bind>
</comp>

<comp id="440" class="1004" name="store_ln17_store_fu_440">
<pin_list>
<pin id="441" dir="0" index="0" bw="4" slack="1"/>
<pin id="442" dir="0" index="1" bw="4" slack="2"/>
<pin id="443" dir="1" index="2" bw="0" slack="2147483647"/>
</pin_list>
<bind>
<opcode="store(28) " fcode="store"/>
<opset="store_ln17/3 "/>
</bind>
</comp>

<comp id="444" class="1004" name="shl_ln_fu_444">
<pin_list>
<pin id="445" dir="0" index="0" bw="7" slack="0"/>
<pin id="446" dir="0" index="1" bw="3" slack="1"/>
<pin id="447" dir="0" index="2" bw="1" slack="0"/>
<pin id="448" dir="1" index="3" bw="7" slack="1"/>
</pin_list>
<bind>
<opcode="bitconcatenate(1004) " fcode="bitconcatenate"/>
<opset="shl_ln/4 "/>
</bind>
</comp>

<comp id="451" class="1004" name="icmp_ln23_fu_451">
<pin_list>
<pin id="452" dir="0" index="0" bw="4" slack="0"/>
<pin id="453" dir="0" index="1" bw="4" slack="0"/>
<pin id="454" dir="1" index="2" bw="1" slack="2147483647"/>
</pin_list>
<bind>
<opcode="icmp(45) " fcode="icmp"/>
<opset="icmp_ln23/5 "/>
</bind>
</comp>

<comp id="457" class="1004" name="add_ln23_fu_457">
<pin_list>
<pin id="458" dir="0" index="0" bw="4" slack="0"/>
<pin id="459" dir="0" index="1" bw="1" slack="0"/>
<pin id="460" dir="1" index="2" bw="4" slack="0"/>
</pin_list>
<bind>
<opcode="add(8) " fcode="add"/>
<opset="add_ln23/5 "/>
</bind>
</comp>

<comp id="463" class="1004" name="empty_37_fu_463">
<pin_list>
<pin id="464" dir="0" index="0" bw="4" slack="0"/>
<pin id="465" dir="1" index="1" bw="3" slack="0"/>
</pin_list>
<bind>
<opcode="trunc(33) " fcode="trunc"/>
<opset="empty_37/5 "/>
</bind>
</comp>

<comp id="467" class="1004" name="tmp_5_fu_467">
<pin_list>
<pin id="468" dir="0" index="0" bw="7" slack="0"/>
<pin id="469" dir="0" index="1" bw="3" slack="0"/>
<pin id="470" dir="0" index="2" bw="1" slack="0"/>
<pin id="471" dir="1" index="3" bw="7" slack="0"/>
</pin_list>
<bind>
<opcode="bitconcatenate(1004) " fcode="bitconcatenate"/>
<opset="tmp_5/5 "/>
</bind>
</comp>

<comp id="476" class="1004" name="tk_cast20_cast_fu_476">
<pin_list>
<pin id="477" dir="0" index="0" bw="3" slack="0"/>
<pin id="478" dir="1" index="1" bw="35" slack="0"/>
</pin_list>
<bind>
<opcode="zext(34) " fcode="zext"/>
<opset="tk_cast20_cast/5 "/>
</bind>
</comp>

<comp id="480" class="1004" name="empty_38_fu_480">
<pin_list>
<pin id="481" dir="0" index="0" bw="3" slack="0"/>
<pin id="482" dir="0" index="1" bw="32" slack="4"/>
<pin id="483" dir="1" index="2" bw="35" slack="2"/>
</pin_list>
<bind>
<opcode="mul(12) " fcode="mul"/>
<opset="empty_38/5 "/>
</bind>
</comp>

<comp id="485" class="1004" name="tmp_7_fu_485">
<pin_list>
<pin id="486" dir="0" index="0" bw="39" slack="0"/>
<pin id="487" dir="0" index="1" bw="35" slack="2"/>
<pin id="488" dir="0" index="2" bw="1" slack="0"/>
<pin id="489" dir="1" index="3" bw="39" slack="0"/>
</pin_list>
<bind>
<opcode="bitconcatenate(1004) " fcode="bitconcatenate"/>
<opset="tmp_7/7 "/>
</bind>
</comp>

<comp id="493" class="1005" name="ti_reg_493">
<pin_list>
<pin id="494" dir="0" index="0" bw="4" slack="0"/>
<pin id="495" dir="1" index="1" bw="4" slack="0"/>
</pin_list>
<bind>
<opset="ti "/>
</bind>
</comp>

<comp id="500" class="1005" name="dim_read_reg_500">
<pin_list>
<pin id="501" dir="0" index="0" bw="32" slack="4"/>
<pin id="502" dir="1" index="1" bw="32" slack="4"/>
</pin_list>
<bind>
<opset="dim_read "/>
</bind>
</comp>

<comp id="507" class="1005" name="out_r_read_reg_507">
<pin_list>
<pin id="508" dir="0" index="0" bw="64" slack="4"/>
<pin id="509" dir="1" index="1" bw="64" slack="4"/>
</pin_list>
<bind>
<opset="out_r_read "/>
</bind>
</comp>

<comp id="512" class="1005" name="in2_read_reg_512">
<pin_list>
<pin id="513" dir="0" index="0" bw="64" slack="6"/>
<pin id="514" dir="1" index="1" bw="64" slack="6"/>
</pin_list>
<bind>
<opset="in2_read "/>
</bind>
</comp>

<comp id="517" class="1005" name="in1_read_reg_517">
<pin_list>
<pin id="518" dir="0" index="0" bw="64" slack="4"/>
<pin id="519" dir="1" index="1" bw="64" slack="4"/>
</pin_list>
<bind>
<opset="in1_read "/>
</bind>
</comp>

<comp id="522" class="1005" name="sext_ln17_reg_522">
<pin_list>
<pin id="523" dir="0" index="0" bw="35" slack="1"/>
<pin id="524" dir="1" index="1" bw="35" slack="1"/>
</pin_list>
<bind>
<opset="sext_ln17 "/>
</bind>
</comp>

<comp id="531" class="1005" name="add_ln17_reg_531">
<pin_list>
<pin id="532" dir="0" index="0" bw="4" slack="1"/>
<pin id="533" dir="1" index="1" bw="4" slack="1"/>
</pin_list>
<bind>
<opset="add_ln17 "/>
</bind>
</comp>

<comp id="536" class="1005" name="tmp_1_reg_536">
<pin_list>
<pin id="537" dir="0" index="0" bw="39" slack="3"/>
<pin id="538" dir="1" index="1" bw="39" slack="3"/>
</pin_list>
<bind>
<opset="tmp_1 "/>
</bind>
</comp>

<comp id="545" class="1005" name="add_ln18_reg_545">
<pin_list>
<pin id="546" dir="0" index="0" bw="4" slack="0"/>
<pin id="547" dir="1" index="1" bw="4" slack="0"/>
</pin_list>
<bind>
<opset="add_ln18 "/>
</bind>
</comp>

<comp id="550" class="1005" name="trunc_ln19_reg_550">
<pin_list>
<pin id="551" dir="0" index="0" bw="3" slack="1"/>
<pin id="552" dir="1" index="1" bw="3" slack="1"/>
</pin_list>
<bind>
<opset="trunc_ln19 "/>
</bind>
</comp>

<comp id="555" class="1005" name="shl_ln_reg_555">
<pin_list>
<pin id="556" dir="0" index="0" bw="7" slack="1"/>
<pin id="557" dir="1" index="1" bw="7" slack="1"/>
</pin_list>
<bind>
<opset="shl_ln "/>
</bind>
</comp>

<comp id="564" class="1005" name="add_ln23_reg_564">
<pin_list>
<pin id="565" dir="0" index="0" bw="4" slack="0"/>
<pin id="566" dir="1" index="1" bw="4" slack="0"/>
</pin_list>
<bind>
<opset="add_ln23 "/>
</bind>
</comp>

<comp id="569" class="1005" name="tmp_5_reg_569">
<pin_list>
<pin id="570" dir="0" index="0" bw="7" slack="1"/>
<pin id="571" dir="1" index="1" bw="7" slack="1"/>
</pin_list>
<bind>
<opset="tmp_5 "/>
</bind>
</comp>

<comp id="574" class="1005" name="empty_38_reg_574">
<pin_list>
<pin id="575" dir="0" index="0" bw="35" slack="2"/>
<pin id="576" dir="1" index="1" bw="35" slack="2"/>
</pin_list>
<bind>
<opset="empty_38 "/>
</bind>
</comp>

<comp id="579" class="1005" name="tmp_7_reg_579">
<pin_list>
<pin id="580" dir="0" index="0" bw="39" slack="1"/>
<pin id="581" dir="1" index="1" bw="39" slack="1"/>
</pin_list>
<bind>
<opset="tmp_7 "/>
</bind>
</comp>

</comp_list>

<net_list>
<net id="95"><net_src comp="10" pin="0"/><net_sink comp="92" pin=0"/></net>

<net id="99"><net_src comp="58" pin="0"/><net_sink comp="96" pin=0"/></net>

<net id="103"><net_src comp="58" pin="0"/><net_sink comp="100" pin=0"/></net>

<net id="107"><net_src comp="58" pin="0"/><net_sink comp="104" pin=0"/></net>

<net id="111"><net_src comp="58" pin="0"/><net_sink comp="108" pin=0"/></net>

<net id="115"><net_src comp="58" pin="0"/><net_sink comp="112" pin=0"/></net>

<net id="119"><net_src comp="58" pin="0"/><net_sink comp="116" pin=0"/></net>

<net id="123"><net_src comp="58" pin="0"/><net_sink comp="120" pin=0"/></net>

<net id="127"><net_src comp="58" pin="0"/><net_sink comp="124" pin=0"/></net>

<net id="131"><net_src comp="58" pin="0"/><net_sink comp="128" pin=0"/></net>

<net id="135"><net_src comp="58" pin="0"/><net_sink comp="132" pin=0"/></net>

<net id="139"><net_src comp="58" pin="0"/><net_sink comp="136" pin=0"/></net>

<net id="143"><net_src comp="58" pin="0"/><net_sink comp="140" pin=0"/></net>

<net id="147"><net_src comp="58" pin="0"/><net_sink comp="144" pin=0"/></net>

<net id="151"><net_src comp="58" pin="0"/><net_sink comp="148" pin=0"/></net>

<net id="155"><net_src comp="58" pin="0"/><net_sink comp="152" pin=0"/></net>

<net id="159"><net_src comp="58" pin="0"/><net_sink comp="156" pin=0"/></net>

<net id="163"><net_src comp="58" pin="0"/><net_sink comp="160" pin=0"/></net>

<net id="167"><net_src comp="58" pin="0"/><net_sink comp="164" pin=0"/></net>

<net id="171"><net_src comp="58" pin="0"/><net_sink comp="168" pin=0"/></net>

<net id="175"><net_src comp="58" pin="0"/><net_sink comp="172" pin=0"/></net>

<net id="179"><net_src comp="58" pin="0"/><net_sink comp="176" pin=0"/></net>

<net id="183"><net_src comp="58" pin="0"/><net_sink comp="180" pin=0"/></net>

<net id="187"><net_src comp="58" pin="0"/><net_sink comp="184" pin=0"/></net>

<net id="191"><net_src comp="58" pin="0"/><net_sink comp="188" pin=0"/></net>

<net id="195"><net_src comp="58" pin="0"/><net_sink comp="192" pin=0"/></net>

<net id="199"><net_src comp="58" pin="0"/><net_sink comp="196" pin=0"/></net>

<net id="203"><net_src comp="58" pin="0"/><net_sink comp="200" pin=0"/></net>

<net id="207"><net_src comp="58" pin="0"/><net_sink comp="204" pin=0"/></net>

<net id="211"><net_src comp="58" pin="0"/><net_sink comp="208" pin=0"/></net>

<net id="215"><net_src comp="58" pin="0"/><net_sink comp="212" pin=0"/></net>

<net id="219"><net_src comp="58" pin="0"/><net_sink comp="216" pin=0"/></net>

<net id="223"><net_src comp="58" pin="0"/><net_sink comp="220" pin=0"/></net>

<net id="227"><net_src comp="58" pin="0"/><net_sink comp="224" pin=0"/></net>

<net id="232"><net_src comp="54" pin="0"/><net_sink comp="228" pin=0"/></net>

<net id="233"><net_src comp="8" pin="0"/><net_sink comp="228" pin=1"/></net>

<net id="238"><net_src comp="56" pin="0"/><net_sink comp="234" pin=0"/></net>

<net id="239"><net_src comp="6" pin="0"/><net_sink comp="234" pin=1"/></net>

<net id="244"><net_src comp="56" pin="0"/><net_sink comp="240" pin=0"/></net>

<net id="245"><net_src comp="4" pin="0"/><net_sink comp="240" pin=1"/></net>

<net id="250"><net_src comp="56" pin="0"/><net_sink comp="246" pin=0"/></net>

<net id="251"><net_src comp="2" pin="0"/><net_sink comp="246" pin=1"/></net>

<net id="255"><net_src comp="60" pin="0"/><net_sink comp="252" pin=0"/></net>

<net id="262"><net_src comp="252" pin="1"/><net_sink comp="256" pin=0"/></net>

<net id="266"><net_src comp="60" pin="0"/><net_sink comp="263" pin=0"/></net>

<net id="273"><net_src comp="263" pin="1"/><net_sink comp="267" pin=0"/></net>

<net id="278"><net_src comp="76" pin="0"/><net_sink comp="274" pin=0"/></net>

<net id="303"><net_src comp="82" pin="0"/><net_sink comp="279" pin=0"/></net>

<net id="304"><net_src comp="0" pin="0"/><net_sink comp="279" pin=1"/></net>

<net id="314"><net_src comp="84" pin="0"/><net_sink comp="305" pin=0"/></net>

<net id="315"><net_src comp="0" pin="0"/><net_sink comp="305" pin=1"/></net>

<net id="340"><net_src comp="86" pin="0"/><net_sink comp="316" pin=0"/></net>

<net id="341"><net_src comp="0" pin="0"/><net_sink comp="316" pin=1"/></net>

<net id="378"><net_src comp="88" pin="0"/><net_sink comp="342" pin=0"/></net>

<net id="382"><net_src comp="228" pin="2"/><net_sink comp="379" pin=0"/></net>

<net id="387"><net_src comp="60" pin="0"/><net_sink comp="383" pin=0"/></net>

<net id="395"><net_src comp="388" pin="1"/><net_sink comp="391" pin=0"/></net>

<net id="396"><net_src comp="62" pin="0"/><net_sink comp="391" pin=1"/></net>

<net id="401"><net_src comp="388" pin="1"/><net_sink comp="397" pin=0"/></net>

<net id="402"><net_src comp="64" pin="0"/><net_sink comp="397" pin=1"/></net>

<net id="406"><net_src comp="388" pin="1"/><net_sink comp="403" pin=0"/></net>

<net id="410"><net_src comp="403" pin="1"/><net_sink comp="407" pin=0"/></net>

<net id="415"><net_src comp="407" pin="1"/><net_sink comp="411" pin=0"/></net>

<net id="421"><net_src comp="74" pin="0"/><net_sink comp="416" pin=0"/></net>

<net id="422"><net_src comp="411" pin="2"/><net_sink comp="416" pin=1"/></net>

<net id="423"><net_src comp="60" pin="0"/><net_sink comp="416" pin=2"/></net>

<net id="428"><net_src comp="256" pin="4"/><net_sink comp="424" pin=0"/></net>

<net id="429"><net_src comp="62" pin="0"/><net_sink comp="424" pin=1"/></net>

<net id="434"><net_src comp="256" pin="4"/><net_sink comp="430" pin=0"/></net>

<net id="435"><net_src comp="64" pin="0"/><net_sink comp="430" pin=1"/></net>

<net id="439"><net_src comp="256" pin="4"/><net_sink comp="436" pin=0"/></net>

<net id="449"><net_src comp="80" pin="0"/><net_sink comp="444" pin=0"/></net>

<net id="450"><net_src comp="60" pin="0"/><net_sink comp="444" pin=2"/></net>

<net id="455"><net_src comp="267" pin="4"/><net_sink comp="451" pin=0"/></net>

<net id="456"><net_src comp="62" pin="0"/><net_sink comp="451" pin=1"/></net>

<net id="461"><net_src comp="267" pin="4"/><net_sink comp="457" pin=0"/></net>

<net id="462"><net_src comp="64" pin="0"/><net_sink comp="457" pin=1"/></net>

<net id="466"><net_src comp="267" pin="4"/><net_sink comp="463" pin=0"/></net>

<net id="472"><net_src comp="80" pin="0"/><net_sink comp="467" pin=0"/></net>

<net id="473"><net_src comp="463" pin="1"/><net_sink comp="467" pin=1"/></net>

<net id="474"><net_src comp="60" pin="0"/><net_sink comp="467" pin=2"/></net>

<net id="475"><net_src comp="467" pin="3"/><net_sink comp="279" pin=20"/></net>

<net id="479"><net_src comp="463" pin="1"/><net_sink comp="476" pin=0"/></net>

<net id="484"><net_src comp="476" pin="1"/><net_sink comp="480" pin=0"/></net>

<net id="490"><net_src comp="74" pin="0"/><net_sink comp="485" pin=0"/></net>

<net id="491"><net_src comp="60" pin="0"/><net_sink comp="485" pin=2"/></net>

<net id="492"><net_src comp="485" pin="3"/><net_sink comp="316" pin=20"/></net>

<net id="496"><net_src comp="92" pin="1"/><net_sink comp="493" pin=0"/></net>

<net id="497"><net_src comp="493" pin="1"/><net_sink comp="383" pin=1"/></net>

<net id="498"><net_src comp="493" pin="1"/><net_sink comp="388" pin=0"/></net>

<net id="499"><net_src comp="493" pin="1"/><net_sink comp="440" pin=1"/></net>

<net id="503"><net_src comp="228" pin="2"/><net_sink comp="500" pin=0"/></net>

<net id="504"><net_src comp="500" pin="1"/><net_sink comp="279" pin=18"/></net>

<net id="505"><net_src comp="500" pin="1"/><net_sink comp="305" pin=3"/></net>

<net id="506"><net_src comp="500" pin="1"/><net_sink comp="316" pin=18"/></net>

<net id="510"><net_src comp="234" pin="2"/><net_sink comp="507" pin=0"/></net>

<net id="511"><net_src comp="507" pin="1"/><net_sink comp="305" pin=6"/></net>

<net id="515"><net_src comp="240" pin="2"/><net_sink comp="512" pin=0"/></net>

<net id="516"><net_src comp="512" pin="1"/><net_sink comp="316" pin=21"/></net>

<net id="520"><net_src comp="246" pin="2"/><net_sink comp="517" pin=0"/></net>

<net id="521"><net_src comp="517" pin="1"/><net_sink comp="279" pin=21"/></net>

<net id="525"><net_src comp="379" pin="1"/><net_sink comp="522" pin=0"/></net>

<net id="526"><net_src comp="522" pin="1"/><net_sink comp="411" pin=1"/></net>

<net id="527"><net_src comp="522" pin="1"/><net_sink comp="480" pin=1"/></net>

<net id="534"><net_src comp="397" pin="2"/><net_sink comp="531" pin=0"/></net>

<net id="535"><net_src comp="531" pin="1"/><net_sink comp="440" pin=0"/></net>

<net id="539"><net_src comp="416" pin="3"/><net_sink comp="536" pin=0"/></net>

<net id="540"><net_src comp="536" pin="1"/><net_sink comp="279" pin=19"/></net>

<net id="541"><net_src comp="536" pin="1"/><net_sink comp="305" pin=4"/></net>

<net id="548"><net_src comp="430" pin="2"/><net_sink comp="545" pin=0"/></net>

<net id="549"><net_src comp="545" pin="1"/><net_sink comp="256" pin=2"/></net>

<net id="553"><net_src comp="436" pin="1"/><net_sink comp="550" pin=0"/></net>

<net id="554"><net_src comp="550" pin="1"/><net_sink comp="444" pin=1"/></net>

<net id="558"><net_src comp="444" pin="3"/><net_sink comp="555" pin=0"/></net>

<net id="559"><net_src comp="555" pin="1"/><net_sink comp="305" pin=5"/></net>

<net id="560"><net_src comp="555" pin="1"/><net_sink comp="316" pin=19"/></net>

<net id="567"><net_src comp="457" pin="2"/><net_sink comp="564" pin=0"/></net>

<net id="568"><net_src comp="564" pin="1"/><net_sink comp="267" pin=2"/></net>

<net id="572"><net_src comp="467" pin="3"/><net_sink comp="569" pin=0"/></net>

<net id="573"><net_src comp="569" pin="1"/><net_sink comp="279" pin=20"/></net>

<net id="577"><net_src comp="480" pin="2"/><net_sink comp="574" pin=0"/></net>

<net id="578"><net_src comp="574" pin="1"/><net_sink comp="485" pin=1"/></net>

<net id="582"><net_src comp="485" pin="3"/><net_sink comp="579" pin=0"/></net>

<net id="583"><net_src comp="579" pin="1"/><net_sink comp="316" pin=20"/></net>

</net_list>

</model> 
---------------- Datapath Model END ------------------

* FSMD analyzer results:
  - Output states:
	Port: gmem | {5 11 }
 - Input state : 
	Port: mmult_hw : gmem | {5 6 7 8 }
	Port: mmult_hw : in1 | {1 }
	Port: mmult_hw : in2 | {1 }
	Port: mmult_hw : out_r | {1 }
	Port: mmult_hw : dim | {1 }
  - Chain level:
	State 1
		store_ln17 : 1
	State 2
		icmp_ln17 : 1
		add_ln17 : 1
		br_ln17 : 2
		empty : 1
		ti_cast_cast : 2
		empty_36 : 3
		tmp_1 : 4
	State 3
		icmp_ln18 : 1
		add_ln18 : 1
		br_ln18 : 2
		trunc_ln19 : 1
	State 4
	State 5
		icmp_ln23 : 1
		add_ln23 : 1
		br_ln23 : 2
		empty_37 : 1
		tmp_5 : 2
		call_ln17 : 3
		tk_cast20_cast : 2
		empty_38 : 3
	State 6
	State 7
		call_ln19 : 1
	State 8
	State 9
	State 10
	State 11


============================================================
+ Verbose Summary: Datapath Resource usage 
============================================================

* Functional unit list:
|----------|-----------------------------------------------------|---------|---------|---------|---------|
| Operation|                   Functional Unit                   |   DSP   |  Delay  |    FF   |   LUT   |
|----------|-----------------------------------------------------|---------|---------|---------|---------|
|          |      grp_mmult_hw_Pipeline_init_i_init_j_fu_274     |    0    |    0    |    19   |    93   |
|          | grp_mmult_hw_Pipeline_load_a_VITIS_LOOP_25_1_fu_279 |    2    |    0    |   275   |   260   |
|   call   |     grp_mmult_hw_Pipeline_store_i_store_j_fu_305    |    2    |  0.978  |   288   |   296   |
|          | grp_mmult_hw_Pipeline_load_b_VITIS_LOOP_28_2_fu_316 |    2    |    0    |   234   |   270   |
|          |      grp_mmult_hw_Pipeline_comp_i_comp_j_fu_342     |    48   |  16.137 |   356   |   1250  |
|----------|-----------------------------------------------------|---------|---------|---------|---------|
|    mul   |                   empty_36_fu_411                   |    0    |    0    |    0    |    20   |
|          |                   empty_38_fu_480                   |    0    |    0    |    0    |    20   |
|----------|-----------------------------------------------------|---------|---------|---------|---------|
|          |                   icmp_ln17_fu_391                  |    0    |    0    |    0    |    12   |
|   icmp   |                   icmp_ln18_fu_424                  |    0    |    0    |    0    |    12   |
|          |                   icmp_ln23_fu_451                  |    0    |    0    |    0    |    12   |
|----------|-----------------------------------------------------|---------|---------|---------|---------|
|          |                   add_ln17_fu_397                   |    0    |    0    |    0    |    12   |
|    add   |                   add_ln18_fu_430                   |    0    |    0    |    0    |    12   |
|          |                   add_ln23_fu_457                   |    0    |    0    |    0    |    12   |
|----------|-----------------------------------------------------|---------|---------|---------|---------|
|          |                 dim_read_read_fu_228                |    0    |    0    |    0    |    0    |
|   read   |                out_r_read_read_fu_234               |    0    |    0    |    0    |    0    |
|          |                 in2_read_read_fu_240                |    0    |    0    |    0    |    0    |
|          |                 in1_read_read_fu_246                |    0    |    0    |    0    |    0    |
|----------|-----------------------------------------------------|---------|---------|---------|---------|
|   sext   |                   sext_ln17_fu_379                  |    0    |    0    |    0    |    0    |
|----------|-----------------------------------------------------|---------|---------|---------|---------|
|          |                     empty_fu_403                    |    0    |    0    |    0    |    0    |
|   trunc  |                  trunc_ln19_fu_436                  |    0    |    0    |    0    |    0    |
|          |                   empty_37_fu_463                   |    0    |    0    |    0    |    0    |
|----------|-----------------------------------------------------|---------|---------|---------|---------|
|   zext   |                 ti_cast_cast_fu_407                 |    0    |    0    |    0    |    0    |
|          |                tk_cast20_cast_fu_476                |    0    |    0    |    0    |    0    |
|----------|-----------------------------------------------------|---------|---------|---------|---------|
|          |                     tmp_1_fu_416                    |    0    |    0    |    0    |    0    |
|bitconcatenate|                    shl_ln_fu_444                    |    0    |    0    |    0    |    0    |
|          |                     tmp_5_fu_467                    |    0    |    0    |    0    |    0    |
|          |                     tmp_7_fu_485                    |    0    |    0    |    0    |    0    |
|----------|-----------------------------------------------------|---------|---------|---------|---------|
|   Total  |                                                     |    54   |  17.115 |   1172  |   2281  |
|----------|-----------------------------------------------------|---------|---------|---------|---------|

Memories:
+-----+--------+--------+--------+--------+
|     |  BRAM  |   FF   |   LUT  |  URAM  |
+-----+--------+--------+--------+--------+
|  tA |    0   |   32   |    8   |    0   |
| tA_1|    0   |   32   |    8   |    0   |
|tA_10|    0   |   32   |    8   |    0   |
|tA_11|    0   |   32   |    8   |    0   |
|tA_12|    0   |   32   |    8   |    0   |
|tA_13|    0   |   32   |    8   |    0   |
|tA_14|    0   |   32   |    8   |    0   |
|tA_15|    0   |   32   |    8   |    0   |
| tA_2|    0   |   32   |    8   |    0   |
| tA_3|    0   |   32   |    8   |    0   |
| tA_4|    0   |   32   |    8   |    0   |
| tA_5|    0   |   32   |    8   |    0   |
| tA_6|    0   |   32   |    8   |    0   |
| tA_7|    0   |   32   |    8   |    0   |
| tA_8|    0   |   32   |    8   |    0   |
| tA_9|    0   |   32   |    8   |    0   |
|  tB |    0   |   32   |    8   |    0   |
| tB_1|    0   |   32   |    8   |    0   |
|tB_10|    0   |   32   |    8   |    0   |
|tB_11|    0   |   32   |    8   |    0   |
|tB_12|    0   |   32   |    8   |    0   |
|tB_13|    0   |   32   |    8   |    0   |
|tB_14|    0   |   32   |    8   |    0   |
|tB_15|    0   |   32   |    8   |    0   |
| tB_2|    0   |   32   |    8   |    0   |
| tB_3|    0   |   32   |    8   |    0   |
| tB_4|    0   |   32   |    8   |    0   |
| tB_5|    0   |   32   |    8   |    0   |
| tB_6|    0   |   32   |    8   |    0   |
| tB_7|    0   |   32   |    8   |    0   |
| tB_8|    0   |   32   |    8   |    0   |
| tB_9|    0   |   32   |    8   |    0   |
|  tC |    2   |    0   |    0   |    0   |
+-----+--------+--------+--------+--------+
|Total|    2   |  1024  |   256  |    0   |
+-----+--------+--------+--------+--------+

* Register list:
+------------------+--------+
|                  |   FF   |
+------------------+--------+
| add_ln17_reg_531 |    4   |
| add_ln18_reg_545 |    4   |
| add_ln23_reg_564 |    4   |
| dim_read_reg_500 |   32   |
| empty_38_reg_574 |   35   |
| in1_read_reg_517 |   64   |
| in2_read_reg_512 |   64   |
|out_r_read_reg_507|   64   |
| sext_ln17_reg_522|   35   |
|  shl_ln_reg_555  |    7   |
|    ti_reg_493    |    4   |
|    tj_reg_252    |    4   |
|    tk_reg_263    |    4   |
|   tmp_1_reg_536  |   39   |
|   tmp_5_reg_569  |    7   |
|   tmp_7_reg_579  |   39   |
|trunc_ln19_reg_550|    3   |
+------------------+--------+
|       Total      |   413  |
+------------------+--------+

* Multiplexer (MUX) list: 
|-----------------------------------------------------|------|------|------|--------||---------||---------||---------|
|                         Comp                        |  Pin | Size |  BW  | S x BW ||  Delay  ||    FF   ||   LUT   |
|-----------------------------------------------------|------|------|------|--------||---------||---------||---------|
| grp_mmult_hw_Pipeline_load_a_VITIS_LOOP_25_1_fu_279 |  p20 |   2  |   7  |   14   ||    0    ||    9    |
| grp_mmult_hw_Pipeline_load_b_VITIS_LOOP_28_2_fu_316 |  p20 |   2  |  39  |   78   ||    0    ||    9    |
|-----------------------------------------------------|------|------|------|--------||---------||---------||---------|
|                        Total                        |      |      |      |   92   ||  0.978  ||    0    ||    18   |
|-----------------------------------------------------|------|------|------|--------||---------||---------||---------|



* Summary:
+-----------+--------+--------+--------+--------+--------+--------+
|           |  BRAM  |   DSP  |  Delay |   FF   |   LUT  |  URAM  |
+-----------+--------+--------+--------+--------+--------+--------+
|  Function |    -   |   54   |   17   |  1172  |  2281  |    -   |
|   Memory  |    2   |    -   |    -   |  1024  |   256  |    0   |
|Multiplexer|    -   |    -   |    0   |    0   |   18   |    -   |
|  Register |    -   |    -   |    -   |   413  |    -   |    -   |
+-----------+--------+--------+--------+--------+--------+--------+
|   Total   |    2   |   54   |   18   |  2609  |  2555  |    0   |
+-----------+--------+--------+--------+--------+--------+--------+
