

================================================================
== Vitis HLS Report for 'mmult_hw_Pipeline_comp_i_comp_j'
================================================================
* Date:           Sun Feb 22 22:49:47 2026

* Version:        2024.1 (Build 5069499 on May 21 2024)
* Project:        matmul_D11_Tiled
* Solution:       hls (Vivado IP Flow Target)
* Product family: zynquplus
* Target device:  xczu3eg-sbva484-1-e


================================================================
== Performance Estimates
================================================================
+ Timing: 
    * Summary: 
    +--------+----------+----------+------------+
    |  Clock |  Target  | Estimated| Uncertainty|
    +--------+----------+----------+------------+
    |ap_clk  |  10.00 ns|  6.762 ns|     2.70 ns|
    +--------+----------+----------+------------+

+ Latency: 
    * Summary: 
    +---------+---------+----------+----------+-----+-----+-----------------------------------------------+
    |  Latency (cycles) |  Latency (absolute) |  Interval |                    Pipeline                   |
    |   min   |   max   |    min   |    max   | min | max |                      Type                     |
    +---------+---------+----------+----------+-----+-----+-----------------------------------------------+
    |      259|      259|  2.590 us|  2.590 us|  257|  257|  loop auto-rewind stp(delay=0 clock cycles(s))|
    +---------+---------+----------+----------+-----+-----+-----------------------------------------------+

    + Detail: 
        * Instance: 
        N/A

        * Loop: 
        +-----------------+---------+---------+----------+-----------+-----------+------+----------+
        |                 |  Latency (cycles) | Iteration|  Initiation Interval  | Trip |          |
        |    Loop Name    |   min   |   max   |  Latency |  achieved |   target  | Count| Pipelined|
        +-----------------+---------+---------+----------+-----------+-----------+------+----------+
        |- comp_i_comp_j  |      257|      257|         3|          1|          1|   256|       yes|
        +-----------------+---------+---------+----------+-----------+-----------+------+----------+

============================================================
+ Verbose Summary: Synthesis Manager
============================================================
InlineROM: 1
ExposeGlobal: 0
============================================================
+ Verbose Summary: CDFG Model
============================================================
IsTopModel: 0
ResetActiveHigh: 1
IsCombinational: 0
IsDatapathOnly: 0
HasWiredReturn: 1
HasMFsm: 2
HasVarLatency: 1
IsPipeline: 0
IsRtlPipelined: 0
IsInstanceOverlapped: 0
IsDontTouch: 0
HasImplIP: 0
IsGatedGlobalClock: 0

+ Individual pipeline summary: 
  * Pipeline-0: initiation interval (II) = 1, depth = 3


============================================================
+ Verbose Summary: Schedule
============================================================
* Number of FSM states : 3
* Pipeline : 1
  Pipeline-0 : II = 1, D = 3, States = { 1 2 3 }
* Dataflow Pipeline: 0

* FSM state transitions: 
1 --> 2 
2 --> 3 
3 --> 

* FSM state operations: 

State 1 <SV = 0> <Delay = 3.21>
ST_1 : Operation 6 [1/1] (0.00ns)   --->   "%j = alloca i32 1" [mmult_baseline.cpp:31]   --->   Operation 6 'alloca' 'j' <Predicate = true> <Delay = 0.00>
ST_1 : Operation 7 [1/1] (0.00ns)   --->   "%i = alloca i32 1" [mmult_baseline.cpp:30]   --->   Operation 7 'alloca' 'i' <Predicate = true> <Delay = 0.00>
ST_1 : Operation 8 [1/1] (0.00ns)   --->   "%indvar_flatten20 = alloca i32 1"   --->   Operation 8 'alloca' 'indvar_flatten20' <Predicate = true> <Delay = 0.00>
ST_1 : Operation 9 [1/1] (0.48ns)   --->   "%store_ln0 = store i9 0, i9 %indvar_flatten20"   --->   Operation 9 'store' 'store_ln0' <Predicate = true> <Delay = 0.48>
ST_1 : Operation 10 [1/1] (0.48ns)   --->   "%store_ln30 = store i5 0, i5 %i" [mmult_baseline.cpp:30]   --->   Operation 10 'store' 'store_ln30' <Predicate = true> <Delay = 0.48>
ST_1 : Operation 11 [1/1] (0.48ns)   --->   "%store_ln31 = store i5 0, i5 %j" [mmult_baseline.cpp:31]   --->   Operation 11 'store' 'store_ln31' <Predicate = true> <Delay = 0.48>
ST_1 : Operation 12 [1/1] (0.00ns)   --->   "%br_ln0 = br void %comp_k"   --->   Operation 12 'br' 'br_ln0' <Predicate = true> <Delay = 0.00>
ST_1 : Operation 13 [1/1] (0.00ns)   --->   "%indvar_flatten20_load = load i9 %indvar_flatten20" [mmult_baseline.cpp:30]   --->   Operation 13 'load' 'indvar_flatten20_load' <Predicate = true> <Delay = 0.00>
ST_1 : Operation 14 [1/1] (0.92ns)   --->   "%icmp_ln30 = icmp_eq  i9 %indvar_flatten20_load, i9 256" [mmult_baseline.cpp:30]   --->   Operation 14 'icmp' 'icmp_ln30' <Predicate = true> <Delay = 0.92> <CoreInst = "Cmp">   --->   Core 9 'Cmp' <Latency = 0> <II = 1> <Delay = 0.92> <FuncUnit> <Opcode : 'seteq' 'setne' 'setle' 'setge' 'setlt' 'setgt'> <InPorts = 2> <OutPorts = 1>
ST_1 : Operation 15 [1/1] (0.92ns)   --->   "%add_ln30_1 = add i9 %indvar_flatten20_load, i9 1" [mmult_baseline.cpp:30]   --->   Operation 15 'add' 'add_ln30_1' <Predicate = true> <Delay = 0.92> <CoreInst = "Adder">   --->   Core 1 'Adder' <Latency = 0> <II = 1> <Delay = 0.92> <FuncUnit> <Opcode : 'add' 'sub'> <InPorts = 2> <OutPorts = 1>
ST_1 : Operation 16 [1/1] (0.00ns)   --->   "%br_ln30 = br i1 %icmp_ln30, void %for.inc110, void %for.inc113.exitStub" [mmult_baseline.cpp:30]   --->   Operation 16 'br' 'br_ln30' <Predicate = true> <Delay = 0.00>
ST_1 : Operation 17 [1/1] (0.00ns)   --->   "%j_load = load i5 %j" [mmult_baseline.cpp:31]   --->   Operation 17 'load' 'j_load' <Predicate = (!icmp_ln30)> <Delay = 0.00>
ST_1 : Operation 18 [1/1] (0.00ns)   --->   "%i_load = load i5 %i" [mmult_baseline.cpp:30]   --->   Operation 18 'load' 'i_load' <Predicate = (!icmp_ln30)> <Delay = 0.00>
ST_1 : Operation 19 [1/1] (0.87ns)   --->   "%add_ln30 = add i5 %i_load, i5 1" [mmult_baseline.cpp:30]   --->   Operation 19 'add' 'add_ln30' <Predicate = (!icmp_ln30)> <Delay = 0.87> <CoreInst = "Adder">   --->   Core 1 'Adder' <Latency = 0> <II = 1> <Delay = 0.87> <FuncUnit> <Opcode : 'add' 'sub'> <InPorts = 2> <OutPorts = 1>
ST_1 : Operation 20 [1/1] (0.87ns)   --->   "%icmp_ln31 = icmp_eq  i5 %j_load, i5 16" [mmult_baseline.cpp:31]   --->   Operation 20 'icmp' 'icmp_ln31' <Predicate = (!icmp_ln30)> <Delay = 0.87> <CoreInst = "Cmp">   --->   Core 9 'Cmp' <Latency = 0> <II = 1> <Delay = 0.87> <FuncUnit> <Opcode : 'seteq' 'setne' 'setle' 'setge' 'setlt' 'setgt'> <InPorts = 2> <OutPorts = 1>
ST_1 : Operation 21 [1/1] (0.48ns)   --->   "%select_ln30 = select i1 %icmp_ln31, i5 0, i5 %j_load" [mmult_baseline.cpp:30]   --->   Operation 21 'select' 'select_ln30' <Predicate = (!icmp_ln30)> <Delay = 0.48> <CoreInst = "Sel">   --->   Core 73 'Sel' <Latency = 0> <II = 1> <Delay = 0.48> <FuncUnit> <Opcode : 'select'> <InPorts = 3> <OutPorts = 1>
ST_1 : Operation 22 [1/1] (0.48ns)   --->   "%select_ln30_1 = select i1 %icmp_ln31, i5 %add_ln30, i5 %i_load" [mmult_baseline.cpp:30]   --->   Operation 22 'select' 'select_ln30_1' <Predicate = (!icmp_ln30)> <Delay = 0.48> <CoreInst = "Sel">   --->   Core 73 'Sel' <Latency = 0> <II = 1> <Delay = 0.48> <FuncUnit> <Opcode : 'select'> <InPorts = 3> <OutPorts = 1>
ST_1 : Operation 23 [1/1] (0.00ns)   --->   "%trunc_ln30 = trunc i5 %select_ln30_1" [mmult_baseline.cpp:30]   --->   Operation 23 'trunc' 'trunc_ln30' <Predicate = (!icmp_ln30)> <Delay = 0.00>
ST_1 : Operation 24 [1/1] (0.00ns)   --->   "%zext_ln30 = zext i5 %select_ln30_1" [mmult_baseline.cpp:30]   --->   Operation 24 'zext' 'zext_ln30' <Predicate = (!icmp_ln30)> <Delay = 0.00>
ST_1 : Operation 25 [1/1] (0.00ns)   --->   "%tmp_s = bitconcatenate i8 @_ssdm_op_BitConcatenate.i8.i4.i4, i4 %trunc_ln30, i4 0" [mmult_baseline.cpp:30]   --->   Operation 25 'bitconcatenate' 'tmp_s' <Predicate = (!icmp_ln30)> <Delay = 0.00>
ST_1 : Operation 26 [1/1] (0.00ns)   --->   "%tA_addr = getelementptr i32 %tA, i64 0, i64 %zext_ln30" [mmult_baseline.cpp:33]   --->   Operation 26 'getelementptr' 'tA_addr' <Predicate = (!icmp_ln30)> <Delay = 0.00>
ST_1 : Operation 27 [2/2] (0.79ns)   --->   "%tA_load = load i4 %tA_addr" [mmult_baseline.cpp:33]   --->   Operation 27 'load' 'tA_load' <Predicate = (!icmp_ln30)> <Delay = 0.79> <CoreInst = "RAM">   --->   Core 82 'RAM' <Latency = 1> <II = 1> <Delay = 0.79> <Storage> <Opcode : 'load' 'store'> <Ports = 2> <Width = 32> <Depth = 16> <RAM>
ST_1 : Operation 28 [1/1] (0.00ns)   --->   "%tA_1_addr = getelementptr i32 %tA_1, i64 0, i64 %zext_ln30" [mmult_baseline.cpp:30]   --->   Operation 28 'getelementptr' 'tA_1_addr' <Predicate = (!icmp_ln30)> <Delay = 0.00>
ST_1 : Operation 29 [2/2] (0.79ns)   --->   "%tA_1_load = load i4 %tA_1_addr" [mmult_baseline.cpp:30]   --->   Operation 29 'load' 'tA_1_load' <Predicate = (!icmp_ln30)> <Delay = 0.79> <CoreInst = "RAM">   --->   Core 82 'RAM' <Latency = 1> <II = 1> <Delay = 0.79> <Storage> <Opcode : 'load' 'store'> <Ports = 2> <Width = 32> <Depth = 16> <RAM>
ST_1 : Operation 30 [1/1] (0.00ns)   --->   "%tA_2_addr = getelementptr i32 %tA_2, i64 0, i64 %zext_ln30" [mmult_baseline.cpp:30]   --->   Operation 30 'getelementptr' 'tA_2_addr' <Predicate = (!icmp_ln30)> <Delay = 0.00>
ST_1 : Operation 31 [2/2] (0.79ns)   --->   "%tA_2_load = load i4 %tA_2_addr" [mmult_baseline.cpp:30]   --->   Operation 31 'load' 'tA_2_load' <Predicate = (!icmp_ln30)> <Delay = 0.79> <CoreInst = "RAM">   --->   Core 82 'RAM' <Latency = 1> <II = 1> <Delay = 0.79> <Storage> <Opcode : 'load' 'store'> <Ports = 2> <Width = 32> <Depth = 16> <RAM>
ST_1 : Operation 32 [1/1] (0.00ns)   --->   "%tA_3_addr = getelementptr i32 %tA_3, i64 0, i64 %zext_ln30" [mmult_baseline.cpp:30]   --->   Operation 32 'getelementptr' 'tA_3_addr' <Predicate = (!icmp_ln30)> <Delay = 0.00>
ST_1 : Operation 33 [2/2] (0.79ns)   --->   "%tA_3_load = load i4 %tA_3_addr" [mmult_baseline.cpp:30]   --->   Operation 33 'load' 'tA_3_load' <Predicate = (!icmp_ln30)> <Delay = 0.79> <CoreInst = "RAM">   --->   Core 82 'RAM' <Latency = 1> <II = 1> <Delay = 0.79> <Storage> <Opcode : 'load' 'store'> <Ports = 2> <Width = 32> <Depth = 16> <RAM>
ST_1 : Operation 34 [1/1] (0.00ns)   --->   "%tA_4_addr = getelementptr i32 %tA_4, i64 0, i64 %zext_ln30" [mmult_baseline.cpp:30]   --->   Operation 34 'getelementptr' 'tA_4_addr' <Predicate = (!icmp_ln30)> <Delay = 0.00>
ST_1 : Operation 35 [2/2] (0.79ns)   --->   "%tA_4_load = load i4 %tA_4_addr" [mmult_baseline.cpp:30]   --->   Operation 35 'load' 'tA_4_load' <Predicate = (!icmp_ln30)> <Delay = 0.79> <CoreInst = "RAM">   --->   Core 82 'RAM' <Latency = 1> <II = 1> <Delay = 0.79> <Storage> <Opcode : 'load' 'store'> <Ports = 2> <Width = 32> <Depth = 16> <RAM>
ST_1 : Operation 36 [1/1] (0.00ns)   --->   "%tA_5_addr = getelementptr i32 %tA_5, i64 0, i64 %zext_ln30" [mmult_baseline.cpp:30]   --->   Operation 36 'getelementptr' 'tA_5_addr' <Predicate = (!icmp_ln30)> <Delay = 0.00>
ST_1 : Operation 37 [2/2] (0.79ns)   --->   "%tA_5_load = load i4 %tA_5_addr" [mmult_baseline.cpp:30]   --->   Operation 37 'load' 'tA_5_load' <Predicate = (!icmp_ln30)> <Delay = 0.79> <CoreInst = "RAM">   --->   Core 82 'RAM' <Latency = 1> <II = 1> <Delay = 0.79> <Storage> <Opcode : 'load' 'store'> <Ports = 2> <Width = 32> <Depth = 16> <RAM>
ST_1 : Operation 38 [1/1] (0.00ns)   --->   "%tA_6_addr = getelementptr i32 %tA_6, i64 0, i64 %zext_ln30" [mmult_baseline.cpp:30]   --->   Operation 38 'getelementptr' 'tA_6_addr' <Predicate = (!icmp_ln30)> <Delay = 0.00>
ST_1 : Operation 39 [2/2] (0.79ns)   --->   "%tA_6_load = load i4 %tA_6_addr" [mmult_baseline.cpp:30]   --->   Operation 39 'load' 'tA_6_load' <Predicate = (!icmp_ln30)> <Delay = 0.79> <CoreInst = "RAM">   --->   Core 82 'RAM' <Latency = 1> <II = 1> <Delay = 0.79> <Storage> <Opcode : 'load' 'store'> <Ports = 2> <Width = 32> <Depth = 16> <RAM>
ST_1 : Operation 40 [1/1] (0.00ns)   --->   "%tA_7_addr = getelementptr i32 %tA_7, i64 0, i64 %zext_ln30" [mmult_baseline.cpp:30]   --->   Operation 40 'getelementptr' 'tA_7_addr' <Predicate = (!icmp_ln30)> <Delay = 0.00>
ST_1 : Operation 41 [2/2] (0.79ns)   --->   "%tA_7_load = load i4 %tA_7_addr" [mmult_baseline.cpp:30]   --->   Operation 41 'load' 'tA_7_load' <Predicate = (!icmp_ln30)> <Delay = 0.79> <CoreInst = "RAM">   --->   Core 82 'RAM' <Latency = 1> <II = 1> <Delay = 0.79> <Storage> <Opcode : 'load' 'store'> <Ports = 2> <Width = 32> <Depth = 16> <RAM>
ST_1 : Operation 42 [1/1] (0.00ns)   --->   "%tA_8_addr = getelementptr i32 %tA_8, i64 0, i64 %zext_ln30" [mmult_baseline.cpp:30]   --->   Operation 42 'getelementptr' 'tA_8_addr' <Predicate = (!icmp_ln30)> <Delay = 0.00>
ST_1 : Operation 43 [2/2] (0.79ns)   --->   "%tA_8_load = load i4 %tA_8_addr" [mmult_baseline.cpp:30]   --->   Operation 43 'load' 'tA_8_load' <Predicate = (!icmp_ln30)> <Delay = 0.79> <CoreInst = "RAM">   --->   Core 82 'RAM' <Latency = 1> <II = 1> <Delay = 0.79> <Storage> <Opcode : 'load' 'store'> <Ports = 2> <Width = 32> <Depth = 16> <RAM>
ST_1 : Operation 44 [1/1] (0.00ns)   --->   "%tA_9_addr = getelementptr i32 %tA_9, i64 0, i64 %zext_ln30" [mmult_baseline.cpp:30]   --->   Operation 44 'getelementptr' 'tA_9_addr' <Predicate = (!icmp_ln30)> <Delay = 0.00>
ST_1 : Operation 45 [2/2] (0.79ns)   --->   "%tA_9_load = load i4 %tA_9_addr" [mmult_baseline.cpp:30]   --->   Operation 45 'load' 'tA_9_load' <Predicate = (!icmp_ln30)> <Delay = 0.79> <CoreInst = "RAM">   --->   Core 82 'RAM' <Latency = 1> <II = 1> <Delay = 0.79> <Storage> <Opcode : 'load' 'store'> <Ports = 2> <Width = 32> <Depth = 16> <RAM>
ST_1 : Operation 46 [1/1] (0.00ns)   --->   "%tA_10_addr = getelementptr i32 %tA_10, i64 0, i64 %zext_ln30" [mmult_baseline.cpp:30]   --->   Operation 46 'getelementptr' 'tA_10_addr' <Predicate = (!icmp_ln30)> <Delay = 0.00>
ST_1 : Operation 47 [2/2] (0.79ns)   --->   "%tA_10_load = load i4 %tA_10_addr" [mmult_baseline.cpp:30]   --->   Operation 47 'load' 'tA_10_load' <Predicate = (!icmp_ln30)> <Delay = 0.79> <CoreInst = "RAM">   --->   Core 82 'RAM' <Latency = 1> <II = 1> <Delay = 0.79> <Storage> <Opcode : 'load' 'store'> <Ports = 2> <Width = 32> <Depth = 16> <RAM>
ST_1 : Operation 48 [1/1] (0.00ns)   --->   "%tA_11_addr = getelementptr i32 %tA_11, i64 0, i64 %zext_ln30" [mmult_baseline.cpp:30]   --->   Operation 48 'getelementptr' 'tA_11_addr' <Predicate = (!icmp_ln30)> <Delay = 0.00>
ST_1 : Operation 49 [2/2] (0.79ns)   --->   "%tA_11_load = load i4 %tA_11_addr" [mmult_baseline.cpp:30]   --->   Operation 49 'load' 'tA_11_load' <Predicate = (!icmp_ln30)> <Delay = 0.79> <CoreInst = "RAM">   --->   Core 82 'RAM' <Latency = 1> <II = 1> <Delay = 0.79> <Storage> <Opcode : 'load' 'store'> <Ports = 2> <Width = 32> <Depth = 16> <RAM>
ST_1 : Operation 50 [1/1] (0.00ns)   --->   "%tA_12_addr = getelementptr i32 %tA_12, i64 0, i64 %zext_ln30" [mmult_baseline.cpp:30]   --->   Operation 50 'getelementptr' 'tA_12_addr' <Predicate = (!icmp_ln30)> <Delay = 0.00>
ST_1 : Operation 51 [2/2] (0.79ns)   --->   "%tA_12_load = load i4 %tA_12_addr" [mmult_baseline.cpp:30]   --->   Operation 51 'load' 'tA_12_load' <Predicate = (!icmp_ln30)> <Delay = 0.79> <CoreInst = "RAM">   --->   Core 82 'RAM' <Latency = 1> <II = 1> <Delay = 0.79> <Storage> <Opcode : 'load' 'store'> <Ports = 2> <Width = 32> <Depth = 16> <RAM>
ST_1 : Operation 52 [1/1] (0.00ns)   --->   "%tA_13_addr = getelementptr i32 %tA_13, i64 0, i64 %zext_ln30" [mmult_baseline.cpp:30]   --->   Operation 52 'getelementptr' 'tA_13_addr' <Predicate = (!icmp_ln30)> <Delay = 0.00>
ST_1 : Operation 53 [2/2] (0.79ns)   --->   "%tA_13_load = load i4 %tA_13_addr" [mmult_baseline.cpp:30]   --->   Operation 53 'load' 'tA_13_load' <Predicate = (!icmp_ln30)> <Delay = 0.79> <CoreInst = "RAM">   --->   Core 82 'RAM' <Latency = 1> <II = 1> <Delay = 0.79> <Storage> <Opcode : 'load' 'store'> <Ports = 2> <Width = 32> <Depth = 16> <RAM>
ST_1 : Operation 54 [1/1] (0.00ns)   --->   "%tA_14_addr = getelementptr i32 %tA_14, i64 0, i64 %zext_ln30" [mmult_baseline.cpp:30]   --->   Operation 54 'getelementptr' 'tA_14_addr' <Predicate = (!icmp_ln30)> <Delay = 0.00>
ST_1 : Operation 55 [2/2] (0.79ns)   --->   "%tA_14_load = load i4 %tA_14_addr" [mmult_baseline.cpp:30]   --->   Operation 55 'load' 'tA_14_load' <Predicate = (!icmp_ln30)> <Delay = 0.79> <CoreInst = "RAM">   --->   Core 82 'RAM' <Latency = 1> <II = 1> <Delay = 0.79> <Storage> <Opcode : 'load' 'store'> <Ports = 2> <Width = 32> <Depth = 16> <RAM>
ST_1 : Operation 56 [1/1] (0.00ns)   --->   "%tA_15_addr = getelementptr i32 %tA_15, i64 0, i64 %zext_ln30" [mmult_baseline.cpp:30]   --->   Operation 56 'getelementptr' 'tA_15_addr' <Predicate = (!icmp_ln30)> <Delay = 0.00>
ST_1 : Operation 57 [2/2] (0.79ns)   --->   "%tA_15_load = load i4 %tA_15_addr" [mmult_baseline.cpp:30]   --->   Operation 57 'load' 'tA_15_load' <Predicate = (!icmp_ln30)> <Delay = 0.79> <CoreInst = "RAM">   --->   Core 82 'RAM' <Latency = 1> <II = 1> <Delay = 0.79> <Storage> <Opcode : 'load' 'store'> <Ports = 2> <Width = 32> <Depth = 16> <RAM>
ST_1 : Operation 58 [1/1] (0.00ns)   --->   "%zext_ln31 = zext i5 %select_ln30" [mmult_baseline.cpp:31]   --->   Operation 58 'zext' 'zext_ln31' <Predicate = (!icmp_ln30)> <Delay = 0.00>
ST_1 : Operation 59 [1/1] (0.00ns)   --->   "%select_ln30_cast = zext i5 %select_ln30" [mmult_baseline.cpp:30]   --->   Operation 59 'zext' 'select_ln30_cast' <Predicate = (!icmp_ln30)> <Delay = 0.00>
ST_1 : Operation 60 [1/1] (0.90ns)   --->   "%empty = add i8 %tmp_s, i8 %select_ln30_cast" [mmult_baseline.cpp:30]   --->   Operation 60 'add' 'empty' <Predicate = (!icmp_ln30)> <Delay = 0.90> <CoreInst = "Adder">   --->   Core 1 'Adder' <Latency = 0> <II = 1> <Delay = 0.90> <FuncUnit> <Opcode : 'add' 'sub'> <InPorts = 2> <OutPorts = 1>
ST_1 : Operation 61 [1/1] (0.00ns)   --->   "%tB_addr = getelementptr i32 %tB, i64 0, i64 %zext_ln31" [mmult_baseline.cpp:33]   --->   Operation 61 'getelementptr' 'tB_addr' <Predicate = (!icmp_ln30)> <Delay = 0.00>
ST_1 : Operation 62 [2/2] (0.79ns)   --->   "%tB_load = load i4 %tB_addr" [mmult_baseline.cpp:33]   --->   Operation 62 'load' 'tB_load' <Predicate = (!icmp_ln30)> <Delay = 0.79> <CoreInst = "RAM">   --->   Core 82 'RAM' <Latency = 1> <II = 1> <Delay = 0.79> <Storage> <Opcode : 'load' 'store'> <Ports = 2> <Width = 32> <Depth = 16> <RAM>
ST_1 : Operation 63 [1/1] (0.00ns)   --->   "%tB_1_addr = getelementptr i32 %tB_1, i64 0, i64 %zext_ln31" [mmult_baseline.cpp:33]   --->   Operation 63 'getelementptr' 'tB_1_addr' <Predicate = (!icmp_ln30)> <Delay = 0.00>
ST_1 : Operation 64 [2/2] (0.79ns)   --->   "%tB_1_load = load i4 %tB_1_addr" [mmult_baseline.cpp:33]   --->   Operation 64 'load' 'tB_1_load' <Predicate = (!icmp_ln30)> <Delay = 0.79> <CoreInst = "RAM">   --->   Core 82 'RAM' <Latency = 1> <II = 1> <Delay = 0.79> <Storage> <Opcode : 'load' 'store'> <Ports = 2> <Width = 32> <Depth = 16> <RAM>
ST_1 : Operation 65 [1/1] (0.00ns)   --->   "%tB_2_addr = getelementptr i32 %tB_2, i64 0, i64 %zext_ln31" [mmult_baseline.cpp:33]   --->   Operation 65 'getelementptr' 'tB_2_addr' <Predicate = (!icmp_ln30)> <Delay = 0.00>
ST_1 : Operation 66 [2/2] (0.79ns)   --->   "%tB_2_load = load i4 %tB_2_addr" [mmult_baseline.cpp:33]   --->   Operation 66 'load' 'tB_2_load' <Predicate = (!icmp_ln30)> <Delay = 0.79> <CoreInst = "RAM">   --->   Core 82 'RAM' <Latency = 1> <II = 1> <Delay = 0.79> <Storage> <Opcode : 'load' 'store'> <Ports = 2> <Width = 32> <Depth = 16> <RAM>
ST_1 : Operation 67 [1/1] (0.00ns)   --->   "%tB_3_addr = getelementptr i32 %tB_3, i64 0, i64 %zext_ln31" [mmult_baseline.cpp:33]   --->   Operation 67 'getelementptr' 'tB_3_addr' <Predicate = (!icmp_ln30)> <Delay = 0.00>
ST_1 : Operation 68 [2/2] (0.79ns)   --->   "%tB_3_load = load i4 %tB_3_addr" [mmult_baseline.cpp:33]   --->   Operation 68 'load' 'tB_3_load' <Predicate = (!icmp_ln30)> <Delay = 0.79> <CoreInst = "RAM">   --->   Core 82 'RAM' <Latency = 1> <II = 1> <Delay = 0.79> <Storage> <Opcode : 'load' 'store'> <Ports = 2> <Width = 32> <Depth = 16> <RAM>
ST_1 : Operation 69 [1/1] (0.00ns)   --->   "%tB_4_addr = getelementptr i32 %tB_4, i64 0, i64 %zext_ln31" [mmult_baseline.cpp:33]   --->   Operation 69 'getelementptr' 'tB_4_addr' <Predicate = (!icmp_ln30)> <Delay = 0.00>
ST_1 : Operation 70 [2/2] (0.79ns)   --->   "%tB_4_load = load i4 %tB_4_addr" [mmult_baseline.cpp:33]   --->   Operation 70 'load' 'tB_4_load' <Predicate = (!icmp_ln30)> <Delay = 0.79> <CoreInst = "RAM">   --->   Core 82 'RAM' <Latency = 1> <II = 1> <Delay = 0.79> <Storage> <Opcode : 'load' 'store'> <Ports = 2> <Width = 32> <Depth = 16> <RAM>
ST_1 : Operation 71 [1/1] (0.00ns)   --->   "%tB_5_addr = getelementptr i32 %tB_5, i64 0, i64 %zext_ln31" [mmult_baseline.cpp:33]   --->   Operation 71 'getelementptr' 'tB_5_addr' <Predicate = (!icmp_ln30)> <Delay = 0.00>
ST_1 : Operation 72 [2/2] (0.79ns)   --->   "%tB_5_load = load i4 %tB_5_addr" [mmult_baseline.cpp:33]   --->   Operation 72 'load' 'tB_5_load' <Predicate = (!icmp_ln30)> <Delay = 0.79> <CoreInst = "RAM">   --->   Core 82 'RAM' <Latency = 1> <II = 1> <Delay = 0.79> <Storage> <Opcode : 'load' 'store'> <Ports = 2> <Width = 32> <Depth = 16> <RAM>
ST_1 : Operation 73 [1/1] (0.00ns)   --->   "%tB_6_addr = getelementptr i32 %tB_6, i64 0, i64 %zext_ln31" [mmult_baseline.cpp:33]   --->   Operation 73 'getelementptr' 'tB_6_addr' <Predicate = (!icmp_ln30)> <Delay = 0.00>
ST_1 : Operation 74 [2/2] (0.79ns)   --->   "%tB_6_load = load i4 %tB_6_addr" [mmult_baseline.cpp:33]   --->   Operation 74 'load' 'tB_6_load' <Predicate = (!icmp_ln30)> <Delay = 0.79> <CoreInst = "RAM">   --->   Core 82 'RAM' <Latency = 1> <II = 1> <Delay = 0.79> <Storage> <Opcode : 'load' 'store'> <Ports = 2> <Width = 32> <Depth = 16> <RAM>
ST_1 : Operation 75 [1/1] (0.00ns)   --->   "%tB_7_addr = getelementptr i32 %tB_7, i64 0, i64 %zext_ln31" [mmult_baseline.cpp:33]   --->   Operation 75 'getelementptr' 'tB_7_addr' <Predicate = (!icmp_ln30)> <Delay = 0.00>
ST_1 : Operation 76 [2/2] (0.79ns)   --->   "%tB_7_load = load i4 %tB_7_addr" [mmult_baseline.cpp:33]   --->   Operation 76 'load' 'tB_7_load' <Predicate = (!icmp_ln30)> <Delay = 0.79> <CoreInst = "RAM">   --->   Core 82 'RAM' <Latency = 1> <II = 1> <Delay = 0.79> <Storage> <Opcode : 'load' 'store'> <Ports = 2> <Width = 32> <Depth = 16> <RAM>
ST_1 : Operation 77 [1/1] (0.00ns)   --->   "%tB_8_addr = getelementptr i32 %tB_8, i64 0, i64 %zext_ln31" [mmult_baseline.cpp:33]   --->   Operation 77 'getelementptr' 'tB_8_addr' <Predicate = (!icmp_ln30)> <Delay = 0.00>
ST_1 : Operation 78 [2/2] (0.79ns)   --->   "%tB_8_load = load i4 %tB_8_addr" [mmult_baseline.cpp:33]   --->   Operation 78 'load' 'tB_8_load' <Predicate = (!icmp_ln30)> <Delay = 0.79> <CoreInst = "RAM">   --->   Core 82 'RAM' <Latency = 1> <II = 1> <Delay = 0.79> <Storage> <Opcode : 'load' 'store'> <Ports = 2> <Width = 32> <Depth = 16> <RAM>
ST_1 : Operation 79 [1/1] (0.00ns)   --->   "%tB_9_addr = getelementptr i32 %tB_9, i64 0, i64 %zext_ln31" [mmult_baseline.cpp:33]   --->   Operation 79 'getelementptr' 'tB_9_addr' <Predicate = (!icmp_ln30)> <Delay = 0.00>
ST_1 : Operation 80 [2/2] (0.79ns)   --->   "%tB_9_load = load i4 %tB_9_addr" [mmult_baseline.cpp:33]   --->   Operation 80 'load' 'tB_9_load' <Predicate = (!icmp_ln30)> <Delay = 0.79> <CoreInst = "RAM">   --->   Core 82 'RAM' <Latency = 1> <II = 1> <Delay = 0.79> <Storage> <Opcode : 'load' 'store'> <Ports = 2> <Width = 32> <Depth = 16> <RAM>
ST_1 : Operation 81 [1/1] (0.00ns)   --->   "%tB_10_addr = getelementptr i32 %tB_10, i64 0, i64 %zext_ln31" [mmult_baseline.cpp:33]   --->   Operation 81 'getelementptr' 'tB_10_addr' <Predicate = (!icmp_ln30)> <Delay = 0.00>
ST_1 : Operation 82 [2/2] (0.79ns)   --->   "%tB_10_load = load i4 %tB_10_addr" [mmult_baseline.cpp:33]   --->   Operation 82 'load' 'tB_10_load' <Predicate = (!icmp_ln30)> <Delay = 0.79> <CoreInst = "RAM">   --->   Core 82 'RAM' <Latency = 1> <II = 1> <Delay = 0.79> <Storage> <Opcode : 'load' 'store'> <Ports = 2> <Width = 32> <Depth = 16> <RAM>
ST_1 : Operation 83 [1/1] (0.00ns)   --->   "%tB_11_addr = getelementptr i32 %tB_11, i64 0, i64 %zext_ln31" [mmult_baseline.cpp:33]   --->   Operation 83 'getelementptr' 'tB_11_addr' <Predicate = (!icmp_ln30)> <Delay = 0.00>
ST_1 : Operation 84 [2/2] (0.79ns)   --->   "%tB_11_load = load i4 %tB_11_addr" [mmult_baseline.cpp:33]   --->   Operation 84 'load' 'tB_11_load' <Predicate = (!icmp_ln30)> <Delay = 0.79> <CoreInst = "RAM">   --->   Core 82 'RAM' <Latency = 1> <II = 1> <Delay = 0.79> <Storage> <Opcode : 'load' 'store'> <Ports = 2> <Width = 32> <Depth = 16> <RAM>
ST_1 : Operation 85 [1/1] (0.00ns)   --->   "%tB_12_addr = getelementptr i32 %tB_12, i64 0, i64 %zext_ln31" [mmult_baseline.cpp:33]   --->   Operation 85 'getelementptr' 'tB_12_addr' <Predicate = (!icmp_ln30)> <Delay = 0.00>
ST_1 : Operation 86 [2/2] (0.79ns)   --->   "%tB_12_load = load i4 %tB_12_addr" [mmult_baseline.cpp:33]   --->   Operation 86 'load' 'tB_12_load' <Predicate = (!icmp_ln30)> <Delay = 0.79> <CoreInst = "RAM">   --->   Core 82 'RAM' <Latency = 1> <II = 1> <Delay = 0.79> <Storage> <Opcode : 'load' 'store'> <Ports = 2> <Width = 32> <Depth = 16> <RAM>
ST_1 : Operation 87 [1/1] (0.00ns)   --->   "%tB_13_addr = getelementptr i32 %tB_13, i64 0, i64 %zext_ln31" [mmult_baseline.cpp:33]   --->   Operation 87 'getelementptr' 'tB_13_addr' <Predicate = (!icmp_ln30)> <Delay = 0.00>
ST_1 : Operation 88 [2/2] (0.79ns)   --->   "%tB_13_load = load i4 %tB_13_addr" [mmult_baseline.cpp:33]   --->   Operation 88 'load' 'tB_13_load' <Predicate = (!icmp_ln30)> <Delay = 0.79> <CoreInst = "RAM">   --->   Core 82 'RAM' <Latency = 1> <II = 1> <Delay = 0.79> <Storage> <Opcode : 'load' 'store'> <Ports = 2> <Width = 32> <Depth = 16> <RAM>
ST_1 : Operation 89 [1/1] (0.00ns)   --->   "%tB_14_addr = getelementptr i32 %tB_14, i64 0, i64 %zext_ln31" [mmult_baseline.cpp:33]   --->   Operation 89 'getelementptr' 'tB_14_addr' <Predicate = (!icmp_ln30)> <Delay = 0.00>
ST_1 : Operation 90 [2/2] (0.79ns)   --->   "%tB_14_load = load i4 %tB_14_addr" [mmult_baseline.cpp:33]   --->   Operation 90 'load' 'tB_14_load' <Predicate = (!icmp_ln30)> <Delay = 0.79> <CoreInst = "RAM">   --->   Core 82 'RAM' <Latency = 1> <II = 1> <Delay = 0.79> <Storage> <Opcode : 'load' 'store'> <Ports = 2> <Width = 32> <Depth = 16> <RAM>
ST_1 : Operation 91 [1/1] (0.00ns)   --->   "%tB_15_addr = getelementptr i32 %tB_15, i64 0, i64 %zext_ln31" [mmult_baseline.cpp:33]   --->   Operation 91 'getelementptr' 'tB_15_addr' <Predicate = (!icmp_ln30)> <Delay = 0.00>
ST_1 : Operation 92 [2/2] (0.79ns)   --->   "%tB_15_load = load i4 %tB_15_addr" [mmult_baseline.cpp:33]   --->   Operation 92 'load' 'tB_15_load' <Predicate = (!icmp_ln30)> <Delay = 0.79> <CoreInst = "RAM">   --->   Core 82 'RAM' <Latency = 1> <II = 1> <Delay = 0.79> <Storage> <Opcode : 'load' 'store'> <Ports = 2> <Width = 32> <Depth = 16> <RAM>
ST_1 : Operation 93 [1/1] (0.87ns)   --->   "%add_ln31 = add i5 %select_ln30, i5 1" [mmult_baseline.cpp:31]   --->   Operation 93 'add' 'add_ln31' <Predicate = (!icmp_ln30)> <Delay = 0.87> <CoreInst = "Adder">   --->   Core 1 'Adder' <Latency = 0> <II = 1> <Delay = 0.87> <FuncUnit> <Opcode : 'add' 'sub'> <InPorts = 2> <OutPorts = 1>
ST_1 : Operation 94 [1/1] (0.48ns)   --->   "%store_ln30 = store i9 %add_ln30_1, i9 %indvar_flatten20" [mmult_baseline.cpp:30]   --->   Operation 94 'store' 'store_ln30' <Predicate = (!icmp_ln30)> <Delay = 0.48>
ST_1 : Operation 95 [1/1] (0.48ns)   --->   "%store_ln30 = store i5 %select_ln30_1, i5 %i" [mmult_baseline.cpp:30]   --->   Operation 95 'store' 'store_ln30' <Predicate = (!icmp_ln30)> <Delay = 0.48>
ST_1 : Operation 96 [1/1] (0.48ns)   --->   "%store_ln31 = store i5 %add_ln31, i5 %j" [mmult_baseline.cpp:31]   --->   Operation 96 'store' 'store_ln31' <Predicate = (!icmp_ln30)> <Delay = 0.48>

State 2 <SV = 1> <Delay = 6.76>
ST_2 : Operation 97 [1/2] (0.79ns)   --->   "%tA_load = load i4 %tA_addr" [mmult_baseline.cpp:33]   --->   Operation 97 'load' 'tA_load' <Predicate = true> <Delay = 0.79> <CoreInst = "RAM">   --->   Core 82 'RAM' <Latency = 1> <II = 1> <Delay = 0.79> <Storage> <Opcode : 'load' 'store'> <Ports = 2> <Width = 32> <Depth = 16> <RAM>
ST_2 : Operation 98 [1/2] (0.79ns)   --->   "%tA_1_load = load i4 %tA_1_addr" [mmult_baseline.cpp:30]   --->   Operation 98 'load' 'tA_1_load' <Predicate = true> <Delay = 0.79> <CoreInst = "RAM">   --->   Core 82 'RAM' <Latency = 1> <II = 1> <Delay = 0.79> <Storage> <Opcode : 'load' 'store'> <Ports = 2> <Width = 32> <Depth = 16> <RAM>
ST_2 : Operation 99 [1/2] (0.79ns)   --->   "%tA_2_load = load i4 %tA_2_addr" [mmult_baseline.cpp:30]   --->   Operation 99 'load' 'tA_2_load' <Predicate = true> <Delay = 0.79> <CoreInst = "RAM">   --->   Core 82 'RAM' <Latency = 1> <II = 1> <Delay = 0.79> <Storage> <Opcode : 'load' 'store'> <Ports = 2> <Width = 32> <Depth = 16> <RAM>
ST_2 : Operation 100 [1/2] (0.79ns)   --->   "%tA_3_load = load i4 %tA_3_addr" [mmult_baseline.cpp:30]   --->   Operation 100 'load' 'tA_3_load' <Predicate = true> <Delay = 0.79> <CoreInst = "RAM">   --->   Core 82 'RAM' <Latency = 1> <II = 1> <Delay = 0.79> <Storage> <Opcode : 'load' 'store'> <Ports = 2> <Width = 32> <Depth = 16> <RAM>
ST_2 : Operation 101 [1/2] (0.79ns)   --->   "%tA_4_load = load i4 %tA_4_addr" [mmult_baseline.cpp:30]   --->   Operation 101 'load' 'tA_4_load' <Predicate = true> <Delay = 0.79> <CoreInst = "RAM">   --->   Core 82 'RAM' <Latency = 1> <II = 1> <Delay = 0.79> <Storage> <Opcode : 'load' 'store'> <Ports = 2> <Width = 32> <Depth = 16> <RAM>
ST_2 : Operation 102 [1/2] (0.79ns)   --->   "%tA_5_load = load i4 %tA_5_addr" [mmult_baseline.cpp:30]   --->   Operation 102 'load' 'tA_5_load' <Predicate = true> <Delay = 0.79> <CoreInst = "RAM">   --->   Core 82 'RAM' <Latency = 1> <II = 1> <Delay = 0.79> <Storage> <Opcode : 'load' 'store'> <Ports = 2> <Width = 32> <Depth = 16> <RAM>
ST_2 : Operation 103 [1/2] (0.79ns)   --->   "%tA_6_load = load i4 %tA_6_addr" [mmult_baseline.cpp:30]   --->   Operation 103 'load' 'tA_6_load' <Predicate = true> <Delay = 0.79> <CoreInst = "RAM">   --->   Core 82 'RAM' <Latency = 1> <II = 1> <Delay = 0.79> <Storage> <Opcode : 'load' 'store'> <Ports = 2> <Width = 32> <Depth = 16> <RAM>
ST_2 : Operation 104 [1/2] (0.79ns)   --->   "%tA_7_load = load i4 %tA_7_addr" [mmult_baseline.cpp:30]   --->   Operation 104 'load' 'tA_7_load' <Predicate = true> <Delay = 0.79> <CoreInst = "RAM">   --->   Core 82 'RAM' <Latency = 1> <II = 1> <Delay = 0.79> <Storage> <Opcode : 'load' 'store'> <Ports = 2> <Width = 32> <Depth = 16> <RAM>
ST_2 : Operation 105 [1/2] (0.79ns)   --->   "%tA_8_load = load i4 %tA_8_addr" [mmult_baseline.cpp:30]   --->   Operation 105 'load' 'tA_8_load' <Predicate = true> <Delay = 0.79> <CoreInst = "RAM">   --->   Core 82 'RAM' <Latency = 1> <II = 1> <Delay = 0.79> <Storage> <Opcode : 'load' 'store'> <Ports = 2> <Width = 32> <Depth = 16> <RAM>
ST_2 : Operation 106 [1/2] (0.79ns)   --->   "%tA_9_load = load i4 %tA_9_addr" [mmult_baseline.cpp:30]   --->   Operation 106 'load' 'tA_9_load' <Predicate = true> <Delay = 0.79> <CoreInst = "RAM">   --->   Core 82 'RAM' <Latency = 1> <II = 1> <Delay = 0.79> <Storage> <Opcode : 'load' 'store'> <Ports = 2> <Width = 32> <Depth = 16> <RAM>
ST_2 : Operation 107 [1/2] (0.79ns)   --->   "%tA_10_load = load i4 %tA_10_addr" [mmult_baseline.cpp:30]   --->   Operation 107 'load' 'tA_10_load' <Predicate = true> <Delay = 0.79> <CoreInst = "RAM">   --->   Core 82 'RAM' <Latency = 1> <II = 1> <Delay = 0.79> <Storage> <Opcode : 'load' 'store'> <Ports = 2> <Width = 32> <Depth = 16> <RAM>
ST_2 : Operation 108 [1/2] (0.79ns)   --->   "%tA_11_load = load i4 %tA_11_addr" [mmult_baseline.cpp:30]   --->   Operation 108 'load' 'tA_11_load' <Predicate = true> <Delay = 0.79> <CoreInst = "RAM">   --->   Core 82 'RAM' <Latency = 1> <II = 1> <Delay = 0.79> <Storage> <Opcode : 'load' 'store'> <Ports = 2> <Width = 32> <Depth = 16> <RAM>
ST_2 : Operation 109 [1/2] (0.79ns)   --->   "%tA_12_load = load i4 %tA_12_addr" [mmult_baseline.cpp:30]   --->   Operation 109 'load' 'tA_12_load' <Predicate = true> <Delay = 0.79> <CoreInst = "RAM">   --->   Core 82 'RAM' <Latency = 1> <II = 1> <Delay = 0.79> <Storage> <Opcode : 'load' 'store'> <Ports = 2> <Width = 32> <Depth = 16> <RAM>
ST_2 : Operation 110 [1/2] (0.79ns)   --->   "%tA_13_load = load i4 %tA_13_addr" [mmult_baseline.cpp:30]   --->   Operation 110 'load' 'tA_13_load' <Predicate = true> <Delay = 0.79> <CoreInst = "RAM">   --->   Core 82 'RAM' <Latency = 1> <II = 1> <Delay = 0.79> <Storage> <Opcode : 'load' 'store'> <Ports = 2> <Width = 32> <Depth = 16> <RAM>
ST_2 : Operation 111 [1/2] (0.79ns)   --->   "%tA_14_load = load i4 %tA_14_addr" [mmult_baseline.cpp:30]   --->   Operation 111 'load' 'tA_14_load' <Predicate = true> <Delay = 0.79> <CoreInst = "RAM">   --->   Core 82 'RAM' <Latency = 1> <II = 1> <Delay = 0.79> <Storage> <Opcode : 'load' 'store'> <Ports = 2> <Width = 32> <Depth = 16> <RAM>
ST_2 : Operation 112 [1/2] (0.79ns)   --->   "%tA_15_load = load i4 %tA_15_addr" [mmult_baseline.cpp:30]   --->   Operation 112 'load' 'tA_15_load' <Predicate = true> <Delay = 0.79> <CoreInst = "RAM">   --->   Core 82 'RAM' <Latency = 1> <II = 1> <Delay = 0.79> <Storage> <Opcode : 'load' 'store'> <Ports = 2> <Width = 32> <Depth = 16> <RAM>
ST_2 : Operation 113 [1/1] (0.00ns)   --->   "%p_cast = zext i8 %empty" [mmult_baseline.cpp:30]   --->   Operation 113 'zext' 'p_cast' <Predicate = true> <Delay = 0.00>
ST_2 : Operation 114 [1/1] (0.00ns)   --->   "%tC_addr = getelementptr i32 %tC, i64 0, i64 %p_cast" [mmult_baseline.cpp:30]   --->   Operation 114 'getelementptr' 'tC_addr' <Predicate = true> <Delay = 0.00>
ST_2 : Operation 115 [2/2] (1.35ns)   --->   "%tC_load = load i8 %tC_addr" [mmult_baseline.cpp:33]   --->   Operation 115 'load' 'tC_load' <Predicate = true> <Delay = 1.35> <CoreInst = "RAM">   --->   Core 82 'RAM' <Latency = 1> <II = 1> <Delay = 1.35> <Storage> <Opcode : 'load' 'store'> <Ports = 2> <Width = 32> <Depth = 256> <RAM>
ST_2 : Operation 116 [1/2] (0.79ns)   --->   "%tB_load = load i4 %tB_addr" [mmult_baseline.cpp:33]   --->   Operation 116 'load' 'tB_load' <Predicate = true> <Delay = 0.79> <CoreInst = "RAM">   --->   Core 82 'RAM' <Latency = 1> <II = 1> <Delay = 0.79> <Storage> <Opcode : 'load' 'store'> <Ports = 2> <Width = 32> <Depth = 16> <RAM>
ST_2 : Operation 117 [1/2] (0.79ns)   --->   "%tB_1_load = load i4 %tB_1_addr" [mmult_baseline.cpp:33]   --->   Operation 117 'load' 'tB_1_load' <Predicate = true> <Delay = 0.79> <CoreInst = "RAM">   --->   Core 82 'RAM' <Latency = 1> <II = 1> <Delay = 0.79> <Storage> <Opcode : 'load' 'store'> <Ports = 2> <Width = 32> <Depth = 16> <RAM>
ST_2 : Operation 118 [1/2] (0.79ns)   --->   "%tB_2_load = load i4 %tB_2_addr" [mmult_baseline.cpp:33]   --->   Operation 118 'load' 'tB_2_load' <Predicate = true> <Delay = 0.79> <CoreInst = "RAM">   --->   Core 82 'RAM' <Latency = 1> <II = 1> <Delay = 0.79> <Storage> <Opcode : 'load' 'store'> <Ports = 2> <Width = 32> <Depth = 16> <RAM>
ST_2 : Operation 119 [1/2] (0.79ns)   --->   "%tB_3_load = load i4 %tB_3_addr" [mmult_baseline.cpp:33]   --->   Operation 119 'load' 'tB_3_load' <Predicate = true> <Delay = 0.79> <CoreInst = "RAM">   --->   Core 82 'RAM' <Latency = 1> <II = 1> <Delay = 0.79> <Storage> <Opcode : 'load' 'store'> <Ports = 2> <Width = 32> <Depth = 16> <RAM>
ST_2 : Operation 120 [1/2] (0.79ns)   --->   "%tB_4_load = load i4 %tB_4_addr" [mmult_baseline.cpp:33]   --->   Operation 120 'load' 'tB_4_load' <Predicate = true> <Delay = 0.79> <CoreInst = "RAM">   --->   Core 82 'RAM' <Latency = 1> <II = 1> <Delay = 0.79> <Storage> <Opcode : 'load' 'store'> <Ports = 2> <Width = 32> <Depth = 16> <RAM>
ST_2 : Operation 121 [1/2] (0.79ns)   --->   "%tB_5_load = load i4 %tB_5_addr" [mmult_baseline.cpp:33]   --->   Operation 121 'load' 'tB_5_load' <Predicate = true> <Delay = 0.79> <CoreInst = "RAM">   --->   Core 82 'RAM' <Latency = 1> <II = 1> <Delay = 0.79> <Storage> <Opcode : 'load' 'store'> <Ports = 2> <Width = 32> <Depth = 16> <RAM>
ST_2 : Operation 122 [1/2] (0.79ns)   --->   "%tB_6_load = load i4 %tB_6_addr" [mmult_baseline.cpp:33]   --->   Operation 122 'load' 'tB_6_load' <Predicate = true> <Delay = 0.79> <CoreInst = "RAM">   --->   Core 82 'RAM' <Latency = 1> <II = 1> <Delay = 0.79> <Storage> <Opcode : 'load' 'store'> <Ports = 2> <Width = 32> <Depth = 16> <RAM>
ST_2 : Operation 123 [1/2] (0.79ns)   --->   "%tB_7_load = load i4 %tB_7_addr" [mmult_baseline.cpp:33]   --->   Operation 123 'load' 'tB_7_load' <Predicate = true> <Delay = 0.79> <CoreInst = "RAM">   --->   Core 82 'RAM' <Latency = 1> <II = 1> <Delay = 0.79> <Storage> <Opcode : 'load' 'store'> <Ports = 2> <Width = 32> <Depth = 16> <RAM>
ST_2 : Operation 124 [1/2] (0.79ns)   --->   "%tB_8_load = load i4 %tB_8_addr" [mmult_baseline.cpp:33]   --->   Operation 124 'load' 'tB_8_load' <Predicate = true> <Delay = 0.79> <CoreInst = "RAM">   --->   Core 82 'RAM' <Latency = 1> <II = 1> <Delay = 0.79> <Storage> <Opcode : 'load' 'store'> <Ports = 2> <Width = 32> <Depth = 16> <RAM>
ST_2 : Operation 125 [1/2] (0.79ns)   --->   "%tB_9_load = load i4 %tB_9_addr" [mmult_baseline.cpp:33]   --->   Operation 125 'load' 'tB_9_load' <Predicate = true> <Delay = 0.79> <CoreInst = "RAM">   --->   Core 82 'RAM' <Latency = 1> <II = 1> <Delay = 0.79> <Storage> <Opcode : 'load' 'store'> <Ports = 2> <Width = 32> <Depth = 16> <RAM>
ST_2 : Operation 126 [1/2] (0.79ns)   --->   "%tB_10_load = load i4 %tB_10_addr" [mmult_baseline.cpp:33]   --->   Operation 126 'load' 'tB_10_load' <Predicate = true> <Delay = 0.79> <CoreInst = "RAM">   --->   Core 82 'RAM' <Latency = 1> <II = 1> <Delay = 0.79> <Storage> <Opcode : 'load' 'store'> <Ports = 2> <Width = 32> <Depth = 16> <RAM>
ST_2 : Operation 127 [1/2] (0.79ns)   --->   "%tB_11_load = load i4 %tB_11_addr" [mmult_baseline.cpp:33]   --->   Operation 127 'load' 'tB_11_load' <Predicate = true> <Delay = 0.79> <CoreInst = "RAM">   --->   Core 82 'RAM' <Latency = 1> <II = 1> <Delay = 0.79> <Storage> <Opcode : 'load' 'store'> <Ports = 2> <Width = 32> <Depth = 16> <RAM>
ST_2 : Operation 128 [1/2] (0.79ns)   --->   "%tB_12_load = load i4 %tB_12_addr" [mmult_baseline.cpp:33]   --->   Operation 128 'load' 'tB_12_load' <Predicate = true> <Delay = 0.79> <CoreInst = "RAM">   --->   Core 82 'RAM' <Latency = 1> <II = 1> <Delay = 0.79> <Storage> <Opcode : 'load' 'store'> <Ports = 2> <Width = 32> <Depth = 16> <RAM>
ST_2 : Operation 129 [1/2] (0.79ns)   --->   "%tB_13_load = load i4 %tB_13_addr" [mmult_baseline.cpp:33]   --->   Operation 129 'load' 'tB_13_load' <Predicate = true> <Delay = 0.79> <CoreInst = "RAM">   --->   Core 82 'RAM' <Latency = 1> <II = 1> <Delay = 0.79> <Storage> <Opcode : 'load' 'store'> <Ports = 2> <Width = 32> <Depth = 16> <RAM>
ST_2 : Operation 130 [1/2] (0.79ns)   --->   "%tB_14_load = load i4 %tB_14_addr" [mmult_baseline.cpp:33]   --->   Operation 130 'load' 'tB_14_load' <Predicate = true> <Delay = 0.79> <CoreInst = "RAM">   --->   Core 82 'RAM' <Latency = 1> <II = 1> <Delay = 0.79> <Storage> <Opcode : 'load' 'store'> <Ports = 2> <Width = 32> <Depth = 16> <RAM>
ST_2 : Operation 131 [1/2] (0.79ns)   --->   "%tB_15_load = load i4 %tB_15_addr" [mmult_baseline.cpp:33]   --->   Operation 131 'load' 'tB_15_load' <Predicate = true> <Delay = 0.79> <CoreInst = "RAM">   --->   Core 82 'RAM' <Latency = 1> <II = 1> <Delay = 0.79> <Storage> <Opcode : 'load' 'store'> <Ports = 2> <Width = 32> <Depth = 16> <RAM>
ST_2 : Operation 132 [1/1] (3.88ns)   --->   "%mul_ln33 = mul i32 %tB_15_load, i32 %tA_15_load" [mmult_baseline.cpp:33]   --->   Operation 132 'mul' 'mul_ln33' <Predicate = true> <Delay = 3.88> <CoreInst = "Multiplier">   --->   Core 3 'Multiplier' <Latency = 0> <II = 1> <Delay = 3.88> <FuncUnit> <Opcode : 'mul'> <InPorts = 2> <OutPorts = 1>
ST_2 : Operation 133 [1/1] (3.88ns)   --->   "%mul_ln33_1 = mul i32 %tB_10_load, i32 %tA_10_load" [mmult_baseline.cpp:33]   --->   Operation 133 'mul' 'mul_ln33_1' <Predicate = true> <Delay = 3.88> <CoreInst = "Multiplier">   --->   Core 3 'Multiplier' <Latency = 0> <II = 1> <Delay = 3.88> <FuncUnit> <Opcode : 'mul'> <InPorts = 2> <OutPorts = 1>
ST_2 : Operation 134 [1/1] (3.88ns)   --->   "%mul_ln33_2 = mul i32 %tB_4_load, i32 %tA_4_load" [mmult_baseline.cpp:33]   --->   Operation 134 'mul' 'mul_ln33_2' <Predicate = true> <Delay = 3.88> <CoreInst = "Multiplier">   --->   Core 3 'Multiplier' <Latency = 0> <II = 1> <Delay = 3.88> <FuncUnit> <Opcode : 'mul'> <InPorts = 2> <OutPorts = 1>
ST_2 : Operation 135 [1/1] (3.88ns)   --->   "%mul_ln33_3 = mul i32 %tB_3_load, i32 %tA_3_load" [mmult_baseline.cpp:33]   --->   Operation 135 'mul' 'mul_ln33_3' <Predicate = true> <Delay = 3.88> <CoreInst = "Multiplier">   --->   Core 3 'Multiplier' <Latency = 0> <II = 1> <Delay = 3.88> <FuncUnit> <Opcode : 'mul'> <InPorts = 2> <OutPorts = 1>
ST_2 : Operation 136 [1/1] (3.88ns)   --->   "%mul_ln33_4 = mul i32 %tB_1_load, i32 %tA_1_load" [mmult_baseline.cpp:33]   --->   Operation 136 'mul' 'mul_ln33_4' <Predicate = true> <Delay = 3.88> <CoreInst = "Multiplier">   --->   Core 3 'Multiplier' <Latency = 0> <II = 1> <Delay = 3.88> <FuncUnit> <Opcode : 'mul'> <InPorts = 2> <OutPorts = 1>
ST_2 : Operation 137 [1/1] (3.88ns)   --->   "%mul_ln33_5 = mul i32 %tB_5_load, i32 %tA_5_load" [mmult_baseline.cpp:33]   --->   Operation 137 'mul' 'mul_ln33_5' <Predicate = true> <Delay = 3.88> <CoreInst = "Multiplier">   --->   Core 3 'Multiplier' <Latency = 0> <II = 1> <Delay = 3.88> <FuncUnit> <Opcode : 'mul'> <InPorts = 2> <OutPorts = 1>
ST_2 : Operation 138 [1/1] (3.88ns)   --->   "%mul_ln33_6 = mul i32 %tB_11_load, i32 %tA_11_load" [mmult_baseline.cpp:33]   --->   Operation 138 'mul' 'mul_ln33_6' <Predicate = true> <Delay = 3.88> <CoreInst = "Multiplier">   --->   Core 3 'Multiplier' <Latency = 0> <II = 1> <Delay = 3.88> <FuncUnit> <Opcode : 'mul'> <InPorts = 2> <OutPorts = 1>
ST_2 : Operation 139 [1/1] (3.88ns)   --->   "%mul_ln33_7 = mul i32 %tB_9_load, i32 %tA_9_load" [mmult_baseline.cpp:33]   --->   Operation 139 'mul' 'mul_ln33_7' <Predicate = true> <Delay = 3.88> <CoreInst = "Multiplier">   --->   Core 3 'Multiplier' <Latency = 0> <II = 1> <Delay = 3.88> <FuncUnit> <Opcode : 'mul'> <InPorts = 2> <OutPorts = 1>
ST_2 : Operation 140 [1/1] (3.88ns)   --->   "%mul_ln33_8 = mul i32 %tB_load, i32 %tA_load" [mmult_baseline.cpp:33]   --->   Operation 140 'mul' 'mul_ln33_8' <Predicate = true> <Delay = 3.88> <CoreInst = "Multiplier">   --->   Core 3 'Multiplier' <Latency = 0> <II = 1> <Delay = 3.88> <FuncUnit> <Opcode : 'mul'> <InPorts = 2> <OutPorts = 1>
ST_2 : Operation 141 [1/1] (3.88ns)   --->   "%mul_ln33_9 = mul i32 %tB_6_load, i32 %tA_6_load" [mmult_baseline.cpp:33]   --->   Operation 141 'mul' 'mul_ln33_9' <Predicate = true> <Delay = 3.88> <CoreInst = "Multiplier">   --->   Core 3 'Multiplier' <Latency = 0> <II = 1> <Delay = 3.88> <FuncUnit> <Opcode : 'mul'> <InPorts = 2> <OutPorts = 1>
ST_2 : Operation 142 [1/1] (3.88ns)   --->   "%mul_ln33_10 = mul i32 %tB_12_load, i32 %tA_12_load" [mmult_baseline.cpp:33]   --->   Operation 142 'mul' 'mul_ln33_10' <Predicate = true> <Delay = 3.88> <CoreInst = "Multiplier">   --->   Core 3 'Multiplier' <Latency = 0> <II = 1> <Delay = 3.88> <FuncUnit> <Opcode : 'mul'> <InPorts = 2> <OutPorts = 1>
ST_2 : Operation 143 [1/1] (3.88ns)   --->   "%mul_ln33_11 = mul i32 %tB_8_load, i32 %tA_8_load" [mmult_baseline.cpp:33]   --->   Operation 143 'mul' 'mul_ln33_11' <Predicate = true> <Delay = 3.88> <CoreInst = "Multiplier">   --->   Core 3 'Multiplier' <Latency = 0> <II = 1> <Delay = 3.88> <FuncUnit> <Opcode : 'mul'> <InPorts = 2> <OutPorts = 1>
ST_2 : Operation 144 [1/1] (3.88ns)   --->   "%mul_ln33_12 = mul i32 %tB_7_load, i32 %tA_7_load" [mmult_baseline.cpp:33]   --->   Operation 144 'mul' 'mul_ln33_12' <Predicate = true> <Delay = 3.88> <CoreInst = "Multiplier">   --->   Core 3 'Multiplier' <Latency = 0> <II = 1> <Delay = 3.88> <FuncUnit> <Opcode : 'mul'> <InPorts = 2> <OutPorts = 1>
ST_2 : Operation 145 [1/1] (3.88ns)   --->   "%mul_ln33_13 = mul i32 %tB_13_load, i32 %tA_13_load" [mmult_baseline.cpp:33]   --->   Operation 145 'mul' 'mul_ln33_13' <Predicate = true> <Delay = 3.88> <CoreInst = "Multiplier">   --->   Core 3 'Multiplier' <Latency = 0> <II = 1> <Delay = 3.88> <FuncUnit> <Opcode : 'mul'> <InPorts = 2> <OutPorts = 1>
ST_2 : Operation 146 [1/1] (3.88ns)   --->   "%mul_ln33_14 = mul i32 %tB_2_load, i32 %tA_2_load" [mmult_baseline.cpp:33]   --->   Operation 146 'mul' 'mul_ln33_14' <Predicate = true> <Delay = 3.88> <CoreInst = "Multiplier">   --->   Core 3 'Multiplier' <Latency = 0> <II = 1> <Delay = 3.88> <FuncUnit> <Opcode : 'mul'> <InPorts = 2> <OutPorts = 1>
ST_2 : Operation 147 [1/1] (3.88ns)   --->   "%mul_ln33_15 = mul i32 %tB_14_load, i32 %tA_14_load" [mmult_baseline.cpp:33]   --->   Operation 147 'mul' 'mul_ln33_15' <Predicate = true> <Delay = 3.88> <CoreInst = "Multiplier">   --->   Core 3 'Multiplier' <Latency = 0> <II = 1> <Delay = 3.88> <FuncUnit> <Opcode : 'mul'> <InPorts = 2> <OutPorts = 1>
ST_2 : Operation 148 [1/1] (1.20ns)   --->   "%add_ln33_1 = add i32 %mul_ln33_4, i32 %mul_ln33_14" [mmult_baseline.cpp:33]   --->   Operation 148 'add' 'add_ln33_1' <Predicate = true> <Delay = 1.20> <CoreInst = "Adder">   --->   Core 1 'Adder' <Latency = 0> <II = 1> <Delay = 1.20> <FuncUnit> <Opcode : 'add' 'sub'> <InPorts = 2> <OutPorts = 1>
ST_2 : Operation 149 [1/1] (0.00ns) (grouped into TernaryAdder)   --->   "%add_ln33_3 = add i32 %mul_ln33_3, i32 %mul_ln33_2" [mmult_baseline.cpp:33]   --->   Operation 149 'add' 'add_ln33_3' <Predicate = true> <Delay = 0.00> <CoreInst = "TAddSub">   --->   Core 10 'TAddSub' <Latency = 0> <II = 1> <Delay = 0.44> <IPBlock> <Opcode : '' 'add' 'sub'> <InPorts = 3> <OutPorts = 1> <Sync> <CReg>
ST_2 : Operation 150 [1/1] (1.20ns)   --->   "%add_ln33_4 = add i32 %mul_ln33_5, i32 %mul_ln33_9" [mmult_baseline.cpp:33]   --->   Operation 150 'add' 'add_ln33_4' <Predicate = true> <Delay = 1.20> <CoreInst = "Adder">   --->   Core 1 'Adder' <Latency = 0> <II = 1> <Delay = 1.20> <FuncUnit> <Opcode : 'add' 'sub'> <InPorts = 2> <OutPorts = 1>
ST_2 : Operation 151 [1/1] (0.88ns) (root node of TernaryAdder)   --->   "%add_ln33_5 = add i32 %add_ln33_4, i32 %add_ln33_3" [mmult_baseline.cpp:33]   --->   Operation 151 'add' 'add_ln33_5' <Predicate = true> <Delay = 0.88> <CoreInst = "TAddSub">   --->   Core 10 'TAddSub' <Latency = 0> <II = 1> <Delay = 0.44> <IPBlock> <Opcode : '' 'add' 'sub'> <InPorts = 3> <OutPorts = 1> <Sync> <CReg>
ST_2 : Operation 152 [1/1] (1.20ns)   --->   "%add_ln33_7 = add i32 %mul_ln33_12, i32 %mul_ln33_11" [mmult_baseline.cpp:33]   --->   Operation 152 'add' 'add_ln33_7' <Predicate = true> <Delay = 1.20> <CoreInst = "Adder">   --->   Core 1 'Adder' <Latency = 0> <II = 1> <Delay = 1.20> <FuncUnit> <Opcode : 'add' 'sub'> <InPorts = 2> <OutPorts = 1>
ST_2 : Operation 153 [1/1] (1.20ns)   --->   "%add_ln33_8 = add i32 %mul_ln33_7, i32 %mul_ln33_1" [mmult_baseline.cpp:33]   --->   Operation 153 'add' 'add_ln33_8' <Predicate = true> <Delay = 1.20> <CoreInst = "Adder">   --->   Core 1 'Adder' <Latency = 0> <II = 1> <Delay = 1.20> <FuncUnit> <Opcode : 'add' 'sub'> <InPorts = 2> <OutPorts = 1>
ST_2 : Operation 154 [1/1] (0.00ns) (grouped into TernaryAdder)   --->   "%add_ln33_10 = add i32 %mul_ln33_6, i32 %mul_ln33_10" [mmult_baseline.cpp:33]   --->   Operation 154 'add' 'add_ln33_10' <Predicate = true> <Delay = 0.00> <CoreInst = "TAddSub">   --->   Core 10 'TAddSub' <Latency = 0> <II = 1> <Delay = 0.44> <IPBlock> <Opcode : '' 'add' 'sub'> <InPorts = 3> <OutPorts = 1> <Sync> <CReg>
ST_2 : Operation 155 [1/1] (0.00ns) (grouped into TernaryAdder)   --->   "%add_ln33_11 = add i32 %mul_ln33_15, i32 %mul_ln33" [mmult_baseline.cpp:33]   --->   Operation 155 'add' 'add_ln33_11' <Predicate = true> <Delay = 0.00> <CoreInst = "TAddSub">   --->   Core 10 'TAddSub' <Latency = 0> <II = 1> <Delay = 0.44> <IPBlock> <Opcode : '' 'add' 'sub'> <InPorts = 3> <OutPorts = 1> <Sync> <CReg>
ST_2 : Operation 156 [1/1] (0.88ns) (root node of TernaryAdder)   --->   "%add_ln33_12 = add i32 %add_ln33_11, i32 %mul_ln33_13" [mmult_baseline.cpp:33]   --->   Operation 156 'add' 'add_ln33_12' <Predicate = true> <Delay = 0.88> <CoreInst = "TAddSub">   --->   Core 10 'TAddSub' <Latency = 0> <II = 1> <Delay = 0.44> <IPBlock> <Opcode : '' 'add' 'sub'> <InPorts = 3> <OutPorts = 1> <Sync> <CReg>
ST_2 : Operation 157 [1/1] (0.88ns) (root node of TernaryAdder)   --->   "%add_ln33_13 = add i32 %add_ln33_12, i32 %add_ln33_10" [mmult_baseline.cpp:33]   --->   Operation 157 'add' 'add_ln33_13' <Predicate = true> <Delay = 0.88> <CoreInst = "TAddSub">   --->   Core 10 'TAddSub' <Latency = 0> <II = 1> <Delay = 0.44> <IPBlock> <Opcode : '' 'add' 'sub'> <InPorts = 3> <OutPorts = 1> <Sync> <CReg>
ST_2 : Operation 170 [1/1] (0.48ns)   --->   "%ret_ln0 = ret"   --->   Operation 170 'ret' 'ret_ln0' <Predicate = (icmp_ln30)> <Delay = 0.48>

State 3 <SV = 2> <Delay = 4.48>
ST_3 : Operation 158 [1/1] (0.00ns)   --->   "%specloopname_ln0 = specloopname void @_ssdm_op_SpecLoopName, void @comp_i_comp_j_str"   --->   Operation 158 'specloopname' 'specloopname_ln0' <Predicate = true> <Delay = 0.00>
ST_3 : Operation 159 [1/1] (0.00ns)   --->   "%speclooptripcount_ln0 = speclooptripcount void @_ssdm_op_SpecLoopTripCount, i64 256, i64 256, i64 256"   --->   Operation 159 'speclooptripcount' 'speclooptripcount_ln0' <Predicate = true> <Delay = 0.00>
ST_3 : Operation 160 [1/1] (0.00ns)   --->   "%specpipeline_ln31 = specpipeline void @_ssdm_op_SpecPipeline, i32 4294967295, i32 0, i32 0, i32 0, void @empty_0" [mmult_baseline.cpp:31]   --->   Operation 160 'specpipeline' 'specpipeline_ln31' <Predicate = true> <Delay = 0.00>
ST_3 : Operation 161 [1/2] (1.35ns)   --->   "%tC_load = load i8 %tC_addr" [mmult_baseline.cpp:33]   --->   Operation 161 'load' 'tC_load' <Predicate = true> <Delay = 1.35> <CoreInst = "RAM">   --->   Core 82 'RAM' <Latency = 1> <II = 1> <Delay = 1.35> <Storage> <Opcode : 'load' 'store'> <Ports = 2> <Width = 32> <Depth = 256> <RAM>
ST_3 : Operation 162 [1/1] (0.00ns) (grouped into TernaryAdder)   --->   "%add_ln33 = add i32 %tC_load, i32 %mul_ln33_8" [mmult_baseline.cpp:33]   --->   Operation 162 'add' 'add_ln33' <Predicate = true> <Delay = 0.00> <CoreInst = "TAddSub">   --->   Core 10 'TAddSub' <Latency = 0> <II = 1> <Delay = 0.44> <IPBlock> <Opcode : '' 'add' 'sub'> <InPorts = 3> <OutPorts = 1> <Sync> <CReg>
ST_3 : Operation 163 [1/1] (0.88ns) (root node of TernaryAdder)   --->   "%add_ln33_2 = add i32 %add_ln33_1, i32 %add_ln33" [mmult_baseline.cpp:33]   --->   Operation 163 'add' 'add_ln33_2' <Predicate = true> <Delay = 0.88> <CoreInst = "TAddSub">   --->   Core 10 'TAddSub' <Latency = 0> <II = 1> <Delay = 0.44> <IPBlock> <Opcode : '' 'add' 'sub'> <InPorts = 3> <OutPorts = 1> <Sync> <CReg>
ST_3 : Operation 164 [1/1] (0.00ns) (grouped into TernaryAdder)   --->   "%add_ln33_6 = add i32 %add_ln33_5, i32 %add_ln33_2" [mmult_baseline.cpp:33]   --->   Operation 164 'add' 'add_ln33_6' <Predicate = true> <Delay = 0.00> <CoreInst = "TAddSub">   --->   Core 10 'TAddSub' <Latency = 0> <II = 1> <Delay = 0.44> <IPBlock> <Opcode : '' 'add' 'sub'> <InPorts = 3> <OutPorts = 1> <Sync> <CReg>
ST_3 : Operation 165 [1/1] (0.00ns) (grouped into TernaryAdder)   --->   "%add_ln33_9 = add i32 %add_ln33_8, i32 %add_ln33_7" [mmult_baseline.cpp:33]   --->   Operation 165 'add' 'add_ln33_9' <Predicate = true> <Delay = 0.00> <CoreInst = "TAddSub">   --->   Core 10 'TAddSub' <Latency = 0> <II = 1> <Delay = 0.44> <IPBlock> <Opcode : '' 'add' 'sub'> <InPorts = 3> <OutPorts = 1> <Sync> <CReg>
ST_3 : Operation 166 [1/1] (0.88ns) (root node of TernaryAdder)   --->   "%add_ln33_14 = add i32 %add_ln33_13, i32 %add_ln33_9" [mmult_baseline.cpp:33]   --->   Operation 166 'add' 'add_ln33_14' <Predicate = true> <Delay = 0.88> <CoreInst = "TAddSub">   --->   Core 10 'TAddSub' <Latency = 0> <II = 1> <Delay = 0.44> <IPBlock> <Opcode : '' 'add' 'sub'> <InPorts = 3> <OutPorts = 1> <Sync> <CReg>
ST_3 : Operation 167 [1/1] (0.88ns) (root node of TernaryAdder)   --->   "%add_ln33_15 = add i32 %add_ln33_14, i32 %add_ln33_6" [mmult_baseline.cpp:33]   --->   Operation 167 'add' 'add_ln33_15' <Predicate = true> <Delay = 0.88> <CoreInst = "TAddSub">   --->   Core 10 'TAddSub' <Latency = 0> <II = 1> <Delay = 0.44> <IPBlock> <Opcode : '' 'add' 'sub'> <InPorts = 3> <OutPorts = 1> <Sync> <CReg>
ST_3 : Operation 168 [1/1] (1.35ns)   --->   "%store_ln33 = store i32 %add_ln33_15, i8 %tC_addr" [mmult_baseline.cpp:33]   --->   Operation 168 'store' 'store_ln33' <Predicate = true> <Delay = 1.35> <CoreInst = "RAM">   --->   Core 82 'RAM' <Latency = 1> <II = 1> <Delay = 1.35> <Storage> <Opcode : 'load' 'store'> <Ports = 2> <Width = 32> <Depth = 256> <RAM>
ST_3 : Operation 169 [1/1] (0.00ns)   --->   "%br_ln31 = br void %comp_k" [mmult_baseline.cpp:31]   --->   Operation 169 'br' 'br_ln31' <Predicate = true> <Delay = 0.00>


============================================================
+ Verbose Summary: Timing violations
============================================================
Target clock period: 10.000ns, clock uncertainty: 2.700ns.

 <State 1>: 3.213ns
The critical path consists of the following:
	'store' operation 0 bit ('store_ln31', mmult_baseline.cpp:31) of constant 0 on local variable 'j', mmult_baseline.cpp:31 [39]  (0.489 ns)
	'load' operation 5 bit ('j_load', mmult_baseline.cpp:31) on local variable 'j', mmult_baseline.cpp:31 [47]  (0.000 ns)
	'icmp' operation 1 bit ('icmp_ln31', mmult_baseline.cpp:31) [52]  (0.878 ns)
	'select' operation 5 bit ('select_ln30', mmult_baseline.cpp:30) [53]  (0.480 ns)
	'add' operation 5 bit ('add_ln31', mmult_baseline.cpp:31) [162]  (0.878 ns)
	'store' operation 0 bit ('store_ln31', mmult_baseline.cpp:31) of variable 'add_ln31', mmult_baseline.cpp:31 on local variable 'j', mmult_baseline.cpp:31 [165]  (0.489 ns)

 <State 2>: 6.762ns
The critical path consists of the following:
	'load' operation 32 bit ('tA_5_load', mmult_baseline.cpp:30) on array 'tA_5' [69]  (0.790 ns)
	'mul' operation 32 bit ('mul_ln33_5', mmult_baseline.cpp:33) [134]  (3.880 ns)
	'add' operation 32 bit ('add_ln33_4', mmult_baseline.cpp:33) [149]  (1.203 ns)
	'add' operation 32 bit ('add_ln33_5', mmult_baseline.cpp:33) [150]  (0.889 ns)

 <State 3>: 4.482ns
The critical path consists of the following:
	'load' operation 32 bit ('tC_load', mmult_baseline.cpp:33) on array 'tC' [96]  (1.352 ns)
	'add' operation 32 bit ('add_ln33', mmult_baseline.cpp:33) [145]  (0.000 ns)
	'add' operation 32 bit ('add_ln33_2', mmult_baseline.cpp:33) [147]  (0.889 ns)
	'add' operation 32 bit ('add_ln33_6', mmult_baseline.cpp:33) [151]  (0.000 ns)
	'add' operation 32 bit ('add_ln33_15', mmult_baseline.cpp:33) [160]  (0.889 ns)
	'store' operation 0 bit ('store_ln33', mmult_baseline.cpp:33) of variable 'add_ln33_15', mmult_baseline.cpp:33 on array 'tC' [161]  (1.352 ns)


============================================================
+ Verbose Summary: Binding
============================================================
N/A
* FSMD analyzer results:
  - Output states:
 - Input state : 
  - Chain level:
	State 1
	State 2
	State 3


============================================================
+ Verbose Summary: Datapath Resource usage 
============================================================
N/A
