

================================================================
== Vitis HLS Report for 'mmult_hw_Pipeline_init_i_init_j'
================================================================
* Date:           Sun Feb 22 22:49:47 2026

* Version:        2024.1 (Build 5069499 on May 21 2024)
* Project:        matmul_D11_Tiled
* Solution:       hls (Vivado IP Flow Target)
* Product family: zynquplus
* Target device:  xczu3eg-sbva484-1-e


================================================================
== Performance Estimates
================================================================
+ Timing: 
    * Summary: 
    +--------+----------+----------+------------+
    |  Clock |  Target  | Estimated| Uncertainty|
    +--------+----------+----------+------------+
    |ap_clk  |  10.00 ns|  4.106 ns|     2.70 ns|
    +--------+----------+----------+------------+

+ Latency: 
    * Summary: 
    +---------+---------+----------+----------+-----+-----+-----------------------------------------------+
    |  Latency (cycles) |  Latency (absolute) |  Interval |                    Pipeline                   |
    |   min   |   max   |    min   |    max   | min | max |                      Type                     |
    +---------+---------+----------+----------+-----+-----+-----------------------------------------------+
    |      258|      258|  2.580 us|  2.580 us|  257|  257|  loop auto-rewind stp(delay=0 clock cycles(s))|
    +---------+---------+----------+----------+-----+-----+-----------------------------------------------+

    + Detail: 
        * Instance: 
        N/A

        * Loop: 
        +-----------------+---------+---------+----------+-----------+-----------+------+----------+
        |                 |  Latency (cycles) | Iteration|  Initiation Interval  | Trip |          |
        |    Loop Name    |   min   |   max   |  Latency |  achieved |   target  | Count| Pipelined|
        +-----------------+---------+---------+----------+-----------+-----------+------+----------+
        |- init_i_init_j  |      256|      256|         1|          1|          1|   256|       yes|
        +-----------------+---------+---------+----------+-----------+-----------+------+----------+



================================================================
== Utilization Estimates
================================================================
* Summary: 
+-----------------+---------+-----+--------+-------+-----+
|       Name      | BRAM_18K| DSP |   FF   |  LUT  | URAM|
+-----------------+---------+-----+--------+-------+-----+
|DSP              |        -|    -|       -|      -|    -|
|Expression       |        -|    -|       0|     95|    -|
|FIFO             |        -|    -|       -|      -|    -|
|Instance         |        -|    -|       -|      -|    -|
|Memory           |        -|    -|       -|      -|    -|
|Multiplexer      |        -|    -|       0|     63|    -|
|Register         |        -|    -|      21|      -|    -|
+-----------------+---------+-----+--------+-------+-----+
|Total            |        0|    0|      21|    158|    0|
+-----------------+---------+-----+--------+-------+-----+
|Available        |      432|  360|  141120|  70560|    0|
+-----------------+---------+-----+--------+-------+-----+
|Utilization (%)  |        0|    0|      ~0|     ~0|    0|
+-----------------+---------+-----+--------+-------+-----+

+ Detail: 
    * Instance: 
    N/A

    * DSP: 
    N/A

    * Memory: 
    N/A

    * FIFO: 
    N/A

    * Expression: 
    +-------------------------+----------+----+---+----+------------+------------+
    |      Variable Name      | Operation| DSP| FF| LUT| Bitwidth P0| Bitwidth P1|
    +-------------------------+----------+----+---+----+------------+------------+
    |add_ln19_1_fu_88_p2      |         +|   0|  0|  16|           9|           1|
    |add_ln19_fu_100_p2       |         +|   0|  0|  12|           5|           1|
    |add_ln20_fu_155_p2       |         +|   0|  0|  12|           5|           1|
    |add_ln21_fu_144_p2       |         +|   0|  0|  15|           8|           8|
    |icmp_ln19_fu_82_p2       |      icmp|   0|  0|  17|           9|          10|
    |icmp_ln20_fu_106_p2      |      icmp|   0|  0|  13|           5|           6|
    |select_ln19_1_fu_120_p3  |    select|   0|  0|   5|           1|           5|
    |select_ln19_fu_112_p3    |    select|   0|  0|   5|           1|           1|
    +-------------------------+----------+----+---+----+------------+------------+
    |Total                    |          |   0|  0|  95|          43|          33|
    +-------------------------+----------+----+---+----+------------+------------+

    * Multiplexer: 
    +--------------------------------------+----+-----------+-----+-----------+
    |                 Name                 | LUT| Input Size| Bits| Total Bits|
    +--------------------------------------+----+-----------+-----+-----------+
    |ap_done_int                           |   9|          2|    1|          2|
    |ap_sig_allocacmp_i_load               |   9|          2|    5|         10|
    |ap_sig_allocacmp_indvar_flatten_load  |   9|          2|    9|         18|
    |ap_sig_allocacmp_j_load               |   9|          2|    5|         10|
    |i_fu_42                               |   9|          2|    5|         10|
    |indvar_flatten_fu_46                  |   9|          2|    9|         18|
    |j_fu_38                               |   9|          2|    5|         10|
    +--------------------------------------+----+-----------+-----+-----------+
    |Total                                 |  63|         14|   39|         78|
    +--------------------------------------+----+-----------+-----+-----------+

    * Register: 
    +----------------------+---+----+-----+-----------+
    |         Name         | FF| LUT| Bits| Const Bits|
    +----------------------+---+----+-----+-----------+
    |ap_CS_fsm             |  1|   0|    1|          0|
    |ap_done_reg           |  1|   0|    1|          0|
    |i_fu_42               |  5|   0|    5|          0|
    |indvar_flatten_fu_46  |  9|   0|    9|          0|
    |j_fu_38               |  5|   0|    5|          0|
    +----------------------+---+----+-----+-----------+
    |Total                 | 21|   0|   21|          0|
    +----------------------+---+----+-----+-----------+



================================================================
== Interface
================================================================
* Summary: 
+-------------+-----+-----+------------+---------------------------------+--------------+
|  RTL Ports  | Dir | Bits|  Protocol  |          Source Object          |    C Type    |
+-------------+-----+-----+------------+---------------------------------+--------------+
|ap_clk       |   in|    1|  ap_ctrl_hs|  mmult_hw_Pipeline_init_i_init_j|  return value|
|ap_rst       |   in|    1|  ap_ctrl_hs|  mmult_hw_Pipeline_init_i_init_j|  return value|
|ap_start     |   in|    1|  ap_ctrl_hs|  mmult_hw_Pipeline_init_i_init_j|  return value|
|ap_done      |  out|    1|  ap_ctrl_hs|  mmult_hw_Pipeline_init_i_init_j|  return value|
|ap_idle      |  out|    1|  ap_ctrl_hs|  mmult_hw_Pipeline_init_i_init_j|  return value|
|ap_ready     |  out|    1|  ap_ctrl_hs|  mmult_hw_Pipeline_init_i_init_j|  return value|
|tC_address0  |  out|    8|   ap_memory|                               tC|         array|
|tC_ce0       |  out|    1|   ap_memory|                               tC|         array|
|tC_we0       |  out|    1|   ap_memory|                               tC|         array|
|tC_d0        |  out|   32|   ap_memory|                               tC|         array|
+-------------+-----+-----+------------+---------------------------------+--------------+

============================================================
+ Verbose Summary: Synthesis Manager
============================================================
InlineROM: 1
ExposeGlobal: 0
============================================================
+ Verbose Summary: CDFG Model
============================================================
IsTopModel: 0
ResetActiveHigh: 1
IsCombinational: 2
IsDatapathOnly: 2
HasWiredReturn: 1
HasMFsm: 2
HasVarLatency: 1
IsPipeline: 0
IsRtlPipelined: 0
IsInstanceOverlapped: 0
IsDontTouch: 0
HasImplIP: 0
IsGatedGlobalClock: 0

+ Individual pipeline summary: 
  * Pipeline-0: initiation interval (II) = 1, depth = 1


============================================================
+ Verbose Summary: Schedule
============================================================
* Number of FSM states : 1
* Pipeline : 1
  Pipeline-0 : II = 1, D = 1, States = { 1 }
* Dataflow Pipeline: 0

* FSM state transitions: 
1 --> 

* FSM state operations: 

State 1 <SV = 0> <Delay = 4.10>
ST_1 : Operation 4 [1/1] (0.00ns)   --->   "%j = alloca i32 1" [mmult_baseline.cpp:20]   --->   Operation 4 'alloca' 'j' <Predicate = true> <Delay = 0.00>
ST_1 : Operation 5 [1/1] (0.00ns)   --->   "%i = alloca i32 1" [mmult_baseline.cpp:19]   --->   Operation 5 'alloca' 'i' <Predicate = true> <Delay = 0.00>
ST_1 : Operation 6 [1/1] (0.00ns)   --->   "%indvar_flatten = alloca i32 1"   --->   Operation 6 'alloca' 'indvar_flatten' <Predicate = true> <Delay = 0.00>
ST_1 : Operation 7 [1/1] (0.48ns)   --->   "%store_ln0 = store i9 0, i9 %indvar_flatten"   --->   Operation 7 'store' 'store_ln0' <Predicate = true> <Delay = 0.48>
ST_1 : Operation 8 [1/1] (0.48ns)   --->   "%store_ln19 = store i5 0, i5 %i" [mmult_baseline.cpp:19]   --->   Operation 8 'store' 'store_ln19' <Predicate = true> <Delay = 0.48>
ST_1 : Operation 9 [1/1] (0.48ns)   --->   "%store_ln20 = store i5 0, i5 %j" [mmult_baseline.cpp:20]   --->   Operation 9 'store' 'store_ln20' <Predicate = true> <Delay = 0.48>
ST_1 : Operation 10 [1/1] (0.00ns)   --->   "%br_ln0 = br void %for.inc"   --->   Operation 10 'br' 'br_ln0' <Predicate = true> <Delay = 0.00>
ST_1 : Operation 11 [1/1] (0.00ns)   --->   "%indvar_flatten_load = load i9 %indvar_flatten" [mmult_baseline.cpp:19]   --->   Operation 11 'load' 'indvar_flatten_load' <Predicate = true> <Delay = 0.00>
ST_1 : Operation 12 [1/1] (0.92ns)   --->   "%icmp_ln19 = icmp_eq  i9 %indvar_flatten_load, i9 256" [mmult_baseline.cpp:19]   --->   Operation 12 'icmp' 'icmp_ln19' <Predicate = true> <Delay = 0.92> <CoreInst = "Cmp">   --->   Core 9 'Cmp' <Latency = 0> <II = 1> <Delay = 0.93> <FuncUnit> <Opcode : 'seteq' 'setne' 'setle' 'setge' 'setlt' 'setgt'> <InPorts = 2> <OutPorts = 1>
ST_1 : Operation 13 [1/1] (0.92ns)   --->   "%add_ln19_1 = add i9 %indvar_flatten_load, i9 1" [mmult_baseline.cpp:19]   --->   Operation 13 'add' 'add_ln19_1' <Predicate = true> <Delay = 0.92> <CoreInst = "Adder">   --->   Core 1 'Adder' <Latency = 0> <II = 1> <Delay = 0.92> <FuncUnit> <Opcode : 'add' 'sub'> <InPorts = 2> <OutPorts = 1>
ST_1 : Operation 14 [1/1] (0.00ns)   --->   "%br_ln19 = br i1 %icmp_ln19, void %for.inc15, void %tile_k.exitStub" [mmult_baseline.cpp:19]   --->   Operation 14 'br' 'br_ln19' <Predicate = true> <Delay = 0.00>
ST_1 : Operation 15 [1/1] (0.00ns)   --->   "%j_load = load i5 %j" [mmult_baseline.cpp:20]   --->   Operation 15 'load' 'j_load' <Predicate = (!icmp_ln19)> <Delay = 0.00>
ST_1 : Operation 16 [1/1] (0.00ns)   --->   "%i_load = load i5 %i" [mmult_baseline.cpp:19]   --->   Operation 16 'load' 'i_load' <Predicate = (!icmp_ln19)> <Delay = 0.00>
ST_1 : Operation 17 [1/1] (0.87ns)   --->   "%add_ln19 = add i5 %i_load, i5 1" [mmult_baseline.cpp:19]   --->   Operation 17 'add' 'add_ln19' <Predicate = (!icmp_ln19)> <Delay = 0.87> <CoreInst = "Adder">   --->   Core 1 'Adder' <Latency = 0> <II = 1> <Delay = 0.87> <FuncUnit> <Opcode : 'add' 'sub'> <InPorts = 2> <OutPorts = 1>
ST_1 : Operation 18 [1/1] (0.00ns)   --->   "%specloopname_ln0 = specloopname void @_ssdm_op_SpecLoopName, void @init_i_init_j_str"   --->   Operation 18 'specloopname' 'specloopname_ln0' <Predicate = (!icmp_ln19)> <Delay = 0.00>
ST_1 : Operation 19 [1/1] (0.00ns)   --->   "%speclooptripcount_ln0 = speclooptripcount void @_ssdm_op_SpecLoopTripCount, i64 256, i64 256, i64 256"   --->   Operation 19 'speclooptripcount' 'speclooptripcount_ln0' <Predicate = (!icmp_ln19)> <Delay = 0.00>
ST_1 : Operation 20 [1/1] (0.87ns)   --->   "%icmp_ln20 = icmp_eq  i5 %j_load, i5 16" [mmult_baseline.cpp:20]   --->   Operation 20 'icmp' 'icmp_ln20' <Predicate = (!icmp_ln19)> <Delay = 0.87> <CoreInst = "Cmp">   --->   Core 9 'Cmp' <Latency = 0> <II = 1> <Delay = 0.88> <FuncUnit> <Opcode : 'seteq' 'setne' 'setle' 'setge' 'setlt' 'setgt'> <InPorts = 2> <OutPorts = 1>
ST_1 : Operation 21 [1/1] (0.48ns)   --->   "%select_ln19 = select i1 %icmp_ln20, i5 0, i5 %j_load" [mmult_baseline.cpp:19]   --->   Operation 21 'select' 'select_ln19' <Predicate = (!icmp_ln19)> <Delay = 0.48> <CoreInst = "Sel">   --->   Core 73 'Sel' <Latency = 0> <II = 1> <Delay = 0.48> <FuncUnit> <Opcode : 'select'> <InPorts = 3> <OutPorts = 1>
ST_1 : Operation 22 [1/1] (0.48ns)   --->   "%select_ln19_1 = select i1 %icmp_ln20, i5 %add_ln19, i5 %i_load" [mmult_baseline.cpp:19]   --->   Operation 22 'select' 'select_ln19_1' <Predicate = (!icmp_ln19)> <Delay = 0.48> <CoreInst = "Sel">   --->   Core 73 'Sel' <Latency = 0> <II = 1> <Delay = 0.48> <FuncUnit> <Opcode : 'select'> <InPorts = 3> <OutPorts = 1>
ST_1 : Operation 23 [1/1] (0.00ns)   --->   "%trunc_ln21 = trunc i5 %select_ln19_1" [mmult_baseline.cpp:21]   --->   Operation 23 'trunc' 'trunc_ln21' <Predicate = (!icmp_ln19)> <Delay = 0.00>
ST_1 : Operation 24 [1/1] (0.00ns)   --->   "%tmp_3 = bitconcatenate i8 @_ssdm_op_BitConcatenate.i8.i4.i4, i4 %trunc_ln21, i4 0" [mmult_baseline.cpp:21]   --->   Operation 24 'bitconcatenate' 'tmp_3' <Predicate = (!icmp_ln19)> <Delay = 0.00>
ST_1 : Operation 25 [1/1] (0.00ns)   --->   "%zext_ln21 = zext i5 %select_ln19" [mmult_baseline.cpp:21]   --->   Operation 25 'zext' 'zext_ln21' <Predicate = (!icmp_ln19)> <Delay = 0.00>
ST_1 : Operation 26 [1/1] (0.90ns)   --->   "%add_ln21 = add i8 %tmp_3, i8 %zext_ln21" [mmult_baseline.cpp:21]   --->   Operation 26 'add' 'add_ln21' <Predicate = (!icmp_ln19)> <Delay = 0.90> <CoreInst = "Adder">   --->   Core 1 'Adder' <Latency = 0> <II = 1> <Delay = 0.90> <FuncUnit> <Opcode : 'add' 'sub'> <InPorts = 2> <OutPorts = 1>
ST_1 : Operation 27 [1/1] (0.00ns)   --->   "%zext_ln21_1 = zext i8 %add_ln21" [mmult_baseline.cpp:21]   --->   Operation 27 'zext' 'zext_ln21_1' <Predicate = (!icmp_ln19)> <Delay = 0.00>
ST_1 : Operation 28 [1/1] (0.00ns)   --->   "%tC_addr = getelementptr i32 %tC, i64 0, i64 %zext_ln21_1" [mmult_baseline.cpp:21]   --->   Operation 28 'getelementptr' 'tC_addr' <Predicate = (!icmp_ln19)> <Delay = 0.00>
ST_1 : Operation 29 [1/1] (0.00ns)   --->   "%specpipeline_ln20 = specpipeline void @_ssdm_op_SpecPipeline, i32 4294967295, i32 0, i32 0, i32 0, void @empty_0" [mmult_baseline.cpp:20]   --->   Operation 29 'specpipeline' 'specpipeline_ln20' <Predicate = (!icmp_ln19)> <Delay = 0.00>
ST_1 : Operation 30 [1/1] (1.35ns)   --->   "%store_ln21 = store i32 0, i8 %tC_addr" [mmult_baseline.cpp:21]   --->   Operation 30 'store' 'store_ln21' <Predicate = (!icmp_ln19)> <Delay = 1.35> <CoreInst = "RAM">   --->   Core 82 'RAM' <Latency = 1> <II = 1> <Delay = 1.35> <Storage> <Opcode : 'load' 'store'> <Ports = 2> <Width = 32> <Depth = 256> <RAM>
ST_1 : Operation 31 [1/1] (0.87ns)   --->   "%add_ln20 = add i5 %select_ln19, i5 1" [mmult_baseline.cpp:20]   --->   Operation 31 'add' 'add_ln20' <Predicate = (!icmp_ln19)> <Delay = 0.87> <CoreInst = "Adder">   --->   Core 1 'Adder' <Latency = 0> <II = 1> <Delay = 0.87> <FuncUnit> <Opcode : 'add' 'sub'> <InPorts = 2> <OutPorts = 1>
ST_1 : Operation 32 [1/1] (0.48ns)   --->   "%store_ln19 = store i9 %add_ln19_1, i9 %indvar_flatten" [mmult_baseline.cpp:19]   --->   Operation 32 'store' 'store_ln19' <Predicate = (!icmp_ln19)> <Delay = 0.48>
ST_1 : Operation 33 [1/1] (0.48ns)   --->   "%store_ln19 = store i5 %select_ln19_1, i5 %i" [mmult_baseline.cpp:19]   --->   Operation 33 'store' 'store_ln19' <Predicate = (!icmp_ln19)> <Delay = 0.48>
ST_1 : Operation 34 [1/1] (0.48ns)   --->   "%store_ln20 = store i5 %add_ln20, i5 %j" [mmult_baseline.cpp:20]   --->   Operation 34 'store' 'store_ln20' <Predicate = (!icmp_ln19)> <Delay = 0.48>
ST_1 : Operation 35 [1/1] (0.00ns)   --->   "%br_ln20 = br void %for.inc" [mmult_baseline.cpp:20]   --->   Operation 35 'br' 'br_ln20' <Predicate = (!icmp_ln19)> <Delay = 0.00>
ST_1 : Operation 36 [1/1] (0.48ns)   --->   "%ret_ln0 = ret"   --->   Operation 36 'ret' 'ret_ln0' <Predicate = (icmp_ln19)> <Delay = 0.48>


============================================================
+ Verbose Summary: Binding
============================================================
STG Binding: 
---------------- STG Properties BEGIN ----------------
- Is combinational: 0
- Is one-state seq: 0
- Is datapath-only: 0
- Is pipelined: 0
- Is top level: 0
Port [ Return ] is wired: 1; IO mode=ap_ctrl_hs:ce=0
Port [ tC]:  wired=1; compound=1; hidden=0; nouse=0; global=0; static=0; extern=0; dir=1; type=1; pingpong=0; private_global=0; MemPort=[03]; IO mode=ap_memory:ce=0
---------------- STG Properties END ------------------

---------------- Datapath Model BEGIN ----------------

<LifeTime>
<method=bitvector/>
j                     (alloca           ) [ 01]
i                     (alloca           ) [ 01]
indvar_flatten        (alloca           ) [ 01]
store_ln0             (store            ) [ 00]
store_ln19            (store            ) [ 00]
store_ln20            (store            ) [ 00]
br_ln0                (br               ) [ 00]
indvar_flatten_load   (load             ) [ 00]
icmp_ln19             (icmp             ) [ 01]
add_ln19_1            (add              ) [ 00]
br_ln19               (br               ) [ 00]
j_load                (load             ) [ 00]
i_load                (load             ) [ 00]
add_ln19              (add              ) [ 00]
specloopname_ln0      (specloopname     ) [ 00]
speclooptripcount_ln0 (speclooptripcount) [ 00]
icmp_ln20             (icmp             ) [ 00]
select_ln19           (select           ) [ 00]
select_ln19_1         (select           ) [ 00]
trunc_ln21            (trunc            ) [ 00]
tmp_3                 (bitconcatenate   ) [ 00]
zext_ln21             (zext             ) [ 00]
add_ln21              (add              ) [ 00]
zext_ln21_1           (zext             ) [ 00]
tC_addr               (getelementptr    ) [ 00]
specpipeline_ln20     (specpipeline     ) [ 00]
store_ln21            (store            ) [ 00]
add_ln20              (add              ) [ 00]
store_ln19            (store            ) [ 00]
store_ln19            (store            ) [ 00]
store_ln20            (store            ) [ 00]
br_ln20               (br               ) [ 00]
ret_ln0               (ret              ) [ 00]
</LifeTime>

<model>

<comp_list>
<comp id="0" class="1000" name="tC">
<pin_list>
<pin id="1" dir="1" index="0" bw="1" slack="0"/>
</pin_list>
<bind>
<StgValue><ssdm name="tC"/><MemPortTyVec>0 3 </MemPortTyVec>
</StgValue>
</bind>
</comp>

<comp id="2" class="1001" name="const_2">
<pin_list>
<pin id="3" dir="1" index="0" bw="1" slack="0"/>
</pin_list>
<bind>
<StgValue><ssdm name=""/></StgValue>
</bind>
</comp>

<comp id="4" class="1001" name="const_4">
<pin_list>
<pin id="5" dir="1" index="0" bw="1" slack="0"/>
</pin_list>
<bind>
<StgValue><ssdm name=""/></StgValue>
</bind>
</comp>

<comp id="6" class="1001" name="const_6">
<pin_list>
<pin id="7" dir="1" index="0" bw="1" slack="0"/>
</pin_list>
<bind>
<StgValue><ssdm name=""/></StgValue>
</bind>
</comp>

<comp id="8" class="1001" name="const_8">
<pin_list>
<pin id="9" dir="1" index="0" bw="1" slack="0"/>
</pin_list>
<bind>
<StgValue><ssdm name=""/></StgValue>
</bind>
</comp>

<comp id="10" class="1001" name="const_10">
<pin_list>
<pin id="11" dir="1" index="0" bw="1" slack="0"/>
</pin_list>
<bind>
<StgValue><ssdm name=""/></StgValue>
</bind>
</comp>

<comp id="12" class="1001" name="const_12">
<pin_list>
<pin id="13" dir="1" index="0" bw="1" slack="0"/>
</pin_list>
<bind>
<StgValue><ssdm name=""/></StgValue>
</bind>
</comp>

<comp id="14" class="1001" name="const_14">
<pin_list>
<pin id="15" dir="1" index="0" bw="1" slack="2147483647"/>
</pin_list>
<bind>
<StgValue><ssdm name="_ssdm_op_SpecLoopName"/></StgValue>
</bind>
</comp>

<comp id="16" class="1001" name="const_16">
<pin_list>
<pin id="17" dir="1" index="0" bw="1" slack="2147483647"/>
</pin_list>
<bind>
<StgValue><ssdm name="init_i_init_j_str"/></StgValue>
</bind>
</comp>

<comp id="18" class="1001" name="const_18">
<pin_list>
<pin id="19" dir="1" index="0" bw="1" slack="2147483647"/>
</pin_list>
<bind>
<StgValue><ssdm name="_ssdm_op_SpecLoopTripCount"/></StgValue>
</bind>
</comp>

<comp id="20" class="1001" name="const_20">
<pin_list>
<pin id="21" dir="1" index="0" bw="1" slack="2147483647"/>
</pin_list>
<bind>
<StgValue><ssdm name=""/></StgValue>
</bind>
</comp>

<comp id="22" class="1001" name="const_22">
<pin_list>
<pin id="23" dir="1" index="0" bw="1" slack="0"/>
</pin_list>
<bind>
<StgValue><ssdm name=""/></StgValue>
</bind>
</comp>

<comp id="24" class="1001" name="const_24">
<pin_list>
<pin id="25" dir="1" index="0" bw="1" slack="0"/>
</pin_list>
<bind>
<StgValue><ssdm name="_ssdm_op_BitConcatenate.i8.i4.i4"/></StgValue>
</bind>
</comp>

<comp id="26" class="1001" name="const_26">
<pin_list>
<pin id="27" dir="1" index="0" bw="1" slack="0"/>
</pin_list>
<bind>
<StgValue><ssdm name=""/></StgValue>
</bind>
</comp>

<comp id="28" class="1001" name="const_28">
<pin_list>
<pin id="29" dir="1" index="0" bw="1" slack="0"/>
</pin_list>
<bind>
<StgValue><ssdm name=""/></StgValue>
</bind>
</comp>

<comp id="30" class="1001" name="const_30">
<pin_list>
<pin id="31" dir="1" index="0" bw="1" slack="2147483647"/>
</pin_list>
<bind>
<StgValue><ssdm name="_ssdm_op_SpecPipeline"/></StgValue>
</bind>
</comp>

<comp id="32" class="1001" name="const_32">
<pin_list>
<pin id="33" dir="1" index="0" bw="1" slack="2147483647"/>
</pin_list>
<bind>
<StgValue><ssdm name=""/></StgValue>
</bind>
</comp>

<comp id="34" class="1001" name="const_34">
<pin_list>
<pin id="35" dir="1" index="0" bw="1" slack="0"/>
</pin_list>
<bind>
<StgValue><ssdm name=""/></StgValue>
</bind>
</comp>

<comp id="36" class="1001" name="const_36">
<pin_list>
<pin id="37" dir="1" index="0" bw="1" slack="2147483647"/>
</pin_list>
<bind>
<StgValue><ssdm name="empty_0"/></StgValue>
</bind>
</comp>

<comp id="38" class="1004" name="j_fu_38">
<pin_list>
<pin id="39" dir="0" index="0" bw="1" slack="0"/>
<pin id="40" dir="1" index="1" bw="5" slack="0"/>
</pin_list>
<bind>
<opcode="alloca(26) " fcode="alloca"/>
<opset="j/1 "/>
</bind>
</comp>

<comp id="42" class="1004" name="i_fu_42">
<pin_list>
<pin id="43" dir="0" index="0" bw="1" slack="0"/>
<pin id="44" dir="1" index="1" bw="5" slack="0"/>
</pin_list>
<bind>
<opcode="alloca(26) " fcode="alloca"/>
<opset="i/1 "/>
</bind>
</comp>

<comp id="46" class="1004" name="indvar_flatten_fu_46">
<pin_list>
<pin id="47" dir="0" index="0" bw="1" slack="0"/>
<pin id="48" dir="1" index="1" bw="9" slack="0"/>
</pin_list>
<bind>
<opcode="alloca(26) " fcode="alloca"/>
<opset="indvar_flatten/1 "/>
</bind>
</comp>

<comp id="50" class="1004" name="tC_addr_gep_fu_50">
<pin_list>
<pin id="51" dir="0" index="0" bw="32" slack="0"/>
<pin id="52" dir="0" index="1" bw="1" slack="0"/>
<pin id="53" dir="0" index="2" bw="8" slack="0"/>
<pin id="54" dir="1" index="3" bw="8" slack="0"/>
</pin_list>
<bind>
<opcode="getelementptr(29) " fcode="getelementptr"/>
<opset="tC_addr/1 "/>
</bind>
</comp>

<comp id="57" class="1004" name="store_ln21_access_fu_57">
<pin_list>
<pin id="58" dir="0" index="0" bw="8" slack="0"/>
<pin id="59" dir="0" index="1" bw="32" slack="0"/>
<pin id="60" dir="0" index="2" bw="0" slack="2147483647"/>
<pin id="61" dir="1" index="3" bw="32" slack="2147483647"/>
</pin_list>
<bind>
<opcode="store(28) " fcode="store"/>
<opset="store_ln21/1 "/>
</bind>
</comp>

<comp id="64" class="1004" name="store_ln0_store_fu_64">
<pin_list>
<pin id="65" dir="0" index="0" bw="1" slack="0"/>
<pin id="66" dir="0" index="1" bw="9" slack="0"/>
<pin id="67" dir="1" index="2" bw="0" slack="2147483647"/>
</pin_list>
<bind>
<opcode="store(28) " fcode="store"/>
<opset="store_ln0/1 "/>
</bind>
</comp>

<comp id="69" class="1004" name="store_ln19_store_fu_69">
<pin_list>
<pin id="70" dir="0" index="0" bw="1" slack="0"/>
<pin id="71" dir="0" index="1" bw="5" slack="0"/>
<pin id="72" dir="1" index="2" bw="0" slack="2147483647"/>
</pin_list>
<bind>
<opcode="store(28) " fcode="store"/>
<opset="store_ln19/1 "/>
</bind>
</comp>

<comp id="74" class="1004" name="store_ln20_store_fu_74">
<pin_list>
<pin id="75" dir="0" index="0" bw="1" slack="0"/>
<pin id="76" dir="0" index="1" bw="5" slack="0"/>
<pin id="77" dir="1" index="2" bw="0" slack="2147483647"/>
</pin_list>
<bind>
<opcode="store(28) " fcode="store"/>
<opset="store_ln20/1 "/>
</bind>
</comp>

<comp id="79" class="1004" name="indvar_flatten_load_load_fu_79">
<pin_list>
<pin id="80" dir="0" index="0" bw="9" slack="0"/>
<pin id="81" dir="1" index="1" bw="9" slack="0"/>
</pin_list>
<bind>
<opcode="load(27) " fcode="load"/>
<opset="indvar_flatten_load/1 "/>
</bind>
</comp>

<comp id="82" class="1004" name="icmp_ln19_fu_82">
<pin_list>
<pin id="83" dir="0" index="0" bw="9" slack="0"/>
<pin id="84" dir="0" index="1" bw="9" slack="0"/>
<pin id="85" dir="1" index="2" bw="1" slack="2147483647"/>
</pin_list>
<bind>
<opcode="icmp(45) " fcode="icmp"/>
<opset="icmp_ln19/1 "/>
</bind>
</comp>

<comp id="88" class="1004" name="add_ln19_1_fu_88">
<pin_list>
<pin id="89" dir="0" index="0" bw="9" slack="0"/>
<pin id="90" dir="0" index="1" bw="1" slack="0"/>
<pin id="91" dir="1" index="2" bw="9" slack="0"/>
</pin_list>
<bind>
<opcode="add(8) " fcode="add"/>
<opset="add_ln19_1/1 "/>
</bind>
</comp>

<comp id="94" class="1004" name="j_load_load_fu_94">
<pin_list>
<pin id="95" dir="0" index="0" bw="5" slack="0"/>
<pin id="96" dir="1" index="1" bw="5" slack="0"/>
</pin_list>
<bind>
<opcode="load(27) " fcode="load"/>
<opset="j_load/1 "/>
</bind>
</comp>

<comp id="97" class="1004" name="i_load_load_fu_97">
<pin_list>
<pin id="98" dir="0" index="0" bw="5" slack="0"/>
<pin id="99" dir="1" index="1" bw="5" slack="0"/>
</pin_list>
<bind>
<opcode="load(27) " fcode="load"/>
<opset="i_load/1 "/>
</bind>
</comp>

<comp id="100" class="1004" name="add_ln19_fu_100">
<pin_list>
<pin id="101" dir="0" index="0" bw="5" slack="0"/>
<pin id="102" dir="0" index="1" bw="1" slack="0"/>
<pin id="103" dir="1" index="2" bw="5" slack="0"/>
</pin_list>
<bind>
<opcode="add(8) " fcode="add"/>
<opset="add_ln19/1 "/>
</bind>
</comp>

<comp id="106" class="1004" name="icmp_ln20_fu_106">
<pin_list>
<pin id="107" dir="0" index="0" bw="5" slack="0"/>
<pin id="108" dir="0" index="1" bw="5" slack="0"/>
<pin id="109" dir="1" index="2" bw="1" slack="0"/>
</pin_list>
<bind>
<opcode="icmp(45) " fcode="icmp"/>
<opset="icmp_ln20/1 "/>
</bind>
</comp>

<comp id="112" class="1004" name="select_ln19_fu_112">
<pin_list>
<pin id="113" dir="0" index="0" bw="1" slack="0"/>
<pin id="114" dir="0" index="1" bw="5" slack="0"/>
<pin id="115" dir="0" index="2" bw="5" slack="0"/>
<pin id="116" dir="1" index="3" bw="5" slack="0"/>
</pin_list>
<bind>
<opcode="select(49) " fcode="select"/>
<opset="select_ln19/1 "/>
</bind>
</comp>

<comp id="120" class="1004" name="select_ln19_1_fu_120">
<pin_list>
<pin id="121" dir="0" index="0" bw="1" slack="0"/>
<pin id="122" dir="0" index="1" bw="5" slack="0"/>
<pin id="123" dir="0" index="2" bw="5" slack="0"/>
<pin id="124" dir="1" index="3" bw="5" slack="0"/>
</pin_list>
<bind>
<opcode="select(49) " fcode="select"/>
<opset="select_ln19_1/1 "/>
</bind>
</comp>

<comp id="128" class="1004" name="trunc_ln21_fu_128">
<pin_list>
<pin id="129" dir="0" index="0" bw="5" slack="0"/>
<pin id="130" dir="1" index="1" bw="4" slack="0"/>
</pin_list>
<bind>
<opcode="trunc(33) " fcode="trunc"/>
<opset="trunc_ln21/1 "/>
</bind>
</comp>

<comp id="132" class="1004" name="tmp_3_fu_132">
<pin_list>
<pin id="133" dir="0" index="0" bw="8" slack="0"/>
<pin id="134" dir="0" index="1" bw="4" slack="0"/>
<pin id="135" dir="0" index="2" bw="1" slack="0"/>
<pin id="136" dir="1" index="3" bw="8" slack="0"/>
</pin_list>
<bind>
<opcode="bitconcatenate(1004) " fcode="bitconcatenate"/>
<opset="tmp_3/1 "/>
</bind>
</comp>

<comp id="140" class="1004" name="zext_ln21_fu_140">
<pin_list>
<pin id="141" dir="0" index="0" bw="5" slack="0"/>
<pin id="142" dir="1" index="1" bw="8" slack="0"/>
</pin_list>
<bind>
<opcode="zext(34) " fcode="zext"/>
<opset="zext_ln21/1 "/>
</bind>
</comp>

<comp id="144" class="1004" name="add_ln21_fu_144">
<pin_list>
<pin id="145" dir="0" index="0" bw="8" slack="0"/>
<pin id="146" dir="0" index="1" bw="5" slack="0"/>
<pin id="147" dir="1" index="2" bw="8" slack="0"/>
</pin_list>
<bind>
<opcode="add(8) " fcode="add"/>
<opset="add_ln21/1 "/>
</bind>
</comp>

<comp id="150" class="1004" name="zext_ln21_1_fu_150">
<pin_list>
<pin id="151" dir="0" index="0" bw="8" slack="0"/>
<pin id="152" dir="1" index="1" bw="64" slack="0"/>
</pin_list>
<bind>
<opcode="zext(34) " fcode="zext"/>
<opset="zext_ln21_1/1 "/>
</bind>
</comp>

<comp id="155" class="1004" name="add_ln20_fu_155">
<pin_list>
<pin id="156" dir="0" index="0" bw="5" slack="0"/>
<pin id="157" dir="0" index="1" bw="1" slack="0"/>
<pin id="158" dir="1" index="2" bw="5" slack="0"/>
</pin_list>
<bind>
<opcode="add(8) " fcode="add"/>
<opset="add_ln20/1 "/>
</bind>
</comp>

<comp id="161" class="1004" name="store_ln19_store_fu_161">
<pin_list>
<pin id="162" dir="0" index="0" bw="9" slack="0"/>
<pin id="163" dir="0" index="1" bw="9" slack="0"/>
<pin id="164" dir="1" index="2" bw="0" slack="2147483647"/>
</pin_list>
<bind>
<opcode="store(28) " fcode="store"/>
<opset="store_ln19/1 "/>
</bind>
</comp>

<comp id="166" class="1004" name="store_ln19_store_fu_166">
<pin_list>
<pin id="167" dir="0" index="0" bw="5" slack="0"/>
<pin id="168" dir="0" index="1" bw="5" slack="0"/>
<pin id="169" dir="1" index="2" bw="0" slack="2147483647"/>
</pin_list>
<bind>
<opcode="store(28) " fcode="store"/>
<opset="store_ln19/1 "/>
</bind>
</comp>

<comp id="171" class="1004" name="store_ln20_store_fu_171">
<pin_list>
<pin id="172" dir="0" index="0" bw="5" slack="0"/>
<pin id="173" dir="0" index="1" bw="5" slack="0"/>
<pin id="174" dir="1" index="2" bw="0" slack="2147483647"/>
</pin_list>
<bind>
<opcode="store(28) " fcode="store"/>
<opset="store_ln20/1 "/>
</bind>
</comp>

<comp id="176" class="1005" name="j_reg_176">
<pin_list>
<pin id="177" dir="0" index="0" bw="5" slack="0"/>
<pin id="178" dir="1" index="1" bw="5" slack="0"/>
</pin_list>
<bind>
<opset="j "/>
</bind>
</comp>

<comp id="183" class="1005" name="i_reg_183">
<pin_list>
<pin id="184" dir="0" index="0" bw="5" slack="0"/>
<pin id="185" dir="1" index="1" bw="5" slack="0"/>
</pin_list>
<bind>
<opset="i "/>
</bind>
</comp>

<comp id="190" class="1005" name="indvar_flatten_reg_190">
<pin_list>
<pin id="191" dir="0" index="0" bw="9" slack="0"/>
<pin id="192" dir="1" index="1" bw="9" slack="0"/>
</pin_list>
<bind>
<opset="indvar_flatten "/>
</bind>
</comp>

</comp_list>

<net_list>
<net id="41"><net_src comp="2" pin="0"/><net_sink comp="38" pin=0"/></net>

<net id="45"><net_src comp="2" pin="0"/><net_sink comp="42" pin=0"/></net>

<net id="49"><net_src comp="2" pin="0"/><net_sink comp="46" pin=0"/></net>

<net id="55"><net_src comp="0" pin="0"/><net_sink comp="50" pin=0"/></net>

<net id="56"><net_src comp="28" pin="0"/><net_sink comp="50" pin=1"/></net>

<net id="62"><net_src comp="34" pin="0"/><net_sink comp="57" pin=1"/></net>

<net id="63"><net_src comp="50" pin="3"/><net_sink comp="57" pin=0"/></net>

<net id="68"><net_src comp="4" pin="0"/><net_sink comp="64" pin=0"/></net>

<net id="73"><net_src comp="6" pin="0"/><net_sink comp="69" pin=0"/></net>

<net id="78"><net_src comp="6" pin="0"/><net_sink comp="74" pin=0"/></net>

<net id="86"><net_src comp="79" pin="1"/><net_sink comp="82" pin=0"/></net>

<net id="87"><net_src comp="8" pin="0"/><net_sink comp="82" pin=1"/></net>

<net id="92"><net_src comp="79" pin="1"/><net_sink comp="88" pin=0"/></net>

<net id="93"><net_src comp="10" pin="0"/><net_sink comp="88" pin=1"/></net>

<net id="104"><net_src comp="97" pin="1"/><net_sink comp="100" pin=0"/></net>

<net id="105"><net_src comp="12" pin="0"/><net_sink comp="100" pin=1"/></net>

<net id="110"><net_src comp="94" pin="1"/><net_sink comp="106" pin=0"/></net>

<net id="111"><net_src comp="22" pin="0"/><net_sink comp="106" pin=1"/></net>

<net id="117"><net_src comp="106" pin="2"/><net_sink comp="112" pin=0"/></net>

<net id="118"><net_src comp="6" pin="0"/><net_sink comp="112" pin=1"/></net>

<net id="119"><net_src comp="94" pin="1"/><net_sink comp="112" pin=2"/></net>

<net id="125"><net_src comp="106" pin="2"/><net_sink comp="120" pin=0"/></net>

<net id="126"><net_src comp="100" pin="2"/><net_sink comp="120" pin=1"/></net>

<net id="127"><net_src comp="97" pin="1"/><net_sink comp="120" pin=2"/></net>

<net id="131"><net_src comp="120" pin="3"/><net_sink comp="128" pin=0"/></net>

<net id="137"><net_src comp="24" pin="0"/><net_sink comp="132" pin=0"/></net>

<net id="138"><net_src comp="128" pin="1"/><net_sink comp="132" pin=1"/></net>

<net id="139"><net_src comp="26" pin="0"/><net_sink comp="132" pin=2"/></net>

<net id="143"><net_src comp="112" pin="3"/><net_sink comp="140" pin=0"/></net>

<net id="148"><net_src comp="132" pin="3"/><net_sink comp="144" pin=0"/></net>

<net id="149"><net_src comp="140" pin="1"/><net_sink comp="144" pin=1"/></net>

<net id="153"><net_src comp="144" pin="2"/><net_sink comp="150" pin=0"/></net>

<net id="154"><net_src comp="150" pin="1"/><net_sink comp="50" pin=2"/></net>

<net id="159"><net_src comp="112" pin="3"/><net_sink comp="155" pin=0"/></net>

<net id="160"><net_src comp="12" pin="0"/><net_sink comp="155" pin=1"/></net>

<net id="165"><net_src comp="88" pin="2"/><net_sink comp="161" pin=0"/></net>

<net id="170"><net_src comp="120" pin="3"/><net_sink comp="166" pin=0"/></net>

<net id="175"><net_src comp="155" pin="2"/><net_sink comp="171" pin=0"/></net>

<net id="179"><net_src comp="38" pin="1"/><net_sink comp="176" pin=0"/></net>

<net id="180"><net_src comp="176" pin="1"/><net_sink comp="74" pin=1"/></net>

<net id="181"><net_src comp="176" pin="1"/><net_sink comp="94" pin=0"/></net>

<net id="182"><net_src comp="176" pin="1"/><net_sink comp="171" pin=1"/></net>

<net id="186"><net_src comp="42" pin="1"/><net_sink comp="183" pin=0"/></net>

<net id="187"><net_src comp="183" pin="1"/><net_sink comp="69" pin=1"/></net>

<net id="188"><net_src comp="183" pin="1"/><net_sink comp="97" pin=0"/></net>

<net id="189"><net_src comp="183" pin="1"/><net_sink comp="166" pin=1"/></net>

<net id="193"><net_src comp="46" pin="1"/><net_sink comp="190" pin=0"/></net>

<net id="194"><net_src comp="190" pin="1"/><net_sink comp="64" pin=1"/></net>

<net id="195"><net_src comp="190" pin="1"/><net_sink comp="79" pin=0"/></net>

<net id="196"><net_src comp="190" pin="1"/><net_sink comp="161" pin=1"/></net>

</net_list>

</model> 
---------------- Datapath Model END ------------------

* FSMD analyzer results:
  - Output states:
	Port: tC | {1 }
 - Input state : 
  - Chain level:
	State 1
		store_ln0 : 1
		store_ln19 : 1
		store_ln20 : 1
		indvar_flatten_load : 1
		icmp_ln19 : 2
		add_ln19_1 : 2
		br_ln19 : 3
		j_load : 1
		i_load : 1
		add_ln19 : 2
		icmp_ln20 : 2
		select_ln19 : 3
		select_ln19_1 : 3
		trunc_ln21 : 4
		tmp_3 : 5
		zext_ln21 : 4
		add_ln21 : 6
		zext_ln21_1 : 7
		tC_addr : 8
		store_ln21 : 9
		add_ln20 : 4
		store_ln19 : 3
		store_ln19 : 4
		store_ln20 : 5


============================================================
+ Verbose Summary: Datapath Resource usage 
============================================================

* Functional unit list:
|----------|----------------------|---------|---------|
| Operation|    Functional Unit   |    FF   |   LUT   |
|----------|----------------------|---------|---------|
|          |   add_ln19_1_fu_88   |    0    |    16   |
|    add   |    add_ln19_fu_100   |    0    |    12   |
|          |    add_ln21_fu_144   |    0    |    15   |
|          |    add_ln20_fu_155   |    0    |    12   |
|----------|----------------------|---------|---------|
|   icmp   |    icmp_ln19_fu_82   |    0    |    16   |
|          |   icmp_ln20_fu_106   |    0    |    12   |
|----------|----------------------|---------|---------|
|  select  |  select_ln19_fu_112  |    0    |    5    |
|          | select_ln19_1_fu_120 |    0    |    5    |
|----------|----------------------|---------|---------|
|   trunc  |   trunc_ln21_fu_128  |    0    |    0    |
|----------|----------------------|---------|---------|
|bitconcatenate|     tmp_3_fu_132     |    0    |    0    |
|----------|----------------------|---------|---------|
|   zext   |   zext_ln21_fu_140   |    0    |    0    |
|          |  zext_ln21_1_fu_150  |    0    |    0    |
|----------|----------------------|---------|---------|
|   Total  |                      |    0    |    93   |
|----------|----------------------|---------|---------|

Memories:
N/A

* Register list:
+----------------------+--------+
|                      |   FF   |
+----------------------+--------+
|       i_reg_183      |    5   |
|indvar_flatten_reg_190|    9   |
|       j_reg_176      |    5   |
+----------------------+--------+
|         Total        |   19   |
+----------------------+--------+

* Multiplexer (MUX) list: 
|--------|------|------|------|--------|
|  Comp  |  Pin | Size |  BW  | S x BW |
|--------|------|------|------|--------|
|  Total |      |      |      |    0   |
|--------|------|------|------|--------|



* Summary:
+-----------+--------+--------+
|           |   FF   |   LUT  |
+-----------+--------+--------+
|  Function |    0   |   93   |
|   Memory  |    -   |    -   |
|Multiplexer|    -   |    -   |
|  Register |   19   |    -   |
+-----------+--------+--------+
|   Total   |   19   |   93   |
+-----------+--------+--------+
