

================================================================
== Vitis HLS Report for 'mmult_hw_Pipeline_store_i_store_j'
================================================================
* Date:           Sun Feb 22 22:49:47 2026

* Version:        2024.1 (Build 5069499 on May 21 2024)
* Project:        matmul_D11_Tiled
* Solution:       hls (Vivado IP Flow Target)
* Product family: zynquplus
* Target device:  xczu3eg-sbva484-1-e


================================================================
== Performance Estimates
================================================================
+ Timing: 
    * Summary: 
    +--------+----------+----------+------------+
    |  Clock |  Target  | Estimated| Uncertainty|
    +--------+----------+----------+------------+
    |ap_clk  |  10.00 ns|  7.300 ns|     2.70 ns|
    +--------+----------+----------+------------+

+ Latency: 
    * Summary: 
    +---------+---------+----------+----------+-----+-----+-----------------------------------------------+
    |  Latency (cycles) |  Latency (absolute) |  Interval |                    Pipeline                   |
    |   min   |   max   |    min   |    max   | min | max |                      Type                     |
    +---------+---------+----------+----------+-----+-----+-----------------------------------------------+
    |      265|      265|  2.650 us|  2.650 us|  257|  257|  loop auto-rewind stp(delay=0 clock cycles(s))|
    +---------+---------+----------+----------+-----+-----+-----------------------------------------------+

    + Detail: 
        * Instance: 
        N/A

        * Loop: 
        +-------------------+---------+---------+----------+-----------+-----------+------+----------+
        |                   |  Latency (cycles) | Iteration|  Initiation Interval  | Trip |          |
        |     Loop Name     |   min   |   max   |  Latency |  achieved |   target  | Count| Pipelined|
        +-------------------+---------+---------+----------+-----------+-----------+------+----------+
        |- store_i_store_j  |      263|      263|         9|          1|          1|   256|       yes|
        +-------------------+---------+---------+----------+-----------+-----------+------+----------+

============================================================
+ Verbose Summary: Synthesis Manager
============================================================
InlineROM: 1
ExposeGlobal: 0
============================================================
+ Verbose Summary: CDFG Model
============================================================
IsTopModel: 0
ResetActiveHigh: 1
IsCombinational: 0
IsDatapathOnly: 0
HasWiredReturn: 1
HasMFsm: 2
HasVarLatency: 1
IsPipeline: 0
IsRtlPipelined: 0
IsInstanceOverlapped: 0
IsDontTouch: 0
HasImplIP: 0
IsGatedGlobalClock: 0

+ Individual pipeline summary: 
  * Pipeline-0: initiation interval (II) = 1, depth = 9


============================================================
+ Verbose Summary: Schedule
============================================================
* Number of FSM states : 9
* Pipeline : 1
  Pipeline-0 : II = 1, D = 9, States = { 1 2 3 4 5 6 7 8 9 }
* Dataflow Pipeline: 0

* FSM state transitions: 
1 --> 2 
2 --> 3 
3 --> 4 
4 --> 5 
5 --> 6 
6 --> 7 
7 --> 8 
8 --> 9 
9 --> 

* FSM state operations: 

State 1 <SV = 0> <Delay = 3.60>
ST_1 : Operation 12 [1/1] (0.00ns)   --->   "%j = alloca i32 1" [mmult_baseline.cpp:36]   --->   Operation 12 'alloca' 'j' <Predicate = true> <Delay = 0.00>
ST_1 : Operation 13 [1/1] (0.00ns)   --->   "%i = alloca i32 1" [mmult_baseline.cpp:35]   --->   Operation 13 'alloca' 'i' <Predicate = true> <Delay = 0.00>
ST_1 : Operation 14 [1/1] (0.00ns)   --->   "%indvar_flatten27 = alloca i32 1"   --->   Operation 14 'alloca' 'indvar_flatten27' <Predicate = true> <Delay = 0.00>
ST_1 : Operation 15 [1/1] (0.00ns)   --->   "%out_r_read = read i64 @_ssdm_op_Read.ap_auto.i64, i64 %out_r"   --->   Operation 15 'read' 'out_r_read' <Predicate = true> <Delay = 0.00>
ST_1 : Operation 16 [1/1] (0.00ns)   --->   "%zext_ln23_1_read = read i7 @_ssdm_op_Read.ap_auto.i7, i7 %zext_ln23_1"   --->   Operation 16 'read' 'zext_ln23_1_read' <Predicate = true> <Delay = 0.00>
ST_1 : Operation 17 [1/1] (0.00ns)   --->   "%tmp = read i39 @_ssdm_op_Read.ap_auto.i39, i39 %empty"   --->   Operation 17 'read' 'tmp' <Predicate = true> <Delay = 0.00>
ST_1 : Operation 18 [1/1] (0.00ns)   --->   "%dim_cast18_read = read i32 @_ssdm_op_Read.ap_auto.i32, i32 %dim_cast18"   --->   Operation 18 'read' 'dim_cast18_read' <Predicate = true> <Delay = 0.00>
ST_1 : Operation 19 [1/1] (0.00ns)   --->   "%dim_cast18_cast = sext i32 %dim_cast18_read"   --->   Operation 19 'sext' 'dim_cast18_cast' <Predicate = true> <Delay = 0.00>
ST_1 : Operation 20 [1/1] (0.00ns)   --->   "%zext_ln23_1_cast = zext i7 %zext_ln23_1_read"   --->   Operation 20 'zext' 'zext_ln23_1_cast' <Predicate = true> <Delay = 0.00>
ST_1 : Operation 21 [1/1] (0.00ns)   --->   "%p_cast = sext i39 %tmp"   --->   Operation 21 'sext' 'p_cast' <Predicate = true> <Delay = 0.00>
ST_1 : Operation 22 [1/1] (0.00ns)   --->   "%specinterface_ln0 = specinterface void @_ssdm_op_SpecInterface, i32 %gmem, void @empty, i32 0, i32 0, void @empty_0, i32 0, i32 16384, void @empty_1, void @empty_2, void @empty_0, i32 16, i32 16, i32 16, i32 16, void @empty_0, void @empty_0, i32 4294967295, i32 0, i32 0"   --->   Operation 22 'specinterface' 'specinterface_ln0' <Predicate = true> <Delay = 0.00>
ST_1 : Operation 23 [1/1] (0.48ns)   --->   "%store_ln0 = store i9 0, i9 %indvar_flatten27"   --->   Operation 23 'store' 'store_ln0' <Predicate = true> <Delay = 0.48>
ST_1 : Operation 24 [1/1] (0.48ns)   --->   "%store_ln35 = store i5 0, i5 %i" [mmult_baseline.cpp:35]   --->   Operation 24 'store' 'store_ln35' <Predicate = true> <Delay = 0.48>
ST_1 : Operation 25 [1/1] (0.48ns)   --->   "%store_ln36 = store i5 0, i5 %j" [mmult_baseline.cpp:36]   --->   Operation 25 'store' 'store_ln36' <Predicate = true> <Delay = 0.48>
ST_1 : Operation 26 [1/1] (0.00ns)   --->   "%br_ln0 = br void %for.inc138"   --->   Operation 26 'br' 'br_ln0' <Predicate = true> <Delay = 0.00>
ST_1 : Operation 27 [1/1] (0.00ns)   --->   "%indvar_flatten27_load = load i9 %indvar_flatten27" [mmult_baseline.cpp:35]   --->   Operation 27 'load' 'indvar_flatten27_load' <Predicate = true> <Delay = 0.00>
ST_1 : Operation 28 [1/1] (0.00ns)   --->   "%specbitsmap_ln0 = specbitsmap void @_ssdm_op_SpecBitsMap, i32 %gmem"   --->   Operation 28 'specbitsmap' 'specbitsmap_ln0' <Predicate = true> <Delay = 0.00>
ST_1 : Operation 29 [1/1] (0.92ns)   --->   "%icmp_ln35 = icmp_eq  i9 %indvar_flatten27_load, i9 256" [mmult_baseline.cpp:35]   --->   Operation 29 'icmp' 'icmp_ln35' <Predicate = true> <Delay = 0.92> <CoreInst = "Cmp">   --->   Core 9 'Cmp' <Latency = 0> <II = 1> <Delay = 0.92> <FuncUnit> <Opcode : 'seteq' 'setne' 'setle' 'setge' 'setlt' 'setgt'> <InPorts = 2> <OutPorts = 1>
ST_1 : Operation 30 [1/1] (0.92ns)   --->   "%add_ln35_1 = add i9 %indvar_flatten27_load, i9 1" [mmult_baseline.cpp:35]   --->   Operation 30 'add' 'add_ln35_1' <Predicate = true> <Delay = 0.92> <CoreInst = "Adder">   --->   Core 1 'Adder' <Latency = 0> <II = 1> <Delay = 0.92> <FuncUnit> <Opcode : 'add' 'sub'> <InPorts = 2> <OutPorts = 1>
ST_1 : Operation 31 [1/1] (0.00ns)   --->   "%br_ln35 = br i1 %icmp_ln35, void %for.inc141, void %for.inc144.exitStub" [mmult_baseline.cpp:35]   --->   Operation 31 'br' 'br_ln35' <Predicate = true> <Delay = 0.00>
ST_1 : Operation 32 [1/1] (0.00ns)   --->   "%j_load = load i5 %j" [mmult_baseline.cpp:36]   --->   Operation 32 'load' 'j_load' <Predicate = (!icmp_ln35)> <Delay = 0.00>
ST_1 : Operation 33 [1/1] (0.00ns)   --->   "%i_load = load i5 %i" [mmult_baseline.cpp:35]   --->   Operation 33 'load' 'i_load' <Predicate = (!icmp_ln35)> <Delay = 0.00>
ST_1 : Operation 34 [1/1] (0.87ns)   --->   "%add_ln35 = add i5 %i_load, i5 1" [mmult_baseline.cpp:35]   --->   Operation 34 'add' 'add_ln35' <Predicate = (!icmp_ln35)> <Delay = 0.87> <CoreInst = "Adder">   --->   Core 1 'Adder' <Latency = 0> <II = 1> <Delay = 0.87> <FuncUnit> <Opcode : 'add' 'sub'> <InPorts = 2> <OutPorts = 1>
ST_1 : Operation 35 [1/1] (0.87ns)   --->   "%icmp_ln36 = icmp_eq  i5 %j_load, i5 16" [mmult_baseline.cpp:36]   --->   Operation 35 'icmp' 'icmp_ln36' <Predicate = (!icmp_ln35)> <Delay = 0.87> <CoreInst = "Cmp">   --->   Core 9 'Cmp' <Latency = 0> <II = 1> <Delay = 0.87> <FuncUnit> <Opcode : 'seteq' 'setne' 'setle' 'setge' 'setlt' 'setgt'> <InPorts = 2> <OutPorts = 1>
ST_1 : Operation 36 [1/1] (0.48ns)   --->   "%select_ln35 = select i1 %icmp_ln36, i5 0, i5 %j_load" [mmult_baseline.cpp:35]   --->   Operation 36 'select' 'select_ln35' <Predicate = (!icmp_ln35)> <Delay = 0.48> <CoreInst = "Sel">   --->   Core 73 'Sel' <Latency = 0> <II = 1> <Delay = 0.48> <FuncUnit> <Opcode : 'select'> <InPorts = 3> <OutPorts = 1>
ST_1 : Operation 37 [1/1] (0.48ns)   --->   "%select_ln35_1 = select i1 %icmp_ln36, i5 %add_ln35, i5 %i_load" [mmult_baseline.cpp:35]   --->   Operation 37 'select' 'select_ln35_1' <Predicate = (!icmp_ln35)> <Delay = 0.48> <CoreInst = "Sel">   --->   Core 73 'Sel' <Latency = 0> <II = 1> <Delay = 0.48> <FuncUnit> <Opcode : 'select'> <InPorts = 3> <OutPorts = 1>
ST_1 : Operation 38 [1/1] (0.00ns)   --->   "%empty_24 = trunc i5 %select_ln35_1" [mmult_baseline.cpp:35]   --->   Operation 38 'trunc' 'empty_24' <Predicate = (!icmp_ln35)> <Delay = 0.00>
ST_1 : Operation 39 [1/1] (0.87ns)   --->   "%first_iter_4 = icmp_eq  i5 %select_ln35, i5 0" [mmult_baseline.cpp:35]   --->   Operation 39 'icmp' 'first_iter_4' <Predicate = (!icmp_ln35)> <Delay = 0.87> <CoreInst = "Cmp">   --->   Core 9 'Cmp' <Latency = 0> <II = 1> <Delay = 0.87> <FuncUnit> <Opcode : 'seteq' 'setne' 'setle' 'setge' 'setlt' 'setgt'> <InPorts = 2> <OutPorts = 1>
ST_1 : Operation 40 [1/1] (0.00ns)   --->   "%br_ln36 = br i1 %first_iter_4, void %for.inc138.split, void %for.first.iter.for.inc138" [mmult_baseline.cpp:36]   --->   Operation 40 'br' 'br_ln36' <Predicate = (!icmp_ln35)> <Delay = 0.00>
ST_1 : Operation 41 [1/1] (0.00ns)   --->   "%tmp_9 = bitconcatenate i8 @_ssdm_op_BitConcatenate.i8.i4.i4, i4 %empty_24, i4 0" [mmult_baseline.cpp:37]   --->   Operation 41 'bitconcatenate' 'tmp_9' <Predicate = (!icmp_ln35)> <Delay = 0.00>
ST_1 : Operation 42 [1/1] (0.00ns)   --->   "%zext_ln37 = zext i5 %select_ln35" [mmult_baseline.cpp:37]   --->   Operation 42 'zext' 'zext_ln37' <Predicate = (!icmp_ln35)> <Delay = 0.00>
ST_1 : Operation 43 [1/1] (0.90ns)   --->   "%add_ln37 = add i8 %tmp_9, i8 %zext_ln37" [mmult_baseline.cpp:37]   --->   Operation 43 'add' 'add_ln37' <Predicate = (!icmp_ln35)> <Delay = 0.90> <CoreInst = "Adder">   --->   Core 1 'Adder' <Latency = 0> <II = 1> <Delay = 0.90> <FuncUnit> <Opcode : 'add' 'sub'> <InPorts = 2> <OutPorts = 1>
ST_1 : Operation 44 [1/1] (0.87ns)   --->   "%add_ln36 = add i5 %select_ln35, i5 1" [mmult_baseline.cpp:36]   --->   Operation 44 'add' 'add_ln36' <Predicate = (!icmp_ln35)> <Delay = 0.87> <CoreInst = "Adder">   --->   Core 1 'Adder' <Latency = 0> <II = 1> <Delay = 0.87> <FuncUnit> <Opcode : 'add' 'sub'> <InPorts = 2> <OutPorts = 1>
ST_1 : Operation 45 [1/1] (0.87ns)   --->   "%icmp_ln36_1 = icmp_eq  i5 %add_ln36, i5 16" [mmult_baseline.cpp:36]   --->   Operation 45 'icmp' 'icmp_ln36_1' <Predicate = (!icmp_ln35)> <Delay = 0.87> <CoreInst = "Cmp">   --->   Core 9 'Cmp' <Latency = 0> <II = 1> <Delay = 0.87> <FuncUnit> <Opcode : 'seteq' 'setne' 'setle' 'setge' 'setlt' 'setgt'> <InPorts = 2> <OutPorts = 1>
ST_1 : Operation 46 [1/1] (0.00ns)   --->   "%br_ln36 = br i1 %icmp_ln36_1, void %new.latch.for.inc138.split, void %last.iter.for.inc138.split" [mmult_baseline.cpp:36]   --->   Operation 46 'br' 'br_ln36' <Predicate = (!icmp_ln35)> <Delay = 0.00>
ST_1 : Operation 47 [1/1] (0.48ns)   --->   "%store_ln35 = store i9 %add_ln35_1, i9 %indvar_flatten27" [mmult_baseline.cpp:35]   --->   Operation 47 'store' 'store_ln35' <Predicate = (!icmp_ln35)> <Delay = 0.48>
ST_1 : Operation 48 [1/1] (0.48ns)   --->   "%store_ln35 = store i5 %select_ln35_1, i5 %i" [mmult_baseline.cpp:35]   --->   Operation 48 'store' 'store_ln35' <Predicate = (!icmp_ln35)> <Delay = 0.48>
ST_1 : Operation 49 [1/1] (0.48ns)   --->   "%store_ln36 = store i5 %add_ln36, i5 %j" [mmult_baseline.cpp:36]   --->   Operation 49 'store' 'store_ln36' <Predicate = (!icmp_ln35)> <Delay = 0.48>
ST_1 : Operation 50 [1/1] (0.00ns)   --->   "%br_ln36 = br void %for.inc138" [mmult_baseline.cpp:36]   --->   Operation 50 'br' 'br_ln36' <Predicate = (!icmp_ln35)> <Delay = 0.00>

State 2 <SV = 1> <Delay = 6.26>
ST_2 : Operation 51 [1/1] (0.00ns)   --->   "%specloopname_ln0 = specloopname void @_ssdm_op_SpecLoopName, void @store_i_store_j_str"   --->   Operation 51 'specloopname' 'specloopname_ln0' <Predicate = true> <Delay = 0.00>
ST_2 : Operation 52 [1/1] (0.00ns)   --->   "%speclooptripcount_ln0 = speclooptripcount void @_ssdm_op_SpecLoopTripCount, i64 256, i64 256, i64 256"   --->   Operation 52 'speclooptripcount' 'speclooptripcount_ln0' <Predicate = true> <Delay = 0.00>
ST_2 : Operation 53 [1/1] (0.00ns)   --->   "%zext_ln35 = zext i5 %select_ln35_1" [mmult_baseline.cpp:35]   --->   Operation 53 'zext' 'zext_ln35' <Predicate = true> <Delay = 0.00>
ST_2 : Operation 54 [1/1] (3.88ns)   --->   "%empty_25 = mul i37 %zext_ln35, i37 %dim_cast18_cast" [mmult_baseline.cpp:35]   --->   Operation 54 'mul' 'empty_25' <Predicate = true> <Delay = 3.88> <CoreInst = "Multiplier">   --->   Core 3 'Multiplier' <Latency = 0> <II = 1> <Delay = 3.88> <FuncUnit> <Opcode : 'mul'> <InPorts = 2> <OutPorts = 1>
ST_2 : Operation 55 [1/1] (0.00ns)   --->   "%p_cast1 = sext i37 %empty_25" [mmult_baseline.cpp:35]   --->   Operation 55 'sext' 'p_cast1' <Predicate = true> <Delay = 0.00>
ST_2 : Operation 56 [1/1] (0.00ns) (grouped into TernaryAdder)   --->   "%tmp17 = add i40 %p_cast, i40 %p_cast1" [mmult_baseline.cpp:35]   --->   Operation 56 'add' 'tmp17' <Predicate = true> <Delay = 0.00> <CoreInst = "TAddSub">   --->   Core 10 'TAddSub' <Latency = 0> <II = 1> <Delay = 0.45> <IPBlock> <Opcode : '' 'add' 'sub'> <InPorts = 3> <OutPorts = 1> <Sync> <CReg>
ST_2 : Operation 57 [1/1] (0.91ns) (root node of TernaryAdder)   --->   "%empty_26 = add i40 %tmp17, i40 %zext_ln23_1_cast" [mmult_baseline.cpp:35]   --->   Operation 57 'add' 'empty_26' <Predicate = true> <Delay = 0.91> <CoreInst = "TAddSub">   --->   Core 10 'TAddSub' <Latency = 0> <II = 1> <Delay = 0.45> <IPBlock> <Opcode : '' 'add' 'sub'> <InPorts = 3> <OutPorts = 1> <Sync> <CReg>
ST_2 : Operation 58 [1/1] (0.00ns)   --->   "%tmp_6 = bitconcatenate i42 @_ssdm_op_BitConcatenate.i42.i40.i2, i40 %empty_26, i2 0" [mmult_baseline.cpp:35]   --->   Operation 58 'bitconcatenate' 'tmp_6' <Predicate = true> <Delay = 0.00>
ST_2 : Operation 59 [1/1] (0.00ns)   --->   "%tmp_6_cast = sext i42 %tmp_6" [mmult_baseline.cpp:35]   --->   Operation 59 'sext' 'tmp_6_cast' <Predicate = true> <Delay = 0.00>
ST_2 : Operation 60 [1/1] (1.47ns)   --->   "%empty_27 = add i64 %tmp_6_cast, i64 %out_r_read" [mmult_baseline.cpp:35]   --->   Operation 60 'add' 'empty_27' <Predicate = true> <Delay = 1.47> <CoreInst = "Adder">   --->   Core 1 'Adder' <Latency = 0> <II = 1> <Delay = 1.47> <FuncUnit> <Opcode : 'add' 'sub'> <InPorts = 2> <OutPorts = 1>
ST_2 : Operation 61 [1/1] (0.00ns)   --->   "%trunc_ln = partselect i62 @_ssdm_op_PartSelect.i62.i64.i32.i32, i64 %empty_27, i32 2, i32 63" [mmult_baseline.cpp:36]   --->   Operation 61 'partselect' 'trunc_ln' <Predicate = true> <Delay = 0.00>
ST_2 : Operation 62 [1/1] (0.00ns)   --->   "%sext_ln36 = sext i62 %trunc_ln" [mmult_baseline.cpp:36]   --->   Operation 62 'sext' 'sext_ln36' <Predicate = true> <Delay = 0.00>
ST_2 : Operation 63 [1/1] (0.00ns)   --->   "%gmem_addr = getelementptr i32 %gmem, i64 %sext_ln36" [mmult_baseline.cpp:36]   --->   Operation 63 'getelementptr' 'gmem_addr' <Predicate = true> <Delay = 0.00>
ST_2 : Operation 64 [1/1] (0.00ns)   --->   "%zext_ln37_1 = zext i8 %add_ln37" [mmult_baseline.cpp:37]   --->   Operation 64 'zext' 'zext_ln37_1' <Predicate = true> <Delay = 0.00>
ST_2 : Operation 65 [1/1] (0.00ns)   --->   "%tC_addr = getelementptr i32 %tC, i64 0, i64 %zext_ln37_1" [mmult_baseline.cpp:37]   --->   Operation 65 'getelementptr' 'tC_addr' <Predicate = true> <Delay = 0.00>
ST_2 : Operation 66 [2/2] (1.35ns)   --->   "%tC_load = load i8 %tC_addr" [mmult_baseline.cpp:37]   --->   Operation 66 'load' 'tC_load' <Predicate = true> <Delay = 1.35> <CoreInst = "RAM">   --->   Core 82 'RAM' <Latency = 1> <II = 1> <Delay = 1.35> <Storage> <Opcode : 'load' 'store'> <Ports = 2> <Width = 32> <Depth = 256> <RAM>

State 3 <SV = 2> <Delay = 7.30>
ST_3 : Operation 67 [1/1] (7.30ns)   --->   "%empty_23 = writereq i1 @_ssdm_op_WriteReq.m_axi.p1i32, i32 %gmem_addr, i64 16" [mmult_baseline.cpp:36]   --->   Operation 67 'writereq' 'empty_23' <Predicate = (first_iter_4)> <Delay = 7.30> <CoreInst = "m_axi">   --->   Core 119 'm_axi' <Latency = 0> <II = 1> <Delay = 1.00> <Adapter> <Opcode : 'read' 'write' 'readreq' 'writereq' 'writeresp'>
ST_3 : Operation 68 [1/1] (0.00ns)   --->   "%br_ln36 = br void %for.inc138.split" [mmult_baseline.cpp:36]   --->   Operation 68 'br' 'br_ln36' <Predicate = (first_iter_4)> <Delay = 0.00>
ST_3 : Operation 69 [1/2] (1.35ns)   --->   "%tC_load = load i8 %tC_addr" [mmult_baseline.cpp:37]   --->   Operation 69 'load' 'tC_load' <Predicate = true> <Delay = 1.35> <CoreInst = "RAM">   --->   Core 82 'RAM' <Latency = 1> <II = 1> <Delay = 1.35> <Storage> <Opcode : 'load' 'store'> <Ports = 2> <Width = 32> <Depth = 256> <RAM>

State 4 <SV = 3> <Delay = 7.30>
ST_4 : Operation 70 [1/1] (0.00ns)   --->   "%specpipeline_ln36 = specpipeline void @_ssdm_op_SpecPipeline, i32 4294967295, i32 0, i32 0, i32 0, void @empty_0" [mmult_baseline.cpp:36]   --->   Operation 70 'specpipeline' 'specpipeline_ln36' <Predicate = true> <Delay = 0.00>
ST_4 : Operation 71 [1/1] (7.30ns)   --->   "%write_ln37 = write void @_ssdm_op_Write.m_axi.p1i32, i32 %gmem_addr, i32 %tC_load, i4 15" [mmult_baseline.cpp:37]   --->   Operation 71 'write' 'write_ln37' <Predicate = true> <Delay = 7.30> <CoreInst = "m_axi">   --->   Core 119 'm_axi' <Latency = 0> <II = 1> <Delay = 1.00> <Adapter> <Opcode : 'read' 'write' 'readreq' 'writereq' 'writeresp'>

State 5 <SV = 4> <Delay = 7.30>
ST_5 : Operation 72 [5/5] (7.30ns)   --->   "%empty_22 = writeresp i1 @_ssdm_op_WriteResp.m_axi.p1i32, i32 %gmem_addr" [mmult_baseline.cpp:35]   --->   Operation 72 'writeresp' 'empty_22' <Predicate = (icmp_ln36_1)> <Delay = 7.30> <CoreInst = "m_axi">   --->   Core 119 'm_axi' <Latency = 0> <II = 1> <Delay = 1.00> <Adapter> <Opcode : 'read' 'write' 'readreq' 'writereq' 'writeresp'>

State 6 <SV = 5> <Delay = 7.30>
ST_6 : Operation 73 [4/5] (7.30ns)   --->   "%empty_22 = writeresp i1 @_ssdm_op_WriteResp.m_axi.p1i32, i32 %gmem_addr" [mmult_baseline.cpp:35]   --->   Operation 73 'writeresp' 'empty_22' <Predicate = (icmp_ln36_1)> <Delay = 7.30> <CoreInst = "m_axi">   --->   Core 119 'm_axi' <Latency = 0> <II = 1> <Delay = 1.00> <Adapter> <Opcode : 'read' 'write' 'readreq' 'writereq' 'writeresp'>

State 7 <SV = 6> <Delay = 7.30>
ST_7 : Operation 74 [3/5] (7.30ns)   --->   "%empty_22 = writeresp i1 @_ssdm_op_WriteResp.m_axi.p1i32, i32 %gmem_addr" [mmult_baseline.cpp:35]   --->   Operation 74 'writeresp' 'empty_22' <Predicate = (icmp_ln36_1)> <Delay = 7.30> <CoreInst = "m_axi">   --->   Core 119 'm_axi' <Latency = 0> <II = 1> <Delay = 1.00> <Adapter> <Opcode : 'read' 'write' 'readreq' 'writereq' 'writeresp'>

State 8 <SV = 7> <Delay = 7.30>
ST_8 : Operation 75 [2/5] (7.30ns)   --->   "%empty_22 = writeresp i1 @_ssdm_op_WriteResp.m_axi.p1i32, i32 %gmem_addr" [mmult_baseline.cpp:35]   --->   Operation 75 'writeresp' 'empty_22' <Predicate = (icmp_ln36_1)> <Delay = 7.30> <CoreInst = "m_axi">   --->   Core 119 'm_axi' <Latency = 0> <II = 1> <Delay = 1.00> <Adapter> <Opcode : 'read' 'write' 'readreq' 'writereq' 'writeresp'>
ST_8 : Operation 78 [1/1] (0.48ns)   --->   "%ret_ln0 = ret"   --->   Operation 78 'ret' 'ret_ln0' <Predicate = (icmp_ln35)> <Delay = 0.48>

State 9 <SV = 8> <Delay = 7.30>
ST_9 : Operation 76 [1/5] (7.30ns)   --->   "%empty_22 = writeresp i1 @_ssdm_op_WriteResp.m_axi.p1i32, i32 %gmem_addr" [mmult_baseline.cpp:35]   --->   Operation 76 'writeresp' 'empty_22' <Predicate = (icmp_ln36_1)> <Delay = 7.30> <CoreInst = "m_axi">   --->   Core 119 'm_axi' <Latency = 0> <II = 1> <Delay = 1.00> <Adapter> <Opcode : 'read' 'write' 'readreq' 'writereq' 'writeresp'>
ST_9 : Operation 77 [1/1] (0.00ns)   --->   "%br_ln36 = br void %new.latch.for.inc138.split" [mmult_baseline.cpp:36]   --->   Operation 77 'br' 'br_ln36' <Predicate = (icmp_ln36_1)> <Delay = 0.00>


============================================================
+ Verbose Summary: Binding
============================================================
STG Binding: 
---------------- STG Properties BEGIN ----------------
- Is combinational: 0
- Is one-state seq: 0
- Is datapath-only: 0
- Is pipelined: 0
- Is top level: 0
Port [ Return ] is wired: 1; IO mode=ap_ctrl_hs:ce=0
Port [ gmem]:  wired=1; compound=1; hidden=0; nouse=0; global=0; static=0; extern=0; dir=1; type=4; pingpong=0; private_global=0; IO mode=m_axi:ce=0
Port [ tC]:  wired=1; compound=1; hidden=0; nouse=0; global=0; static=0; extern=0; dir=0; type=1; pingpong=0; private_global=0; MemPort=[13]; IO mode=ap_memory:ce=0
Port [ dim_cast18]:  wired=1; compound=0; hidden=0; nouse=0; global=0; static=0; extern=0; dir=0; type=0; pingpong=0; private_global=0; IO mode=ap_none:ce=0
Port [ empty]:  wired=1; compound=0; hidden=0; nouse=0; global=0; static=0; extern=0; dir=0; type=0; pingpong=0; private_global=0; IO mode=ap_none:ce=0
Port [ zext_ln23_1]:  wired=1; compound=0; hidden=0; nouse=0; global=0; static=0; extern=0; dir=0; type=0; pingpong=0; private_global=0; IO mode=ap_none:ce=0
Port [ out_r]:  wired=1; compound=0; hidden=0; nouse=0; global=0; static=0; extern=0; dir=0; type=0; pingpong=0; private_global=0; IO mode=ap_none:ce=0
---------------- STG Properties END ------------------

---------------- Datapath Model BEGIN ----------------

<LifeTime>
<method=bitvector/>
j                     (alloca           ) [ 0100000000]
i                     (alloca           ) [ 0100000000]
indvar_flatten27      (alloca           ) [ 0100000000]
out_r_read            (read             ) [ 0110000000]
zext_ln23_1_read      (read             ) [ 0000000000]
tmp                   (read             ) [ 0000000000]
dim_cast18_read       (read             ) [ 0000000000]
dim_cast18_cast       (sext             ) [ 0110000000]
zext_ln23_1_cast      (zext             ) [ 0110000000]
p_cast                (sext             ) [ 0110000000]
specinterface_ln0     (specinterface    ) [ 0000000000]
store_ln0             (store            ) [ 0000000000]
store_ln35            (store            ) [ 0000000000]
store_ln36            (store            ) [ 0000000000]
br_ln0                (br               ) [ 0000000000]
indvar_flatten27_load (load             ) [ 0000000000]
specbitsmap_ln0       (specbitsmap      ) [ 0000000000]
icmp_ln35             (icmp             ) [ 0111111110]
add_ln35_1            (add              ) [ 0000000000]
br_ln35               (br               ) [ 0000000000]
j_load                (load             ) [ 0000000000]
i_load                (load             ) [ 0000000000]
add_ln35              (add              ) [ 0000000000]
icmp_ln36             (icmp             ) [ 0000000000]
select_ln35           (select           ) [ 0000000000]
select_ln35_1         (select           ) [ 0110000000]
empty_24              (trunc            ) [ 0000000000]
first_iter_4          (icmp             ) [ 0111000000]
br_ln36               (br               ) [ 0000000000]
tmp_9                 (bitconcatenate   ) [ 0000000000]
zext_ln37             (zext             ) [ 0000000000]
add_ln37              (add              ) [ 0110000000]
add_ln36              (add              ) [ 0000000000]
icmp_ln36_1           (icmp             ) [ 0111111111]
br_ln36               (br               ) [ 0000000000]
store_ln35            (store            ) [ 0000000000]
store_ln35            (store            ) [ 0000000000]
store_ln36            (store            ) [ 0000000000]
br_ln36               (br               ) [ 0000000000]
specloopname_ln0      (specloopname     ) [ 0000000000]
speclooptripcount_ln0 (speclooptripcount) [ 0000000000]
zext_ln35             (zext             ) [ 0000000000]
empty_25              (mul              ) [ 0000000000]
p_cast1               (sext             ) [ 0000000000]
tmp17                 (add              ) [ 0000000000]
empty_26              (add              ) [ 0000000000]
tmp_6                 (bitconcatenate   ) [ 0000000000]
tmp_6_cast            (sext             ) [ 0000000000]
empty_27              (add              ) [ 0000000000]
trunc_ln              (partselect       ) [ 0000000000]
sext_ln36             (sext             ) [ 0000000000]
gmem_addr             (getelementptr    ) [ 0101111111]
zext_ln37_1           (zext             ) [ 0000000000]
tC_addr               (getelementptr    ) [ 0101000000]
empty_23              (writereq         ) [ 0000000000]
br_ln36               (br               ) [ 0000000000]
tC_load               (load             ) [ 0100100000]
specpipeline_ln36     (specpipeline     ) [ 0000000000]
write_ln37            (write            ) [ 0000000000]
empty_22              (writeresp        ) [ 0000000000]
br_ln36               (br               ) [ 0000000000]
ret_ln0               (ret              ) [ 0000000000]
</LifeTime>

<model>

<comp_list>
<comp id="0" class="1000" name="gmem">
<pin_list>
<pin id="1" dir="1" index="0" bw="1" slack="0"/>
</pin_list>
<bind>
<StgValue><ssdm name="gmem"/></StgValue>
</bind>
</comp>

<comp id="2" class="1000" name="tC">
<pin_list>
<pin id="3" dir="1" index="0" bw="1" slack="0"/>
</pin_list>
<bind>
<StgValue><ssdm name="tC"/><MemPortTyVec>1 3 </MemPortTyVec>
</StgValue>
</bind>
</comp>

<comp id="4" class="1000" name="dim_cast18">
<pin_list>
<pin id="5" dir="1" index="0" bw="1" slack="0"/>
</pin_list>
<bind>
<StgValue><ssdm name="dim_cast18"/></StgValue>
</bind>
</comp>

<comp id="6" class="1000" name="empty">
<pin_list>
<pin id="7" dir="1" index="0" bw="1" slack="0"/>
</pin_list>
<bind>
<StgValue><ssdm name="empty"/></StgValue>
</bind>
</comp>

<comp id="8" class="1000" name="zext_ln23_1">
<pin_list>
<pin id="9" dir="1" index="0" bw="1" slack="0"/>
</pin_list>
<bind>
<StgValue><ssdm name="zext_ln23_1"/></StgValue>
</bind>
</comp>

<comp id="10" class="1000" name="out_r">
<pin_list>
<pin id="11" dir="1" index="0" bw="1" slack="0"/>
</pin_list>
<bind>
<StgValue><ssdm name="out_r"/></StgValue>
</bind>
</comp>

<comp id="12" class="1001" name="const_12">
<pin_list>
<pin id="13" dir="1" index="0" bw="1" slack="0"/>
</pin_list>
<bind>
<StgValue><ssdm name=""/></StgValue>
</bind>
</comp>

<comp id="14" class="1001" name="const_14">
<pin_list>
<pin id="15" dir="1" index="0" bw="1" slack="0"/>
</pin_list>
<bind>
<StgValue><ssdm name="_ssdm_op_Read.ap_auto.i64"/></StgValue>
</bind>
</comp>

<comp id="16" class="1001" name="const_16">
<pin_list>
<pin id="17" dir="1" index="0" bw="1" slack="0"/>
</pin_list>
<bind>
<StgValue><ssdm name="_ssdm_op_Read.ap_auto.i7"/></StgValue>
</bind>
</comp>

<comp id="18" class="1001" name="const_18">
<pin_list>
<pin id="19" dir="1" index="0" bw="1" slack="0"/>
</pin_list>
<bind>
<StgValue><ssdm name="_ssdm_op_Read.ap_auto.i39"/></StgValue>
</bind>
</comp>

<comp id="20" class="1001" name="const_20">
<pin_list>
<pin id="21" dir="1" index="0" bw="1" slack="0"/>
</pin_list>
<bind>
<StgValue><ssdm name="_ssdm_op_Read.ap_auto.i32"/></StgValue>
</bind>
</comp>

<comp id="22" class="1001" name="const_22">
<pin_list>
<pin id="23" dir="1" index="0" bw="1" slack="2147483647"/>
</pin_list>
<bind>
<StgValue><ssdm name="_ssdm_op_SpecInterface"/></StgValue>
</bind>
</comp>

<comp id="24" class="1001" name="const_24">
<pin_list>
<pin id="25" dir="1" index="0" bw="1" slack="2147483647"/>
</pin_list>
<bind>
<StgValue><ssdm name="empty"/></StgValue>
</bind>
</comp>

<comp id="26" class="1001" name="const_26">
<pin_list>
<pin id="27" dir="1" index="0" bw="1" slack="2147483647"/>
</pin_list>
<bind>
<StgValue><ssdm name=""/></StgValue>
</bind>
</comp>

<comp id="28" class="1001" name="const_28">
<pin_list>
<pin id="29" dir="1" index="0" bw="1" slack="2147483647"/>
</pin_list>
<bind>
<StgValue><ssdm name="empty_0"/></StgValue>
</bind>
</comp>

<comp id="30" class="1001" name="const_30">
<pin_list>
<pin id="31" dir="1" index="0" bw="1" slack="2147483647"/>
</pin_list>
<bind>
<StgValue><ssdm name=""/></StgValue>
</bind>
</comp>

<comp id="32" class="1001" name="const_32">
<pin_list>
<pin id="33" dir="1" index="0" bw="1" slack="2147483647"/>
</pin_list>
<bind>
<StgValue><ssdm name="empty_1"/></StgValue>
</bind>
</comp>

<comp id="34" class="1001" name="const_34">
<pin_list>
<pin id="35" dir="1" index="0" bw="1" slack="2147483647"/>
</pin_list>
<bind>
<StgValue><ssdm name="empty_2"/></StgValue>
</bind>
</comp>

<comp id="36" class="1001" name="const_36">
<pin_list>
<pin id="37" dir="1" index="0" bw="1" slack="2147483647"/>
</pin_list>
<bind>
<StgValue><ssdm name=""/></StgValue>
</bind>
</comp>

<comp id="38" class="1001" name="const_38">
<pin_list>
<pin id="39" dir="1" index="0" bw="1" slack="2147483647"/>
</pin_list>
<bind>
<StgValue><ssdm name=""/></StgValue>
</bind>
</comp>

<comp id="40" class="1001" name="const_40">
<pin_list>
<pin id="41" dir="1" index="0" bw="1" slack="0"/>
</pin_list>
<bind>
<StgValue><ssdm name=""/></StgValue>
</bind>
</comp>

<comp id="42" class="1001" name="const_42">
<pin_list>
<pin id="43" dir="1" index="0" bw="1" slack="0"/>
</pin_list>
<bind>
<StgValue><ssdm name=""/></StgValue>
</bind>
</comp>

<comp id="44" class="1001" name="const_44">
<pin_list>
<pin id="45" dir="1" index="0" bw="1" slack="2147483647"/>
</pin_list>
<bind>
<StgValue><ssdm name="_ssdm_op_SpecBitsMap"/></StgValue>
</bind>
</comp>

<comp id="46" class="1001" name="const_46">
<pin_list>
<pin id="47" dir="1" index="0" bw="1" slack="0"/>
</pin_list>
<bind>
<StgValue><ssdm name=""/></StgValue>
</bind>
</comp>

<comp id="48" class="1001" name="const_48">
<pin_list>
<pin id="49" dir="1" index="0" bw="1" slack="0"/>
</pin_list>
<bind>
<StgValue><ssdm name=""/></StgValue>
</bind>
</comp>

<comp id="50" class="1001" name="const_50">
<pin_list>
<pin id="51" dir="1" index="0" bw="1" slack="0"/>
</pin_list>
<bind>
<StgValue><ssdm name=""/></StgValue>
</bind>
</comp>

<comp id="52" class="1001" name="const_52">
<pin_list>
<pin id="53" dir="1" index="0" bw="1" slack="0"/>
</pin_list>
<bind>
<StgValue><ssdm name=""/></StgValue>
</bind>
</comp>

<comp id="54" class="1001" name="const_54">
<pin_list>
<pin id="55" dir="1" index="0" bw="1" slack="0"/>
</pin_list>
<bind>
<StgValue><ssdm name="_ssdm_op_BitConcatenate.i8.i4.i4"/></StgValue>
</bind>
</comp>

<comp id="56" class="1001" name="const_56">
<pin_list>
<pin id="57" dir="1" index="0" bw="1" slack="0"/>
</pin_list>
<bind>
<StgValue><ssdm name=""/></StgValue>
</bind>
</comp>

<comp id="58" class="1001" name="const_58">
<pin_list>
<pin id="59" dir="1" index="0" bw="1" slack="2147483647"/>
</pin_list>
<bind>
<StgValue><ssdm name="_ssdm_op_SpecLoopName"/></StgValue>
</bind>
</comp>

<comp id="60" class="1001" name="const_60">
<pin_list>
<pin id="61" dir="1" index="0" bw="1" slack="2147483647"/>
</pin_list>
<bind>
<StgValue><ssdm name="store_i_store_j_str"/></StgValue>
</bind>
</comp>

<comp id="62" class="1001" name="const_62">
<pin_list>
<pin id="63" dir="1" index="0" bw="1" slack="2147483647"/>
</pin_list>
<bind>
<StgValue><ssdm name="_ssdm_op_SpecLoopTripCount"/></StgValue>
</bind>
</comp>

<comp id="64" class="1001" name="const_64">
<pin_list>
<pin id="65" dir="1" index="0" bw="1" slack="2147483647"/>
</pin_list>
<bind>
<StgValue><ssdm name=""/></StgValue>
</bind>
</comp>

<comp id="66" class="1001" name="const_66">
<pin_list>
<pin id="67" dir="1" index="0" bw="1" slack="0"/>
</pin_list>
<bind>
<StgValue><ssdm name="_ssdm_op_BitConcatenate.i42.i40.i2"/></StgValue>
</bind>
</comp>

<comp id="68" class="1001" name="const_68">
<pin_list>
<pin id="69" dir="1" index="0" bw="1" slack="0"/>
</pin_list>
<bind>
<StgValue><ssdm name=""/></StgValue>
</bind>
</comp>

<comp id="70" class="1001" name="const_70">
<pin_list>
<pin id="71" dir="1" index="0" bw="1" slack="0"/>
</pin_list>
<bind>
<StgValue><ssdm name="_ssdm_op_PartSelect.i62.i64.i32.i32"/></StgValue>
</bind>
</comp>

<comp id="72" class="1001" name="const_72">
<pin_list>
<pin id="73" dir="1" index="0" bw="1" slack="0"/>
</pin_list>
<bind>
<StgValue><ssdm name=""/></StgValue>
</bind>
</comp>

<comp id="74" class="1001" name="const_74">
<pin_list>
<pin id="75" dir="1" index="0" bw="1" slack="0"/>
</pin_list>
<bind>
<StgValue><ssdm name=""/></StgValue>
</bind>
</comp>

<comp id="76" class="1001" name="const_76">
<pin_list>
<pin id="77" dir="1" index="0" bw="1" slack="0"/>
</pin_list>
<bind>
<StgValue><ssdm name=""/></StgValue>
</bind>
</comp>

<comp id="78" class="1001" name="const_78">
<pin_list>
<pin id="79" dir="1" index="0" bw="1" slack="0"/>
</pin_list>
<bind>
<StgValue><ssdm name="_ssdm_op_WriteReq.m_axi.p1i32"/></StgValue>
</bind>
</comp>

<comp id="80" class="1001" name="const_80">
<pin_list>
<pin id="81" dir="1" index="0" bw="1" slack="0"/>
</pin_list>
<bind>
<StgValue><ssdm name=""/></StgValue>
</bind>
</comp>

<comp id="82" class="1001" name="const_82">
<pin_list>
<pin id="83" dir="1" index="0" bw="1" slack="2147483647"/>
</pin_list>
<bind>
<StgValue><ssdm name="_ssdm_op_SpecPipeline"/></StgValue>
</bind>
</comp>

<comp id="84" class="1001" name="const_84">
<pin_list>
<pin id="85" dir="1" index="0" bw="1" slack="0"/>
</pin_list>
<bind>
<StgValue><ssdm name="_ssdm_op_Write.m_axi.p1i32"/></StgValue>
</bind>
</comp>

<comp id="86" class="1001" name="const_86">
<pin_list>
<pin id="87" dir="1" index="0" bw="1" slack="0"/>
</pin_list>
<bind>
<StgValue><ssdm name=""/></StgValue>
</bind>
</comp>

<comp id="88" class="1001" name="const_88">
<pin_list>
<pin id="89" dir="1" index="0" bw="1" slack="0"/>
</pin_list>
<bind>
<StgValue><ssdm name="_ssdm_op_WriteResp.m_axi.p1i32"/></StgValue>
</bind>
</comp>

<comp id="90" class="1004" name="j_fu_90">
<pin_list>
<pin id="91" dir="0" index="0" bw="1" slack="0"/>
<pin id="92" dir="1" index="1" bw="5" slack="0"/>
</pin_list>
<bind>
<opcode="alloca(26) " fcode="alloca"/>
<opset="j/1 "/>
</bind>
</comp>

<comp id="94" class="1004" name="i_fu_94">
<pin_list>
<pin id="95" dir="0" index="0" bw="1" slack="0"/>
<pin id="96" dir="1" index="1" bw="5" slack="0"/>
</pin_list>
<bind>
<opcode="alloca(26) " fcode="alloca"/>
<opset="i/1 "/>
</bind>
</comp>

<comp id="98" class="1004" name="indvar_flatten27_fu_98">
<pin_list>
<pin id="99" dir="0" index="0" bw="1" slack="0"/>
<pin id="100" dir="1" index="1" bw="9" slack="0"/>
</pin_list>
<bind>
<opcode="alloca(26) " fcode="alloca"/>
<opset="indvar_flatten27/1 "/>
</bind>
</comp>

<comp id="102" class="1004" name="out_r_read_read_fu_102">
<pin_list>
<pin id="103" dir="0" index="0" bw="64" slack="0"/>
<pin id="104" dir="0" index="1" bw="64" slack="0"/>
<pin id="105" dir="1" index="2" bw="64" slack="1"/>
</pin_list>
<bind>
<opcode="read(1150) " fcode="read"/>
<opset="out_r_read/1 "/>
</bind>
</comp>

<comp id="108" class="1004" name="zext_ln23_1_read_read_fu_108">
<pin_list>
<pin id="109" dir="0" index="0" bw="7" slack="0"/>
<pin id="110" dir="0" index="1" bw="7" slack="0"/>
<pin id="111" dir="1" index="2" bw="7" slack="0"/>
</pin_list>
<bind>
<opcode="read(1150) " fcode="read"/>
<opset="zext_ln23_1_read/1 "/>
</bind>
</comp>

<comp id="114" class="1004" name="tmp_read_fu_114">
<pin_list>
<pin id="115" dir="0" index="0" bw="39" slack="0"/>
<pin id="116" dir="0" index="1" bw="39" slack="0"/>
<pin id="117" dir="1" index="2" bw="39" slack="0"/>
</pin_list>
<bind>
<opcode="read(1150) " fcode="read"/>
<opset="tmp/1 "/>
</bind>
</comp>

<comp id="120" class="1004" name="dim_cast18_read_read_fu_120">
<pin_list>
<pin id="121" dir="0" index="0" bw="32" slack="0"/>
<pin id="122" dir="0" index="1" bw="32" slack="0"/>
<pin id="123" dir="1" index="2" bw="32" slack="0"/>
</pin_list>
<bind>
<opcode="read(1150) " fcode="read"/>
<opset="dim_cast18_read/1 "/>
</bind>
</comp>

<comp id="126" class="1004" name="grp_writeresp_fu_126">
<pin_list>
<pin id="127" dir="0" index="0" bw="1" slack="0"/>
<pin id="128" dir="0" index="1" bw="32" slack="1"/>
<pin id="129" dir="0" index="2" bw="6" slack="0"/>
<pin id="130" dir="1" index="3" bw="1" slack="2147483647"/>
</pin_list>
<bind>
<opcode="writereq(1155) writeresp(1158) " fcode="writeresp"/>
<opset="empty_23/3 empty_22/5 "/>
</bind>
</comp>

<comp id="133" class="1004" name="write_ln37_write_fu_133">
<pin_list>
<pin id="134" dir="0" index="0" bw="0" slack="0"/>
<pin id="135" dir="0" index="1" bw="32" slack="2"/>
<pin id="136" dir="0" index="2" bw="32" slack="1"/>
<pin id="137" dir="0" index="3" bw="1" slack="0"/>
<pin id="138" dir="1" index="4" bw="0" slack="2147483647"/>
</pin_list>
<bind>
<opcode="write(1151) " fcode="write"/>
<opset="write_ln37/4 "/>
</bind>
</comp>

<comp id="142" class="1004" name="tC_addr_gep_fu_142">
<pin_list>
<pin id="143" dir="0" index="0" bw="32" slack="0"/>
<pin id="144" dir="0" index="1" bw="1" slack="0"/>
<pin id="145" dir="0" index="2" bw="8" slack="0"/>
<pin id="146" dir="1" index="3" bw="8" slack="0"/>
</pin_list>
<bind>
<opcode="getelementptr(29) " fcode="getelementptr"/>
<opset="tC_addr/2 "/>
</bind>
</comp>

<comp id="149" class="1004" name="grp_access_fu_149">
<pin_list>
<pin id="150" dir="0" index="0" bw="8" slack="0"/>
<pin id="151" dir="0" index="1" bw="32" slack="2147483647"/>
<pin id="152" dir="0" index="2" bw="0" slack="2147483647"/>
<pin id="153" dir="1" index="3" bw="32" slack="1"/>
</pin_list>
<bind>
<opcode="load(27) " fcode="load"/>
<opset="tC_load/2 "/>
</bind>
</comp>

<comp id="155" class="1004" name="dim_cast18_cast_fu_155">
<pin_list>
<pin id="156" dir="0" index="0" bw="32" slack="0"/>
<pin id="157" dir="1" index="1" bw="37" slack="1"/>
</pin_list>
<bind>
<opcode="sext(35) " fcode="sext"/>
<opset="dim_cast18_cast/1 "/>
</bind>
</comp>

<comp id="159" class="1004" name="zext_ln23_1_cast_fu_159">
<pin_list>
<pin id="160" dir="0" index="0" bw="7" slack="0"/>
<pin id="161" dir="1" index="1" bw="40" slack="1"/>
</pin_list>
<bind>
<opcode="zext(34) " fcode="zext"/>
<opset="zext_ln23_1_cast/1 "/>
</bind>
</comp>

<comp id="163" class="1004" name="p_cast_fu_163">
<pin_list>
<pin id="164" dir="0" index="0" bw="39" slack="0"/>
<pin id="165" dir="1" index="1" bw="40" slack="1"/>
</pin_list>
<bind>
<opcode="sext(35) " fcode="sext"/>
<opset="p_cast/1 "/>
</bind>
</comp>

<comp id="167" class="1004" name="store_ln0_store_fu_167">
<pin_list>
<pin id="168" dir="0" index="0" bw="1" slack="0"/>
<pin id="169" dir="0" index="1" bw="9" slack="0"/>
<pin id="170" dir="1" index="2" bw="0" slack="2147483647"/>
</pin_list>
<bind>
<opcode="store(28) " fcode="store"/>
<opset="store_ln0/1 "/>
</bind>
</comp>

<comp id="172" class="1004" name="store_ln35_store_fu_172">
<pin_list>
<pin id="173" dir="0" index="0" bw="1" slack="0"/>
<pin id="174" dir="0" index="1" bw="5" slack="0"/>
<pin id="175" dir="1" index="2" bw="0" slack="2147483647"/>
</pin_list>
<bind>
<opcode="store(28) " fcode="store"/>
<opset="store_ln35/1 "/>
</bind>
</comp>

<comp id="177" class="1004" name="store_ln36_store_fu_177">
<pin_list>
<pin id="178" dir="0" index="0" bw="1" slack="0"/>
<pin id="179" dir="0" index="1" bw="5" slack="0"/>
<pin id="180" dir="1" index="2" bw="0" slack="2147483647"/>
</pin_list>
<bind>
<opcode="store(28) " fcode="store"/>
<opset="store_ln36/1 "/>
</bind>
</comp>

<comp id="182" class="1004" name="indvar_flatten27_load_load_fu_182">
<pin_list>
<pin id="183" dir="0" index="0" bw="9" slack="0"/>
<pin id="184" dir="1" index="1" bw="9" slack="0"/>
</pin_list>
<bind>
<opcode="load(27) " fcode="load"/>
<opset="indvar_flatten27_load/1 "/>
</bind>
</comp>

<comp id="185" class="1004" name="icmp_ln35_fu_185">
<pin_list>
<pin id="186" dir="0" index="0" bw="9" slack="0"/>
<pin id="187" dir="0" index="1" bw="9" slack="0"/>
<pin id="188" dir="1" index="2" bw="1" slack="7"/>
</pin_list>
<bind>
<opcode="icmp(45) " fcode="icmp"/>
<opset="icmp_ln35/1 "/>
</bind>
</comp>

<comp id="191" class="1004" name="add_ln35_1_fu_191">
<pin_list>
<pin id="192" dir="0" index="0" bw="9" slack="0"/>
<pin id="193" dir="0" index="1" bw="1" slack="0"/>
<pin id="194" dir="1" index="2" bw="9" slack="0"/>
</pin_list>
<bind>
<opcode="add(8) " fcode="add"/>
<opset="add_ln35_1/1 "/>
</bind>
</comp>

<comp id="197" class="1004" name="j_load_load_fu_197">
<pin_list>
<pin id="198" dir="0" index="0" bw="5" slack="0"/>
<pin id="199" dir="1" index="1" bw="5" slack="0"/>
</pin_list>
<bind>
<opcode="load(27) " fcode="load"/>
<opset="j_load/1 "/>
</bind>
</comp>

<comp id="200" class="1004" name="i_load_load_fu_200">
<pin_list>
<pin id="201" dir="0" index="0" bw="5" slack="0"/>
<pin id="202" dir="1" index="1" bw="5" slack="0"/>
</pin_list>
<bind>
<opcode="load(27) " fcode="load"/>
<opset="i_load/1 "/>
</bind>
</comp>

<comp id="203" class="1004" name="add_ln35_fu_203">
<pin_list>
<pin id="204" dir="0" index="0" bw="5" slack="0"/>
<pin id="205" dir="0" index="1" bw="1" slack="0"/>
<pin id="206" dir="1" index="2" bw="5" slack="0"/>
</pin_list>
<bind>
<opcode="add(8) " fcode="add"/>
<opset="add_ln35/1 "/>
</bind>
</comp>

<comp id="209" class="1004" name="icmp_ln36_fu_209">
<pin_list>
<pin id="210" dir="0" index="0" bw="5" slack="0"/>
<pin id="211" dir="0" index="1" bw="5" slack="0"/>
<pin id="212" dir="1" index="2" bw="1" slack="0"/>
</pin_list>
<bind>
<opcode="icmp(45) " fcode="icmp"/>
<opset="icmp_ln36/1 "/>
</bind>
</comp>

<comp id="215" class="1004" name="select_ln35_fu_215">
<pin_list>
<pin id="216" dir="0" index="0" bw="1" slack="0"/>
<pin id="217" dir="0" index="1" bw="1" slack="0"/>
<pin id="218" dir="0" index="2" bw="5" slack="0"/>
<pin id="219" dir="1" index="3" bw="5" slack="0"/>
</pin_list>
<bind>
<opcode="select(49) " fcode="select"/>
<opset="select_ln35/1 "/>
</bind>
</comp>

<comp id="223" class="1004" name="select_ln35_1_fu_223">
<pin_list>
<pin id="224" dir="0" index="0" bw="1" slack="0"/>
<pin id="225" dir="0" index="1" bw="5" slack="0"/>
<pin id="226" dir="0" index="2" bw="5" slack="0"/>
<pin id="227" dir="1" index="3" bw="5" slack="0"/>
</pin_list>
<bind>
<opcode="select(49) " fcode="select"/>
<opset="select_ln35_1/1 "/>
</bind>
</comp>

<comp id="231" class="1004" name="empty_24_fu_231">
<pin_list>
<pin id="232" dir="0" index="0" bw="5" slack="0"/>
<pin id="233" dir="1" index="1" bw="4" slack="0"/>
</pin_list>
<bind>
<opcode="trunc(33) " fcode="trunc"/>
<opset="empty_24/1 "/>
</bind>
</comp>

<comp id="235" class="1004" name="first_iter_4_fu_235">
<pin_list>
<pin id="236" dir="0" index="0" bw="5" slack="0"/>
<pin id="237" dir="0" index="1" bw="1" slack="0"/>
<pin id="238" dir="1" index="2" bw="1" slack="2"/>
</pin_list>
<bind>
<opcode="icmp(45) " fcode="icmp"/>
<opset="first_iter_4/1 "/>
</bind>
</comp>

<comp id="241" class="1004" name="tmp_9_fu_241">
<pin_list>
<pin id="242" dir="0" index="0" bw="8" slack="0"/>
<pin id="243" dir="0" index="1" bw="4" slack="0"/>
<pin id="244" dir="0" index="2" bw="1" slack="0"/>
<pin id="245" dir="1" index="3" bw="8" slack="0"/>
</pin_list>
<bind>
<opcode="bitconcatenate(1004) " fcode="bitconcatenate"/>
<opset="tmp_9/1 "/>
</bind>
</comp>

<comp id="249" class="1004" name="zext_ln37_fu_249">
<pin_list>
<pin id="250" dir="0" index="0" bw="5" slack="0"/>
<pin id="251" dir="1" index="1" bw="8" slack="0"/>
</pin_list>
<bind>
<opcode="zext(34) " fcode="zext"/>
<opset="zext_ln37/1 "/>
</bind>
</comp>

<comp id="253" class="1004" name="add_ln37_fu_253">
<pin_list>
<pin id="254" dir="0" index="0" bw="8" slack="0"/>
<pin id="255" dir="0" index="1" bw="5" slack="0"/>
<pin id="256" dir="1" index="2" bw="8" slack="1"/>
</pin_list>
<bind>
<opcode="add(8) " fcode="add"/>
<opset="add_ln37/1 "/>
</bind>
</comp>

<comp id="259" class="1004" name="add_ln36_fu_259">
<pin_list>
<pin id="260" dir="0" index="0" bw="5" slack="0"/>
<pin id="261" dir="0" index="1" bw="1" slack="0"/>
<pin id="262" dir="1" index="2" bw="5" slack="0"/>
</pin_list>
<bind>
<opcode="add(8) " fcode="add"/>
<opset="add_ln36/1 "/>
</bind>
</comp>

<comp id="265" class="1004" name="icmp_ln36_1_fu_265">
<pin_list>
<pin id="266" dir="0" index="0" bw="5" slack="0"/>
<pin id="267" dir="0" index="1" bw="5" slack="0"/>
<pin id="268" dir="1" index="2" bw="1" slack="4"/>
</pin_list>
<bind>
<opcode="icmp(45) " fcode="icmp"/>
<opset="icmp_ln36_1/1 "/>
</bind>
</comp>

<comp id="271" class="1004" name="store_ln35_store_fu_271">
<pin_list>
<pin id="272" dir="0" index="0" bw="9" slack="0"/>
<pin id="273" dir="0" index="1" bw="9" slack="0"/>
<pin id="274" dir="1" index="2" bw="0" slack="2147483647"/>
</pin_list>
<bind>
<opcode="store(28) " fcode="store"/>
<opset="store_ln35/1 "/>
</bind>
</comp>

<comp id="276" class="1004" name="store_ln35_store_fu_276">
<pin_list>
<pin id="277" dir="0" index="0" bw="5" slack="0"/>
<pin id="278" dir="0" index="1" bw="5" slack="0"/>
<pin id="279" dir="1" index="2" bw="0" slack="2147483647"/>
</pin_list>
<bind>
<opcode="store(28) " fcode="store"/>
<opset="store_ln35/1 "/>
</bind>
</comp>

<comp id="281" class="1004" name="store_ln36_store_fu_281">
<pin_list>
<pin id="282" dir="0" index="0" bw="5" slack="0"/>
<pin id="283" dir="0" index="1" bw="5" slack="0"/>
<pin id="284" dir="1" index="2" bw="0" slack="2147483647"/>
</pin_list>
<bind>
<opcode="store(28) " fcode="store"/>
<opset="store_ln36/1 "/>
</bind>
</comp>

<comp id="286" class="1004" name="zext_ln35_fu_286">
<pin_list>
<pin id="287" dir="0" index="0" bw="5" slack="1"/>
<pin id="288" dir="1" index="1" bw="37" slack="0"/>
</pin_list>
<bind>
<opcode="zext(34) " fcode="zext"/>
<opset="zext_ln35/2 "/>
</bind>
</comp>

<comp id="289" class="1004" name="empty_25_fu_289">
<pin_list>
<pin id="290" dir="0" index="0" bw="5" slack="0"/>
<pin id="291" dir="0" index="1" bw="32" slack="1"/>
<pin id="292" dir="1" index="2" bw="37" slack="0"/>
</pin_list>
<bind>
<opcode="mul(12) " fcode="mul"/>
<opset="empty_25/2 "/>
</bind>
</comp>

<comp id="294" class="1004" name="p_cast1_fu_294">
<pin_list>
<pin id="295" dir="0" index="0" bw="37" slack="0"/>
<pin id="296" dir="1" index="1" bw="40" slack="0"/>
</pin_list>
<bind>
<opcode="sext(35) " fcode="sext"/>
<opset="p_cast1/2 "/>
</bind>
</comp>

<comp id="298" class="1004" name="tmp17_fu_298">
<pin_list>
<pin id="299" dir="0" index="0" bw="39" slack="1"/>
<pin id="300" dir="0" index="1" bw="37" slack="0"/>
<pin id="301" dir="1" index="2" bw="40" slack="0"/>
</pin_list>
<bind>
<opcode="add(8) " fcode="add"/>
<opset="tmp17/2 "/>
</bind>
</comp>

<comp id="303" class="1004" name="empty_26_fu_303">
<pin_list>
<pin id="304" dir="0" index="0" bw="40" slack="0"/>
<pin id="305" dir="0" index="1" bw="7" slack="1"/>
<pin id="306" dir="1" index="2" bw="40" slack="0"/>
</pin_list>
<bind>
<opcode="add(8) " fcode="add"/>
<opset="empty_26/2 "/>
</bind>
</comp>

<comp id="308" class="1004" name="tmp_6_fu_308">
<pin_list>
<pin id="309" dir="0" index="0" bw="42" slack="0"/>
<pin id="310" dir="0" index="1" bw="40" slack="0"/>
<pin id="311" dir="0" index="2" bw="1" slack="0"/>
<pin id="312" dir="1" index="3" bw="42" slack="0"/>
</pin_list>
<bind>
<opcode="bitconcatenate(1004) " fcode="bitconcatenate"/>
<opset="tmp_6/2 "/>
</bind>
</comp>

<comp id="316" class="1004" name="tmp_6_cast_fu_316">
<pin_list>
<pin id="317" dir="0" index="0" bw="42" slack="0"/>
<pin id="318" dir="1" index="1" bw="64" slack="0"/>
</pin_list>
<bind>
<opcode="sext(35) " fcode="sext"/>
<opset="tmp_6_cast/2 "/>
</bind>
</comp>

<comp id="320" class="1004" name="empty_27_fu_320">
<pin_list>
<pin id="321" dir="0" index="0" bw="42" slack="0"/>
<pin id="322" dir="0" index="1" bw="64" slack="1"/>
<pin id="323" dir="1" index="2" bw="64" slack="0"/>
</pin_list>
<bind>
<opcode="add(8) " fcode="add"/>
<opset="empty_27/2 "/>
</bind>
</comp>

<comp id="325" class="1004" name="trunc_ln_fu_325">
<pin_list>
<pin id="326" dir="0" index="0" bw="62" slack="0"/>
<pin id="327" dir="0" index="1" bw="64" slack="0"/>
<pin id="328" dir="0" index="2" bw="3" slack="0"/>
<pin id="329" dir="0" index="3" bw="7" slack="0"/>
<pin id="330" dir="1" index="4" bw="62" slack="0"/>
</pin_list>
<bind>
<opcode="partselect(1002) " fcode="partselect"/>
<opset="trunc_ln/2 "/>
</bind>
</comp>

<comp id="335" class="1004" name="sext_ln36_fu_335">
<pin_list>
<pin id="336" dir="0" index="0" bw="62" slack="0"/>
<pin id="337" dir="1" index="1" bw="64" slack="0"/>
</pin_list>
<bind>
<opcode="sext(35) " fcode="sext"/>
<opset="sext_ln36/2 "/>
</bind>
</comp>

<comp id="339" class="1004" name="gmem_addr_fu_339">
<pin_list>
<pin id="340" dir="0" index="0" bw="32" slack="0"/>
<pin id="341" dir="0" index="1" bw="62" slack="0"/>
<pin id="342" dir="1" index="2" bw="32" slack="1"/>
</pin_list>
<bind>
<opcode="getelementptr(29) " fcode="getelementptr"/>
<opset="gmem_addr/2 "/>
</bind>
</comp>

<comp id="345" class="1004" name="zext_ln37_1_fu_345">
<pin_list>
<pin id="346" dir="0" index="0" bw="8" slack="1"/>
<pin id="347" dir="1" index="1" bw="64" slack="0"/>
</pin_list>
<bind>
<opcode="zext(34) " fcode="zext"/>
<opset="zext_ln37_1/2 "/>
</bind>
</comp>

<comp id="349" class="1005" name="j_reg_349">
<pin_list>
<pin id="350" dir="0" index="0" bw="5" slack="0"/>
<pin id="351" dir="1" index="1" bw="5" slack="0"/>
</pin_list>
<bind>
<opset="j "/>
</bind>
</comp>

<comp id="356" class="1005" name="i_reg_356">
<pin_list>
<pin id="357" dir="0" index="0" bw="5" slack="0"/>
<pin id="358" dir="1" index="1" bw="5" slack="0"/>
</pin_list>
<bind>
<opset="i "/>
</bind>
</comp>

<comp id="363" class="1005" name="indvar_flatten27_reg_363">
<pin_list>
<pin id="364" dir="0" index="0" bw="9" slack="0"/>
<pin id="365" dir="1" index="1" bw="9" slack="0"/>
</pin_list>
<bind>
<opset="indvar_flatten27 "/>
</bind>
</comp>

<comp id="370" class="1005" name="out_r_read_reg_370">
<pin_list>
<pin id="371" dir="0" index="0" bw="64" slack="1"/>
<pin id="372" dir="1" index="1" bw="64" slack="1"/>
</pin_list>
<bind>
<opset="out_r_read "/>
</bind>
</comp>

<comp id="375" class="1005" name="dim_cast18_cast_reg_375">
<pin_list>
<pin id="376" dir="0" index="0" bw="37" slack="1"/>
<pin id="377" dir="1" index="1" bw="37" slack="1"/>
</pin_list>
<bind>
<opset="dim_cast18_cast "/>
</bind>
</comp>

<comp id="380" class="1005" name="zext_ln23_1_cast_reg_380">
<pin_list>
<pin id="381" dir="0" index="0" bw="40" slack="1"/>
<pin id="382" dir="1" index="1" bw="40" slack="1"/>
</pin_list>
<bind>
<opset="zext_ln23_1_cast "/>
</bind>
</comp>

<comp id="385" class="1005" name="p_cast_reg_385">
<pin_list>
<pin id="386" dir="0" index="0" bw="40" slack="1"/>
<pin id="387" dir="1" index="1" bw="40" slack="1"/>
</pin_list>
<bind>
<opset="p_cast "/>
</bind>
</comp>

<comp id="390" class="1005" name="icmp_ln35_reg_390">
<pin_list>
<pin id="391" dir="0" index="0" bw="1" slack="7"/>
<pin id="392" dir="1" index="1" bw="1" slack="2147483647"/>
</pin_list>
<bind>
<opset="icmp_ln35 "/>
</bind>
</comp>

<comp id="394" class="1005" name="select_ln35_1_reg_394">
<pin_list>
<pin id="395" dir="0" index="0" bw="5" slack="1"/>
<pin id="396" dir="1" index="1" bw="5" slack="1"/>
</pin_list>
<bind>
<opset="select_ln35_1 "/>
</bind>
</comp>

<comp id="399" class="1005" name="first_iter_4_reg_399">
<pin_list>
<pin id="400" dir="0" index="0" bw="1" slack="2"/>
<pin id="401" dir="1" index="1" bw="1" slack="2147483647"/>
</pin_list>
<bind>
<opset="first_iter_4 "/>
</bind>
</comp>

<comp id="403" class="1005" name="add_ln37_reg_403">
<pin_list>
<pin id="404" dir="0" index="0" bw="8" slack="1"/>
<pin id="405" dir="1" index="1" bw="8" slack="1"/>
</pin_list>
<bind>
<opset="add_ln37 "/>
</bind>
</comp>

<comp id="408" class="1005" name="icmp_ln36_1_reg_408">
<pin_list>
<pin id="409" dir="0" index="0" bw="1" slack="4"/>
<pin id="410" dir="1" index="1" bw="1" slack="2147483647"/>
</pin_list>
<bind>
<opset="icmp_ln36_1 "/>
</bind>
</comp>

<comp id="412" class="1005" name="gmem_addr_reg_412">
<pin_list>
<pin id="413" dir="0" index="0" bw="32" slack="1"/>
<pin id="414" dir="1" index="1" bw="32" slack="1"/>
</pin_list>
<bind>
<opset="gmem_addr "/>
</bind>
</comp>

<comp id="418" class="1005" name="tC_addr_reg_418">
<pin_list>
<pin id="419" dir="0" index="0" bw="8" slack="1"/>
<pin id="420" dir="1" index="1" bw="8" slack="1"/>
</pin_list>
<bind>
<opset="tC_addr "/>
</bind>
</comp>

<comp id="423" class="1005" name="tC_load_reg_423">
<pin_list>
<pin id="424" dir="0" index="0" bw="32" slack="1"/>
<pin id="425" dir="1" index="1" bw="32" slack="1"/>
</pin_list>
<bind>
<opset="tC_load "/>
</bind>
</comp>

</comp_list>

<net_list>
<net id="93"><net_src comp="12" pin="0"/><net_sink comp="90" pin=0"/></net>

<net id="97"><net_src comp="12" pin="0"/><net_sink comp="94" pin=0"/></net>

<net id="101"><net_src comp="12" pin="0"/><net_sink comp="98" pin=0"/></net>

<net id="106"><net_src comp="14" pin="0"/><net_sink comp="102" pin=0"/></net>

<net id="107"><net_src comp="10" pin="0"/><net_sink comp="102" pin=1"/></net>

<net id="112"><net_src comp="16" pin="0"/><net_sink comp="108" pin=0"/></net>

<net id="113"><net_src comp="8" pin="0"/><net_sink comp="108" pin=1"/></net>

<net id="118"><net_src comp="18" pin="0"/><net_sink comp="114" pin=0"/></net>

<net id="119"><net_src comp="6" pin="0"/><net_sink comp="114" pin=1"/></net>

<net id="124"><net_src comp="20" pin="0"/><net_sink comp="120" pin=0"/></net>

<net id="125"><net_src comp="4" pin="0"/><net_sink comp="120" pin=1"/></net>

<net id="131"><net_src comp="78" pin="0"/><net_sink comp="126" pin=0"/></net>

<net id="132"><net_src comp="80" pin="0"/><net_sink comp="126" pin=2"/></net>

<net id="139"><net_src comp="84" pin="0"/><net_sink comp="133" pin=0"/></net>

<net id="140"><net_src comp="86" pin="0"/><net_sink comp="133" pin=3"/></net>

<net id="141"><net_src comp="88" pin="0"/><net_sink comp="126" pin=0"/></net>

<net id="147"><net_src comp="2" pin="0"/><net_sink comp="142" pin=0"/></net>

<net id="148"><net_src comp="76" pin="0"/><net_sink comp="142" pin=1"/></net>

<net id="154"><net_src comp="142" pin="3"/><net_sink comp="149" pin=0"/></net>

<net id="158"><net_src comp="120" pin="2"/><net_sink comp="155" pin=0"/></net>

<net id="162"><net_src comp="108" pin="2"/><net_sink comp="159" pin=0"/></net>

<net id="166"><net_src comp="114" pin="2"/><net_sink comp="163" pin=0"/></net>

<net id="171"><net_src comp="40" pin="0"/><net_sink comp="167" pin=0"/></net>

<net id="176"><net_src comp="42" pin="0"/><net_sink comp="172" pin=0"/></net>

<net id="181"><net_src comp="42" pin="0"/><net_sink comp="177" pin=0"/></net>

<net id="189"><net_src comp="182" pin="1"/><net_sink comp="185" pin=0"/></net>

<net id="190"><net_src comp="46" pin="0"/><net_sink comp="185" pin=1"/></net>

<net id="195"><net_src comp="182" pin="1"/><net_sink comp="191" pin=0"/></net>

<net id="196"><net_src comp="48" pin="0"/><net_sink comp="191" pin=1"/></net>

<net id="207"><net_src comp="200" pin="1"/><net_sink comp="203" pin=0"/></net>

<net id="208"><net_src comp="50" pin="0"/><net_sink comp="203" pin=1"/></net>

<net id="213"><net_src comp="197" pin="1"/><net_sink comp="209" pin=0"/></net>

<net id="214"><net_src comp="52" pin="0"/><net_sink comp="209" pin=1"/></net>

<net id="220"><net_src comp="209" pin="2"/><net_sink comp="215" pin=0"/></net>

<net id="221"><net_src comp="42" pin="0"/><net_sink comp="215" pin=1"/></net>

<net id="222"><net_src comp="197" pin="1"/><net_sink comp="215" pin=2"/></net>

<net id="228"><net_src comp="209" pin="2"/><net_sink comp="223" pin=0"/></net>

<net id="229"><net_src comp="203" pin="2"/><net_sink comp="223" pin=1"/></net>

<net id="230"><net_src comp="200" pin="1"/><net_sink comp="223" pin=2"/></net>

<net id="234"><net_src comp="223" pin="3"/><net_sink comp="231" pin=0"/></net>

<net id="239"><net_src comp="215" pin="3"/><net_sink comp="235" pin=0"/></net>

<net id="240"><net_src comp="42" pin="0"/><net_sink comp="235" pin=1"/></net>

<net id="246"><net_src comp="54" pin="0"/><net_sink comp="241" pin=0"/></net>

<net id="247"><net_src comp="231" pin="1"/><net_sink comp="241" pin=1"/></net>

<net id="248"><net_src comp="56" pin="0"/><net_sink comp="241" pin=2"/></net>

<net id="252"><net_src comp="215" pin="3"/><net_sink comp="249" pin=0"/></net>

<net id="257"><net_src comp="241" pin="3"/><net_sink comp="253" pin=0"/></net>

<net id="258"><net_src comp="249" pin="1"/><net_sink comp="253" pin=1"/></net>

<net id="263"><net_src comp="215" pin="3"/><net_sink comp="259" pin=0"/></net>

<net id="264"><net_src comp="50" pin="0"/><net_sink comp="259" pin=1"/></net>

<net id="269"><net_src comp="259" pin="2"/><net_sink comp="265" pin=0"/></net>

<net id="270"><net_src comp="52" pin="0"/><net_sink comp="265" pin=1"/></net>

<net id="275"><net_src comp="191" pin="2"/><net_sink comp="271" pin=0"/></net>

<net id="280"><net_src comp="223" pin="3"/><net_sink comp="276" pin=0"/></net>

<net id="285"><net_src comp="259" pin="2"/><net_sink comp="281" pin=0"/></net>

<net id="293"><net_src comp="286" pin="1"/><net_sink comp="289" pin=0"/></net>

<net id="297"><net_src comp="289" pin="2"/><net_sink comp="294" pin=0"/></net>

<net id="302"><net_src comp="294" pin="1"/><net_sink comp="298" pin=1"/></net>

<net id="307"><net_src comp="298" pin="2"/><net_sink comp="303" pin=0"/></net>

<net id="313"><net_src comp="66" pin="0"/><net_sink comp="308" pin=0"/></net>

<net id="314"><net_src comp="303" pin="2"/><net_sink comp="308" pin=1"/></net>

<net id="315"><net_src comp="68" pin="0"/><net_sink comp="308" pin=2"/></net>

<net id="319"><net_src comp="308" pin="3"/><net_sink comp="316" pin=0"/></net>

<net id="324"><net_src comp="316" pin="1"/><net_sink comp="320" pin=0"/></net>

<net id="331"><net_src comp="70" pin="0"/><net_sink comp="325" pin=0"/></net>

<net id="332"><net_src comp="320" pin="2"/><net_sink comp="325" pin=1"/></net>

<net id="333"><net_src comp="72" pin="0"/><net_sink comp="325" pin=2"/></net>

<net id="334"><net_src comp="74" pin="0"/><net_sink comp="325" pin=3"/></net>

<net id="338"><net_src comp="325" pin="4"/><net_sink comp="335" pin=0"/></net>

<net id="343"><net_src comp="0" pin="0"/><net_sink comp="339" pin=0"/></net>

<net id="344"><net_src comp="335" pin="1"/><net_sink comp="339" pin=1"/></net>

<net id="348"><net_src comp="345" pin="1"/><net_sink comp="142" pin=2"/></net>

<net id="352"><net_src comp="90" pin="1"/><net_sink comp="349" pin=0"/></net>

<net id="353"><net_src comp="349" pin="1"/><net_sink comp="177" pin=1"/></net>

<net id="354"><net_src comp="349" pin="1"/><net_sink comp="197" pin=0"/></net>

<net id="355"><net_src comp="349" pin="1"/><net_sink comp="281" pin=1"/></net>

<net id="359"><net_src comp="94" pin="1"/><net_sink comp="356" pin=0"/></net>

<net id="360"><net_src comp="356" pin="1"/><net_sink comp="172" pin=1"/></net>

<net id="361"><net_src comp="356" pin="1"/><net_sink comp="200" pin=0"/></net>

<net id="362"><net_src comp="356" pin="1"/><net_sink comp="276" pin=1"/></net>

<net id="366"><net_src comp="98" pin="1"/><net_sink comp="363" pin=0"/></net>

<net id="367"><net_src comp="363" pin="1"/><net_sink comp="167" pin=1"/></net>

<net id="368"><net_src comp="363" pin="1"/><net_sink comp="182" pin=0"/></net>

<net id="369"><net_src comp="363" pin="1"/><net_sink comp="271" pin=1"/></net>

<net id="373"><net_src comp="102" pin="2"/><net_sink comp="370" pin=0"/></net>

<net id="374"><net_src comp="370" pin="1"/><net_sink comp="320" pin=1"/></net>

<net id="378"><net_src comp="155" pin="1"/><net_sink comp="375" pin=0"/></net>

<net id="379"><net_src comp="375" pin="1"/><net_sink comp="289" pin=1"/></net>

<net id="383"><net_src comp="159" pin="1"/><net_sink comp="380" pin=0"/></net>

<net id="384"><net_src comp="380" pin="1"/><net_sink comp="303" pin=1"/></net>

<net id="388"><net_src comp="163" pin="1"/><net_sink comp="385" pin=0"/></net>

<net id="389"><net_src comp="385" pin="1"/><net_sink comp="298" pin=0"/></net>

<net id="393"><net_src comp="185" pin="2"/><net_sink comp="390" pin=0"/></net>

<net id="397"><net_src comp="223" pin="3"/><net_sink comp="394" pin=0"/></net>

<net id="398"><net_src comp="394" pin="1"/><net_sink comp="286" pin=0"/></net>

<net id="402"><net_src comp="235" pin="2"/><net_sink comp="399" pin=0"/></net>

<net id="406"><net_src comp="253" pin="2"/><net_sink comp="403" pin=0"/></net>

<net id="407"><net_src comp="403" pin="1"/><net_sink comp="345" pin=0"/></net>

<net id="411"><net_src comp="265" pin="2"/><net_sink comp="408" pin=0"/></net>

<net id="415"><net_src comp="339" pin="2"/><net_sink comp="412" pin=0"/></net>

<net id="416"><net_src comp="412" pin="1"/><net_sink comp="126" pin=1"/></net>

<net id="417"><net_src comp="412" pin="1"/><net_sink comp="133" pin=1"/></net>

<net id="421"><net_src comp="142" pin="3"/><net_sink comp="418" pin=0"/></net>

<net id="422"><net_src comp="418" pin="1"/><net_sink comp="149" pin=0"/></net>

<net id="426"><net_src comp="149" pin="3"/><net_sink comp="423" pin=0"/></net>

<net id="427"><net_src comp="423" pin="1"/><net_sink comp="133" pin=2"/></net>

</net_list>

</model> 
---------------- Datapath Model END ------------------

* FSMD analyzer results:
  - Output states:
	Port: gmem | {3 4 5 6 7 8 9 }
 - Input state : 
	Port: mmult_hw_Pipeline_store_i_store_j : tC | {2 3 }
	Port: mmult_hw_Pipeline_store_i_store_j : dim_cast18 | {1 }
	Port: mmult_hw_Pipeline_store_i_store_j : empty | {1 }
	Port: mmult_hw_Pipeline_store_i_store_j : zext_ln23_1 | {1 }
	Port: mmult_hw_Pipeline_store_i_store_j : out_r | {1 }
  - Chain level:
	State 1
		store_ln0 : 1
		store_ln35 : 1
		store_ln36 : 1
		indvar_flatten27_load : 1
		icmp_ln35 : 2
		add_ln35_1 : 2
		br_ln35 : 3
		j_load : 1
		i_load : 1
		add_ln35 : 2
		icmp_ln36 : 2
		select_ln35 : 3
		select_ln35_1 : 3
		empty_24 : 4
		first_iter_4 : 4
		br_ln36 : 5
		tmp_9 : 5
		zext_ln37 : 4
		add_ln37 : 6
		add_ln36 : 4
		icmp_ln36_1 : 5
		br_ln36 : 6
		store_ln35 : 3
		store_ln35 : 4
		store_ln36 : 5
	State 2
		empty_25 : 1
		p_cast1 : 2
		tmp17 : 3
		empty_26 : 4
		tmp_6 : 5
		tmp_6_cast : 6
		empty_27 : 7
		trunc_ln : 8
		sext_ln36 : 9
		gmem_addr : 10
		tC_addr : 1
		tC_load : 2
	State 3
	State 4
	State 5
	State 6
	State 7
	State 8
	State 9


============================================================
+ Verbose Summary: Datapath Resource usage 
============================================================

* Functional unit list:
|----------|------------------------------|---------|---------|---------|
| Operation|        Functional Unit       |   DSP   |    FF   |   LUT   |
|----------|------------------------------|---------|---------|---------|
|          |       add_ln35_1_fu_191      |    0    |    0    |    16   |
|          |        add_ln35_fu_203       |    0    |    0    |    12   |
|          |        add_ln37_fu_253       |    0    |    0    |    15   |
|    add   |        add_ln36_fu_259       |    0    |    0    |    12   |
|          |         tmp17_fu_298         |    0    |    0    |    39   |
|          |        empty_26_fu_303       |    0    |    0    |    40   |
|          |        empty_27_fu_320       |    0    |    0    |    71   |
|----------|------------------------------|---------|---------|---------|
|          |       icmp_ln35_fu_185       |    0    |    0    |    16   |
|   icmp   |       icmp_ln36_fu_209       |    0    |    0    |    12   |
|          |      first_iter_4_fu_235     |    0    |    0    |    12   |
|          |      icmp_ln36_1_fu_265      |    0    |    0    |    12   |
|----------|------------------------------|---------|---------|---------|
|    mul   |        empty_25_fu_289       |    2    |    0    |    20   |
|----------|------------------------------|---------|---------|---------|
|  select  |      select_ln35_fu_215      |    0    |    0    |    5    |
|          |     select_ln35_1_fu_223     |    0    |    0    |    5    |
|----------|------------------------------|---------|---------|---------|
|          |    out_r_read_read_fu_102    |    0    |    0    |    0    |
|   read   | zext_ln23_1_read_read_fu_108 |    0    |    0    |    0    |
|          |        tmp_read_fu_114       |    0    |    0    |    0    |
|          |  dim_cast18_read_read_fu_120 |    0    |    0    |    0    |
|----------|------------------------------|---------|---------|---------|
| writeresp|     grp_writeresp_fu_126     |    0    |    0    |    0    |
|----------|------------------------------|---------|---------|---------|
|   write  |    write_ln37_write_fu_133   |    0    |    0    |    0    |
|----------|------------------------------|---------|---------|---------|
|          |    dim_cast18_cast_fu_155    |    0    |    0    |    0    |
|          |         p_cast_fu_163        |    0    |    0    |    0    |
|   sext   |        p_cast1_fu_294        |    0    |    0    |    0    |
|          |       tmp_6_cast_fu_316      |    0    |    0    |    0    |
|          |       sext_ln36_fu_335       |    0    |    0    |    0    |
|----------|------------------------------|---------|---------|---------|
|          |    zext_ln23_1_cast_fu_159   |    0    |    0    |    0    |
|   zext   |       zext_ln37_fu_249       |    0    |    0    |    0    |
|          |       zext_ln35_fu_286       |    0    |    0    |    0    |
|          |      zext_ln37_1_fu_345      |    0    |    0    |    0    |
|----------|------------------------------|---------|---------|---------|
|   trunc  |        empty_24_fu_231       |    0    |    0    |    0    |
|----------|------------------------------|---------|---------|---------|
|bitconcatenate|         tmp_9_fu_241         |    0    |    0    |    0    |
|          |         tmp_6_fu_308         |    0    |    0    |    0    |
|----------|------------------------------|---------|---------|---------|
|partselect|        trunc_ln_fu_325       |    0    |    0    |    0    |
|----------|------------------------------|---------|---------|---------|
|   Total  |                              |    2    |    0    |   287   |
|----------|------------------------------|---------|---------|---------|

Memories:
N/A

* Register list:
+------------------------+--------+
|                        |   FF   |
+------------------------+--------+
|    add_ln37_reg_403    |    8   |
| dim_cast18_cast_reg_375|   37   |
|  first_iter_4_reg_399  |    1   |
|    gmem_addr_reg_412   |   32   |
|        i_reg_356       |    5   |
|    icmp_ln35_reg_390   |    1   |
|   icmp_ln36_1_reg_408  |    1   |
|indvar_flatten27_reg_363|    9   |
|        j_reg_349       |    5   |
|   out_r_read_reg_370   |   64   |
|     p_cast_reg_385     |   40   |
|  select_ln35_1_reg_394 |    5   |
|     tC_addr_reg_418    |    8   |
|     tC_load_reg_423    |   32   |
|zext_ln23_1_cast_reg_380|   40   |
+------------------------+--------+
|          Total         |   288  |
+------------------------+--------+

* Multiplexer (MUX) list: 
|----------------------|------|------|------|--------||---------||---------||---------|
|         Comp         |  Pin | Size |  BW  | S x BW ||  Delay  ||    FF   ||   LUT   |
|----------------------|------|------|------|--------||---------||---------||---------|
| grp_writeresp_fu_126 |  p0  |   2  |   1  |    2   |
|   grp_access_fu_149  |  p0  |   2  |   8  |   16   ||    0    ||    9    |
|----------------------|------|------|------|--------||---------||---------||---------|
|         Total        |      |      |      |   18   ||  0.978  ||    0    ||    9    |
|----------------------|------|------|------|--------||---------||---------||---------|



* Summary:
+-----------+--------+--------+--------+--------+
|           |   DSP  |  Delay |   FF   |   LUT  |
+-----------+--------+--------+--------+--------+
|  Function |    2   |    -   |    0   |   287  |
|   Memory  |    -   |    -   |    -   |    -   |
|Multiplexer|    -   |    0   |    0   |    9   |
|  Register |    -   |    -   |   288  |    -   |
+-----------+--------+--------+--------+--------+
|   Total   |    2   |    0   |   288  |   296  |
+-----------+--------+--------+--------+--------+
