

================================================================
== Vitis HLS Report for 'mmult_hw'
================================================================
* Date:           Sun Feb 22 22:49:47 2026

* Version:        2024.1 (Build 5069499 on May 21 2024)
* Project:        matmul_D11_Tiled
* Solution:       hls (Vivado IP Flow Target)
* Product family: zynquplus
* Target device:  xczu3eg-sbva484-1-e


================================================================
== Performance Estimates
================================================================
+ Timing: 
    * Summary: 
    +--------+----------+----------+------------+
    |  Clock |  Target  | Estimated| Uncertainty|
    +--------+----------+----------+------------+
    |ap_clk  |  10.00 ns|  7.300 ns|     2.70 ns|
    +--------+----------+----------+------------+

+ Latency: 
    * Summary: 
    +---------+---------+----------+----------+--------+--------+---------+
    |  Latency (cycles) |  Latency (absolute) |     Interval    | Pipeline|
    |   min   |   max   |    min   |    max   |   min  |   max  |   Type  |
    +---------+---------+----------+----------+--------+--------+---------+
    |   443857|   443857|  4.439 ms|  4.439 ms|  443858|  443858|       no|
    +---------+---------+----------+----------+--------+--------+---------+

    + Detail: 
        * Instance: 
        N/A

        * Loop: 
        +-------------+---------+---------+----------+-----------+-----------+------+----------+
        |             |  Latency (cycles) | Iteration|  Initiation Interval  | Trip |          |
        |  Loop Name  |   min   |   max   |  Latency |  achieved |   target  | Count| Pipelined|
        +-------------+---------+---------+----------+-----------+-----------+------+----------+
        |- tile_i     |   443856|   443856|     55482|          -|          -|     8|        no|
        | + tile_j    |    55480|    55480|      6935|          -|          -|     8|        no|
        |  ++ tile_k  |     6408|     6408|       801|          -|          -|     8|        no|
        +-------------+---------+---------+----------+-----------+-----------+------+----------+

============================================================
+ Verbose Summary: Synthesis Manager
============================================================
InlineROM: 1
ExposeGlobal: 0
============================================================
+ Verbose Summary: CDFG Model
============================================================
IsTopModel: 1
ResetActiveHigh: 1
IsCombinational: 0
IsDatapathOnly: 0
HasWiredReturn: 1
HasMFsm: 0
HasVarLatency: 1
IsPipeline: 0
IsRtlPipelined: 0
IsInstanceOverlapped: 0
IsDontTouch: 0
HasImplIP: 0
IsGatedGlobalClock: 0


============================================================
+ Verbose Summary: Schedule
============================================================
* Number of FSM states : 11
* Pipeline : 0
* Dataflow Pipeline: 0

* FSM state transitions: 
1 --> 2 
2 --> 3 
3 --> 4 2 
4 --> 5 
5 --> 6 11 
6 --> 7 
7 --> 8 
8 --> 9 
9 --> 10 
10 --> 5 
11 --> 3 

* FSM state operations: 

State 1 <SV = 0> <Delay = 1.00>
ST_1 : Operation 12 [1/1] (0.00ns)   --->   "%ti = alloca i32 1" [mmult_baseline.cpp:17]   --->   Operation 12 'alloca' 'ti' <Predicate = true> <Delay = 0.00>
ST_1 : Operation 13 [1/1] (0.00ns)   --->   "%spectopmodule_ln7 = spectopmodule void @_ssdm_op_SpecTopModule, void @empty_12" [mmult_baseline.cpp:7]   --->   Operation 13 'spectopmodule' 'spectopmodule_ln7' <Predicate = true> <Delay = 0.00>
ST_1 : Operation 14 [1/1] (0.00ns)   --->   "%specinterface_ln0 = specinterface void @_ssdm_op_SpecInterface, i32 %gmem, void @empty, i32 0, i32 0, void @empty_0, i32 0, i32 16384, void @empty_1, void @empty_2, void @empty_0, i32 16, i32 16, i32 16, i32 16, void @empty_0, void @empty_0, i32 4294967295, i32 0, i32 0"   --->   Operation 14 'specinterface' 'specinterface_ln0' <Predicate = true> <Delay = 0.00>
ST_1 : Operation 15 [1/1] (0.00ns)   --->   "%specbitsmap_ln0 = specbitsmap void @_ssdm_op_SpecBitsMap, i32 %gmem"   --->   Operation 15 'specbitsmap' 'specbitsmap_ln0' <Predicate = true> <Delay = 0.00>
ST_1 : Operation 16 [1/1] (0.00ns)   --->   "%specinterface_ln0 = specinterface void @_ssdm_op_SpecInterface, i64 %in1, void @empty_3, i32 0, i32 0, void @empty_0, i32 0, i32 0, void @empty_4, void @empty_5, void @empty_0, i32 0, i32 0, i32 0, i32 0, void @empty_0, void @empty_6, i32 4294967295, i32 0, i32 0"   --->   Operation 16 'specinterface' 'specinterface_ln0' <Predicate = true> <Delay = 0.00>
ST_1 : Operation 17 [1/1] (0.00ns)   --->   "%specinterface_ln0 = specinterface void @_ssdm_op_SpecInterface, i64 %in1, void @empty_7, i32 0, i32 0, void @empty_0, i32 0, i32 0, void @empty_0, void @empty_0, void @empty_0, i32 0, i32 0, i32 0, i32 0, void @empty_0, void @empty_6, i32 4294967295, i32 0, i32 0"   --->   Operation 17 'specinterface' 'specinterface_ln0' <Predicate = true> <Delay = 0.00>
ST_1 : Operation 18 [1/1] (0.00ns)   --->   "%specinterface_ln0 = specinterface void @_ssdm_op_SpecInterface, i64 %in2, void @empty_3, i32 0, i32 0, void @empty_0, i32 0, i32 0, void @empty_4, void @empty_8, void @empty_0, i32 0, i32 0, i32 0, i32 0, void @empty_0, void @empty_6, i32 4294967295, i32 0, i32 0"   --->   Operation 18 'specinterface' 'specinterface_ln0' <Predicate = true> <Delay = 0.00>
ST_1 : Operation 19 [1/1] (0.00ns)   --->   "%specinterface_ln0 = specinterface void @_ssdm_op_SpecInterface, i64 %in2, void @empty_7, i32 0, i32 0, void @empty_0, i32 0, i32 0, void @empty_0, void @empty_0, void @empty_0, i32 0, i32 0, i32 0, i32 0, void @empty_0, void @empty_6, i32 4294967295, i32 0, i32 0"   --->   Operation 19 'specinterface' 'specinterface_ln0' <Predicate = true> <Delay = 0.00>
ST_1 : Operation 20 [1/1] (0.00ns)   --->   "%specinterface_ln0 = specinterface void @_ssdm_op_SpecInterface, i64 %out_r, void @empty_3, i32 0, i32 0, void @empty_0, i32 0, i32 0, void @empty_4, void @empty_9, void @empty_0, i32 0, i32 0, i32 0, i32 0, void @empty_0, void @empty_6, i32 4294967295, i32 0, i32 0"   --->   Operation 20 'specinterface' 'specinterface_ln0' <Predicate = true> <Delay = 0.00>
ST_1 : Operation 21 [1/1] (0.00ns)   --->   "%specinterface_ln0 = specinterface void @_ssdm_op_SpecInterface, i64 %out_r, void @empty_7, i32 0, i32 0, void @empty_0, i32 0, i32 0, void @empty_0, void @empty_0, void @empty_0, i32 0, i32 0, i32 0, i32 0, void @empty_0, void @empty_6, i32 4294967295, i32 0, i32 0"   --->   Operation 21 'specinterface' 'specinterface_ln0' <Predicate = true> <Delay = 0.00>
ST_1 : Operation 22 [1/1] (0.00ns)   --->   "%specbitsmap_ln0 = specbitsmap void @_ssdm_op_SpecBitsMap, i32 %dim"   --->   Operation 22 'specbitsmap' 'specbitsmap_ln0' <Predicate = true> <Delay = 0.00>
ST_1 : Operation 23 [1/1] (0.00ns)   --->   "%specinterface_ln0 = specinterface void @_ssdm_op_SpecInterface, i32 %dim, void @empty_3, i32 4294967295, i32 4294967295, void @empty_10, i32 0, i32 0, void @empty_4, void @empty_11, void @empty_0, i32 0, i32 0, i32 0, i32 0, void @empty_0, void @empty_0, i32 4294967295, i32 0, i32 0"   --->   Operation 23 'specinterface' 'specinterface_ln0' <Predicate = true> <Delay = 0.00>
ST_1 : Operation 24 [1/1] (0.00ns)   --->   "%specinterface_ln0 = specinterface void @_ssdm_op_SpecInterface, i32 %dim, void @empty_7, i32 4294967295, i32 4294967295, void @empty_0, i32 0, i32 0, void @empty_0, void @empty_0, void @empty_0, i32 0, i32 0, i32 0, i32 0, void @empty_0, void @empty_0, i32 4294967295, i32 0, i32 0"   --->   Operation 24 'specinterface' 'specinterface_ln0' <Predicate = true> <Delay = 0.00>
ST_1 : Operation 25 [1/1] (0.00ns)   --->   "%specinterface_ln0 = specinterface void @_ssdm_op_SpecInterface, i32 0, void @empty_3, i32 0, i32 0, void @empty_0, i32 0, i32 0, void @empty_4, void @empty_0, void @empty_0, i32 0, i32 0, i32 0, i32 0, void @empty_0, void @empty_0, i32 4294967295, i32 0, i32 0"   --->   Operation 25 'specinterface' 'specinterface_ln0' <Predicate = true> <Delay = 0.00>
ST_1 : Operation 26 [1/1] (1.00ns)   --->   "%dim_read = read i32 @_ssdm_op_Read.s_axilite.i32, i32 %dim"   --->   Operation 26 'read' 'dim_read' <Predicate = true> <Delay = 1.00> <CoreInst = "s_axilite">   --->   Core 120 's_axilite' <Latency = 0> <II = 1> <Delay = 1.00> <Adapter> <Opcode : 'read' 'write'>
ST_1 : Operation 27 [1/1] (1.00ns)   --->   "%out_r_read = read i64 @_ssdm_op_Read.s_axilite.i64, i64 %out_r"   --->   Operation 27 'read' 'out_r_read' <Predicate = true> <Delay = 1.00> <CoreInst = "s_axilite">   --->   Core 120 's_axilite' <Latency = 0> <II = 1> <Delay = 1.00> <Adapter> <Opcode : 'read' 'write'>
ST_1 : Operation 28 [1/1] (1.00ns)   --->   "%in2_read = read i64 @_ssdm_op_Read.s_axilite.i64, i64 %in2"   --->   Operation 28 'read' 'in2_read' <Predicate = true> <Delay = 1.00> <CoreInst = "s_axilite">   --->   Core 120 's_axilite' <Latency = 0> <II = 1> <Delay = 1.00> <Adapter> <Opcode : 'read' 'write'>
ST_1 : Operation 29 [1/1] (1.00ns)   --->   "%in1_read = read i64 @_ssdm_op_Read.s_axilite.i64, i64 %in1"   --->   Operation 29 'read' 'in1_read' <Predicate = true> <Delay = 1.00> <CoreInst = "s_axilite">   --->   Core 120 's_axilite' <Latency = 0> <II = 1> <Delay = 1.00> <Adapter> <Opcode : 'read' 'write'>
ST_1 : Operation 30 [1/1] (0.00ns)   --->   "%tA = alloca i64 1" [mmult_baseline.cpp:15]   --->   Operation 30 'alloca' 'tA' <Predicate = true> <Delay = 0.00>
ST_1 : Operation 31 [1/1] (0.00ns)   --->   "%tA_1 = alloca i64 1" [mmult_baseline.cpp:15]   --->   Operation 31 'alloca' 'tA_1' <Predicate = true> <Delay = 0.00>
ST_1 : Operation 32 [1/1] (0.00ns)   --->   "%tA_2 = alloca i64 1" [mmult_baseline.cpp:15]   --->   Operation 32 'alloca' 'tA_2' <Predicate = true> <Delay = 0.00>
ST_1 : Operation 33 [1/1] (0.00ns)   --->   "%tA_3 = alloca i64 1" [mmult_baseline.cpp:15]   --->   Operation 33 'alloca' 'tA_3' <Predicate = true> <Delay = 0.00>
ST_1 : Operation 34 [1/1] (0.00ns)   --->   "%tA_4 = alloca i64 1" [mmult_baseline.cpp:15]   --->   Operation 34 'alloca' 'tA_4' <Predicate = true> <Delay = 0.00>
ST_1 : Operation 35 [1/1] (0.00ns)   --->   "%tA_5 = alloca i64 1" [mmult_baseline.cpp:15]   --->   Operation 35 'alloca' 'tA_5' <Predicate = true> <Delay = 0.00>
ST_1 : Operation 36 [1/1] (0.00ns)   --->   "%tA_6 = alloca i64 1" [mmult_baseline.cpp:15]   --->   Operation 36 'alloca' 'tA_6' <Predicate = true> <Delay = 0.00>
ST_1 : Operation 37 [1/1] (0.00ns)   --->   "%tA_7 = alloca i64 1" [mmult_baseline.cpp:15]   --->   Operation 37 'alloca' 'tA_7' <Predicate = true> <Delay = 0.00>
ST_1 : Operation 38 [1/1] (0.00ns)   --->   "%tA_8 = alloca i64 1" [mmult_baseline.cpp:15]   --->   Operation 38 'alloca' 'tA_8' <Predicate = true> <Delay = 0.00>
ST_1 : Operation 39 [1/1] (0.00ns)   --->   "%tA_9 = alloca i64 1" [mmult_baseline.cpp:15]   --->   Operation 39 'alloca' 'tA_9' <Predicate = true> <Delay = 0.00>
ST_1 : Operation 40 [1/1] (0.00ns)   --->   "%tA_10 = alloca i64 1" [mmult_baseline.cpp:15]   --->   Operation 40 'alloca' 'tA_10' <Predicate = true> <Delay = 0.00>
ST_1 : Operation 41 [1/1] (0.00ns)   --->   "%tA_11 = alloca i64 1" [mmult_baseline.cpp:15]   --->   Operation 41 'alloca' 'tA_11' <Predicate = true> <Delay = 0.00>
ST_1 : Operation 42 [1/1] (0.00ns)   --->   "%tA_12 = alloca i64 1" [mmult_baseline.cpp:15]   --->   Operation 42 'alloca' 'tA_12' <Predicate = true> <Delay = 0.00>
ST_1 : Operation 43 [1/1] (0.00ns)   --->   "%tA_13 = alloca i64 1" [mmult_baseline.cpp:15]   --->   Operation 43 'alloca' 'tA_13' <Predicate = true> <Delay = 0.00>
ST_1 : Operation 44 [1/1] (0.00ns)   --->   "%tA_14 = alloca i64 1" [mmult_baseline.cpp:15]   --->   Operation 44 'alloca' 'tA_14' <Predicate = true> <Delay = 0.00>
ST_1 : Operation 45 [1/1] (0.00ns)   --->   "%tA_15 = alloca i64 1" [mmult_baseline.cpp:15]   --->   Operation 45 'alloca' 'tA_15' <Predicate = true> <Delay = 0.00>
ST_1 : Operation 46 [1/1] (0.00ns)   --->   "%tB = alloca i64 1" [mmult_baseline.cpp:15]   --->   Operation 46 'alloca' 'tB' <Predicate = true> <Delay = 0.00>
ST_1 : Operation 47 [1/1] (0.00ns)   --->   "%tB_1 = alloca i64 1" [mmult_baseline.cpp:15]   --->   Operation 47 'alloca' 'tB_1' <Predicate = true> <Delay = 0.00>
ST_1 : Operation 48 [1/1] (0.00ns)   --->   "%tB_2 = alloca i64 1" [mmult_baseline.cpp:15]   --->   Operation 48 'alloca' 'tB_2' <Predicate = true> <Delay = 0.00>
ST_1 : Operation 49 [1/1] (0.00ns)   --->   "%tB_3 = alloca i64 1" [mmult_baseline.cpp:15]   --->   Operation 49 'alloca' 'tB_3' <Predicate = true> <Delay = 0.00>
ST_1 : Operation 50 [1/1] (0.00ns)   --->   "%tB_4 = alloca i64 1" [mmult_baseline.cpp:15]   --->   Operation 50 'alloca' 'tB_4' <Predicate = true> <Delay = 0.00>
ST_1 : Operation 51 [1/1] (0.00ns)   --->   "%tB_5 = alloca i64 1" [mmult_baseline.cpp:15]   --->   Operation 51 'alloca' 'tB_5' <Predicate = true> <Delay = 0.00>
ST_1 : Operation 52 [1/1] (0.00ns)   --->   "%tB_6 = alloca i64 1" [mmult_baseline.cpp:15]   --->   Operation 52 'alloca' 'tB_6' <Predicate = true> <Delay = 0.00>
ST_1 : Operation 53 [1/1] (0.00ns)   --->   "%tB_7 = alloca i64 1" [mmult_baseline.cpp:15]   --->   Operation 53 'alloca' 'tB_7' <Predicate = true> <Delay = 0.00>
ST_1 : Operation 54 [1/1] (0.00ns)   --->   "%tB_8 = alloca i64 1" [mmult_baseline.cpp:15]   --->   Operation 54 'alloca' 'tB_8' <Predicate = true> <Delay = 0.00>
ST_1 : Operation 55 [1/1] (0.00ns)   --->   "%tB_9 = alloca i64 1" [mmult_baseline.cpp:15]   --->   Operation 55 'alloca' 'tB_9' <Predicate = true> <Delay = 0.00>
ST_1 : Operation 56 [1/1] (0.00ns)   --->   "%tB_10 = alloca i64 1" [mmult_baseline.cpp:15]   --->   Operation 56 'alloca' 'tB_10' <Predicate = true> <Delay = 0.00>
ST_1 : Operation 57 [1/1] (0.00ns)   --->   "%tB_11 = alloca i64 1" [mmult_baseline.cpp:15]   --->   Operation 57 'alloca' 'tB_11' <Predicate = true> <Delay = 0.00>
ST_1 : Operation 58 [1/1] (0.00ns)   --->   "%tB_12 = alloca i64 1" [mmult_baseline.cpp:15]   --->   Operation 58 'alloca' 'tB_12' <Predicate = true> <Delay = 0.00>
ST_1 : Operation 59 [1/1] (0.00ns)   --->   "%tB_13 = alloca i64 1" [mmult_baseline.cpp:15]   --->   Operation 59 'alloca' 'tB_13' <Predicate = true> <Delay = 0.00>
ST_1 : Operation 60 [1/1] (0.00ns)   --->   "%tB_14 = alloca i64 1" [mmult_baseline.cpp:15]   --->   Operation 60 'alloca' 'tB_14' <Predicate = true> <Delay = 0.00>
ST_1 : Operation 61 [1/1] (0.00ns)   --->   "%tB_15 = alloca i64 1" [mmult_baseline.cpp:15]   --->   Operation 61 'alloca' 'tB_15' <Predicate = true> <Delay = 0.00>
ST_1 : Operation 62 [1/1] (0.00ns)   --->   "%tC = alloca i64 1" [mmult_baseline.cpp:15]   --->   Operation 62 'alloca' 'tC' <Predicate = true> <Delay = 0.00>
ST_1 : Operation 63 [1/1] (0.00ns)   --->   "%sext_ln17 = sext i32 %dim_read" [mmult_baseline.cpp:17]   --->   Operation 63 'sext' 'sext_ln17' <Predicate = true> <Delay = 0.00>
ST_1 : Operation 64 [1/1] (0.48ns)   --->   "%store_ln17 = store i4 0, i4 %ti" [mmult_baseline.cpp:17]   --->   Operation 64 'store' 'store_ln17' <Predicate = true> <Delay = 0.48>
ST_1 : Operation 65 [1/1] (0.00ns)   --->   "%br_ln17 = br void %tile_j" [mmult_baseline.cpp:17]   --->   Operation 65 'br' 'br_ln17' <Predicate = true> <Delay = 0.00>

State 2 <SV = 1> <Delay = 3.88>
ST_2 : Operation 66 [1/1] (0.00ns)   --->   "%ti_1 = load i4 %ti"   --->   Operation 66 'load' 'ti_1' <Predicate = true> <Delay = 0.00>
ST_2 : Operation 67 [1/1] (0.86ns)   --->   "%icmp_ln17 = icmp_eq  i4 %ti_1, i4 8" [mmult_baseline.cpp:17]   --->   Operation 67 'icmp' 'icmp_ln17' <Predicate = true> <Delay = 0.86> <CoreInst = "Cmp">   --->   Core 9 'Cmp' <Latency = 0> <II = 1> <Delay = 0.86> <FuncUnit> <Opcode : 'seteq' 'setne' 'setle' 'setge' 'setlt' 'setgt'> <InPorts = 2> <OutPorts = 1>
ST_2 : Operation 68 [1/1] (0.86ns)   --->   "%add_ln17 = add i4 %ti_1, i4 1" [mmult_baseline.cpp:17]   --->   Operation 68 'add' 'add_ln17' <Predicate = true> <Delay = 0.86> <CoreInst = "Adder">   --->   Core 1 'Adder' <Latency = 0> <II = 1> <Delay = 0.86> <FuncUnit> <Opcode : 'add' 'sub'> <InPorts = 2> <OutPorts = 1>
ST_2 : Operation 69 [1/1] (0.00ns)   --->   "%br_ln17 = br i1 %icmp_ln17, void %tile_j.split, void %for.end149" [mmult_baseline.cpp:17]   --->   Operation 69 'br' 'br_ln17' <Predicate = true> <Delay = 0.00>
ST_2 : Operation 70 [1/1] (0.00ns)   --->   "%speclooptripcount_ln17 = speclooptripcount void @_ssdm_op_SpecLoopTripCount, i64 8, i64 8, i64 8" [mmult_baseline.cpp:17]   --->   Operation 70 'speclooptripcount' 'speclooptripcount_ln17' <Predicate = (!icmp_ln17)> <Delay = 0.00>
ST_2 : Operation 71 [1/1] (0.00ns)   --->   "%specloopname_ln17 = specloopname void @_ssdm_op_SpecLoopName, void @empty_15" [mmult_baseline.cpp:17]   --->   Operation 71 'specloopname' 'specloopname_ln17' <Predicate = (!icmp_ln17)> <Delay = 0.00>
ST_2 : Operation 72 [1/1] (0.00ns)   --->   "%empty = trunc i4 %ti_1"   --->   Operation 72 'trunc' 'empty' <Predicate = (!icmp_ln17)> <Delay = 0.00>
ST_2 : Operation 73 [1/1] (0.00ns)   --->   "%ti_cast_cast = zext i3 %empty"   --->   Operation 73 'zext' 'ti_cast_cast' <Predicate = (!icmp_ln17)> <Delay = 0.00>
ST_2 : Operation 74 [1/1] (3.88ns)   --->   "%empty_36 = mul i35 %ti_cast_cast, i35 %sext_ln17" [mmult_baseline.cpp:17]   --->   Operation 74 'mul' 'empty_36' <Predicate = (!icmp_ln17)> <Delay = 3.88> <CoreInst = "Multiplier">   --->   Core 3 'Multiplier' <Latency = 0> <II = 1> <Delay = 3.88> <FuncUnit> <Opcode : 'mul'> <InPorts = 2> <OutPorts = 1>
ST_2 : Operation 75 [1/1] (0.00ns)   --->   "%tmp_1 = bitconcatenate i39 @_ssdm_op_BitConcatenate.i39.i35.i4, i35 %empty_36, i4 0" [mmult_baseline.cpp:17]   --->   Operation 75 'bitconcatenate' 'tmp_1' <Predicate = (!icmp_ln17)> <Delay = 0.00>
ST_2 : Operation 76 [1/1] (0.48ns)   --->   "%br_ln18 = br void %init_i" [mmult_baseline.cpp:18]   --->   Operation 76 'br' 'br_ln18' <Predicate = (!icmp_ln17)> <Delay = 0.48>
ST_2 : Operation 77 [1/1] (0.00ns)   --->   "%ret_ln39 = ret" [mmult_baseline.cpp:39]   --->   Operation 77 'ret' 'ret_ln39' <Predicate = (icmp_ln17)> <Delay = 0.00>

State 3 <SV = 2> <Delay = 1.35>
ST_3 : Operation 78 [1/1] (0.00ns)   --->   "%tj = phi i4 0, void %tile_j.split, i4 %add_ln18, void %for.inc138.preheader" [mmult_baseline.cpp:18]   --->   Operation 78 'phi' 'tj' <Predicate = true> <Delay = 0.00>
ST_3 : Operation 79 [1/1] (0.86ns)   --->   "%icmp_ln18 = icmp_eq  i4 %tj, i4 8" [mmult_baseline.cpp:18]   --->   Operation 79 'icmp' 'icmp_ln18' <Predicate = true> <Delay = 0.86> <CoreInst = "Cmp">   --->   Core 9 'Cmp' <Latency = 0> <II = 1> <Delay = 0.86> <FuncUnit> <Opcode : 'seteq' 'setne' 'setle' 'setge' 'setlt' 'setgt'> <InPorts = 2> <OutPorts = 1>
ST_3 : Operation 80 [1/1] (0.86ns)   --->   "%add_ln18 = add i4 %tj, i4 1" [mmult_baseline.cpp:18]   --->   Operation 80 'add' 'add_ln18' <Predicate = true> <Delay = 0.86> <CoreInst = "Adder">   --->   Core 1 'Adder' <Latency = 0> <II = 1> <Delay = 0.86> <FuncUnit> <Opcode : 'add' 'sub'> <InPorts = 2> <OutPorts = 1>
ST_3 : Operation 81 [1/1] (0.00ns)   --->   "%br_ln18 = br i1 %icmp_ln18, void %init_i.split, void %for.inc147" [mmult_baseline.cpp:18]   --->   Operation 81 'br' 'br_ln18' <Predicate = true> <Delay = 0.00>
ST_3 : Operation 82 [2/2] (0.00ns)   --->   "%call_ln0 = call void @mmult_hw_Pipeline_init_i_init_j, i32 %tC"   --->   Operation 82 'call' 'call_ln0' <Predicate = (!icmp_ln18)> <Delay = 0.00> <CoreType = "Generic">   --->   Core 0 '' <Latency = 0> <II = 1> <Delay = 1.00> <Generic> <Opcode : >
ST_3 : Operation 83 [1/1] (0.00ns)   --->   "%trunc_ln19 = trunc i4 %tj" [mmult_baseline.cpp:19]   --->   Operation 83 'trunc' 'trunc_ln19' <Predicate = (!icmp_ln18)> <Delay = 0.00>
ST_3 : Operation 84 [1/1] (0.48ns)   --->   "%store_ln17 = store i4 %add_ln17, i4 %ti" [mmult_baseline.cpp:17]   --->   Operation 84 'store' 'store_ln17' <Predicate = (icmp_ln18)> <Delay = 0.48>
ST_3 : Operation 85 [1/1] (0.00ns)   --->   "%br_ln17 = br void %tile_j" [mmult_baseline.cpp:17]   --->   Operation 85 'br' 'br_ln17' <Predicate = (icmp_ln18)> <Delay = 0.00>

State 4 <SV = 3> <Delay = 1.89>
ST_4 : Operation 86 [1/1] (0.00ns)   --->   "%speclooptripcount_ln18 = speclooptripcount void @_ssdm_op_SpecLoopTripCount, i64 8, i64 8, i64 8" [mmult_baseline.cpp:18]   --->   Operation 86 'speclooptripcount' 'speclooptripcount_ln18' <Predicate = true> <Delay = 0.00>
ST_4 : Operation 87 [1/1] (0.00ns)   --->   "%specloopname_ln18 = specloopname void @_ssdm_op_SpecLoopName, void @empty_14" [mmult_baseline.cpp:18]   --->   Operation 87 'specloopname' 'specloopname_ln18' <Predicate = true> <Delay = 0.00>
ST_4 : Operation 88 [1/2] (1.89ns)   --->   "%call_ln0 = call void @mmult_hw_Pipeline_init_i_init_j, i32 %tC"   --->   Operation 88 'call' 'call_ln0' <Predicate = true> <Delay = 1.89> <CoreType = "Generic">   --->   Core 0 '' <Latency = 0> <II = 1> <Delay = 1.00> <Generic> <Opcode : >
ST_4 : Operation 89 [1/1] (0.00ns)   --->   "%shl_ln = bitconcatenate i7 @_ssdm_op_BitConcatenate.i7.i3.i4, i3 %trunc_ln19, i4 0" [mmult_baseline.cpp:19]   --->   Operation 89 'bitconcatenate' 'shl_ln' <Predicate = true> <Delay = 0.00>
ST_4 : Operation 90 [1/1] (0.48ns)   --->   "%br_ln23 = br void %load_a" [mmult_baseline.cpp:23]   --->   Operation 90 'br' 'br_ln23' <Predicate = true> <Delay = 0.48>

State 5 <SV = 4> <Delay = 3.88>
ST_5 : Operation 91 [1/1] (0.00ns)   --->   "%tk = phi i4 0, void %init_i.split, i4 %add_ln23, void %load_a.split" [mmult_baseline.cpp:23]   --->   Operation 91 'phi' 'tk' <Predicate = true> <Delay = 0.00>
ST_5 : Operation 92 [1/1] (0.86ns)   --->   "%icmp_ln23 = icmp_eq  i4 %tk, i4 8" [mmult_baseline.cpp:23]   --->   Operation 92 'icmp' 'icmp_ln23' <Predicate = true> <Delay = 0.86> <CoreInst = "Cmp">   --->   Core 9 'Cmp' <Latency = 0> <II = 1> <Delay = 0.86> <FuncUnit> <Opcode : 'seteq' 'setne' 'setle' 'setge' 'setlt' 'setgt'> <InPorts = 2> <OutPorts = 1>
ST_5 : Operation 93 [1/1] (0.86ns)   --->   "%add_ln23 = add i4 %tk, i4 1" [mmult_baseline.cpp:23]   --->   Operation 93 'add' 'add_ln23' <Predicate = true> <Delay = 0.86> <CoreInst = "Adder">   --->   Core 1 'Adder' <Latency = 0> <II = 1> <Delay = 0.86> <FuncUnit> <Opcode : 'add' 'sub'> <InPorts = 2> <OutPorts = 1>
ST_5 : Operation 94 [1/1] (0.00ns)   --->   "%br_ln23 = br i1 %icmp_ln23, void %load_a.split, void %for.inc138.preheader" [mmult_baseline.cpp:23]   --->   Operation 94 'br' 'br_ln23' <Predicate = true> <Delay = 0.00>
ST_5 : Operation 95 [1/1] (0.00ns)   --->   "%empty_37 = trunc i4 %tk" [mmult_baseline.cpp:23]   --->   Operation 95 'trunc' 'empty_37' <Predicate = (!icmp_ln23)> <Delay = 0.00>
ST_5 : Operation 96 [1/1] (0.00ns)   --->   "%tmp_5 = bitconcatenate i7 @_ssdm_op_BitConcatenate.i7.i3.i4, i3 %empty_37, i4 0" [mmult_baseline.cpp:23]   --->   Operation 96 'bitconcatenate' 'tmp_5' <Predicate = (!icmp_ln23)> <Delay = 0.00>
ST_5 : Operation 97 [2/2] (0.00ns)   --->   "%call_ln17 = call void @mmult_hw_Pipeline_load_a_VITIS_LOOP_25_1, i32 %gmem, i32 %tA, i32 %tA_1, i32 %tA_2, i32 %tA_3, i32 %tA_4, i32 %tA_5, i32 %tA_6, i32 %tA_7, i32 %tA_8, i32 %tA_9, i32 %tA_10, i32 %tA_11, i32 %tA_12, i32 %tA_13, i32 %tA_14, i32 %tA_15, i32 %dim_read, i39 %tmp_1, i7 %tmp_5, i64 %in1_read" [mmult_baseline.cpp:17]   --->   Operation 97 'call' 'call_ln17' <Predicate = (!icmp_ln23)> <Delay = 0.00> <CoreType = "Generic">   --->   Core 0 '' <Latency = 0> <II = 1> <Delay = 1.00> <Generic> <Opcode : >
ST_5 : Operation 98 [1/1] (0.00ns)   --->   "%tk_cast20_cast = zext i3 %empty_37" [mmult_baseline.cpp:23]   --->   Operation 98 'zext' 'tk_cast20_cast' <Predicate = (!icmp_ln23)> <Delay = 0.00>
ST_5 : Operation 99 [1/1] (3.88ns)   --->   "%empty_38 = mul i35 %tk_cast20_cast, i35 %sext_ln17" [mmult_baseline.cpp:23]   --->   Operation 99 'mul' 'empty_38' <Predicate = (!icmp_ln23)> <Delay = 3.88> <CoreInst = "Multiplier">   --->   Core 3 'Multiplier' <Latency = 0> <II = 1> <Delay = 3.88> <FuncUnit> <Opcode : 'mul'> <InPorts = 2> <OutPorts = 1>
ST_5 : Operation 100 [2/2] (0.00ns)   --->   "%call_ln17 = call void @mmult_hw_Pipeline_store_i_store_j, i32 %gmem, i32 %tC, i32 %dim_read, i39 %tmp_1, i7 %shl_ln, i64 %out_r_read" [mmult_baseline.cpp:17]   --->   Operation 100 'call' 'call_ln17' <Predicate = (icmp_ln23)> <Delay = 0.00> <CoreType = "Generic">   --->   Core 0 '' <Latency = 0> <II = 1> <Delay = 1.00> <Generic> <Opcode : >

State 6 <SV = 5> <Delay = 0.00>
ST_6 : Operation 101 [1/2] (0.00ns)   --->   "%call_ln17 = call void @mmult_hw_Pipeline_load_a_VITIS_LOOP_25_1, i32 %gmem, i32 %tA, i32 %tA_1, i32 %tA_2, i32 %tA_3, i32 %tA_4, i32 %tA_5, i32 %tA_6, i32 %tA_7, i32 %tA_8, i32 %tA_9, i32 %tA_10, i32 %tA_11, i32 %tA_12, i32 %tA_13, i32 %tA_14, i32 %tA_15, i32 %dim_read, i39 %tmp_1, i7 %tmp_5, i64 %in1_read" [mmult_baseline.cpp:17]   --->   Operation 101 'call' 'call_ln17' <Predicate = true> <Delay = 0.00> <CoreType = "Generic">   --->   Core 0 '' <Latency = 0> <II = 1> <Delay = 1.00> <Generic> <Opcode : >

State 7 <SV = 6> <Delay = 5.09>
ST_7 : Operation 102 [1/1] (0.00ns)   --->   "%tmp_7 = bitconcatenate i39 @_ssdm_op_BitConcatenate.i39.i35.i4, i35 %empty_38, i4 0" [mmult_baseline.cpp:23]   --->   Operation 102 'bitconcatenate' 'tmp_7' <Predicate = true> <Delay = 0.00>
ST_7 : Operation 103 [2/2] (5.09ns)   --->   "%call_ln19 = call void @mmult_hw_Pipeline_load_b_VITIS_LOOP_28_2, i32 %gmem, i32 %tB_15, i32 %tB_14, i32 %tB_13, i32 %tB_12, i32 %tB_11, i32 %tB_10, i32 %tB_9, i32 %tB_8, i32 %tB_7, i32 %tB_6, i32 %tB_5, i32 %tB_4, i32 %tB_3, i32 %tB_2, i32 %tB_1, i32 %tB, i32 %dim_read, i7 %shl_ln, i39 %tmp_7, i64 %in2_read" [mmult_baseline.cpp:19]   --->   Operation 103 'call' 'call_ln19' <Predicate = true> <Delay = 5.09> <CoreType = "Generic">   --->   Core 0 '' <Latency = 0> <II = 1> <Delay = 1.00> <Generic> <Opcode : >

State 8 <SV = 7> <Delay = 0.00>
ST_8 : Operation 104 [1/2] (0.00ns)   --->   "%call_ln19 = call void @mmult_hw_Pipeline_load_b_VITIS_LOOP_28_2, i32 %gmem, i32 %tB_15, i32 %tB_14, i32 %tB_13, i32 %tB_12, i32 %tB_11, i32 %tB_10, i32 %tB_9, i32 %tB_8, i32 %tB_7, i32 %tB_6, i32 %tB_5, i32 %tB_4, i32 %tB_3, i32 %tB_2, i32 %tB_1, i32 %tB, i32 %dim_read, i7 %shl_ln, i39 %tmp_7, i64 %in2_read" [mmult_baseline.cpp:19]   --->   Operation 104 'call' 'call_ln19' <Predicate = true> <Delay = 0.00> <CoreType = "Generic">   --->   Core 0 '' <Latency = 0> <II = 1> <Delay = 1.00> <Generic> <Opcode : >

State 9 <SV = 8> <Delay = 0.00>
ST_9 : Operation 105 [2/2] (0.00ns)   --->   "%call_ln0 = call void @mmult_hw_Pipeline_comp_i_comp_j, i32 %tA, i32 %tA_1, i32 %tA_2, i32 %tA_3, i32 %tA_4, i32 %tA_5, i32 %tA_6, i32 %tA_7, i32 %tA_8, i32 %tA_9, i32 %tA_10, i32 %tA_11, i32 %tA_12, i32 %tA_13, i32 %tA_14, i32 %tA_15, i32 %tC, i32 %tB, i32 %tB_1, i32 %tB_2, i32 %tB_3, i32 %tB_4, i32 %tB_5, i32 %tB_6, i32 %tB_7, i32 %tB_8, i32 %tB_9, i32 %tB_10, i32 %tB_11, i32 %tB_12, i32 %tB_13, i32 %tB_14, i32 %tB_15"   --->   Operation 105 'call' 'call_ln0' <Predicate = true> <Delay = 0.00> <CoreType = "Generic">   --->   Core 0 '' <Latency = 0> <II = 1> <Delay = 1.00> <Generic> <Opcode : >

State 10 <SV = 9> <Delay = 0.00>
ST_10 : Operation 106 [1/1] (0.00ns)   --->   "%speclooptripcount_ln23 = speclooptripcount void @_ssdm_op_SpecLoopTripCount, i64 8, i64 8, i64 8" [mmult_baseline.cpp:23]   --->   Operation 106 'speclooptripcount' 'speclooptripcount_ln23' <Predicate = true> <Delay = 0.00>
ST_10 : Operation 107 [1/1] (0.00ns)   --->   "%specloopname_ln23 = specloopname void @_ssdm_op_SpecLoopName, void @empty_13" [mmult_baseline.cpp:23]   --->   Operation 107 'specloopname' 'specloopname_ln23' <Predicate = true> <Delay = 0.00>
ST_10 : Operation 108 [1/2] (0.00ns)   --->   "%call_ln0 = call void @mmult_hw_Pipeline_comp_i_comp_j, i32 %tA, i32 %tA_1, i32 %tA_2, i32 %tA_3, i32 %tA_4, i32 %tA_5, i32 %tA_6, i32 %tA_7, i32 %tA_8, i32 %tA_9, i32 %tA_10, i32 %tA_11, i32 %tA_12, i32 %tA_13, i32 %tA_14, i32 %tA_15, i32 %tC, i32 %tB, i32 %tB_1, i32 %tB_2, i32 %tB_3, i32 %tB_4, i32 %tB_5, i32 %tB_6, i32 %tB_7, i32 %tB_8, i32 %tB_9, i32 %tB_10, i32 %tB_11, i32 %tB_12, i32 %tB_13, i32 %tB_14, i32 %tB_15"   --->   Operation 108 'call' 'call_ln0' <Predicate = true> <Delay = 0.00> <CoreType = "Generic">   --->   Core 0 '' <Latency = 0> <II = 1> <Delay = 1.00> <Generic> <Opcode : >
ST_10 : Operation 109 [1/1] (0.00ns)   --->   "%br_ln23 = br void %load_a" [mmult_baseline.cpp:23]   --->   Operation 109 'br' 'br_ln23' <Predicate = true> <Delay = 0.00>

State 11 <SV = 5> <Delay = 0.00>
ST_11 : Operation 110 [1/2] (0.00ns)   --->   "%call_ln17 = call void @mmult_hw_Pipeline_store_i_store_j, i32 %gmem, i32 %tC, i32 %dim_read, i39 %tmp_1, i7 %shl_ln, i64 %out_r_read" [mmult_baseline.cpp:17]   --->   Operation 110 'call' 'call_ln17' <Predicate = true> <Delay = 0.00> <CoreType = "Generic">   --->   Core 0 '' <Latency = 0> <II = 1> <Delay = 1.00> <Generic> <Opcode : >
ST_11 : Operation 111 [1/1] (0.00ns)   --->   "%br_ln18 = br void %init_i" [mmult_baseline.cpp:18]   --->   Operation 111 'br' 'br_ln18' <Predicate = true> <Delay = 0.00>


============================================================
+ Verbose Summary: Timing violations
============================================================
Target clock period: 10.000ns, clock uncertainty: 2.700ns.

 <State 1>: 1.000ns
The critical path consists of the following:
	s_axi read operation ('dim_read') on port 'dim' [20]  (1.000 ns)

 <State 2>: 3.880ns
The critical path consists of the following:
	'load' operation 4 bit ('ti') on local variable 'ti', mmult_baseline.cpp:17 [61]  (0.000 ns)
	'mul' operation 35 bit ('empty_36', mmult_baseline.cpp:17) [70]  (3.880 ns)

 <State 3>: 1.357ns
The critical path consists of the following:
	'phi' operation 4 bit ('tj', mmult_baseline.cpp:18) with incoming values : ('add_ln18', mmult_baseline.cpp:18) [74]  (0.000 ns)
	'icmp' operation 1 bit ('icmp_ln18', mmult_baseline.cpp:18) [75]  (0.868 ns)
	blocking operation 0.489 ns on control path)

 <State 4>: 1.899ns
The critical path consists of the following:
	'call' operation 0 bit ('call_ln0') to 'mmult_hw_Pipeline_init_i_init_j' [81]  (1.899 ns)

 <State 5>: 3.880ns
The critical path consists of the following:
	'phi' operation 4 bit ('tk', mmult_baseline.cpp:23) with incoming values : ('add_ln23', mmult_baseline.cpp:23) [86]  (0.000 ns)
	'mul' operation 35 bit ('empty_38', mmult_baseline.cpp:23) [97]  (3.880 ns)

 <State 6>: 0.000ns
The critical path consists of the following:

 <State 7>: 5.099ns
The critical path consists of the following:
	'call' operation 0 bit ('call_ln19', mmult_baseline.cpp:19) to 'mmult_hw_Pipeline_load_b_VITIS_LOOP_28_2' [99]  (5.099 ns)

 <State 8>: 0.000ns
The critical path consists of the following:

 <State 9>: 0.000ns
The critical path consists of the following:

 <State 10>: 0.000ns
The critical path consists of the following:

 <State 11>: 0.000ns
The critical path consists of the following:


============================================================
+ Verbose Summary: Binding
============================================================
N/A
* FSMD analyzer results:
  - Output states:
 - Input state : 
  - Chain level:
	State 1
	State 2
	State 3
	State 4
	State 5
	State 6
	State 7
	State 8
	State 9
	State 10
	State 11


============================================================
+ Verbose Summary: Datapath Resource usage 
============================================================
N/A
