

================================================================
== Vitis HLS Report for 'mmult_hw'
================================================================
* Date:           Sat Feb 21 23:06:30 2026

* Version:        2024.1 (Build 5069499 on May 21 2024)
* Project:        matmul_D9_AXISep_Copy_Opt
* Solution:       hls (Vivado IP Flow Target)
* Product family: zynquplus
* Target device:  xczu3eg-sbva484-1-e


================================================================
== Performance Estimates
================================================================
+ Timing: 
    * Summary: 
    +--------+----------+----------+------------+
    |  Clock |  Target  | Estimated| Uncertainty|
    +--------+----------+----------+------------+
    |ap_clk  |  10.00 ns|  7.300 ns|     2.70 ns|
    +--------+----------+----------+------------+

+ Latency: 
    * Summary: 
    +---------+---------+-----------+-----------+---------+---------+---------+
    |  Latency (cycles) |   Latency (absolute)  |      Interval     | Pipeline|
    |   min   |   max   |    min    |    max    |   min   |   max   |   Type  |
    +---------+---------+-----------+-----------+---------+---------+---------+
    |  4506383|  4506383|  45.064 ms|  45.064 ms|  4506384|  4506384|       no|
    +---------+---------+-----------+-----------+---------+---------+---------+

    + Detail: 
        * Instance: 
        +---------------------------------------+----------------------------+---------+---------+----------+----------+-----+-----+-----------------------------------------------+
        |                                       |                            |  Latency (cycles) |  Latency (absolute) |  Interval |                    Pipeline                   |
        |                Instance               |           Module           |   min   |   max   |    min   |    max   | min | max |                      Type                     |
        +---------------------------------------+----------------------------+---------+---------+----------+----------+-----+-----+-----------------------------------------------+
        |grp_mmult_hw_Pipeline_load_row_fu_183  |mmult_hw_Pipeline_load_row  |      131|      131|  1.310 us|  1.310 us|  129|  129|  loop auto-rewind stp(delay=0 clock cycles(s))|
        |grp_mmult_hw_Pipeline_load_col_fu_192  |mmult_hw_Pipeline_load_col  |      139|      139|  1.390 us|  1.390 us|  129|  129|  loop auto-rewind stp(delay=0 clock cycles(s))|
        |grp_mmult_hw_Pipeline_loop3_fu_204     |mmult_hw_Pipeline_loop3     |      130|      130|  1.300 us|  1.300 us|  129|  129|  loop auto-rewind stp(delay=0 clock cycles(s))|
        +---------------------------------------+----------------------------+---------+---------+----------+----------+-----+-----+-----------------------------------------------+

        * Loop: 
        +----------+---------+---------+----------+-----------+-----------+------+----------+
        |          |  Latency (cycles) | Iteration|  Initiation Interval  | Trip |          |
        | Loop Name|   min   |   max   |  Latency |  achieved |   target  | Count| Pipelined|
        +----------+---------+---------+----------+-----------+-----------+------+----------+
        |- loop1   |  4506368|  4506368|     35206|          -|          -|   128|        no|
        | + loop2  |    35072|    35072|       274|          -|          -|   128|        no|
        +----------+---------+---------+----------+-----------+-----------+------+----------+

============================================================
+ Verbose Summary: Synthesis Manager
============================================================
InlineROM: 1
ExposeGlobal: 0
============================================================
+ Verbose Summary: CDFG Model
============================================================
IsTopModel: 1
ResetActiveHigh: 1
IsCombinational: 0
IsDatapathOnly: 0
HasWiredReturn: 1
HasMFsm: 0
HasVarLatency: 1
IsPipeline: 0
IsRtlPipelined: 0
IsInstanceOverlapped: 0
IsDontTouch: 0
HasImplIP: 0
IsGatedGlobalClock: 0


============================================================
+ Verbose Summary: Schedule
============================================================
* Number of FSM states : 22
* Pipeline : 0
* Dataflow Pipeline: 0

* FSM state transitions: 
1 --> 2 
2 --> 3 
3 --> 4 
4 --> 5 
5 --> 6 
6 --> 7 
7 --> 8 
8 --> 9 
9 --> 10 
10 --> 11 
11 --> 12 18 
12 --> 13 
13 --> 14 11 
14 --> 15 
15 --> 16 
16 --> 17 
17 --> 13 
18 --> 19 
19 --> 20 
20 --> 21 
21 --> 22 
22 --> 

* FSM state operations: 

State 1 <SV = 0> <Delay = 2.20>
ST_1 : Operation 23 [1/1] (0.00ns)   --->   "%i = alloca i32 1"   --->   Operation 23 'alloca' 'i' <Predicate = true> <Delay = 0.00>
ST_1 : Operation 24 [1/1] (1.00ns)   --->   "%dim_read = read i32 @_ssdm_op_Read.s_axilite.i32, i32 %dim"   --->   Operation 24 'read' 'dim_read' <Predicate = true> <Delay = 1.00> <CoreInst = "s_axilite">   --->   Core 120 's_axilite' <Latency = 0> <II = 1> <Delay = 1.00> <Adapter> <Opcode : 'read' 'write'>
ST_1 : Operation 25 [1/1] (1.00ns)   --->   "%out_r_read = read i64 @_ssdm_op_Read.s_axilite.i64, i64 %out_r"   --->   Operation 25 'read' 'out_r_read' <Predicate = true> <Delay = 1.00> <CoreInst = "s_axilite">   --->   Core 120 's_axilite' <Latency = 0> <II = 1> <Delay = 1.00> <Adapter> <Opcode : 'read' 'write'>
ST_1 : Operation 26 [1/1] (1.00ns)   --->   "%in2_read = read i64 @_ssdm_op_Read.s_axilite.i64, i64 %in2"   --->   Operation 26 'read' 'in2_read' <Predicate = true> <Delay = 1.00> <CoreInst = "s_axilite">   --->   Core 120 's_axilite' <Latency = 0> <II = 1> <Delay = 1.00> <Adapter> <Opcode : 'read' 'write'>
ST_1 : Operation 27 [1/1] (1.00ns)   --->   "%in1_read = read i64 @_ssdm_op_Read.s_axilite.i64, i64 %in1"   --->   Operation 27 'read' 'in1_read' <Predicate = true> <Delay = 1.00> <CoreInst = "s_axilite">   --->   Core 120 's_axilite' <Latency = 0> <II = 1> <Delay = 1.00> <Adapter> <Opcode : 'read' 'write'>
ST_1 : Operation 28 [1/1] (0.00ns)   --->   "%sum_loc = alloca i64 1"   --->   Operation 28 'alloca' 'sum_loc' <Predicate = true> <Delay = 0.00>
ST_1 : Operation 29 [1/1] (1.35ns)   --->   "%rowA = alloca i64 1" [mmult_baseline.cpp:16]   --->   Operation 29 'alloca' 'rowA' <Predicate = true> <Delay = 1.35>
ST_1 : Operation 30 [1/1] (1.35ns)   --->   "%colB = alloca i64 1" [mmult_baseline.cpp:17]   --->   Operation 30 'alloca' 'colB' <Predicate = true> <Delay = 1.35>
ST_1 : Operation 31 [1/1] (1.20ns)   --->   "%icmp_ln19 = icmp_sgt  i32 %dim_read, i32 0" [mmult_baseline.cpp:19]   --->   Operation 31 'icmp' 'icmp_ln19' <Predicate = true> <Delay = 1.20> <CoreInst = "Cmp">   --->   Core 9 'Cmp' <Latency = 0> <II = 1> <Delay = 1.20> <FuncUnit> <Opcode : 'seteq' 'setne' 'setle' 'setge' 'setlt' 'setgt'> <InPorts = 2> <OutPorts = 1>
ST_1 : Operation 32 [1/1] (0.00ns)   --->   "%trunc_ln31 = trunc i32 %dim_read" [mmult_baseline.cpp:31]   --->   Operation 32 'trunc' 'trunc_ln31' <Predicate = true> <Delay = 0.00>
ST_1 : Operation 33 [1/1] (0.00ns)   --->   "%trunc_ln1 = partselect i62 @_ssdm_op_PartSelect.i62.i64.i32.i32, i64 %in1_read, i32 2, i32 63" [mmult_baseline.cpp:19]   --->   Operation 33 'partselect' 'trunc_ln1' <Predicate = true> <Delay = 0.00>
ST_1 : Operation 34 [1/1] (0.00ns)   --->   "%trunc_ln19_1 = partselect i62 @_ssdm_op_PartSelect.i62.i64.i32.i32, i64 %out_r_read, i32 2, i32 63" [mmult_baseline.cpp:19]   --->   Operation 34 'partselect' 'trunc_ln19_1' <Predicate = true> <Delay = 0.00>
ST_1 : Operation 35 [1/1] (0.00ns)   --->   "%sext_ln19_1 = sext i62 %trunc_ln19_1" [mmult_baseline.cpp:19]   --->   Operation 35 'sext' 'sext_ln19_1' <Predicate = true> <Delay = 0.00>
ST_1 : Operation 36 [1/1] (0.00ns)   --->   "%gmem2_addr = getelementptr i32 %gmem2, i64 %sext_ln19_1" [mmult_baseline.cpp:19]   --->   Operation 36 'getelementptr' 'gmem2_addr' <Predicate = true> <Delay = 0.00>
ST_1 : Operation 37 [1/1] (0.48ns)   --->   "%store_ln0 = store i31 0, i31 %i"   --->   Operation 37 'store' 'store_ln0' <Predicate = true> <Delay = 0.48>

State 2 <SV = 1> <Delay = 4.35>
ST_2 : Operation 38 [1/1] (0.00ns)   --->   "%zext_ln19 = zext i32 %dim_read" [mmult_baseline.cpp:19]   --->   Operation 38 'zext' 'zext_ln19' <Predicate = (icmp_ln19)> <Delay = 0.00>
ST_2 : Operation 39 [1/1] (3.88ns)   --->   "%mul_ln19 = mul i62 %zext_ln19, i62 %zext_ln19" [mmult_baseline.cpp:19]   --->   Operation 39 'mul' 'mul_ln19' <Predicate = (icmp_ln19)> <Delay = 3.88> <CoreInst = "Multiplier">   --->   Core 3 'Multiplier' <Latency = 0> <II = 1> <Delay = 3.88> <FuncUnit> <Opcode : 'mul'> <InPorts = 2> <OutPorts = 1>
ST_2 : Operation 40 [1/1] (0.47ns)   --->   "%empty = select i1 %icmp_ln19, i62 %mul_ln19, i62 0" [mmult_baseline.cpp:19]   --->   Operation 40 'select' 'empty' <Predicate = true> <Delay = 0.47> <CoreInst = "Sel">   --->   Core 73 'Sel' <Latency = 0> <II = 1> <Delay = 0.47> <FuncUnit> <Opcode : 'select'> <InPorts = 3> <OutPorts = 1>

State 3 <SV = 2> <Delay = 7.30>
ST_3 : Operation 41 [1/1] (0.00ns)   --->   "%sext_ln19 = sext i62 %trunc_ln1" [mmult_baseline.cpp:19]   --->   Operation 41 'sext' 'sext_ln19' <Predicate = true> <Delay = 0.00>
ST_3 : Operation 42 [1/1] (0.00ns)   --->   "%gmem0_addr = getelementptr i32 %gmem0, i64 %sext_ln19" [mmult_baseline.cpp:19]   --->   Operation 42 'getelementptr' 'gmem0_addr' <Predicate = true> <Delay = 0.00>
ST_3 : Operation 43 [1/1] (0.00ns)   --->   "%zext_ln19_1 = zext i62 %empty" [mmult_baseline.cpp:19]   --->   Operation 43 'zext' 'zext_ln19_1' <Predicate = true> <Delay = 0.00>
ST_3 : Operation 44 [8/8] (7.30ns)   --->   "%empty_25 = readreq i1 @_ssdm_op_ReadReq.m_axi.p1i32, i32 %gmem0_addr, i64 %zext_ln19_1" [mmult_baseline.cpp:19]   --->   Operation 44 'readreq' 'empty_25' <Predicate = true> <Delay = 7.30> <CoreInst = "m_axi">   --->   Core 119 'm_axi' <Latency = 0> <II = 1> <Delay = 1.00> <Adapter> <Opcode : 'read' 'write' 'readreq' 'writereq' 'writeresp'>
ST_3 : Operation 45 [1/1] (7.30ns)   --->   "%empty_26 = writereq i1 @_ssdm_op_WriteReq.m_axi.p1i32, i32 %gmem2_addr, i64 %zext_ln19_1" [mmult_baseline.cpp:19]   --->   Operation 45 'writereq' 'empty_26' <Predicate = true> <Delay = 7.30> <CoreInst = "m_axi">   --->   Core 119 'm_axi' <Latency = 0> <II = 1> <Delay = 1.00> <Adapter> <Opcode : 'read' 'write' 'readreq' 'writereq' 'writeresp'>

State 4 <SV = 3> <Delay = 7.30>
ST_4 : Operation 46 [7/8] (7.30ns)   --->   "%empty_25 = readreq i1 @_ssdm_op_ReadReq.m_axi.p1i32, i32 %gmem0_addr, i64 %zext_ln19_1" [mmult_baseline.cpp:19]   --->   Operation 46 'readreq' 'empty_25' <Predicate = true> <Delay = 7.30> <CoreInst = "m_axi">   --->   Core 119 'm_axi' <Latency = 0> <II = 1> <Delay = 1.00> <Adapter> <Opcode : 'read' 'write' 'readreq' 'writereq' 'writeresp'>

State 5 <SV = 4> <Delay = 7.30>
ST_5 : Operation 47 [6/8] (7.30ns)   --->   "%empty_25 = readreq i1 @_ssdm_op_ReadReq.m_axi.p1i32, i32 %gmem0_addr, i64 %zext_ln19_1" [mmult_baseline.cpp:19]   --->   Operation 47 'readreq' 'empty_25' <Predicate = true> <Delay = 7.30> <CoreInst = "m_axi">   --->   Core 119 'm_axi' <Latency = 0> <II = 1> <Delay = 1.00> <Adapter> <Opcode : 'read' 'write' 'readreq' 'writereq' 'writeresp'>

State 6 <SV = 5> <Delay = 7.30>
ST_6 : Operation 48 [5/8] (7.30ns)   --->   "%empty_25 = readreq i1 @_ssdm_op_ReadReq.m_axi.p1i32, i32 %gmem0_addr, i64 %zext_ln19_1" [mmult_baseline.cpp:19]   --->   Operation 48 'readreq' 'empty_25' <Predicate = true> <Delay = 7.30> <CoreInst = "m_axi">   --->   Core 119 'm_axi' <Latency = 0> <II = 1> <Delay = 1.00> <Adapter> <Opcode : 'read' 'write' 'readreq' 'writereq' 'writeresp'>

State 7 <SV = 6> <Delay = 7.30>
ST_7 : Operation 49 [4/8] (7.30ns)   --->   "%empty_25 = readreq i1 @_ssdm_op_ReadReq.m_axi.p1i32, i32 %gmem0_addr, i64 %zext_ln19_1" [mmult_baseline.cpp:19]   --->   Operation 49 'readreq' 'empty_25' <Predicate = true> <Delay = 7.30> <CoreInst = "m_axi">   --->   Core 119 'm_axi' <Latency = 0> <II = 1> <Delay = 1.00> <Adapter> <Opcode : 'read' 'write' 'readreq' 'writereq' 'writeresp'>

State 8 <SV = 7> <Delay = 7.30>
ST_8 : Operation 50 [3/8] (7.30ns)   --->   "%empty_25 = readreq i1 @_ssdm_op_ReadReq.m_axi.p1i32, i32 %gmem0_addr, i64 %zext_ln19_1" [mmult_baseline.cpp:19]   --->   Operation 50 'readreq' 'empty_25' <Predicate = true> <Delay = 7.30> <CoreInst = "m_axi">   --->   Core 119 'm_axi' <Latency = 0> <II = 1> <Delay = 1.00> <Adapter> <Opcode : 'read' 'write' 'readreq' 'writereq' 'writeresp'>

State 9 <SV = 8> <Delay = 7.30>
ST_9 : Operation 51 [2/8] (7.30ns)   --->   "%empty_25 = readreq i1 @_ssdm_op_ReadReq.m_axi.p1i32, i32 %gmem0_addr, i64 %zext_ln19_1" [mmult_baseline.cpp:19]   --->   Operation 51 'readreq' 'empty_25' <Predicate = true> <Delay = 7.30> <CoreInst = "m_axi">   --->   Core 119 'm_axi' <Latency = 0> <II = 1> <Delay = 1.00> <Adapter> <Opcode : 'read' 'write' 'readreq' 'writereq' 'writeresp'>

State 10 <SV = 9> <Delay = 7.30>
ST_10 : Operation 52 [1/1] (0.00ns)   --->   "%spectopmodule_ln7 = spectopmodule void @_ssdm_op_SpecTopModule, void @empty_14" [mmult_baseline.cpp:7]   --->   Operation 52 'spectopmodule' 'spectopmodule_ln7' <Predicate = true> <Delay = 0.00>
ST_10 : Operation 53 [1/1] (0.00ns)   --->   "%specinterface_ln0 = specinterface void @_ssdm_op_SpecInterface, i32 %gmem0, void @empty, i32 0, i32 0, void @empty_0, i32 0, i32 16384, void @empty_1, void @empty_2, void @empty_0, i32 16, i32 16, i32 16, i32 16, void @empty_0, void @empty_0, i32 4294967295, i32 0, i32 0"   --->   Operation 53 'specinterface' 'specinterface_ln0' <Predicate = true> <Delay = 0.00>
ST_10 : Operation 54 [1/1] (0.00ns)   --->   "%specbitsmap_ln0 = specbitsmap void @_ssdm_op_SpecBitsMap, i32 %gmem0"   --->   Operation 54 'specbitsmap' 'specbitsmap_ln0' <Predicate = true> <Delay = 0.00>
ST_10 : Operation 55 [1/1] (0.00ns)   --->   "%specinterface_ln0 = specinterface void @_ssdm_op_SpecInterface, i32 %gmem1, void @empty, i32 0, i32 0, void @empty_0, i32 0, i32 16384, void @empty_3, void @empty_2, void @empty_0, i32 16, i32 16, i32 16, i32 16, void @empty_0, void @empty_0, i32 4294967295, i32 0, i32 0"   --->   Operation 55 'specinterface' 'specinterface_ln0' <Predicate = true> <Delay = 0.00>
ST_10 : Operation 56 [1/1] (0.00ns)   --->   "%specbitsmap_ln0 = specbitsmap void @_ssdm_op_SpecBitsMap, i32 %gmem1"   --->   Operation 56 'specbitsmap' 'specbitsmap_ln0' <Predicate = true> <Delay = 0.00>
ST_10 : Operation 57 [1/1] (0.00ns)   --->   "%specinterface_ln0 = specinterface void @_ssdm_op_SpecInterface, i32 %gmem2, void @empty, i32 0, i32 0, void @empty_0, i32 0, i32 16384, void @empty_4, void @empty_2, void @empty_0, i32 16, i32 16, i32 16, i32 16, void @empty_0, void @empty_0, i32 4294967295, i32 0, i32 0"   --->   Operation 57 'specinterface' 'specinterface_ln0' <Predicate = true> <Delay = 0.00>
ST_10 : Operation 58 [1/1] (0.00ns)   --->   "%specbitsmap_ln0 = specbitsmap void @_ssdm_op_SpecBitsMap, i32 %gmem2"   --->   Operation 58 'specbitsmap' 'specbitsmap_ln0' <Predicate = true> <Delay = 0.00>
ST_10 : Operation 59 [1/1] (0.00ns)   --->   "%specinterface_ln0 = specinterface void @_ssdm_op_SpecInterface, i64 %in1, void @empty_5, i32 0, i32 0, void @empty_0, i32 0, i32 0, void @empty_6, void @empty_7, void @empty_0, i32 0, i32 0, i32 0, i32 0, void @empty_0, void @empty_8, i32 4294967295, i32 0, i32 0"   --->   Operation 59 'specinterface' 'specinterface_ln0' <Predicate = true> <Delay = 0.00>
ST_10 : Operation 60 [1/1] (0.00ns)   --->   "%specinterface_ln0 = specinterface void @_ssdm_op_SpecInterface, i64 %in1, void @empty_9, i32 0, i32 0, void @empty_0, i32 0, i32 0, void @empty_0, void @empty_0, void @empty_0, i32 0, i32 0, i32 0, i32 0, void @empty_0, void @empty_8, i32 4294967295, i32 0, i32 0"   --->   Operation 60 'specinterface' 'specinterface_ln0' <Predicate = true> <Delay = 0.00>
ST_10 : Operation 61 [1/1] (0.00ns)   --->   "%specinterface_ln0 = specinterface void @_ssdm_op_SpecInterface, i64 %in2, void @empty_5, i32 0, i32 0, void @empty_0, i32 0, i32 0, void @empty_6, void @empty_10, void @empty_0, i32 0, i32 0, i32 0, i32 0, void @empty_0, void @empty_8, i32 4294967295, i32 0, i32 0"   --->   Operation 61 'specinterface' 'specinterface_ln0' <Predicate = true> <Delay = 0.00>
ST_10 : Operation 62 [1/1] (0.00ns)   --->   "%specinterface_ln0 = specinterface void @_ssdm_op_SpecInterface, i64 %in2, void @empty_9, i32 0, i32 0, void @empty_0, i32 0, i32 0, void @empty_0, void @empty_0, void @empty_0, i32 0, i32 0, i32 0, i32 0, void @empty_0, void @empty_8, i32 4294967295, i32 0, i32 0"   --->   Operation 62 'specinterface' 'specinterface_ln0' <Predicate = true> <Delay = 0.00>
ST_10 : Operation 63 [1/1] (0.00ns)   --->   "%specinterface_ln0 = specinterface void @_ssdm_op_SpecInterface, i64 %out_r, void @empty_5, i32 0, i32 0, void @empty_0, i32 0, i32 0, void @empty_6, void @empty_11, void @empty_0, i32 0, i32 0, i32 0, i32 0, void @empty_0, void @empty_8, i32 4294967295, i32 0, i32 0"   --->   Operation 63 'specinterface' 'specinterface_ln0' <Predicate = true> <Delay = 0.00>
ST_10 : Operation 64 [1/1] (0.00ns)   --->   "%specinterface_ln0 = specinterface void @_ssdm_op_SpecInterface, i64 %out_r, void @empty_9, i32 0, i32 0, void @empty_0, i32 0, i32 0, void @empty_0, void @empty_0, void @empty_0, i32 0, i32 0, i32 0, i32 0, void @empty_0, void @empty_8, i32 4294967295, i32 0, i32 0"   --->   Operation 64 'specinterface' 'specinterface_ln0' <Predicate = true> <Delay = 0.00>
ST_10 : Operation 65 [1/1] (0.00ns)   --->   "%specbitsmap_ln0 = specbitsmap void @_ssdm_op_SpecBitsMap, i32 %dim"   --->   Operation 65 'specbitsmap' 'specbitsmap_ln0' <Predicate = true> <Delay = 0.00>
ST_10 : Operation 66 [1/1] (0.00ns)   --->   "%specinterface_ln0 = specinterface void @_ssdm_op_SpecInterface, i32 %dim, void @empty_5, i32 4294967295, i32 4294967295, void @empty_12, i32 0, i32 0, void @empty_6, void @empty_13, void @empty_0, i32 0, i32 0, i32 0, i32 0, void @empty_0, void @empty_0, i32 4294967295, i32 0, i32 0"   --->   Operation 66 'specinterface' 'specinterface_ln0' <Predicate = true> <Delay = 0.00>
ST_10 : Operation 67 [1/1] (0.00ns)   --->   "%specinterface_ln0 = specinterface void @_ssdm_op_SpecInterface, i32 %dim, void @empty_9, i32 4294967295, i32 4294967295, void @empty_0, i32 0, i32 0, void @empty_0, void @empty_0, void @empty_0, i32 0, i32 0, i32 0, i32 0, void @empty_0, void @empty_0, i32 4294967295, i32 0, i32 0"   --->   Operation 67 'specinterface' 'specinterface_ln0' <Predicate = true> <Delay = 0.00>
ST_10 : Operation 68 [1/1] (0.00ns)   --->   "%specinterface_ln0 = specinterface void @_ssdm_op_SpecInterface, i32 0, void @empty_5, i32 0, i32 0, void @empty_0, i32 0, i32 0, void @empty_6, void @empty_0, void @empty_0, i32 0, i32 0, i32 0, i32 0, void @empty_0, void @empty_0, i32 4294967295, i32 0, i32 0"   --->   Operation 68 'specinterface' 'specinterface_ln0' <Predicate = true> <Delay = 0.00>
ST_10 : Operation 69 [1/8] (7.30ns)   --->   "%empty_25 = readreq i1 @_ssdm_op_ReadReq.m_axi.p1i32, i32 %gmem0_addr, i64 %zext_ln19_1" [mmult_baseline.cpp:19]   --->   Operation 69 'readreq' 'empty_25' <Predicate = true> <Delay = 7.30> <CoreInst = "m_axi">   --->   Core 119 'm_axi' <Latency = 0> <II = 1> <Delay = 1.00> <Adapter> <Opcode : 'read' 'write' 'readreq' 'writereq' 'writeresp'>
ST_10 : Operation 70 [1/1] (0.00ns)   --->   "%br_ln19 = br void %load_row" [mmult_baseline.cpp:19]   --->   Operation 70 'br' 'br_ln19' <Predicate = true> <Delay = 0.00>

State 11 <SV = 10> <Delay = 2.89>
ST_11 : Operation 71 [1/1] (0.00ns)   --->   "%i_load = load i31 %i" [mmult_baseline.cpp:19]   --->   Operation 71 'load' 'i_load' <Predicate = true> <Delay = 0.00>
ST_11 : Operation 72 [1/1] (0.00ns)   --->   "%zext_ln19_2 = zext i31 %i_load" [mmult_baseline.cpp:19]   --->   Operation 72 'zext' 'zext_ln19_2' <Predicate = true> <Delay = 0.00>
ST_11 : Operation 73 [1/1] (1.20ns)   --->   "%icmp_ln19_1 = icmp_slt  i32 %zext_ln19_2, i32 %dim_read" [mmult_baseline.cpp:19]   --->   Operation 73 'icmp' 'icmp_ln19_1' <Predicate = true> <Delay = 1.20> <CoreInst = "Cmp">   --->   Core 9 'Cmp' <Latency = 0> <II = 1> <Delay = 1.20> <FuncUnit> <Opcode : 'seteq' 'setne' 'setle' 'setge' 'setlt' 'setgt'> <InPorts = 2> <OutPorts = 1>
ST_11 : Operation 74 [1/1] (1.19ns)   --->   "%add_ln19 = add i31 %i_load, i31 1" [mmult_baseline.cpp:19]   --->   Operation 74 'add' 'add_ln19' <Predicate = true> <Delay = 1.19> <CoreInst = "Adder">   --->   Core 1 'Adder' <Latency = 0> <II = 1> <Delay = 1.19> <FuncUnit> <Opcode : 'add' 'sub'> <InPorts = 2> <OutPorts = 1>
ST_11 : Operation 75 [1/1] (0.00ns)   --->   "%br_ln19 = br i1 %icmp_ln19_1, void %for.end48.loopexit, void %load_row.split" [mmult_baseline.cpp:19]   --->   Operation 75 'br' 'br_ln19' <Predicate = true> <Delay = 0.00>
ST_11 : Operation 76 [2/2] (1.69ns)   --->   "%call_ln19 = call void @mmult_hw_Pipeline_load_row, i32 %gmem0, i32 %dim_read, i62 %trunc_ln1, i32 %rowA" [mmult_baseline.cpp:19]   --->   Operation 76 'call' 'call_ln19' <Predicate = (icmp_ln19_1)> <Delay = 1.69> <CoreType = "Generic">   --->   Core 0 '' <Latency = 0> <II = 1> <Delay = 1.00> <Generic> <Opcode : >

State 12 <SV = 11> <Delay = 0.48>
ST_12 : Operation 77 [1/1] (0.00ns)   --->   "%speclooptripcount_ln20 = speclooptripcount void @_ssdm_op_SpecLoopTripCount, i64 128, i64 128, i64 128" [mmult_baseline.cpp:20]   --->   Operation 77 'speclooptripcount' 'speclooptripcount_ln20' <Predicate = true> <Delay = 0.00>
ST_12 : Operation 78 [1/1] (0.00ns)   --->   "%specloopname_ln19 = specloopname void @_ssdm_op_SpecLoopName, void @empty_19" [mmult_baseline.cpp:19]   --->   Operation 78 'specloopname' 'specloopname_ln19' <Predicate = true> <Delay = 0.00>
ST_12 : Operation 79 [1/2] (0.00ns)   --->   "%call_ln19 = call void @mmult_hw_Pipeline_load_row, i32 %gmem0, i32 %dim_read, i62 %trunc_ln1, i32 %rowA" [mmult_baseline.cpp:19]   --->   Operation 79 'call' 'call_ln19' <Predicate = true> <Delay = 0.00> <CoreType = "Generic">   --->   Core 0 '' <Latency = 0> <II = 1> <Delay = 1.00> <Generic> <Opcode : >
ST_12 : Operation 80 [1/1] (0.48ns)   --->   "%br_ln26 = br void %load_col" [mmult_baseline.cpp:26]   --->   Operation 80 'br' 'br_ln26' <Predicate = true> <Delay = 0.48>

State 13 <SV = 12> <Delay = 3.68>
ST_13 : Operation 81 [1/1] (0.00ns)   --->   "%j = phi i8 %add_ln26, void %load_col.split, i8 0, void %load_row.split" [mmult_baseline.cpp:26]   --->   Operation 81 'phi' 'j' <Predicate = true> <Delay = 0.00>
ST_13 : Operation 82 [1/1] (0.00ns)   --->   "%zext_ln26 = zext i8 %j" [mmult_baseline.cpp:26]   --->   Operation 82 'zext' 'zext_ln26' <Predicate = true> <Delay = 0.00>
ST_13 : Operation 83 [1/1] (1.20ns)   --->   "%icmp_ln26 = icmp_eq  i32 %zext_ln26, i32 %dim_read" [mmult_baseline.cpp:26]   --->   Operation 83 'icmp' 'icmp_ln26' <Predicate = true> <Delay = 1.20> <CoreInst = "Cmp">   --->   Core 9 'Cmp' <Latency = 0> <II = 1> <Delay = 1.20> <FuncUnit> <Opcode : 'seteq' 'setne' 'setle' 'setge' 'setlt' 'setgt'> <InPorts = 2> <OutPorts = 1>
ST_13 : Operation 84 [1/1] (0.90ns)   --->   "%add_ln26 = add i8 %j, i8 1" [mmult_baseline.cpp:26]   --->   Operation 84 'add' 'add_ln26' <Predicate = true> <Delay = 0.90> <CoreInst = "Adder">   --->   Core 1 'Adder' <Latency = 0> <II = 1> <Delay = 0.90> <FuncUnit> <Opcode : 'add' 'sub'> <InPorts = 2> <OutPorts = 1>
ST_13 : Operation 85 [1/1] (0.00ns)   --->   "%br_ln26 = br i1 %icmp_ln26, void %load_col.split, void %for.inc46" [mmult_baseline.cpp:26]   --->   Operation 85 'br' 'br_ln26' <Predicate = true> <Delay = 0.00>
ST_13 : Operation 86 [2/2] (2.48ns)   --->   "%call_ln31 = call void @mmult_hw_Pipeline_load_col, i32 %gmem1, i32 %dim_read, i16 %trunc_ln31, i8 %j, i64 %in2_read, i32 %colB" [mmult_baseline.cpp:31]   --->   Operation 86 'call' 'call_ln31' <Predicate = (!icmp_ln26)> <Delay = 2.48> <CoreType = "Generic">   --->   Core 0 '' <Latency = 0> <II = 1> <Delay = 1.00> <Generic> <Opcode : >
ST_13 : Operation 87 [1/1] (0.48ns)   --->   "%store_ln19 = store i31 %add_ln19, i31 %i" [mmult_baseline.cpp:19]   --->   Operation 87 'store' 'store_ln19' <Predicate = (icmp_ln26)> <Delay = 0.48>
ST_13 : Operation 88 [1/1] (0.00ns)   --->   "%br_ln19 = br void %load_row" [mmult_baseline.cpp:19]   --->   Operation 88 'br' 'br_ln19' <Predicate = (icmp_ln26)> <Delay = 0.00>

State 14 <SV = 13> <Delay = 0.00>
ST_14 : Operation 89 [1/2] (0.00ns)   --->   "%call_ln31 = call void @mmult_hw_Pipeline_load_col, i32 %gmem1, i32 %dim_read, i16 %trunc_ln31, i8 %j, i64 %in2_read, i32 %colB" [mmult_baseline.cpp:31]   --->   Operation 89 'call' 'call_ln31' <Predicate = true> <Delay = 0.00> <CoreType = "Generic">   --->   Core 0 '' <Latency = 0> <II = 1> <Delay = 1.00> <Generic> <Opcode : >

State 15 <SV = 14> <Delay = 1.69>
ST_15 : Operation 90 [2/2] (1.69ns)   --->   "%call_ln0 = call void @mmult_hw_Pipeline_loop3, i32 %dim_read, i32 %rowA, i32 %colB, i32 %sum_loc"   --->   Operation 90 'call' 'call_ln0' <Predicate = true> <Delay = 1.69> <CoreType = "Generic">   --->   Core 0 '' <Latency = 0> <II = 1> <Delay = 1.00> <Generic> <Opcode : >

State 16 <SV = 15> <Delay = 2.18>
ST_16 : Operation 91 [1/2] (2.18ns)   --->   "%call_ln0 = call void @mmult_hw_Pipeline_loop3, i32 %dim_read, i32 %rowA, i32 %colB, i32 %sum_loc"   --->   Operation 91 'call' 'call_ln0' <Predicate = true> <Delay = 2.18> <CoreType = "Generic">   --->   Core 0 '' <Latency = 0> <II = 1> <Delay = 1.00> <Generic> <Opcode : >

State 17 <SV = 16> <Delay = 7.30>
ST_17 : Operation 92 [1/1] (0.00ns)   --->   "%speclooptripcount_ln27 = speclooptripcount void @_ssdm_op_SpecLoopTripCount, i64 128, i64 128, i64 128" [mmult_baseline.cpp:27]   --->   Operation 92 'speclooptripcount' 'speclooptripcount_ln27' <Predicate = true> <Delay = 0.00>
ST_17 : Operation 93 [1/1] (0.00ns)   --->   "%specloopname_ln26 = specloopname void @_ssdm_op_SpecLoopName, void @empty_18" [mmult_baseline.cpp:26]   --->   Operation 93 'specloopname' 'specloopname_ln26' <Predicate = true> <Delay = 0.00>
ST_17 : Operation 94 [1/1] (0.00ns)   --->   "%sum_loc_load = load i32 %sum_loc"   --->   Operation 94 'load' 'sum_loc_load' <Predicate = true> <Delay = 0.00>
ST_17 : Operation 95 [1/1] (7.30ns)   --->   "%write_ln39 = write void @_ssdm_op_Write.m_axi.p1i32, i32 %gmem2_addr, i32 %sum_loc_load, i4 15" [mmult_baseline.cpp:39]   --->   Operation 95 'write' 'write_ln39' <Predicate = true> <Delay = 7.30> <CoreInst = "m_axi">   --->   Core 119 'm_axi' <Latency = 0> <II = 1> <Delay = 1.00> <Adapter> <Opcode : 'read' 'write' 'readreq' 'writereq' 'writeresp'>
ST_17 : Operation 96 [1/1] (0.00ns)   --->   "%br_ln26 = br void %load_col" [mmult_baseline.cpp:26]   --->   Operation 96 'br' 'br_ln26' <Predicate = true> <Delay = 0.00>

State 18 <SV = 11> <Delay = 7.30>
ST_18 : Operation 97 [5/5] (7.30ns)   --->   "%empty_27 = writeresp i1 @_ssdm_op_WriteResp.m_axi.p1i32, i32 %gmem2_addr" [mmult_baseline.cpp:42]   --->   Operation 97 'writeresp' 'empty_27' <Predicate = true> <Delay = 7.30> <CoreInst = "m_axi">   --->   Core 119 'm_axi' <Latency = 0> <II = 1> <Delay = 1.00> <Adapter> <Opcode : 'read' 'write' 'readreq' 'writereq' 'writeresp'>

State 19 <SV = 12> <Delay = 7.30>
ST_19 : Operation 98 [4/5] (7.30ns)   --->   "%empty_27 = writeresp i1 @_ssdm_op_WriteResp.m_axi.p1i32, i32 %gmem2_addr" [mmult_baseline.cpp:42]   --->   Operation 98 'writeresp' 'empty_27' <Predicate = true> <Delay = 7.30> <CoreInst = "m_axi">   --->   Core 119 'm_axi' <Latency = 0> <II = 1> <Delay = 1.00> <Adapter> <Opcode : 'read' 'write' 'readreq' 'writereq' 'writeresp'>

State 20 <SV = 13> <Delay = 7.30>
ST_20 : Operation 99 [3/5] (7.30ns)   --->   "%empty_27 = writeresp i1 @_ssdm_op_WriteResp.m_axi.p1i32, i32 %gmem2_addr" [mmult_baseline.cpp:42]   --->   Operation 99 'writeresp' 'empty_27' <Predicate = true> <Delay = 7.30> <CoreInst = "m_axi">   --->   Core 119 'm_axi' <Latency = 0> <II = 1> <Delay = 1.00> <Adapter> <Opcode : 'read' 'write' 'readreq' 'writereq' 'writeresp'>

State 21 <SV = 14> <Delay = 7.30>
ST_21 : Operation 100 [2/5] (7.30ns)   --->   "%empty_27 = writeresp i1 @_ssdm_op_WriteResp.m_axi.p1i32, i32 %gmem2_addr" [mmult_baseline.cpp:42]   --->   Operation 100 'writeresp' 'empty_27' <Predicate = true> <Delay = 7.30> <CoreInst = "m_axi">   --->   Core 119 'm_axi' <Latency = 0> <II = 1> <Delay = 1.00> <Adapter> <Opcode : 'read' 'write' 'readreq' 'writereq' 'writeresp'>

State 22 <SV = 15> <Delay = 7.30>
ST_22 : Operation 101 [1/5] (7.30ns)   --->   "%empty_27 = writeresp i1 @_ssdm_op_WriteResp.m_axi.p1i32, i32 %gmem2_addr" [mmult_baseline.cpp:42]   --->   Operation 101 'writeresp' 'empty_27' <Predicate = true> <Delay = 7.30> <CoreInst = "m_axi">   --->   Core 119 'm_axi' <Latency = 0> <II = 1> <Delay = 1.00> <Adapter> <Opcode : 'read' 'write' 'readreq' 'writereq' 'writeresp'>
ST_22 : Operation 102 [1/1] (0.00ns)   --->   "%ret_ln42 = ret" [mmult_baseline.cpp:42]   --->   Operation 102 'ret' 'ret_ln42' <Predicate = true> <Delay = 0.00>


============================================================
+ Verbose Summary: Binding
============================================================
STG Binding: 
---------------- STG Properties BEGIN ----------------
- Is combinational: 0
- Is one-state seq: 0
- Is datapath-only: 0
- Is pipelined: 0
- Is top level: 1
Port [ Return ] is wired: 1; IO mode=ap_ctrl_hs:ce=0
Port [ gmem0]:  wired=1; compound=1; hidden=0; nouse=0; global=0; static=0; extern=0; dir=0; type=4; pingpong=0; private_global=0; IO mode=m_axi:ce=0
Port [ gmem1]:  wired=1; compound=1; hidden=0; nouse=0; global=0; static=0; extern=0; dir=0; type=4; pingpong=0; private_global=0; IO mode=m_axi:ce=0
Port [ gmem2]:  wired=1; compound=1; hidden=0; nouse=0; global=0; static=0; extern=0; dir=1; type=4; pingpong=0; private_global=0; IO mode=m_axi:ce=0
Port [ in1]:  wired=1; compound=0; hidden=0; nouse=0; global=0; static=0; extern=0; dir=0; type=0; pingpong=0; private_global=0; IO mode=ap_none:ce=0
Port [ in2]:  wired=1; compound=0; hidden=0; nouse=0; global=0; static=0; extern=0; dir=0; type=0; pingpong=0; private_global=0; IO mode=ap_none:ce=0
Port [ out_r]:  wired=1; compound=0; hidden=0; nouse=0; global=0; static=0; extern=0; dir=0; type=0; pingpong=0; private_global=0; IO mode=ap_none:ce=0
Port [ dim]:  wired=1; compound=0; hidden=0; nouse=0; global=0; static=0; extern=0; dir=0; type=0; pingpong=0; private_global=0; IO mode=ap_none:ce=0
---------------- STG Properties END ------------------

---------------- Datapath Model BEGIN ----------------

<LifeTime>
<method=bitvector/>
i                      (alloca           ) [ 01111111111111111100000]
dim_read               (read             ) [ 00111111111111111100000]
out_r_read             (read             ) [ 00000000000000000000000]
in2_read               (read             ) [ 00111111111111111100000]
in1_read               (read             ) [ 00000000000000000000000]
sum_loc                (alloca           ) [ 00111111111111111100000]
rowA                   (alloca           ) [ 00111111111111111100000]
colB                   (alloca           ) [ 00111111111111111100000]
icmp_ln19              (icmp             ) [ 00100000000000000000000]
trunc_ln31             (trunc            ) [ 00111111111111111100000]
trunc_ln1              (partselect       ) [ 00111111111111111100000]
trunc_ln19_1           (partselect       ) [ 00000000000000000000000]
sext_ln19_1            (sext             ) [ 00000000000000000000000]
gmem2_addr             (getelementptr    ) [ 00111111111111111111111]
store_ln0              (store            ) [ 00000000000000000000000]
zext_ln19              (zext             ) [ 00000000000000000000000]
mul_ln19               (mul              ) [ 00000000000000000000000]
empty                  (select           ) [ 00010000000000000000000]
sext_ln19              (sext             ) [ 00000000000000000000000]
gmem0_addr             (getelementptr    ) [ 00001111111000000000000]
zext_ln19_1            (zext             ) [ 00001111111000000000000]
empty_26               (writereq         ) [ 00000000000000000000000]
spectopmodule_ln7      (spectopmodule    ) [ 00000000000000000000000]
specinterface_ln0      (specinterface    ) [ 00000000000000000000000]
specbitsmap_ln0        (specbitsmap      ) [ 00000000000000000000000]
specinterface_ln0      (specinterface    ) [ 00000000000000000000000]
specbitsmap_ln0        (specbitsmap      ) [ 00000000000000000000000]
specinterface_ln0      (specinterface    ) [ 00000000000000000000000]
specbitsmap_ln0        (specbitsmap      ) [ 00000000000000000000000]
specinterface_ln0      (specinterface    ) [ 00000000000000000000000]
specinterface_ln0      (specinterface    ) [ 00000000000000000000000]
specinterface_ln0      (specinterface    ) [ 00000000000000000000000]
specinterface_ln0      (specinterface    ) [ 00000000000000000000000]
specinterface_ln0      (specinterface    ) [ 00000000000000000000000]
specinterface_ln0      (specinterface    ) [ 00000000000000000000000]
specbitsmap_ln0        (specbitsmap      ) [ 00000000000000000000000]
specinterface_ln0      (specinterface    ) [ 00000000000000000000000]
specinterface_ln0      (specinterface    ) [ 00000000000000000000000]
specinterface_ln0      (specinterface    ) [ 00000000000000000000000]
empty_25               (readreq          ) [ 00000000000000000000000]
br_ln19                (br               ) [ 00000000000000000000000]
i_load                 (load             ) [ 00000000000000000000000]
zext_ln19_2            (zext             ) [ 00000000000000000000000]
icmp_ln19_1            (icmp             ) [ 00000000000111111100000]
add_ln19               (add              ) [ 00000000000011111100000]
br_ln19                (br               ) [ 00000000000000000000000]
speclooptripcount_ln20 (speclooptripcount) [ 00000000000000000000000]
specloopname_ln19      (specloopname     ) [ 00000000000000000000000]
call_ln19              (call             ) [ 00000000000000000000000]
br_ln26                (br               ) [ 00000000000111111100000]
j                      (phi              ) [ 00000000000001100000000]
zext_ln26              (zext             ) [ 00000000000000000000000]
icmp_ln26              (icmp             ) [ 00000000000111111100000]
add_ln26               (add              ) [ 00000000000111111100000]
br_ln26                (br               ) [ 00000000000000000000000]
store_ln19             (store            ) [ 00000000000000000000000]
br_ln19                (br               ) [ 00000000000000000000000]
call_ln31              (call             ) [ 00000000000000000000000]
call_ln0               (call             ) [ 00000000000000000000000]
speclooptripcount_ln27 (speclooptripcount) [ 00000000000000000000000]
specloopname_ln26      (specloopname     ) [ 00000000000000000000000]
sum_loc_load           (load             ) [ 00000000000000000000000]
write_ln39             (write            ) [ 00000000000000000000000]
br_ln26                (br               ) [ 00000000000111111100000]
empty_27               (writeresp        ) [ 00000000000000000000000]
ret_ln42               (ret              ) [ 00000000000000000000000]
</LifeTime>

<model>

<comp_list>
<comp id="0" class="1000" name="gmem0">
<pin_list>
<pin id="1" dir="1" index="0" bw="1" slack="0"/>
</pin_list>
<bind>
<StgValue><ssdm name="gmem0"/></StgValue>
</bind>
</comp>

<comp id="2" class="1000" name="gmem1">
<pin_list>
<pin id="3" dir="1" index="0" bw="1" slack="0"/>
</pin_list>
<bind>
<StgValue><ssdm name="gmem1"/></StgValue>
</bind>
</comp>

<comp id="4" class="1000" name="gmem2">
<pin_list>
<pin id="5" dir="1" index="0" bw="1" slack="0"/>
</pin_list>
<bind>
<StgValue><ssdm name="gmem2"/></StgValue>
</bind>
</comp>

<comp id="6" class="1000" name="in1">
<pin_list>
<pin id="7" dir="1" index="0" bw="1" slack="0"/>
</pin_list>
<bind>
<StgValue><ssdm name="in1"/></StgValue>
</bind>
</comp>

<comp id="8" class="1000" name="in2">
<pin_list>
<pin id="9" dir="1" index="0" bw="1" slack="0"/>
</pin_list>
<bind>
<StgValue><ssdm name="in2"/></StgValue>
</bind>
</comp>

<comp id="10" class="1000" name="out_r">
<pin_list>
<pin id="11" dir="1" index="0" bw="1" slack="0"/>
</pin_list>
<bind>
<StgValue><ssdm name="out_r"/></StgValue>
</bind>
</comp>

<comp id="12" class="1000" name="dim">
<pin_list>
<pin id="13" dir="1" index="0" bw="1" slack="0"/>
</pin_list>
<bind>
<StgValue><ssdm name="dim"/></StgValue>
</bind>
</comp>

<comp id="14" class="1001" name="const_14">
<pin_list>
<pin id="15" dir="1" index="0" bw="1" slack="0"/>
</pin_list>
<bind>
<StgValue><ssdm name=""/></StgValue>
</bind>
</comp>

<comp id="16" class="1001" name="const_16">
<pin_list>
<pin id="17" dir="1" index="0" bw="1" slack="0"/>
</pin_list>
<bind>
<StgValue><ssdm name="_ssdm_op_Read.s_axilite.i32"/></StgValue>
</bind>
</comp>

<comp id="18" class="1001" name="const_18">
<pin_list>
<pin id="19" dir="1" index="0" bw="1" slack="0"/>
</pin_list>
<bind>
<StgValue><ssdm name="_ssdm_op_Read.s_axilite.i64"/></StgValue>
</bind>
</comp>

<comp id="20" class="1001" name="const_20">
<pin_list>
<pin id="21" dir="1" index="0" bw="1" slack="0"/>
</pin_list>
<bind>
<StgValue><ssdm name=""/></StgValue>
</bind>
</comp>

<comp id="22" class="1001" name="const_22">
<pin_list>
<pin id="23" dir="1" index="0" bw="1" slack="0"/>
</pin_list>
<bind>
<StgValue><ssdm name=""/></StgValue>
</bind>
</comp>

<comp id="24" class="1001" name="const_24">
<pin_list>
<pin id="25" dir="1" index="0" bw="1" slack="0"/>
</pin_list>
<bind>
<StgValue><ssdm name="_ssdm_op_PartSelect.i62.i64.i32.i32"/></StgValue>
</bind>
</comp>

<comp id="26" class="1001" name="const_26">
<pin_list>
<pin id="27" dir="1" index="0" bw="1" slack="0"/>
</pin_list>
<bind>
<StgValue><ssdm name=""/></StgValue>
</bind>
</comp>

<comp id="28" class="1001" name="const_28">
<pin_list>
<pin id="29" dir="1" index="0" bw="1" slack="0"/>
</pin_list>
<bind>
<StgValue><ssdm name=""/></StgValue>
</bind>
</comp>

<comp id="30" class="1001" name="const_30">
<pin_list>
<pin id="31" dir="1" index="0" bw="1" slack="0"/>
</pin_list>
<bind>
<StgValue><ssdm name=""/></StgValue>
</bind>
</comp>

<comp id="32" class="1001" name="const_32">
<pin_list>
<pin id="33" dir="1" index="0" bw="1" slack="0"/>
</pin_list>
<bind>
<StgValue><ssdm name=""/></StgValue>
</bind>
</comp>

<comp id="34" class="1001" name="const_34">
<pin_list>
<pin id="35" dir="1" index="0" bw="1" slack="0"/>
</pin_list>
<bind>
<StgValue><ssdm name="_ssdm_op_ReadReq.m_axi.p1i32"/></StgValue>
</bind>
</comp>

<comp id="36" class="1001" name="const_36">
<pin_list>
<pin id="37" dir="1" index="0" bw="1" slack="0"/>
</pin_list>
<bind>
<StgValue><ssdm name="_ssdm_op_WriteReq.m_axi.p1i32"/></StgValue>
</bind>
</comp>

<comp id="38" class="1001" name="const_38">
<pin_list>
<pin id="39" dir="1" index="0" bw="1" slack="2147483647"/>
</pin_list>
<bind>
<StgValue><ssdm name="_ssdm_op_SpecTopModule"/></StgValue>
</bind>
</comp>

<comp id="40" class="1001" name="const_40">
<pin_list>
<pin id="41" dir="1" index="0" bw="1" slack="2147483647"/>
</pin_list>
<bind>
<StgValue><ssdm name="empty_14"/></StgValue>
</bind>
</comp>

<comp id="42" class="1001" name="const_42">
<pin_list>
<pin id="43" dir="1" index="0" bw="1" slack="2147483647"/>
</pin_list>
<bind>
<StgValue><ssdm name="_ssdm_op_SpecInterface"/></StgValue>
</bind>
</comp>

<comp id="44" class="1001" name="const_44">
<pin_list>
<pin id="45" dir="1" index="0" bw="1" slack="2147483647"/>
</pin_list>
<bind>
<StgValue><ssdm name="empty"/></StgValue>
</bind>
</comp>

<comp id="46" class="1001" name="const_46">
<pin_list>
<pin id="47" dir="1" index="0" bw="1" slack="2147483647"/>
</pin_list>
<bind>
<StgValue><ssdm name="empty_0"/></StgValue>
</bind>
</comp>

<comp id="48" class="1001" name="const_48">
<pin_list>
<pin id="49" dir="1" index="0" bw="1" slack="2147483647"/>
</pin_list>
<bind>
<StgValue><ssdm name=""/></StgValue>
</bind>
</comp>

<comp id="50" class="1001" name="const_50">
<pin_list>
<pin id="51" dir="1" index="0" bw="1" slack="2147483647"/>
</pin_list>
<bind>
<StgValue><ssdm name="empty_1"/></StgValue>
</bind>
</comp>

<comp id="52" class="1001" name="const_52">
<pin_list>
<pin id="53" dir="1" index="0" bw="1" slack="2147483647"/>
</pin_list>
<bind>
<StgValue><ssdm name="empty_2"/></StgValue>
</bind>
</comp>

<comp id="54" class="1001" name="const_54">
<pin_list>
<pin id="55" dir="1" index="0" bw="1" slack="2147483647"/>
</pin_list>
<bind>
<StgValue><ssdm name=""/></StgValue>
</bind>
</comp>

<comp id="56" class="1001" name="const_56">
<pin_list>
<pin id="57" dir="1" index="0" bw="1" slack="2147483647"/>
</pin_list>
<bind>
<StgValue><ssdm name=""/></StgValue>
</bind>
</comp>

<comp id="58" class="1001" name="const_58">
<pin_list>
<pin id="59" dir="1" index="0" bw="1" slack="2147483647"/>
</pin_list>
<bind>
<StgValue><ssdm name="_ssdm_op_SpecBitsMap"/></StgValue>
</bind>
</comp>

<comp id="60" class="1001" name="const_60">
<pin_list>
<pin id="61" dir="1" index="0" bw="1" slack="2147483647"/>
</pin_list>
<bind>
<StgValue><ssdm name="empty_3"/></StgValue>
</bind>
</comp>

<comp id="62" class="1001" name="const_62">
<pin_list>
<pin id="63" dir="1" index="0" bw="1" slack="2147483647"/>
</pin_list>
<bind>
<StgValue><ssdm name="empty_4"/></StgValue>
</bind>
</comp>

<comp id="64" class="1001" name="const_64">
<pin_list>
<pin id="65" dir="1" index="0" bw="1" slack="2147483647"/>
</pin_list>
<bind>
<StgValue><ssdm name="empty_5"/></StgValue>
</bind>
</comp>

<comp id="66" class="1001" name="const_66">
<pin_list>
<pin id="67" dir="1" index="0" bw="1" slack="2147483647"/>
</pin_list>
<bind>
<StgValue><ssdm name="empty_6"/></StgValue>
</bind>
</comp>

<comp id="68" class="1001" name="const_68">
<pin_list>
<pin id="69" dir="1" index="0" bw="1" slack="2147483647"/>
</pin_list>
<bind>
<StgValue><ssdm name="empty_7"/></StgValue>
</bind>
</comp>

<comp id="70" class="1001" name="const_70">
<pin_list>
<pin id="71" dir="1" index="0" bw="1" slack="2147483647"/>
</pin_list>
<bind>
<StgValue><ssdm name="empty_8"/></StgValue>
</bind>
</comp>

<comp id="72" class="1001" name="const_72">
<pin_list>
<pin id="73" dir="1" index="0" bw="1" slack="2147483647"/>
</pin_list>
<bind>
<StgValue><ssdm name="empty_9"/></StgValue>
</bind>
</comp>

<comp id="74" class="1001" name="const_74">
<pin_list>
<pin id="75" dir="1" index="0" bw="1" slack="2147483647"/>
</pin_list>
<bind>
<StgValue><ssdm name="empty_10"/></StgValue>
</bind>
</comp>

<comp id="76" class="1001" name="const_76">
<pin_list>
<pin id="77" dir="1" index="0" bw="1" slack="2147483647"/>
</pin_list>
<bind>
<StgValue><ssdm name="empty_11"/></StgValue>
</bind>
</comp>

<comp id="78" class="1001" name="const_78">
<pin_list>
<pin id="79" dir="1" index="0" bw="1" slack="2147483647"/>
</pin_list>
<bind>
<StgValue><ssdm name="empty_12"/></StgValue>
</bind>
</comp>

<comp id="80" class="1001" name="const_80">
<pin_list>
<pin id="81" dir="1" index="0" bw="1" slack="2147483647"/>
</pin_list>
<bind>
<StgValue><ssdm name="empty_13"/></StgValue>
</bind>
</comp>

<comp id="82" class="1001" name="const_82">
<pin_list>
<pin id="83" dir="1" index="0" bw="1" slack="0"/>
</pin_list>
<bind>
<StgValue><ssdm name=""/></StgValue>
</bind>
</comp>

<comp id="84" class="1001" name="const_84">
<pin_list>
<pin id="85" dir="1" index="0" bw="1" slack="0"/>
</pin_list>
<bind>
<StgValue><ssdm name="mmult_hw_Pipeline_load_row"/></StgValue>
</bind>
</comp>

<comp id="86" class="1001" name="const_86">
<pin_list>
<pin id="87" dir="1" index="0" bw="1" slack="2147483647"/>
</pin_list>
<bind>
<StgValue><ssdm name="_ssdm_op_SpecLoopTripCount"/></StgValue>
</bind>
</comp>

<comp id="88" class="1001" name="const_88">
<pin_list>
<pin id="89" dir="1" index="0" bw="1" slack="2147483647"/>
</pin_list>
<bind>
<StgValue><ssdm name=""/></StgValue>
</bind>
</comp>

<comp id="90" class="1001" name="const_90">
<pin_list>
<pin id="91" dir="1" index="0" bw="1" slack="2147483647"/>
</pin_list>
<bind>
<StgValue><ssdm name="_ssdm_op_SpecLoopName"/></StgValue>
</bind>
</comp>

<comp id="92" class="1001" name="const_92">
<pin_list>
<pin id="93" dir="1" index="0" bw="1" slack="2147483647"/>
</pin_list>
<bind>
<StgValue><ssdm name="empty_19"/></StgValue>
</bind>
</comp>

<comp id="94" class="1001" name="const_94">
<pin_list>
<pin id="95" dir="1" index="0" bw="1" slack="1"/>
</pin_list>
<bind>
<StgValue><ssdm name=""/></StgValue>
</bind>
</comp>

<comp id="96" class="1001" name="const_96">
<pin_list>
<pin id="97" dir="1" index="0" bw="1" slack="0"/>
</pin_list>
<bind>
<StgValue><ssdm name=""/></StgValue>
</bind>
</comp>

<comp id="98" class="1001" name="const_98">
<pin_list>
<pin id="99" dir="1" index="0" bw="1" slack="0"/>
</pin_list>
<bind>
<StgValue><ssdm name="mmult_hw_Pipeline_load_col"/></StgValue>
</bind>
</comp>

<comp id="100" class="1001" name="const_100">
<pin_list>
<pin id="101" dir="1" index="0" bw="1" slack="0"/>
</pin_list>
<bind>
<StgValue><ssdm name="mmult_hw_Pipeline_loop3"/></StgValue>
</bind>
</comp>

<comp id="102" class="1001" name="const_102">
<pin_list>
<pin id="103" dir="1" index="0" bw="1" slack="2147483647"/>
</pin_list>
<bind>
<StgValue><ssdm name="empty_18"/></StgValue>
</bind>
</comp>

<comp id="104" class="1001" name="const_104">
<pin_list>
<pin id="105" dir="1" index="0" bw="1" slack="0"/>
</pin_list>
<bind>
<StgValue><ssdm name="_ssdm_op_Write.m_axi.p1i32"/></StgValue>
</bind>
</comp>

<comp id="106" class="1001" name="const_106">
<pin_list>
<pin id="107" dir="1" index="0" bw="1" slack="0"/>
</pin_list>
<bind>
<StgValue><ssdm name=""/></StgValue>
</bind>
</comp>

<comp id="108" class="1001" name="const_108">
<pin_list>
<pin id="109" dir="1" index="0" bw="1" slack="0"/>
</pin_list>
<bind>
<StgValue><ssdm name="_ssdm_op_WriteResp.m_axi.p1i32"/></StgValue>
</bind>
</comp>

<comp id="110" class="1004" name="i_fu_110">
<pin_list>
<pin id="111" dir="0" index="0" bw="1" slack="0"/>
<pin id="112" dir="1" index="1" bw="31" slack="0"/>
</pin_list>
<bind>
<opcode="alloca(26) " fcode="alloca"/>
<opset="i/1 "/>
</bind>
</comp>

<comp id="114" class="1004" name="sum_loc_fu_114">
<pin_list>
<pin id="115" dir="0" index="0" bw="1" slack="0"/>
<pin id="116" dir="1" index="1" bw="32" slack="14"/>
</pin_list>
<bind>
<opcode="alloca(26) " fcode="alloca"/>
<opset="sum_loc/1 "/>
</bind>
</comp>

<comp id="118" class="1004" name="rowA_alloca_fu_118">
<pin_list>
<pin id="119" dir="0" index="0" bw="1" slack="0"/>
<pin id="120" dir="1" index="1" bw="32" slack="2147483647"/>
</pin_list>
<bind>
<opcode="alloca(26) " fcode="alloca"/>
<opset="rowA/1 "/>
</bind>
</comp>

<comp id="122" class="1004" name="colB_alloca_fu_122">
<pin_list>
<pin id="123" dir="0" index="0" bw="1" slack="0"/>
<pin id="124" dir="1" index="1" bw="32" slack="2147483647"/>
</pin_list>
<bind>
<opcode="alloca(26) " fcode="alloca"/>
<opset="colB/1 "/>
</bind>
</comp>

<comp id="126" class="1004" name="dim_read_read_fu_126">
<pin_list>
<pin id="127" dir="0" index="0" bw="32" slack="0"/>
<pin id="128" dir="0" index="1" bw="32" slack="0"/>
<pin id="129" dir="1" index="2" bw="32" slack="0"/>
</pin_list>
<bind>
<opcode="read(1150) " fcode="read"/>
<opset="dim_read/1 "/>
</bind>
</comp>

<comp id="132" class="1004" name="out_r_read_read_fu_132">
<pin_list>
<pin id="133" dir="0" index="0" bw="64" slack="0"/>
<pin id="134" dir="0" index="1" bw="64" slack="0"/>
<pin id="135" dir="1" index="2" bw="64" slack="0"/>
</pin_list>
<bind>
<opcode="read(1150) " fcode="read"/>
<opset="out_r_read/1 "/>
</bind>
</comp>

<comp id="138" class="1004" name="in2_read_read_fu_138">
<pin_list>
<pin id="139" dir="0" index="0" bw="64" slack="0"/>
<pin id="140" dir="0" index="1" bw="64" slack="0"/>
<pin id="141" dir="1" index="2" bw="64" slack="12"/>
</pin_list>
<bind>
<opcode="read(1150) " fcode="read"/>
<opset="in2_read/1 "/>
</bind>
</comp>

<comp id="144" class="1004" name="in1_read_read_fu_144">
<pin_list>
<pin id="145" dir="0" index="0" bw="64" slack="0"/>
<pin id="146" dir="0" index="1" bw="64" slack="0"/>
<pin id="147" dir="1" index="2" bw="64" slack="0"/>
</pin_list>
<bind>
<opcode="read(1150) " fcode="read"/>
<opset="in1_read/1 "/>
</bind>
</comp>

<comp id="150" class="1004" name="grp_readreq_fu_150">
<pin_list>
<pin id="151" dir="0" index="0" bw="1" slack="0"/>
<pin id="152" dir="0" index="1" bw="32" slack="0"/>
<pin id="153" dir="0" index="2" bw="62" slack="0"/>
<pin id="154" dir="1" index="3" bw="1" slack="2147483647"/>
</pin_list>
<bind>
<opcode="readreq(1154) " fcode="readreq"/>
<opset="empty_25/3 "/>
</bind>
</comp>

<comp id="156" class="1004" name="grp_writeresp_fu_156">
<pin_list>
<pin id="157" dir="0" index="0" bw="1" slack="0"/>
<pin id="158" dir="0" index="1" bw="32" slack="2"/>
<pin id="159" dir="0" index="2" bw="62" slack="0"/>
<pin id="160" dir="1" index="3" bw="1" slack="2147483647"/>
</pin_list>
<bind>
<opcode="writereq(1155) writeresp(1158) " fcode="writeresp"/>
<opset="empty_26/3 empty_27/18 "/>
</bind>
</comp>

<comp id="162" class="1004" name="write_ln39_write_fu_162">
<pin_list>
<pin id="163" dir="0" index="0" bw="0" slack="0"/>
<pin id="164" dir="0" index="1" bw="32" slack="16"/>
<pin id="165" dir="0" index="2" bw="32" slack="0"/>
<pin id="166" dir="0" index="3" bw="1" slack="0"/>
<pin id="167" dir="1" index="4" bw="0" slack="2147483647"/>
</pin_list>
<bind>
<opcode="write(1151) " fcode="write"/>
<opset="write_ln39/17 "/>
</bind>
</comp>

<comp id="171" class="1005" name="j_reg_171">
<pin_list>
<pin id="172" dir="0" index="0" bw="8" slack="1"/>
<pin id="173" dir="1" index="1" bw="8" slack="1"/>
</pin_list>
<bind>
<opset="j (phireg) "/>
</bind>
</comp>

<comp id="175" class="1004" name="j_phi_fu_175">
<pin_list>
<pin id="176" dir="0" index="0" bw="8" slack="0"/>
<pin id="177" dir="0" index="1" bw="0" slack="2147483647"/>
<pin id="178" dir="0" index="2" bw="1" slack="1"/>
<pin id="179" dir="0" index="3" bw="0" slack="2147483647"/>
<pin id="180" dir="1" index="4" bw="8" slack="0"/>
</pin_list>
<bind>
<opcode="phi(47) " fcode="phi"/>
<opset="j/13 "/>
</bind>
</comp>

<comp id="183" class="1004" name="grp_mmult_hw_Pipeline_load_row_fu_183">
<pin_list>
<pin id="184" dir="0" index="0" bw="0" slack="0"/>
<pin id="185" dir="0" index="1" bw="32" slack="0"/>
<pin id="186" dir="0" index="2" bw="32" slack="10"/>
<pin id="187" dir="0" index="3" bw="62" slack="10"/>
<pin id="188" dir="0" index="4" bw="32" slack="2147483647"/>
<pin id="189" dir="1" index="5" bw="0" slack="2147483647"/>
</pin_list>
<bind>
<opcode="call(48) " fcode="call"/>
<opset="call_ln19/11 "/>
</bind>
</comp>

<comp id="192" class="1004" name="grp_mmult_hw_Pipeline_load_col_fu_192">
<pin_list>
<pin id="193" dir="0" index="0" bw="0" slack="0"/>
<pin id="194" dir="0" index="1" bw="32" slack="0"/>
<pin id="195" dir="0" index="2" bw="32" slack="12"/>
<pin id="196" dir="0" index="3" bw="16" slack="12"/>
<pin id="197" dir="0" index="4" bw="8" slack="0"/>
<pin id="198" dir="0" index="5" bw="64" slack="12"/>
<pin id="199" dir="0" index="6" bw="32" slack="2147483647"/>
<pin id="200" dir="1" index="7" bw="0" slack="2147483647"/>
</pin_list>
<bind>
<opcode="call(48) " fcode="call"/>
<opset="call_ln31/13 "/>
</bind>
</comp>

<comp id="204" class="1004" name="grp_mmult_hw_Pipeline_loop3_fu_204">
<pin_list>
<pin id="205" dir="0" index="0" bw="0" slack="0"/>
<pin id="206" dir="0" index="1" bw="32" slack="14"/>
<pin id="207" dir="0" index="2" bw="32" slack="2147483647"/>
<pin id="208" dir="0" index="3" bw="32" slack="2147483647"/>
<pin id="209" dir="0" index="4" bw="32" slack="14"/>
<pin id="210" dir="1" index="5" bw="0" slack="2147483647"/>
</pin_list>
<bind>
<opcode="call(48) " fcode="call"/>
<opset="call_ln0/15 "/>
</bind>
</comp>

<comp id="212" class="1004" name="mul_ln19_fu_212">
<pin_list>
<pin id="213" dir="0" index="0" bw="32" slack="0"/>
<pin id="214" dir="0" index="1" bw="32" slack="0"/>
<pin id="215" dir="1" index="2" bw="62" slack="0"/>
</pin_list>
<bind>
<opcode="mul(12) " fcode="mul"/>
<opset="mul_ln19/2 "/>
</bind>
</comp>

<comp id="216" class="1004" name="icmp_ln19_fu_216">
<pin_list>
<pin id="217" dir="0" index="0" bw="32" slack="0"/>
<pin id="218" dir="0" index="1" bw="1" slack="0"/>
<pin id="219" dir="1" index="2" bw="1" slack="1"/>
</pin_list>
<bind>
<opcode="icmp(45) " fcode="icmp"/>
<opset="icmp_ln19/1 "/>
</bind>
</comp>

<comp id="222" class="1004" name="trunc_ln31_fu_222">
<pin_list>
<pin id="223" dir="0" index="0" bw="32" slack="0"/>
<pin id="224" dir="1" index="1" bw="16" slack="12"/>
</pin_list>
<bind>
<opcode="trunc(33) " fcode="trunc"/>
<opset="trunc_ln31/1 "/>
</bind>
</comp>

<comp id="226" class="1004" name="trunc_ln1_fu_226">
<pin_list>
<pin id="227" dir="0" index="0" bw="62" slack="0"/>
<pin id="228" dir="0" index="1" bw="64" slack="0"/>
<pin id="229" dir="0" index="2" bw="3" slack="0"/>
<pin id="230" dir="0" index="3" bw="7" slack="0"/>
<pin id="231" dir="1" index="4" bw="62" slack="2"/>
</pin_list>
<bind>
<opcode="partselect(1002) " fcode="partselect"/>
<opset="trunc_ln1/1 "/>
</bind>
</comp>

<comp id="236" class="1004" name="trunc_ln19_1_fu_236">
<pin_list>
<pin id="237" dir="0" index="0" bw="62" slack="0"/>
<pin id="238" dir="0" index="1" bw="64" slack="0"/>
<pin id="239" dir="0" index="2" bw="3" slack="0"/>
<pin id="240" dir="0" index="3" bw="7" slack="0"/>
<pin id="241" dir="1" index="4" bw="62" slack="0"/>
</pin_list>
<bind>
<opcode="partselect(1002) " fcode="partselect"/>
<opset="trunc_ln19_1/1 "/>
</bind>
</comp>

<comp id="246" class="1004" name="sext_ln19_1_fu_246">
<pin_list>
<pin id="247" dir="0" index="0" bw="62" slack="0"/>
<pin id="248" dir="1" index="1" bw="64" slack="0"/>
</pin_list>
<bind>
<opcode="sext(35) " fcode="sext"/>
<opset="sext_ln19_1/1 "/>
</bind>
</comp>

<comp id="250" class="1004" name="gmem2_addr_fu_250">
<pin_list>
<pin id="251" dir="0" index="0" bw="32" slack="0"/>
<pin id="252" dir="0" index="1" bw="62" slack="0"/>
<pin id="253" dir="1" index="2" bw="32" slack="2"/>
</pin_list>
<bind>
<opcode="getelementptr(29) " fcode="getelementptr"/>
<opset="gmem2_addr/1 "/>
</bind>
</comp>

<comp id="256" class="1004" name="store_ln0_store_fu_256">
<pin_list>
<pin id="257" dir="0" index="0" bw="1" slack="0"/>
<pin id="258" dir="0" index="1" bw="31" slack="0"/>
<pin id="259" dir="1" index="2" bw="0" slack="2147483647"/>
</pin_list>
<bind>
<opcode="store(28) " fcode="store"/>
<opset="store_ln0/1 "/>
</bind>
</comp>

<comp id="261" class="1004" name="zext_ln19_fu_261">
<pin_list>
<pin id="262" dir="0" index="0" bw="32" slack="1"/>
<pin id="263" dir="1" index="1" bw="62" slack="0"/>
</pin_list>
<bind>
<opcode="zext(34) " fcode="zext"/>
<opset="zext_ln19/2 "/>
</bind>
</comp>

<comp id="266" class="1004" name="empty_fu_266">
<pin_list>
<pin id="267" dir="0" index="0" bw="1" slack="1"/>
<pin id="268" dir="0" index="1" bw="62" slack="0"/>
<pin id="269" dir="0" index="2" bw="1" slack="0"/>
<pin id="270" dir="1" index="3" bw="62" slack="1"/>
</pin_list>
<bind>
<opcode="select(49) " fcode="select"/>
<opset="empty/2 "/>
</bind>
</comp>

<comp id="273" class="1004" name="sext_ln19_fu_273">
<pin_list>
<pin id="274" dir="0" index="0" bw="62" slack="2"/>
<pin id="275" dir="1" index="1" bw="64" slack="0"/>
</pin_list>
<bind>
<opcode="sext(35) " fcode="sext"/>
<opset="sext_ln19/3 "/>
</bind>
</comp>

<comp id="276" class="1004" name="gmem0_addr_fu_276">
<pin_list>
<pin id="277" dir="0" index="0" bw="32" slack="0"/>
<pin id="278" dir="0" index="1" bw="62" slack="0"/>
<pin id="279" dir="1" index="2" bw="32" slack="0"/>
</pin_list>
<bind>
<opcode="getelementptr(29) " fcode="getelementptr"/>
<opset="gmem0_addr/3 "/>
</bind>
</comp>

<comp id="283" class="1004" name="zext_ln19_1_fu_283">
<pin_list>
<pin id="284" dir="0" index="0" bw="62" slack="1"/>
<pin id="285" dir="1" index="1" bw="64" slack="0"/>
</pin_list>
<bind>
<opcode="zext(34) " fcode="zext"/>
<opset="zext_ln19_1/3 "/>
</bind>
</comp>

<comp id="288" class="1004" name="i_load_load_fu_288">
<pin_list>
<pin id="289" dir="0" index="0" bw="31" slack="10"/>
<pin id="290" dir="1" index="1" bw="31" slack="0"/>
</pin_list>
<bind>
<opcode="load(27) " fcode="load"/>
<opset="i_load/11 "/>
</bind>
</comp>

<comp id="291" class="1004" name="zext_ln19_2_fu_291">
<pin_list>
<pin id="292" dir="0" index="0" bw="31" slack="0"/>
<pin id="293" dir="1" index="1" bw="32" slack="0"/>
</pin_list>
<bind>
<opcode="zext(34) " fcode="zext"/>
<opset="zext_ln19_2/11 "/>
</bind>
</comp>

<comp id="295" class="1004" name="icmp_ln19_1_fu_295">
<pin_list>
<pin id="296" dir="0" index="0" bw="31" slack="0"/>
<pin id="297" dir="0" index="1" bw="32" slack="10"/>
<pin id="298" dir="1" index="2" bw="1" slack="2147483647"/>
</pin_list>
<bind>
<opcode="icmp(45) " fcode="icmp"/>
<opset="icmp_ln19_1/11 "/>
</bind>
</comp>

<comp id="300" class="1004" name="add_ln19_fu_300">
<pin_list>
<pin id="301" dir="0" index="0" bw="31" slack="0"/>
<pin id="302" dir="0" index="1" bw="1" slack="0"/>
<pin id="303" dir="1" index="2" bw="31" slack="2"/>
</pin_list>
<bind>
<opcode="add(8) " fcode="add"/>
<opset="add_ln19/11 "/>
</bind>
</comp>

<comp id="306" class="1004" name="zext_ln26_fu_306">
<pin_list>
<pin id="307" dir="0" index="0" bw="8" slack="0"/>
<pin id="308" dir="1" index="1" bw="32" slack="0"/>
</pin_list>
<bind>
<opcode="zext(34) " fcode="zext"/>
<opset="zext_ln26/13 "/>
</bind>
</comp>

<comp id="310" class="1004" name="icmp_ln26_fu_310">
<pin_list>
<pin id="311" dir="0" index="0" bw="8" slack="0"/>
<pin id="312" dir="0" index="1" bw="32" slack="12"/>
<pin id="313" dir="1" index="2" bw="1" slack="2147483647"/>
</pin_list>
<bind>
<opcode="icmp(45) " fcode="icmp"/>
<opset="icmp_ln26/13 "/>
</bind>
</comp>

<comp id="315" class="1004" name="add_ln26_fu_315">
<pin_list>
<pin id="316" dir="0" index="0" bw="8" slack="0"/>
<pin id="317" dir="0" index="1" bw="1" slack="0"/>
<pin id="318" dir="1" index="2" bw="8" slack="0"/>
</pin_list>
<bind>
<opcode="add(8) " fcode="add"/>
<opset="add_ln26/13 "/>
</bind>
</comp>

<comp id="321" class="1004" name="store_ln19_store_fu_321">
<pin_list>
<pin id="322" dir="0" index="0" bw="31" slack="2"/>
<pin id="323" dir="0" index="1" bw="31" slack="12"/>
<pin id="324" dir="1" index="2" bw="0" slack="2147483647"/>
</pin_list>
<bind>
<opcode="store(28) " fcode="store"/>
<opset="store_ln19/13 "/>
</bind>
</comp>

<comp id="325" class="1004" name="sum_loc_load_load_fu_325">
<pin_list>
<pin id="326" dir="0" index="0" bw="32" slack="16"/>
<pin id="327" dir="1" index="1" bw="32" slack="0"/>
</pin_list>
<bind>
<opcode="load(27) " fcode="load"/>
<opset="sum_loc_load/17 "/>
</bind>
</comp>

<comp id="329" class="1005" name="i_reg_329">
<pin_list>
<pin id="330" dir="0" index="0" bw="31" slack="0"/>
<pin id="331" dir="1" index="1" bw="31" slack="0"/>
</pin_list>
<bind>
<opset="i "/>
</bind>
</comp>

<comp id="336" class="1005" name="dim_read_reg_336">
<pin_list>
<pin id="337" dir="0" index="0" bw="32" slack="1"/>
<pin id="338" dir="1" index="1" bw="32" slack="1"/>
</pin_list>
<bind>
<opset="dim_read "/>
</bind>
</comp>

<comp id="346" class="1005" name="in2_read_reg_346">
<pin_list>
<pin id="347" dir="0" index="0" bw="64" slack="12"/>
<pin id="348" dir="1" index="1" bw="64" slack="12"/>
</pin_list>
<bind>
<opset="in2_read "/>
</bind>
</comp>

<comp id="351" class="1005" name="sum_loc_reg_351">
<pin_list>
<pin id="352" dir="0" index="0" bw="32" slack="14"/>
<pin id="353" dir="1" index="1" bw="32" slack="14"/>
</pin_list>
<bind>
<opset="sum_loc "/>
</bind>
</comp>

<comp id="357" class="1005" name="icmp_ln19_reg_357">
<pin_list>
<pin id="358" dir="0" index="0" bw="1" slack="1"/>
<pin id="359" dir="1" index="1" bw="1" slack="1"/>
</pin_list>
<bind>
<opset="icmp_ln19 "/>
</bind>
</comp>

<comp id="362" class="1005" name="trunc_ln31_reg_362">
<pin_list>
<pin id="363" dir="0" index="0" bw="16" slack="12"/>
<pin id="364" dir="1" index="1" bw="16" slack="12"/>
</pin_list>
<bind>
<opset="trunc_ln31 "/>
</bind>
</comp>

<comp id="367" class="1005" name="trunc_ln1_reg_367">
<pin_list>
<pin id="368" dir="0" index="0" bw="62" slack="2"/>
<pin id="369" dir="1" index="1" bw="62" slack="2"/>
</pin_list>
<bind>
<opset="trunc_ln1 "/>
</bind>
</comp>

<comp id="373" class="1005" name="gmem2_addr_reg_373">
<pin_list>
<pin id="374" dir="0" index="0" bw="32" slack="2"/>
<pin id="375" dir="1" index="1" bw="32" slack="2"/>
</pin_list>
<bind>
<opset="gmem2_addr "/>
</bind>
</comp>

<comp id="379" class="1005" name="empty_reg_379">
<pin_list>
<pin id="380" dir="0" index="0" bw="62" slack="1"/>
<pin id="381" dir="1" index="1" bw="62" slack="1"/>
</pin_list>
<bind>
<opset="empty "/>
</bind>
</comp>

<comp id="384" class="1005" name="gmem0_addr_reg_384">
<pin_list>
<pin id="385" dir="0" index="0" bw="32" slack="1"/>
<pin id="386" dir="1" index="1" bw="32" slack="1"/>
</pin_list>
<bind>
<opset="gmem0_addr "/>
</bind>
</comp>

<comp id="389" class="1005" name="zext_ln19_1_reg_389">
<pin_list>
<pin id="390" dir="0" index="0" bw="64" slack="1"/>
<pin id="391" dir="1" index="1" bw="64" slack="1"/>
</pin_list>
<bind>
<opset="zext_ln19_1 "/>
</bind>
</comp>

<comp id="397" class="1005" name="add_ln19_reg_397">
<pin_list>
<pin id="398" dir="0" index="0" bw="31" slack="2"/>
<pin id="399" dir="1" index="1" bw="31" slack="2"/>
</pin_list>
<bind>
<opset="add_ln19 "/>
</bind>
</comp>

<comp id="405" class="1005" name="add_ln26_reg_405">
<pin_list>
<pin id="406" dir="0" index="0" bw="8" slack="0"/>
<pin id="407" dir="1" index="1" bw="8" slack="0"/>
</pin_list>
<bind>
<opset="add_ln26 "/>
</bind>
</comp>

</comp_list>

<net_list>
<net id="113"><net_src comp="14" pin="0"/><net_sink comp="110" pin=0"/></net>

<net id="117"><net_src comp="20" pin="0"/><net_sink comp="114" pin=0"/></net>

<net id="121"><net_src comp="20" pin="0"/><net_sink comp="118" pin=0"/></net>

<net id="125"><net_src comp="20" pin="0"/><net_sink comp="122" pin=0"/></net>

<net id="130"><net_src comp="16" pin="0"/><net_sink comp="126" pin=0"/></net>

<net id="131"><net_src comp="12" pin="0"/><net_sink comp="126" pin=1"/></net>

<net id="136"><net_src comp="18" pin="0"/><net_sink comp="132" pin=0"/></net>

<net id="137"><net_src comp="10" pin="0"/><net_sink comp="132" pin=1"/></net>

<net id="142"><net_src comp="18" pin="0"/><net_sink comp="138" pin=0"/></net>

<net id="143"><net_src comp="8" pin="0"/><net_sink comp="138" pin=1"/></net>

<net id="148"><net_src comp="18" pin="0"/><net_sink comp="144" pin=0"/></net>

<net id="149"><net_src comp="6" pin="0"/><net_sink comp="144" pin=1"/></net>

<net id="155"><net_src comp="34" pin="0"/><net_sink comp="150" pin=0"/></net>

<net id="161"><net_src comp="36" pin="0"/><net_sink comp="156" pin=0"/></net>

<net id="168"><net_src comp="104" pin="0"/><net_sink comp="162" pin=0"/></net>

<net id="169"><net_src comp="106" pin="0"/><net_sink comp="162" pin=3"/></net>

<net id="170"><net_src comp="108" pin="0"/><net_sink comp="156" pin=0"/></net>

<net id="174"><net_src comp="94" pin="0"/><net_sink comp="171" pin=0"/></net>

<net id="181"><net_src comp="171" pin="1"/><net_sink comp="175" pin=2"/></net>

<net id="182"><net_src comp="175" pin="4"/><net_sink comp="171" pin=0"/></net>

<net id="190"><net_src comp="84" pin="0"/><net_sink comp="183" pin=0"/></net>

<net id="191"><net_src comp="0" pin="0"/><net_sink comp="183" pin=1"/></net>

<net id="201"><net_src comp="98" pin="0"/><net_sink comp="192" pin=0"/></net>

<net id="202"><net_src comp="2" pin="0"/><net_sink comp="192" pin=1"/></net>

<net id="203"><net_src comp="175" pin="4"/><net_sink comp="192" pin=4"/></net>

<net id="211"><net_src comp="100" pin="0"/><net_sink comp="204" pin=0"/></net>

<net id="220"><net_src comp="126" pin="2"/><net_sink comp="216" pin=0"/></net>

<net id="221"><net_src comp="22" pin="0"/><net_sink comp="216" pin=1"/></net>

<net id="225"><net_src comp="126" pin="2"/><net_sink comp="222" pin=0"/></net>

<net id="232"><net_src comp="24" pin="0"/><net_sink comp="226" pin=0"/></net>

<net id="233"><net_src comp="144" pin="2"/><net_sink comp="226" pin=1"/></net>

<net id="234"><net_src comp="26" pin="0"/><net_sink comp="226" pin=2"/></net>

<net id="235"><net_src comp="28" pin="0"/><net_sink comp="226" pin=3"/></net>

<net id="242"><net_src comp="24" pin="0"/><net_sink comp="236" pin=0"/></net>

<net id="243"><net_src comp="132" pin="2"/><net_sink comp="236" pin=1"/></net>

<net id="244"><net_src comp="26" pin="0"/><net_sink comp="236" pin=2"/></net>

<net id="245"><net_src comp="28" pin="0"/><net_sink comp="236" pin=3"/></net>

<net id="249"><net_src comp="236" pin="4"/><net_sink comp="246" pin=0"/></net>

<net id="254"><net_src comp="4" pin="0"/><net_sink comp="250" pin=0"/></net>

<net id="255"><net_src comp="246" pin="1"/><net_sink comp="250" pin=1"/></net>

<net id="260"><net_src comp="30" pin="0"/><net_sink comp="256" pin=0"/></net>

<net id="264"><net_src comp="261" pin="1"/><net_sink comp="212" pin=0"/></net>

<net id="265"><net_src comp="261" pin="1"/><net_sink comp="212" pin=1"/></net>

<net id="271"><net_src comp="212" pin="2"/><net_sink comp="266" pin=1"/></net>

<net id="272"><net_src comp="32" pin="0"/><net_sink comp="266" pin=2"/></net>

<net id="280"><net_src comp="0" pin="0"/><net_sink comp="276" pin=0"/></net>

<net id="281"><net_src comp="273" pin="1"/><net_sink comp="276" pin=1"/></net>

<net id="282"><net_src comp="276" pin="2"/><net_sink comp="150" pin=1"/></net>

<net id="286"><net_src comp="283" pin="1"/><net_sink comp="150" pin=2"/></net>

<net id="287"><net_src comp="283" pin="1"/><net_sink comp="156" pin=2"/></net>

<net id="294"><net_src comp="288" pin="1"/><net_sink comp="291" pin=0"/></net>

<net id="299"><net_src comp="291" pin="1"/><net_sink comp="295" pin=0"/></net>

<net id="304"><net_src comp="288" pin="1"/><net_sink comp="300" pin=0"/></net>

<net id="305"><net_src comp="82" pin="0"/><net_sink comp="300" pin=1"/></net>

<net id="309"><net_src comp="175" pin="4"/><net_sink comp="306" pin=0"/></net>

<net id="314"><net_src comp="306" pin="1"/><net_sink comp="310" pin=0"/></net>

<net id="319"><net_src comp="175" pin="4"/><net_sink comp="315" pin=0"/></net>

<net id="320"><net_src comp="96" pin="0"/><net_sink comp="315" pin=1"/></net>

<net id="328"><net_src comp="325" pin="1"/><net_sink comp="162" pin=2"/></net>

<net id="332"><net_src comp="110" pin="1"/><net_sink comp="329" pin=0"/></net>

<net id="333"><net_src comp="329" pin="1"/><net_sink comp="256" pin=1"/></net>

<net id="334"><net_src comp="329" pin="1"/><net_sink comp="288" pin=0"/></net>

<net id="335"><net_src comp="329" pin="1"/><net_sink comp="321" pin=1"/></net>

<net id="339"><net_src comp="126" pin="2"/><net_sink comp="336" pin=0"/></net>

<net id="340"><net_src comp="336" pin="1"/><net_sink comp="261" pin=0"/></net>

<net id="341"><net_src comp="336" pin="1"/><net_sink comp="295" pin=1"/></net>

<net id="342"><net_src comp="336" pin="1"/><net_sink comp="183" pin=2"/></net>

<net id="343"><net_src comp="336" pin="1"/><net_sink comp="310" pin=1"/></net>

<net id="344"><net_src comp="336" pin="1"/><net_sink comp="192" pin=2"/></net>

<net id="345"><net_src comp="336" pin="1"/><net_sink comp="204" pin=1"/></net>

<net id="349"><net_src comp="138" pin="2"/><net_sink comp="346" pin=0"/></net>

<net id="350"><net_src comp="346" pin="1"/><net_sink comp="192" pin=5"/></net>

<net id="354"><net_src comp="114" pin="1"/><net_sink comp="351" pin=0"/></net>

<net id="355"><net_src comp="351" pin="1"/><net_sink comp="204" pin=4"/></net>

<net id="356"><net_src comp="351" pin="1"/><net_sink comp="325" pin=0"/></net>

<net id="360"><net_src comp="216" pin="2"/><net_sink comp="357" pin=0"/></net>

<net id="361"><net_src comp="357" pin="1"/><net_sink comp="266" pin=0"/></net>

<net id="365"><net_src comp="222" pin="1"/><net_sink comp="362" pin=0"/></net>

<net id="366"><net_src comp="362" pin="1"/><net_sink comp="192" pin=3"/></net>

<net id="370"><net_src comp="226" pin="4"/><net_sink comp="367" pin=0"/></net>

<net id="371"><net_src comp="367" pin="1"/><net_sink comp="273" pin=0"/></net>

<net id="372"><net_src comp="367" pin="1"/><net_sink comp="183" pin=3"/></net>

<net id="376"><net_src comp="250" pin="2"/><net_sink comp="373" pin=0"/></net>

<net id="377"><net_src comp="373" pin="1"/><net_sink comp="156" pin=1"/></net>

<net id="378"><net_src comp="373" pin="1"/><net_sink comp="162" pin=1"/></net>

<net id="382"><net_src comp="266" pin="3"/><net_sink comp="379" pin=0"/></net>

<net id="383"><net_src comp="379" pin="1"/><net_sink comp="283" pin=0"/></net>

<net id="387"><net_src comp="276" pin="2"/><net_sink comp="384" pin=0"/></net>

<net id="388"><net_src comp="384" pin="1"/><net_sink comp="150" pin=1"/></net>

<net id="392"><net_src comp="283" pin="1"/><net_sink comp="389" pin=0"/></net>

<net id="393"><net_src comp="389" pin="1"/><net_sink comp="150" pin=2"/></net>

<net id="400"><net_src comp="300" pin="2"/><net_sink comp="397" pin=0"/></net>

<net id="401"><net_src comp="397" pin="1"/><net_sink comp="321" pin=0"/></net>

<net id="408"><net_src comp="315" pin="2"/><net_sink comp="405" pin=0"/></net>

<net id="409"><net_src comp="405" pin="1"/><net_sink comp="175" pin=0"/></net>

</net_list>

</model> 
---------------- Datapath Model END ------------------

* FSMD analyzer results:
  - Output states:
	Port: gmem2 | {3 17 18 19 20 21 22 }
 - Input state : 
	Port: mmult_hw : gmem0 | {3 4 5 6 7 8 9 10 11 12 }
	Port: mmult_hw : gmem1 | {13 14 }
	Port: mmult_hw : in1 | {1 }
	Port: mmult_hw : in2 | {1 }
	Port: mmult_hw : out_r | {1 }
	Port: mmult_hw : dim | {1 }
  - Chain level:
	State 1
		sext_ln19_1 : 1
		gmem2_addr : 2
		store_ln0 : 1
	State 2
		mul_ln19 : 1
		empty : 2
	State 3
		gmem0_addr : 1
		empty_25 : 2
		empty_26 : 1
	State 4
	State 5
	State 6
	State 7
	State 8
	State 9
	State 10
	State 11
		zext_ln19_2 : 1
		icmp_ln19_1 : 2
		add_ln19 : 1
		br_ln19 : 3
	State 12
	State 13
		zext_ln26 : 1
		icmp_ln26 : 2
		add_ln26 : 1
		br_ln26 : 3
		call_ln31 : 1
	State 14
	State 15
	State 16
	State 17
		write_ln39 : 1
	State 18
	State 19
	State 20
	State 21
	State 22


============================================================
+ Verbose Summary: Datapath Resource usage 
============================================================

* Functional unit list:
|----------|---------------------------------------|---------|---------|---------|---------|
| Operation|            Functional Unit            |   DSP   |  Delay  |    FF   |   LUT   |
|----------|---------------------------------------|---------|---------|---------|---------|
|          | grp_mmult_hw_Pipeline_load_row_fu_183 |    0    |    0    |   113   |    54   |
|   call   | grp_mmult_hw_Pipeline_load_col_fu_192 |    0    |    0    |    97   |   171   |
|          |   grp_mmult_hw_Pipeline_loop3_fu_204  |    3    |  0.978  |    54   |   131   |
|----------|---------------------------------------|---------|---------|---------|---------|
|          |            icmp_ln19_fu_216           |    0    |    0    |    0    |    39   |
|   icmp   |           icmp_ln19_1_fu_295          |    0    |    0    |    0    |    39   |
|          |            icmp_ln26_fu_310           |    0    |    0    |    0    |    39   |
|----------|---------------------------------------|---------|---------|---------|---------|
|  select  |              empty_fu_266             |    0    |    0    |    0    |    55   |
|----------|---------------------------------------|---------|---------|---------|---------|
|    add   |            add_ln19_fu_300            |    0    |    0    |    0    |    38   |
|          |            add_ln26_fu_315            |    0    |    0    |    0    |    15   |
|----------|---------------------------------------|---------|---------|---------|---------|
|    mul   |            mul_ln19_fu_212            |    4    |    0    |    0    |    20   |
|----------|---------------------------------------|---------|---------|---------|---------|
|          |          dim_read_read_fu_126         |    0    |    0    |    0    |    0    |
|   read   |         out_r_read_read_fu_132        |    0    |    0    |    0    |    0    |
|          |          in2_read_read_fu_138         |    0    |    0    |    0    |    0    |
|          |          in1_read_read_fu_144         |    0    |    0    |    0    |    0    |
|----------|---------------------------------------|---------|---------|---------|---------|
|  readreq |           grp_readreq_fu_150          |    0    |    0    |    0    |    0    |
|----------|---------------------------------------|---------|---------|---------|---------|
| writeresp|          grp_writeresp_fu_156         |    0    |    0    |    0    |    0    |
|----------|---------------------------------------|---------|---------|---------|---------|
|   write  |        write_ln39_write_fu_162        |    0    |    0    |    0    |    0    |
|----------|---------------------------------------|---------|---------|---------|---------|
|   trunc  |           trunc_ln31_fu_222           |    0    |    0    |    0    |    0    |
|----------|---------------------------------------|---------|---------|---------|---------|
|partselect|            trunc_ln1_fu_226           |    0    |    0    |    0    |    0    |
|          |          trunc_ln19_1_fu_236          |    0    |    0    |    0    |    0    |
|----------|---------------------------------------|---------|---------|---------|---------|
|   sext   |           sext_ln19_1_fu_246          |    0    |    0    |    0    |    0    |
|          |            sext_ln19_fu_273           |    0    |    0    |    0    |    0    |
|----------|---------------------------------------|---------|---------|---------|---------|
|          |            zext_ln19_fu_261           |    0    |    0    |    0    |    0    |
|   zext   |           zext_ln19_1_fu_283          |    0    |    0    |    0    |    0    |
|          |           zext_ln19_2_fu_291          |    0    |    0    |    0    |    0    |
|          |            zext_ln26_fu_306           |    0    |    0    |    0    |    0    |
|----------|---------------------------------------|---------|---------|---------|---------|
|   Total  |                                       |    7    |  0.978  |   264   |   601   |
|----------|---------------------------------------|---------|---------|---------|---------|

Memories:
+----+--------+--------+--------+--------+
|    |  BRAM  |   FF   |   LUT  |  URAM  |
+----+--------+--------+--------+--------+
|colB|    1   |    0   |    0   |    0   |
|rowA|    1   |    0   |    0   |    0   |
+----+--------+--------+--------+--------+
|Total|    2   |    0   |    0   |    0   |
+----+--------+--------+--------+--------+

* Register list:
+-------------------+--------+
|                   |   FF   |
+-------------------+--------+
|  add_ln19_reg_397 |   31   |
|  add_ln26_reg_405 |    8   |
|  dim_read_reg_336 |   32   |
|   empty_reg_379   |   62   |
| gmem0_addr_reg_384|   32   |
| gmem2_addr_reg_373|   32   |
|     i_reg_329     |   31   |
| icmp_ln19_reg_357 |    1   |
|  in2_read_reg_346 |   64   |
|     j_reg_171     |    8   |
|  sum_loc_reg_351  |   32   |
| trunc_ln1_reg_367 |   62   |
| trunc_ln31_reg_362|   16   |
|zext_ln19_1_reg_389|   64   |
+-------------------+--------+
|       Total       |   475  |
+-------------------+--------+

* Multiplexer (MUX) list: 
|----------------------|------|------|------|--------||---------||---------||---------|
|         Comp         |  Pin | Size |  BW  | S x BW ||  Delay  ||    FF   ||   LUT   |
|----------------------|------|------|------|--------||---------||---------||---------|
|  grp_readreq_fu_150  |  p1  |   2  |  32  |   64   ||    0    ||    9    |
|  grp_readreq_fu_150  |  p2  |   2  |  62  |   124  ||    0    ||    9    |
| grp_writeresp_fu_156 |  p0  |   2  |   1  |    2   |
|       j_reg_171      |  p0  |   2  |   8  |   16   ||    0    ||    9    |
|----------------------|------|------|------|--------||---------||---------||---------|
|         Total        |      |      |      |   206  ||  1.956  ||    0    ||    27   |
|----------------------|------|------|------|--------||---------||---------||---------|



* Summary:
+-----------+--------+--------+--------+--------+--------+--------+
|           |  BRAM  |   DSP  |  Delay |   FF   |   LUT  |  URAM  |
+-----------+--------+--------+--------+--------+--------+--------+
|  Function |    -   |    7   |    0   |   264  |   601  |    -   |
|   Memory  |    2   |    -   |    -   |    0   |    0   |    0   |
|Multiplexer|    -   |    -   |    1   |    0   |   27   |    -   |
|  Register |    -   |    -   |    -   |   475  |    -   |    -   |
+-----------+--------+--------+--------+--------+--------+--------+
|   Total   |    2   |    7   |    2   |   739  |   628  |    0   |
+-----------+--------+--------+--------+--------+--------+--------+
