

================================================================
== Vitis HLS Report for 'mmult_hw_Pipeline_loop3'
================================================================
* Date:           Sat Feb 21 23:06:30 2026

* Version:        2024.1 (Build 5069499 on May 21 2024)
* Project:        matmul_D9_AXISep_Copy_Opt
* Solution:       hls (Vivado IP Flow Target)
* Product family: zynquplus
* Target device:  xczu3eg-sbva484-1-e


================================================================
== Performance Estimates
================================================================
+ Timing: 
    * Summary: 
    +--------+----------+----------+------------+
    |  Clock |  Target  | Estimated| Uncertainty|
    +--------+----------+----------+------------+
    |ap_clk  |  10.00 ns|  6.924 ns|     2.70 ns|
    +--------+----------+----------+------------+

+ Latency: 
    * Summary: 
    +---------+---------+----------+----------+-----+-----+-----------------------------------------------+
    |  Latency (cycles) |  Latency (absolute) |  Interval |                    Pipeline                   |
    |   min   |   max   |    min   |    max   | min | max |                      Type                     |
    +---------+---------+----------+----------+-----+-----+-----------------------------------------------+
    |      130|      130|  1.300 us|  1.300 us|  129|  129|  loop auto-rewind stp(delay=0 clock cycles(s))|
    +---------+---------+----------+----------+-----+-----+-----------------------------------------------+

    + Detail: 
        * Instance: 
        N/A

        * Loop: 
        +----------+---------+---------+----------+-----------+-----------+------+----------+
        |          |  Latency (cycles) | Iteration|  Initiation Interval  | Trip |          |
        | Loop Name|   min   |   max   |  Latency |  achieved |   target  | Count| Pipelined|
        +----------+---------+---------+----------+-----------+-----------+------+----------+
        |- loop3   |      128|      128|         2|          1|          1|   128|       yes|
        +----------+---------+---------+----------+-----------+-----------+------+----------+

============================================================
+ Verbose Summary: Synthesis Manager
============================================================
InlineROM: 1
ExposeGlobal: 0
============================================================
+ Verbose Summary: CDFG Model
============================================================
IsTopModel: 0
ResetActiveHigh: 1
IsCombinational: 0
IsDatapathOnly: 0
HasWiredReturn: 1
HasMFsm: 2
HasVarLatency: 1
IsPipeline: 0
IsRtlPipelined: 0
IsInstanceOverlapped: 0
IsDontTouch: 0
HasImplIP: 0
IsGatedGlobalClock: 0

+ Individual pipeline summary: 
  * Pipeline-0: initiation interval (II) = 1, depth = 2


============================================================
+ Verbose Summary: Schedule
============================================================
* Number of FSM states : 2
* Pipeline : 1
  Pipeline-0 : II = 1, D = 2, States = { 1 2 }
* Dataflow Pipeline: 0

* FSM state transitions: 
1 --> 2 
2 --> 

* FSM state operations: 

State 1 <SV = 0> <Delay = 2.18>
ST_1 : Operation 5 [1/1] (0.00ns)   --->   "%sum = alloca i32 1" [mmult_baseline.cpp:33]   --->   Operation 5 'alloca' 'sum' <Predicate = true> <Delay = 0.00>
ST_1 : Operation 6 [1/1] (0.00ns)   --->   "%k = alloca i32 1" [mmult_baseline.cpp:34]   --->   Operation 6 'alloca' 'k' <Predicate = true> <Delay = 0.00>
ST_1 : Operation 7 [1/1] (0.00ns)   --->   "%dim_read = read i32 @_ssdm_op_Read.ap_auto.i32, i32 %dim"   --->   Operation 7 'read' 'dim_read' <Predicate = true> <Delay = 0.00>
ST_1 : Operation 8 [1/1] (0.48ns)   --->   "%store_ln34 = store i8 0, i8 %k" [mmult_baseline.cpp:34]   --->   Operation 8 'store' 'store_ln34' <Predicate = true> <Delay = 0.48>
ST_1 : Operation 9 [1/1] (0.48ns)   --->   "%store_ln33 = store i32 0, i32 %sum" [mmult_baseline.cpp:33]   --->   Operation 9 'store' 'store_ln33' <Predicate = true> <Delay = 0.48>
ST_1 : Operation 10 [1/1] (0.00ns)   --->   "%br_ln0 = br void %for.inc36"   --->   Operation 10 'br' 'br_ln0' <Predicate = true> <Delay = 0.00>
ST_1 : Operation 11 [1/1] (0.00ns)   --->   "%k_1 = load i8 %k" [mmult_baseline.cpp:34]   --->   Operation 11 'load' 'k_1' <Predicate = true> <Delay = 0.00>
ST_1 : Operation 12 [1/1] (0.00ns)   --->   "%zext_ln34 = zext i8 %k_1" [mmult_baseline.cpp:34]   --->   Operation 12 'zext' 'zext_ln34' <Predicate = true> <Delay = 0.00>
ST_1 : Operation 13 [1/1] (1.20ns)   --->   "%icmp_ln34 = icmp_eq  i32 %zext_ln34, i32 %dim_read" [mmult_baseline.cpp:34]   --->   Operation 13 'icmp' 'icmp_ln34' <Predicate = true> <Delay = 1.20> <CoreInst = "Cmp">   --->   Core 9 'Cmp' <Latency = 0> <II = 1> <Delay = 1.20> <FuncUnit> <Opcode : 'seteq' 'setne' 'setle' 'setge' 'setlt' 'setgt'> <InPorts = 2> <OutPorts = 1>
ST_1 : Operation 14 [1/1] (0.90ns)   --->   "%add_ln34 = add i8 %k_1, i8 1" [mmult_baseline.cpp:34]   --->   Operation 14 'add' 'add_ln34' <Predicate = true> <Delay = 0.90> <CoreInst = "Adder">   --->   Core 1 'Adder' <Latency = 0> <II = 1> <Delay = 0.90> <FuncUnit> <Opcode : 'add' 'sub'> <InPorts = 2> <OutPorts = 1>
ST_1 : Operation 15 [1/1] (0.00ns)   --->   "%br_ln34 = br i1 %icmp_ln34, void %for.inc36.split, void %for.inc43.exitStub" [mmult_baseline.cpp:34]   --->   Operation 15 'br' 'br_ln34' <Predicate = true> <Delay = 0.00>
ST_1 : Operation 16 [1/1] (0.00ns)   --->   "%zext_ln34_1 = zext i8 %k_1" [mmult_baseline.cpp:34]   --->   Operation 16 'zext' 'zext_ln34_1' <Predicate = (!icmp_ln34)> <Delay = 0.00>
ST_1 : Operation 17 [1/1] (0.00ns)   --->   "%rowA_addr = getelementptr i32 %rowA, i64 0, i64 %zext_ln34_1" [mmult_baseline.cpp:37]   --->   Operation 17 'getelementptr' 'rowA_addr' <Predicate = (!icmp_ln34)> <Delay = 0.00>
ST_1 : Operation 18 [2/2] (1.35ns)   --->   "%rowA_load = load i7 %rowA_addr" [mmult_baseline.cpp:37]   --->   Operation 18 'load' 'rowA_load' <Predicate = (!icmp_ln34)> <Delay = 1.35> <CoreInst = "RAM">   --->   Core 82 'RAM' <Latency = 1> <II = 1> <Delay = 1.35> <Storage> <Opcode : 'load' 'store'> <Ports = 2> <Width = 32> <Depth = 128> <RAM>
ST_1 : Operation 19 [1/1] (0.00ns)   --->   "%colB_addr = getelementptr i32 %colB, i64 0, i64 %zext_ln34_1" [mmult_baseline.cpp:37]   --->   Operation 19 'getelementptr' 'colB_addr' <Predicate = (!icmp_ln34)> <Delay = 0.00>
ST_1 : Operation 20 [2/2] (1.35ns)   --->   "%colB_load = load i7 %colB_addr" [mmult_baseline.cpp:37]   --->   Operation 20 'load' 'colB_load' <Predicate = (!icmp_ln34)> <Delay = 1.35> <CoreInst = "RAM">   --->   Core 82 'RAM' <Latency = 1> <II = 1> <Delay = 1.35> <Storage> <Opcode : 'load' 'store'> <Ports = 2> <Width = 32> <Depth = 128> <RAM>
ST_1 : Operation 21 [1/1] (0.48ns)   --->   "%store_ln34 = store i8 %add_ln34, i8 %k" [mmult_baseline.cpp:34]   --->   Operation 21 'store' 'store_ln34' <Predicate = (!icmp_ln34)> <Delay = 0.48>
ST_1 : Operation 32 [1/1] (0.00ns)   --->   "%sum_load_1 = load i32 %sum"   --->   Operation 32 'load' 'sum_load_1' <Predicate = (icmp_ln34)> <Delay = 0.00>
ST_1 : Operation 33 [1/1] (0.00ns)   --->   "%write_ln0 = write void @_ssdm_op_Write.ap_auto.i32P0A, i32 %sum_out, i32 %sum_load_1"   --->   Operation 33 'write' 'write_ln0' <Predicate = (icmp_ln34)> <Delay = 0.00>
ST_1 : Operation 34 [1/1] (0.48ns)   --->   "%ret_ln0 = ret"   --->   Operation 34 'ret' 'ret_ln0' <Predicate = (icmp_ln34)> <Delay = 0.48>

State 2 <SV = 1> <Delay = 6.92>
ST_2 : Operation 22 [1/1] (0.00ns)   --->   "%sum_load = load i32 %sum" [mmult_baseline.cpp:37]   --->   Operation 22 'load' 'sum_load' <Predicate = true> <Delay = 0.00>
ST_2 : Operation 23 [1/1] (0.00ns)   --->   "%specpipeline_ln36 = specpipeline void @_ssdm_op_SpecPipeline, i32 1, i32 0, i32 0, i32 0, void @empty_0" [mmult_baseline.cpp:36]   --->   Operation 23 'specpipeline' 'specpipeline_ln36' <Predicate = true> <Delay = 0.00>
ST_2 : Operation 24 [1/1] (0.00ns)   --->   "%speclooptripcount_ln35 = speclooptripcount void @_ssdm_op_SpecLoopTripCount, i64 128, i64 128, i64 128" [mmult_baseline.cpp:35]   --->   Operation 24 'speclooptripcount' 'speclooptripcount_ln35' <Predicate = true> <Delay = 0.00>
ST_2 : Operation 25 [1/1] (0.00ns)   --->   "%specloopname_ln34 = specloopname void @_ssdm_op_SpecLoopName, void @empty_17" [mmult_baseline.cpp:34]   --->   Operation 25 'specloopname' 'specloopname_ln34' <Predicate = true> <Delay = 0.00>
ST_2 : Operation 26 [1/2] (1.35ns)   --->   "%rowA_load = load i7 %rowA_addr" [mmult_baseline.cpp:37]   --->   Operation 26 'load' 'rowA_load' <Predicate = true> <Delay = 1.35> <CoreInst = "RAM">   --->   Core 82 'RAM' <Latency = 1> <II = 1> <Delay = 1.35> <Storage> <Opcode : 'load' 'store'> <Ports = 2> <Width = 32> <Depth = 128> <RAM>
ST_2 : Operation 27 [1/2] (1.35ns)   --->   "%colB_load = load i7 %colB_addr" [mmult_baseline.cpp:37]   --->   Operation 27 'load' 'colB_load' <Predicate = true> <Delay = 1.35> <CoreInst = "RAM">   --->   Core 82 'RAM' <Latency = 1> <II = 1> <Delay = 1.35> <Storage> <Opcode : 'load' 'store'> <Ports = 2> <Width = 32> <Depth = 128> <RAM>
ST_2 : Operation 28 [1/1] (3.88ns)   --->   "%mul_ln37 = mul i32 %colB_load, i32 %rowA_load" [mmult_baseline.cpp:37]   --->   Operation 28 'mul' 'mul_ln37' <Predicate = true> <Delay = 3.88> <CoreInst = "Multiplier">   --->   Core 3 'Multiplier' <Latency = 0> <II = 1> <Delay = 3.88> <FuncUnit> <Opcode : 'mul'> <InPorts = 2> <OutPorts = 1>
ST_2 : Operation 29 [1/1] (1.20ns)   --->   "%sum_1 = add i32 %mul_ln37, i32 %sum_load" [mmult_baseline.cpp:37]   --->   Operation 29 'add' 'sum_1' <Predicate = true> <Delay = 1.20> <CoreInst = "Adder">   --->   Core 1 'Adder' <Latency = 0> <II = 1> <Delay = 1.20> <FuncUnit> <Opcode : 'add' 'sub'> <InPorts = 2> <OutPorts = 1>
ST_2 : Operation 30 [1/1] (0.48ns)   --->   "%store_ln33 = store i32 %sum_1, i32 %sum" [mmult_baseline.cpp:33]   --->   Operation 30 'store' 'store_ln33' <Predicate = true> <Delay = 0.48>
ST_2 : Operation 31 [1/1] (0.00ns)   --->   "%br_ln34 = br void %for.inc36" [mmult_baseline.cpp:34]   --->   Operation 31 'br' 'br_ln34' <Predicate = true> <Delay = 0.00>


============================================================
+ Verbose Summary: Timing violations
============================================================
Target clock period: 10.000ns, clock uncertainty: 2.700ns.

 <State 1>: 2.181ns
The critical path consists of the following:
	'store' operation 0 bit ('store_ln34', mmult_baseline.cpp:34) of constant 0 on local variable 'k', mmult_baseline.cpp:34 [8]  (0.489 ns)
	'load' operation 8 bit ('k', mmult_baseline.cpp:34) on local variable 'k', mmult_baseline.cpp:34 [12]  (0.000 ns)
	'icmp' operation 1 bit ('icmp_ln34', mmult_baseline.cpp:34) [14]  (1.203 ns)
	'store' operation 0 bit ('store_ln34', mmult_baseline.cpp:34) of variable 'add_ln34', mmult_baseline.cpp:34 on local variable 'k', mmult_baseline.cpp:34 [29]  (0.489 ns)

 <State 2>: 6.924ns
The critical path consists of the following:
	'load' operation 32 bit ('rowA_load', mmult_baseline.cpp:37) on array 'rowA' [24]  (1.352 ns)
	'mul' operation 32 bit ('mul_ln37', mmult_baseline.cpp:37) [27]  (3.880 ns)
	'add' operation 32 bit ('sum', mmult_baseline.cpp:37) [28]  (1.203 ns)
	'store' operation 0 bit ('store_ln33', mmult_baseline.cpp:33) of variable 'sum', mmult_baseline.cpp:37 on local variable 'sum', mmult_baseline.cpp:33 [30]  (0.489 ns)


============================================================
+ Verbose Summary: Binding
============================================================
N/A
* FSMD analyzer results:
  - Output states:
 - Input state : 
  - Chain level:
	State 1
	State 2


============================================================
+ Verbose Summary: Datapath Resource usage 
============================================================
N/A
