

================================================================
== Vitis HLS Report for 'mmult_hw_Pipeline_load_col'
================================================================
* Date:           Sat Feb 21 23:06:30 2026

* Version:        2024.1 (Build 5069499 on May 21 2024)
* Project:        matmul_D9_AXISep_Copy_Opt
* Solution:       hls (Vivado IP Flow Target)
* Product family: zynquplus
* Target device:  xczu3eg-sbva484-1-e


================================================================
== Performance Estimates
================================================================
+ Timing: 
    * Summary: 
    +--------+----------+----------+------------+
    |  Clock |  Target  | Estimated| Uncertainty|
    +--------+----------+----------+------------+
    |ap_clk  |  10.00 ns|  7.300 ns|     2.70 ns|
    +--------+----------+----------+------------+

+ Latency: 
    * Summary: 
    +---------+---------+----------+----------+-----+-----+-----------------------------------------------+
    |  Latency (cycles) |  Latency (absolute) |  Interval |                    Pipeline                   |
    |   min   |   max   |    min   |    max   | min | max |                      Type                     |
    +---------+---------+----------+----------+-----+-----+-----------------------------------------------+
    |      139|      139|  1.390 us|  1.390 us|  129|  129|  loop auto-rewind stp(delay=0 clock cycles(s))|
    +---------+---------+----------+----------+-----+-----+-----------------------------------------------+

    + Detail: 
        * Instance: 
        N/A

        * Loop: 
        +------------+---------+---------+----------+-----------+-----------+------+----------+
        |            |  Latency (cycles) | Iteration|  Initiation Interval  | Trip |          |
        |  Loop Name |   min   |   max   |  Latency |  achieved |   target  | Count| Pipelined|
        +------------+---------+---------+----------+-----------+-----------+------+----------+
        |- load_col  |      137|      137|        11|          1|          1|   128|       yes|
        +------------+---------+---------+----------+-----------+-----------+------+----------+

============================================================
+ Verbose Summary: Synthesis Manager
============================================================
InlineROM: 1
ExposeGlobal: 0
============================================================
+ Verbose Summary: CDFG Model
============================================================
IsTopModel: 0
ResetActiveHigh: 1
IsCombinational: 0
IsDatapathOnly: 0
HasWiredReturn: 1
HasMFsm: 2
HasVarLatency: 1
IsPipeline: 0
IsRtlPipelined: 0
IsInstanceOverlapped: 0
IsDontTouch: 0
HasImplIP: 0
IsGatedGlobalClock: 0

+ Individual pipeline summary: 
  * Pipeline-0: initiation interval (II) = 1, depth = 11


============================================================
+ Verbose Summary: Schedule
============================================================
* Number of FSM states : 11
* Pipeline : 1
  Pipeline-0 : II = 1, D = 11, States = { 1 2 3 4 5 6 7 8 9 10 11 }
* Dataflow Pipeline: 0

* FSM state transitions: 
1 --> 2 
2 --> 3 
3 --> 4 
4 --> 5 
5 --> 6 
6 --> 7 
7 --> 8 
8 --> 9 
9 --> 10 
10 --> 11 
11 --> 

* FSM state operations: 

State 1 <SV = 0> <Delay = 2.97>
ST_1 : Operation 14 [1/1] (0.00ns)   --->   "%phi_mul = alloca i32 1"   --->   Operation 14 'alloca' 'phi_mul' <Predicate = true> <Delay = 0.00>
ST_1 : Operation 15 [1/1] (0.00ns)   --->   "%k_1 = alloca i32 1" [mmult_baseline.cpp:29]   --->   Operation 15 'alloca' 'k_1' <Predicate = true> <Delay = 0.00>
ST_1 : Operation 16 [1/1] (0.00ns)   --->   "%in2_read = read i64 @_ssdm_op_Read.ap_auto.i64, i64 %in2"   --->   Operation 16 'read' 'in2_read' <Predicate = true> <Delay = 0.00>
ST_1 : Operation 17 [1/1] (0.00ns)   --->   "%zext_ln26_1_read = read i8 @_ssdm_op_Read.ap_auto.i8, i8 %zext_ln26_1"   --->   Operation 17 'read' 'zext_ln26_1_read' <Predicate = true> <Delay = 0.00>
ST_1 : Operation 18 [1/1] (0.00ns)   --->   "%tmp = read i16 @_ssdm_op_Read.ap_auto.i16, i16 %empty"   --->   Operation 18 'read' 'tmp' <Predicate = true> <Delay = 0.00>
ST_1 : Operation 19 [1/1] (0.00ns)   --->   "%dim_read = read i32 @_ssdm_op_Read.ap_auto.i32, i32 %dim"   --->   Operation 19 'read' 'dim_read' <Predicate = true> <Delay = 0.00>
ST_1 : Operation 20 [1/1] (0.00ns)   --->   "%zext_ln26_1_cast = zext i8 %zext_ln26_1_read"   --->   Operation 20 'zext' 'zext_ln26_1_cast' <Predicate = true> <Delay = 0.00>
ST_1 : Operation 21 [1/1] (0.00ns)   --->   "%specinterface_ln0 = specinterface void @_ssdm_op_SpecInterface, i32 %gmem1, void @empty, i32 0, i32 0, void @empty_0, i32 0, i32 16384, void @empty_3, void @empty_2, void @empty_0, i32 16, i32 16, i32 16, i32 16, void @empty_0, void @empty_0, i32 4294967295, i32 0, i32 0"   --->   Operation 21 'specinterface' 'specinterface_ln0' <Predicate = true> <Delay = 0.00>
ST_1 : Operation 22 [1/1] (0.48ns)   --->   "%store_ln29 = store i8 0, i8 %k_1" [mmult_baseline.cpp:29]   --->   Operation 22 'store' 'store_ln29' <Predicate = true> <Delay = 0.48>
ST_1 : Operation 23 [1/1] (0.48ns)   --->   "%store_ln0 = store i16 0, i16 %phi_mul"   --->   Operation 23 'store' 'store_ln0' <Predicate = true> <Delay = 0.48>
ST_1 : Operation 24 [1/1] (0.00ns)   --->   "%br_ln0 = br void %for.inc22"   --->   Operation 24 'br' 'br_ln0' <Predicate = true> <Delay = 0.00>
ST_1 : Operation 25 [1/1] (0.00ns)   --->   "%k = load i8 %k_1" [mmult_baseline.cpp:29]   --->   Operation 25 'load' 'k' <Predicate = true> <Delay = 0.00>
ST_1 : Operation 26 [1/1] (0.00ns)   --->   "%specbitsmap_ln0 = specbitsmap void @_ssdm_op_SpecBitsMap, i32 %gmem1"   --->   Operation 26 'specbitsmap' 'specbitsmap_ln0' <Predicate = true> <Delay = 0.00>
ST_1 : Operation 27 [1/1] (0.00ns)   --->   "%zext_ln29_1 = zext i8 %k" [mmult_baseline.cpp:29]   --->   Operation 27 'zext' 'zext_ln29_1' <Predicate = true> <Delay = 0.00>
ST_1 : Operation 28 [1/1] (1.20ns)   --->   "%icmp_ln29 = icmp_eq  i32 %zext_ln29_1, i32 %dim_read" [mmult_baseline.cpp:29]   --->   Operation 28 'icmp' 'icmp_ln29' <Predicate = true> <Delay = 1.20> <CoreInst = "Cmp">   --->   Core 9 'Cmp' <Latency = 0> <II = 1> <Delay = 1.20> <FuncUnit> <Opcode : 'seteq' 'setne' 'setle' 'setge' 'setlt' 'setgt'> <InPorts = 2> <OutPorts = 1>
ST_1 : Operation 29 [1/1] (0.90ns)   --->   "%add_ln29 = add i8 %k, i8 1" [mmult_baseline.cpp:29]   --->   Operation 29 'add' 'add_ln29' <Predicate = true> <Delay = 0.90> <CoreInst = "Adder">   --->   Core 1 'Adder' <Latency = 0> <II = 1> <Delay = 0.90> <FuncUnit> <Opcode : 'add' 'sub'> <InPorts = 2> <OutPorts = 1>
ST_1 : Operation 30 [1/1] (0.00ns)   --->   "%br_ln29 = br i1 %icmp_ln29, void %for.inc22.split, void %for.inc36.preheader.exitStub" [mmult_baseline.cpp:29]   --->   Operation 30 'br' 'br_ln29' <Predicate = true> <Delay = 0.00>
ST_1 : Operation 31 [1/1] (0.00ns)   --->   "%phi_mul_load = load i16 %phi_mul" [mmult_baseline.cpp:31]   --->   Operation 31 'load' 'phi_mul_load' <Predicate = (!icmp_ln29)> <Delay = 0.00>
ST_1 : Operation 32 [1/1] (1.01ns)   --->   "%add_ln31_2 = add i16 %phi_mul_load, i16 %tmp" [mmult_baseline.cpp:31]   --->   Operation 32 'add' 'add_ln31_2' <Predicate = (!icmp_ln29)> <Delay = 1.01> <CoreInst = "Adder">   --->   Core 1 'Adder' <Latency = 0> <II = 1> <Delay = 1.01> <FuncUnit> <Opcode : 'add' 'sub'> <InPorts = 2> <OutPorts = 1>
ST_1 : Operation 33 [1/1] (1.01ns)   --->   "%add_ln31 = add i16 %phi_mul_load, i16 %zext_ln26_1_cast" [mmult_baseline.cpp:31]   --->   Operation 33 'add' 'add_ln31' <Predicate = (!icmp_ln29)> <Delay = 1.01> <CoreInst = "Adder">   --->   Core 1 'Adder' <Latency = 0> <II = 1> <Delay = 1.01> <FuncUnit> <Opcode : 'add' 'sub'> <InPorts = 2> <OutPorts = 1>
ST_1 : Operation 34 [1/1] (0.00ns)   --->   "%shl_ln = bitconcatenate i18 @_ssdm_op_BitConcatenate.i18.i16.i2, i16 %add_ln31, i2 0" [mmult_baseline.cpp:31]   --->   Operation 34 'bitconcatenate' 'shl_ln' <Predicate = (!icmp_ln29)> <Delay = 0.00>
ST_1 : Operation 35 [1/1] (0.00ns)   --->   "%zext_ln31 = zext i18 %shl_ln" [mmult_baseline.cpp:31]   --->   Operation 35 'zext' 'zext_ln31' <Predicate = (!icmp_ln29)> <Delay = 0.00>
ST_1 : Operation 36 [1/1] (1.47ns)   --->   "%add_ln31_1 = add i64 %zext_ln31, i64 %in2_read" [mmult_baseline.cpp:31]   --->   Operation 36 'add' 'add_ln31_1' <Predicate = (!icmp_ln29)> <Delay = 1.47> <CoreInst = "Adder">   --->   Core 1 'Adder' <Latency = 0> <II = 1> <Delay = 1.47> <FuncUnit> <Opcode : 'add' 'sub'> <InPorts = 2> <OutPorts = 1>
ST_1 : Operation 37 [1/1] (0.00ns)   --->   "%trunc_ln31_1 = partselect i62 @_ssdm_op_PartSelect.i62.i64.i32.i32, i64 %add_ln31_1, i32 2, i32 63" [mmult_baseline.cpp:31]   --->   Operation 37 'partselect' 'trunc_ln31_1' <Predicate = (!icmp_ln29)> <Delay = 0.00>
ST_1 : Operation 38 [1/1] (0.00ns)   --->   "%sext_ln31 = sext i62 %trunc_ln31_1" [mmult_baseline.cpp:31]   --->   Operation 38 'sext' 'sext_ln31' <Predicate = (!icmp_ln29)> <Delay = 0.00>
ST_1 : Operation 39 [1/1] (0.00ns)   --->   "%gmem1_addr = getelementptr i32 %gmem1, i64 %sext_ln31" [mmult_baseline.cpp:31]   --->   Operation 39 'getelementptr' 'gmem1_addr' <Predicate = (!icmp_ln29)> <Delay = 0.00>
ST_1 : Operation 40 [1/1] (0.48ns)   --->   "%store_ln29 = store i8 %add_ln29, i8 %k_1" [mmult_baseline.cpp:29]   --->   Operation 40 'store' 'store_ln29' <Predicate = (!icmp_ln29)> <Delay = 0.48>
ST_1 : Operation 41 [1/1] (0.48ns)   --->   "%store_ln31 = store i16 %add_ln31_2, i16 %phi_mul" [mmult_baseline.cpp:31]   --->   Operation 41 'store' 'store_ln31' <Predicate = (!icmp_ln29)> <Delay = 0.48>

State 2 <SV = 1> <Delay = 7.30>
ST_2 : Operation 42 [8/8] (7.30ns)   --->   "%gmem1_load_req = readreq i1 @_ssdm_op_ReadReq.m_axi.i32P1A, i32 %gmem1_addr, i64 1" [mmult_baseline.cpp:31]   --->   Operation 42 'readreq' 'gmem1_load_req' <Predicate = true> <Delay = 7.30> <CoreInst = "m_axi">   --->   Core 119 'm_axi' <Latency = 0> <II = 1> <Delay = 1.00> <Adapter> <Opcode : 'read' 'write' 'readreq' 'writereq' 'writeresp'>

State 3 <SV = 2> <Delay = 7.30>
ST_3 : Operation 43 [7/8] (7.30ns)   --->   "%gmem1_load_req = readreq i1 @_ssdm_op_ReadReq.m_axi.i32P1A, i32 %gmem1_addr, i64 1" [mmult_baseline.cpp:31]   --->   Operation 43 'readreq' 'gmem1_load_req' <Predicate = true> <Delay = 7.30> <CoreInst = "m_axi">   --->   Core 119 'm_axi' <Latency = 0> <II = 1> <Delay = 1.00> <Adapter> <Opcode : 'read' 'write' 'readreq' 'writereq' 'writeresp'>

State 4 <SV = 3> <Delay = 7.30>
ST_4 : Operation 44 [6/8] (7.30ns)   --->   "%gmem1_load_req = readreq i1 @_ssdm_op_ReadReq.m_axi.i32P1A, i32 %gmem1_addr, i64 1" [mmult_baseline.cpp:31]   --->   Operation 44 'readreq' 'gmem1_load_req' <Predicate = true> <Delay = 7.30> <CoreInst = "m_axi">   --->   Core 119 'm_axi' <Latency = 0> <II = 1> <Delay = 1.00> <Adapter> <Opcode : 'read' 'write' 'readreq' 'writereq' 'writeresp'>

State 5 <SV = 4> <Delay = 7.30>
ST_5 : Operation 45 [5/8] (7.30ns)   --->   "%gmem1_load_req = readreq i1 @_ssdm_op_ReadReq.m_axi.i32P1A, i32 %gmem1_addr, i64 1" [mmult_baseline.cpp:31]   --->   Operation 45 'readreq' 'gmem1_load_req' <Predicate = true> <Delay = 7.30> <CoreInst = "m_axi">   --->   Core 119 'm_axi' <Latency = 0> <II = 1> <Delay = 1.00> <Adapter> <Opcode : 'read' 'write' 'readreq' 'writereq' 'writeresp'>

State 6 <SV = 5> <Delay = 7.30>
ST_6 : Operation 46 [4/8] (7.30ns)   --->   "%gmem1_load_req = readreq i1 @_ssdm_op_ReadReq.m_axi.i32P1A, i32 %gmem1_addr, i64 1" [mmult_baseline.cpp:31]   --->   Operation 46 'readreq' 'gmem1_load_req' <Predicate = true> <Delay = 7.30> <CoreInst = "m_axi">   --->   Core 119 'm_axi' <Latency = 0> <II = 1> <Delay = 1.00> <Adapter> <Opcode : 'read' 'write' 'readreq' 'writereq' 'writeresp'>

State 7 <SV = 6> <Delay = 7.30>
ST_7 : Operation 47 [3/8] (7.30ns)   --->   "%gmem1_load_req = readreq i1 @_ssdm_op_ReadReq.m_axi.i32P1A, i32 %gmem1_addr, i64 1" [mmult_baseline.cpp:31]   --->   Operation 47 'readreq' 'gmem1_load_req' <Predicate = true> <Delay = 7.30> <CoreInst = "m_axi">   --->   Core 119 'm_axi' <Latency = 0> <II = 1> <Delay = 1.00> <Adapter> <Opcode : 'read' 'write' 'readreq' 'writereq' 'writeresp'>

State 8 <SV = 7> <Delay = 7.30>
ST_8 : Operation 48 [2/8] (7.30ns)   --->   "%gmem1_load_req = readreq i1 @_ssdm_op_ReadReq.m_axi.i32P1A, i32 %gmem1_addr, i64 1" [mmult_baseline.cpp:31]   --->   Operation 48 'readreq' 'gmem1_load_req' <Predicate = true> <Delay = 7.30> <CoreInst = "m_axi">   --->   Core 119 'm_axi' <Latency = 0> <II = 1> <Delay = 1.00> <Adapter> <Opcode : 'read' 'write' 'readreq' 'writereq' 'writeresp'>

State 9 <SV = 8> <Delay = 7.30>
ST_9 : Operation 49 [1/8] (7.30ns)   --->   "%gmem1_load_req = readreq i1 @_ssdm_op_ReadReq.m_axi.i32P1A, i32 %gmem1_addr, i64 1" [mmult_baseline.cpp:31]   --->   Operation 49 'readreq' 'gmem1_load_req' <Predicate = true> <Delay = 7.30> <CoreInst = "m_axi">   --->   Core 119 'm_axi' <Latency = 0> <II = 1> <Delay = 1.00> <Adapter> <Opcode : 'read' 'write' 'readreq' 'writereq' 'writeresp'>

State 10 <SV = 9> <Delay = 7.30>
ST_10 : Operation 50 [1/1] (7.30ns)   --->   "%gmem1_addr_read = read i32 @_ssdm_op_Read.m_axi.i32P1A, i32 %gmem1_addr" [mmult_baseline.cpp:31]   --->   Operation 50 'read' 'gmem1_addr_read' <Predicate = true> <Delay = 7.30> <CoreInst = "m_axi">   --->   Core 119 'm_axi' <Latency = 0> <II = 1> <Delay = 1.00> <Adapter> <Opcode : 'read' 'write' 'readreq' 'writereq' 'writeresp'>
ST_10 : Operation 58 [1/1] (0.48ns)   --->   "%ret_ln0 = ret"   --->   Operation 58 'ret' 'ret_ln0' <Predicate = (icmp_ln29)> <Delay = 0.48>

State 11 <SV = 10> <Delay = 1.35>
ST_11 : Operation 51 [1/1] (0.00ns)   --->   "%zext_ln29 = zext i8 %k" [mmult_baseline.cpp:29]   --->   Operation 51 'zext' 'zext_ln29' <Predicate = true> <Delay = 0.00>
ST_11 : Operation 52 [1/1] (0.00ns)   --->   "%specpipeline_ln29 = specpipeline void @_ssdm_op_SpecPipeline, i32 4294967295, i32 0, i32 0, i32 0, void @empty_0" [mmult_baseline.cpp:29]   --->   Operation 52 'specpipeline' 'specpipeline_ln29' <Predicate = true> <Delay = 0.00>
ST_11 : Operation 53 [1/1] (0.00ns)   --->   "%speclooptripcount_ln30 = speclooptripcount void @_ssdm_op_SpecLoopTripCount, i64 128, i64 128, i64 128" [mmult_baseline.cpp:30]   --->   Operation 53 'speclooptripcount' 'speclooptripcount_ln30' <Predicate = true> <Delay = 0.00>
ST_11 : Operation 54 [1/1] (0.00ns)   --->   "%specloopname_ln29 = specloopname void @_ssdm_op_SpecLoopName, void @empty_16" [mmult_baseline.cpp:29]   --->   Operation 54 'specloopname' 'specloopname_ln29' <Predicate = true> <Delay = 0.00>
ST_11 : Operation 55 [1/1] (0.00ns)   --->   "%colB_addr = getelementptr i32 %colB, i64 0, i64 %zext_ln29" [mmult_baseline.cpp:31]   --->   Operation 55 'getelementptr' 'colB_addr' <Predicate = true> <Delay = 0.00>
ST_11 : Operation 56 [1/1] (1.35ns)   --->   "%store_ln31 = store i32 %gmem1_addr_read, i7 %colB_addr" [mmult_baseline.cpp:31]   --->   Operation 56 'store' 'store_ln31' <Predicate = true> <Delay = 1.35> <CoreInst = "RAM">   --->   Core 82 'RAM' <Latency = 1> <II = 1> <Delay = 1.35> <Storage> <Opcode : 'load' 'store'> <Ports = 2> <Width = 32> <Depth = 128> <RAM>
ST_11 : Operation 57 [1/1] (0.00ns)   --->   "%br_ln29 = br void %for.inc22" [mmult_baseline.cpp:29]   --->   Operation 57 'br' 'br_ln29' <Predicate = true> <Delay = 0.00>


============================================================
+ Verbose Summary: Timing violations
============================================================
Target clock period: 10.000ns, clock uncertainty: 2.700ns.

 <State 1>: 2.975ns
The critical path consists of the following:
	'store' operation 0 bit ('store_ln0') of constant 0 on local variable 'phi_mul' [16]  (0.489 ns)
	'load' operation 16 bit ('phi_mul_load', mmult_baseline.cpp:31) on local variable 'phi_mul' [26]  (0.000 ns)
	'add' operation 16 bit ('add_ln31', mmult_baseline.cpp:31) [32]  (1.016 ns)
	'add' operation 64 bit ('add_ln31_1', mmult_baseline.cpp:31) [35]  (1.470 ns)

 <State 2>: 7.300ns
The critical path consists of the following:
	bus request operation ('gmem1_load_req', mmult_baseline.cpp:31) on port 'gmem1' (mmult_baseline.cpp:31) [39]  (7.300 ns)

 <State 3>: 7.300ns
The critical path consists of the following:
	bus request operation ('gmem1_load_req', mmult_baseline.cpp:31) on port 'gmem1' (mmult_baseline.cpp:31) [39]  (7.300 ns)

 <State 4>: 7.300ns
The critical path consists of the following:
	bus request operation ('gmem1_load_req', mmult_baseline.cpp:31) on port 'gmem1' (mmult_baseline.cpp:31) [39]  (7.300 ns)

 <State 5>: 7.300ns
The critical path consists of the following:
	bus request operation ('gmem1_load_req', mmult_baseline.cpp:31) on port 'gmem1' (mmult_baseline.cpp:31) [39]  (7.300 ns)

 <State 6>: 7.300ns
The critical path consists of the following:
	bus request operation ('gmem1_load_req', mmult_baseline.cpp:31) on port 'gmem1' (mmult_baseline.cpp:31) [39]  (7.300 ns)

 <State 7>: 7.300ns
The critical path consists of the following:
	bus request operation ('gmem1_load_req', mmult_baseline.cpp:31) on port 'gmem1' (mmult_baseline.cpp:31) [39]  (7.300 ns)

 <State 8>: 7.300ns
The critical path consists of the following:
	bus request operation ('gmem1_load_req', mmult_baseline.cpp:31) on port 'gmem1' (mmult_baseline.cpp:31) [39]  (7.300 ns)

 <State 9>: 7.300ns
The critical path consists of the following:
	bus request operation ('gmem1_load_req', mmult_baseline.cpp:31) on port 'gmem1' (mmult_baseline.cpp:31) [39]  (7.300 ns)

 <State 10>: 7.300ns
The critical path consists of the following:
	bus read operation ('gmem1_addr_read', mmult_baseline.cpp:31) on port 'gmem1' (mmult_baseline.cpp:31) [40]  (7.300 ns)

 <State 11>: 1.352ns
The critical path consists of the following:
	'getelementptr' operation 7 bit ('colB_addr', mmult_baseline.cpp:31) [41]  (0.000 ns)
	'store' operation 0 bit ('store_ln31', mmult_baseline.cpp:31) of variable 'gmem1_addr_read', mmult_baseline.cpp:31 on array 'colB' [42]  (1.352 ns)


============================================================
+ Verbose Summary: Binding
============================================================
N/A
* FSMD analyzer results:
  - Output states:
 - Input state : 
  - Chain level:
	State 1
	State 2
	State 3
	State 4
	State 5
	State 6
	State 7
	State 8
	State 9
	State 10
	State 11


============================================================
+ Verbose Summary: Datapath Resource usage 
============================================================
N/A
