

================================================================
== Vitis HLS Report for 'mmult_hw_Pipeline_load_col'
================================================================
* Date:           Sat Feb 21 23:06:32 2026

* Version:        2024.1 (Build 5069499 on May 21 2024)
* Project:        matmul_D9_AXISep_Copy_Opt
* Solution:       hls (Vivado IP Flow Target)
* Product family: zynquplus
* Target device:  xczu3eg-sbva484-1-e


================================================================
== Performance Estimates
================================================================
+ Timing: 
    * Summary: 
    +--------+----------+----------+------------+
    |  Clock |  Target  | Estimated| Uncertainty|
    +--------+----------+----------+------------+
    |ap_clk  |  10.00 ns|  7.300 ns|     2.70 ns|
    +--------+----------+----------+------------+

+ Latency: 
    * Summary: 
    +---------+---------+----------+----------+-----+-----+-----------------------------------------------+
    |  Latency (cycles) |  Latency (absolute) |  Interval |                    Pipeline                   |
    |   min   |   max   |    min   |    max   | min | max |                      Type                     |
    +---------+---------+----------+----------+-----+-----+-----------------------------------------------+
    |      139|      139|  1.390 us|  1.390 us|  129|  129|  loop auto-rewind stp(delay=0 clock cycles(s))|
    +---------+---------+----------+----------+-----+-----+-----------------------------------------------+

    + Detail: 
        * Instance: 
        N/A

        * Loop: 
        +------------+---------+---------+----------+-----------+-----------+------+----------+
        |            |  Latency (cycles) | Iteration|  Initiation Interval  | Trip |          |
        |  Loop Name |   min   |   max   |  Latency |  achieved |   target  | Count| Pipelined|
        +------------+---------+---------+----------+-----------+-----------+------+----------+
        |- load_col  |      137|      137|        11|          1|          1|   128|       yes|
        +------------+---------+---------+----------+-----------+-----------+------+----------+



================================================================
== Utilization Estimates
================================================================
* Summary: 
+-----------------+---------+-----+--------+-------+-----+
|       Name      | BRAM_18K| DSP |   FF   |  LUT  | URAM|
+-----------------+---------+-----+--------+-------+-----+
|DSP              |        -|    -|       -|      -|    -|
|Expression       |        -|    -|       0|    175|    -|
|FIFO             |        -|    -|       -|      -|    -|
|Instance         |        -|    -|       -|      -|    -|
|Memory           |        -|    -|       -|      -|    -|
|Multiplexer      |        -|    -|       0|     72|    -|
|Register         |        -|    -|     213|     32|    -|
+-----------------+---------+-----+--------+-------+-----+
|Total            |        0|    0|     213|    279|    0|
+-----------------+---------+-----+--------+-------+-----+
|Available        |      432|  360|  141120|  70560|    0|
+-----------------+---------+-----+--------+-------+-----+
|Utilization (%)  |        0|    0|      ~0|     ~0|    0|
+-----------------+---------+-----+--------+-------+-----+

+ Detail: 
    * Instance: 
    N/A

    * DSP: 
    N/A

    * Memory: 
    N/A

    * FIFO: 
    N/A

    * Expression: 
    +---------------------------+----------+----+---+----+------------+------------+
    |       Variable Name       | Operation| DSP| FF| LUT| Bitwidth P0| Bitwidth P1|
    +---------------------------+----------+----+---+----+------------+------------+
    |add_ln29_fu_160_p2         |         +|   0|  0|  15|           8|           1|
    |add_ln31_1_fu_193_p2       |         +|   0|  0|  71|          64|          64|
    |add_ln31_2_fu_169_p2       |         +|   0|  0|  23|          16|          16|
    |add_ln31_fu_175_p2         |         +|   0|  0|  23|          16|          16|
    |icmp_ln29_fu_154_p2        |      icmp|   0|  0|  39|          32|          32|
    |ap_block_pp0_stage0_11001  |        or|   0|  0|   2|           1|           1|
    |ap_enable_pp0              |       xor|   0|  0|   2|           1|           2|
    +---------------------------+----------+----+---+----+------------+------------+
    |Total                      |          |   0|  0| 175|         138|         132|
    +---------------------------+----------+----+---+----+------------+------------+

    * Multiplexer: 
    +-------------------------------+----+-----------+-----+-----------+
    |              Name             | LUT| Input Size| Bits| Total Bits|
    +-------------------------------+----+-----------+-----+-----------+
    |ap_done_int                    |   9|          2|    1|          2|
    |ap_enable_reg_pp0_iter1        |   9|          2|    1|          2|
    |ap_sig_allocacmp_k             |   9|          2|    8|         16|
    |ap_sig_allocacmp_phi_mul_load  |   9|          2|   16|         32|
    |gmem1_blk_n_AR                 |   9|          2|    1|          2|
    |gmem1_blk_n_R                  |   9|          2|    1|          2|
    |k_1_fu_80                      |   9|          2|    8|         16|
    |phi_mul_fu_76                  |   9|          2|   16|         32|
    +-------------------------------+----+-----------+-----+-----------+
    |Total                          |  72|         16|   52|        104|
    +-------------------------------+----+-----------+-----+-----------+

    * Register: 
    +----------------------------------+----+----+-----+-----------+
    |               Name               | FF | LUT| Bits| Const Bits|
    +----------------------------------+----+----+-----+-----------+
    |ap_CS_fsm                         |   1|   0|    1|          0|
    |ap_done_reg                       |   1|   0|    1|          0|
    |ap_enable_reg_pp0_iter1           |   1|   0|    1|          0|
    |ap_enable_reg_pp0_iter10          |   1|   0|    1|          0|
    |ap_enable_reg_pp0_iter2           |   1|   0|    1|          0|
    |ap_enable_reg_pp0_iter3           |   1|   0|    1|          0|
    |ap_enable_reg_pp0_iter4           |   1|   0|    1|          0|
    |ap_enable_reg_pp0_iter5           |   1|   0|    1|          0|
    |ap_enable_reg_pp0_iter6           |   1|   0|    1|          0|
    |ap_enable_reg_pp0_iter7           |   1|   0|    1|          0|
    |ap_enable_reg_pp0_iter8           |   1|   0|    1|          0|
    |ap_enable_reg_pp0_iter9           |   1|   0|    1|          0|
    |ap_loop_exit_ready_pp0_iter1_reg  |   1|   0|    1|          0|
    |ap_loop_exit_ready_pp0_iter2_reg  |   1|   0|    1|          0|
    |ap_loop_exit_ready_pp0_iter3_reg  |   1|   0|    1|          0|
    |ap_loop_exit_ready_pp0_iter4_reg  |   1|   0|    1|          0|
    |ap_loop_exit_ready_pp0_iter5_reg  |   1|   0|    1|          0|
    |ap_loop_exit_ready_pp0_iter6_reg  |   1|   0|    1|          0|
    |ap_loop_exit_ready_pp0_iter7_reg  |   1|   0|    1|          0|
    |ap_loop_exit_ready_pp0_iter8_reg  |   1|   0|    1|          0|
    |ap_loop_exit_ready_pp0_iter9_reg  |   1|   0|    1|          0|
    |gmem1_addr_read_reg_262           |  32|   0|   32|          0|
    |gmem1_addr_reg_256                |  64|   0|   64|          0|
    |k_1_fu_80                         |   8|   0|    8|          0|
    |k_reg_247                         |   8|   0|    8|          0|
    |phi_mul_fu_76                     |  16|   0|   16|          0|
    |k_reg_247                         |  64|  32|    8|          0|
    +----------------------------------+----+----+-----+-----------+
    |Total                             | 213|  32|  157|          0|
    +----------------------------------+----+----+-----+-----------+



================================================================
== Interface
================================================================
* Summary: 
+----------------------+-----+-----+------------+----------------------------+--------------+
|       RTL Ports      | Dir | Bits|  Protocol  |        Source Object       |    C Type    |
+----------------------+-----+-----+------------+----------------------------+--------------+
|ap_clk                |   in|    1|  ap_ctrl_hs|  mmult_hw_Pipeline_load_col|  return value|
|ap_rst                |   in|    1|  ap_ctrl_hs|  mmult_hw_Pipeline_load_col|  return value|
|ap_start              |   in|    1|  ap_ctrl_hs|  mmult_hw_Pipeline_load_col|  return value|
|ap_done               |  out|    1|  ap_ctrl_hs|  mmult_hw_Pipeline_load_col|  return value|
|ap_idle               |  out|    1|  ap_ctrl_hs|  mmult_hw_Pipeline_load_col|  return value|
|ap_ready              |  out|    1|  ap_ctrl_hs|  mmult_hw_Pipeline_load_col|  return value|
|m_axi_gmem1_AWVALID   |  out|    1|       m_axi|                       gmem1|       pointer|
|m_axi_gmem1_AWREADY   |   in|    1|       m_axi|                       gmem1|       pointer|
|m_axi_gmem1_AWADDR    |  out|   64|       m_axi|                       gmem1|       pointer|
|m_axi_gmem1_AWID      |  out|    1|       m_axi|                       gmem1|       pointer|
|m_axi_gmem1_AWLEN     |  out|   32|       m_axi|                       gmem1|       pointer|
|m_axi_gmem1_AWSIZE    |  out|    3|       m_axi|                       gmem1|       pointer|
|m_axi_gmem1_AWBURST   |  out|    2|       m_axi|                       gmem1|       pointer|
|m_axi_gmem1_AWLOCK    |  out|    2|       m_axi|                       gmem1|       pointer|
|m_axi_gmem1_AWCACHE   |  out|    4|       m_axi|                       gmem1|       pointer|
|m_axi_gmem1_AWPROT    |  out|    3|       m_axi|                       gmem1|       pointer|
|m_axi_gmem1_AWQOS     |  out|    4|       m_axi|                       gmem1|       pointer|
|m_axi_gmem1_AWREGION  |  out|    4|       m_axi|                       gmem1|       pointer|
|m_axi_gmem1_AWUSER    |  out|    1|       m_axi|                       gmem1|       pointer|
|m_axi_gmem1_WVALID    |  out|    1|       m_axi|                       gmem1|       pointer|
|m_axi_gmem1_WREADY    |   in|    1|       m_axi|                       gmem1|       pointer|
|m_axi_gmem1_WDATA     |  out|   32|       m_axi|                       gmem1|       pointer|
|m_axi_gmem1_WSTRB     |  out|    4|       m_axi|                       gmem1|       pointer|
|m_axi_gmem1_WLAST     |  out|    1|       m_axi|                       gmem1|       pointer|
|m_axi_gmem1_WID       |  out|    1|       m_axi|                       gmem1|       pointer|
|m_axi_gmem1_WUSER     |  out|    1|       m_axi|                       gmem1|       pointer|
|m_axi_gmem1_ARVALID   |  out|    1|       m_axi|                       gmem1|       pointer|
|m_axi_gmem1_ARREADY   |   in|    1|       m_axi|                       gmem1|       pointer|
|m_axi_gmem1_ARADDR    |  out|   64|       m_axi|                       gmem1|       pointer|
|m_axi_gmem1_ARID      |  out|    1|       m_axi|                       gmem1|       pointer|
|m_axi_gmem1_ARLEN     |  out|   32|       m_axi|                       gmem1|       pointer|
|m_axi_gmem1_ARSIZE    |  out|    3|       m_axi|                       gmem1|       pointer|
|m_axi_gmem1_ARBURST   |  out|    2|       m_axi|                       gmem1|       pointer|
|m_axi_gmem1_ARLOCK    |  out|    2|       m_axi|                       gmem1|       pointer|
|m_axi_gmem1_ARCACHE   |  out|    4|       m_axi|                       gmem1|       pointer|
|m_axi_gmem1_ARPROT    |  out|    3|       m_axi|                       gmem1|       pointer|
|m_axi_gmem1_ARQOS     |  out|    4|       m_axi|                       gmem1|       pointer|
|m_axi_gmem1_ARREGION  |  out|    4|       m_axi|                       gmem1|       pointer|
|m_axi_gmem1_ARUSER    |  out|    1|       m_axi|                       gmem1|       pointer|
|m_axi_gmem1_RVALID    |   in|    1|       m_axi|                       gmem1|       pointer|
|m_axi_gmem1_RREADY    |  out|    1|       m_axi|                       gmem1|       pointer|
|m_axi_gmem1_RDATA     |   in|   32|       m_axi|                       gmem1|       pointer|
|m_axi_gmem1_RLAST     |   in|    1|       m_axi|                       gmem1|       pointer|
|m_axi_gmem1_RID       |   in|    1|       m_axi|                       gmem1|       pointer|
|m_axi_gmem1_RFIFONUM  |   in|    9|       m_axi|                       gmem1|       pointer|
|m_axi_gmem1_RUSER     |   in|    1|       m_axi|                       gmem1|       pointer|
|m_axi_gmem1_RRESP     |   in|    2|       m_axi|                       gmem1|       pointer|
|m_axi_gmem1_BVALID    |   in|    1|       m_axi|                       gmem1|       pointer|
|m_axi_gmem1_BREADY    |  out|    1|       m_axi|                       gmem1|       pointer|
|m_axi_gmem1_BRESP     |   in|    2|       m_axi|                       gmem1|       pointer|
|m_axi_gmem1_BID       |   in|    1|       m_axi|                       gmem1|       pointer|
|m_axi_gmem1_BUSER     |   in|    1|       m_axi|                       gmem1|       pointer|
|dim                   |   in|   32|     ap_none|                         dim|        scalar|
|empty                 |   in|   16|     ap_none|                       empty|        scalar|
|zext_ln26_1           |   in|    8|     ap_none|                 zext_ln26_1|        scalar|
|in2                   |   in|   64|     ap_none|                         in2|        scalar|
|colB_address0         |  out|    7|   ap_memory|                        colB|         array|
|colB_ce0              |  out|    1|   ap_memory|                        colB|         array|
|colB_we0              |  out|    1|   ap_memory|                        colB|         array|
|colB_d0               |  out|   32|   ap_memory|                        colB|         array|
+----------------------+-----+-----+------------+----------------------------+--------------+

============================================================
+ Verbose Summary: Synthesis Manager
============================================================
InlineROM: 1
ExposeGlobal: 0
============================================================
+ Verbose Summary: CDFG Model
============================================================
IsTopModel: 0
ResetActiveHigh: 1
IsCombinational: 2
IsDatapathOnly: 2
HasWiredReturn: 1
HasMFsm: 2
HasVarLatency: 1
IsPipeline: 0
IsRtlPipelined: 0
IsInstanceOverlapped: 0
IsDontTouch: 0
HasImplIP: 0
IsGatedGlobalClock: 0

+ Individual pipeline summary: 
  * Pipeline-0: initiation interval (II) = 1, depth = 11


============================================================
+ Verbose Summary: Schedule
============================================================
* Number of FSM states : 11
* Pipeline : 1
  Pipeline-0 : II = 1, D = 11, States = { 1 2 3 4 5 6 7 8 9 10 11 }
* Dataflow Pipeline: 0

* FSM state transitions: 
1 --> 2 
2 --> 3 
3 --> 4 
4 --> 5 
5 --> 6 
6 --> 7 
7 --> 8 
8 --> 9 
9 --> 10 
10 --> 11 
11 --> 

* FSM state operations: 

State 1 <SV = 0> <Delay = 2.97>
ST_1 : Operation 14 [1/1] (0.00ns)   --->   "%phi_mul = alloca i32 1"   --->   Operation 14 'alloca' 'phi_mul' <Predicate = true> <Delay = 0.00>
ST_1 : Operation 15 [1/1] (0.00ns)   --->   "%k_1 = alloca i32 1" [mmult_baseline.cpp:29]   --->   Operation 15 'alloca' 'k_1' <Predicate = true> <Delay = 0.00>
ST_1 : Operation 16 [1/1] (0.00ns)   --->   "%in2_read = read i64 @_ssdm_op_Read.ap_auto.i64, i64 %in2"   --->   Operation 16 'read' 'in2_read' <Predicate = true> <Delay = 0.00>
ST_1 : Operation 17 [1/1] (0.00ns)   --->   "%zext_ln26_1_read = read i8 @_ssdm_op_Read.ap_auto.i8, i8 %zext_ln26_1"   --->   Operation 17 'read' 'zext_ln26_1_read' <Predicate = true> <Delay = 0.00>
ST_1 : Operation 18 [1/1] (0.00ns)   --->   "%tmp = read i16 @_ssdm_op_Read.ap_auto.i16, i16 %empty"   --->   Operation 18 'read' 'tmp' <Predicate = true> <Delay = 0.00>
ST_1 : Operation 19 [1/1] (0.00ns)   --->   "%dim_read = read i32 @_ssdm_op_Read.ap_auto.i32, i32 %dim"   --->   Operation 19 'read' 'dim_read' <Predicate = true> <Delay = 0.00>
ST_1 : Operation 20 [1/1] (0.00ns)   --->   "%zext_ln26_1_cast = zext i8 %zext_ln26_1_read"   --->   Operation 20 'zext' 'zext_ln26_1_cast' <Predicate = true> <Delay = 0.00>
ST_1 : Operation 21 [1/1] (0.00ns)   --->   "%specinterface_ln0 = specinterface void @_ssdm_op_SpecInterface, i32 %gmem1, void @empty, i32 0, i32 0, void @empty_0, i32 0, i32 16384, void @empty_3, void @empty_2, void @empty_0, i32 16, i32 16, i32 16, i32 16, void @empty_0, void @empty_0, i32 4294967295, i32 0, i32 0"   --->   Operation 21 'specinterface' 'specinterface_ln0' <Predicate = true> <Delay = 0.00>
ST_1 : Operation 22 [1/1] (0.48ns)   --->   "%store_ln29 = store i8 0, i8 %k_1" [mmult_baseline.cpp:29]   --->   Operation 22 'store' 'store_ln29' <Predicate = true> <Delay = 0.48>
ST_1 : Operation 23 [1/1] (0.48ns)   --->   "%store_ln0 = store i16 0, i16 %phi_mul"   --->   Operation 23 'store' 'store_ln0' <Predicate = true> <Delay = 0.48>
ST_1 : Operation 24 [1/1] (0.00ns)   --->   "%br_ln0 = br void %for.inc22"   --->   Operation 24 'br' 'br_ln0' <Predicate = true> <Delay = 0.00>
ST_1 : Operation 25 [1/1] (0.00ns)   --->   "%k = load i8 %k_1" [mmult_baseline.cpp:29]   --->   Operation 25 'load' 'k' <Predicate = true> <Delay = 0.00>
ST_1 : Operation 26 [1/1] (0.00ns)   --->   "%specbitsmap_ln0 = specbitsmap void @_ssdm_op_SpecBitsMap, i32 %gmem1"   --->   Operation 26 'specbitsmap' 'specbitsmap_ln0' <Predicate = true> <Delay = 0.00>
ST_1 : Operation 27 [1/1] (0.00ns)   --->   "%zext_ln29_1 = zext i8 %k" [mmult_baseline.cpp:29]   --->   Operation 27 'zext' 'zext_ln29_1' <Predicate = true> <Delay = 0.00>
ST_1 : Operation 28 [1/1] (1.20ns)   --->   "%icmp_ln29 = icmp_eq  i32 %zext_ln29_1, i32 %dim_read" [mmult_baseline.cpp:29]   --->   Operation 28 'icmp' 'icmp_ln29' <Predicate = true> <Delay = 1.20> <CoreInst = "Cmp">   --->   Core 9 'Cmp' <Latency = 0> <II = 1> <Delay = 1.20> <FuncUnit> <Opcode : 'seteq' 'setne' 'setle' 'setge' 'setlt' 'setgt'> <InPorts = 2> <OutPorts = 1>
ST_1 : Operation 29 [1/1] (0.90ns)   --->   "%add_ln29 = add i8 %k, i8 1" [mmult_baseline.cpp:29]   --->   Operation 29 'add' 'add_ln29' <Predicate = true> <Delay = 0.90> <CoreInst = "Adder">   --->   Core 1 'Adder' <Latency = 0> <II = 1> <Delay = 0.90> <FuncUnit> <Opcode : 'add' 'sub'> <InPorts = 2> <OutPorts = 1>
ST_1 : Operation 30 [1/1] (0.00ns)   --->   "%br_ln29 = br i1 %icmp_ln29, void %for.inc22.split, void %for.inc36.preheader.exitStub" [mmult_baseline.cpp:29]   --->   Operation 30 'br' 'br_ln29' <Predicate = true> <Delay = 0.00>
ST_1 : Operation 31 [1/1] (0.00ns)   --->   "%phi_mul_load = load i16 %phi_mul" [mmult_baseline.cpp:31]   --->   Operation 31 'load' 'phi_mul_load' <Predicate = (!icmp_ln29)> <Delay = 0.00>
ST_1 : Operation 32 [1/1] (1.01ns)   --->   "%add_ln31_2 = add i16 %phi_mul_load, i16 %tmp" [mmult_baseline.cpp:31]   --->   Operation 32 'add' 'add_ln31_2' <Predicate = (!icmp_ln29)> <Delay = 1.01> <CoreInst = "Adder">   --->   Core 1 'Adder' <Latency = 0> <II = 1> <Delay = 1.01> <FuncUnit> <Opcode : 'add' 'sub'> <InPorts = 2> <OutPorts = 1>
ST_1 : Operation 33 [1/1] (1.01ns)   --->   "%add_ln31 = add i16 %phi_mul_load, i16 %zext_ln26_1_cast" [mmult_baseline.cpp:31]   --->   Operation 33 'add' 'add_ln31' <Predicate = (!icmp_ln29)> <Delay = 1.01> <CoreInst = "Adder">   --->   Core 1 'Adder' <Latency = 0> <II = 1> <Delay = 1.01> <FuncUnit> <Opcode : 'add' 'sub'> <InPorts = 2> <OutPorts = 1>
ST_1 : Operation 34 [1/1] (0.00ns)   --->   "%shl_ln = bitconcatenate i18 @_ssdm_op_BitConcatenate.i18.i16.i2, i16 %add_ln31, i2 0" [mmult_baseline.cpp:31]   --->   Operation 34 'bitconcatenate' 'shl_ln' <Predicate = (!icmp_ln29)> <Delay = 0.00>
ST_1 : Operation 35 [1/1] (0.00ns)   --->   "%zext_ln31 = zext i18 %shl_ln" [mmult_baseline.cpp:31]   --->   Operation 35 'zext' 'zext_ln31' <Predicate = (!icmp_ln29)> <Delay = 0.00>
ST_1 : Operation 36 [1/1] (1.47ns)   --->   "%add_ln31_1 = add i64 %zext_ln31, i64 %in2_read" [mmult_baseline.cpp:31]   --->   Operation 36 'add' 'add_ln31_1' <Predicate = (!icmp_ln29)> <Delay = 1.47> <CoreInst = "Adder">   --->   Core 1 'Adder' <Latency = 0> <II = 1> <Delay = 1.47> <FuncUnit> <Opcode : 'add' 'sub'> <InPorts = 2> <OutPorts = 1>
ST_1 : Operation 37 [1/1] (0.00ns)   --->   "%trunc_ln31_1 = partselect i62 @_ssdm_op_PartSelect.i62.i64.i32.i32, i64 %add_ln31_1, i32 2, i32 63" [mmult_baseline.cpp:31]   --->   Operation 37 'partselect' 'trunc_ln31_1' <Predicate = (!icmp_ln29)> <Delay = 0.00>
ST_1 : Operation 38 [1/1] (0.00ns)   --->   "%sext_ln31 = sext i62 %trunc_ln31_1" [mmult_baseline.cpp:31]   --->   Operation 38 'sext' 'sext_ln31' <Predicate = (!icmp_ln29)> <Delay = 0.00>
ST_1 : Operation 39 [1/1] (0.00ns)   --->   "%gmem1_addr = getelementptr i32 %gmem1, i64 %sext_ln31" [mmult_baseline.cpp:31]   --->   Operation 39 'getelementptr' 'gmem1_addr' <Predicate = (!icmp_ln29)> <Delay = 0.00>
ST_1 : Operation 40 [1/1] (0.48ns)   --->   "%store_ln29 = store i8 %add_ln29, i8 %k_1" [mmult_baseline.cpp:29]   --->   Operation 40 'store' 'store_ln29' <Predicate = (!icmp_ln29)> <Delay = 0.48>
ST_1 : Operation 41 [1/1] (0.48ns)   --->   "%store_ln31 = store i16 %add_ln31_2, i16 %phi_mul" [mmult_baseline.cpp:31]   --->   Operation 41 'store' 'store_ln31' <Predicate = (!icmp_ln29)> <Delay = 0.48>

State 2 <SV = 1> <Delay = 7.30>
ST_2 : Operation 42 [8/8] (7.30ns)   --->   "%gmem1_load_req = readreq i1 @_ssdm_op_ReadReq.m_axi.i32P1A, i64 %gmem1_addr, i64 1" [mmult_baseline.cpp:31]   --->   Operation 42 'readreq' 'gmem1_load_req' <Predicate = true> <Delay = 7.30> <CoreInst = "m_axi">   --->   Core 119 'm_axi' <Latency = 0> <II = 1> <Delay = 1.00> <Adapter> <Opcode : 'read' 'write' 'readreq' 'writereq' 'writeresp'>

State 3 <SV = 2> <Delay = 7.30>
ST_3 : Operation 43 [7/8] (7.30ns)   --->   "%gmem1_load_req = readreq i1 @_ssdm_op_ReadReq.m_axi.i32P1A, i64 %gmem1_addr, i64 1" [mmult_baseline.cpp:31]   --->   Operation 43 'readreq' 'gmem1_load_req' <Predicate = true> <Delay = 7.30> <CoreInst = "m_axi">   --->   Core 119 'm_axi' <Latency = 0> <II = 1> <Delay = 1.00> <Adapter> <Opcode : 'read' 'write' 'readreq' 'writereq' 'writeresp'>

State 4 <SV = 3> <Delay = 7.30>
ST_4 : Operation 44 [6/8] (7.30ns)   --->   "%gmem1_load_req = readreq i1 @_ssdm_op_ReadReq.m_axi.i32P1A, i64 %gmem1_addr, i64 1" [mmult_baseline.cpp:31]   --->   Operation 44 'readreq' 'gmem1_load_req' <Predicate = true> <Delay = 7.30> <CoreInst = "m_axi">   --->   Core 119 'm_axi' <Latency = 0> <II = 1> <Delay = 1.00> <Adapter> <Opcode : 'read' 'write' 'readreq' 'writereq' 'writeresp'>

State 5 <SV = 4> <Delay = 7.30>
ST_5 : Operation 45 [5/8] (7.30ns)   --->   "%gmem1_load_req = readreq i1 @_ssdm_op_ReadReq.m_axi.i32P1A, i64 %gmem1_addr, i64 1" [mmult_baseline.cpp:31]   --->   Operation 45 'readreq' 'gmem1_load_req' <Predicate = true> <Delay = 7.30> <CoreInst = "m_axi">   --->   Core 119 'm_axi' <Latency = 0> <II = 1> <Delay = 1.00> <Adapter> <Opcode : 'read' 'write' 'readreq' 'writereq' 'writeresp'>

State 6 <SV = 5> <Delay = 7.30>
ST_6 : Operation 46 [4/8] (7.30ns)   --->   "%gmem1_load_req = readreq i1 @_ssdm_op_ReadReq.m_axi.i32P1A, i64 %gmem1_addr, i64 1" [mmult_baseline.cpp:31]   --->   Operation 46 'readreq' 'gmem1_load_req' <Predicate = true> <Delay = 7.30> <CoreInst = "m_axi">   --->   Core 119 'm_axi' <Latency = 0> <II = 1> <Delay = 1.00> <Adapter> <Opcode : 'read' 'write' 'readreq' 'writereq' 'writeresp'>

State 7 <SV = 6> <Delay = 7.30>
ST_7 : Operation 47 [3/8] (7.30ns)   --->   "%gmem1_load_req = readreq i1 @_ssdm_op_ReadReq.m_axi.i32P1A, i64 %gmem1_addr, i64 1" [mmult_baseline.cpp:31]   --->   Operation 47 'readreq' 'gmem1_load_req' <Predicate = true> <Delay = 7.30> <CoreInst = "m_axi">   --->   Core 119 'm_axi' <Latency = 0> <II = 1> <Delay = 1.00> <Adapter> <Opcode : 'read' 'write' 'readreq' 'writereq' 'writeresp'>

State 8 <SV = 7> <Delay = 7.30>
ST_8 : Operation 48 [2/8] (7.30ns)   --->   "%gmem1_load_req = readreq i1 @_ssdm_op_ReadReq.m_axi.i32P1A, i64 %gmem1_addr, i64 1" [mmult_baseline.cpp:31]   --->   Operation 48 'readreq' 'gmem1_load_req' <Predicate = true> <Delay = 7.30> <CoreInst = "m_axi">   --->   Core 119 'm_axi' <Latency = 0> <II = 1> <Delay = 1.00> <Adapter> <Opcode : 'read' 'write' 'readreq' 'writereq' 'writeresp'>

State 9 <SV = 8> <Delay = 7.30>
ST_9 : Operation 49 [1/8] (7.30ns)   --->   "%gmem1_load_req = readreq i1 @_ssdm_op_ReadReq.m_axi.i32P1A, i64 %gmem1_addr, i64 1" [mmult_baseline.cpp:31]   --->   Operation 49 'readreq' 'gmem1_load_req' <Predicate = true> <Delay = 7.30> <CoreInst = "m_axi">   --->   Core 119 'm_axi' <Latency = 0> <II = 1> <Delay = 1.00> <Adapter> <Opcode : 'read' 'write' 'readreq' 'writereq' 'writeresp'>

State 10 <SV = 9> <Delay = 7.30>
ST_10 : Operation 50 [1/1] (7.30ns)   --->   "%gmem1_addr_read = read i32 @_ssdm_op_Read.m_axi.i32P1A, i64 %gmem1_addr" [mmult_baseline.cpp:31]   --->   Operation 50 'read' 'gmem1_addr_read' <Predicate = true> <Delay = 7.30> <CoreInst = "m_axi">   --->   Core 119 'm_axi' <Latency = 0> <II = 1> <Delay = 1.00> <Adapter> <Opcode : 'read' 'write' 'readreq' 'writereq' 'writeresp'>
ST_10 : Operation 58 [1/1] (0.48ns)   --->   "%ret_ln0 = ret"   --->   Operation 58 'ret' 'ret_ln0' <Predicate = (icmp_ln29)> <Delay = 0.48>

State 11 <SV = 10> <Delay = 1.35>
ST_11 : Operation 51 [1/1] (0.00ns)   --->   "%zext_ln29 = zext i8 %k" [mmult_baseline.cpp:29]   --->   Operation 51 'zext' 'zext_ln29' <Predicate = true> <Delay = 0.00>
ST_11 : Operation 52 [1/1] (0.00ns)   --->   "%specpipeline_ln29 = specpipeline void @_ssdm_op_SpecPipeline, i32 4294967295, i32 0, i32 0, i32 0, void @empty_0" [mmult_baseline.cpp:29]   --->   Operation 52 'specpipeline' 'specpipeline_ln29' <Predicate = true> <Delay = 0.00>
ST_11 : Operation 53 [1/1] (0.00ns)   --->   "%speclooptripcount_ln30 = speclooptripcount void @_ssdm_op_SpecLoopTripCount, i64 128, i64 128, i64 128" [mmult_baseline.cpp:30]   --->   Operation 53 'speclooptripcount' 'speclooptripcount_ln30' <Predicate = true> <Delay = 0.00>
ST_11 : Operation 54 [1/1] (0.00ns)   --->   "%specloopname_ln29 = specloopname void @_ssdm_op_SpecLoopName, void @empty_16" [mmult_baseline.cpp:29]   --->   Operation 54 'specloopname' 'specloopname_ln29' <Predicate = true> <Delay = 0.00>
ST_11 : Operation 55 [1/1] (0.00ns)   --->   "%colB_addr = getelementptr i32 %colB, i64 0, i64 %zext_ln29" [mmult_baseline.cpp:31]   --->   Operation 55 'getelementptr' 'colB_addr' <Predicate = true> <Delay = 0.00>
ST_11 : Operation 56 [1/1] (1.35ns)   --->   "%store_ln31 = store i32 %gmem1_addr_read, i7 %colB_addr" [mmult_baseline.cpp:31]   --->   Operation 56 'store' 'store_ln31' <Predicate = true> <Delay = 1.35> <CoreInst = "RAM">   --->   Core 82 'RAM' <Latency = 1> <II = 1> <Delay = 1.35> <Storage> <Opcode : 'load' 'store'> <Ports = 2> <Width = 32> <Depth = 128> <RAM>
ST_11 : Operation 57 [1/1] (0.00ns)   --->   "%br_ln29 = br void %for.inc22" [mmult_baseline.cpp:29]   --->   Operation 57 'br' 'br_ln29' <Predicate = true> <Delay = 0.00>


============================================================
+ Verbose Summary: Binding
============================================================
STG Binding: 
---------------- STG Properties BEGIN ----------------
- Is combinational: 0
- Is one-state seq: 0
- Is datapath-only: 0
- Is pipelined: 0
- Is top level: 0
Port [ Return ] is wired: 1; IO mode=ap_ctrl_hs:ce=0
Port [ gmem1]:  wired=1; compound=1; hidden=0; nouse=0; global=0; static=0; extern=0; dir=0; type=4; pingpong=0; private_global=0; IO mode=m_axi:ce=0
Port [ dim]:  wired=1; compound=0; hidden=0; nouse=0; global=0; static=0; extern=0; dir=0; type=0; pingpong=0; private_global=0; IO mode=ap_none:ce=0
Port [ empty]:  wired=1; compound=0; hidden=0; nouse=0; global=0; static=0; extern=0; dir=0; type=0; pingpong=0; private_global=0; IO mode=ap_none:ce=0
Port [ zext_ln26_1]:  wired=1; compound=0; hidden=0; nouse=0; global=0; static=0; extern=0; dir=0; type=0; pingpong=0; private_global=0; IO mode=ap_none:ce=0
Port [ in2]:  wired=1; compound=0; hidden=0; nouse=0; global=0; static=0; extern=0; dir=0; type=0; pingpong=0; private_global=0; IO mode=ap_none:ce=0
Port [ colB]:  wired=1; compound=1; hidden=0; nouse=0; global=0; static=0; extern=0; dir=1; type=1; pingpong=0; private_global=0; MemPort=[03]; IO mode=ap_memory:ce=0
---------------- STG Properties END ------------------

---------------- Datapath Model BEGIN ----------------

<LifeTime>
<method=bitvector/>
phi_mul                (alloca           ) [ 010000000000]
k_1                    (alloca           ) [ 010000000000]
in2_read               (read             ) [ 000000000000]
zext_ln26_1_read       (read             ) [ 000000000000]
tmp                    (read             ) [ 000000000000]
dim_read               (read             ) [ 000000000000]
zext_ln26_1_cast       (zext             ) [ 000000000000]
specinterface_ln0      (specinterface    ) [ 000000000000]
store_ln29             (store            ) [ 000000000000]
store_ln0              (store            ) [ 000000000000]
br_ln0                 (br               ) [ 000000000000]
k                      (load             ) [ 011111111111]
specbitsmap_ln0        (specbitsmap      ) [ 000000000000]
zext_ln29_1            (zext             ) [ 000000000000]
icmp_ln29              (icmp             ) [ 011111111110]
add_ln29               (add              ) [ 000000000000]
br_ln29                (br               ) [ 000000000000]
phi_mul_load           (load             ) [ 000000000000]
add_ln31_2             (add              ) [ 000000000000]
add_ln31               (add              ) [ 000000000000]
shl_ln                 (bitconcatenate   ) [ 000000000000]
zext_ln31              (zext             ) [ 000000000000]
add_ln31_1             (add              ) [ 000000000000]
trunc_ln31_1           (partselect       ) [ 000000000000]
sext_ln31              (sext             ) [ 000000000000]
gmem1_addr             (getelementptr    ) [ 011111111110]
store_ln29             (store            ) [ 000000000000]
store_ln31             (store            ) [ 000000000000]
gmem1_load_req         (readreq          ) [ 000000000000]
gmem1_addr_read        (read             ) [ 010000000001]
zext_ln29              (zext             ) [ 000000000000]
specpipeline_ln29      (specpipeline     ) [ 000000000000]
speclooptripcount_ln30 (speclooptripcount) [ 000000000000]
specloopname_ln29      (specloopname     ) [ 000000000000]
colB_addr              (getelementptr    ) [ 000000000000]
store_ln31             (store            ) [ 000000000000]
br_ln29                (br               ) [ 000000000000]
ret_ln0                (ret              ) [ 000000000000]
</LifeTime>

<model>

<comp_list>
<comp id="0" class="1000" name="gmem1">
<pin_list>
<pin id="1" dir="1" index="0" bw="1" slack="0"/>
</pin_list>
<bind>
<StgValue><ssdm name="gmem1"/></StgValue>
</bind>
</comp>

<comp id="2" class="1000" name="dim">
<pin_list>
<pin id="3" dir="1" index="0" bw="1" slack="0"/>
</pin_list>
<bind>
<StgValue><ssdm name="dim"/></StgValue>
</bind>
</comp>

<comp id="4" class="1000" name="empty">
<pin_list>
<pin id="5" dir="1" index="0" bw="1" slack="0"/>
</pin_list>
<bind>
<StgValue><ssdm name="empty"/></StgValue>
</bind>
</comp>

<comp id="6" class="1000" name="zext_ln26_1">
<pin_list>
<pin id="7" dir="1" index="0" bw="1" slack="0"/>
</pin_list>
<bind>
<StgValue><ssdm name="zext_ln26_1"/></StgValue>
</bind>
</comp>

<comp id="8" class="1000" name="in2">
<pin_list>
<pin id="9" dir="1" index="0" bw="1" slack="0"/>
</pin_list>
<bind>
<StgValue><ssdm name="in2"/></StgValue>
</bind>
</comp>

<comp id="10" class="1000" name="colB">
<pin_list>
<pin id="11" dir="1" index="0" bw="1" slack="0"/>
</pin_list>
<bind>
<StgValue><ssdm name="colB"/><MemPortTyVec>0 3 </MemPortTyVec>
</StgValue>
</bind>
</comp>

<comp id="12" class="1001" name="const_12">
<pin_list>
<pin id="13" dir="1" index="0" bw="1" slack="0"/>
</pin_list>
<bind>
<StgValue><ssdm name=""/></StgValue>
</bind>
</comp>

<comp id="14" class="1001" name="const_14">
<pin_list>
<pin id="15" dir="1" index="0" bw="1" slack="0"/>
</pin_list>
<bind>
<StgValue><ssdm name="_ssdm_op_Read.ap_auto.i64"/></StgValue>
</bind>
</comp>

<comp id="16" class="1001" name="const_16">
<pin_list>
<pin id="17" dir="1" index="0" bw="1" slack="0"/>
</pin_list>
<bind>
<StgValue><ssdm name="_ssdm_op_Read.ap_auto.i8"/></StgValue>
</bind>
</comp>

<comp id="18" class="1001" name="const_18">
<pin_list>
<pin id="19" dir="1" index="0" bw="1" slack="0"/>
</pin_list>
<bind>
<StgValue><ssdm name="_ssdm_op_Read.ap_auto.i16"/></StgValue>
</bind>
</comp>

<comp id="20" class="1001" name="const_20">
<pin_list>
<pin id="21" dir="1" index="0" bw="1" slack="0"/>
</pin_list>
<bind>
<StgValue><ssdm name="_ssdm_op_Read.ap_auto.i32"/></StgValue>
</bind>
</comp>

<comp id="22" class="1001" name="const_22">
<pin_list>
<pin id="23" dir="1" index="0" bw="1" slack="2147483647"/>
</pin_list>
<bind>
<StgValue><ssdm name="_ssdm_op_SpecInterface"/></StgValue>
</bind>
</comp>

<comp id="24" class="1001" name="const_24">
<pin_list>
<pin id="25" dir="1" index="0" bw="1" slack="2147483647"/>
</pin_list>
<bind>
<StgValue><ssdm name="empty"/></StgValue>
</bind>
</comp>

<comp id="26" class="1001" name="const_26">
<pin_list>
<pin id="27" dir="1" index="0" bw="1" slack="2147483647"/>
</pin_list>
<bind>
<StgValue><ssdm name=""/></StgValue>
</bind>
</comp>

<comp id="28" class="1001" name="const_28">
<pin_list>
<pin id="29" dir="1" index="0" bw="1" slack="2147483647"/>
</pin_list>
<bind>
<StgValue><ssdm name="empty_0"/></StgValue>
</bind>
</comp>

<comp id="30" class="1001" name="const_30">
<pin_list>
<pin id="31" dir="1" index="0" bw="1" slack="2147483647"/>
</pin_list>
<bind>
<StgValue><ssdm name=""/></StgValue>
</bind>
</comp>

<comp id="32" class="1001" name="const_32">
<pin_list>
<pin id="33" dir="1" index="0" bw="1" slack="2147483647"/>
</pin_list>
<bind>
<StgValue><ssdm name="empty_3"/></StgValue>
</bind>
</comp>

<comp id="34" class="1001" name="const_34">
<pin_list>
<pin id="35" dir="1" index="0" bw="1" slack="2147483647"/>
</pin_list>
<bind>
<StgValue><ssdm name="empty_2"/></StgValue>
</bind>
</comp>

<comp id="36" class="1001" name="const_36">
<pin_list>
<pin id="37" dir="1" index="0" bw="1" slack="2147483647"/>
</pin_list>
<bind>
<StgValue><ssdm name=""/></StgValue>
</bind>
</comp>

<comp id="38" class="1001" name="const_38">
<pin_list>
<pin id="39" dir="1" index="0" bw="1" slack="2147483647"/>
</pin_list>
<bind>
<StgValue><ssdm name=""/></StgValue>
</bind>
</comp>

<comp id="40" class="1001" name="const_40">
<pin_list>
<pin id="41" dir="1" index="0" bw="1" slack="0"/>
</pin_list>
<bind>
<StgValue><ssdm name=""/></StgValue>
</bind>
</comp>

<comp id="42" class="1001" name="const_42">
<pin_list>
<pin id="43" dir="1" index="0" bw="1" slack="0"/>
</pin_list>
<bind>
<StgValue><ssdm name=""/></StgValue>
</bind>
</comp>

<comp id="44" class="1001" name="const_44">
<pin_list>
<pin id="45" dir="1" index="0" bw="1" slack="2147483647"/>
</pin_list>
<bind>
<StgValue><ssdm name="_ssdm_op_SpecBitsMap"/></StgValue>
</bind>
</comp>

<comp id="46" class="1001" name="const_46">
<pin_list>
<pin id="47" dir="1" index="0" bw="1" slack="0"/>
</pin_list>
<bind>
<StgValue><ssdm name=""/></StgValue>
</bind>
</comp>

<comp id="48" class="1001" name="const_48">
<pin_list>
<pin id="49" dir="1" index="0" bw="1" slack="0"/>
</pin_list>
<bind>
<StgValue><ssdm name="_ssdm_op_BitConcatenate.i18.i16.i2"/></StgValue>
</bind>
</comp>

<comp id="50" class="1001" name="const_50">
<pin_list>
<pin id="51" dir="1" index="0" bw="1" slack="0"/>
</pin_list>
<bind>
<StgValue><ssdm name=""/></StgValue>
</bind>
</comp>

<comp id="52" class="1001" name="const_52">
<pin_list>
<pin id="53" dir="1" index="0" bw="1" slack="0"/>
</pin_list>
<bind>
<StgValue><ssdm name="_ssdm_op_PartSelect.i62.i64.i32.i32"/></StgValue>
</bind>
</comp>

<comp id="54" class="1001" name="const_54">
<pin_list>
<pin id="55" dir="1" index="0" bw="1" slack="0"/>
</pin_list>
<bind>
<StgValue><ssdm name=""/></StgValue>
</bind>
</comp>

<comp id="56" class="1001" name="const_56">
<pin_list>
<pin id="57" dir="1" index="0" bw="1" slack="0"/>
</pin_list>
<bind>
<StgValue><ssdm name=""/></StgValue>
</bind>
</comp>

<comp id="58" class="1001" name="const_58">
<pin_list>
<pin id="59" dir="1" index="0" bw="1" slack="0"/>
</pin_list>
<bind>
<StgValue><ssdm name="_ssdm_op_ReadReq.m_axi.i32P1A"/></StgValue>
</bind>
</comp>

<comp id="60" class="1001" name="const_60">
<pin_list>
<pin id="61" dir="1" index="0" bw="1" slack="0"/>
</pin_list>
<bind>
<StgValue><ssdm name=""/></StgValue>
</bind>
</comp>

<comp id="62" class="1001" name="const_62">
<pin_list>
<pin id="63" dir="1" index="0" bw="1" slack="0"/>
</pin_list>
<bind>
<StgValue><ssdm name="_ssdm_op_Read.m_axi.i32P1A"/></StgValue>
</bind>
</comp>

<comp id="64" class="1001" name="const_64">
<pin_list>
<pin id="65" dir="1" index="0" bw="1" slack="2147483647"/>
</pin_list>
<bind>
<StgValue><ssdm name="_ssdm_op_SpecPipeline"/></StgValue>
</bind>
</comp>

<comp id="66" class="1001" name="const_66">
<pin_list>
<pin id="67" dir="1" index="0" bw="1" slack="2147483647"/>
</pin_list>
<bind>
<StgValue><ssdm name="_ssdm_op_SpecLoopTripCount"/></StgValue>
</bind>
</comp>

<comp id="68" class="1001" name="const_68">
<pin_list>
<pin id="69" dir="1" index="0" bw="1" slack="2147483647"/>
</pin_list>
<bind>
<StgValue><ssdm name=""/></StgValue>
</bind>
</comp>

<comp id="70" class="1001" name="const_70">
<pin_list>
<pin id="71" dir="1" index="0" bw="1" slack="2147483647"/>
</pin_list>
<bind>
<StgValue><ssdm name="_ssdm_op_SpecLoopName"/></StgValue>
</bind>
</comp>

<comp id="72" class="1001" name="const_72">
<pin_list>
<pin id="73" dir="1" index="0" bw="1" slack="2147483647"/>
</pin_list>
<bind>
<StgValue><ssdm name="empty_16"/></StgValue>
</bind>
</comp>

<comp id="74" class="1001" name="const_74">
<pin_list>
<pin id="75" dir="1" index="0" bw="1" slack="0"/>
</pin_list>
<bind>
<StgValue><ssdm name=""/></StgValue>
</bind>
</comp>

<comp id="76" class="1004" name="phi_mul_fu_76">
<pin_list>
<pin id="77" dir="0" index="0" bw="1" slack="0"/>
<pin id="78" dir="1" index="1" bw="16" slack="0"/>
</pin_list>
<bind>
<opcode="alloca(26) " fcode="alloca"/>
<opset="phi_mul/1 "/>
</bind>
</comp>

<comp id="80" class="1004" name="k_1_fu_80">
<pin_list>
<pin id="81" dir="0" index="0" bw="1" slack="0"/>
<pin id="82" dir="1" index="1" bw="8" slack="0"/>
</pin_list>
<bind>
<opcode="alloca(26) " fcode="alloca"/>
<opset="k_1/1 "/>
</bind>
</comp>

<comp id="84" class="1004" name="in2_read_read_fu_84">
<pin_list>
<pin id="85" dir="0" index="0" bw="64" slack="0"/>
<pin id="86" dir="0" index="1" bw="64" slack="0"/>
<pin id="87" dir="1" index="2" bw="64" slack="0"/>
</pin_list>
<bind>
<opcode="read(1150) " fcode="read"/>
<opset="in2_read/1 "/>
</bind>
</comp>

<comp id="90" class="1004" name="zext_ln26_1_read_read_fu_90">
<pin_list>
<pin id="91" dir="0" index="0" bw="8" slack="0"/>
<pin id="92" dir="0" index="1" bw="8" slack="0"/>
<pin id="93" dir="1" index="2" bw="8" slack="0"/>
</pin_list>
<bind>
<opcode="read(1150) " fcode="read"/>
<opset="zext_ln26_1_read/1 "/>
</bind>
</comp>

<comp id="96" class="1004" name="tmp_read_fu_96">
<pin_list>
<pin id="97" dir="0" index="0" bw="16" slack="0"/>
<pin id="98" dir="0" index="1" bw="16" slack="0"/>
<pin id="99" dir="1" index="2" bw="16" slack="0"/>
</pin_list>
<bind>
<opcode="read(1150) " fcode="read"/>
<opset="tmp/1 "/>
</bind>
</comp>

<comp id="102" class="1004" name="dim_read_read_fu_102">
<pin_list>
<pin id="103" dir="0" index="0" bw="32" slack="0"/>
<pin id="104" dir="0" index="1" bw="32" slack="0"/>
<pin id="105" dir="1" index="2" bw="32" slack="0"/>
</pin_list>
<bind>
<opcode="read(1150) " fcode="read"/>
<opset="dim_read/1 "/>
</bind>
</comp>

<comp id="108" class="1004" name="grp_readreq_fu_108">
<pin_list>
<pin id="109" dir="0" index="0" bw="1" slack="0"/>
<pin id="110" dir="0" index="1" bw="32" slack="1"/>
<pin id="111" dir="0" index="2" bw="1" slack="0"/>
<pin id="112" dir="1" index="3" bw="1" slack="2147483647"/>
</pin_list>
<bind>
<opcode="readreq(1154) " fcode="readreq"/>
<opset="gmem1_load_req/2 "/>
</bind>
</comp>

<comp id="115" class="1004" name="gmem1_addr_read_read_fu_115">
<pin_list>
<pin id="116" dir="0" index="0" bw="32" slack="0"/>
<pin id="117" dir="0" index="1" bw="32" slack="9"/>
<pin id="118" dir="1" index="2" bw="32" slack="1"/>
</pin_list>
<bind>
<opcode="read(1150) " fcode="read"/>
<opset="gmem1_addr_read/10 "/>
</bind>
</comp>

<comp id="120" class="1004" name="colB_addr_gep_fu_120">
<pin_list>
<pin id="121" dir="0" index="0" bw="32" slack="0"/>
<pin id="122" dir="0" index="1" bw="1" slack="0"/>
<pin id="123" dir="0" index="2" bw="8" slack="0"/>
<pin id="124" dir="1" index="3" bw="7" slack="0"/>
</pin_list>
<bind>
<opcode="getelementptr(29) " fcode="getelementptr"/>
<opset="colB_addr/11 "/>
</bind>
</comp>

<comp id="127" class="1004" name="store_ln31_access_fu_127">
<pin_list>
<pin id="128" dir="0" index="0" bw="7" slack="0"/>
<pin id="129" dir="0" index="1" bw="32" slack="1"/>
<pin id="130" dir="0" index="2" bw="0" slack="2147483647"/>
<pin id="131" dir="1" index="3" bw="32" slack="2147483647"/>
</pin_list>
<bind>
<opcode="store(28) " fcode="store"/>
<opset="store_ln31/11 "/>
</bind>
</comp>

<comp id="133" class="1004" name="zext_ln26_1_cast_fu_133">
<pin_list>
<pin id="134" dir="0" index="0" bw="8" slack="0"/>
<pin id="135" dir="1" index="1" bw="16" slack="0"/>
</pin_list>
<bind>
<opcode="zext(34) " fcode="zext"/>
<opset="zext_ln26_1_cast/1 "/>
</bind>
</comp>

<comp id="137" class="1004" name="store_ln29_store_fu_137">
<pin_list>
<pin id="138" dir="0" index="0" bw="1" slack="0"/>
<pin id="139" dir="0" index="1" bw="8" slack="0"/>
<pin id="140" dir="1" index="2" bw="0" slack="2147483647"/>
</pin_list>
<bind>
<opcode="store(28) " fcode="store"/>
<opset="store_ln29/1 "/>
</bind>
</comp>

<comp id="142" class="1004" name="store_ln0_store_fu_142">
<pin_list>
<pin id="143" dir="0" index="0" bw="1" slack="0"/>
<pin id="144" dir="0" index="1" bw="16" slack="0"/>
<pin id="145" dir="1" index="2" bw="0" slack="2147483647"/>
</pin_list>
<bind>
<opcode="store(28) " fcode="store"/>
<opset="store_ln0/1 "/>
</bind>
</comp>

<comp id="147" class="1004" name="k_load_fu_147">
<pin_list>
<pin id="148" dir="0" index="0" bw="8" slack="0"/>
<pin id="149" dir="1" index="1" bw="8" slack="0"/>
</pin_list>
<bind>
<opcode="load(27) " fcode="load"/>
<opset="k/1 "/>
</bind>
</comp>

<comp id="150" class="1004" name="zext_ln29_1_fu_150">
<pin_list>
<pin id="151" dir="0" index="0" bw="8" slack="0"/>
<pin id="152" dir="1" index="1" bw="32" slack="0"/>
</pin_list>
<bind>
<opcode="zext(34) " fcode="zext"/>
<opset="zext_ln29_1/1 "/>
</bind>
</comp>

<comp id="154" class="1004" name="icmp_ln29_fu_154">
<pin_list>
<pin id="155" dir="0" index="0" bw="32" slack="0"/>
<pin id="156" dir="0" index="1" bw="32" slack="0"/>
<pin id="157" dir="1" index="2" bw="1" slack="9"/>
</pin_list>
<bind>
<opcode="icmp(45) " fcode="icmp"/>
<opset="icmp_ln29/1 "/>
</bind>
</comp>

<comp id="160" class="1004" name="add_ln29_fu_160">
<pin_list>
<pin id="161" dir="0" index="0" bw="8" slack="0"/>
<pin id="162" dir="0" index="1" bw="1" slack="0"/>
<pin id="163" dir="1" index="2" bw="8" slack="0"/>
</pin_list>
<bind>
<opcode="add(8) " fcode="add"/>
<opset="add_ln29/1 "/>
</bind>
</comp>

<comp id="166" class="1004" name="phi_mul_load_load_fu_166">
<pin_list>
<pin id="167" dir="0" index="0" bw="16" slack="0"/>
<pin id="168" dir="1" index="1" bw="16" slack="0"/>
</pin_list>
<bind>
<opcode="load(27) " fcode="load"/>
<opset="phi_mul_load/1 "/>
</bind>
</comp>

<comp id="169" class="1004" name="add_ln31_2_fu_169">
<pin_list>
<pin id="170" dir="0" index="0" bw="16" slack="0"/>
<pin id="171" dir="0" index="1" bw="16" slack="0"/>
<pin id="172" dir="1" index="2" bw="16" slack="0"/>
</pin_list>
<bind>
<opcode="add(8) " fcode="add"/>
<opset="add_ln31_2/1 "/>
</bind>
</comp>

<comp id="175" class="1004" name="add_ln31_fu_175">
<pin_list>
<pin id="176" dir="0" index="0" bw="16" slack="0"/>
<pin id="177" dir="0" index="1" bw="8" slack="0"/>
<pin id="178" dir="1" index="2" bw="16" slack="0"/>
</pin_list>
<bind>
<opcode="add(8) " fcode="add"/>
<opset="add_ln31/1 "/>
</bind>
</comp>

<comp id="181" class="1004" name="shl_ln_fu_181">
<pin_list>
<pin id="182" dir="0" index="0" bw="18" slack="0"/>
<pin id="183" dir="0" index="1" bw="16" slack="0"/>
<pin id="184" dir="0" index="2" bw="1" slack="0"/>
<pin id="185" dir="1" index="3" bw="18" slack="0"/>
</pin_list>
<bind>
<opcode="bitconcatenate(1004) " fcode="bitconcatenate"/>
<opset="shl_ln/1 "/>
</bind>
</comp>

<comp id="189" class="1004" name="zext_ln31_fu_189">
<pin_list>
<pin id="190" dir="0" index="0" bw="18" slack="0"/>
<pin id="191" dir="1" index="1" bw="64" slack="0"/>
</pin_list>
<bind>
<opcode="zext(34) " fcode="zext"/>
<opset="zext_ln31/1 "/>
</bind>
</comp>

<comp id="193" class="1004" name="add_ln31_1_fu_193">
<pin_list>
<pin id="194" dir="0" index="0" bw="18" slack="0"/>
<pin id="195" dir="0" index="1" bw="64" slack="0"/>
<pin id="196" dir="1" index="2" bw="64" slack="0"/>
</pin_list>
<bind>
<opcode="add(8) " fcode="add"/>
<opset="add_ln31_1/1 "/>
</bind>
</comp>

<comp id="199" class="1004" name="trunc_ln31_1_fu_199">
<pin_list>
<pin id="200" dir="0" index="0" bw="62" slack="0"/>
<pin id="201" dir="0" index="1" bw="64" slack="0"/>
<pin id="202" dir="0" index="2" bw="3" slack="0"/>
<pin id="203" dir="0" index="3" bw="7" slack="0"/>
<pin id="204" dir="1" index="4" bw="62" slack="0"/>
</pin_list>
<bind>
<opcode="partselect(1002) " fcode="partselect"/>
<opset="trunc_ln31_1/1 "/>
</bind>
</comp>

<comp id="209" class="1004" name="sext_ln31_fu_209">
<pin_list>
<pin id="210" dir="0" index="0" bw="62" slack="0"/>
<pin id="211" dir="1" index="1" bw="64" slack="0"/>
</pin_list>
<bind>
<opcode="sext(35) " fcode="sext"/>
<opset="sext_ln31/1 "/>
</bind>
</comp>

<comp id="213" class="1004" name="gmem1_addr_fu_213">
<pin_list>
<pin id="214" dir="0" index="0" bw="64" slack="0"/>
<pin id="215" dir="0" index="1" bw="64" slack="0"/>
<pin id="216" dir="1" index="2" bw="64" slack="1"/>
</pin_list>
<bind>
<opcode="getelementptr(29) " fcode="getelementptr"/>
<opset="gmem1_addr/1 "/>
</bind>
</comp>

<comp id="219" class="1004" name="store_ln29_store_fu_219">
<pin_list>
<pin id="220" dir="0" index="0" bw="8" slack="0"/>
<pin id="221" dir="0" index="1" bw="8" slack="0"/>
<pin id="222" dir="1" index="2" bw="0" slack="2147483647"/>
</pin_list>
<bind>
<opcode="store(28) " fcode="store"/>
<opset="store_ln29/1 "/>
</bind>
</comp>

<comp id="224" class="1004" name="store_ln31_store_fu_224">
<pin_list>
<pin id="225" dir="0" index="0" bw="16" slack="0"/>
<pin id="226" dir="0" index="1" bw="16" slack="0"/>
<pin id="227" dir="1" index="2" bw="0" slack="2147483647"/>
</pin_list>
<bind>
<opcode="store(28) " fcode="store"/>
<opset="store_ln31/1 "/>
</bind>
</comp>

<comp id="229" class="1004" name="zext_ln29_fu_229">
<pin_list>
<pin id="230" dir="0" index="0" bw="8" slack="10"/>
<pin id="231" dir="1" index="1" bw="64" slack="0"/>
</pin_list>
<bind>
<opcode="zext(34) " fcode="zext"/>
<opset="zext_ln29/11 "/>
</bind>
</comp>

<comp id="233" class="1005" name="phi_mul_reg_233">
<pin_list>
<pin id="234" dir="0" index="0" bw="16" slack="0"/>
<pin id="235" dir="1" index="1" bw="16" slack="0"/>
</pin_list>
<bind>
<opset="phi_mul "/>
</bind>
</comp>

<comp id="240" class="1005" name="k_1_reg_240">
<pin_list>
<pin id="241" dir="0" index="0" bw="8" slack="0"/>
<pin id="242" dir="1" index="1" bw="8" slack="0"/>
</pin_list>
<bind>
<opset="k_1 "/>
</bind>
</comp>

<comp id="247" class="1005" name="k_reg_247">
<pin_list>
<pin id="248" dir="0" index="0" bw="8" slack="10"/>
<pin id="249" dir="1" index="1" bw="8" slack="10"/>
</pin_list>
<bind>
<opset="k "/>
</bind>
</comp>

<comp id="252" class="1005" name="icmp_ln29_reg_252">
<pin_list>
<pin id="253" dir="0" index="0" bw="1" slack="9"/>
<pin id="254" dir="1" index="1" bw="1" slack="2147483647"/>
</pin_list>
<bind>
<opset="icmp_ln29 "/>
</bind>
</comp>

<comp id="256" class="1005" name="gmem1_addr_reg_256">
<pin_list>
<pin id="257" dir="0" index="0" bw="32" slack="1"/>
<pin id="258" dir="1" index="1" bw="32" slack="1"/>
</pin_list>
<bind>
<opset="gmem1_addr "/>
</bind>
</comp>

<comp id="262" class="1005" name="gmem1_addr_read_reg_262">
<pin_list>
<pin id="263" dir="0" index="0" bw="32" slack="1"/>
<pin id="264" dir="1" index="1" bw="32" slack="1"/>
</pin_list>
<bind>
<opset="gmem1_addr_read "/>
</bind>
</comp>

</comp_list>

<net_list>
<net id="79"><net_src comp="12" pin="0"/><net_sink comp="76" pin=0"/></net>

<net id="83"><net_src comp="12" pin="0"/><net_sink comp="80" pin=0"/></net>

<net id="88"><net_src comp="14" pin="0"/><net_sink comp="84" pin=0"/></net>

<net id="89"><net_src comp="8" pin="0"/><net_sink comp="84" pin=1"/></net>

<net id="94"><net_src comp="16" pin="0"/><net_sink comp="90" pin=0"/></net>

<net id="95"><net_src comp="6" pin="0"/><net_sink comp="90" pin=1"/></net>

<net id="100"><net_src comp="18" pin="0"/><net_sink comp="96" pin=0"/></net>

<net id="101"><net_src comp="4" pin="0"/><net_sink comp="96" pin=1"/></net>

<net id="106"><net_src comp="20" pin="0"/><net_sink comp="102" pin=0"/></net>

<net id="107"><net_src comp="2" pin="0"/><net_sink comp="102" pin=1"/></net>

<net id="113"><net_src comp="58" pin="0"/><net_sink comp="108" pin=0"/></net>

<net id="114"><net_src comp="60" pin="0"/><net_sink comp="108" pin=2"/></net>

<net id="119"><net_src comp="62" pin="0"/><net_sink comp="115" pin=0"/></net>

<net id="125"><net_src comp="10" pin="0"/><net_sink comp="120" pin=0"/></net>

<net id="126"><net_src comp="74" pin="0"/><net_sink comp="120" pin=1"/></net>

<net id="132"><net_src comp="120" pin="3"/><net_sink comp="127" pin=0"/></net>

<net id="136"><net_src comp="90" pin="2"/><net_sink comp="133" pin=0"/></net>

<net id="141"><net_src comp="40" pin="0"/><net_sink comp="137" pin=0"/></net>

<net id="146"><net_src comp="42" pin="0"/><net_sink comp="142" pin=0"/></net>

<net id="153"><net_src comp="147" pin="1"/><net_sink comp="150" pin=0"/></net>

<net id="158"><net_src comp="150" pin="1"/><net_sink comp="154" pin=0"/></net>

<net id="159"><net_src comp="102" pin="2"/><net_sink comp="154" pin=1"/></net>

<net id="164"><net_src comp="147" pin="1"/><net_sink comp="160" pin=0"/></net>

<net id="165"><net_src comp="46" pin="0"/><net_sink comp="160" pin=1"/></net>

<net id="173"><net_src comp="166" pin="1"/><net_sink comp="169" pin=0"/></net>

<net id="174"><net_src comp="96" pin="2"/><net_sink comp="169" pin=1"/></net>

<net id="179"><net_src comp="166" pin="1"/><net_sink comp="175" pin=0"/></net>

<net id="180"><net_src comp="133" pin="1"/><net_sink comp="175" pin=1"/></net>

<net id="186"><net_src comp="48" pin="0"/><net_sink comp="181" pin=0"/></net>

<net id="187"><net_src comp="175" pin="2"/><net_sink comp="181" pin=1"/></net>

<net id="188"><net_src comp="50" pin="0"/><net_sink comp="181" pin=2"/></net>

<net id="192"><net_src comp="181" pin="3"/><net_sink comp="189" pin=0"/></net>

<net id="197"><net_src comp="189" pin="1"/><net_sink comp="193" pin=0"/></net>

<net id="198"><net_src comp="84" pin="2"/><net_sink comp="193" pin=1"/></net>

<net id="205"><net_src comp="52" pin="0"/><net_sink comp="199" pin=0"/></net>

<net id="206"><net_src comp="193" pin="2"/><net_sink comp="199" pin=1"/></net>

<net id="207"><net_src comp="54" pin="0"/><net_sink comp="199" pin=2"/></net>

<net id="208"><net_src comp="56" pin="0"/><net_sink comp="199" pin=3"/></net>

<net id="212"><net_src comp="199" pin="4"/><net_sink comp="209" pin=0"/></net>

<net id="217"><net_src comp="0" pin="0"/><net_sink comp="213" pin=0"/></net>

<net id="218"><net_src comp="209" pin="1"/><net_sink comp="213" pin=1"/></net>

<net id="223"><net_src comp="160" pin="2"/><net_sink comp="219" pin=0"/></net>

<net id="228"><net_src comp="169" pin="2"/><net_sink comp="224" pin=0"/></net>

<net id="232"><net_src comp="229" pin="1"/><net_sink comp="120" pin=2"/></net>

<net id="236"><net_src comp="76" pin="1"/><net_sink comp="233" pin=0"/></net>

<net id="237"><net_src comp="233" pin="1"/><net_sink comp="142" pin=1"/></net>

<net id="238"><net_src comp="233" pin="1"/><net_sink comp="166" pin=0"/></net>

<net id="239"><net_src comp="233" pin="1"/><net_sink comp="224" pin=1"/></net>

<net id="243"><net_src comp="80" pin="1"/><net_sink comp="240" pin=0"/></net>

<net id="244"><net_src comp="240" pin="1"/><net_sink comp="137" pin=1"/></net>

<net id="245"><net_src comp="240" pin="1"/><net_sink comp="147" pin=0"/></net>

<net id="246"><net_src comp="240" pin="1"/><net_sink comp="219" pin=1"/></net>

<net id="250"><net_src comp="147" pin="1"/><net_sink comp="247" pin=0"/></net>

<net id="251"><net_src comp="247" pin="1"/><net_sink comp="229" pin=0"/></net>

<net id="255"><net_src comp="154" pin="2"/><net_sink comp="252" pin=0"/></net>

<net id="259"><net_src comp="213" pin="2"/><net_sink comp="256" pin=0"/></net>

<net id="260"><net_src comp="256" pin="1"/><net_sink comp="108" pin=1"/></net>

<net id="261"><net_src comp="256" pin="1"/><net_sink comp="115" pin=1"/></net>

<net id="265"><net_src comp="115" pin="2"/><net_sink comp="262" pin=0"/></net>

<net id="266"><net_src comp="262" pin="1"/><net_sink comp="127" pin=1"/></net>

</net_list>

</model> 
---------------- Datapath Model END ------------------

* FSMD analyzer results:
  - Output states:
	Port: gmem1 | {}
	Port: colB | {11 }
 - Input state : 
	Port: mmult_hw_Pipeline_load_col : gmem1 | {2 3 4 5 6 7 8 9 10 }
	Port: mmult_hw_Pipeline_load_col : dim | {1 }
	Port: mmult_hw_Pipeline_load_col : empty | {1 }
	Port: mmult_hw_Pipeline_load_col : zext_ln26_1 | {1 }
	Port: mmult_hw_Pipeline_load_col : in2 | {1 }
  - Chain level:
	State 1
		store_ln29 : 1
		store_ln0 : 1
		k : 1
		zext_ln29_1 : 2
		icmp_ln29 : 3
		add_ln29 : 2
		br_ln29 : 4
		phi_mul_load : 1
		add_ln31_2 : 2
		add_ln31 : 1
		shl_ln : 2
		zext_ln31 : 3
		add_ln31_1 : 4
		trunc_ln31_1 : 5
		sext_ln31 : 6
		gmem1_addr : 7
		store_ln29 : 3
		store_ln31 : 3
	State 2
	State 3
	State 4
	State 5
	State 6
	State 7
	State 8
	State 9
	State 10
	State 11
		colB_addr : 1
		store_ln31 : 2


============================================================
+ Verbose Summary: Datapath Resource usage 
============================================================

* Functional unit list:
|----------|-----------------------------|---------|---------|
| Operation|       Functional Unit       |    FF   |   LUT   |
|----------|-----------------------------|---------|---------|
|          |       add_ln29_fu_160       |    0    |    15   |
|    add   |      add_ln31_2_fu_169      |    0    |    23   |
|          |       add_ln31_fu_175       |    0    |    23   |
|          |      add_ln31_1_fu_193      |    0    |    71   |
|----------|-----------------------------|---------|---------|
|   icmp   |       icmp_ln29_fu_154      |    0    |    39   |
|----------|-----------------------------|---------|---------|
|          |     in2_read_read_fu_84     |    0    |    0    |
|          | zext_ln26_1_read_read_fu_90 |    0    |    0    |
|   read   |        tmp_read_fu_96       |    0    |    0    |
|          |     dim_read_read_fu_102    |    0    |    0    |
|          | gmem1_addr_read_read_fu_115 |    0    |    0    |
|----------|-----------------------------|---------|---------|
|  readreq |      grp_readreq_fu_108     |    0    |    0    |
|----------|-----------------------------|---------|---------|
|          |   zext_ln26_1_cast_fu_133   |    0    |    0    |
|   zext   |      zext_ln29_1_fu_150     |    0    |    0    |
|          |       zext_ln31_fu_189      |    0    |    0    |
|          |       zext_ln29_fu_229      |    0    |    0    |
|----------|-----------------------------|---------|---------|
|bitconcatenate|        shl_ln_fu_181        |    0    |    0    |
|----------|-----------------------------|---------|---------|
|partselect|     trunc_ln31_1_fu_199     |    0    |    0    |
|----------|-----------------------------|---------|---------|
|   sext   |       sext_ln31_fu_209      |    0    |    0    |
|----------|-----------------------------|---------|---------|
|   Total  |                             |    0    |   171   |
|----------|-----------------------------|---------|---------|

Memories:
N/A

* Register list:
+-----------------------+--------+
|                       |   FF   |
+-----------------------+--------+
|gmem1_addr_read_reg_262|   32   |
|   gmem1_addr_reg_256  |   32   |
|   icmp_ln29_reg_252   |    1   |
|      k_1_reg_240      |    8   |
|       k_reg_247       |    8   |
|    phi_mul_reg_233    |   16   |
+-----------------------+--------+
|         Total         |   97   |
+-----------------------+--------+

* Multiplexer (MUX) list: 
|--------|------|------|------|--------|
|  Comp  |  Pin | Size |  BW  | S x BW |
|--------|------|------|------|--------|
|  Total |      |      |      |    0   |
|--------|------|------|------|--------|



* Summary:
+-----------+--------+--------+
|           |   FF   |   LUT  |
+-----------+--------+--------+
|  Function |    0   |   171  |
|   Memory  |    -   |    -   |
|Multiplexer|    -   |    -   |
|  Register |   97   |    -   |
+-----------+--------+--------+
|   Total   |   97   |   171  |
+-----------+--------+--------+
