#-----------------------------------------------------------
# Vivado v2024.1 (64-bit)
# SW Build 5076996 on Wed May 22 18:37:14 MDT 2024
# IP Build 5075265 on Wed May 22 21:45:21 MDT 2024
# SharedData Build 5076995 on Wed May 22 18:29:18 MDT 2024
# Start of session at: Wed Feb  4 02:53:21 2026
# Process ID: 52800
# Current directory: C:/GitRepos/EECE4632/HW4/Vivado/divby13_stream/divby13_stream.runs/impl_1
# Command line: vivado.exe -log divby13_stream_wrapper.vdi -applog -product Vivado -messageDb vivado.pb -mode batch -source divby13_stream_wrapper.tcl -notrace
# Log file: C:/GitRepos/EECE4632/HW4/Vivado/divby13_stream/divby13_stream.runs/impl_1/divby13_stream_wrapper.vdi
# Journal file: C:/GitRepos/EECE4632/HW4/Vivado/divby13_stream/divby13_stream.runs/impl_1\vivado.jou
# Running On        :icarus
# Platform          :Windows Server 2016 or Windows 10
# Operating System  :26100
# Processor Detail  :Intel(R) Core(TM) Ultra 9 275HX
# CPU Frequency     :3072 MHz
# CPU Physical cores:24
# CPU Logical cores :24
# Host memory       :33673 MB
# Swap memory       :12276 MB
# Total Virtual     :45950 MB
# Available Virtual :9175 MB
#-----------------------------------------------------------
source divby13_stream_wrapper.tcl -notrace
