

================================================================
== Vitis HLS Report for 'mmult_hw_Pipeline_init_i_init_j'
================================================================
* Date:           Mon Feb 23 03:06:53 2026

* Version:        2024.1 (Build 5069499 on May 21 2024)
* Project:        matmul_D15
* Solution:       hls (Vivado IP Flow Target)
* Product family: zynquplus
* Target device:  xczu3eg-sbva484-1-e


================================================================
== Performance Estimates
================================================================
+ Timing: 
    * Summary: 
    +--------+----------+----------+------------+
    |  Clock |  Target  | Estimated| Uncertainty|
    +--------+----------+----------+------------+
    |ap_clk  |  10.00 ns|  4.235 ns|     2.70 ns|
    +--------+----------+----------+------------+

+ Latency: 
    * Summary: 
    +---------+---------+----------+----------+-----+-----+-----------------------------------------------+
    |  Latency (cycles) |  Latency (absolute) |  Interval |                    Pipeline                   |
    |   min   |   max   |    min   |    max   | min | max |                      Type                     |
    +---------+---------+----------+----------+-----+-----+-----------------------------------------------+
    |      258|      258|  2.580 us|  2.580 us|  257|  257|  loop auto-rewind stp(delay=0 clock cycles(s))|
    +---------+---------+----------+----------+-----+-----+-----------------------------------------------+

    + Detail: 
        * Instance: 
        N/A

        * Loop: 
        +-----------------+---------+---------+----------+-----------+-----------+------+----------+
        |                 |  Latency (cycles) | Iteration|  Initiation Interval  | Trip |          |
        |    Loop Name    |   min   |   max   |  Latency |  achieved |   target  | Count| Pipelined|
        +-----------------+---------+---------+----------+-----------+-----------+------+----------+
        |- init_i_init_j  |      256|      256|         1|          1|          1|   256|       yes|
        +-----------------+---------+---------+----------+-----------+-----------+------+----------+



================================================================
== Utilization Estimates
================================================================
* Summary: 
+-----------------+---------+-----+--------+-------+-----+
|       Name      | BRAM_18K| DSP |   FF   |  LUT  | URAM|
+-----------------+---------+-----+--------+-------+-----+
|DSP              |        -|    -|       -|      -|    -|
|Expression       |        -|    -|       0|     80|    -|
|FIFO             |        -|    -|       -|      -|    -|
|Instance         |        -|    -|       -|      -|    -|
|Memory           |        -|    -|       -|      -|    -|
|Multiplexer      |        -|    -|       0|     63|    -|
|Register         |        -|    -|      21|      -|    -|
+-----------------+---------+-----+--------+-------+-----+
|Total            |        0|    0|      21|    143|    0|
+-----------------+---------+-----+--------+-------+-----+
|Available        |      432|  360|  141120|  70560|    0|
+-----------------+---------+-----+--------+-------+-----+
|Utilization (%)  |        0|    0|      ~0|     ~0|    0|
+-----------------+---------+-----+--------+-------+-----+

+ Detail: 
    * Instance: 
    N/A

    * DSP: 
    N/A

    * Memory: 
    N/A

    * FIFO: 
    N/A

    * Expression: 
    +-------------------------+----------+----+---+----+------------+------------+
    |      Variable Name      | Operation| DSP| FF| LUT| Bitwidth P0| Bitwidth P1|
    +-------------------------+----------+----+---+----+------------+------------+
    |add_ln21_1_fu_146_p2     |         +|   0|  0|  16|           9|           1|
    |add_ln21_fu_158_p2       |         +|   0|  0|  12|           5|           1|
    |add_ln22_fu_220_p2       |         +|   0|  0|  12|           5|           1|
    |icmp_ln21_fu_140_p2      |      icmp|   0|  0|  17|           9|          10|
    |icmp_ln22_fu_164_p2      |      icmp|   0|  0|  13|           5|           6|
    |select_ln21_1_fu_178_p3  |    select|   0|  0|   5|           1|           5|
    |select_ln21_fu_170_p3    |    select|   0|  0|   5|           1|           1|
    +-------------------------+----------+----+---+----+------------+------------+
    |Total                    |          |   0|  0|  80|          35|          25|
    +-------------------------+----------+----+---+----+------------+------------+

    * Multiplexer: 
    +--------------------------------------+----+-----------+-----+-----------+
    |                 Name                 | LUT| Input Size| Bits| Total Bits|
    +--------------------------------------+----+-----------+-----+-----------+
    |ap_done_int                           |   9|          2|    1|          2|
    |ap_sig_allocacmp_i_load               |   9|          2|    5|         10|
    |ap_sig_allocacmp_indvar_flatten_load  |   9|          2|    9|         18|
    |ap_sig_allocacmp_j_load               |   9|          2|    5|         10|
    |i_fu_58                               |   9|          2|    5|         10|
    |indvar_flatten_fu_62                  |   9|          2|    9|         18|
    |j_fu_54                               |   9|          2|    5|         10|
    +--------------------------------------+----+-----------+-----+-----------+
    |Total                                 |  63|         14|   39|         78|
    +--------------------------------------+----+-----------+-----+-----------+

    * Register: 
    +----------------------+---+----+-----+-----------+
    |         Name         | FF| LUT| Bits| Const Bits|
    +----------------------+---+----+-----+-----------+
    |ap_CS_fsm             |  1|   0|    1|          0|
    |ap_done_reg           |  1|   0|    1|          0|
    |i_fu_58               |  5|   0|    5|          0|
    |indvar_flatten_fu_62  |  9|   0|    9|          0|
    |j_fu_54               |  5|   0|    5|          0|
    +----------------------+---+----+-----+-----------+
    |Total                 | 21|   0|   21|          0|
    +----------------------+---+----+-----+-----------+



================================================================
== Interface
================================================================
* Summary: 
+---------------+-----+-----+------------+---------------------------------+--------------+
|   RTL Ports   | Dir | Bits|  Protocol  |          Source Object          |    C Type    |
+---------------+-----+-----+------------+---------------------------------+--------------+
|ap_clk         |   in|    1|  ap_ctrl_hs|  mmult_hw_Pipeline_init_i_init_j|  return value|
|ap_rst         |   in|    1|  ap_ctrl_hs|  mmult_hw_Pipeline_init_i_init_j|  return value|
|ap_start       |   in|    1|  ap_ctrl_hs|  mmult_hw_Pipeline_init_i_init_j|  return value|
|ap_done        |  out|    1|  ap_ctrl_hs|  mmult_hw_Pipeline_init_i_init_j|  return value|
|ap_idle        |  out|    1|  ap_ctrl_hs|  mmult_hw_Pipeline_init_i_init_j|  return value|
|ap_ready       |  out|    1|  ap_ctrl_hs|  mmult_hw_Pipeline_init_i_init_j|  return value|
|tC_address0    |  out|    6|   ap_memory|                               tC|         array|
|tC_ce0         |  out|    1|   ap_memory|                               tC|         array|
|tC_we0         |  out|    1|   ap_memory|                               tC|         array|
|tC_d0          |  out|   32|   ap_memory|                               tC|         array|
|tC_1_address0  |  out|    6|   ap_memory|                             tC_1|         array|
|tC_1_ce0       |  out|    1|   ap_memory|                             tC_1|         array|
|tC_1_we0       |  out|    1|   ap_memory|                             tC_1|         array|
|tC_1_d0        |  out|   32|   ap_memory|                             tC_1|         array|
|tC_2_address0  |  out|    6|   ap_memory|                             tC_2|         array|
|tC_2_ce0       |  out|    1|   ap_memory|                             tC_2|         array|
|tC_2_we0       |  out|    1|   ap_memory|                             tC_2|         array|
|tC_2_d0        |  out|   32|   ap_memory|                             tC_2|         array|
|tC_3_address0  |  out|    6|   ap_memory|                             tC_3|         array|
|tC_3_ce0       |  out|    1|   ap_memory|                             tC_3|         array|
|tC_3_we0       |  out|    1|   ap_memory|                             tC_3|         array|
|tC_3_d0        |  out|   32|   ap_memory|                             tC_3|         array|
+---------------+-----+-----+------------+---------------------------------+--------------+

============================================================
+ Verbose Summary: Synthesis Manager
============================================================
InlineROM: 1
ExposeGlobal: 0
============================================================
+ Verbose Summary: CDFG Model
============================================================
IsTopModel: 0
ResetActiveHigh: 1
IsCombinational: 2
IsDatapathOnly: 2
HasWiredReturn: 1
HasMFsm: 2
HasVarLatency: 1
IsPipeline: 0
IsRtlPipelined: 0
IsInstanceOverlapped: 0
IsDontTouch: 0
HasImplIP: 0
IsGatedGlobalClock: 0

+ Individual pipeline summary: 
  * Pipeline-0: initiation interval (II) = 1, depth = 1


============================================================
+ Verbose Summary: Schedule
============================================================
* Number of FSM states : 1
* Pipeline : 1
  Pipeline-0 : II = 1, D = 1, States = { 1 }
* Dataflow Pipeline: 0

* FSM state transitions: 
1 --> 

* FSM state operations: 

State 1 <SV = 0> <Delay = 4.23>
ST_1 : Operation 4 [1/1] (0.00ns)   --->   "%j = alloca i32 1" [mmult_baseline.cpp:22]   --->   Operation 4 'alloca' 'j' <Predicate = true> <Delay = 0.00>
ST_1 : Operation 5 [1/1] (0.00ns)   --->   "%i = alloca i32 1" [mmult_baseline.cpp:21]   --->   Operation 5 'alloca' 'i' <Predicate = true> <Delay = 0.00>
ST_1 : Operation 6 [1/1] (0.00ns)   --->   "%indvar_flatten = alloca i32 1"   --->   Operation 6 'alloca' 'indvar_flatten' <Predicate = true> <Delay = 0.00>
ST_1 : Operation 7 [1/1] (0.48ns)   --->   "%store_ln0 = store i9 0, i9 %indvar_flatten"   --->   Operation 7 'store' 'store_ln0' <Predicate = true> <Delay = 0.48>
ST_1 : Operation 8 [1/1] (0.48ns)   --->   "%store_ln21 = store i5 0, i5 %i" [mmult_baseline.cpp:21]   --->   Operation 8 'store' 'store_ln21' <Predicate = true> <Delay = 0.48>
ST_1 : Operation 9 [1/1] (0.48ns)   --->   "%store_ln22 = store i5 0, i5 %j" [mmult_baseline.cpp:22]   --->   Operation 9 'store' 'store_ln22' <Predicate = true> <Delay = 0.48>
ST_1 : Operation 10 [1/1] (0.00ns)   --->   "%br_ln0 = br void %for.inc"   --->   Operation 10 'br' 'br_ln0' <Predicate = true> <Delay = 0.00>
ST_1 : Operation 11 [1/1] (0.00ns)   --->   "%indvar_flatten_load = load i9 %indvar_flatten" [mmult_baseline.cpp:21]   --->   Operation 11 'load' 'indvar_flatten_load' <Predicate = true> <Delay = 0.00>
ST_1 : Operation 12 [1/1] (0.92ns)   --->   "%icmp_ln21 = icmp_eq  i9 %indvar_flatten_load, i9 256" [mmult_baseline.cpp:21]   --->   Operation 12 'icmp' 'icmp_ln21' <Predicate = true> <Delay = 0.92> <CoreInst = "Cmp">   --->   Core 9 'Cmp' <Latency = 0> <II = 1> <Delay = 0.93> <FuncUnit> <Opcode : 'seteq' 'setne' 'setle' 'setge' 'setlt' 'setgt'> <InPorts = 2> <OutPorts = 1>
ST_1 : Operation 13 [1/1] (0.92ns)   --->   "%add_ln21_1 = add i9 %indvar_flatten_load, i9 1" [mmult_baseline.cpp:21]   --->   Operation 13 'add' 'add_ln21_1' <Predicate = true> <Delay = 0.92> <CoreInst = "Adder">   --->   Core 1 'Adder' <Latency = 0> <II = 1> <Delay = 0.92> <FuncUnit> <Opcode : 'add' 'sub'> <InPorts = 2> <OutPorts = 1>
ST_1 : Operation 14 [1/1] (0.00ns)   --->   "%br_ln21 = br i1 %icmp_ln21, void %for.inc15, void %tile_k.exitStub" [mmult_baseline.cpp:21]   --->   Operation 14 'br' 'br_ln21' <Predicate = true> <Delay = 0.00>
ST_1 : Operation 15 [1/1] (0.00ns)   --->   "%j_load = load i5 %j" [mmult_baseline.cpp:22]   --->   Operation 15 'load' 'j_load' <Predicate = (!icmp_ln21)> <Delay = 0.00>
ST_1 : Operation 16 [1/1] (0.00ns)   --->   "%i_load = load i5 %i" [mmult_baseline.cpp:21]   --->   Operation 16 'load' 'i_load' <Predicate = (!icmp_ln21)> <Delay = 0.00>
ST_1 : Operation 17 [1/1] (0.87ns)   --->   "%add_ln21 = add i5 %i_load, i5 1" [mmult_baseline.cpp:21]   --->   Operation 17 'add' 'add_ln21' <Predicate = (!icmp_ln21)> <Delay = 0.87> <CoreInst = "Adder">   --->   Core 1 'Adder' <Latency = 0> <II = 1> <Delay = 0.87> <FuncUnit> <Opcode : 'add' 'sub'> <InPorts = 2> <OutPorts = 1>
ST_1 : Operation 18 [1/1] (0.00ns)   --->   "%specloopname_ln0 = specloopname void @_ssdm_op_SpecLoopName, void @init_i_init_j_str"   --->   Operation 18 'specloopname' 'specloopname_ln0' <Predicate = (!icmp_ln21)> <Delay = 0.00>
ST_1 : Operation 19 [1/1] (0.00ns)   --->   "%speclooptripcount_ln0 = speclooptripcount void @_ssdm_op_SpecLoopTripCount, i64 256, i64 256, i64 256"   --->   Operation 19 'speclooptripcount' 'speclooptripcount_ln0' <Predicate = (!icmp_ln21)> <Delay = 0.00>
ST_1 : Operation 20 [1/1] (0.87ns)   --->   "%icmp_ln22 = icmp_eq  i5 %j_load, i5 16" [mmult_baseline.cpp:22]   --->   Operation 20 'icmp' 'icmp_ln22' <Predicate = (!icmp_ln21)> <Delay = 0.87> <CoreInst = "Cmp">   --->   Core 9 'Cmp' <Latency = 0> <II = 1> <Delay = 0.88> <FuncUnit> <Opcode : 'seteq' 'setne' 'setle' 'setge' 'setlt' 'setgt'> <InPorts = 2> <OutPorts = 1>
ST_1 : Operation 21 [1/1] (0.48ns)   --->   "%select_ln21 = select i1 %icmp_ln22, i5 0, i5 %j_load" [mmult_baseline.cpp:21]   --->   Operation 21 'select' 'select_ln21' <Predicate = (!icmp_ln21)> <Delay = 0.48> <CoreInst = "Sel">   --->   Core 73 'Sel' <Latency = 0> <II = 1> <Delay = 0.48> <FuncUnit> <Opcode : 'select'> <InPorts = 3> <OutPorts = 1>
ST_1 : Operation 22 [1/1] (0.48ns)   --->   "%select_ln21_1 = select i1 %icmp_ln22, i5 %add_ln21, i5 %i_load" [mmult_baseline.cpp:21]   --->   Operation 22 'select' 'select_ln21_1' <Predicate = (!icmp_ln21)> <Delay = 0.48> <CoreInst = "Sel">   --->   Core 73 'Sel' <Latency = 0> <II = 1> <Delay = 0.48> <FuncUnit> <Opcode : 'select'> <InPorts = 3> <OutPorts = 1>
ST_1 : Operation 23 [1/1] (0.00ns)   --->   "%trunc_ln22 = trunc i5 %select_ln21_1" [mmult_baseline.cpp:22]   --->   Operation 23 'trunc' 'trunc_ln22' <Predicate = (!icmp_ln21)> <Delay = 0.00>
ST_1 : Operation 24 [1/1] (0.00ns)   --->   "%trunc_ln22_1 = trunc i5 %select_ln21" [mmult_baseline.cpp:22]   --->   Operation 24 'trunc' 'trunc_ln22_1' <Predicate = (!icmp_ln21)> <Delay = 0.00>
ST_1 : Operation 25 [1/1] (0.00ns)   --->   "%specpipeline_ln22 = specpipeline void @_ssdm_op_SpecPipeline, i32 4294967295, i32 0, i32 0, i32 0, void @empty_0" [mmult_baseline.cpp:22]   --->   Operation 25 'specpipeline' 'specpipeline_ln22' <Predicate = (!icmp_ln21)> <Delay = 0.00>
ST_1 : Operation 26 [1/1] (0.00ns)   --->   "%lshr_ln = partselect i2 @_ssdm_op_PartSelect.i2.i5.i32.i32, i5 %select_ln21, i32 2, i32 3" [mmult_baseline.cpp:22]   --->   Operation 26 'partselect' 'lshr_ln' <Predicate = (!icmp_ln21)> <Delay = 0.00>
ST_1 : Operation 27 [1/1] (0.00ns)   --->   "%tmp_3 = bitconcatenate i6 @_ssdm_op_BitConcatenate.i6.i4.i2, i4 %trunc_ln22, i2 %lshr_ln" [mmult_baseline.cpp:23]   --->   Operation 27 'bitconcatenate' 'tmp_3' <Predicate = (!icmp_ln21)> <Delay = 0.00>
ST_1 : Operation 28 [1/1] (0.00ns)   --->   "%zext_ln23 = zext i6 %tmp_3" [mmult_baseline.cpp:23]   --->   Operation 28 'zext' 'zext_ln23' <Predicate = (!icmp_ln21)> <Delay = 0.00>
ST_1 : Operation 29 [1/1] (0.00ns)   --->   "%tC_addr = getelementptr i32 %tC, i64 0, i64 %zext_ln23" [mmult_baseline.cpp:23]   --->   Operation 29 'getelementptr' 'tC_addr' <Predicate = (!icmp_ln21)> <Delay = 0.00>
ST_1 : Operation 30 [1/1] (0.00ns)   --->   "%tC_1_addr = getelementptr i32 %tC_1, i64 0, i64 %zext_ln23" [mmult_baseline.cpp:23]   --->   Operation 30 'getelementptr' 'tC_1_addr' <Predicate = (!icmp_ln21)> <Delay = 0.00>
ST_1 : Operation 31 [1/1] (0.00ns)   --->   "%tC_2_addr = getelementptr i32 %tC_2, i64 0, i64 %zext_ln23" [mmult_baseline.cpp:23]   --->   Operation 31 'getelementptr' 'tC_2_addr' <Predicate = (!icmp_ln21)> <Delay = 0.00>
ST_1 : Operation 32 [1/1] (0.00ns)   --->   "%tC_3_addr = getelementptr i32 %tC_3, i64 0, i64 %zext_ln23" [mmult_baseline.cpp:23]   --->   Operation 32 'getelementptr' 'tC_3_addr' <Predicate = (!icmp_ln21)> <Delay = 0.00>
ST_1 : Operation 33 [1/1] (1.03ns)   --->   "%switch_ln23 = switch i2 %trunc_ln22_1, void %arrayidx148.case.3, i2 0, void %arrayidx148.case.0, i2 1, void %arrayidx148.case.1, i2 2, void %arrayidx148.case.2" [mmult_baseline.cpp:23]   --->   Operation 33 'switch' 'switch_ln23' <Predicate = (!icmp_ln21)> <Delay = 1.03>
ST_1 : Operation 34 [1/1] (1.35ns)   --->   "%store_ln23 = store i32 0, i6 %tC_2_addr" [mmult_baseline.cpp:23]   --->   Operation 34 'store' 'store_ln23' <Predicate = (!icmp_ln21 & trunc_ln22_1 == 2)> <Delay = 1.35> <CoreInst = "RAM">   --->   Core 82 'RAM' <Latency = 1> <II = 1> <Delay = 1.35> <Storage> <Opcode : 'load' 'store'> <Ports = 2> <Width = 32> <Depth = 64> <RAM>
ST_1 : Operation 35 [1/1] (0.00ns)   --->   "%br_ln23 = br void %arrayidx148.exit" [mmult_baseline.cpp:23]   --->   Operation 35 'br' 'br_ln23' <Predicate = (!icmp_ln21 & trunc_ln22_1 == 2)> <Delay = 0.00>
ST_1 : Operation 36 [1/1] (1.35ns)   --->   "%store_ln23 = store i32 0, i6 %tC_1_addr" [mmult_baseline.cpp:23]   --->   Operation 36 'store' 'store_ln23' <Predicate = (!icmp_ln21 & trunc_ln22_1 == 1)> <Delay = 1.35> <CoreInst = "RAM">   --->   Core 82 'RAM' <Latency = 1> <II = 1> <Delay = 1.35> <Storage> <Opcode : 'load' 'store'> <Ports = 2> <Width = 32> <Depth = 64> <RAM>
ST_1 : Operation 37 [1/1] (0.00ns)   --->   "%br_ln23 = br void %arrayidx148.exit" [mmult_baseline.cpp:23]   --->   Operation 37 'br' 'br_ln23' <Predicate = (!icmp_ln21 & trunc_ln22_1 == 1)> <Delay = 0.00>
ST_1 : Operation 38 [1/1] (1.35ns)   --->   "%store_ln23 = store i32 0, i6 %tC_addr" [mmult_baseline.cpp:23]   --->   Operation 38 'store' 'store_ln23' <Predicate = (!icmp_ln21 & trunc_ln22_1 == 0)> <Delay = 1.35> <CoreInst = "RAM">   --->   Core 82 'RAM' <Latency = 1> <II = 1> <Delay = 1.35> <Storage> <Opcode : 'load' 'store'> <Ports = 2> <Width = 32> <Depth = 64> <RAM>
ST_1 : Operation 39 [1/1] (0.00ns)   --->   "%br_ln23 = br void %arrayidx148.exit" [mmult_baseline.cpp:23]   --->   Operation 39 'br' 'br_ln23' <Predicate = (!icmp_ln21 & trunc_ln22_1 == 0)> <Delay = 0.00>
ST_1 : Operation 40 [1/1] (1.35ns)   --->   "%store_ln23 = store i32 0, i6 %tC_3_addr" [mmult_baseline.cpp:23]   --->   Operation 40 'store' 'store_ln23' <Predicate = (!icmp_ln21 & trunc_ln22_1 == 3)> <Delay = 1.35> <CoreInst = "RAM">   --->   Core 82 'RAM' <Latency = 1> <II = 1> <Delay = 1.35> <Storage> <Opcode : 'load' 'store'> <Ports = 2> <Width = 32> <Depth = 64> <RAM>
ST_1 : Operation 41 [1/1] (0.00ns)   --->   "%br_ln23 = br void %arrayidx148.exit" [mmult_baseline.cpp:23]   --->   Operation 41 'br' 'br_ln23' <Predicate = (!icmp_ln21 & trunc_ln22_1 == 3)> <Delay = 0.00>
ST_1 : Operation 42 [1/1] (0.87ns)   --->   "%add_ln22 = add i5 %select_ln21, i5 1" [mmult_baseline.cpp:22]   --->   Operation 42 'add' 'add_ln22' <Predicate = (!icmp_ln21)> <Delay = 0.87> <CoreInst = "Adder">   --->   Core 1 'Adder' <Latency = 0> <II = 1> <Delay = 0.87> <FuncUnit> <Opcode : 'add' 'sub'> <InPorts = 2> <OutPorts = 1>
ST_1 : Operation 43 [1/1] (0.48ns)   --->   "%store_ln21 = store i9 %add_ln21_1, i9 %indvar_flatten" [mmult_baseline.cpp:21]   --->   Operation 43 'store' 'store_ln21' <Predicate = (!icmp_ln21)> <Delay = 0.48>
ST_1 : Operation 44 [1/1] (0.48ns)   --->   "%store_ln21 = store i5 %select_ln21_1, i5 %i" [mmult_baseline.cpp:21]   --->   Operation 44 'store' 'store_ln21' <Predicate = (!icmp_ln21)> <Delay = 0.48>
ST_1 : Operation 45 [1/1] (0.48ns)   --->   "%store_ln22 = store i5 %add_ln22, i5 %j" [mmult_baseline.cpp:22]   --->   Operation 45 'store' 'store_ln22' <Predicate = (!icmp_ln21)> <Delay = 0.48>
ST_1 : Operation 46 [1/1] (0.00ns)   --->   "%br_ln22 = br void %for.inc" [mmult_baseline.cpp:22]   --->   Operation 46 'br' 'br_ln22' <Predicate = (!icmp_ln21)> <Delay = 0.00>
ST_1 : Operation 47 [1/1] (0.48ns)   --->   "%ret_ln0 = ret"   --->   Operation 47 'ret' 'ret_ln0' <Predicate = (icmp_ln21)> <Delay = 0.48>


============================================================
+ Verbose Summary: Binding
============================================================
STG Binding: 
---------------- STG Properties BEGIN ----------------
- Is combinational: 0
- Is one-state seq: 0
- Is datapath-only: 0
- Is pipelined: 0
- Is top level: 0
Port [ Return ] is wired: 1; IO mode=ap_ctrl_hs:ce=0
Port [ tC]:  wired=1; compound=1; hidden=0; nouse=0; global=0; static=0; extern=0; dir=1; type=1; pingpong=0; private_global=0; MemPort=[03]; IO mode=ap_memory:ce=0
Port [ tC_1]:  wired=1; compound=1; hidden=0; nouse=0; global=0; static=0; extern=0; dir=1; type=1; pingpong=0; private_global=0; MemPort=[03]; IO mode=ap_memory:ce=0
Port [ tC_2]:  wired=1; compound=1; hidden=0; nouse=0; global=0; static=0; extern=0; dir=1; type=1; pingpong=0; private_global=0; MemPort=[03]; IO mode=ap_memory:ce=0
Port [ tC_3]:  wired=1; compound=1; hidden=0; nouse=0; global=0; static=0; extern=0; dir=1; type=1; pingpong=0; private_global=0; MemPort=[03]; IO mode=ap_memory:ce=0
---------------- STG Properties END ------------------

---------------- Datapath Model BEGIN ----------------

<LifeTime>
<method=bitvector/>
j                     (alloca           ) [ 01]
i                     (alloca           ) [ 01]
indvar_flatten        (alloca           ) [ 01]
store_ln0             (store            ) [ 00]
store_ln21            (store            ) [ 00]
store_ln22            (store            ) [ 00]
br_ln0                (br               ) [ 00]
indvar_flatten_load   (load             ) [ 00]
icmp_ln21             (icmp             ) [ 01]
add_ln21_1            (add              ) [ 00]
br_ln21               (br               ) [ 00]
j_load                (load             ) [ 00]
i_load                (load             ) [ 00]
add_ln21              (add              ) [ 00]
specloopname_ln0      (specloopname     ) [ 00]
speclooptripcount_ln0 (speclooptripcount) [ 00]
icmp_ln22             (icmp             ) [ 00]
select_ln21           (select           ) [ 00]
select_ln21_1         (select           ) [ 00]
trunc_ln22            (trunc            ) [ 00]
trunc_ln22_1          (trunc            ) [ 01]
specpipeline_ln22     (specpipeline     ) [ 00]
lshr_ln               (partselect       ) [ 00]
tmp_3                 (bitconcatenate   ) [ 00]
zext_ln23             (zext             ) [ 00]
tC_addr               (getelementptr    ) [ 00]
tC_1_addr             (getelementptr    ) [ 00]
tC_2_addr             (getelementptr    ) [ 00]
tC_3_addr             (getelementptr    ) [ 00]
switch_ln23           (switch           ) [ 00]
store_ln23            (store            ) [ 00]
br_ln23               (br               ) [ 00]
store_ln23            (store            ) [ 00]
br_ln23               (br               ) [ 00]
store_ln23            (store            ) [ 00]
br_ln23               (br               ) [ 00]
store_ln23            (store            ) [ 00]
br_ln23               (br               ) [ 00]
add_ln22              (add              ) [ 00]
store_ln21            (store            ) [ 00]
store_ln21            (store            ) [ 00]
store_ln22            (store            ) [ 00]
br_ln22               (br               ) [ 00]
ret_ln0               (ret              ) [ 00]
</LifeTime>

<model>

<comp_list>
<comp id="0" class="1000" name="tC">
<pin_list>
<pin id="1" dir="1" index="0" bw="1" slack="0"/>
</pin_list>
<bind>
<StgValue><ssdm name="tC"/><MemPortTyVec>0 3 </MemPortTyVec>
</StgValue>
</bind>
</comp>

<comp id="2" class="1000" name="tC_1">
<pin_list>
<pin id="3" dir="1" index="0" bw="1" slack="0"/>
</pin_list>
<bind>
<StgValue><ssdm name="tC_1"/><MemPortTyVec>0 3 </MemPortTyVec>
</StgValue>
</bind>
</comp>

<comp id="4" class="1000" name="tC_2">
<pin_list>
<pin id="5" dir="1" index="0" bw="1" slack="0"/>
</pin_list>
<bind>
<StgValue><ssdm name="tC_2"/><MemPortTyVec>0 3 </MemPortTyVec>
</StgValue>
</bind>
</comp>

<comp id="6" class="1000" name="tC_3">
<pin_list>
<pin id="7" dir="1" index="0" bw="1" slack="0"/>
</pin_list>
<bind>
<StgValue><ssdm name="tC_3"/><MemPortTyVec>0 3 </MemPortTyVec>
</StgValue>
</bind>
</comp>

<comp id="8" class="1001" name="const_8">
<pin_list>
<pin id="9" dir="1" index="0" bw="1" slack="0"/>
</pin_list>
<bind>
<StgValue><ssdm name=""/></StgValue>
</bind>
</comp>

<comp id="10" class="1001" name="const_10">
<pin_list>
<pin id="11" dir="1" index="0" bw="1" slack="0"/>
</pin_list>
<bind>
<StgValue><ssdm name=""/></StgValue>
</bind>
</comp>

<comp id="12" class="1001" name="const_12">
<pin_list>
<pin id="13" dir="1" index="0" bw="1" slack="0"/>
</pin_list>
<bind>
<StgValue><ssdm name=""/></StgValue>
</bind>
</comp>

<comp id="14" class="1001" name="const_14">
<pin_list>
<pin id="15" dir="1" index="0" bw="1" slack="0"/>
</pin_list>
<bind>
<StgValue><ssdm name=""/></StgValue>
</bind>
</comp>

<comp id="16" class="1001" name="const_16">
<pin_list>
<pin id="17" dir="1" index="0" bw="1" slack="0"/>
</pin_list>
<bind>
<StgValue><ssdm name=""/></StgValue>
</bind>
</comp>

<comp id="18" class="1001" name="const_18">
<pin_list>
<pin id="19" dir="1" index="0" bw="1" slack="0"/>
</pin_list>
<bind>
<StgValue><ssdm name=""/></StgValue>
</bind>
</comp>

<comp id="20" class="1001" name="const_20">
<pin_list>
<pin id="21" dir="1" index="0" bw="1" slack="2147483647"/>
</pin_list>
<bind>
<StgValue><ssdm name="_ssdm_op_SpecLoopName"/></StgValue>
</bind>
</comp>

<comp id="22" class="1001" name="const_22">
<pin_list>
<pin id="23" dir="1" index="0" bw="1" slack="2147483647"/>
</pin_list>
<bind>
<StgValue><ssdm name="init_i_init_j_str"/></StgValue>
</bind>
</comp>

<comp id="24" class="1001" name="const_24">
<pin_list>
<pin id="25" dir="1" index="0" bw="1" slack="2147483647"/>
</pin_list>
<bind>
<StgValue><ssdm name="_ssdm_op_SpecLoopTripCount"/></StgValue>
</bind>
</comp>

<comp id="26" class="1001" name="const_26">
<pin_list>
<pin id="27" dir="1" index="0" bw="1" slack="2147483647"/>
</pin_list>
<bind>
<StgValue><ssdm name=""/></StgValue>
</bind>
</comp>

<comp id="28" class="1001" name="const_28">
<pin_list>
<pin id="29" dir="1" index="0" bw="1" slack="0"/>
</pin_list>
<bind>
<StgValue><ssdm name=""/></StgValue>
</bind>
</comp>

<comp id="30" class="1001" name="const_30">
<pin_list>
<pin id="31" dir="1" index="0" bw="1" slack="2147483647"/>
</pin_list>
<bind>
<StgValue><ssdm name="_ssdm_op_SpecPipeline"/></StgValue>
</bind>
</comp>

<comp id="32" class="1001" name="const_32">
<pin_list>
<pin id="33" dir="1" index="0" bw="1" slack="2147483647"/>
</pin_list>
<bind>
<StgValue><ssdm name=""/></StgValue>
</bind>
</comp>

<comp id="34" class="1001" name="const_34">
<pin_list>
<pin id="35" dir="1" index="0" bw="1" slack="0"/>
</pin_list>
<bind>
<StgValue><ssdm name=""/></StgValue>
</bind>
</comp>

<comp id="36" class="1001" name="const_36">
<pin_list>
<pin id="37" dir="1" index="0" bw="1" slack="2147483647"/>
</pin_list>
<bind>
<StgValue><ssdm name="empty_0"/></StgValue>
</bind>
</comp>

<comp id="38" class="1001" name="const_38">
<pin_list>
<pin id="39" dir="1" index="0" bw="1" slack="0"/>
</pin_list>
<bind>
<StgValue><ssdm name="_ssdm_op_PartSelect.i2.i5.i32.i32"/></StgValue>
</bind>
</comp>

<comp id="40" class="1001" name="const_40">
<pin_list>
<pin id="41" dir="1" index="0" bw="1" slack="0"/>
</pin_list>
<bind>
<StgValue><ssdm name=""/></StgValue>
</bind>
</comp>

<comp id="42" class="1001" name="const_42">
<pin_list>
<pin id="43" dir="1" index="0" bw="1" slack="0"/>
</pin_list>
<bind>
<StgValue><ssdm name=""/></StgValue>
</bind>
</comp>

<comp id="44" class="1001" name="const_44">
<pin_list>
<pin id="45" dir="1" index="0" bw="1" slack="0"/>
</pin_list>
<bind>
<StgValue><ssdm name="_ssdm_op_BitConcatenate.i6.i4.i2"/></StgValue>
</bind>
</comp>

<comp id="46" class="1001" name="const_46">
<pin_list>
<pin id="47" dir="1" index="0" bw="1" slack="0"/>
</pin_list>
<bind>
<StgValue><ssdm name=""/></StgValue>
</bind>
</comp>

<comp id="48" class="1001" name="const_48">
<pin_list>
<pin id="49" dir="1" index="0" bw="1" slack="2147483647"/>
</pin_list>
<bind>
<StgValue><ssdm name=""/></StgValue>
</bind>
</comp>

<comp id="50" class="1001" name="const_50">
<pin_list>
<pin id="51" dir="1" index="0" bw="1" slack="2147483647"/>
</pin_list>
<bind>
<StgValue><ssdm name=""/></StgValue>
</bind>
</comp>

<comp id="52" class="1001" name="const_52">
<pin_list>
<pin id="53" dir="1" index="0" bw="1" slack="2147483647"/>
</pin_list>
<bind>
<StgValue><ssdm name=""/></StgValue>
</bind>
</comp>

<comp id="54" class="1004" name="j_fu_54">
<pin_list>
<pin id="55" dir="0" index="0" bw="1" slack="0"/>
<pin id="56" dir="1" index="1" bw="5" slack="0"/>
</pin_list>
<bind>
<opcode="alloca(26) " fcode="alloca"/>
<opset="j/1 "/>
</bind>
</comp>

<comp id="58" class="1004" name="i_fu_58">
<pin_list>
<pin id="59" dir="0" index="0" bw="1" slack="0"/>
<pin id="60" dir="1" index="1" bw="5" slack="0"/>
</pin_list>
<bind>
<opcode="alloca(26) " fcode="alloca"/>
<opset="i/1 "/>
</bind>
</comp>

<comp id="62" class="1004" name="indvar_flatten_fu_62">
<pin_list>
<pin id="63" dir="0" index="0" bw="1" slack="0"/>
<pin id="64" dir="1" index="1" bw="9" slack="0"/>
</pin_list>
<bind>
<opcode="alloca(26) " fcode="alloca"/>
<opset="indvar_flatten/1 "/>
</bind>
</comp>

<comp id="66" class="1004" name="tC_addr_gep_fu_66">
<pin_list>
<pin id="67" dir="0" index="0" bw="32" slack="0"/>
<pin id="68" dir="0" index="1" bw="1" slack="0"/>
<pin id="69" dir="0" index="2" bw="6" slack="0"/>
<pin id="70" dir="1" index="3" bw="6" slack="0"/>
</pin_list>
<bind>
<opcode="getelementptr(29) " fcode="getelementptr"/>
<opset="tC_addr/1 "/>
</bind>
</comp>

<comp id="73" class="1004" name="tC_1_addr_gep_fu_73">
<pin_list>
<pin id="74" dir="0" index="0" bw="32" slack="0"/>
<pin id="75" dir="0" index="1" bw="1" slack="0"/>
<pin id="76" dir="0" index="2" bw="6" slack="0"/>
<pin id="77" dir="1" index="3" bw="6" slack="0"/>
</pin_list>
<bind>
<opcode="getelementptr(29) " fcode="getelementptr"/>
<opset="tC_1_addr/1 "/>
</bind>
</comp>

<comp id="80" class="1004" name="tC_2_addr_gep_fu_80">
<pin_list>
<pin id="81" dir="0" index="0" bw="32" slack="0"/>
<pin id="82" dir="0" index="1" bw="1" slack="0"/>
<pin id="83" dir="0" index="2" bw="6" slack="0"/>
<pin id="84" dir="1" index="3" bw="6" slack="0"/>
</pin_list>
<bind>
<opcode="getelementptr(29) " fcode="getelementptr"/>
<opset="tC_2_addr/1 "/>
</bind>
</comp>

<comp id="87" class="1004" name="tC_3_addr_gep_fu_87">
<pin_list>
<pin id="88" dir="0" index="0" bw="32" slack="0"/>
<pin id="89" dir="0" index="1" bw="1" slack="0"/>
<pin id="90" dir="0" index="2" bw="6" slack="0"/>
<pin id="91" dir="1" index="3" bw="6" slack="0"/>
</pin_list>
<bind>
<opcode="getelementptr(29) " fcode="getelementptr"/>
<opset="tC_3_addr/1 "/>
</bind>
</comp>

<comp id="94" class="1004" name="store_ln23_access_fu_94">
<pin_list>
<pin id="95" dir="0" index="0" bw="6" slack="0"/>
<pin id="96" dir="0" index="1" bw="32" slack="0"/>
<pin id="97" dir="0" index="2" bw="0" slack="2147483647"/>
<pin id="98" dir="1" index="3" bw="32" slack="2147483647"/>
</pin_list>
<bind>
<opcode="store(28) " fcode="store"/>
<opset="store_ln23/1 "/>
</bind>
</comp>

<comp id="101" class="1004" name="store_ln23_access_fu_101">
<pin_list>
<pin id="102" dir="0" index="0" bw="6" slack="0"/>
<pin id="103" dir="0" index="1" bw="32" slack="0"/>
<pin id="104" dir="0" index="2" bw="0" slack="2147483647"/>
<pin id="105" dir="1" index="3" bw="32" slack="2147483647"/>
</pin_list>
<bind>
<opcode="store(28) " fcode="store"/>
<opset="store_ln23/1 "/>
</bind>
</comp>

<comp id="108" class="1004" name="store_ln23_access_fu_108">
<pin_list>
<pin id="109" dir="0" index="0" bw="6" slack="0"/>
<pin id="110" dir="0" index="1" bw="32" slack="0"/>
<pin id="111" dir="0" index="2" bw="0" slack="2147483647"/>
<pin id="112" dir="1" index="3" bw="32" slack="2147483647"/>
</pin_list>
<bind>
<opcode="store(28) " fcode="store"/>
<opset="store_ln23/1 "/>
</bind>
</comp>

<comp id="115" class="1004" name="store_ln23_access_fu_115">
<pin_list>
<pin id="116" dir="0" index="0" bw="6" slack="0"/>
<pin id="117" dir="0" index="1" bw="32" slack="0"/>
<pin id="118" dir="0" index="2" bw="0" slack="2147483647"/>
<pin id="119" dir="1" index="3" bw="32" slack="2147483647"/>
</pin_list>
<bind>
<opcode="store(28) " fcode="store"/>
<opset="store_ln23/1 "/>
</bind>
</comp>

<comp id="122" class="1004" name="store_ln0_store_fu_122">
<pin_list>
<pin id="123" dir="0" index="0" bw="1" slack="0"/>
<pin id="124" dir="0" index="1" bw="9" slack="0"/>
<pin id="125" dir="1" index="2" bw="0" slack="2147483647"/>
</pin_list>
<bind>
<opcode="store(28) " fcode="store"/>
<opset="store_ln0/1 "/>
</bind>
</comp>

<comp id="127" class="1004" name="store_ln21_store_fu_127">
<pin_list>
<pin id="128" dir="0" index="0" bw="1" slack="0"/>
<pin id="129" dir="0" index="1" bw="5" slack="0"/>
<pin id="130" dir="1" index="2" bw="0" slack="2147483647"/>
</pin_list>
<bind>
<opcode="store(28) " fcode="store"/>
<opset="store_ln21/1 "/>
</bind>
</comp>

<comp id="132" class="1004" name="store_ln22_store_fu_132">
<pin_list>
<pin id="133" dir="0" index="0" bw="1" slack="0"/>
<pin id="134" dir="0" index="1" bw="5" slack="0"/>
<pin id="135" dir="1" index="2" bw="0" slack="2147483647"/>
</pin_list>
<bind>
<opcode="store(28) " fcode="store"/>
<opset="store_ln22/1 "/>
</bind>
</comp>

<comp id="137" class="1004" name="indvar_flatten_load_load_fu_137">
<pin_list>
<pin id="138" dir="0" index="0" bw="9" slack="0"/>
<pin id="139" dir="1" index="1" bw="9" slack="0"/>
</pin_list>
<bind>
<opcode="load(27) " fcode="load"/>
<opset="indvar_flatten_load/1 "/>
</bind>
</comp>

<comp id="140" class="1004" name="icmp_ln21_fu_140">
<pin_list>
<pin id="141" dir="0" index="0" bw="9" slack="0"/>
<pin id="142" dir="0" index="1" bw="9" slack="0"/>
<pin id="143" dir="1" index="2" bw="1" slack="2147483647"/>
</pin_list>
<bind>
<opcode="icmp(45) " fcode="icmp"/>
<opset="icmp_ln21/1 "/>
</bind>
</comp>

<comp id="146" class="1004" name="add_ln21_1_fu_146">
<pin_list>
<pin id="147" dir="0" index="0" bw="9" slack="0"/>
<pin id="148" dir="0" index="1" bw="1" slack="0"/>
<pin id="149" dir="1" index="2" bw="9" slack="0"/>
</pin_list>
<bind>
<opcode="add(8) " fcode="add"/>
<opset="add_ln21_1/1 "/>
</bind>
</comp>

<comp id="152" class="1004" name="j_load_load_fu_152">
<pin_list>
<pin id="153" dir="0" index="0" bw="5" slack="0"/>
<pin id="154" dir="1" index="1" bw="5" slack="0"/>
</pin_list>
<bind>
<opcode="load(27) " fcode="load"/>
<opset="j_load/1 "/>
</bind>
</comp>

<comp id="155" class="1004" name="i_load_load_fu_155">
<pin_list>
<pin id="156" dir="0" index="0" bw="5" slack="0"/>
<pin id="157" dir="1" index="1" bw="5" slack="0"/>
</pin_list>
<bind>
<opcode="load(27) " fcode="load"/>
<opset="i_load/1 "/>
</bind>
</comp>

<comp id="158" class="1004" name="add_ln21_fu_158">
<pin_list>
<pin id="159" dir="0" index="0" bw="5" slack="0"/>
<pin id="160" dir="0" index="1" bw="1" slack="0"/>
<pin id="161" dir="1" index="2" bw="5" slack="0"/>
</pin_list>
<bind>
<opcode="add(8) " fcode="add"/>
<opset="add_ln21/1 "/>
</bind>
</comp>

<comp id="164" class="1004" name="icmp_ln22_fu_164">
<pin_list>
<pin id="165" dir="0" index="0" bw="5" slack="0"/>
<pin id="166" dir="0" index="1" bw="5" slack="0"/>
<pin id="167" dir="1" index="2" bw="1" slack="0"/>
</pin_list>
<bind>
<opcode="icmp(45) " fcode="icmp"/>
<opset="icmp_ln22/1 "/>
</bind>
</comp>

<comp id="170" class="1004" name="select_ln21_fu_170">
<pin_list>
<pin id="171" dir="0" index="0" bw="1" slack="0"/>
<pin id="172" dir="0" index="1" bw="5" slack="0"/>
<pin id="173" dir="0" index="2" bw="5" slack="0"/>
<pin id="174" dir="1" index="3" bw="5" slack="0"/>
</pin_list>
<bind>
<opcode="select(49) " fcode="select"/>
<opset="select_ln21/1 "/>
</bind>
</comp>

<comp id="178" class="1004" name="select_ln21_1_fu_178">
<pin_list>
<pin id="179" dir="0" index="0" bw="1" slack="0"/>
<pin id="180" dir="0" index="1" bw="5" slack="0"/>
<pin id="181" dir="0" index="2" bw="5" slack="0"/>
<pin id="182" dir="1" index="3" bw="5" slack="0"/>
</pin_list>
<bind>
<opcode="select(49) " fcode="select"/>
<opset="select_ln21_1/1 "/>
</bind>
</comp>

<comp id="186" class="1004" name="trunc_ln22_fu_186">
<pin_list>
<pin id="187" dir="0" index="0" bw="5" slack="0"/>
<pin id="188" dir="1" index="1" bw="4" slack="0"/>
</pin_list>
<bind>
<opcode="trunc(33) " fcode="trunc"/>
<opset="trunc_ln22/1 "/>
</bind>
</comp>

<comp id="190" class="1004" name="trunc_ln22_1_fu_190">
<pin_list>
<pin id="191" dir="0" index="0" bw="5" slack="0"/>
<pin id="192" dir="1" index="1" bw="2" slack="2147483647"/>
</pin_list>
<bind>
<opcode="trunc(33) " fcode="trunc"/>
<opset="trunc_ln22_1/1 "/>
</bind>
</comp>

<comp id="194" class="1004" name="lshr_ln_fu_194">
<pin_list>
<pin id="195" dir="0" index="0" bw="2" slack="0"/>
<pin id="196" dir="0" index="1" bw="5" slack="0"/>
<pin id="197" dir="0" index="2" bw="3" slack="0"/>
<pin id="198" dir="0" index="3" bw="3" slack="0"/>
<pin id="199" dir="1" index="4" bw="2" slack="0"/>
</pin_list>
<bind>
<opcode="partselect(1002) " fcode="partselect"/>
<opset="lshr_ln/1 "/>
</bind>
</comp>

<comp id="204" class="1004" name="tmp_3_fu_204">
<pin_list>
<pin id="205" dir="0" index="0" bw="6" slack="0"/>
<pin id="206" dir="0" index="1" bw="4" slack="0"/>
<pin id="207" dir="0" index="2" bw="2" slack="0"/>
<pin id="208" dir="1" index="3" bw="6" slack="0"/>
</pin_list>
<bind>
<opcode="bitconcatenate(1004) " fcode="bitconcatenate"/>
<opset="tmp_3/1 "/>
</bind>
</comp>

<comp id="212" class="1004" name="zext_ln23_fu_212">
<pin_list>
<pin id="213" dir="0" index="0" bw="6" slack="0"/>
<pin id="214" dir="1" index="1" bw="64" slack="0"/>
</pin_list>
<bind>
<opcode="zext(34) " fcode="zext"/>
<opset="zext_ln23/1 "/>
</bind>
</comp>

<comp id="220" class="1004" name="add_ln22_fu_220">
<pin_list>
<pin id="221" dir="0" index="0" bw="5" slack="0"/>
<pin id="222" dir="0" index="1" bw="1" slack="0"/>
<pin id="223" dir="1" index="2" bw="5" slack="0"/>
</pin_list>
<bind>
<opcode="add(8) " fcode="add"/>
<opset="add_ln22/1 "/>
</bind>
</comp>

<comp id="226" class="1004" name="store_ln21_store_fu_226">
<pin_list>
<pin id="227" dir="0" index="0" bw="9" slack="0"/>
<pin id="228" dir="0" index="1" bw="9" slack="0"/>
<pin id="229" dir="1" index="2" bw="0" slack="2147483647"/>
</pin_list>
<bind>
<opcode="store(28) " fcode="store"/>
<opset="store_ln21/1 "/>
</bind>
</comp>

<comp id="231" class="1004" name="store_ln21_store_fu_231">
<pin_list>
<pin id="232" dir="0" index="0" bw="5" slack="0"/>
<pin id="233" dir="0" index="1" bw="5" slack="0"/>
<pin id="234" dir="1" index="2" bw="0" slack="2147483647"/>
</pin_list>
<bind>
<opcode="store(28) " fcode="store"/>
<opset="store_ln21/1 "/>
</bind>
</comp>

<comp id="236" class="1004" name="store_ln22_store_fu_236">
<pin_list>
<pin id="237" dir="0" index="0" bw="5" slack="0"/>
<pin id="238" dir="0" index="1" bw="5" slack="0"/>
<pin id="239" dir="1" index="2" bw="0" slack="2147483647"/>
</pin_list>
<bind>
<opcode="store(28) " fcode="store"/>
<opset="store_ln22/1 "/>
</bind>
</comp>

<comp id="241" class="1005" name="j_reg_241">
<pin_list>
<pin id="242" dir="0" index="0" bw="5" slack="0"/>
<pin id="243" dir="1" index="1" bw="5" slack="0"/>
</pin_list>
<bind>
<opset="j "/>
</bind>
</comp>

<comp id="248" class="1005" name="i_reg_248">
<pin_list>
<pin id="249" dir="0" index="0" bw="5" slack="0"/>
<pin id="250" dir="1" index="1" bw="5" slack="0"/>
</pin_list>
<bind>
<opset="i "/>
</bind>
</comp>

<comp id="255" class="1005" name="indvar_flatten_reg_255">
<pin_list>
<pin id="256" dir="0" index="0" bw="9" slack="0"/>
<pin id="257" dir="1" index="1" bw="9" slack="0"/>
</pin_list>
<bind>
<opset="indvar_flatten "/>
</bind>
</comp>

</comp_list>

<net_list>
<net id="57"><net_src comp="8" pin="0"/><net_sink comp="54" pin=0"/></net>

<net id="61"><net_src comp="8" pin="0"/><net_sink comp="58" pin=0"/></net>

<net id="65"><net_src comp="8" pin="0"/><net_sink comp="62" pin=0"/></net>

<net id="71"><net_src comp="0" pin="0"/><net_sink comp="66" pin=0"/></net>

<net id="72"><net_src comp="46" pin="0"/><net_sink comp="66" pin=1"/></net>

<net id="78"><net_src comp="2" pin="0"/><net_sink comp="73" pin=0"/></net>

<net id="79"><net_src comp="46" pin="0"/><net_sink comp="73" pin=1"/></net>

<net id="85"><net_src comp="4" pin="0"/><net_sink comp="80" pin=0"/></net>

<net id="86"><net_src comp="46" pin="0"/><net_sink comp="80" pin=1"/></net>

<net id="92"><net_src comp="6" pin="0"/><net_sink comp="87" pin=0"/></net>

<net id="93"><net_src comp="46" pin="0"/><net_sink comp="87" pin=1"/></net>

<net id="99"><net_src comp="34" pin="0"/><net_sink comp="94" pin=1"/></net>

<net id="100"><net_src comp="80" pin="3"/><net_sink comp="94" pin=0"/></net>

<net id="106"><net_src comp="34" pin="0"/><net_sink comp="101" pin=1"/></net>

<net id="107"><net_src comp="73" pin="3"/><net_sink comp="101" pin=0"/></net>

<net id="113"><net_src comp="34" pin="0"/><net_sink comp="108" pin=1"/></net>

<net id="114"><net_src comp="66" pin="3"/><net_sink comp="108" pin=0"/></net>

<net id="120"><net_src comp="34" pin="0"/><net_sink comp="115" pin=1"/></net>

<net id="121"><net_src comp="87" pin="3"/><net_sink comp="115" pin=0"/></net>

<net id="126"><net_src comp="10" pin="0"/><net_sink comp="122" pin=0"/></net>

<net id="131"><net_src comp="12" pin="0"/><net_sink comp="127" pin=0"/></net>

<net id="136"><net_src comp="12" pin="0"/><net_sink comp="132" pin=0"/></net>

<net id="144"><net_src comp="137" pin="1"/><net_sink comp="140" pin=0"/></net>

<net id="145"><net_src comp="14" pin="0"/><net_sink comp="140" pin=1"/></net>

<net id="150"><net_src comp="137" pin="1"/><net_sink comp="146" pin=0"/></net>

<net id="151"><net_src comp="16" pin="0"/><net_sink comp="146" pin=1"/></net>

<net id="162"><net_src comp="155" pin="1"/><net_sink comp="158" pin=0"/></net>

<net id="163"><net_src comp="18" pin="0"/><net_sink comp="158" pin=1"/></net>

<net id="168"><net_src comp="152" pin="1"/><net_sink comp="164" pin=0"/></net>

<net id="169"><net_src comp="28" pin="0"/><net_sink comp="164" pin=1"/></net>

<net id="175"><net_src comp="164" pin="2"/><net_sink comp="170" pin=0"/></net>

<net id="176"><net_src comp="12" pin="0"/><net_sink comp="170" pin=1"/></net>

<net id="177"><net_src comp="152" pin="1"/><net_sink comp="170" pin=2"/></net>

<net id="183"><net_src comp="164" pin="2"/><net_sink comp="178" pin=0"/></net>

<net id="184"><net_src comp="158" pin="2"/><net_sink comp="178" pin=1"/></net>

<net id="185"><net_src comp="155" pin="1"/><net_sink comp="178" pin=2"/></net>

<net id="189"><net_src comp="178" pin="3"/><net_sink comp="186" pin=0"/></net>

<net id="193"><net_src comp="170" pin="3"/><net_sink comp="190" pin=0"/></net>

<net id="200"><net_src comp="38" pin="0"/><net_sink comp="194" pin=0"/></net>

<net id="201"><net_src comp="170" pin="3"/><net_sink comp="194" pin=1"/></net>

<net id="202"><net_src comp="40" pin="0"/><net_sink comp="194" pin=2"/></net>

<net id="203"><net_src comp="42" pin="0"/><net_sink comp="194" pin=3"/></net>

<net id="209"><net_src comp="44" pin="0"/><net_sink comp="204" pin=0"/></net>

<net id="210"><net_src comp="186" pin="1"/><net_sink comp="204" pin=1"/></net>

<net id="211"><net_src comp="194" pin="4"/><net_sink comp="204" pin=2"/></net>

<net id="215"><net_src comp="204" pin="3"/><net_sink comp="212" pin=0"/></net>

<net id="216"><net_src comp="212" pin="1"/><net_sink comp="66" pin=2"/></net>

<net id="217"><net_src comp="212" pin="1"/><net_sink comp="73" pin=2"/></net>

<net id="218"><net_src comp="212" pin="1"/><net_sink comp="80" pin=2"/></net>

<net id="219"><net_src comp="212" pin="1"/><net_sink comp="87" pin=2"/></net>

<net id="224"><net_src comp="170" pin="3"/><net_sink comp="220" pin=0"/></net>

<net id="225"><net_src comp="18" pin="0"/><net_sink comp="220" pin=1"/></net>

<net id="230"><net_src comp="146" pin="2"/><net_sink comp="226" pin=0"/></net>

<net id="235"><net_src comp="178" pin="3"/><net_sink comp="231" pin=0"/></net>

<net id="240"><net_src comp="220" pin="2"/><net_sink comp="236" pin=0"/></net>

<net id="244"><net_src comp="54" pin="1"/><net_sink comp="241" pin=0"/></net>

<net id="245"><net_src comp="241" pin="1"/><net_sink comp="132" pin=1"/></net>

<net id="246"><net_src comp="241" pin="1"/><net_sink comp="152" pin=0"/></net>

<net id="247"><net_src comp="241" pin="1"/><net_sink comp="236" pin=1"/></net>

<net id="251"><net_src comp="58" pin="1"/><net_sink comp="248" pin=0"/></net>

<net id="252"><net_src comp="248" pin="1"/><net_sink comp="127" pin=1"/></net>

<net id="253"><net_src comp="248" pin="1"/><net_sink comp="155" pin=0"/></net>

<net id="254"><net_src comp="248" pin="1"/><net_sink comp="231" pin=1"/></net>

<net id="258"><net_src comp="62" pin="1"/><net_sink comp="255" pin=0"/></net>

<net id="259"><net_src comp="255" pin="1"/><net_sink comp="122" pin=1"/></net>

<net id="260"><net_src comp="255" pin="1"/><net_sink comp="137" pin=0"/></net>

<net id="261"><net_src comp="255" pin="1"/><net_sink comp="226" pin=1"/></net>

</net_list>

</model> 
---------------- Datapath Model END ------------------

* FSMD analyzer results:
  - Output states:
	Port: tC | {1 }
	Port: tC_1 | {1 }
	Port: tC_2 | {1 }
	Port: tC_3 | {1 }
 - Input state : 
  - Chain level:
	State 1
		store_ln0 : 1
		store_ln21 : 1
		store_ln22 : 1
		indvar_flatten_load : 1
		icmp_ln21 : 2
		add_ln21_1 : 2
		br_ln21 : 3
		j_load : 1
		i_load : 1
		add_ln21 : 2
		icmp_ln22 : 2
		select_ln21 : 3
		select_ln21_1 : 3
		trunc_ln22 : 4
		trunc_ln22_1 : 4
		lshr_ln : 4
		tmp_3 : 5
		zext_ln23 : 6
		tC_addr : 7
		tC_1_addr : 7
		tC_2_addr : 7
		tC_3_addr : 7
		switch_ln23 : 5
		store_ln23 : 8
		store_ln23 : 8
		store_ln23 : 8
		store_ln23 : 8
		add_ln22 : 4
		store_ln21 : 3
		store_ln21 : 4
		store_ln22 : 5


============================================================
+ Verbose Summary: Datapath Resource usage 
============================================================

* Functional unit list:
|----------|----------------------|---------|---------|
| Operation|    Functional Unit   |    FF   |   LUT   |
|----------|----------------------|---------|---------|
|          |   add_ln21_1_fu_146  |    0    |    16   |
|    add   |    add_ln21_fu_158   |    0    |    12   |
|          |    add_ln22_fu_220   |    0    |    12   |
|----------|----------------------|---------|---------|
|   icmp   |   icmp_ln21_fu_140   |    0    |    16   |
|          |   icmp_ln22_fu_164   |    0    |    12   |
|----------|----------------------|---------|---------|
|  select  |  select_ln21_fu_170  |    0    |    5    |
|          | select_ln21_1_fu_178 |    0    |    5    |
|----------|----------------------|---------|---------|
|   trunc  |   trunc_ln22_fu_186  |    0    |    0    |
|          |  trunc_ln22_1_fu_190 |    0    |    0    |
|----------|----------------------|---------|---------|
|partselect|    lshr_ln_fu_194    |    0    |    0    |
|----------|----------------------|---------|---------|
|bitconcatenate|     tmp_3_fu_204     |    0    |    0    |
|----------|----------------------|---------|---------|
|   zext   |   zext_ln23_fu_212   |    0    |    0    |
|----------|----------------------|---------|---------|
|   Total  |                      |    0    |    78   |
|----------|----------------------|---------|---------|

Memories:
N/A

* Register list:
+----------------------+--------+
|                      |   FF   |
+----------------------+--------+
|       i_reg_248      |    5   |
|indvar_flatten_reg_255|    9   |
|       j_reg_241      |    5   |
+----------------------+--------+
|         Total        |   19   |
+----------------------+--------+

* Multiplexer (MUX) list: 
|--------|------|------|------|--------|
|  Comp  |  Pin | Size |  BW  | S x BW |
|--------|------|------|------|--------|
|  Total |      |      |      |    0   |
|--------|------|------|------|--------|



* Summary:
+-----------+--------+--------+
|           |   FF   |   LUT  |
+-----------+--------+--------+
|  Function |    0   |   78   |
|   Memory  |    -   |    -   |
|Multiplexer|    -   |    -   |
|  Register |   19   |    -   |
+-----------+--------+--------+
|   Total   |   19   |   78   |
+-----------+--------+--------+
