

================================================================
== Vitis HLS Report for 'mmult_hw_Pipeline_init_i_init_j'
================================================================
* Date:           Mon Feb 23 03:06:25 2026

* Version:        2024.1 (Build 5069499 on May 21 2024)
* Project:        matmul_D15
* Solution:       hls (Vivado IP Flow Target)
* Product family: zynquplus
* Target device:  xczu3eg-sbva484-1-e


================================================================
== Performance Estimates
================================================================
+ Timing: 
    * Summary: 
    +--------+----------+----------+------------+
    |  Clock |  Target  | Estimated| Uncertainty|
    +--------+----------+----------+------------+
    |ap_clk  |  10.00 ns|  4.235 ns|     2.70 ns|
    +--------+----------+----------+------------+

+ Latency: 
    * Summary: 
    +---------+---------+----------+----------+-----+-----+-----------------------------------------------+
    |  Latency (cycles) |  Latency (absolute) |  Interval |                    Pipeline                   |
    |   min   |   max   |    min   |    max   | min | max |                      Type                     |
    +---------+---------+----------+----------+-----+-----+-----------------------------------------------+
    |      258|      258|  2.580 us|  2.580 us|  257|  257|  loop auto-rewind stp(delay=0 clock cycles(s))|
    +---------+---------+----------+----------+-----+-----+-----------------------------------------------+

    + Detail: 
        * Instance: 
        N/A

        * Loop: 
        +-----------------+---------+---------+----------+-----------+-----------+------+----------+
        |                 |  Latency (cycles) | Iteration|  Initiation Interval  | Trip |          |
        |    Loop Name    |   min   |   max   |  Latency |  achieved |   target  | Count| Pipelined|
        +-----------------+---------+---------+----------+-----------+-----------+------+----------+
        |- init_i_init_j  |      256|      256|         1|          1|          1|   256|       yes|
        +-----------------+---------+---------+----------+-----------+-----------+------+----------+

============================================================
+ Verbose Summary: Synthesis Manager
============================================================
InlineROM: 1
ExposeGlobal: 0
============================================================
+ Verbose Summary: CDFG Model
============================================================
IsTopModel: 0
ResetActiveHigh: 1
IsCombinational: 0
IsDatapathOnly: 0
HasWiredReturn: 1
HasMFsm: 2
HasVarLatency: 1
IsPipeline: 0
IsRtlPipelined: 0
IsInstanceOverlapped: 0
IsDontTouch: 0
HasImplIP: 0
IsGatedGlobalClock: 0

+ Individual pipeline summary: 
  * Pipeline-0: initiation interval (II) = 1, depth = 1


============================================================
+ Verbose Summary: Schedule
============================================================
* Number of FSM states : 1
* Pipeline : 1
  Pipeline-0 : II = 1, D = 1, States = { 1 }
* Dataflow Pipeline: 0

* FSM state transitions: 
1 --> 

* FSM state operations: 

State 1 <SV = 0> <Delay = 4.23>
ST_1 : Operation 4 [1/1] (0.00ns)   --->   "%j = alloca i32 1" [mmult_baseline.cpp:22]   --->   Operation 4 'alloca' 'j' <Predicate = true> <Delay = 0.00>
ST_1 : Operation 5 [1/1] (0.00ns)   --->   "%i = alloca i32 1" [mmult_baseline.cpp:21]   --->   Operation 5 'alloca' 'i' <Predicate = true> <Delay = 0.00>
ST_1 : Operation 6 [1/1] (0.00ns)   --->   "%indvar_flatten = alloca i32 1"   --->   Operation 6 'alloca' 'indvar_flatten' <Predicate = true> <Delay = 0.00>
ST_1 : Operation 7 [1/1] (0.48ns)   --->   "%store_ln0 = store i9 0, i9 %indvar_flatten"   --->   Operation 7 'store' 'store_ln0' <Predicate = true> <Delay = 0.48>
ST_1 : Operation 8 [1/1] (0.48ns)   --->   "%store_ln21 = store i5 0, i5 %i" [mmult_baseline.cpp:21]   --->   Operation 8 'store' 'store_ln21' <Predicate = true> <Delay = 0.48>
ST_1 : Operation 9 [1/1] (0.48ns)   --->   "%store_ln22 = store i5 0, i5 %j" [mmult_baseline.cpp:22]   --->   Operation 9 'store' 'store_ln22' <Predicate = true> <Delay = 0.48>
ST_1 : Operation 10 [1/1] (0.00ns)   --->   "%br_ln0 = br void %for.inc"   --->   Operation 10 'br' 'br_ln0' <Predicate = true> <Delay = 0.00>
ST_1 : Operation 11 [1/1] (0.00ns)   --->   "%indvar_flatten_load = load i9 %indvar_flatten" [mmult_baseline.cpp:21]   --->   Operation 11 'load' 'indvar_flatten_load' <Predicate = true> <Delay = 0.00>
ST_1 : Operation 12 [1/1] (0.92ns)   --->   "%icmp_ln21 = icmp_eq  i9 %indvar_flatten_load, i9 256" [mmult_baseline.cpp:21]   --->   Operation 12 'icmp' 'icmp_ln21' <Predicate = true> <Delay = 0.92> <CoreInst = "Cmp">   --->   Core 9 'Cmp' <Latency = 0> <II = 1> <Delay = 0.92> <FuncUnit> <Opcode : 'seteq' 'setne' 'setle' 'setge' 'setlt' 'setgt'> <InPorts = 2> <OutPorts = 1>
ST_1 : Operation 13 [1/1] (0.92ns)   --->   "%add_ln21_1 = add i9 %indvar_flatten_load, i9 1" [mmult_baseline.cpp:21]   --->   Operation 13 'add' 'add_ln21_1' <Predicate = true> <Delay = 0.92> <CoreInst = "Adder">   --->   Core 1 'Adder' <Latency = 0> <II = 1> <Delay = 0.92> <FuncUnit> <Opcode : 'add' 'sub'> <InPorts = 2> <OutPorts = 1>
ST_1 : Operation 14 [1/1] (0.00ns)   --->   "%br_ln21 = br i1 %icmp_ln21, void %for.inc15, void %tile_k.exitStub" [mmult_baseline.cpp:21]   --->   Operation 14 'br' 'br_ln21' <Predicate = true> <Delay = 0.00>
ST_1 : Operation 15 [1/1] (0.00ns)   --->   "%j_load = load i5 %j" [mmult_baseline.cpp:22]   --->   Operation 15 'load' 'j_load' <Predicate = (!icmp_ln21)> <Delay = 0.00>
ST_1 : Operation 16 [1/1] (0.00ns)   --->   "%i_load = load i5 %i" [mmult_baseline.cpp:21]   --->   Operation 16 'load' 'i_load' <Predicate = (!icmp_ln21)> <Delay = 0.00>
ST_1 : Operation 17 [1/1] (0.87ns)   --->   "%add_ln21 = add i5 %i_load, i5 1" [mmult_baseline.cpp:21]   --->   Operation 17 'add' 'add_ln21' <Predicate = (!icmp_ln21)> <Delay = 0.87> <CoreInst = "Adder">   --->   Core 1 'Adder' <Latency = 0> <II = 1> <Delay = 0.87> <FuncUnit> <Opcode : 'add' 'sub'> <InPorts = 2> <OutPorts = 1>
ST_1 : Operation 18 [1/1] (0.00ns)   --->   "%specloopname_ln0 = specloopname void @_ssdm_op_SpecLoopName, void @init_i_init_j_str"   --->   Operation 18 'specloopname' 'specloopname_ln0' <Predicate = (!icmp_ln21)> <Delay = 0.00>
ST_1 : Operation 19 [1/1] (0.00ns)   --->   "%speclooptripcount_ln0 = speclooptripcount void @_ssdm_op_SpecLoopTripCount, i64 256, i64 256, i64 256"   --->   Operation 19 'speclooptripcount' 'speclooptripcount_ln0' <Predicate = (!icmp_ln21)> <Delay = 0.00>
ST_1 : Operation 20 [1/1] (0.87ns)   --->   "%icmp_ln22 = icmp_eq  i5 %j_load, i5 16" [mmult_baseline.cpp:22]   --->   Operation 20 'icmp' 'icmp_ln22' <Predicate = (!icmp_ln21)> <Delay = 0.87> <CoreInst = "Cmp">   --->   Core 9 'Cmp' <Latency = 0> <II = 1> <Delay = 0.87> <FuncUnit> <Opcode : 'seteq' 'setne' 'setle' 'setge' 'setlt' 'setgt'> <InPorts = 2> <OutPorts = 1>
ST_1 : Operation 21 [1/1] (0.48ns)   --->   "%select_ln21 = select i1 %icmp_ln22, i5 0, i5 %j_load" [mmult_baseline.cpp:21]   --->   Operation 21 'select' 'select_ln21' <Predicate = (!icmp_ln21)> <Delay = 0.48> <CoreInst = "Sel">   --->   Core 73 'Sel' <Latency = 0> <II = 1> <Delay = 0.48> <FuncUnit> <Opcode : 'select'> <InPorts = 3> <OutPorts = 1>
ST_1 : Operation 22 [1/1] (0.48ns)   --->   "%select_ln21_1 = select i1 %icmp_ln22, i5 %add_ln21, i5 %i_load" [mmult_baseline.cpp:21]   --->   Operation 22 'select' 'select_ln21_1' <Predicate = (!icmp_ln21)> <Delay = 0.48> <CoreInst = "Sel">   --->   Core 73 'Sel' <Latency = 0> <II = 1> <Delay = 0.48> <FuncUnit> <Opcode : 'select'> <InPorts = 3> <OutPorts = 1>
ST_1 : Operation 23 [1/1] (0.00ns)   --->   "%trunc_ln22 = trunc i5 %select_ln21_1" [mmult_baseline.cpp:22]   --->   Operation 23 'trunc' 'trunc_ln22' <Predicate = (!icmp_ln21)> <Delay = 0.00>
ST_1 : Operation 24 [1/1] (0.00ns)   --->   "%trunc_ln22_1 = trunc i5 %select_ln21" [mmult_baseline.cpp:22]   --->   Operation 24 'trunc' 'trunc_ln22_1' <Predicate = (!icmp_ln21)> <Delay = 0.00>
ST_1 : Operation 25 [1/1] (0.00ns)   --->   "%specpipeline_ln22 = specpipeline void @_ssdm_op_SpecPipeline, i32 4294967295, i32 0, i32 0, i32 0, void @empty_0" [mmult_baseline.cpp:22]   --->   Operation 25 'specpipeline' 'specpipeline_ln22' <Predicate = (!icmp_ln21)> <Delay = 0.00>
ST_1 : Operation 26 [1/1] (0.00ns)   --->   "%lshr_ln = partselect i2 @_ssdm_op_PartSelect.i2.i5.i32.i32, i5 %select_ln21, i32 2, i32 3" [mmult_baseline.cpp:22]   --->   Operation 26 'partselect' 'lshr_ln' <Predicate = (!icmp_ln21)> <Delay = 0.00>
ST_1 : Operation 27 [1/1] (0.00ns)   --->   "%tmp_3 = bitconcatenate i6 @_ssdm_op_BitConcatenate.i6.i4.i2, i4 %trunc_ln22, i2 %lshr_ln" [mmult_baseline.cpp:23]   --->   Operation 27 'bitconcatenate' 'tmp_3' <Predicate = (!icmp_ln21)> <Delay = 0.00>
ST_1 : Operation 28 [1/1] (0.00ns)   --->   "%zext_ln23 = zext i6 %tmp_3" [mmult_baseline.cpp:23]   --->   Operation 28 'zext' 'zext_ln23' <Predicate = (!icmp_ln21)> <Delay = 0.00>
ST_1 : Operation 29 [1/1] (0.00ns)   --->   "%tC_addr = getelementptr i32 %tC, i64 0, i64 %zext_ln23" [mmult_baseline.cpp:23]   --->   Operation 29 'getelementptr' 'tC_addr' <Predicate = (!icmp_ln21)> <Delay = 0.00>
ST_1 : Operation 30 [1/1] (0.00ns)   --->   "%tC_1_addr = getelementptr i32 %tC_1, i64 0, i64 %zext_ln23" [mmult_baseline.cpp:23]   --->   Operation 30 'getelementptr' 'tC_1_addr' <Predicate = (!icmp_ln21)> <Delay = 0.00>
ST_1 : Operation 31 [1/1] (0.00ns)   --->   "%tC_2_addr = getelementptr i32 %tC_2, i64 0, i64 %zext_ln23" [mmult_baseline.cpp:23]   --->   Operation 31 'getelementptr' 'tC_2_addr' <Predicate = (!icmp_ln21)> <Delay = 0.00>
ST_1 : Operation 32 [1/1] (0.00ns)   --->   "%tC_3_addr = getelementptr i32 %tC_3, i64 0, i64 %zext_ln23" [mmult_baseline.cpp:23]   --->   Operation 32 'getelementptr' 'tC_3_addr' <Predicate = (!icmp_ln21)> <Delay = 0.00>
ST_1 : Operation 33 [1/1] (1.03ns)   --->   "%switch_ln23 = switch i2 %trunc_ln22_1, void %arrayidx148.case.3, i2 0, void %arrayidx148.case.0, i2 1, void %arrayidx148.case.1, i2 2, void %arrayidx148.case.2" [mmult_baseline.cpp:23]   --->   Operation 33 'switch' 'switch_ln23' <Predicate = (!icmp_ln21)> <Delay = 1.03>
ST_1 : Operation 34 [1/1] (1.35ns)   --->   "%store_ln23 = store i32 0, i6 %tC_2_addr" [mmult_baseline.cpp:23]   --->   Operation 34 'store' 'store_ln23' <Predicate = (!icmp_ln21 & trunc_ln22_1 == 2)> <Delay = 1.35> <CoreInst = "RAM">   --->   Core 82 'RAM' <Latency = 1> <II = 1> <Delay = 1.35> <Storage> <Opcode : 'load' 'store'> <Ports = 2> <Width = 32> <Depth = 64> <RAM>
ST_1 : Operation 35 [1/1] (0.00ns)   --->   "%br_ln23 = br void %arrayidx148.exit" [mmult_baseline.cpp:23]   --->   Operation 35 'br' 'br_ln23' <Predicate = (!icmp_ln21 & trunc_ln22_1 == 2)> <Delay = 0.00>
ST_1 : Operation 36 [1/1] (1.35ns)   --->   "%store_ln23 = store i32 0, i6 %tC_1_addr" [mmult_baseline.cpp:23]   --->   Operation 36 'store' 'store_ln23' <Predicate = (!icmp_ln21 & trunc_ln22_1 == 1)> <Delay = 1.35> <CoreInst = "RAM">   --->   Core 82 'RAM' <Latency = 1> <II = 1> <Delay = 1.35> <Storage> <Opcode : 'load' 'store'> <Ports = 2> <Width = 32> <Depth = 64> <RAM>
ST_1 : Operation 37 [1/1] (0.00ns)   --->   "%br_ln23 = br void %arrayidx148.exit" [mmult_baseline.cpp:23]   --->   Operation 37 'br' 'br_ln23' <Predicate = (!icmp_ln21 & trunc_ln22_1 == 1)> <Delay = 0.00>
ST_1 : Operation 38 [1/1] (1.35ns)   --->   "%store_ln23 = store i32 0, i6 %tC_addr" [mmult_baseline.cpp:23]   --->   Operation 38 'store' 'store_ln23' <Predicate = (!icmp_ln21 & trunc_ln22_1 == 0)> <Delay = 1.35> <CoreInst = "RAM">   --->   Core 82 'RAM' <Latency = 1> <II = 1> <Delay = 1.35> <Storage> <Opcode : 'load' 'store'> <Ports = 2> <Width = 32> <Depth = 64> <RAM>
ST_1 : Operation 39 [1/1] (0.00ns)   --->   "%br_ln23 = br void %arrayidx148.exit" [mmult_baseline.cpp:23]   --->   Operation 39 'br' 'br_ln23' <Predicate = (!icmp_ln21 & trunc_ln22_1 == 0)> <Delay = 0.00>
ST_1 : Operation 40 [1/1] (1.35ns)   --->   "%store_ln23 = store i32 0, i6 %tC_3_addr" [mmult_baseline.cpp:23]   --->   Operation 40 'store' 'store_ln23' <Predicate = (!icmp_ln21 & trunc_ln22_1 == 3)> <Delay = 1.35> <CoreInst = "RAM">   --->   Core 82 'RAM' <Latency = 1> <II = 1> <Delay = 1.35> <Storage> <Opcode : 'load' 'store'> <Ports = 2> <Width = 32> <Depth = 64> <RAM>
ST_1 : Operation 41 [1/1] (0.00ns)   --->   "%br_ln23 = br void %arrayidx148.exit" [mmult_baseline.cpp:23]   --->   Operation 41 'br' 'br_ln23' <Predicate = (!icmp_ln21 & trunc_ln22_1 == 3)> <Delay = 0.00>
ST_1 : Operation 42 [1/1] (0.87ns)   --->   "%add_ln22 = add i5 %select_ln21, i5 1" [mmult_baseline.cpp:22]   --->   Operation 42 'add' 'add_ln22' <Predicate = (!icmp_ln21)> <Delay = 0.87> <CoreInst = "Adder">   --->   Core 1 'Adder' <Latency = 0> <II = 1> <Delay = 0.87> <FuncUnit> <Opcode : 'add' 'sub'> <InPorts = 2> <OutPorts = 1>
ST_1 : Operation 43 [1/1] (0.48ns)   --->   "%store_ln21 = store i9 %add_ln21_1, i9 %indvar_flatten" [mmult_baseline.cpp:21]   --->   Operation 43 'store' 'store_ln21' <Predicate = (!icmp_ln21)> <Delay = 0.48>
ST_1 : Operation 44 [1/1] (0.48ns)   --->   "%store_ln21 = store i5 %select_ln21_1, i5 %i" [mmult_baseline.cpp:21]   --->   Operation 44 'store' 'store_ln21' <Predicate = (!icmp_ln21)> <Delay = 0.48>
ST_1 : Operation 45 [1/1] (0.48ns)   --->   "%store_ln22 = store i5 %add_ln22, i5 %j" [mmult_baseline.cpp:22]   --->   Operation 45 'store' 'store_ln22' <Predicate = (!icmp_ln21)> <Delay = 0.48>
ST_1 : Operation 46 [1/1] (0.00ns)   --->   "%br_ln22 = br void %for.inc" [mmult_baseline.cpp:22]   --->   Operation 46 'br' 'br_ln22' <Predicate = (!icmp_ln21)> <Delay = 0.00>
ST_1 : Operation 47 [1/1] (0.48ns)   --->   "%ret_ln0 = ret"   --->   Operation 47 'ret' 'ret_ln0' <Predicate = (icmp_ln21)> <Delay = 0.48>


============================================================
+ Verbose Summary: Timing violations
============================================================
Target clock period: 10.000ns, clock uncertainty: 2.700ns.

 <State 1>: 4.235ns
The critical path consists of the following:
	'store' operation 0 bit ('store_ln22', mmult_baseline.cpp:22) of constant 0 on local variable 'j', mmult_baseline.cpp:22 [10]  (0.489 ns)
	'load' operation 5 bit ('j_load', mmult_baseline.cpp:22) on local variable 'j', mmult_baseline.cpp:22 [18]  (0.000 ns)
	'icmp' operation 1 bit ('icmp_ln22', mmult_baseline.cpp:22) [23]  (0.878 ns)
	'select' operation 5 bit ('select_ln21', mmult_baseline.cpp:21) [24]  (0.480 ns)
	'store' operation 0 bit ('store_ln23', mmult_baseline.cpp:23) of constant 0 on array 'tC' [44]  (1.352 ns)
	blocking operation 1.03662 ns on control path)


============================================================
+ Verbose Summary: Binding
============================================================
N/A
* FSMD analyzer results:
  - Output states:
 - Input state : 
  - Chain level:
	State 1


============================================================
+ Verbose Summary: Datapath Resource usage 
============================================================
N/A
