#-----------------------------------------------------------
# Vivado v2024.1 (64-bit)
# SW Build 5076996 on Wed May 22 18:37:14 MDT 2024
# IP Build 5075265 on Wed May 22 21:45:21 MDT 2024
# SharedData Build 5076995 on Wed May 22 18:29:18 MDT 2024
# Start of session at: Wed Feb  4 02:42:08 2026
# Process ID: 57196
# Current directory: C:/GitRepos/EECE4632/HW4/Vitis/divby13_stream/divby13_stream/hls/impl/ip
# Command line: vivado.exe -notrace -mode batch -source run_ippack.tcl
# Log file: C:/GitRepos/EECE4632/HW4/Vitis/divby13_stream/divby13_stream/hls/impl/ip/vivado.log
# Journal file: C:/GitRepos/EECE4632/HW4/Vitis/divby13_stream/divby13_stream/hls/impl/ip\vivado.jou
# Running On        :icarus
# Platform          :Windows Server 2016 or Windows 10
# Operating System  :26100
# Processor Detail  :Intel(R) Core(TM) Ultra 9 275HX
# CPU Frequency     :3072 MHz
# CPU Physical cores:24
# CPU Logical cores :24
# Host memory       :33673 MB
# Swap memory       :8053 MB
# Total Virtual     :41726 MB
# Available Virtual :1621 MB
#-----------------------------------------------------------
source run_ippack.tcl -notrace
INFO: calling package_hls_ip ip_types=vitis sysgen json_file=C:/GitRepos/EECE4632/HW4/Vitis/divby13_stream/divby13_stream/hls/hls_data.json outdir=C:/GitRepos/EECE4632/HW4/Vitis/divby13_stream/divby13_stream/hls/impl/ip srcdir=C:/GitRepos/EECE4632/HW4/Vitis/divby13_stream/divby13_stream/hls sort_interfaces_ports=false
INFO: Copied 1 ipmisc file(s) to C:/GitRepos/EECE4632/HW4/Vitis/divby13_stream/divby13_stream/hls/impl/ip/misc
INFO: Copied 7 verilog file(s) to C:/GitRepos/EECE4632/HW4/Vitis/divby13_stream/divby13_stream/hls/impl/ip/hdl/verilog
INFO: Copied 5 vhdl file(s) to C:/GitRepos/EECE4632/HW4/Vitis/divby13_stream/divby13_stream/hls/impl/ip/hdl/vhdl
INFO: Copied 10 swdriver file(s) to C:/GitRepos/EECE4632/HW4/Vitis/divby13_stream/divby13_stream/hls/impl/ip/drivers
INFO: Import ports from HDL: C:/GitRepos/EECE4632/HW4/Vitis/divby13_stream/divby13_stream/hls/impl/ip/hdl/vhdl/divby13_stream.vhd (divby13_stream)
INFO: Add axi4lite interface s_axi_control
INFO: Add clock interface ap_clk
INFO: Add reset interface ap_rst_n
INFO: Add interrupt interface interrupt
INFO: [IP_Flow 19-234] Refreshing IP repositories
INFO: [IP_Flow 19-1704] No user IP repositories specified
INFO: [IP_Flow 19-2313] Loaded Vivado IP repository 'C:/Xilinx/Vivado/2024.1/data/ip'.
INFO: Add axi4stream interface a
INFO: Add axi4stream interface result
INFO: Calling post_process_vitis to specialize IP
INFO: Calling post_process_sysgen to specialize IP
Generating sysgen info xml from json file
INFO: Created IP C:/GitRepos/EECE4632/HW4/Vitis/divby13_stream/divby13_stream/hls/impl/ip/component.xml
INFO: Created IP archive C:/GitRepos/EECE4632/HW4/Vitis/divby13_stream/divby13_stream/hls/impl/ip/xilinx_com_hls_divby13_stream_1_0.zip
INFO: [Common 17-206] Exiting Vivado at Wed Feb  4 02:42:18 2026...
