

================================================================
== Vitis HLS Report for 'mmult_hw_Pipeline_loop3'
================================================================
* Date:           Sun Feb 22 01:18:43 2026

* Version:        2024.1 (Build 5069499 on May 21 2024)
* Project:        matmul_D10_AXISep_Data_Type
* Solution:       hls (Vivado IP Flow Target)
* Product family: zynquplus
* Target device:  xczu3eg-sbva484-1-e


================================================================
== Performance Estimates
================================================================
+ Timing: 
    * Summary: 
    +--------+----------+----------+------------+
    |  Clock |  Target  | Estimated| Uncertainty|
    +--------+----------+----------+------------+
    |ap_clk  |  10.00 ns|  7.300 ns|     2.70 ns|
    +--------+----------+----------+------------+

+ Latency: 
    * Summary: 
    +---------+---------+----------+----------+-----+-----+-----------------------------------------------+
    |  Latency (cycles) |  Latency (absolute) |  Interval |                    Pipeline                   |
    |   min   |   max   |    min   |    max   | min | max |                      Type                     |
    +---------+---------+----------+----------+-----+-----+-----------------------------------------------+
    |      270|      270|  2.700 us|  2.700 us|  258|  258|  loop auto-rewind stp(delay=0 clock cycles(s))|
    +---------+---------+----------+----------+-----+-----+-----------------------------------------------+

    + Detail: 
        * Instance: 
        N/A

        * Loop: 
        +----------+---------+---------+----------+-----------+-----------+------+----------+
        |          |  Latency (cycles) | Iteration|  Initiation Interval  | Trip |          |
        | Loop Name|   min   |   max   |  Latency |  achieved |   target  | Count| Pipelined|
        +----------+---------+---------+----------+-----------+-----------+------+----------+
        |- loop3   |      268|      268|        15|          2|          1|   128|       yes|
        +----------+---------+---------+----------+-----------+-----------+------+----------+

============================================================
+ Verbose Summary: Synthesis Manager
============================================================
InlineROM: 1
ExposeGlobal: 0
============================================================
+ Verbose Summary: CDFG Model
============================================================
IsTopModel: 0
ResetActiveHigh: 1
IsCombinational: 0
IsDatapathOnly: 0
HasWiredReturn: 1
HasMFsm: 2
HasVarLatency: 1
IsPipeline: 0
IsRtlPipelined: 0
IsInstanceOverlapped: 0
IsDontTouch: 0
HasImplIP: 0
IsGatedGlobalClock: 0

+ Individual pipeline summary: 
  * Pipeline-0: initiation interval (II) = 2, depth = 15


============================================================
+ Verbose Summary: Schedule
============================================================
* Number of FSM states : 15
* Pipeline : 1
  Pipeline-0 : II = 2, D = 15, States = { 1 2 3 4 5 6 7 8 9 10 11 12 13 14 15 }
* Dataflow Pipeline: 0

* FSM state transitions: 
1 --> 2 
2 --> 3 
3 --> 4 
4 --> 5 
5 --> 6 
6 --> 7 
7 --> 8 
8 --> 9 
9 --> 10 
10 --> 11 
11 --> 12 
12 --> 13 
13 --> 14 
14 --> 15 
15 --> 

* FSM state operations: 

State 1 <SV = 0> <Delay = 2.18>
ST_1 : Operation 18 [1/1] (0.00ns)   --->   "%phi_mul = alloca i32 1"   --->   Operation 18 'alloca' 'phi_mul' <Predicate = true> <Delay = 0.00>
ST_1 : Operation 19 [1/1] (0.00ns)   --->   "%sum = alloca i32 1" [mmult_baseline.cpp:20]   --->   Operation 19 'alloca' 'sum' <Predicate = true> <Delay = 0.00>
ST_1 : Operation 20 [1/1] (0.00ns)   --->   "%k = alloca i32 1" [mmult_baseline.cpp:21]   --->   Operation 20 'alloca' 'k' <Predicate = true> <Delay = 0.00>
ST_1 : Operation 21 [1/1] (0.00ns)   --->   "%in2_read = read i64 @_ssdm_op_Read.ap_auto.i64, i64 %in2"   --->   Operation 21 'read' 'in2_read' <Predicate = true> <Delay = 0.00>
ST_1 : Operation 22 [1/1] (0.00ns)   --->   "%zext_ln18_read = read i32 @_ssdm_op_Read.ap_auto.i32, i32 %zext_ln18"   --->   Operation 22 'read' 'zext_ln18_read' <Predicate = true> <Delay = 0.00>
ST_1 : Operation 23 [1/1] (0.00ns)   --->   "%dim_cast2_read = read i32 @_ssdm_op_Read.ap_auto.i32, i32 %dim_cast2"   --->   Operation 23 'read' 'dim_cast2_read' <Predicate = true> <Delay = 0.00>
ST_1 : Operation 24 [1/1] (0.00ns)   --->   "%sext_ln18_read = read i62 @_ssdm_op_Read.ap_auto.i62, i62 %sext_ln18"   --->   Operation 24 'read' 'sext_ln18_read' <Predicate = true> <Delay = 0.00>
ST_1 : Operation 25 [1/1] (0.00ns)   --->   "%dim_read = read i32 @_ssdm_op_Read.ap_auto.i32, i32 %dim"   --->   Operation 25 'read' 'dim_read' <Predicate = true> <Delay = 0.00>
ST_1 : Operation 26 [1/1] (0.00ns)   --->   "%zext_ln18_cast = zext i32 %zext_ln18_read"   --->   Operation 26 'zext' 'zext_ln18_cast' <Predicate = true> <Delay = 0.00>
ST_1 : Operation 27 [1/1] (0.00ns)   --->   "%dim_cast2_cast = sext i32 %dim_cast2_read"   --->   Operation 27 'sext' 'dim_cast2_cast' <Predicate = true> <Delay = 0.00>
ST_1 : Operation 28 [1/1] (0.00ns)   --->   "%sext_ln18_cast = sext i62 %sext_ln18_read"   --->   Operation 28 'sext' 'sext_ln18_cast' <Predicate = true> <Delay = 0.00>
ST_1 : Operation 29 [1/1] (0.00ns)   --->   "%specinterface_ln0 = specinterface void @_ssdm_op_SpecInterface, i32 %gmem, void @empty, i32 0, i32 0, void @empty_0, i32 0, i32 16384, void @empty_1, void @empty_2, void @empty_0, i32 16, i32 16, i32 16, i32 16, void @empty_0, void @empty_0, i32 4294967295, i32 0, i32 0"   --->   Operation 29 'specinterface' 'specinterface_ln0' <Predicate = true> <Delay = 0.00>
ST_1 : Operation 30 [1/1] (0.48ns)   --->   "%store_ln21 = store i32 0, i32 %k" [mmult_baseline.cpp:21]   --->   Operation 30 'store' 'store_ln21' <Predicate = true> <Delay = 0.48>
ST_1 : Operation 31 [1/1] (0.48ns)   --->   "%store_ln20 = store i32 0, i32 %sum" [mmult_baseline.cpp:20]   --->   Operation 31 'store' 'store_ln20' <Predicate = true> <Delay = 0.48>
ST_1 : Operation 32 [1/1] (0.48ns)   --->   "%store_ln0 = store i62 0, i62 %phi_mul"   --->   Operation 32 'store' 'store_ln0' <Predicate = true> <Delay = 0.48>
ST_1 : Operation 33 [1/1] (0.00ns)   --->   "%br_ln0 = br void %for.inc"   --->   Operation 33 'br' 'br_ln0' <Predicate = true> <Delay = 0.00>
ST_1 : Operation 34 [1/1] (0.00ns)   --->   "%k_1 = load i32 %k" [mmult_baseline.cpp:21]   --->   Operation 34 'load' 'k_1' <Predicate = true> <Delay = 0.00>
ST_1 : Operation 35 [1/1] (0.00ns)   --->   "%specbitsmap_ln0 = specbitsmap void @_ssdm_op_SpecBitsMap, i32 %gmem"   --->   Operation 35 'specbitsmap' 'specbitsmap_ln0' <Predicate = true> <Delay = 0.00>
ST_1 : Operation 36 [1/1] (1.20ns)   --->   "%icmp_ln21 = icmp_eq  i32 %k_1, i32 %dim_read" [mmult_baseline.cpp:21]   --->   Operation 36 'icmp' 'icmp_ln21' <Predicate = true> <Delay = 1.20> <CoreInst = "Cmp">   --->   Core 9 'Cmp' <Latency = 0> <II = 1> <Delay = 1.20> <FuncUnit> <Opcode : 'seteq' 'setne' 'setle' 'setge' 'setlt' 'setgt'> <InPorts = 2> <OutPorts = 1>
ST_1 : Operation 37 [1/1] (1.20ns)   --->   "%add_ln21 = add i32 %k_1, i32 1" [mmult_baseline.cpp:21]   --->   Operation 37 'add' 'add_ln21' <Predicate = true> <Delay = 1.20> <CoreInst = "Adder">   --->   Core 1 'Adder' <Latency = 0> <II = 1> <Delay = 1.20> <FuncUnit> <Opcode : 'add' 'sub'> <InPorts = 2> <OutPorts = 1>
ST_1 : Operation 38 [1/1] (0.00ns)   --->   "%br_ln21 = br i1 %icmp_ln21, void %for.inc.split, void %for.inc18.exitStub" [mmult_baseline.cpp:21]   --->   Operation 38 'br' 'br_ln21' <Predicate = true> <Delay = 0.00>
ST_1 : Operation 39 [1/1] (0.00ns)   --->   "%zext_ln21 = zext i32 %k_1" [mmult_baseline.cpp:21]   --->   Operation 39 'zext' 'zext_ln21' <Predicate = (!icmp_ln21)> <Delay = 0.00>
ST_1 : Operation 40 [1/1] (1.44ns)   --->   "%add_ln24 = add i63 %zext_ln21, i63 %sext_ln18_cast" [mmult_baseline.cpp:24]   --->   Operation 40 'add' 'add_ln24' <Predicate = (!icmp_ln21)> <Delay = 1.44> <CoreInst = "Adder">   --->   Core 1 'Adder' <Latency = 0> <II = 1> <Delay = 1.44> <FuncUnit> <Opcode : 'add' 'sub'> <InPorts = 2> <OutPorts = 1>
ST_1 : Operation 41 [1/1] (0.00ns)   --->   "%sext_ln24 = sext i63 %add_ln24" [mmult_baseline.cpp:24]   --->   Operation 41 'sext' 'sext_ln24' <Predicate = (!icmp_ln21)> <Delay = 0.00>
ST_1 : Operation 42 [1/1] (0.00ns)   --->   "%gmem_addr = getelementptr i32 %gmem, i64 %sext_ln24" [mmult_baseline.cpp:24]   --->   Operation 42 'getelementptr' 'gmem_addr' <Predicate = (!icmp_ln21)> <Delay = 0.00>
ST_1 : Operation 43 [1/1] (0.48ns)   --->   "%store_ln21 = store i32 %add_ln21, i32 %k" [mmult_baseline.cpp:21]   --->   Operation 43 'store' 'store_ln21' <Predicate = (!icmp_ln21)> <Delay = 0.48>

State 2 <SV = 1> <Delay = 7.30>
ST_2 : Operation 44 [1/1] (0.00ns)   --->   "%phi_mul_load = load i62 %phi_mul" [mmult_baseline.cpp:25]   --->   Operation 44 'load' 'phi_mul_load' <Predicate = (!icmp_ln21)> <Delay = 0.00>
ST_2 : Operation 45 [8/8] (7.30ns)   --->   "%gmem_load_req = readreq i1 @_ssdm_op_ReadReq.m_axi.i32P1A, i32 %gmem_addr, i64 1" [mmult_baseline.cpp:24]   --->   Operation 45 'readreq' 'gmem_load_req' <Predicate = (!icmp_ln21)> <Delay = 7.30> <CoreInst = "m_axi">   --->   Core 119 'm_axi' <Latency = 0> <II = 1> <Delay = 1.00> <Adapter> <Opcode : 'read' 'write' 'readreq' 'writereq' 'writeresp'>
ST_2 : Operation 46 [1/1] (1.44ns)   --->   "%add_ln25_2 = add i62 %phi_mul_load, i62 %dim_cast2_cast" [mmult_baseline.cpp:25]   --->   Operation 46 'add' 'add_ln25_2' <Predicate = (!icmp_ln21)> <Delay = 1.44> <CoreInst = "Adder">   --->   Core 1 'Adder' <Latency = 0> <II = 1> <Delay = 1.44> <FuncUnit> <Opcode : 'add' 'sub'> <InPorts = 2> <OutPorts = 1>
ST_2 : Operation 47 [1/1] (1.44ns)   --->   "%add_ln25 = add i62 %phi_mul_load, i62 %zext_ln18_cast" [mmult_baseline.cpp:25]   --->   Operation 47 'add' 'add_ln25' <Predicate = (!icmp_ln21)> <Delay = 1.44> <CoreInst = "Adder">   --->   Core 1 'Adder' <Latency = 0> <II = 1> <Delay = 1.44> <FuncUnit> <Opcode : 'add' 'sub'> <InPorts = 2> <OutPorts = 1>
ST_2 : Operation 48 [1/1] (0.00ns)   --->   "%shl_ln = bitconcatenate i64 @_ssdm_op_BitConcatenate.i64.i62.i2, i62 %add_ln25, i2 0" [mmult_baseline.cpp:25]   --->   Operation 48 'bitconcatenate' 'shl_ln' <Predicate = (!icmp_ln21)> <Delay = 0.00>
ST_2 : Operation 49 [1/1] (1.47ns)   --->   "%add_ln25_1 = add i64 %shl_ln, i64 %in2_read" [mmult_baseline.cpp:25]   --->   Operation 49 'add' 'add_ln25_1' <Predicate = (!icmp_ln21)> <Delay = 1.47> <CoreInst = "Adder">   --->   Core 1 'Adder' <Latency = 0> <II = 1> <Delay = 1.47> <FuncUnit> <Opcode : 'add' 'sub'> <InPorts = 2> <OutPorts = 1>
ST_2 : Operation 50 [1/1] (0.00ns)   --->   "%trunc_ln1 = partselect i62 @_ssdm_op_PartSelect.i62.i64.i32.i32, i64 %add_ln25_1, i32 2, i32 63" [mmult_baseline.cpp:25]   --->   Operation 50 'partselect' 'trunc_ln1' <Predicate = (!icmp_ln21)> <Delay = 0.00>
ST_2 : Operation 51 [1/1] (0.00ns)   --->   "%sext_ln25 = sext i62 %trunc_ln1" [mmult_baseline.cpp:25]   --->   Operation 51 'sext' 'sext_ln25' <Predicate = (!icmp_ln21)> <Delay = 0.00>
ST_2 : Operation 52 [1/1] (0.00ns)   --->   "%gmem_addr_1 = getelementptr i32 %gmem, i64 %sext_ln25" [mmult_baseline.cpp:25]   --->   Operation 52 'getelementptr' 'gmem_addr_1' <Predicate = (!icmp_ln21)> <Delay = 0.00>
ST_2 : Operation 53 [1/1] (0.48ns)   --->   "%store_ln25 = store i62 %add_ln25_2, i62 %phi_mul" [mmult_baseline.cpp:25]   --->   Operation 53 'store' 'store_ln25' <Predicate = (!icmp_ln21)> <Delay = 0.48>

State 3 <SV = 2> <Delay = 7.30>
ST_3 : Operation 54 [7/8] (7.30ns)   --->   "%gmem_load_req = readreq i1 @_ssdm_op_ReadReq.m_axi.i32P1A, i32 %gmem_addr, i64 1" [mmult_baseline.cpp:24]   --->   Operation 54 'readreq' 'gmem_load_req' <Predicate = true> <Delay = 7.30> <CoreInst = "m_axi">   --->   Core 119 'm_axi' <Latency = 0> <II = 1> <Delay = 1.00> <Adapter> <Opcode : 'read' 'write' 'readreq' 'writereq' 'writeresp'>
ST_3 : Operation 55 [8/8] (7.30ns)   --->   "%gmem_load_1_req = readreq i1 @_ssdm_op_ReadReq.m_axi.i32P1A, i32 %gmem_addr_1, i64 1" [mmult_baseline.cpp:25]   --->   Operation 55 'readreq' 'gmem_load_1_req' <Predicate = true> <Delay = 7.30> <CoreInst = "m_axi">   --->   Core 119 'm_axi' <Latency = 0> <II = 1> <Delay = 1.00> <Adapter> <Opcode : 'read' 'write' 'readreq' 'writereq' 'writeresp'>

State 4 <SV = 3> <Delay = 7.30>
ST_4 : Operation 56 [6/8] (7.30ns)   --->   "%gmem_load_req = readreq i1 @_ssdm_op_ReadReq.m_axi.i32P1A, i32 %gmem_addr, i64 1" [mmult_baseline.cpp:24]   --->   Operation 56 'readreq' 'gmem_load_req' <Predicate = true> <Delay = 7.30> <CoreInst = "m_axi">   --->   Core 119 'm_axi' <Latency = 0> <II = 1> <Delay = 1.00> <Adapter> <Opcode : 'read' 'write' 'readreq' 'writereq' 'writeresp'>
ST_4 : Operation 57 [7/8] (7.30ns)   --->   "%gmem_load_1_req = readreq i1 @_ssdm_op_ReadReq.m_axi.i32P1A, i32 %gmem_addr_1, i64 1" [mmult_baseline.cpp:25]   --->   Operation 57 'readreq' 'gmem_load_1_req' <Predicate = true> <Delay = 7.30> <CoreInst = "m_axi">   --->   Core 119 'm_axi' <Latency = 0> <II = 1> <Delay = 1.00> <Adapter> <Opcode : 'read' 'write' 'readreq' 'writereq' 'writeresp'>

State 5 <SV = 4> <Delay = 7.30>
ST_5 : Operation 58 [5/8] (7.30ns)   --->   "%gmem_load_req = readreq i1 @_ssdm_op_ReadReq.m_axi.i32P1A, i32 %gmem_addr, i64 1" [mmult_baseline.cpp:24]   --->   Operation 58 'readreq' 'gmem_load_req' <Predicate = true> <Delay = 7.30> <CoreInst = "m_axi">   --->   Core 119 'm_axi' <Latency = 0> <II = 1> <Delay = 1.00> <Adapter> <Opcode : 'read' 'write' 'readreq' 'writereq' 'writeresp'>
ST_5 : Operation 59 [6/8] (7.30ns)   --->   "%gmem_load_1_req = readreq i1 @_ssdm_op_ReadReq.m_axi.i32P1A, i32 %gmem_addr_1, i64 1" [mmult_baseline.cpp:25]   --->   Operation 59 'readreq' 'gmem_load_1_req' <Predicate = true> <Delay = 7.30> <CoreInst = "m_axi">   --->   Core 119 'm_axi' <Latency = 0> <II = 1> <Delay = 1.00> <Adapter> <Opcode : 'read' 'write' 'readreq' 'writereq' 'writeresp'>

State 6 <SV = 5> <Delay = 7.30>
ST_6 : Operation 60 [4/8] (7.30ns)   --->   "%gmem_load_req = readreq i1 @_ssdm_op_ReadReq.m_axi.i32P1A, i32 %gmem_addr, i64 1" [mmult_baseline.cpp:24]   --->   Operation 60 'readreq' 'gmem_load_req' <Predicate = true> <Delay = 7.30> <CoreInst = "m_axi">   --->   Core 119 'm_axi' <Latency = 0> <II = 1> <Delay = 1.00> <Adapter> <Opcode : 'read' 'write' 'readreq' 'writereq' 'writeresp'>
ST_6 : Operation 61 [5/8] (7.30ns)   --->   "%gmem_load_1_req = readreq i1 @_ssdm_op_ReadReq.m_axi.i32P1A, i32 %gmem_addr_1, i64 1" [mmult_baseline.cpp:25]   --->   Operation 61 'readreq' 'gmem_load_1_req' <Predicate = true> <Delay = 7.30> <CoreInst = "m_axi">   --->   Core 119 'm_axi' <Latency = 0> <II = 1> <Delay = 1.00> <Adapter> <Opcode : 'read' 'write' 'readreq' 'writereq' 'writeresp'>

State 7 <SV = 6> <Delay = 7.30>
ST_7 : Operation 62 [3/8] (7.30ns)   --->   "%gmem_load_req = readreq i1 @_ssdm_op_ReadReq.m_axi.i32P1A, i32 %gmem_addr, i64 1" [mmult_baseline.cpp:24]   --->   Operation 62 'readreq' 'gmem_load_req' <Predicate = true> <Delay = 7.30> <CoreInst = "m_axi">   --->   Core 119 'm_axi' <Latency = 0> <II = 1> <Delay = 1.00> <Adapter> <Opcode : 'read' 'write' 'readreq' 'writereq' 'writeresp'>
ST_7 : Operation 63 [4/8] (7.30ns)   --->   "%gmem_load_1_req = readreq i1 @_ssdm_op_ReadReq.m_axi.i32P1A, i32 %gmem_addr_1, i64 1" [mmult_baseline.cpp:25]   --->   Operation 63 'readreq' 'gmem_load_1_req' <Predicate = true> <Delay = 7.30> <CoreInst = "m_axi">   --->   Core 119 'm_axi' <Latency = 0> <II = 1> <Delay = 1.00> <Adapter> <Opcode : 'read' 'write' 'readreq' 'writereq' 'writeresp'>

State 8 <SV = 7> <Delay = 7.30>
ST_8 : Operation 64 [2/8] (7.30ns)   --->   "%gmem_load_req = readreq i1 @_ssdm_op_ReadReq.m_axi.i32P1A, i32 %gmem_addr, i64 1" [mmult_baseline.cpp:24]   --->   Operation 64 'readreq' 'gmem_load_req' <Predicate = true> <Delay = 7.30> <CoreInst = "m_axi">   --->   Core 119 'm_axi' <Latency = 0> <II = 1> <Delay = 1.00> <Adapter> <Opcode : 'read' 'write' 'readreq' 'writereq' 'writeresp'>
ST_8 : Operation 65 [3/8] (7.30ns)   --->   "%gmem_load_1_req = readreq i1 @_ssdm_op_ReadReq.m_axi.i32P1A, i32 %gmem_addr_1, i64 1" [mmult_baseline.cpp:25]   --->   Operation 65 'readreq' 'gmem_load_1_req' <Predicate = true> <Delay = 7.30> <CoreInst = "m_axi">   --->   Core 119 'm_axi' <Latency = 0> <II = 1> <Delay = 1.00> <Adapter> <Opcode : 'read' 'write' 'readreq' 'writereq' 'writeresp'>

State 9 <SV = 8> <Delay = 7.30>
ST_9 : Operation 66 [1/8] (7.30ns)   --->   "%gmem_load_req = readreq i1 @_ssdm_op_ReadReq.m_axi.i32P1A, i32 %gmem_addr, i64 1" [mmult_baseline.cpp:24]   --->   Operation 66 'readreq' 'gmem_load_req' <Predicate = true> <Delay = 7.30> <CoreInst = "m_axi">   --->   Core 119 'm_axi' <Latency = 0> <II = 1> <Delay = 1.00> <Adapter> <Opcode : 'read' 'write' 'readreq' 'writereq' 'writeresp'>
ST_9 : Operation 67 [2/8] (7.30ns)   --->   "%gmem_load_1_req = readreq i1 @_ssdm_op_ReadReq.m_axi.i32P1A, i32 %gmem_addr_1, i64 1" [mmult_baseline.cpp:25]   --->   Operation 67 'readreq' 'gmem_load_1_req' <Predicate = true> <Delay = 7.30> <CoreInst = "m_axi">   --->   Core 119 'm_axi' <Latency = 0> <II = 1> <Delay = 1.00> <Adapter> <Opcode : 'read' 'write' 'readreq' 'writereq' 'writeresp'>

State 10 <SV = 9> <Delay = 7.30>
ST_10 : Operation 68 [1/1] (7.30ns)   --->   "%gmem_addr_read = read i32 @_ssdm_op_Read.m_axi.i32P1A, i32 %gmem_addr" [mmult_baseline.cpp:24]   --->   Operation 68 'read' 'gmem_addr_read' <Predicate = true> <Delay = 7.30> <CoreInst = "m_axi">   --->   Core 119 'm_axi' <Latency = 0> <II = 1> <Delay = 1.00> <Adapter> <Opcode : 'read' 'write' 'readreq' 'writereq' 'writeresp'>
ST_10 : Operation 69 [1/1] (0.00ns)   --->   "%a = trunc i32 %gmem_addr_read" [mmult_baseline.cpp:24]   --->   Operation 69 'trunc' 'a' <Predicate = true> <Delay = 0.00>
ST_10 : Operation 70 [1/8] (7.30ns)   --->   "%gmem_load_1_req = readreq i1 @_ssdm_op_ReadReq.m_axi.i32P1A, i32 %gmem_addr_1, i64 1" [mmult_baseline.cpp:25]   --->   Operation 70 'readreq' 'gmem_load_1_req' <Predicate = true> <Delay = 7.30> <CoreInst = "m_axi">   --->   Core 119 'm_axi' <Latency = 0> <II = 1> <Delay = 1.00> <Adapter> <Opcode : 'read' 'write' 'readreq' 'writereq' 'writeresp'>

State 11 <SV = 10> <Delay = 7.30>
ST_11 : Operation 71 [1/1] (7.30ns)   --->   "%gmem_addr_1_read = read i32 @_ssdm_op_Read.m_axi.i32P1A, i32 %gmem_addr_1" [mmult_baseline.cpp:25]   --->   Operation 71 'read' 'gmem_addr_1_read' <Predicate = true> <Delay = 7.30> <CoreInst = "m_axi">   --->   Core 119 'm_axi' <Latency = 0> <II = 1> <Delay = 1.00> <Adapter> <Opcode : 'read' 'write' 'readreq' 'writereq' 'writeresp'>
ST_11 : Operation 72 [1/1] (0.00ns)   --->   "%b = trunc i32 %gmem_addr_1_read" [mmult_baseline.cpp:25]   --->   Operation 72 'trunc' 'b' <Predicate = true> <Delay = 0.00>

State 12 <SV = 11> <Delay = 1.08>
ST_12 : Operation 73 [1/1] (0.00ns)   --->   "%sext_ln26 = sext i16 %a" [mmult_baseline.cpp:26]   --->   Operation 73 'sext' 'sext_ln26' <Predicate = true> <Delay = 0.00>
ST_12 : Operation 74 [1/1] (0.00ns)   --->   "%sext_ln26_1 = sext i16 %b" [mmult_baseline.cpp:26]   --->   Operation 74 'sext' 'sext_ln26_1' <Predicate = true> <Delay = 0.00>
ST_12 : Operation 75 [3/3] (1.08ns) (grouped into DSP with root node sum_1)   --->   "%mul_ln26 = mul i32 %sext_ln26_1, i32 %sext_ln26" [mmult_baseline.cpp:26]   --->   Operation 75 'mul' 'mul_ln26' <Predicate = true> <Delay = 1.08> <CoreInst = "DSP48">   --->   Core 124 'DSP48' <Latency = 3> <II = 1> <Delay = 0.69> <IPBlock> <Opcode : '' 'add' 'sub' 'mul' 'select'> <InPorts = 0> <OutPorts = 1> <Sync> <CReg>

State 13 <SV = 12> <Delay = 1.08>
ST_13 : Operation 76 [2/3] (1.08ns) (grouped into DSP with root node sum_1)   --->   "%mul_ln26 = mul i32 %sext_ln26_1, i32 %sext_ln26" [mmult_baseline.cpp:26]   --->   Operation 76 'mul' 'mul_ln26' <Predicate = true> <Delay = 1.08> <CoreInst = "DSP48">   --->   Core 124 'DSP48' <Latency = 3> <II = 1> <Delay = 0.69> <IPBlock> <Opcode : '' 'add' 'sub' 'mul' 'select'> <InPorts = 0> <OutPorts = 1> <Sync> <CReg>
ST_13 : Operation 86 [1/1] (0.00ns)   --->   "%sum_load_1 = load i32 %sum"   --->   Operation 86 'load' 'sum_load_1' <Predicate = (icmp_ln21)> <Delay = 0.00>
ST_13 : Operation 87 [1/1] (0.00ns)   --->   "%write_ln0 = write void @_ssdm_op_Write.ap_auto.i32P0A, i32 %sum_out, i32 %sum_load_1"   --->   Operation 87 'write' 'write_ln0' <Predicate = (icmp_ln21)> <Delay = 0.00>
ST_13 : Operation 88 [1/1] (0.48ns)   --->   "%ret_ln0 = ret"   --->   Operation 88 'ret' 'ret_ln0' <Predicate = (icmp_ln21)> <Delay = 0.48>

State 14 <SV = 13> <Delay = 0.83>
ST_14 : Operation 77 [1/1] (0.00ns)   --->   "%sum_load = load i32 %sum" [mmult_baseline.cpp:26]   --->   Operation 77 'load' 'sum_load' <Predicate = true> <Delay = 0.00>
ST_14 : Operation 78 [1/3] (0.00ns) (grouped into DSP with root node sum_1)   --->   "%mul_ln26 = mul i32 %sext_ln26_1, i32 %sext_ln26" [mmult_baseline.cpp:26]   --->   Operation 78 'mul' 'mul_ln26' <Predicate = true> <Delay = 0.00> <CoreInst = "DSP48">   --->   Core 124 'DSP48' <Latency = 3> <II = 1> <Delay = 0.69> <IPBlock> <Opcode : '' 'add' 'sub' 'mul' 'select'> <InPorts = 0> <OutPorts = 1> <Sync> <CReg>
ST_14 : Operation 79 [2/2] (0.83ns) (root node of the DSP)   --->   "%sum_1 = add i32 %mul_ln26, i32 %sum_load" [mmult_baseline.cpp:26]   --->   Operation 79 'add' 'sum_1' <Predicate = true> <Delay = 0.83> <CoreInst = "DSP48">   --->   Core 124 'DSP48' <Latency = 3> <II = 1> <Delay = 0.69> <IPBlock> <Opcode : '' 'add' 'sub' 'mul' 'select'> <InPorts = 0> <OutPorts = 1> <Sync> <CReg>

State 15 <SV = 14> <Delay = 1.32>
ST_15 : Operation 80 [1/1] (0.00ns)   --->   "%specpipeline_ln23 = specpipeline void @_ssdm_op_SpecPipeline, i32 1, i32 0, i32 0, i32 0, void @empty_0" [mmult_baseline.cpp:23]   --->   Operation 80 'specpipeline' 'specpipeline_ln23' <Predicate = true> <Delay = 0.00>
ST_15 : Operation 81 [1/1] (0.00ns)   --->   "%speclooptripcount_ln22 = speclooptripcount void @_ssdm_op_SpecLoopTripCount, i64 128, i64 128, i64 128" [mmult_baseline.cpp:22]   --->   Operation 81 'speclooptripcount' 'speclooptripcount_ln22' <Predicate = true> <Delay = 0.00>
ST_15 : Operation 82 [1/1] (0.00ns)   --->   "%specloopname_ln21 = specloopname void @_ssdm_op_SpecLoopName, void @empty_13" [mmult_baseline.cpp:21]   --->   Operation 82 'specloopname' 'specloopname_ln21' <Predicate = true> <Delay = 0.00>
ST_15 : Operation 83 [1/2] (0.83ns) (root node of the DSP)   --->   "%sum_1 = add i32 %mul_ln26, i32 %sum_load" [mmult_baseline.cpp:26]   --->   Operation 83 'add' 'sum_1' <Predicate = true> <Delay = 0.83> <CoreInst = "DSP48">   --->   Core 124 'DSP48' <Latency = 3> <II = 1> <Delay = 0.69> <IPBlock> <Opcode : '' 'add' 'sub' 'mul' 'select'> <InPorts = 0> <OutPorts = 1> <Sync> <CReg>
ST_15 : Operation 84 [1/1] (0.48ns)   --->   "%store_ln20 = store i32 %sum_1, i32 %sum" [mmult_baseline.cpp:20]   --->   Operation 84 'store' 'store_ln20' <Predicate = true> <Delay = 0.48>
ST_15 : Operation 85 [1/1] (0.00ns)   --->   "%br_ln21 = br void %for.inc" [mmult_baseline.cpp:21]   --->   Operation 85 'br' 'br_ln21' <Predicate = true> <Delay = 0.00>


============================================================
+ Verbose Summary: Timing violations
============================================================
Target clock period: 10.000ns, clock uncertainty: 2.700ns.

 <State 1>: 2.181ns
The critical path consists of the following:
	'store' operation 0 bit ('store_ln21', mmult_baseline.cpp:21) of constant 0 on local variable 'k', mmult_baseline.cpp:21 [20]  (0.489 ns)
	'load' operation 32 bit ('k', mmult_baseline.cpp:21) on local variable 'k', mmult_baseline.cpp:21 [25]  (0.000 ns)
	'icmp' operation 1 bit ('icmp_ln21', mmult_baseline.cpp:21) [27]  (1.203 ns)
	'store' operation 0 bit ('store_ln21', mmult_baseline.cpp:21) of variable 'add_ln21', mmult_baseline.cpp:21 on local variable 'k', mmult_baseline.cpp:21 [57]  (0.489 ns)

 <State 2>: 7.300ns
The critical path consists of the following:
	bus request operation ('gmem_load_req', mmult_baseline.cpp:24) on port 'gmem' (mmult_baseline.cpp:24) [40]  (7.300 ns)

 <State 3>: 7.300ns
The critical path consists of the following:
	bus request operation ('gmem_load_req', mmult_baseline.cpp:24) on port 'gmem' (mmult_baseline.cpp:24) [40]  (7.300 ns)

 <State 4>: 7.300ns
The critical path consists of the following:
	bus request operation ('gmem_load_req', mmult_baseline.cpp:24) on port 'gmem' (mmult_baseline.cpp:24) [40]  (7.300 ns)

 <State 5>: 7.300ns
The critical path consists of the following:
	bus request operation ('gmem_load_req', mmult_baseline.cpp:24) on port 'gmem' (mmult_baseline.cpp:24) [40]  (7.300 ns)

 <State 6>: 7.300ns
The critical path consists of the following:
	bus request operation ('gmem_load_req', mmult_baseline.cpp:24) on port 'gmem' (mmult_baseline.cpp:24) [40]  (7.300 ns)

 <State 7>: 7.300ns
The critical path consists of the following:
	bus request operation ('gmem_load_req', mmult_baseline.cpp:24) on port 'gmem' (mmult_baseline.cpp:24) [40]  (7.300 ns)

 <State 8>: 7.300ns
The critical path consists of the following:
	bus request operation ('gmem_load_req', mmult_baseline.cpp:24) on port 'gmem' (mmult_baseline.cpp:24) [40]  (7.300 ns)

 <State 9>: 7.300ns
The critical path consists of the following:
	bus request operation ('gmem_load_req', mmult_baseline.cpp:24) on port 'gmem' (mmult_baseline.cpp:24) [40]  (7.300 ns)

 <State 10>: 7.300ns
The critical path consists of the following:
	bus read operation ('gmem_addr_read', mmult_baseline.cpp:24) on port 'gmem' (mmult_baseline.cpp:24) [41]  (7.300 ns)

 <State 11>: 7.300ns
The critical path consists of the following:
	bus read operation ('gmem_addr_1_read', mmult_baseline.cpp:25) on port 'gmem' (mmult_baseline.cpp:25) [51]  (7.300 ns)

 <State 12>: 1.088ns
The critical path consists of the following:
	'mul' operation 32 bit of DSP[56] ('mul_ln26', mmult_baseline.cpp:26) [55]  (1.088 ns)

 <State 13>: 1.088ns
The critical path consists of the following:
	'mul' operation 32 bit of DSP[56] ('mul_ln26', mmult_baseline.cpp:26) [55]  (1.088 ns)

 <State 14>: 0.831ns
The critical path consists of the following:
	'load' operation 32 bit ('sum_load', mmult_baseline.cpp:26) on local variable 'sum', mmult_baseline.cpp:20 [32]  (0.000 ns)
	'add' operation 32 bit of DSP[56] ('sum', mmult_baseline.cpp:26) [56]  (0.831 ns)

 <State 15>: 1.320ns
The critical path consists of the following:
	'add' operation 32 bit of DSP[56] ('sum', mmult_baseline.cpp:26) [56]  (0.831 ns)
	'store' operation 0 bit ('store_ln20', mmult_baseline.cpp:20) of variable 'sum', mmult_baseline.cpp:26 on local variable 'sum', mmult_baseline.cpp:20 [58]  (0.489 ns)


============================================================
+ Verbose Summary: Binding
============================================================
N/A
* FSMD analyzer results:
  - Output states:
 - Input state : 
  - Chain level:
	State 1
	State 2
	State 3
	State 4
	State 5
	State 6
	State 7
	State 8
	State 9
	State 10
	State 11
	State 12
	State 13
	State 14
	State 15


============================================================
+ Verbose Summary: Datapath Resource usage 
============================================================
N/A
