

================================================================
== Vitis HLS Report for 'mmult_hw_Pipeline_loop3'
================================================================
* Date:           Sun Feb 22 01:18:43 2026

* Version:        2024.1 (Build 5069499 on May 21 2024)
* Project:        matmul_D10_AXISep_Data_Type
* Solution:       hls (Vivado IP Flow Target)
* Product family: zynquplus
* Target device:  xczu3eg-sbva484-1-e


================================================================
== Performance Estimates
================================================================
+ Timing: 
    * Summary: 
    +--------+----------+----------+------------+
    |  Clock |  Target  | Estimated| Uncertainty|
    +--------+----------+----------+------------+
    |ap_clk  |  10.00 ns|  7.300 ns|     2.70 ns|
    +--------+----------+----------+------------+

+ Latency: 
    * Summary: 
    +---------+---------+----------+----------+-----+-----+-----------------------------------------------+
    |  Latency (cycles) |  Latency (absolute) |  Interval |                    Pipeline                   |
    |   min   |   max   |    min   |    max   | min | max |                      Type                     |
    +---------+---------+----------+----------+-----+-----+-----------------------------------------------+
    |      270|      270|  2.700 us|  2.700 us|  258|  258|  loop auto-rewind stp(delay=0 clock cycles(s))|
    +---------+---------+----------+----------+-----+-----+-----------------------------------------------+

    + Detail: 
        * Instance: 
        N/A

        * Loop: 
        +----------+---------+---------+----------+-----------+-----------+------+----------+
        |          |  Latency (cycles) | Iteration|  Initiation Interval  | Trip |          |
        | Loop Name|   min   |   max   |  Latency |  achieved |   target  | Count| Pipelined|
        +----------+---------+---------+----------+-----------+-----------+------+----------+
        |- loop3   |      268|      268|        15|          2|          1|   128|       yes|
        +----------+---------+---------+----------+-----------+-----------+------+----------+



================================================================
== Utilization Estimates
================================================================
* Summary: 
+-----------------+---------+-----+--------+-------+-----+
|       Name      | BRAM_18K| DSP |   FF   |  LUT  | URAM|
+-----------------+---------+-----+--------+-------+-----+
|DSP              |        -|    1|       -|      -|    -|
|Expression       |        -|    -|       0|    367|    -|
|FIFO             |        -|    -|       -|      -|    -|
|Instance         |        -|    -|       -|      -|    -|
|Memory           |        -|    -|       -|      -|    -|
|Multiplexer      |        -|    -|       0|    172|    -|
|Register         |        -|    -|     462|     32|    -|
+-----------------+---------+-----+--------+-------+-----+
|Total            |        0|    1|     462|    571|    0|
+-----------------+---------+-----+--------+-------+-----+
|Available        |      432|  360|  141120|  70560|    0|
+-----------------+---------+-----+--------+-------+-----+
|Utilization (%)  |        0|   ~0|      ~0|     ~0|    0|
+-----------------+---------+-----+--------+-------+-----+

+ Detail: 
    * Instance: 
    N/A

    * DSP: 
    +-----------------------------------+--------------------------------+--------------+
    |              Instance             |             Module             |  Expression  |
    +-----------------------------------+--------------------------------+--------------+
    |mac_muladd_16s_16s_32ns_32_4_1_U1  |mac_muladd_16s_16s_32ns_32_4_1  |  i0 * i1 + i2|
    +-----------------------------------+--------------------------------+--------------+

    * Memory: 
    N/A

    * FIFO: 
    N/A

    * Expression: 
    +---------------------------+----------+----+---+----+------------+------------+
    |       Variable Name       | Operation| DSP| FF| LUT| Bitwidth P0| Bitwidth P1|
    +---------------------------+----------+----+---+----+------------+------------+
    |add_ln21_fu_181_p2         |         +|   0|  0|  39|          32|           1|
    |add_ln24_fu_191_p2         |         +|   0|  0|  70|          63|          63|
    |add_ln25_1_fu_233_p2       |         +|   0|  0|  71|          64|          64|
    |add_ln25_2_fu_215_p2       |         +|   0|  0|  69|          62|          62|
    |add_ln25_fu_220_p2         |         +|   0|  0|  69|          62|          62|
    |ap_block_pp0_stage0_01001  |       and|   0|  0|   2|           1|           1|
    |ap_block_state2_io         |       and|   0|  0|   2|           1|           1|
    |icmp_ln21_fu_175_p2        |      icmp|   0|  0|  39|          32|          32|
    |ap_block_pp0_stage0_11001  |        or|   0|  0|   2|           1|           1|
    |ap_block_pp0_stage1_11001  |        or|   0|  0|   2|           1|           1|
    |ap_enable_pp0              |       xor|   0|  0|   2|           1|           2|
    +---------------------------+----------+----+---+----+------------+------------+
    |Total                      |          |   0|  0| 367|         320|         290|
    +---------------------------+----------+----+---+----+------------+------------+

    * Multiplexer: 
    +----------------------------------+----+-----------+-----+-----------+
    |               Name               | LUT| Input Size| Bits| Total Bits|
    +----------------------------------+----+-----------+-----+-----------+
    |ap_NS_fsm                         |  14|          3|    1|          3|
    |ap_done_int                       |   9|          2|    1|          2|
    |ap_enable_reg_pp0_iter0           |   9|          2|    1|          2|
    |ap_enable_reg_pp0_iter1           |   9|          2|    1|          2|
    |ap_enable_reg_pp0_iter7           |   9|          2|    1|          2|
    |ap_loop_exit_ready_pp0_iter1_reg  |   9|          2|    1|          2|
    |ap_loop_exit_ready_pp0_iter2_reg  |   9|          2|    1|          2|
    |ap_loop_exit_ready_pp0_iter3_reg  |   9|          2|    1|          2|
    |ap_loop_exit_ready_pp0_iter4_reg  |   9|          2|    1|          2|
    |ap_loop_exit_ready_pp0_iter5_reg  |   9|          2|    1|          2|
    |ap_loop_exit_ready_pp0_iter6_reg  |   9|          2|    1|          2|
    |ap_sig_allocacmp_k_1              |   9|          2|   32|         64|
    |gmem_blk_n_AR                     |   9|          2|    1|          2|
    |gmem_blk_n_R                      |   9|          2|    1|          2|
    |k_fu_80                           |   9|          2|   32|         64|
    |m_axi_gmem_ARADDR                 |  14|          3|   64|        192|
    |phi_mul_fu_72                     |   9|          2|   62|        124|
    |sum_fu_76                         |   9|          2|   32|         64|
    +----------------------------------+----+-----------+-----+-----------+
    |Total                             | 172|         38|  235|        535|
    +----------------------------------+----+-----------+-----+-----------+

    * Register: 
    +----------------------------------+----+----+-----+-----------+
    |               Name               | FF | LUT| Bits| Const Bits|
    +----------------------------------+----+----+-----+-----------+
    |a_reg_350                         |  16|   0|   16|          0|
    |ap_CS_fsm                         |   2|   0|    2|          0|
    |ap_done_reg                       |   1|   0|    1|          0|
    |ap_enable_reg_pp0_iter0_reg       |   1|   0|    1|          0|
    |ap_enable_reg_pp0_iter1           |   1|   0|    1|          0|
    |ap_enable_reg_pp0_iter2           |   1|   0|    1|          0|
    |ap_enable_reg_pp0_iter3           |   1|   0|    1|          0|
    |ap_enable_reg_pp0_iter4           |   1|   0|    1|          0|
    |ap_enable_reg_pp0_iter5           |   1|   0|    1|          0|
    |ap_enable_reg_pp0_iter6           |   1|   0|    1|          0|
    |ap_enable_reg_pp0_iter7           |   1|   0|    1|          0|
    |ap_loop_exit_ready_pp0_iter1_reg  |   1|   0|    1|          0|
    |ap_loop_exit_ready_pp0_iter2_reg  |   1|   0|    1|          0|
    |ap_loop_exit_ready_pp0_iter3_reg  |   1|   0|    1|          0|
    |ap_loop_exit_ready_pp0_iter4_reg  |   1|   0|    1|          0|
    |ap_loop_exit_ready_pp0_iter5_reg  |   1|   0|    1|          0|
    |ap_loop_exit_ready_pp0_iter6_reg  |   1|   0|    1|          0|
    |b_reg_355                         |  16|   0|   16|          0|
    |dim_cast2_cast_reg_329            |  62|   0|   62|          0|
    |gmem_addr_1_reg_344               |  64|   0|   64|          0|
    |gmem_addr_reg_338                 |  64|   0|   64|          0|
    |icmp_ln21_reg_334                 |   1|   0|    1|          0|
    |k_fu_80                           |  32|   0|   32|          0|
    |phi_mul_fu_72                     |  62|   0|   62|          0|
    |sum_fu_76                         |  32|   0|   32|          0|
    |zext_ln18_cast_reg_324            |  32|   0|   62|         30|
    |icmp_ln21_reg_334                 |  64|  32|    1|          0|
    +----------------------------------+----+----+-----+-----------+
    |Total                             | 462|  32|  429|         30|
    +----------------------------------+----+----+-----+-----------+



================================================================
== Interface
================================================================
* Summary: 
+---------------------+-----+-----+------------+-------------------------+--------------+
|      RTL Ports      | Dir | Bits|  Protocol  |      Source Object      |    C Type    |
+---------------------+-----+-----+------------+-------------------------+--------------+
|ap_clk               |   in|    1|  ap_ctrl_hs|  mmult_hw_Pipeline_loop3|  return value|
|ap_rst               |   in|    1|  ap_ctrl_hs|  mmult_hw_Pipeline_loop3|  return value|
|ap_start             |   in|    1|  ap_ctrl_hs|  mmult_hw_Pipeline_loop3|  return value|
|ap_done              |  out|    1|  ap_ctrl_hs|  mmult_hw_Pipeline_loop3|  return value|
|ap_idle              |  out|    1|  ap_ctrl_hs|  mmult_hw_Pipeline_loop3|  return value|
|ap_ready             |  out|    1|  ap_ctrl_hs|  mmult_hw_Pipeline_loop3|  return value|
|m_axi_gmem_AWVALID   |  out|    1|       m_axi|                     gmem|       pointer|
|m_axi_gmem_AWREADY   |   in|    1|       m_axi|                     gmem|       pointer|
|m_axi_gmem_AWADDR    |  out|   64|       m_axi|                     gmem|       pointer|
|m_axi_gmem_AWID      |  out|    1|       m_axi|                     gmem|       pointer|
|m_axi_gmem_AWLEN     |  out|   32|       m_axi|                     gmem|       pointer|
|m_axi_gmem_AWSIZE    |  out|    3|       m_axi|                     gmem|       pointer|
|m_axi_gmem_AWBURST   |  out|    2|       m_axi|                     gmem|       pointer|
|m_axi_gmem_AWLOCK    |  out|    2|       m_axi|                     gmem|       pointer|
|m_axi_gmem_AWCACHE   |  out|    4|       m_axi|                     gmem|       pointer|
|m_axi_gmem_AWPROT    |  out|    3|       m_axi|                     gmem|       pointer|
|m_axi_gmem_AWQOS     |  out|    4|       m_axi|                     gmem|       pointer|
|m_axi_gmem_AWREGION  |  out|    4|       m_axi|                     gmem|       pointer|
|m_axi_gmem_AWUSER    |  out|    1|       m_axi|                     gmem|       pointer|
|m_axi_gmem_WVALID    |  out|    1|       m_axi|                     gmem|       pointer|
|m_axi_gmem_WREADY    |   in|    1|       m_axi|                     gmem|       pointer|
|m_axi_gmem_WDATA     |  out|   32|       m_axi|                     gmem|       pointer|
|m_axi_gmem_WSTRB     |  out|    4|       m_axi|                     gmem|       pointer|
|m_axi_gmem_WLAST     |  out|    1|       m_axi|                     gmem|       pointer|
|m_axi_gmem_WID       |  out|    1|       m_axi|                     gmem|       pointer|
|m_axi_gmem_WUSER     |  out|    1|       m_axi|                     gmem|       pointer|
|m_axi_gmem_ARVALID   |  out|    1|       m_axi|                     gmem|       pointer|
|m_axi_gmem_ARREADY   |   in|    1|       m_axi|                     gmem|       pointer|
|m_axi_gmem_ARADDR    |  out|   64|       m_axi|                     gmem|       pointer|
|m_axi_gmem_ARID      |  out|    1|       m_axi|                     gmem|       pointer|
|m_axi_gmem_ARLEN     |  out|   32|       m_axi|                     gmem|       pointer|
|m_axi_gmem_ARSIZE    |  out|    3|       m_axi|                     gmem|       pointer|
|m_axi_gmem_ARBURST   |  out|    2|       m_axi|                     gmem|       pointer|
|m_axi_gmem_ARLOCK    |  out|    2|       m_axi|                     gmem|       pointer|
|m_axi_gmem_ARCACHE   |  out|    4|       m_axi|                     gmem|       pointer|
|m_axi_gmem_ARPROT    |  out|    3|       m_axi|                     gmem|       pointer|
|m_axi_gmem_ARQOS     |  out|    4|       m_axi|                     gmem|       pointer|
|m_axi_gmem_ARREGION  |  out|    4|       m_axi|                     gmem|       pointer|
|m_axi_gmem_ARUSER    |  out|    1|       m_axi|                     gmem|       pointer|
|m_axi_gmem_RVALID    |   in|    1|       m_axi|                     gmem|       pointer|
|m_axi_gmem_RREADY    |  out|    1|       m_axi|                     gmem|       pointer|
|m_axi_gmem_RDATA     |   in|   32|       m_axi|                     gmem|       pointer|
|m_axi_gmem_RLAST     |   in|    1|       m_axi|                     gmem|       pointer|
|m_axi_gmem_RID       |   in|    1|       m_axi|                     gmem|       pointer|
|m_axi_gmem_RFIFONUM  |   in|    9|       m_axi|                     gmem|       pointer|
|m_axi_gmem_RUSER     |   in|    1|       m_axi|                     gmem|       pointer|
|m_axi_gmem_RRESP     |   in|    2|       m_axi|                     gmem|       pointer|
|m_axi_gmem_BVALID    |   in|    1|       m_axi|                     gmem|       pointer|
|m_axi_gmem_BREADY    |  out|    1|       m_axi|                     gmem|       pointer|
|m_axi_gmem_BRESP     |   in|    2|       m_axi|                     gmem|       pointer|
|m_axi_gmem_BID       |   in|    1|       m_axi|                     gmem|       pointer|
|m_axi_gmem_BUSER     |   in|    1|       m_axi|                     gmem|       pointer|
|dim                  |   in|   32|     ap_none|                      dim|        scalar|
|sext_ln18            |   in|   62|     ap_none|                sext_ln18|        scalar|
|dim_cast2            |   in|   32|     ap_none|                dim_cast2|        scalar|
|zext_ln18            |   in|   32|     ap_none|                zext_ln18|        scalar|
|in2                  |   in|   64|     ap_none|                      in2|        scalar|
|sum_out              |  out|   32|      ap_vld|                  sum_out|       pointer|
|sum_out_ap_vld       |  out|    1|      ap_vld|                  sum_out|       pointer|
+---------------------+-----+-----+------------+-------------------------+--------------+

============================================================
+ Verbose Summary: Synthesis Manager
============================================================
InlineROM: 1
ExposeGlobal: 0
============================================================
+ Verbose Summary: CDFG Model
============================================================
IsTopModel: 0
ResetActiveHigh: 1
IsCombinational: 2
IsDatapathOnly: 2
HasWiredReturn: 1
HasMFsm: 2
HasVarLatency: 1
IsPipeline: 0
IsRtlPipelined: 0
IsInstanceOverlapped: 0
IsDontTouch: 0
HasImplIP: 0
IsGatedGlobalClock: 0

+ Individual pipeline summary: 
  * Pipeline-0: initiation interval (II) = 2, depth = 15


============================================================
+ Verbose Summary: Schedule
============================================================
* Number of FSM states : 15
* Pipeline : 1
  Pipeline-0 : II = 2, D = 15, States = { 1 2 3 4 5 6 7 8 9 10 11 12 13 14 15 }
* Dataflow Pipeline: 0

* FSM state transitions: 
1 --> 2 
2 --> 3 
3 --> 4 
4 --> 5 
5 --> 6 
6 --> 7 
7 --> 8 
8 --> 9 
9 --> 10 
10 --> 11 
11 --> 12 
12 --> 13 
13 --> 14 
14 --> 15 
15 --> 

* FSM state operations: 

State 1 <SV = 0> <Delay = 2.18>
ST_1 : Operation 18 [1/1] (0.00ns)   --->   "%phi_mul = alloca i32 1"   --->   Operation 18 'alloca' 'phi_mul' <Predicate = true> <Delay = 0.00>
ST_1 : Operation 19 [1/1] (0.00ns)   --->   "%sum = alloca i32 1" [mmult_baseline.cpp:20]   --->   Operation 19 'alloca' 'sum' <Predicate = true> <Delay = 0.00>
ST_1 : Operation 20 [1/1] (0.00ns)   --->   "%k = alloca i32 1" [mmult_baseline.cpp:21]   --->   Operation 20 'alloca' 'k' <Predicate = true> <Delay = 0.00>
ST_1 : Operation 21 [1/1] (0.00ns)   --->   "%in2_read = read i64 @_ssdm_op_Read.ap_auto.i64, i64 %in2"   --->   Operation 21 'read' 'in2_read' <Predicate = true> <Delay = 0.00>
ST_1 : Operation 22 [1/1] (0.00ns)   --->   "%zext_ln18_read = read i32 @_ssdm_op_Read.ap_auto.i32, i32 %zext_ln18"   --->   Operation 22 'read' 'zext_ln18_read' <Predicate = true> <Delay = 0.00>
ST_1 : Operation 23 [1/1] (0.00ns)   --->   "%dim_cast2_read = read i32 @_ssdm_op_Read.ap_auto.i32, i32 %dim_cast2"   --->   Operation 23 'read' 'dim_cast2_read' <Predicate = true> <Delay = 0.00>
ST_1 : Operation 24 [1/1] (0.00ns)   --->   "%sext_ln18_read = read i62 @_ssdm_op_Read.ap_auto.i62, i62 %sext_ln18"   --->   Operation 24 'read' 'sext_ln18_read' <Predicate = true> <Delay = 0.00>
ST_1 : Operation 25 [1/1] (0.00ns)   --->   "%dim_read = read i32 @_ssdm_op_Read.ap_auto.i32, i32 %dim"   --->   Operation 25 'read' 'dim_read' <Predicate = true> <Delay = 0.00>
ST_1 : Operation 26 [1/1] (0.00ns)   --->   "%zext_ln18_cast = zext i32 %zext_ln18_read"   --->   Operation 26 'zext' 'zext_ln18_cast' <Predicate = true> <Delay = 0.00>
ST_1 : Operation 27 [1/1] (0.00ns)   --->   "%dim_cast2_cast = sext i32 %dim_cast2_read"   --->   Operation 27 'sext' 'dim_cast2_cast' <Predicate = true> <Delay = 0.00>
ST_1 : Operation 28 [1/1] (0.00ns)   --->   "%sext_ln18_cast = sext i62 %sext_ln18_read"   --->   Operation 28 'sext' 'sext_ln18_cast' <Predicate = true> <Delay = 0.00>
ST_1 : Operation 29 [1/1] (0.00ns)   --->   "%specinterface_ln0 = specinterface void @_ssdm_op_SpecInterface, i32 %gmem, void @empty, i32 0, i32 0, void @empty_0, i32 0, i32 16384, void @empty_1, void @empty_2, void @empty_0, i32 16, i32 16, i32 16, i32 16, void @empty_0, void @empty_0, i32 4294967295, i32 0, i32 0"   --->   Operation 29 'specinterface' 'specinterface_ln0' <Predicate = true> <Delay = 0.00>
ST_1 : Operation 30 [1/1] (0.48ns)   --->   "%store_ln21 = store i32 0, i32 %k" [mmult_baseline.cpp:21]   --->   Operation 30 'store' 'store_ln21' <Predicate = true> <Delay = 0.48>
ST_1 : Operation 31 [1/1] (0.48ns)   --->   "%store_ln20 = store i32 0, i32 %sum" [mmult_baseline.cpp:20]   --->   Operation 31 'store' 'store_ln20' <Predicate = true> <Delay = 0.48>
ST_1 : Operation 32 [1/1] (0.48ns)   --->   "%store_ln0 = store i62 0, i62 %phi_mul"   --->   Operation 32 'store' 'store_ln0' <Predicate = true> <Delay = 0.48>
ST_1 : Operation 33 [1/1] (0.00ns)   --->   "%br_ln0 = br void %for.inc"   --->   Operation 33 'br' 'br_ln0' <Predicate = true> <Delay = 0.00>
ST_1 : Operation 34 [1/1] (0.00ns)   --->   "%k_1 = load i32 %k" [mmult_baseline.cpp:21]   --->   Operation 34 'load' 'k_1' <Predicate = true> <Delay = 0.00>
ST_1 : Operation 35 [1/1] (0.00ns)   --->   "%specbitsmap_ln0 = specbitsmap void @_ssdm_op_SpecBitsMap, i32 %gmem"   --->   Operation 35 'specbitsmap' 'specbitsmap_ln0' <Predicate = true> <Delay = 0.00>
ST_1 : Operation 36 [1/1] (1.20ns)   --->   "%icmp_ln21 = icmp_eq  i32 %k_1, i32 %dim_read" [mmult_baseline.cpp:21]   --->   Operation 36 'icmp' 'icmp_ln21' <Predicate = true> <Delay = 1.20> <CoreInst = "Cmp">   --->   Core 9 'Cmp' <Latency = 0> <II = 1> <Delay = 1.20> <FuncUnit> <Opcode : 'seteq' 'setne' 'setle' 'setge' 'setlt' 'setgt'> <InPorts = 2> <OutPorts = 1>
ST_1 : Operation 37 [1/1] (1.20ns)   --->   "%add_ln21 = add i32 %k_1, i32 1" [mmult_baseline.cpp:21]   --->   Operation 37 'add' 'add_ln21' <Predicate = true> <Delay = 1.20> <CoreInst = "Adder">   --->   Core 1 'Adder' <Latency = 0> <II = 1> <Delay = 1.20> <FuncUnit> <Opcode : 'add' 'sub'> <InPorts = 2> <OutPorts = 1>
ST_1 : Operation 38 [1/1] (0.00ns)   --->   "%br_ln21 = br i1 %icmp_ln21, void %for.inc.split, void %for.inc18.exitStub" [mmult_baseline.cpp:21]   --->   Operation 38 'br' 'br_ln21' <Predicate = true> <Delay = 0.00>
ST_1 : Operation 39 [1/1] (0.00ns)   --->   "%zext_ln21 = zext i32 %k_1" [mmult_baseline.cpp:21]   --->   Operation 39 'zext' 'zext_ln21' <Predicate = (!icmp_ln21)> <Delay = 0.00>
ST_1 : Operation 40 [1/1] (1.44ns)   --->   "%add_ln24 = add i63 %zext_ln21, i63 %sext_ln18_cast" [mmult_baseline.cpp:24]   --->   Operation 40 'add' 'add_ln24' <Predicate = (!icmp_ln21)> <Delay = 1.44> <CoreInst = "Adder">   --->   Core 1 'Adder' <Latency = 0> <II = 1> <Delay = 1.45> <FuncUnit> <Opcode : 'add' 'sub'> <InPorts = 2> <OutPorts = 1>
ST_1 : Operation 41 [1/1] (0.00ns)   --->   "%sext_ln24 = sext i63 %add_ln24" [mmult_baseline.cpp:24]   --->   Operation 41 'sext' 'sext_ln24' <Predicate = (!icmp_ln21)> <Delay = 0.00>
ST_1 : Operation 42 [1/1] (0.00ns)   --->   "%gmem_addr = getelementptr i32 %gmem, i64 %sext_ln24" [mmult_baseline.cpp:24]   --->   Operation 42 'getelementptr' 'gmem_addr' <Predicate = (!icmp_ln21)> <Delay = 0.00>
ST_1 : Operation 43 [1/1] (0.48ns)   --->   "%store_ln21 = store i32 %add_ln21, i32 %k" [mmult_baseline.cpp:21]   --->   Operation 43 'store' 'store_ln21' <Predicate = (!icmp_ln21)> <Delay = 0.48>

State 2 <SV = 1> <Delay = 7.30>
ST_2 : Operation 44 [1/1] (0.00ns)   --->   "%phi_mul_load = load i62 %phi_mul" [mmult_baseline.cpp:25]   --->   Operation 44 'load' 'phi_mul_load' <Predicate = (!icmp_ln21)> <Delay = 0.00>
ST_2 : Operation 45 [8/8] (7.30ns)   --->   "%gmem_load_req = readreq i1 @_ssdm_op_ReadReq.m_axi.i32P1A, i64 %gmem_addr, i64 1" [mmult_baseline.cpp:24]   --->   Operation 45 'readreq' 'gmem_load_req' <Predicate = (!icmp_ln21)> <Delay = 7.30> <CoreInst = "m_axi">   --->   Core 119 'm_axi' <Latency = 0> <II = 1> <Delay = 1.00> <Adapter> <Opcode : 'read' 'write' 'readreq' 'writereq' 'writeresp'>
ST_2 : Operation 46 [1/1] (1.44ns)   --->   "%add_ln25_2 = add i62 %phi_mul_load, i62 %dim_cast2_cast" [mmult_baseline.cpp:25]   --->   Operation 46 'add' 'add_ln25_2' <Predicate = (!icmp_ln21)> <Delay = 1.44> <CoreInst = "Adder">   --->   Core 1 'Adder' <Latency = 0> <II = 1> <Delay = 1.44> <FuncUnit> <Opcode : 'add' 'sub'> <InPorts = 2> <OutPorts = 1>
ST_2 : Operation 47 [1/1] (1.44ns)   --->   "%add_ln25 = add i62 %phi_mul_load, i62 %zext_ln18_cast" [mmult_baseline.cpp:25]   --->   Operation 47 'add' 'add_ln25' <Predicate = (!icmp_ln21)> <Delay = 1.44> <CoreInst = "Adder">   --->   Core 1 'Adder' <Latency = 0> <II = 1> <Delay = 1.44> <FuncUnit> <Opcode : 'add' 'sub'> <InPorts = 2> <OutPorts = 1>
ST_2 : Operation 48 [1/1] (0.00ns)   --->   "%shl_ln = bitconcatenate i64 @_ssdm_op_BitConcatenate.i64.i62.i2, i62 %add_ln25, i2 0" [mmult_baseline.cpp:25]   --->   Operation 48 'bitconcatenate' 'shl_ln' <Predicate = (!icmp_ln21)> <Delay = 0.00>
ST_2 : Operation 49 [1/1] (1.47ns)   --->   "%add_ln25_1 = add i64 %shl_ln, i64 %in2_read" [mmult_baseline.cpp:25]   --->   Operation 49 'add' 'add_ln25_1' <Predicate = (!icmp_ln21)> <Delay = 1.47> <CoreInst = "Adder">   --->   Core 1 'Adder' <Latency = 0> <II = 1> <Delay = 1.47> <FuncUnit> <Opcode : 'add' 'sub'> <InPorts = 2> <OutPorts = 1>
ST_2 : Operation 50 [1/1] (0.00ns)   --->   "%trunc_ln1 = partselect i62 @_ssdm_op_PartSelect.i62.i64.i32.i32, i64 %add_ln25_1, i32 2, i32 63" [mmult_baseline.cpp:25]   --->   Operation 50 'partselect' 'trunc_ln1' <Predicate = (!icmp_ln21)> <Delay = 0.00>
ST_2 : Operation 51 [1/1] (0.00ns)   --->   "%sext_ln25 = sext i62 %trunc_ln1" [mmult_baseline.cpp:25]   --->   Operation 51 'sext' 'sext_ln25' <Predicate = (!icmp_ln21)> <Delay = 0.00>
ST_2 : Operation 52 [1/1] (0.00ns)   --->   "%gmem_addr_1 = getelementptr i32 %gmem, i64 %sext_ln25" [mmult_baseline.cpp:25]   --->   Operation 52 'getelementptr' 'gmem_addr_1' <Predicate = (!icmp_ln21)> <Delay = 0.00>
ST_2 : Operation 53 [1/1] (0.48ns)   --->   "%store_ln25 = store i62 %add_ln25_2, i62 %phi_mul" [mmult_baseline.cpp:25]   --->   Operation 53 'store' 'store_ln25' <Predicate = (!icmp_ln21)> <Delay = 0.48>

State 3 <SV = 2> <Delay = 7.30>
ST_3 : Operation 54 [7/8] (7.30ns)   --->   "%gmem_load_req = readreq i1 @_ssdm_op_ReadReq.m_axi.i32P1A, i64 %gmem_addr, i64 1" [mmult_baseline.cpp:24]   --->   Operation 54 'readreq' 'gmem_load_req' <Predicate = true> <Delay = 7.30> <CoreInst = "m_axi">   --->   Core 119 'm_axi' <Latency = 0> <II = 1> <Delay = 1.00> <Adapter> <Opcode : 'read' 'write' 'readreq' 'writereq' 'writeresp'>
ST_3 : Operation 55 [8/8] (7.30ns)   --->   "%gmem_load_1_req = readreq i1 @_ssdm_op_ReadReq.m_axi.i32P1A, i64 %gmem_addr_1, i64 1" [mmult_baseline.cpp:25]   --->   Operation 55 'readreq' 'gmem_load_1_req' <Predicate = true> <Delay = 7.30> <CoreInst = "m_axi">   --->   Core 119 'm_axi' <Latency = 0> <II = 1> <Delay = 1.00> <Adapter> <Opcode : 'read' 'write' 'readreq' 'writereq' 'writeresp'>

State 4 <SV = 3> <Delay = 7.30>
ST_4 : Operation 56 [6/8] (7.30ns)   --->   "%gmem_load_req = readreq i1 @_ssdm_op_ReadReq.m_axi.i32P1A, i64 %gmem_addr, i64 1" [mmult_baseline.cpp:24]   --->   Operation 56 'readreq' 'gmem_load_req' <Predicate = true> <Delay = 7.30> <CoreInst = "m_axi">   --->   Core 119 'm_axi' <Latency = 0> <II = 1> <Delay = 1.00> <Adapter> <Opcode : 'read' 'write' 'readreq' 'writereq' 'writeresp'>
ST_4 : Operation 57 [7/8] (7.30ns)   --->   "%gmem_load_1_req = readreq i1 @_ssdm_op_ReadReq.m_axi.i32P1A, i64 %gmem_addr_1, i64 1" [mmult_baseline.cpp:25]   --->   Operation 57 'readreq' 'gmem_load_1_req' <Predicate = true> <Delay = 7.30> <CoreInst = "m_axi">   --->   Core 119 'm_axi' <Latency = 0> <II = 1> <Delay = 1.00> <Adapter> <Opcode : 'read' 'write' 'readreq' 'writereq' 'writeresp'>

State 5 <SV = 4> <Delay = 7.30>
ST_5 : Operation 58 [5/8] (7.30ns)   --->   "%gmem_load_req = readreq i1 @_ssdm_op_ReadReq.m_axi.i32P1A, i64 %gmem_addr, i64 1" [mmult_baseline.cpp:24]   --->   Operation 58 'readreq' 'gmem_load_req' <Predicate = true> <Delay = 7.30> <CoreInst = "m_axi">   --->   Core 119 'm_axi' <Latency = 0> <II = 1> <Delay = 1.00> <Adapter> <Opcode : 'read' 'write' 'readreq' 'writereq' 'writeresp'>
ST_5 : Operation 59 [6/8] (7.30ns)   --->   "%gmem_load_1_req = readreq i1 @_ssdm_op_ReadReq.m_axi.i32P1A, i64 %gmem_addr_1, i64 1" [mmult_baseline.cpp:25]   --->   Operation 59 'readreq' 'gmem_load_1_req' <Predicate = true> <Delay = 7.30> <CoreInst = "m_axi">   --->   Core 119 'm_axi' <Latency = 0> <II = 1> <Delay = 1.00> <Adapter> <Opcode : 'read' 'write' 'readreq' 'writereq' 'writeresp'>

State 6 <SV = 5> <Delay = 7.30>
ST_6 : Operation 60 [4/8] (7.30ns)   --->   "%gmem_load_req = readreq i1 @_ssdm_op_ReadReq.m_axi.i32P1A, i64 %gmem_addr, i64 1" [mmult_baseline.cpp:24]   --->   Operation 60 'readreq' 'gmem_load_req' <Predicate = true> <Delay = 7.30> <CoreInst = "m_axi">   --->   Core 119 'm_axi' <Latency = 0> <II = 1> <Delay = 1.00> <Adapter> <Opcode : 'read' 'write' 'readreq' 'writereq' 'writeresp'>
ST_6 : Operation 61 [5/8] (7.30ns)   --->   "%gmem_load_1_req = readreq i1 @_ssdm_op_ReadReq.m_axi.i32P1A, i64 %gmem_addr_1, i64 1" [mmult_baseline.cpp:25]   --->   Operation 61 'readreq' 'gmem_load_1_req' <Predicate = true> <Delay = 7.30> <CoreInst = "m_axi">   --->   Core 119 'm_axi' <Latency = 0> <II = 1> <Delay = 1.00> <Adapter> <Opcode : 'read' 'write' 'readreq' 'writereq' 'writeresp'>

State 7 <SV = 6> <Delay = 7.30>
ST_7 : Operation 62 [3/8] (7.30ns)   --->   "%gmem_load_req = readreq i1 @_ssdm_op_ReadReq.m_axi.i32P1A, i64 %gmem_addr, i64 1" [mmult_baseline.cpp:24]   --->   Operation 62 'readreq' 'gmem_load_req' <Predicate = true> <Delay = 7.30> <CoreInst = "m_axi">   --->   Core 119 'm_axi' <Latency = 0> <II = 1> <Delay = 1.00> <Adapter> <Opcode : 'read' 'write' 'readreq' 'writereq' 'writeresp'>
ST_7 : Operation 63 [4/8] (7.30ns)   --->   "%gmem_load_1_req = readreq i1 @_ssdm_op_ReadReq.m_axi.i32P1A, i64 %gmem_addr_1, i64 1" [mmult_baseline.cpp:25]   --->   Operation 63 'readreq' 'gmem_load_1_req' <Predicate = true> <Delay = 7.30> <CoreInst = "m_axi">   --->   Core 119 'm_axi' <Latency = 0> <II = 1> <Delay = 1.00> <Adapter> <Opcode : 'read' 'write' 'readreq' 'writereq' 'writeresp'>

State 8 <SV = 7> <Delay = 7.30>
ST_8 : Operation 64 [2/8] (7.30ns)   --->   "%gmem_load_req = readreq i1 @_ssdm_op_ReadReq.m_axi.i32P1A, i64 %gmem_addr, i64 1" [mmult_baseline.cpp:24]   --->   Operation 64 'readreq' 'gmem_load_req' <Predicate = true> <Delay = 7.30> <CoreInst = "m_axi">   --->   Core 119 'm_axi' <Latency = 0> <II = 1> <Delay = 1.00> <Adapter> <Opcode : 'read' 'write' 'readreq' 'writereq' 'writeresp'>
ST_8 : Operation 65 [3/8] (7.30ns)   --->   "%gmem_load_1_req = readreq i1 @_ssdm_op_ReadReq.m_axi.i32P1A, i64 %gmem_addr_1, i64 1" [mmult_baseline.cpp:25]   --->   Operation 65 'readreq' 'gmem_load_1_req' <Predicate = true> <Delay = 7.30> <CoreInst = "m_axi">   --->   Core 119 'm_axi' <Latency = 0> <II = 1> <Delay = 1.00> <Adapter> <Opcode : 'read' 'write' 'readreq' 'writereq' 'writeresp'>

State 9 <SV = 8> <Delay = 7.30>
ST_9 : Operation 66 [1/8] (7.30ns)   --->   "%gmem_load_req = readreq i1 @_ssdm_op_ReadReq.m_axi.i32P1A, i64 %gmem_addr, i64 1" [mmult_baseline.cpp:24]   --->   Operation 66 'readreq' 'gmem_load_req' <Predicate = true> <Delay = 7.30> <CoreInst = "m_axi">   --->   Core 119 'm_axi' <Latency = 0> <II = 1> <Delay = 1.00> <Adapter> <Opcode : 'read' 'write' 'readreq' 'writereq' 'writeresp'>
ST_9 : Operation 67 [2/8] (7.30ns)   --->   "%gmem_load_1_req = readreq i1 @_ssdm_op_ReadReq.m_axi.i32P1A, i64 %gmem_addr_1, i64 1" [mmult_baseline.cpp:25]   --->   Operation 67 'readreq' 'gmem_load_1_req' <Predicate = true> <Delay = 7.30> <CoreInst = "m_axi">   --->   Core 119 'm_axi' <Latency = 0> <II = 1> <Delay = 1.00> <Adapter> <Opcode : 'read' 'write' 'readreq' 'writereq' 'writeresp'>

State 10 <SV = 9> <Delay = 7.30>
ST_10 : Operation 68 [1/1] (7.30ns)   --->   "%gmem_addr_read = read i32 @_ssdm_op_Read.m_axi.i32P1A, i64 %gmem_addr" [mmult_baseline.cpp:24]   --->   Operation 68 'read' 'gmem_addr_read' <Predicate = true> <Delay = 7.30> <CoreInst = "m_axi">   --->   Core 119 'm_axi' <Latency = 0> <II = 1> <Delay = 1.00> <Adapter> <Opcode : 'read' 'write' 'readreq' 'writereq' 'writeresp'>
ST_10 : Operation 69 [1/1] (0.00ns)   --->   "%a = trunc i32 %gmem_addr_read" [mmult_baseline.cpp:24]   --->   Operation 69 'trunc' 'a' <Predicate = true> <Delay = 0.00>
ST_10 : Operation 70 [1/8] (7.30ns)   --->   "%gmem_load_1_req = readreq i1 @_ssdm_op_ReadReq.m_axi.i32P1A, i64 %gmem_addr_1, i64 1" [mmult_baseline.cpp:25]   --->   Operation 70 'readreq' 'gmem_load_1_req' <Predicate = true> <Delay = 7.30> <CoreInst = "m_axi">   --->   Core 119 'm_axi' <Latency = 0> <II = 1> <Delay = 1.00> <Adapter> <Opcode : 'read' 'write' 'readreq' 'writereq' 'writeresp'>

State 11 <SV = 10> <Delay = 7.30>
ST_11 : Operation 71 [1/1] (7.30ns)   --->   "%gmem_addr_1_read = read i32 @_ssdm_op_Read.m_axi.i32P1A, i64 %gmem_addr_1" [mmult_baseline.cpp:25]   --->   Operation 71 'read' 'gmem_addr_1_read' <Predicate = true> <Delay = 7.30> <CoreInst = "m_axi">   --->   Core 119 'm_axi' <Latency = 0> <II = 1> <Delay = 1.00> <Adapter> <Opcode : 'read' 'write' 'readreq' 'writereq' 'writeresp'>
ST_11 : Operation 72 [1/1] (0.00ns)   --->   "%b = trunc i32 %gmem_addr_1_read" [mmult_baseline.cpp:25]   --->   Operation 72 'trunc' 'b' <Predicate = true> <Delay = 0.00>

State 12 <SV = 11> <Delay = 1.08>
ST_12 : Operation 73 [1/1] (0.00ns)   --->   "%sext_ln26 = sext i16 %a" [mmult_baseline.cpp:26]   --->   Operation 73 'sext' 'sext_ln26' <Predicate = true> <Delay = 0.00>
ST_12 : Operation 74 [1/1] (0.00ns)   --->   "%sext_ln26_1 = sext i16 %b" [mmult_baseline.cpp:26]   --->   Operation 74 'sext' 'sext_ln26_1' <Predicate = true> <Delay = 0.00>
ST_12 : Operation 75 [3/3] (1.08ns) (grouped into DSP with root node sum_1)   --->   "%mul_ln26 = mul i32 %sext_ln26_1, i32 %sext_ln26" [mmult_baseline.cpp:26]   --->   Operation 75 'mul' 'mul_ln26' <Predicate = true> <Delay = 1.08> <CoreInst = "DSP48">   --->   Core 124 'DSP48' <Latency = 3> <II = 1> <Delay = 0.69> <IPBlock> <Opcode : '' 'add' 'sub' 'mul' 'select'> <InPorts = 0> <OutPorts = 1> <Sync> <CReg>

State 13 <SV = 12> <Delay = 1.08>
ST_13 : Operation 76 [2/3] (1.08ns) (grouped into DSP with root node sum_1)   --->   "%mul_ln26 = mul i32 %sext_ln26_1, i32 %sext_ln26" [mmult_baseline.cpp:26]   --->   Operation 76 'mul' 'mul_ln26' <Predicate = true> <Delay = 1.08> <CoreInst = "DSP48">   --->   Core 124 'DSP48' <Latency = 3> <II = 1> <Delay = 0.69> <IPBlock> <Opcode : '' 'add' 'sub' 'mul' 'select'> <InPorts = 0> <OutPorts = 1> <Sync> <CReg>
ST_13 : Operation 86 [1/1] (0.00ns)   --->   "%sum_load_1 = load i32 %sum"   --->   Operation 86 'load' 'sum_load_1' <Predicate = (icmp_ln21)> <Delay = 0.00>
ST_13 : Operation 87 [1/1] (0.00ns)   --->   "%write_ln0 = write void @_ssdm_op_Write.ap_auto.i32P0A, i32 %sum_out, i32 %sum_load_1"   --->   Operation 87 'write' 'write_ln0' <Predicate = (icmp_ln21)> <Delay = 0.00>
ST_13 : Operation 88 [1/1] (0.48ns)   --->   "%ret_ln0 = ret"   --->   Operation 88 'ret' 'ret_ln0' <Predicate = (icmp_ln21)> <Delay = 0.48>

State 14 <SV = 13> <Delay = 0.83>
ST_14 : Operation 77 [1/1] (0.00ns)   --->   "%sum_load = load i32 %sum" [mmult_baseline.cpp:26]   --->   Operation 77 'load' 'sum_load' <Predicate = true> <Delay = 0.00>
ST_14 : Operation 78 [1/3] (0.00ns) (grouped into DSP with root node sum_1)   --->   "%mul_ln26 = mul i32 %sext_ln26_1, i32 %sext_ln26" [mmult_baseline.cpp:26]   --->   Operation 78 'mul' 'mul_ln26' <Predicate = true> <Delay = 0.00> <CoreInst = "DSP48">   --->   Core 124 'DSP48' <Latency = 3> <II = 1> <Delay = 0.69> <IPBlock> <Opcode : '' 'add' 'sub' 'mul' 'select'> <InPorts = 0> <OutPorts = 1> <Sync> <CReg>
ST_14 : Operation 79 [2/2] (0.83ns) (root node of the DSP)   --->   "%sum_1 = add i32 %mul_ln26, i32 %sum_load" [mmult_baseline.cpp:26]   --->   Operation 79 'add' 'sum_1' <Predicate = true> <Delay = 0.83> <CoreInst = "DSP48">   --->   Core 124 'DSP48' <Latency = 3> <II = 1> <Delay = 0.69> <IPBlock> <Opcode : '' 'add' 'sub' 'mul' 'select'> <InPorts = 0> <OutPorts = 1> <Sync> <CReg>

State 15 <SV = 14> <Delay = 1.32>
ST_15 : Operation 80 [1/1] (0.00ns)   --->   "%specpipeline_ln23 = specpipeline void @_ssdm_op_SpecPipeline, i32 1, i32 0, i32 0, i32 0, void @empty_0" [mmult_baseline.cpp:23]   --->   Operation 80 'specpipeline' 'specpipeline_ln23' <Predicate = true> <Delay = 0.00>
ST_15 : Operation 81 [1/1] (0.00ns)   --->   "%speclooptripcount_ln22 = speclooptripcount void @_ssdm_op_SpecLoopTripCount, i64 128, i64 128, i64 128" [mmult_baseline.cpp:22]   --->   Operation 81 'speclooptripcount' 'speclooptripcount_ln22' <Predicate = true> <Delay = 0.00>
ST_15 : Operation 82 [1/1] (0.00ns)   --->   "%specloopname_ln21 = specloopname void @_ssdm_op_SpecLoopName, void @empty_13" [mmult_baseline.cpp:21]   --->   Operation 82 'specloopname' 'specloopname_ln21' <Predicate = true> <Delay = 0.00>
ST_15 : Operation 83 [1/2] (0.83ns) (root node of the DSP)   --->   "%sum_1 = add i32 %mul_ln26, i32 %sum_load" [mmult_baseline.cpp:26]   --->   Operation 83 'add' 'sum_1' <Predicate = true> <Delay = 0.83> <CoreInst = "DSP48">   --->   Core 124 'DSP48' <Latency = 3> <II = 1> <Delay = 0.69> <IPBlock> <Opcode : '' 'add' 'sub' 'mul' 'select'> <InPorts = 0> <OutPorts = 1> <Sync> <CReg>
ST_15 : Operation 84 [1/1] (0.48ns)   --->   "%store_ln20 = store i32 %sum_1, i32 %sum" [mmult_baseline.cpp:20]   --->   Operation 84 'store' 'store_ln20' <Predicate = true> <Delay = 0.48>
ST_15 : Operation 85 [1/1] (0.00ns)   --->   "%br_ln21 = br void %for.inc" [mmult_baseline.cpp:21]   --->   Operation 85 'br' 'br_ln21' <Predicate = true> <Delay = 0.00>


============================================================
+ Verbose Summary: Binding
============================================================
STG Binding: 
---------------- STG Properties BEGIN ----------------
- Is combinational: 0
- Is one-state seq: 0
- Is datapath-only: 0
- Is pipelined: 0
- Is top level: 0
Port [ Return ] is wired: 1; IO mode=ap_ctrl_hs:ce=0
Port [ gmem]:  wired=1; compound=1; hidden=0; nouse=0; global=0; static=0; extern=0; dir=0; type=4; pingpong=0; private_global=0; IO mode=m_axi:ce=0
Port [ dim]:  wired=1; compound=0; hidden=0; nouse=0; global=0; static=0; extern=0; dir=0; type=0; pingpong=0; private_global=0; IO mode=ap_none:ce=0
Port [ sext_ln18]:  wired=1; compound=0; hidden=0; nouse=0; global=0; static=0; extern=0; dir=0; type=0; pingpong=0; private_global=0; IO mode=ap_none:ce=0
Port [ dim_cast2]:  wired=1; compound=0; hidden=0; nouse=0; global=0; static=0; extern=0; dir=0; type=0; pingpong=0; private_global=0; IO mode=ap_none:ce=0
Port [ zext_ln18]:  wired=1; compound=0; hidden=0; nouse=0; global=0; static=0; extern=0; dir=0; type=0; pingpong=0; private_global=0; IO mode=ap_none:ce=0
Port [ in2]:  wired=1; compound=0; hidden=0; nouse=0; global=0; static=0; extern=0; dir=0; type=0; pingpong=0; private_global=0; IO mode=ap_none:ce=0
Port [ sum_out]:  wired=1; compound=0; hidden=0; nouse=0; global=0; static=0; extern=0; dir=1; type=0; pingpong=0; private_global=0; IO mode=ap_vld:ce=0
---------------- STG Properties END ------------------

---------------- Datapath Model BEGIN ----------------

<LifeTime>
<method=bitvector/>
phi_mul                (alloca           ) [ 0110000000000000]
sum                    (alloca           ) [ 0111111111111111]
k                      (alloca           ) [ 0100000000000000]
in2_read               (read             ) [ 0010000000000000]
zext_ln18_read         (read             ) [ 0000000000000000]
dim_cast2_read         (read             ) [ 0000000000000000]
sext_ln18_read         (read             ) [ 0000000000000000]
dim_read               (read             ) [ 0000000000000000]
zext_ln18_cast         (zext             ) [ 0010000000000000]
dim_cast2_cast         (sext             ) [ 0010000000000000]
sext_ln18_cast         (sext             ) [ 0000000000000000]
specinterface_ln0      (specinterface    ) [ 0000000000000000]
store_ln21             (store            ) [ 0000000000000000]
store_ln20             (store            ) [ 0000000000000000]
store_ln0              (store            ) [ 0000000000000000]
br_ln0                 (br               ) [ 0000000000000000]
k_1                    (load             ) [ 0000000000000000]
specbitsmap_ln0        (specbitsmap      ) [ 0000000000000000]
icmp_ln21              (icmp             ) [ 0111111111111100]
add_ln21               (add              ) [ 0000000000000000]
br_ln21                (br               ) [ 0000000000000000]
zext_ln21              (zext             ) [ 0000000000000000]
add_ln24               (add              ) [ 0000000000000000]
sext_ln24              (sext             ) [ 0000000000000000]
gmem_addr              (getelementptr    ) [ 0111111111100000]
store_ln21             (store            ) [ 0000000000000000]
phi_mul_load           (load             ) [ 0000000000000000]
add_ln25_2             (add              ) [ 0000000000000000]
add_ln25               (add              ) [ 0000000000000000]
shl_ln                 (bitconcatenate   ) [ 0000000000000000]
add_ln25_1             (add              ) [ 0000000000000000]
trunc_ln1              (partselect       ) [ 0000000000000000]
sext_ln25              (sext             ) [ 0000000000000000]
gmem_addr_1            (getelementptr    ) [ 0111111111110000]
store_ln25             (store            ) [ 0000000000000000]
gmem_load_req          (readreq          ) [ 0000000000000000]
gmem_addr_read         (read             ) [ 0000000000000000]
a                      (trunc            ) [ 0110000000011000]
gmem_load_1_req        (readreq          ) [ 0000000000000000]
gmem_addr_1_read       (read             ) [ 0000000000000000]
b                      (trunc            ) [ 0010000000001000]
sext_ln26              (sext             ) [ 0110000000000110]
sext_ln26_1            (sext             ) [ 0110000000000110]
sum_load               (load             ) [ 0100000000000001]
mul_ln26               (mul              ) [ 0100000000000001]
specpipeline_ln23      (specpipeline     ) [ 0000000000000000]
speclooptripcount_ln22 (speclooptripcount) [ 0000000000000000]
specloopname_ln21      (specloopname     ) [ 0000000000000000]
sum_1                  (add              ) [ 0000000000000000]
store_ln20             (store            ) [ 0000000000000000]
br_ln21                (br               ) [ 0000000000000000]
sum_load_1             (load             ) [ 0000000000000000]
write_ln0              (write            ) [ 0000000000000000]
ret_ln0                (ret              ) [ 0000000000000000]
</LifeTime>

<model>

<comp_list>
<comp id="0" class="1000" name="gmem">
<pin_list>
<pin id="1" dir="1" index="0" bw="1" slack="0"/>
</pin_list>
<bind>
<StgValue><ssdm name="gmem"/></StgValue>
</bind>
</comp>

<comp id="2" class="1000" name="dim">
<pin_list>
<pin id="3" dir="1" index="0" bw="1" slack="0"/>
</pin_list>
<bind>
<StgValue><ssdm name="dim"/></StgValue>
</bind>
</comp>

<comp id="4" class="1000" name="sext_ln18">
<pin_list>
<pin id="5" dir="1" index="0" bw="1" slack="0"/>
</pin_list>
<bind>
<StgValue><ssdm name="sext_ln18"/></StgValue>
</bind>
</comp>

<comp id="6" class="1000" name="dim_cast2">
<pin_list>
<pin id="7" dir="1" index="0" bw="1" slack="0"/>
</pin_list>
<bind>
<StgValue><ssdm name="dim_cast2"/></StgValue>
</bind>
</comp>

<comp id="8" class="1000" name="zext_ln18">
<pin_list>
<pin id="9" dir="1" index="0" bw="1" slack="0"/>
</pin_list>
<bind>
<StgValue><ssdm name="zext_ln18"/></StgValue>
</bind>
</comp>

<comp id="10" class="1000" name="in2">
<pin_list>
<pin id="11" dir="1" index="0" bw="1" slack="0"/>
</pin_list>
<bind>
<StgValue><ssdm name="in2"/></StgValue>
</bind>
</comp>

<comp id="12" class="1000" name="sum_out">
<pin_list>
<pin id="13" dir="1" index="0" bw="1" slack="0"/>
</pin_list>
<bind>
<StgValue><ssdm name="sum_out"/></StgValue>
</bind>
</comp>

<comp id="14" class="1001" name="const_14">
<pin_list>
<pin id="15" dir="1" index="0" bw="1" slack="0"/>
</pin_list>
<bind>
<StgValue><ssdm name=""/></StgValue>
</bind>
</comp>

<comp id="16" class="1001" name="const_16">
<pin_list>
<pin id="17" dir="1" index="0" bw="1" slack="0"/>
</pin_list>
<bind>
<StgValue><ssdm name="_ssdm_op_Read.ap_auto.i64"/></StgValue>
</bind>
</comp>

<comp id="18" class="1001" name="const_18">
<pin_list>
<pin id="19" dir="1" index="0" bw="1" slack="0"/>
</pin_list>
<bind>
<StgValue><ssdm name="_ssdm_op_Read.ap_auto.i32"/></StgValue>
</bind>
</comp>

<comp id="20" class="1001" name="const_20">
<pin_list>
<pin id="21" dir="1" index="0" bw="1" slack="0"/>
</pin_list>
<bind>
<StgValue><ssdm name="_ssdm_op_Read.ap_auto.i62"/></StgValue>
</bind>
</comp>

<comp id="22" class="1001" name="const_22">
<pin_list>
<pin id="23" dir="1" index="0" bw="1" slack="2147483647"/>
</pin_list>
<bind>
<StgValue><ssdm name="_ssdm_op_SpecInterface"/></StgValue>
</bind>
</comp>

<comp id="24" class="1001" name="const_24">
<pin_list>
<pin id="25" dir="1" index="0" bw="1" slack="2147483647"/>
</pin_list>
<bind>
<StgValue><ssdm name="empty"/></StgValue>
</bind>
</comp>

<comp id="26" class="1001" name="const_26">
<pin_list>
<pin id="27" dir="1" index="0" bw="1" slack="0"/>
</pin_list>
<bind>
<StgValue><ssdm name=""/></StgValue>
</bind>
</comp>

<comp id="28" class="1001" name="const_28">
<pin_list>
<pin id="29" dir="1" index="0" bw="1" slack="2147483647"/>
</pin_list>
<bind>
<StgValue><ssdm name="empty_0"/></StgValue>
</bind>
</comp>

<comp id="30" class="1001" name="const_30">
<pin_list>
<pin id="31" dir="1" index="0" bw="1" slack="2147483647"/>
</pin_list>
<bind>
<StgValue><ssdm name=""/></StgValue>
</bind>
</comp>

<comp id="32" class="1001" name="const_32">
<pin_list>
<pin id="33" dir="1" index="0" bw="1" slack="2147483647"/>
</pin_list>
<bind>
<StgValue><ssdm name="empty_1"/></StgValue>
</bind>
</comp>

<comp id="34" class="1001" name="const_34">
<pin_list>
<pin id="35" dir="1" index="0" bw="1" slack="2147483647"/>
</pin_list>
<bind>
<StgValue><ssdm name="empty_2"/></StgValue>
</bind>
</comp>

<comp id="36" class="1001" name="const_36">
<pin_list>
<pin id="37" dir="1" index="0" bw="1" slack="2147483647"/>
</pin_list>
<bind>
<StgValue><ssdm name=""/></StgValue>
</bind>
</comp>

<comp id="38" class="1001" name="const_38">
<pin_list>
<pin id="39" dir="1" index="0" bw="1" slack="2147483647"/>
</pin_list>
<bind>
<StgValue><ssdm name=""/></StgValue>
</bind>
</comp>

<comp id="40" class="1001" name="const_40">
<pin_list>
<pin id="41" dir="1" index="0" bw="1" slack="0"/>
</pin_list>
<bind>
<StgValue><ssdm name=""/></StgValue>
</bind>
</comp>

<comp id="42" class="1001" name="const_42">
<pin_list>
<pin id="43" dir="1" index="0" bw="1" slack="2147483647"/>
</pin_list>
<bind>
<StgValue><ssdm name="_ssdm_op_SpecBitsMap"/></StgValue>
</bind>
</comp>

<comp id="44" class="1001" name="const_44">
<pin_list>
<pin id="45" dir="1" index="0" bw="1" slack="0"/>
</pin_list>
<bind>
<StgValue><ssdm name="_ssdm_op_ReadReq.m_axi.i32P1A"/></StgValue>
</bind>
</comp>

<comp id="46" class="1001" name="const_46">
<pin_list>
<pin id="47" dir="1" index="0" bw="1" slack="0"/>
</pin_list>
<bind>
<StgValue><ssdm name=""/></StgValue>
</bind>
</comp>

<comp id="48" class="1001" name="const_48">
<pin_list>
<pin id="49" dir="1" index="0" bw="1" slack="0"/>
</pin_list>
<bind>
<StgValue><ssdm name="_ssdm_op_BitConcatenate.i64.i62.i2"/></StgValue>
</bind>
</comp>

<comp id="50" class="1001" name="const_50">
<pin_list>
<pin id="51" dir="1" index="0" bw="1" slack="0"/>
</pin_list>
<bind>
<StgValue><ssdm name=""/></StgValue>
</bind>
</comp>

<comp id="52" class="1001" name="const_52">
<pin_list>
<pin id="53" dir="1" index="0" bw="1" slack="0"/>
</pin_list>
<bind>
<StgValue><ssdm name="_ssdm_op_PartSelect.i62.i64.i32.i32"/></StgValue>
</bind>
</comp>

<comp id="54" class="1001" name="const_54">
<pin_list>
<pin id="55" dir="1" index="0" bw="1" slack="0"/>
</pin_list>
<bind>
<StgValue><ssdm name=""/></StgValue>
</bind>
</comp>

<comp id="56" class="1001" name="const_56">
<pin_list>
<pin id="57" dir="1" index="0" bw="1" slack="0"/>
</pin_list>
<bind>
<StgValue><ssdm name=""/></StgValue>
</bind>
</comp>

<comp id="58" class="1001" name="const_58">
<pin_list>
<pin id="59" dir="1" index="0" bw="1" slack="0"/>
</pin_list>
<bind>
<StgValue><ssdm name="_ssdm_op_Read.m_axi.i32P1A"/></StgValue>
</bind>
</comp>

<comp id="60" class="1001" name="const_60">
<pin_list>
<pin id="61" dir="1" index="0" bw="1" slack="2147483647"/>
</pin_list>
<bind>
<StgValue><ssdm name="_ssdm_op_SpecPipeline"/></StgValue>
</bind>
</comp>

<comp id="62" class="1001" name="const_62">
<pin_list>
<pin id="63" dir="1" index="0" bw="1" slack="2147483647"/>
</pin_list>
<bind>
<StgValue><ssdm name="_ssdm_op_SpecLoopTripCount"/></StgValue>
</bind>
</comp>

<comp id="64" class="1001" name="const_64">
<pin_list>
<pin id="65" dir="1" index="0" bw="1" slack="2147483647"/>
</pin_list>
<bind>
<StgValue><ssdm name=""/></StgValue>
</bind>
</comp>

<comp id="66" class="1001" name="const_66">
<pin_list>
<pin id="67" dir="1" index="0" bw="1" slack="2147483647"/>
</pin_list>
<bind>
<StgValue><ssdm name="_ssdm_op_SpecLoopName"/></StgValue>
</bind>
</comp>

<comp id="68" class="1001" name="const_68">
<pin_list>
<pin id="69" dir="1" index="0" bw="1" slack="2147483647"/>
</pin_list>
<bind>
<StgValue><ssdm name="empty_13"/></StgValue>
</bind>
</comp>

<comp id="70" class="1001" name="const_70">
<pin_list>
<pin id="71" dir="1" index="0" bw="1" slack="0"/>
</pin_list>
<bind>
<StgValue><ssdm name="_ssdm_op_Write.ap_auto.i32P0A"/></StgValue>
</bind>
</comp>

<comp id="72" class="1004" name="phi_mul_fu_72">
<pin_list>
<pin id="73" dir="0" index="0" bw="1" slack="0"/>
<pin id="74" dir="1" index="1" bw="62" slack="0"/>
</pin_list>
<bind>
<opcode="alloca(26) " fcode="alloca"/>
<opset="phi_mul/1 "/>
</bind>
</comp>

<comp id="76" class="1004" name="sum_fu_76">
<pin_list>
<pin id="77" dir="0" index="0" bw="1" slack="0"/>
<pin id="78" dir="1" index="1" bw="32" slack="0"/>
</pin_list>
<bind>
<opcode="alloca(26) " fcode="alloca"/>
<opset="sum/1 "/>
</bind>
</comp>

<comp id="80" class="1004" name="k_fu_80">
<pin_list>
<pin id="81" dir="0" index="0" bw="1" slack="0"/>
<pin id="82" dir="1" index="1" bw="32" slack="0"/>
</pin_list>
<bind>
<opcode="alloca(26) " fcode="alloca"/>
<opset="k/1 "/>
</bind>
</comp>

<comp id="84" class="1004" name="in2_read_read_fu_84">
<pin_list>
<pin id="85" dir="0" index="0" bw="64" slack="0"/>
<pin id="86" dir="0" index="1" bw="64" slack="0"/>
<pin id="87" dir="1" index="2" bw="64" slack="1"/>
</pin_list>
<bind>
<opcode="read(1150) " fcode="read"/>
<opset="in2_read/1 "/>
</bind>
</comp>

<comp id="90" class="1004" name="zext_ln18_read_read_fu_90">
<pin_list>
<pin id="91" dir="0" index="0" bw="32" slack="0"/>
<pin id="92" dir="0" index="1" bw="32" slack="0"/>
<pin id="93" dir="1" index="2" bw="32" slack="0"/>
</pin_list>
<bind>
<opcode="read(1150) " fcode="read"/>
<opset="zext_ln18_read/1 "/>
</bind>
</comp>

<comp id="96" class="1004" name="dim_cast2_read_read_fu_96">
<pin_list>
<pin id="97" dir="0" index="0" bw="32" slack="0"/>
<pin id="98" dir="0" index="1" bw="32" slack="0"/>
<pin id="99" dir="1" index="2" bw="32" slack="0"/>
</pin_list>
<bind>
<opcode="read(1150) " fcode="read"/>
<opset="dim_cast2_read/1 "/>
</bind>
</comp>

<comp id="102" class="1004" name="sext_ln18_read_read_fu_102">
<pin_list>
<pin id="103" dir="0" index="0" bw="62" slack="0"/>
<pin id="104" dir="0" index="1" bw="62" slack="0"/>
<pin id="105" dir="1" index="2" bw="62" slack="0"/>
</pin_list>
<bind>
<opcode="read(1150) " fcode="read"/>
<opset="sext_ln18_read/1 "/>
</bind>
</comp>

<comp id="108" class="1004" name="dim_read_read_fu_108">
<pin_list>
<pin id="109" dir="0" index="0" bw="32" slack="0"/>
<pin id="110" dir="0" index="1" bw="32" slack="0"/>
<pin id="111" dir="1" index="2" bw="32" slack="0"/>
</pin_list>
<bind>
<opcode="read(1150) " fcode="read"/>
<opset="dim_read/1 "/>
</bind>
</comp>

<comp id="114" class="1004" name="grp_readreq_fu_114">
<pin_list>
<pin id="115" dir="0" index="0" bw="1" slack="0"/>
<pin id="116" dir="0" index="1" bw="32" slack="1"/>
<pin id="117" dir="0" index="2" bw="1" slack="0"/>
<pin id="118" dir="1" index="3" bw="1" slack="2147483647"/>
</pin_list>
<bind>
<opcode="readreq(1154) " fcode="readreq"/>
<opset="gmem_load_req/2 "/>
</bind>
</comp>

<comp id="121" class="1004" name="grp_readreq_fu_121">
<pin_list>
<pin id="122" dir="0" index="0" bw="1" slack="0"/>
<pin id="123" dir="0" index="1" bw="32" slack="1"/>
<pin id="124" dir="0" index="2" bw="1" slack="0"/>
<pin id="125" dir="1" index="3" bw="1" slack="2147483647"/>
</pin_list>
<bind>
<opcode="readreq(1154) " fcode="readreq"/>
<opset="gmem_load_1_req/3 "/>
</bind>
</comp>

<comp id="128" class="1004" name="gmem_addr_read_read_fu_128">
<pin_list>
<pin id="129" dir="0" index="0" bw="32" slack="0"/>
<pin id="130" dir="0" index="1" bw="32" slack="9"/>
<pin id="131" dir="1" index="2" bw="32" slack="0"/>
</pin_list>
<bind>
<opcode="read(1150) " fcode="read"/>
<opset="gmem_addr_read/10 "/>
</bind>
</comp>

<comp id="133" class="1004" name="gmem_addr_1_read_read_fu_133">
<pin_list>
<pin id="134" dir="0" index="0" bw="32" slack="0"/>
<pin id="135" dir="0" index="1" bw="32" slack="9"/>
<pin id="136" dir="1" index="2" bw="32" slack="0"/>
</pin_list>
<bind>
<opcode="read(1150) " fcode="read"/>
<opset="gmem_addr_1_read/11 "/>
</bind>
</comp>

<comp id="138" class="1004" name="write_ln0_write_fu_138">
<pin_list>
<pin id="139" dir="0" index="0" bw="0" slack="0"/>
<pin id="140" dir="0" index="1" bw="32" slack="0"/>
<pin id="141" dir="0" index="2" bw="32" slack="0"/>
<pin id="142" dir="1" index="3" bw="0" slack="2147483647"/>
</pin_list>
<bind>
<opcode="write(1151) " fcode="write"/>
<opset="write_ln0/13 "/>
</bind>
</comp>

<comp id="145" class="1004" name="zext_ln18_cast_fu_145">
<pin_list>
<pin id="146" dir="0" index="0" bw="32" slack="0"/>
<pin id="147" dir="1" index="1" bw="62" slack="1"/>
</pin_list>
<bind>
<opcode="zext(34) " fcode="zext"/>
<opset="zext_ln18_cast/1 "/>
</bind>
</comp>

<comp id="149" class="1004" name="dim_cast2_cast_fu_149">
<pin_list>
<pin id="150" dir="0" index="0" bw="32" slack="0"/>
<pin id="151" dir="1" index="1" bw="62" slack="1"/>
</pin_list>
<bind>
<opcode="sext(35) " fcode="sext"/>
<opset="dim_cast2_cast/1 "/>
</bind>
</comp>

<comp id="153" class="1004" name="sext_ln18_cast_fu_153">
<pin_list>
<pin id="154" dir="0" index="0" bw="62" slack="0"/>
<pin id="155" dir="1" index="1" bw="63" slack="0"/>
</pin_list>
<bind>
<opcode="sext(35) " fcode="sext"/>
<opset="sext_ln18_cast/1 "/>
</bind>
</comp>

<comp id="157" class="1004" name="store_ln21_store_fu_157">
<pin_list>
<pin id="158" dir="0" index="0" bw="1" slack="0"/>
<pin id="159" dir="0" index="1" bw="32" slack="0"/>
<pin id="160" dir="1" index="2" bw="0" slack="2147483647"/>
</pin_list>
<bind>
<opcode="store(28) " fcode="store"/>
<opset="store_ln21/1 "/>
</bind>
</comp>

<comp id="162" class="1004" name="store_ln20_store_fu_162">
<pin_list>
<pin id="163" dir="0" index="0" bw="1" slack="0"/>
<pin id="164" dir="0" index="1" bw="32" slack="0"/>
<pin id="165" dir="1" index="2" bw="0" slack="2147483647"/>
</pin_list>
<bind>
<opcode="store(28) " fcode="store"/>
<opset="store_ln20/1 "/>
</bind>
</comp>

<comp id="167" class="1004" name="store_ln0_store_fu_167">
<pin_list>
<pin id="168" dir="0" index="0" bw="1" slack="0"/>
<pin id="169" dir="0" index="1" bw="62" slack="0"/>
<pin id="170" dir="1" index="2" bw="0" slack="2147483647"/>
</pin_list>
<bind>
<opcode="store(28) " fcode="store"/>
<opset="store_ln0/1 "/>
</bind>
</comp>

<comp id="172" class="1004" name="k_1_load_fu_172">
<pin_list>
<pin id="173" dir="0" index="0" bw="32" slack="0"/>
<pin id="174" dir="1" index="1" bw="32" slack="0"/>
</pin_list>
<bind>
<opcode="load(27) " fcode="load"/>
<opset="k_1/1 "/>
</bind>
</comp>

<comp id="175" class="1004" name="icmp_ln21_fu_175">
<pin_list>
<pin id="176" dir="0" index="0" bw="32" slack="0"/>
<pin id="177" dir="0" index="1" bw="32" slack="0"/>
<pin id="178" dir="1" index="2" bw="1" slack="1"/>
</pin_list>
<bind>
<opcode="icmp(45) " fcode="icmp"/>
<opset="icmp_ln21/1 "/>
</bind>
</comp>

<comp id="181" class="1004" name="add_ln21_fu_181">
<pin_list>
<pin id="182" dir="0" index="0" bw="32" slack="0"/>
<pin id="183" dir="0" index="1" bw="1" slack="0"/>
<pin id="184" dir="1" index="2" bw="32" slack="0"/>
</pin_list>
<bind>
<opcode="add(8) " fcode="add"/>
<opset="add_ln21/1 "/>
</bind>
</comp>

<comp id="187" class="1004" name="zext_ln21_fu_187">
<pin_list>
<pin id="188" dir="0" index="0" bw="32" slack="0"/>
<pin id="189" dir="1" index="1" bw="63" slack="0"/>
</pin_list>
<bind>
<opcode="zext(34) " fcode="zext"/>
<opset="zext_ln21/1 "/>
</bind>
</comp>

<comp id="191" class="1004" name="add_ln24_fu_191">
<pin_list>
<pin id="192" dir="0" index="0" bw="32" slack="0"/>
<pin id="193" dir="0" index="1" bw="62" slack="0"/>
<pin id="194" dir="1" index="2" bw="63" slack="0"/>
</pin_list>
<bind>
<opcode="add(8) " fcode="add"/>
<opset="add_ln24/1 "/>
</bind>
</comp>

<comp id="197" class="1004" name="sext_ln24_fu_197">
<pin_list>
<pin id="198" dir="0" index="0" bw="63" slack="0"/>
<pin id="199" dir="1" index="1" bw="64" slack="0"/>
</pin_list>
<bind>
<opcode="sext(35) " fcode="sext"/>
<opset="sext_ln24/1 "/>
</bind>
</comp>

<comp id="201" class="1004" name="gmem_addr_fu_201">
<pin_list>
<pin id="202" dir="0" index="0" bw="64" slack="0"/>
<pin id="203" dir="0" index="1" bw="64" slack="0"/>
<pin id="204" dir="1" index="2" bw="64" slack="1"/>
</pin_list>
<bind>
<opcode="getelementptr(29) " fcode="getelementptr"/>
<opset="gmem_addr/1 "/>
</bind>
</comp>

<comp id="207" class="1004" name="store_ln21_store_fu_207">
<pin_list>
<pin id="208" dir="0" index="0" bw="32" slack="0"/>
<pin id="209" dir="0" index="1" bw="32" slack="0"/>
<pin id="210" dir="1" index="2" bw="0" slack="2147483647"/>
</pin_list>
<bind>
<opcode="store(28) " fcode="store"/>
<opset="store_ln21/1 "/>
</bind>
</comp>

<comp id="212" class="1004" name="phi_mul_load_load_fu_212">
<pin_list>
<pin id="213" dir="0" index="0" bw="62" slack="1"/>
<pin id="214" dir="1" index="1" bw="62" slack="0"/>
</pin_list>
<bind>
<opcode="load(27) " fcode="load"/>
<opset="phi_mul_load/2 "/>
</bind>
</comp>

<comp id="215" class="1004" name="add_ln25_2_fu_215">
<pin_list>
<pin id="216" dir="0" index="0" bw="62" slack="0"/>
<pin id="217" dir="0" index="1" bw="32" slack="1"/>
<pin id="218" dir="1" index="2" bw="62" slack="0"/>
</pin_list>
<bind>
<opcode="add(8) " fcode="add"/>
<opset="add_ln25_2/2 "/>
</bind>
</comp>

<comp id="220" class="1004" name="add_ln25_fu_220">
<pin_list>
<pin id="221" dir="0" index="0" bw="62" slack="0"/>
<pin id="222" dir="0" index="1" bw="32" slack="1"/>
<pin id="223" dir="1" index="2" bw="62" slack="0"/>
</pin_list>
<bind>
<opcode="add(8) " fcode="add"/>
<opset="add_ln25/2 "/>
</bind>
</comp>

<comp id="225" class="1004" name="shl_ln_fu_225">
<pin_list>
<pin id="226" dir="0" index="0" bw="64" slack="0"/>
<pin id="227" dir="0" index="1" bw="62" slack="0"/>
<pin id="228" dir="0" index="2" bw="1" slack="0"/>
<pin id="229" dir="1" index="3" bw="64" slack="0"/>
</pin_list>
<bind>
<opcode="bitconcatenate(1004) " fcode="bitconcatenate"/>
<opset="shl_ln/2 "/>
</bind>
</comp>

<comp id="233" class="1004" name="add_ln25_1_fu_233">
<pin_list>
<pin id="234" dir="0" index="0" bw="64" slack="0"/>
<pin id="235" dir="0" index="1" bw="64" slack="1"/>
<pin id="236" dir="1" index="2" bw="64" slack="0"/>
</pin_list>
<bind>
<opcode="add(8) " fcode="add"/>
<opset="add_ln25_1/2 "/>
</bind>
</comp>

<comp id="238" class="1004" name="trunc_ln1_fu_238">
<pin_list>
<pin id="239" dir="0" index="0" bw="62" slack="0"/>
<pin id="240" dir="0" index="1" bw="64" slack="0"/>
<pin id="241" dir="0" index="2" bw="3" slack="0"/>
<pin id="242" dir="0" index="3" bw="7" slack="0"/>
<pin id="243" dir="1" index="4" bw="62" slack="0"/>
</pin_list>
<bind>
<opcode="partselect(1002) " fcode="partselect"/>
<opset="trunc_ln1/2 "/>
</bind>
</comp>

<comp id="248" class="1004" name="sext_ln25_fu_248">
<pin_list>
<pin id="249" dir="0" index="0" bw="62" slack="0"/>
<pin id="250" dir="1" index="1" bw="64" slack="0"/>
</pin_list>
<bind>
<opcode="sext(35) " fcode="sext"/>
<opset="sext_ln25/2 "/>
</bind>
</comp>

<comp id="252" class="1004" name="gmem_addr_1_fu_252">
<pin_list>
<pin id="253" dir="0" index="0" bw="64" slack="0"/>
<pin id="254" dir="0" index="1" bw="64" slack="0"/>
<pin id="255" dir="1" index="2" bw="64" slack="1"/>
</pin_list>
<bind>
<opcode="getelementptr(29) " fcode="getelementptr"/>
<opset="gmem_addr_1/2 "/>
</bind>
</comp>

<comp id="258" class="1004" name="store_ln25_store_fu_258">
<pin_list>
<pin id="259" dir="0" index="0" bw="62" slack="0"/>
<pin id="260" dir="0" index="1" bw="62" slack="1"/>
<pin id="261" dir="1" index="2" bw="0" slack="2147483647"/>
</pin_list>
<bind>
<opcode="store(28) " fcode="store"/>
<opset="store_ln25/2 "/>
</bind>
</comp>

<comp id="263" class="1004" name="a_fu_263">
<pin_list>
<pin id="264" dir="0" index="0" bw="32" slack="0"/>
<pin id="265" dir="1" index="1" bw="16" slack="2"/>
</pin_list>
<bind>
<opcode="trunc(33) " fcode="trunc"/>
<opset="a/10 "/>
</bind>
</comp>

<comp id="267" class="1004" name="b_fu_267">
<pin_list>
<pin id="268" dir="0" index="0" bw="32" slack="0"/>
<pin id="269" dir="1" index="1" bw="16" slack="1"/>
</pin_list>
<bind>
<opcode="trunc(33) " fcode="trunc"/>
<opset="b/11 "/>
</bind>
</comp>

<comp id="271" class="1004" name="sext_ln26_fu_271">
<pin_list>
<pin id="272" dir="0" index="0" bw="16" slack="2"/>
<pin id="273" dir="1" index="1" bw="32" slack="0"/>
</pin_list>
<bind>
<opcode="sext(35) " fcode="sext"/>
<opset="sext_ln26/12 "/>
</bind>
</comp>

<comp id="274" class="1004" name="sext_ln26_1_fu_274">
<pin_list>
<pin id="275" dir="0" index="0" bw="16" slack="1"/>
<pin id="276" dir="1" index="1" bw="32" slack="0"/>
</pin_list>
<bind>
<opcode="sext(35) " fcode="sext"/>
<opset="sext_ln26_1/12 "/>
</bind>
</comp>

<comp id="277" class="1004" name="sum_load_load_fu_277">
<pin_list>
<pin id="278" dir="0" index="0" bw="32" slack="13"/>
<pin id="279" dir="1" index="1" bw="32" slack="0"/>
</pin_list>
<bind>
<opcode="load(27) " fcode="load"/>
<opset="sum_load/14 "/>
</bind>
</comp>

<comp id="280" class="1004" name="store_ln20_store_fu_280">
<pin_list>
<pin id="281" dir="0" index="0" bw="32" slack="0"/>
<pin id="282" dir="0" index="1" bw="32" slack="14"/>
<pin id="283" dir="1" index="2" bw="0" slack="2147483647"/>
</pin_list>
<bind>
<opcode="store(28) " fcode="store"/>
<opset="store_ln20/15 "/>
</bind>
</comp>

<comp id="284" class="1004" name="sum_load_1_load_fu_284">
<pin_list>
<pin id="285" dir="0" index="0" bw="32" slack="12"/>
<pin id="286" dir="1" index="1" bw="32" slack="0"/>
</pin_list>
<bind>
<opcode="load(27) " fcode="load"/>
<opset="sum_load_1/13 "/>
</bind>
</comp>

<comp id="288" class="1007" name="grp_fu_288">
<pin_list>
<pin id="289" dir="0" index="0" bw="16" slack="0"/>
<pin id="290" dir="0" index="1" bw="16" slack="0"/>
<pin id="291" dir="0" index="2" bw="32" slack="0"/>
<pin id="292" dir="1" index="3" bw="32" slack="0"/>
</pin_list>
<bind>
<opcode="muladd(1172) " fcode="muladd"/>
<opset="mul_ln26/12 sum_1/14 "/>
</bind>
</comp>

<comp id="297" class="1005" name="phi_mul_reg_297">
<pin_list>
<pin id="298" dir="0" index="0" bw="62" slack="0"/>
<pin id="299" dir="1" index="1" bw="62" slack="0"/>
</pin_list>
<bind>
<opset="phi_mul "/>
</bind>
</comp>

<comp id="304" class="1005" name="sum_reg_304">
<pin_list>
<pin id="305" dir="0" index="0" bw="32" slack="0"/>
<pin id="306" dir="1" index="1" bw="32" slack="0"/>
</pin_list>
<bind>
<opset="sum "/>
</bind>
</comp>

<comp id="312" class="1005" name="k_reg_312">
<pin_list>
<pin id="313" dir="0" index="0" bw="32" slack="0"/>
<pin id="314" dir="1" index="1" bw="32" slack="0"/>
</pin_list>
<bind>
<opset="k "/>
</bind>
</comp>

<comp id="319" class="1005" name="in2_read_reg_319">
<pin_list>
<pin id="320" dir="0" index="0" bw="64" slack="1"/>
<pin id="321" dir="1" index="1" bw="64" slack="1"/>
</pin_list>
<bind>
<opset="in2_read "/>
</bind>
</comp>

<comp id="324" class="1005" name="zext_ln18_cast_reg_324">
<pin_list>
<pin id="325" dir="0" index="0" bw="62" slack="1"/>
<pin id="326" dir="1" index="1" bw="62" slack="1"/>
</pin_list>
<bind>
<opset="zext_ln18_cast "/>
</bind>
</comp>

<comp id="329" class="1005" name="dim_cast2_cast_reg_329">
<pin_list>
<pin id="330" dir="0" index="0" bw="62" slack="1"/>
<pin id="331" dir="1" index="1" bw="62" slack="1"/>
</pin_list>
<bind>
<opset="dim_cast2_cast "/>
</bind>
</comp>

<comp id="334" class="1005" name="icmp_ln21_reg_334">
<pin_list>
<pin id="335" dir="0" index="0" bw="1" slack="1"/>
<pin id="336" dir="1" index="1" bw="1" slack="2147483647"/>
</pin_list>
<bind>
<opset="icmp_ln21 "/>
</bind>
</comp>

<comp id="338" class="1005" name="gmem_addr_reg_338">
<pin_list>
<pin id="339" dir="0" index="0" bw="32" slack="1"/>
<pin id="340" dir="1" index="1" bw="32" slack="1"/>
</pin_list>
<bind>
<opset="gmem_addr "/>
</bind>
</comp>

<comp id="344" class="1005" name="gmem_addr_1_reg_344">
<pin_list>
<pin id="345" dir="0" index="0" bw="32" slack="1"/>
<pin id="346" dir="1" index="1" bw="32" slack="1"/>
</pin_list>
<bind>
<opset="gmem_addr_1 "/>
</bind>
</comp>

<comp id="350" class="1005" name="a_reg_350">
<pin_list>
<pin id="351" dir="0" index="0" bw="16" slack="2"/>
<pin id="352" dir="1" index="1" bw="16" slack="2"/>
</pin_list>
<bind>
<opset="a "/>
</bind>
</comp>

<comp id="355" class="1005" name="b_reg_355">
<pin_list>
<pin id="356" dir="0" index="0" bw="16" slack="1"/>
<pin id="357" dir="1" index="1" bw="16" slack="1"/>
</pin_list>
<bind>
<opset="b "/>
</bind>
</comp>

<comp id="360" class="1005" name="sext_ln26_reg_360">
<pin_list>
<pin id="361" dir="0" index="0" bw="32" slack="1"/>
<pin id="362" dir="1" index="1" bw="32" slack="1"/>
</pin_list>
<bind>
<opset="sext_ln26 "/>
</bind>
</comp>

<comp id="365" class="1005" name="sext_ln26_1_reg_365">
<pin_list>
<pin id="366" dir="0" index="0" bw="32" slack="1"/>
<pin id="367" dir="1" index="1" bw="32" slack="1"/>
</pin_list>
<bind>
<opset="sext_ln26_1 "/>
</bind>
</comp>

<comp id="370" class="1005" name="sum_load_reg_370">
<pin_list>
<pin id="371" dir="0" index="0" bw="32" slack="1"/>
<pin id="372" dir="1" index="1" bw="32" slack="1"/>
</pin_list>
<bind>
<opset="sum_load "/>
</bind>
</comp>

</comp_list>

<net_list>
<net id="75"><net_src comp="14" pin="0"/><net_sink comp="72" pin=0"/></net>

<net id="79"><net_src comp="14" pin="0"/><net_sink comp="76" pin=0"/></net>

<net id="83"><net_src comp="14" pin="0"/><net_sink comp="80" pin=0"/></net>

<net id="88"><net_src comp="16" pin="0"/><net_sink comp="84" pin=0"/></net>

<net id="89"><net_src comp="10" pin="0"/><net_sink comp="84" pin=1"/></net>

<net id="94"><net_src comp="18" pin="0"/><net_sink comp="90" pin=0"/></net>

<net id="95"><net_src comp="8" pin="0"/><net_sink comp="90" pin=1"/></net>

<net id="100"><net_src comp="18" pin="0"/><net_sink comp="96" pin=0"/></net>

<net id="101"><net_src comp="6" pin="0"/><net_sink comp="96" pin=1"/></net>

<net id="106"><net_src comp="20" pin="0"/><net_sink comp="102" pin=0"/></net>

<net id="107"><net_src comp="4" pin="0"/><net_sink comp="102" pin=1"/></net>

<net id="112"><net_src comp="18" pin="0"/><net_sink comp="108" pin=0"/></net>

<net id="113"><net_src comp="2" pin="0"/><net_sink comp="108" pin=1"/></net>

<net id="119"><net_src comp="44" pin="0"/><net_sink comp="114" pin=0"/></net>

<net id="120"><net_src comp="46" pin="0"/><net_sink comp="114" pin=2"/></net>

<net id="126"><net_src comp="44" pin="0"/><net_sink comp="121" pin=0"/></net>

<net id="127"><net_src comp="46" pin="0"/><net_sink comp="121" pin=2"/></net>

<net id="132"><net_src comp="58" pin="0"/><net_sink comp="128" pin=0"/></net>

<net id="137"><net_src comp="58" pin="0"/><net_sink comp="133" pin=0"/></net>

<net id="143"><net_src comp="70" pin="0"/><net_sink comp="138" pin=0"/></net>

<net id="144"><net_src comp="12" pin="0"/><net_sink comp="138" pin=1"/></net>

<net id="148"><net_src comp="90" pin="2"/><net_sink comp="145" pin=0"/></net>

<net id="152"><net_src comp="96" pin="2"/><net_sink comp="149" pin=0"/></net>

<net id="156"><net_src comp="102" pin="2"/><net_sink comp="153" pin=0"/></net>

<net id="161"><net_src comp="26" pin="0"/><net_sink comp="157" pin=0"/></net>

<net id="166"><net_src comp="26" pin="0"/><net_sink comp="162" pin=0"/></net>

<net id="171"><net_src comp="40" pin="0"/><net_sink comp="167" pin=0"/></net>

<net id="179"><net_src comp="172" pin="1"/><net_sink comp="175" pin=0"/></net>

<net id="180"><net_src comp="108" pin="2"/><net_sink comp="175" pin=1"/></net>

<net id="185"><net_src comp="172" pin="1"/><net_sink comp="181" pin=0"/></net>

<net id="186"><net_src comp="14" pin="0"/><net_sink comp="181" pin=1"/></net>

<net id="190"><net_src comp="172" pin="1"/><net_sink comp="187" pin=0"/></net>

<net id="195"><net_src comp="187" pin="1"/><net_sink comp="191" pin=0"/></net>

<net id="196"><net_src comp="153" pin="1"/><net_sink comp="191" pin=1"/></net>

<net id="200"><net_src comp="191" pin="2"/><net_sink comp="197" pin=0"/></net>

<net id="205"><net_src comp="0" pin="0"/><net_sink comp="201" pin=0"/></net>

<net id="206"><net_src comp="197" pin="1"/><net_sink comp="201" pin=1"/></net>

<net id="211"><net_src comp="181" pin="2"/><net_sink comp="207" pin=0"/></net>

<net id="219"><net_src comp="212" pin="1"/><net_sink comp="215" pin=0"/></net>

<net id="224"><net_src comp="212" pin="1"/><net_sink comp="220" pin=0"/></net>

<net id="230"><net_src comp="48" pin="0"/><net_sink comp="225" pin=0"/></net>

<net id="231"><net_src comp="220" pin="2"/><net_sink comp="225" pin=1"/></net>

<net id="232"><net_src comp="50" pin="0"/><net_sink comp="225" pin=2"/></net>

<net id="237"><net_src comp="225" pin="3"/><net_sink comp="233" pin=0"/></net>

<net id="244"><net_src comp="52" pin="0"/><net_sink comp="238" pin=0"/></net>

<net id="245"><net_src comp="233" pin="2"/><net_sink comp="238" pin=1"/></net>

<net id="246"><net_src comp="54" pin="0"/><net_sink comp="238" pin=2"/></net>

<net id="247"><net_src comp="56" pin="0"/><net_sink comp="238" pin=3"/></net>

<net id="251"><net_src comp="238" pin="4"/><net_sink comp="248" pin=0"/></net>

<net id="256"><net_src comp="0" pin="0"/><net_sink comp="252" pin=0"/></net>

<net id="257"><net_src comp="248" pin="1"/><net_sink comp="252" pin=1"/></net>

<net id="262"><net_src comp="215" pin="2"/><net_sink comp="258" pin=0"/></net>

<net id="266"><net_src comp="128" pin="2"/><net_sink comp="263" pin=0"/></net>

<net id="270"><net_src comp="133" pin="2"/><net_sink comp="267" pin=0"/></net>

<net id="287"><net_src comp="284" pin="1"/><net_sink comp="138" pin=2"/></net>

<net id="293"><net_src comp="274" pin="1"/><net_sink comp="288" pin=0"/></net>

<net id="294"><net_src comp="271" pin="1"/><net_sink comp="288" pin=1"/></net>

<net id="295"><net_src comp="277" pin="1"/><net_sink comp="288" pin=2"/></net>

<net id="296"><net_src comp="288" pin="3"/><net_sink comp="280" pin=0"/></net>

<net id="300"><net_src comp="72" pin="1"/><net_sink comp="297" pin=0"/></net>

<net id="301"><net_src comp="297" pin="1"/><net_sink comp="167" pin=1"/></net>

<net id="302"><net_src comp="297" pin="1"/><net_sink comp="212" pin=0"/></net>

<net id="303"><net_src comp="297" pin="1"/><net_sink comp="258" pin=1"/></net>

<net id="307"><net_src comp="76" pin="1"/><net_sink comp="304" pin=0"/></net>

<net id="308"><net_src comp="304" pin="1"/><net_sink comp="162" pin=1"/></net>

<net id="309"><net_src comp="304" pin="1"/><net_sink comp="277" pin=0"/></net>

<net id="310"><net_src comp="304" pin="1"/><net_sink comp="280" pin=1"/></net>

<net id="311"><net_src comp="304" pin="1"/><net_sink comp="284" pin=0"/></net>

<net id="315"><net_src comp="80" pin="1"/><net_sink comp="312" pin=0"/></net>

<net id="316"><net_src comp="312" pin="1"/><net_sink comp="157" pin=1"/></net>

<net id="317"><net_src comp="312" pin="1"/><net_sink comp="172" pin=0"/></net>

<net id="318"><net_src comp="312" pin="1"/><net_sink comp="207" pin=1"/></net>

<net id="322"><net_src comp="84" pin="2"/><net_sink comp="319" pin=0"/></net>

<net id="323"><net_src comp="319" pin="1"/><net_sink comp="233" pin=1"/></net>

<net id="327"><net_src comp="145" pin="1"/><net_sink comp="324" pin=0"/></net>

<net id="328"><net_src comp="324" pin="1"/><net_sink comp="220" pin=1"/></net>

<net id="332"><net_src comp="149" pin="1"/><net_sink comp="329" pin=0"/></net>

<net id="333"><net_src comp="329" pin="1"/><net_sink comp="215" pin=1"/></net>

<net id="337"><net_src comp="175" pin="2"/><net_sink comp="334" pin=0"/></net>

<net id="341"><net_src comp="201" pin="2"/><net_sink comp="338" pin=0"/></net>

<net id="342"><net_src comp="338" pin="1"/><net_sink comp="114" pin=1"/></net>

<net id="343"><net_src comp="338" pin="1"/><net_sink comp="128" pin=1"/></net>

<net id="347"><net_src comp="252" pin="2"/><net_sink comp="344" pin=0"/></net>

<net id="348"><net_src comp="344" pin="1"/><net_sink comp="121" pin=1"/></net>

<net id="349"><net_src comp="344" pin="1"/><net_sink comp="133" pin=1"/></net>

<net id="353"><net_src comp="263" pin="1"/><net_sink comp="350" pin=0"/></net>

<net id="354"><net_src comp="350" pin="1"/><net_sink comp="271" pin=0"/></net>

<net id="358"><net_src comp="267" pin="1"/><net_sink comp="355" pin=0"/></net>

<net id="359"><net_src comp="355" pin="1"/><net_sink comp="274" pin=0"/></net>

<net id="363"><net_src comp="271" pin="1"/><net_sink comp="360" pin=0"/></net>

<net id="364"><net_src comp="360" pin="1"/><net_sink comp="288" pin=1"/></net>

<net id="368"><net_src comp="274" pin="1"/><net_sink comp="365" pin=0"/></net>

<net id="369"><net_src comp="365" pin="1"/><net_sink comp="288" pin=0"/></net>

<net id="373"><net_src comp="277" pin="1"/><net_sink comp="370" pin=0"/></net>

<net id="374"><net_src comp="370" pin="1"/><net_sink comp="288" pin=1"/></net>

</net_list>

</model> 
---------------- Datapath Model END ------------------

* FSMD analyzer results:
  - Output states:
	Port: gmem | {}
	Port: sum_out | {13 }
 - Input state : 
	Port: mmult_hw_Pipeline_loop3 : gmem | {2 3 4 5 6 7 8 9 10 11 }
	Port: mmult_hw_Pipeline_loop3 : dim | {1 }
	Port: mmult_hw_Pipeline_loop3 : sext_ln18 | {1 }
	Port: mmult_hw_Pipeline_loop3 : dim_cast2 | {1 }
	Port: mmult_hw_Pipeline_loop3 : zext_ln18 | {1 }
	Port: mmult_hw_Pipeline_loop3 : in2 | {1 }
  - Chain level:
	State 1
		store_ln21 : 1
		store_ln20 : 1
		store_ln0 : 1
		k_1 : 1
		icmp_ln21 : 2
		add_ln21 : 2
		br_ln21 : 3
		zext_ln21 : 2
		add_ln24 : 3
		sext_ln24 : 4
		gmem_addr : 5
		store_ln21 : 3
	State 2
		add_ln25_2 : 1
		add_ln25 : 1
		shl_ln : 2
		add_ln25_1 : 3
		trunc_ln1 : 4
		sext_ln25 : 5
		gmem_addr_1 : 6
		store_ln25 : 2
	State 3
	State 4
	State 5
	State 6
	State 7
	State 8
	State 9
	State 10
	State 11
	State 12
		mul_ln26 : 1
	State 13
		write_ln0 : 1
	State 14
		sum_1 : 1
	State 15
		store_ln20 : 1


============================================================
+ Verbose Summary: Datapath Resource usage 
============================================================

* Functional unit list:
|----------|------------------------------|---------|---------|---------|
| Operation|        Functional Unit       |   DSP   |    FF   |   LUT   |
|----------|------------------------------|---------|---------|---------|
|          |        add_ln21_fu_181       |    0    |    0    |    39   |
|          |        add_ln24_fu_191       |    0    |    0    |    69   |
|    add   |       add_ln25_2_fu_215      |    0    |    0    |    69   |
|          |        add_ln25_fu_220       |    0    |    0    |    69   |
|          |       add_ln25_1_fu_233      |    0    |    0    |    71   |
|----------|------------------------------|---------|---------|---------|
|   icmp   |       icmp_ln21_fu_175       |    0    |    0    |    39   |
|----------|------------------------------|---------|---------|---------|
|  muladd  |          grp_fu_288          |    1    |    0    |    0    |
|----------|------------------------------|---------|---------|---------|
|          |      in2_read_read_fu_84     |    0    |    0    |    0    |
|          |   zext_ln18_read_read_fu_90  |    0    |    0    |    0    |
|          |   dim_cast2_read_read_fu_96  |    0    |    0    |    0    |
|   read   |  sext_ln18_read_read_fu_102  |    0    |    0    |    0    |
|          |     dim_read_read_fu_108     |    0    |    0    |    0    |
|          |  gmem_addr_read_read_fu_128  |    0    |    0    |    0    |
|          | gmem_addr_1_read_read_fu_133 |    0    |    0    |    0    |
|----------|------------------------------|---------|---------|---------|
|  readreq |      grp_readreq_fu_114      |    0    |    0    |    0    |
|          |      grp_readreq_fu_121      |    0    |    0    |    0    |
|----------|------------------------------|---------|---------|---------|
|   write  |    write_ln0_write_fu_138    |    0    |    0    |    0    |
|----------|------------------------------|---------|---------|---------|
|   zext   |     zext_ln18_cast_fu_145    |    0    |    0    |    0    |
|          |       zext_ln21_fu_187       |    0    |    0    |    0    |
|----------|------------------------------|---------|---------|---------|
|          |     dim_cast2_cast_fu_149    |    0    |    0    |    0    |
|          |     sext_ln18_cast_fu_153    |    0    |    0    |    0    |
|   sext   |       sext_ln24_fu_197       |    0    |    0    |    0    |
|          |       sext_ln25_fu_248       |    0    |    0    |    0    |
|          |       sext_ln26_fu_271       |    0    |    0    |    0    |
|          |      sext_ln26_1_fu_274      |    0    |    0    |    0    |
|----------|------------------------------|---------|---------|---------|
|bitconcatenate|         shl_ln_fu_225        |    0    |    0    |    0    |
|----------|------------------------------|---------|---------|---------|
|partselect|       trunc_ln1_fu_238       |    0    |    0    |    0    |
|----------|------------------------------|---------|---------|---------|
|   trunc  |           a_fu_263           |    0    |    0    |    0    |
|          |           b_fu_267           |    0    |    0    |    0    |
|----------|------------------------------|---------|---------|---------|
|   Total  |                              |    1    |    0    |   356   |
|----------|------------------------------|---------|---------|---------|

Memories:
N/A

* Register list:
+----------------------+--------+
|                      |   FF   |
+----------------------+--------+
|       a_reg_350      |   16   |
|       b_reg_355      |   16   |
|dim_cast2_cast_reg_329|   62   |
|  gmem_addr_1_reg_344 |   32   |
|   gmem_addr_reg_338  |   32   |
|   icmp_ln21_reg_334  |    1   |
|   in2_read_reg_319   |   64   |
|       k_reg_312      |   32   |
|    phi_mul_reg_297   |   62   |
|  sext_ln26_1_reg_365 |   32   |
|   sext_ln26_reg_360  |   32   |
|   sum_load_reg_370   |   32   |
|      sum_reg_304     |   32   |
|zext_ln18_cast_reg_324|   62   |
+----------------------+--------+
|         Total        |   507  |
+----------------------+--------+

* Multiplexer (MUX) list: 
|------------|------|------|------|--------||---------||---------||---------|
|    Comp    |  Pin | Size |  BW  | S x BW ||  Delay  ||    FF   ||   LUT   |
|------------|------|------|------|--------||---------||---------||---------|
| grp_fu_288 |  p0  |   2  |  16  |   32   ||    0    ||    9    |
| grp_fu_288 |  p1  |   3  |  16  |   48   ||    0    ||    14   |
|------------|------|------|------|--------||---------||---------||---------|
|    Total   |      |      |      |   80   ||  1.036  ||    0    ||    23   |
|------------|------|------|------|--------||---------||---------||---------|



* Summary:
+-----------+--------+--------+--------+--------+
|           |   DSP  |  Delay |   FF   |   LUT  |
+-----------+--------+--------+--------+--------+
|  Function |    1   |    -   |    0   |   356  |
|   Memory  |    -   |    -   |    -   |    -   |
|Multiplexer|    -   |    1   |    0   |   23   |
|  Register |    -   |    -   |   507  |    -   |
+-----------+--------+--------+--------+--------+
|   Total   |    1   |    1   |   507  |   379  |
+-----------+--------+--------+--------+--------+
