

================================================================
== Vitis HLS Report for 'mmult_hw'
================================================================
* Date:           Sun Feb 22 01:18:43 2026

* Version:        2024.1 (Build 5069499 on May 21 2024)
* Project:        matmul_D10_AXISep_Data_Type
* Solution:       hls (Vivado IP Flow Target)
* Product family: zynquplus
* Target device:  xczu3eg-sbva484-1-e


================================================================
== Performance Estimates
================================================================
+ Timing: 
    * Summary: 
    +--------+----------+----------+------------+
    |  Clock |  Target  | Estimated| Uncertainty|
    +--------+----------+----------+------------+
    |ap_clk  |  10.00 ns|  7.300 ns|     2.70 ns|
    +--------+----------+----------+------------+

+ Latency: 
    * Summary: 
    +---------+---------+-----------+-----------+---------+---------+---------+
    |  Latency (cycles) |   Latency (absolute)  |      Interval     | Pipeline|
    |   min   |   max   |    min    |    max    |   min   |   max   |   Type  |
    +---------+---------+-----------+-----------+---------+---------+---------+
    |  4473096|  4473096|  44.731 ms|  44.731 ms|  4473097|  4473097|       no|
    +---------+---------+-----------+-----------+---------+---------+---------+

    + Detail: 
        * Instance: 
        N/A

        * Loop: 
        +----------+---------+---------+----------+-----------+-----------+------+----------+
        |          |  Latency (cycles) | Iteration|  Initiation Interval  | Trip |          |
        | Loop Name|   min   |   max   |  Latency |  achieved |   target  | Count| Pipelined|
        +----------+---------+---------+----------+-----------+-----------+------+----------+
        |- loop1   |  4473088|  4473088|     34946|          -|          -|   128|        no|
        | + loop2  |    34944|    34944|       273|          -|          -|   128|        no|
        +----------+---------+---------+----------+-----------+-----------+------+----------+

============================================================
+ Verbose Summary: Synthesis Manager
============================================================
InlineROM: 1
ExposeGlobal: 0
============================================================
+ Verbose Summary: CDFG Model
============================================================
IsTopModel: 1
ResetActiveHigh: 1
IsCombinational: 0
IsDatapathOnly: 0
HasWiredReturn: 1
HasMFsm: 0
HasVarLatency: 1
IsPipeline: 0
IsRtlPipelined: 0
IsInstanceOverlapped: 0
IsDontTouch: 0
HasImplIP: 0
IsGatedGlobalClock: 0


============================================================
+ Verbose Summary: Schedule
============================================================
* Number of FSM states : 12
* Pipeline : 0
* Dataflow Pipeline: 0

* FSM state transitions: 
1 --> 2 
2 --> 3 
3 --> 4 
4 --> 8 5 
5 --> 6 4 
6 --> 7 
7 --> 5 
8 --> 9 
9 --> 10 
10 --> 11 
11 --> 12 
12 --> 

* FSM state operations: 

State 1 <SV = 0> <Delay = 2.20>
ST_1 : Operation 13 [1/1] (0.00ns)   --->   "%phi_mul1 = alloca i32 1"   --->   Operation 13 'alloca' 'phi_mul1' <Predicate = true> <Delay = 0.00>
ST_1 : Operation 14 [1/1] (0.00ns)   --->   "%i = alloca i32 1" [mmult_baseline.cpp:16]   --->   Operation 14 'alloca' 'i' <Predicate = true> <Delay = 0.00>
ST_1 : Operation 15 [1/1] (1.00ns)   --->   "%dim_read = read i32 @_ssdm_op_Read.s_axilite.i32, i32 %dim"   --->   Operation 15 'read' 'dim_read' <Predicate = true> <Delay = 1.00> <CoreInst = "s_axilite">   --->   Core 120 's_axilite' <Latency = 0> <II = 1> <Delay = 1.00> <Adapter> <Opcode : 'read' 'write'>
ST_1 : Operation 16 [1/1] (1.00ns)   --->   "%out_r_read = read i64 @_ssdm_op_Read.s_axilite.i64, i64 %out_r"   --->   Operation 16 'read' 'out_r_read' <Predicate = true> <Delay = 1.00> <CoreInst = "s_axilite">   --->   Core 120 's_axilite' <Latency = 0> <II = 1> <Delay = 1.00> <Adapter> <Opcode : 'read' 'write'>
ST_1 : Operation 17 [1/1] (1.00ns)   --->   "%in2_read = read i64 @_ssdm_op_Read.s_axilite.i64, i64 %in2"   --->   Operation 17 'read' 'in2_read' <Predicate = true> <Delay = 1.00> <CoreInst = "s_axilite">   --->   Core 120 's_axilite' <Latency = 0> <II = 1> <Delay = 1.00> <Adapter> <Opcode : 'read' 'write'>
ST_1 : Operation 18 [1/1] (1.00ns)   --->   "%in1_read = read i64 @_ssdm_op_Read.s_axilite.i64, i64 %in1"   --->   Operation 18 'read' 'in1_read' <Predicate = true> <Delay = 1.00> <CoreInst = "s_axilite">   --->   Core 120 's_axilite' <Latency = 0> <II = 1> <Delay = 1.00> <Adapter> <Opcode : 'read' 'write'>
ST_1 : Operation 19 [1/1] (0.00ns)   --->   "%sum_loc = alloca i64 1"   --->   Operation 19 'alloca' 'sum_loc' <Predicate = true> <Delay = 0.00>
ST_1 : Operation 20 [1/1] (1.20ns)   --->   "%icmp_ln16 = icmp_sgt  i32 %dim_read, i32 0" [mmult_baseline.cpp:16]   --->   Operation 20 'icmp' 'icmp_ln16' <Predicate = true> <Delay = 1.20> <CoreInst = "Cmp">   --->   Core 9 'Cmp' <Latency = 0> <II = 1> <Delay = 1.20> <FuncUnit> <Opcode : 'seteq' 'setne' 'setle' 'setge' 'setlt' 'setgt'> <InPorts = 2> <OutPorts = 1>
ST_1 : Operation 21 [1/1] (0.00ns)   --->   "%trunc_ln = partselect i62 @_ssdm_op_PartSelect.i62.i64.i32.i32, i64 %out_r_read, i32 2, i32 63" [mmult_baseline.cpp:16]   --->   Operation 21 'partselect' 'trunc_ln' <Predicate = true> <Delay = 0.00>
ST_1 : Operation 22 [1/1] (0.00ns)   --->   "%sext_ln16 = sext i62 %trunc_ln" [mmult_baseline.cpp:16]   --->   Operation 22 'sext' 'sext_ln16' <Predicate = true> <Delay = 0.00>
ST_1 : Operation 23 [1/1] (0.00ns)   --->   "%gmem_addr = getelementptr i32 %gmem, i64 %sext_ln16" [mmult_baseline.cpp:16]   --->   Operation 23 'getelementptr' 'gmem_addr' <Predicate = true> <Delay = 0.00>
ST_1 : Operation 24 [1/1] (0.48ns)   --->   "%store_ln16 = store i31 0, i31 %i" [mmult_baseline.cpp:16]   --->   Operation 24 'store' 'store_ln16' <Predicate = true> <Delay = 0.48>
ST_1 : Operation 25 [1/1] (0.48ns)   --->   "%store_ln0 = store i62 0, i62 %phi_mul1"   --->   Operation 25 'store' 'store_ln0' <Predicate = true> <Delay = 0.48>

State 2 <SV = 1> <Delay = 4.35>
ST_2 : Operation 26 [1/1] (0.00ns)   --->   "%zext_ln16 = zext i32 %dim_read" [mmult_baseline.cpp:16]   --->   Operation 26 'zext' 'zext_ln16' <Predicate = true> <Delay = 0.00>
ST_2 : Operation 27 [1/1] (3.88ns)   --->   "%mul_ln16 = mul i62 %zext_ln16, i62 %zext_ln16" [mmult_baseline.cpp:16]   --->   Operation 27 'mul' 'mul_ln16' <Predicate = (icmp_ln16)> <Delay = 3.88> <CoreInst = "Multiplier">   --->   Core 3 'Multiplier' <Latency = 0> <II = 1> <Delay = 3.88> <FuncUnit> <Opcode : 'mul'> <InPorts = 2> <OutPorts = 1>
ST_2 : Operation 28 [1/1] (0.47ns)   --->   "%empty = select i1 %icmp_ln16, i62 %mul_ln16, i62 0" [mmult_baseline.cpp:16]   --->   Operation 28 'select' 'empty' <Predicate = true> <Delay = 0.47> <CoreInst = "Sel">   --->   Core 73 'Sel' <Latency = 0> <II = 1> <Delay = 0.47> <FuncUnit> <Opcode : 'select'> <InPorts = 3> <OutPorts = 1>

State 3 <SV = 2> <Delay = 7.30>
ST_3 : Operation 29 [1/1] (0.00ns)   --->   "%spectopmodule_ln8 = spectopmodule void @_ssdm_op_SpecTopModule, void @empty_12" [mmult_baseline.cpp:8]   --->   Operation 29 'spectopmodule' 'spectopmodule_ln8' <Predicate = true> <Delay = 0.00>
ST_3 : Operation 30 [1/1] (0.00ns)   --->   "%specinterface_ln0 = specinterface void @_ssdm_op_SpecInterface, i32 %gmem, void @empty, i32 0, i32 0, void @empty_0, i32 0, i32 16384, void @empty_1, void @empty_2, void @empty_0, i32 16, i32 16, i32 16, i32 16, void @empty_0, void @empty_0, i32 4294967295, i32 0, i32 0"   --->   Operation 30 'specinterface' 'specinterface_ln0' <Predicate = true> <Delay = 0.00>
ST_3 : Operation 31 [1/1] (0.00ns)   --->   "%specbitsmap_ln0 = specbitsmap void @_ssdm_op_SpecBitsMap, i32 %gmem"   --->   Operation 31 'specbitsmap' 'specbitsmap_ln0' <Predicate = true> <Delay = 0.00>
ST_3 : Operation 32 [1/1] (0.00ns)   --->   "%specinterface_ln0 = specinterface void @_ssdm_op_SpecInterface, i64 %in1, void @empty_3, i32 0, i32 0, void @empty_0, i32 0, i32 0, void @empty_4, void @empty_5, void @empty_0, i32 0, i32 0, i32 0, i32 0, void @empty_0, void @empty_6, i32 4294967295, i32 0, i32 0"   --->   Operation 32 'specinterface' 'specinterface_ln0' <Predicate = true> <Delay = 0.00>
ST_3 : Operation 33 [1/1] (0.00ns)   --->   "%specinterface_ln0 = specinterface void @_ssdm_op_SpecInterface, i64 %in1, void @empty_7, i32 0, i32 0, void @empty_0, i32 0, i32 0, void @empty_0, void @empty_0, void @empty_0, i32 0, i32 0, i32 0, i32 0, void @empty_0, void @empty_6, i32 4294967295, i32 0, i32 0"   --->   Operation 33 'specinterface' 'specinterface_ln0' <Predicate = true> <Delay = 0.00>
ST_3 : Operation 34 [1/1] (0.00ns)   --->   "%specinterface_ln0 = specinterface void @_ssdm_op_SpecInterface, i64 %in2, void @empty_3, i32 0, i32 0, void @empty_0, i32 0, i32 0, void @empty_4, void @empty_8, void @empty_0, i32 0, i32 0, i32 0, i32 0, void @empty_0, void @empty_6, i32 4294967295, i32 0, i32 0"   --->   Operation 34 'specinterface' 'specinterface_ln0' <Predicate = true> <Delay = 0.00>
ST_3 : Operation 35 [1/1] (0.00ns)   --->   "%specinterface_ln0 = specinterface void @_ssdm_op_SpecInterface, i64 %in2, void @empty_7, i32 0, i32 0, void @empty_0, i32 0, i32 0, void @empty_0, void @empty_0, void @empty_0, i32 0, i32 0, i32 0, i32 0, void @empty_0, void @empty_6, i32 4294967295, i32 0, i32 0"   --->   Operation 35 'specinterface' 'specinterface_ln0' <Predicate = true> <Delay = 0.00>
ST_3 : Operation 36 [1/1] (0.00ns)   --->   "%specinterface_ln0 = specinterface void @_ssdm_op_SpecInterface, i64 %out_r, void @empty_3, i32 0, i32 0, void @empty_0, i32 0, i32 0, void @empty_4, void @empty_9, void @empty_0, i32 0, i32 0, i32 0, i32 0, void @empty_0, void @empty_6, i32 4294967295, i32 0, i32 0"   --->   Operation 36 'specinterface' 'specinterface_ln0' <Predicate = true> <Delay = 0.00>
ST_3 : Operation 37 [1/1] (0.00ns)   --->   "%specinterface_ln0 = specinterface void @_ssdm_op_SpecInterface, i64 %out_r, void @empty_7, i32 0, i32 0, void @empty_0, i32 0, i32 0, void @empty_0, void @empty_0, void @empty_0, i32 0, i32 0, i32 0, i32 0, void @empty_0, void @empty_6, i32 4294967295, i32 0, i32 0"   --->   Operation 37 'specinterface' 'specinterface_ln0' <Predicate = true> <Delay = 0.00>
ST_3 : Operation 38 [1/1] (0.00ns)   --->   "%specbitsmap_ln0 = specbitsmap void @_ssdm_op_SpecBitsMap, i32 %dim"   --->   Operation 38 'specbitsmap' 'specbitsmap_ln0' <Predicate = true> <Delay = 0.00>
ST_3 : Operation 39 [1/1] (0.00ns)   --->   "%specinterface_ln0 = specinterface void @_ssdm_op_SpecInterface, i32 %dim, void @empty_3, i32 4294967295, i32 4294967295, void @empty_10, i32 0, i32 0, void @empty_4, void @empty_11, void @empty_0, i32 0, i32 0, i32 0, i32 0, void @empty_0, void @empty_0, i32 4294967295, i32 0, i32 0"   --->   Operation 39 'specinterface' 'specinterface_ln0' <Predicate = true> <Delay = 0.00>
ST_3 : Operation 40 [1/1] (0.00ns)   --->   "%specinterface_ln0 = specinterface void @_ssdm_op_SpecInterface, i32 %dim, void @empty_7, i32 4294967295, i32 4294967295, void @empty_0, i32 0, i32 0, void @empty_0, void @empty_0, void @empty_0, i32 0, i32 0, i32 0, i32 0, void @empty_0, void @empty_0, i32 4294967295, i32 0, i32 0"   --->   Operation 40 'specinterface' 'specinterface_ln0' <Predicate = true> <Delay = 0.00>
ST_3 : Operation 41 [1/1] (0.00ns)   --->   "%specinterface_ln0 = specinterface void @_ssdm_op_SpecInterface, i32 0, void @empty_3, i32 0, i32 0, void @empty_0, i32 0, i32 0, void @empty_4, void @empty_0, void @empty_0, i32 0, i32 0, i32 0, i32 0, void @empty_0, void @empty_0, i32 4294967295, i32 0, i32 0"   --->   Operation 41 'specinterface' 'specinterface_ln0' <Predicate = true> <Delay = 0.00>
ST_3 : Operation 42 [1/1] (0.00ns)   --->   "%zext_ln16_1 = zext i62 %empty" [mmult_baseline.cpp:16]   --->   Operation 42 'zext' 'zext_ln16_1' <Predicate = true> <Delay = 0.00>
ST_3 : Operation 43 [1/1] (7.30ns)   --->   "%empty_21 = writereq i1 @_ssdm_op_WriteReq.m_axi.p1i32, i32 %gmem_addr, i64 %zext_ln16_1" [mmult_baseline.cpp:16]   --->   Operation 43 'writereq' 'empty_21' <Predicate = true> <Delay = 7.30> <CoreInst = "m_axi">   --->   Core 119 'm_axi' <Latency = 0> <II = 1> <Delay = 1.00> <Adapter> <Opcode : 'read' 'write' 'readreq' 'writereq' 'writeresp'>
ST_3 : Operation 44 [1/1] (0.00ns)   --->   "%br_ln16 = br void %loop2" [mmult_baseline.cpp:16]   --->   Operation 44 'br' 'br_ln16' <Predicate = true> <Delay = 0.00>

State 4 <SV = 3> <Delay = 1.69>
ST_4 : Operation 45 [1/1] (0.00ns)   --->   "%phi_mul1_load = load i62 %phi_mul1" [mmult_baseline.cpp:16]   --->   Operation 45 'load' 'phi_mul1_load' <Predicate = true> <Delay = 0.00>
ST_4 : Operation 46 [1/1] (0.00ns)   --->   "%i_1 = load i31 %i" [mmult_baseline.cpp:16]   --->   Operation 46 'load' 'i_1' <Predicate = true> <Delay = 0.00>
ST_4 : Operation 47 [1/1] (1.44ns)   --->   "%add_ln16_1 = add i62 %phi_mul1_load, i62 %zext_ln16" [mmult_baseline.cpp:16]   --->   Operation 47 'add' 'add_ln16_1' <Predicate = true> <Delay = 1.44> <CoreInst = "Adder">   --->   Core 1 'Adder' <Latency = 0> <II = 1> <Delay = 1.44> <FuncUnit> <Opcode : 'add' 'sub'> <InPorts = 2> <OutPorts = 1>
ST_4 : Operation 48 [1/1] (0.00ns)   --->   "%zext_ln16_2 = zext i31 %i_1" [mmult_baseline.cpp:16]   --->   Operation 48 'zext' 'zext_ln16_2' <Predicate = true> <Delay = 0.00>
ST_4 : Operation 49 [1/1] (1.20ns)   --->   "%icmp_ln16_1 = icmp_slt  i32 %zext_ln16_2, i32 %dim_read" [mmult_baseline.cpp:16]   --->   Operation 49 'icmp' 'icmp_ln16_1' <Predicate = true> <Delay = 1.20> <CoreInst = "Cmp">   --->   Core 9 'Cmp' <Latency = 0> <II = 1> <Delay = 1.20> <FuncUnit> <Opcode : 'seteq' 'setne' 'setle' 'setge' 'setlt' 'setgt'> <InPorts = 2> <OutPorts = 1>
ST_4 : Operation 50 [1/1] (1.19ns)   --->   "%add_ln16 = add i31 %i_1, i31 1" [mmult_baseline.cpp:16]   --->   Operation 50 'add' 'add_ln16' <Predicate = true> <Delay = 1.19> <CoreInst = "Adder">   --->   Core 1 'Adder' <Latency = 0> <II = 1> <Delay = 1.19> <FuncUnit> <Opcode : 'add' 'sub'> <InPorts = 2> <OutPorts = 1>
ST_4 : Operation 51 [1/1] (0.00ns)   --->   "%br_ln16 = br i1 %icmp_ln16_1, void %for.end23.loopexit, void %loop2.split" [mmult_baseline.cpp:16]   --->   Operation 51 'br' 'br_ln16' <Predicate = true> <Delay = 0.00>
ST_4 : Operation 52 [1/1] (0.00ns)   --->   "%speclooptripcount_ln17 = speclooptripcount void @_ssdm_op_SpecLoopTripCount, i64 128, i64 128, i64 128" [mmult_baseline.cpp:17]   --->   Operation 52 'speclooptripcount' 'speclooptripcount_ln17' <Predicate = (icmp_ln16_1)> <Delay = 0.00>
ST_4 : Operation 53 [1/1] (0.00ns)   --->   "%specloopname_ln16 = specloopname void @_ssdm_op_SpecLoopName, void @empty_15" [mmult_baseline.cpp:16]   --->   Operation 53 'specloopname' 'specloopname_ln16' <Predicate = (icmp_ln16_1)> <Delay = 0.00>
ST_4 : Operation 54 [1/1] (0.00ns)   --->   "%tmp = bitconcatenate i64 @_ssdm_op_BitConcatenate.i64.i62.i2, i62 %phi_mul1_load, i2 0" [mmult_baseline.cpp:16]   --->   Operation 54 'bitconcatenate' 'tmp' <Predicate = (icmp_ln16_1)> <Delay = 0.00>
ST_4 : Operation 55 [1/1] (1.47ns)   --->   "%empty_22 = add i64 %tmp, i64 %in1_read" [mmult_baseline.cpp:16]   --->   Operation 55 'add' 'empty_22' <Predicate = (icmp_ln16_1)> <Delay = 1.47> <CoreInst = "Adder">   --->   Core 1 'Adder' <Latency = 0> <II = 1> <Delay = 1.47> <FuncUnit> <Opcode : 'add' 'sub'> <InPorts = 2> <OutPorts = 1>
ST_4 : Operation 56 [1/1] (0.00ns)   --->   "%p_cast = partselect i62 @_ssdm_op_PartSelect.i62.i64.i32.i32, i64 %empty_22, i32 2, i32 63" [mmult_baseline.cpp:16]   --->   Operation 56 'partselect' 'p_cast' <Predicate = (icmp_ln16_1)> <Delay = 0.00>
ST_4 : Operation 57 [1/1] (0.48ns)   --->   "%br_ln18 = br void %loop3" [mmult_baseline.cpp:18]   --->   Operation 57 'br' 'br_ln18' <Predicate = (icmp_ln16_1)> <Delay = 0.48>

State 5 <SV = 4> <Delay = 2.89>
ST_5 : Operation 58 [1/1] (0.00ns)   --->   "%j = phi i32 0, void %loop2.split, i32 %add_ln18, void %loop3.split" [mmult_baseline.cpp:18]   --->   Operation 58 'phi' 'j' <Predicate = true> <Delay = 0.00>
ST_5 : Operation 59 [1/1] (1.20ns)   --->   "%icmp_ln18 = icmp_eq  i32 %j, i32 %dim_read" [mmult_baseline.cpp:18]   --->   Operation 59 'icmp' 'icmp_ln18' <Predicate = true> <Delay = 1.20> <CoreInst = "Cmp">   --->   Core 9 'Cmp' <Latency = 0> <II = 1> <Delay = 1.20> <FuncUnit> <Opcode : 'seteq' 'setne' 'setle' 'setge' 'setlt' 'setgt'> <InPorts = 2> <OutPorts = 1>
ST_5 : Operation 60 [1/1] (1.20ns)   --->   "%add_ln18 = add i32 %j, i32 1" [mmult_baseline.cpp:18]   --->   Operation 60 'add' 'add_ln18' <Predicate = true> <Delay = 1.20> <CoreInst = "Adder">   --->   Core 1 'Adder' <Latency = 0> <II = 1> <Delay = 1.20> <FuncUnit> <Opcode : 'add' 'sub'> <InPorts = 2> <OutPorts = 1>
ST_5 : Operation 61 [1/1] (0.00ns)   --->   "%br_ln18 = br i1 %icmp_ln18, void %loop3.split, void %for.inc21" [mmult_baseline.cpp:18]   --->   Operation 61 'br' 'br_ln18' <Predicate = true> <Delay = 0.00>
ST_5 : Operation 62 [2/2] (1.69ns)   --->   "%call_ln16 = call void @mmult_hw_Pipeline_loop3, i32 %gmem, i32 %dim_read, i62 %p_cast, i32 %dim_read, i32 %j, i64 %in2_read, i32 %sum_loc" [mmult_baseline.cpp:16]   --->   Operation 62 'call' 'call_ln16' <Predicate = (!icmp_ln18)> <Delay = 1.69> <CoreType = "Generic">   --->   Core 0 '' <Latency = 0> <II = 1> <Delay = 1.00> <Generic> <Opcode : >
ST_5 : Operation 63 [1/1] (0.48ns)   --->   "%store_ln16 = store i31 %add_ln16, i31 %i" [mmult_baseline.cpp:16]   --->   Operation 63 'store' 'store_ln16' <Predicate = (icmp_ln18)> <Delay = 0.48>
ST_5 : Operation 64 [1/1] (0.48ns)   --->   "%store_ln16 = store i62 %add_ln16_1, i62 %phi_mul1" [mmult_baseline.cpp:16]   --->   Operation 64 'store' 'store_ln16' <Predicate = (icmp_ln18)> <Delay = 0.48>
ST_5 : Operation 65 [1/1] (0.00ns)   --->   "%br_ln16 = br void %loop2" [mmult_baseline.cpp:16]   --->   Operation 65 'br' 'br_ln16' <Predicate = (icmp_ln18)> <Delay = 0.00>

State 6 <SV = 5> <Delay = 0.00>
ST_6 : Operation 66 [1/2] (0.00ns)   --->   "%call_ln16 = call void @mmult_hw_Pipeline_loop3, i32 %gmem, i32 %dim_read, i62 %p_cast, i32 %dim_read, i32 %j, i64 %in2_read, i32 %sum_loc" [mmult_baseline.cpp:16]   --->   Operation 66 'call' 'call_ln16' <Predicate = true> <Delay = 0.00> <CoreType = "Generic">   --->   Core 0 '' <Latency = 0> <II = 1> <Delay = 1.00> <Generic> <Opcode : >

State 7 <SV = 6> <Delay = 7.30>
ST_7 : Operation 67 [1/1] (0.00ns)   --->   "%speclooptripcount_ln19 = speclooptripcount void @_ssdm_op_SpecLoopTripCount, i64 128, i64 128, i64 128" [mmult_baseline.cpp:19]   --->   Operation 67 'speclooptripcount' 'speclooptripcount_ln19' <Predicate = true> <Delay = 0.00>
ST_7 : Operation 68 [1/1] (0.00ns)   --->   "%specloopname_ln18 = specloopname void @_ssdm_op_SpecLoopName, void @empty_14" [mmult_baseline.cpp:18]   --->   Operation 68 'specloopname' 'specloopname_ln18' <Predicate = true> <Delay = 0.00>
ST_7 : Operation 69 [1/1] (0.00ns)   --->   "%sum_loc_load = load i32 %sum_loc"   --->   Operation 69 'load' 'sum_loc_load' <Predicate = true> <Delay = 0.00>
ST_7 : Operation 70 [1/1] (7.30ns)   --->   "%write_ln28 = write void @_ssdm_op_Write.m_axi.p1i32, i32 %gmem_addr, i32 %sum_loc_load, i4 15" [mmult_baseline.cpp:28]   --->   Operation 70 'write' 'write_ln28' <Predicate = true> <Delay = 7.30> <CoreInst = "m_axi">   --->   Core 119 'm_axi' <Latency = 0> <II = 1> <Delay = 1.00> <Adapter> <Opcode : 'read' 'write' 'readreq' 'writereq' 'writeresp'>
ST_7 : Operation 71 [1/1] (0.00ns)   --->   "%br_ln18 = br void %loop3" [mmult_baseline.cpp:18]   --->   Operation 71 'br' 'br_ln18' <Predicate = true> <Delay = 0.00>

State 8 <SV = 4> <Delay = 7.30>
ST_8 : Operation 72 [5/5] (7.30ns)   --->   "%empty_23 = writeresp i1 @_ssdm_op_WriteResp.m_axi.p1i32, i32 %gmem_addr" [mmult_baseline.cpp:31]   --->   Operation 72 'writeresp' 'empty_23' <Predicate = true> <Delay = 7.30> <CoreInst = "m_axi">   --->   Core 119 'm_axi' <Latency = 0> <II = 1> <Delay = 1.00> <Adapter> <Opcode : 'read' 'write' 'readreq' 'writereq' 'writeresp'>

State 9 <SV = 5> <Delay = 7.30>
ST_9 : Operation 73 [4/5] (7.30ns)   --->   "%empty_23 = writeresp i1 @_ssdm_op_WriteResp.m_axi.p1i32, i32 %gmem_addr" [mmult_baseline.cpp:31]   --->   Operation 73 'writeresp' 'empty_23' <Predicate = true> <Delay = 7.30> <CoreInst = "m_axi">   --->   Core 119 'm_axi' <Latency = 0> <II = 1> <Delay = 1.00> <Adapter> <Opcode : 'read' 'write' 'readreq' 'writereq' 'writeresp'>

State 10 <SV = 6> <Delay = 7.30>
ST_10 : Operation 74 [3/5] (7.30ns)   --->   "%empty_23 = writeresp i1 @_ssdm_op_WriteResp.m_axi.p1i32, i32 %gmem_addr" [mmult_baseline.cpp:31]   --->   Operation 74 'writeresp' 'empty_23' <Predicate = true> <Delay = 7.30> <CoreInst = "m_axi">   --->   Core 119 'm_axi' <Latency = 0> <II = 1> <Delay = 1.00> <Adapter> <Opcode : 'read' 'write' 'readreq' 'writereq' 'writeresp'>

State 11 <SV = 7> <Delay = 7.30>
ST_11 : Operation 75 [2/5] (7.30ns)   --->   "%empty_23 = writeresp i1 @_ssdm_op_WriteResp.m_axi.p1i32, i32 %gmem_addr" [mmult_baseline.cpp:31]   --->   Operation 75 'writeresp' 'empty_23' <Predicate = true> <Delay = 7.30> <CoreInst = "m_axi">   --->   Core 119 'm_axi' <Latency = 0> <II = 1> <Delay = 1.00> <Adapter> <Opcode : 'read' 'write' 'readreq' 'writereq' 'writeresp'>

State 12 <SV = 8> <Delay = 7.30>
ST_12 : Operation 76 [1/5] (7.30ns)   --->   "%empty_23 = writeresp i1 @_ssdm_op_WriteResp.m_axi.p1i32, i32 %gmem_addr" [mmult_baseline.cpp:31]   --->   Operation 76 'writeresp' 'empty_23' <Predicate = true> <Delay = 7.30> <CoreInst = "m_axi">   --->   Core 119 'm_axi' <Latency = 0> <II = 1> <Delay = 1.00> <Adapter> <Opcode : 'read' 'write' 'readreq' 'writereq' 'writeresp'>
ST_12 : Operation 77 [1/1] (0.00ns)   --->   "%ret_ln31 = ret" [mmult_baseline.cpp:31]   --->   Operation 77 'ret' 'ret_ln31' <Predicate = true> <Delay = 0.00>


============================================================
+ Verbose Summary: Timing violations
============================================================
Target clock period: 10.000ns, clock uncertainty: 2.700ns.

 <State 1>: 2.203ns
The critical path consists of the following:
	s_axi read operation ('dim_read') on port 'dim' [8]  (1.000 ns)
	'icmp' operation 1 bit ('icmp_ln16', mmult_baseline.cpp:16) [26]  (1.203 ns)

 <State 2>: 4.358ns
The critical path consists of the following:
	'mul' operation 62 bit ('mul_ln16', mmult_baseline.cpp:16) [28]  (3.880 ns)
	'select' operation 62 bit ('empty', mmult_baseline.cpp:16) [32]  (0.478 ns)

 <State 3>: 7.300ns
The critical path consists of the following:
	bus request operation ('empty_21', mmult_baseline.cpp:16) on port 'gmem' (mmult_baseline.cpp:16) [34]  (7.300 ns)

 <State 4>: 1.692ns
The critical path consists of the following:
	'load' operation 62 bit ('phi_mul1_load', mmult_baseline.cpp:16) on local variable 'phi_mul1' [39]  (0.000 ns)
	'add' operation 64 bit ('empty_22', mmult_baseline.cpp:16) [50]  (1.470 ns)
	blocking operation 0.222 ns on control path)

 <State 5>: 2.895ns
The critical path consists of the following:
	'phi' operation 32 bit ('j', mmult_baseline.cpp:18) with incoming values : ('add_ln18', mmult_baseline.cpp:18) [54]  (0.000 ns)
	'icmp' operation 1 bit ('icmp_ln18', mmult_baseline.cpp:18) [55]  (1.203 ns)
	'call' operation 0 bit ('call_ln16', mmult_baseline.cpp:16) to 'mmult_hw_Pipeline_loop3' [61]  (1.692 ns)

 <State 6>: 0.000ns
The critical path consists of the following:

 <State 7>: 7.300ns
The critical path consists of the following:
	'load' operation 32 bit ('sum_loc_load') on local variable 'sum_loc' [62]  (0.000 ns)
	bus write operation ('write_ln28', mmult_baseline.cpp:28) on port 'gmem' (mmult_baseline.cpp:28) [63]  (7.300 ns)

 <State 8>: 7.300ns
The critical path consists of the following:
	bus response operation ('empty_23', mmult_baseline.cpp:31) on port 'gmem' (mmult_baseline.cpp:31) [70]  (7.300 ns)

 <State 9>: 7.300ns
The critical path consists of the following:
	bus response operation ('empty_23', mmult_baseline.cpp:31) on port 'gmem' (mmult_baseline.cpp:31) [70]  (7.300 ns)

 <State 10>: 7.300ns
The critical path consists of the following:
	bus response operation ('empty_23', mmult_baseline.cpp:31) on port 'gmem' (mmult_baseline.cpp:31) [70]  (7.300 ns)

 <State 11>: 7.300ns
The critical path consists of the following:
	bus response operation ('empty_23', mmult_baseline.cpp:31) on port 'gmem' (mmult_baseline.cpp:31) [70]  (7.300 ns)

 <State 12>: 7.300ns
The critical path consists of the following:
	bus response operation ('empty_23', mmult_baseline.cpp:31) on port 'gmem' (mmult_baseline.cpp:31) [70]  (7.300 ns)


============================================================
+ Verbose Summary: Binding
============================================================
N/A
* FSMD analyzer results:
  - Output states:
 - Input state : 
  - Chain level:
	State 1
	State 2
	State 3
	State 4
	State 5
	State 6
	State 7
	State 8
	State 9
	State 10
	State 11
	State 12


============================================================
+ Verbose Summary: Datapath Resource usage 
============================================================
N/A
