

================================================================
== Vitis HLS Report for 'mmult_hw'
================================================================
* Date:           Sun Feb 22 01:18:43 2026

* Version:        2024.1 (Build 5069499 on May 21 2024)
* Project:        matmul_D10_AXISep_Data_Type
* Solution:       hls (Vivado IP Flow Target)
* Product family: zynquplus
* Target device:  xczu3eg-sbva484-1-e


================================================================
== Performance Estimates
================================================================
+ Timing: 
    * Summary: 
    +--------+----------+----------+------------+
    |  Clock |  Target  | Estimated| Uncertainty|
    +--------+----------+----------+------------+
    |ap_clk  |  10.00 ns|  7.300 ns|     2.70 ns|
    +--------+----------+----------+------------+

+ Latency: 
    * Summary: 
    +---------+---------+-----------+-----------+---------+---------+---------+
    |  Latency (cycles) |   Latency (absolute)  |      Interval     | Pipeline|
    |   min   |   max   |    min    |    max    |   min   |   max   |   Type  |
    +---------+---------+-----------+-----------+---------+---------+---------+
    |  4473096|  4473096|  44.731 ms|  44.731 ms|  4473097|  4473097|       no|
    +---------+---------+-----------+-----------+---------+---------+---------+

    + Detail: 
        * Instance: 
        +------------------------------------+-------------------------+---------+---------+----------+----------+-----+-----+-----------------------------------------------+
        |                                    |                         |  Latency (cycles) |  Latency (absolute) |  Interval |                    Pipeline                   |
        |              Instance              |          Module         |   min   |   max   |    min   |    max   | min | max |                      Type                     |
        +------------------------------------+-------------------------+---------+---------+----------+----------+-----+-----+-----------------------------------------------+
        |grp_mmult_hw_Pipeline_loop3_fu_159  |mmult_hw_Pipeline_loop3  |      270|      270|  2.700 us|  2.700 us|  258|  258|  loop auto-rewind stp(delay=0 clock cycles(s))|
        +------------------------------------+-------------------------+---------+---------+----------+----------+-----+-----+-----------------------------------------------+

        * Loop: 
        +----------+---------+---------+----------+-----------+-----------+------+----------+
        |          |  Latency (cycles) | Iteration|  Initiation Interval  | Trip |          |
        | Loop Name|   min   |   max   |  Latency |  achieved |   target  | Count| Pipelined|
        +----------+---------+---------+----------+-----------+-----------+------+----------+
        |- loop1   |  4473088|  4473088|     34946|          -|          -|   128|        no|
        | + loop2  |    34944|    34944|       273|          -|          -|   128|        no|
        +----------+---------+---------+----------+-----------+-----------+------+----------+

============================================================
+ Verbose Summary: Synthesis Manager
============================================================
InlineROM: 1
ExposeGlobal: 0
============================================================
+ Verbose Summary: CDFG Model
============================================================
IsTopModel: 1
ResetActiveHigh: 1
IsCombinational: 0
IsDatapathOnly: 0
HasWiredReturn: 1
HasMFsm: 0
HasVarLatency: 1
IsPipeline: 0
IsRtlPipelined: 0
IsInstanceOverlapped: 0
IsDontTouch: 0
HasImplIP: 0
IsGatedGlobalClock: 0


============================================================
+ Verbose Summary: Schedule
============================================================
* Number of FSM states : 12
* Pipeline : 0
* Dataflow Pipeline: 0

* FSM state transitions: 
1 --> 2 
2 --> 3 
3 --> 4 
4 --> 8 5 
5 --> 6 4 
6 --> 7 
7 --> 5 
8 --> 9 
9 --> 10 
10 --> 11 
11 --> 12 
12 --> 

* FSM state operations: 

State 1 <SV = 0> <Delay = 2.20>
ST_1 : Operation 13 [1/1] (0.00ns)   --->   "%phi_mul1 = alloca i32 1"   --->   Operation 13 'alloca' 'phi_mul1' <Predicate = true> <Delay = 0.00>
ST_1 : Operation 14 [1/1] (0.00ns)   --->   "%i = alloca i32 1" [mmult_baseline.cpp:16]   --->   Operation 14 'alloca' 'i' <Predicate = true> <Delay = 0.00>
ST_1 : Operation 15 [1/1] (1.00ns)   --->   "%dim_read = read i32 @_ssdm_op_Read.s_axilite.i32, i32 %dim"   --->   Operation 15 'read' 'dim_read' <Predicate = true> <Delay = 1.00> <CoreInst = "s_axilite">   --->   Core 120 's_axilite' <Latency = 0> <II = 1> <Delay = 1.00> <Adapter> <Opcode : 'read' 'write'>
ST_1 : Operation 16 [1/1] (1.00ns)   --->   "%out_r_read = read i64 @_ssdm_op_Read.s_axilite.i64, i64 %out_r"   --->   Operation 16 'read' 'out_r_read' <Predicate = true> <Delay = 1.00> <CoreInst = "s_axilite">   --->   Core 120 's_axilite' <Latency = 0> <II = 1> <Delay = 1.00> <Adapter> <Opcode : 'read' 'write'>
ST_1 : Operation 17 [1/1] (1.00ns)   --->   "%in2_read = read i64 @_ssdm_op_Read.s_axilite.i64, i64 %in2"   --->   Operation 17 'read' 'in2_read' <Predicate = true> <Delay = 1.00> <CoreInst = "s_axilite">   --->   Core 120 's_axilite' <Latency = 0> <II = 1> <Delay = 1.00> <Adapter> <Opcode : 'read' 'write'>
ST_1 : Operation 18 [1/1] (1.00ns)   --->   "%in1_read = read i64 @_ssdm_op_Read.s_axilite.i64, i64 %in1"   --->   Operation 18 'read' 'in1_read' <Predicate = true> <Delay = 1.00> <CoreInst = "s_axilite">   --->   Core 120 's_axilite' <Latency = 0> <II = 1> <Delay = 1.00> <Adapter> <Opcode : 'read' 'write'>
ST_1 : Operation 19 [1/1] (0.00ns)   --->   "%sum_loc = alloca i64 1"   --->   Operation 19 'alloca' 'sum_loc' <Predicate = true> <Delay = 0.00>
ST_1 : Operation 20 [1/1] (1.20ns)   --->   "%icmp_ln16 = icmp_sgt  i32 %dim_read, i32 0" [mmult_baseline.cpp:16]   --->   Operation 20 'icmp' 'icmp_ln16' <Predicate = true> <Delay = 1.20> <CoreInst = "Cmp">   --->   Core 9 'Cmp' <Latency = 0> <II = 1> <Delay = 1.20> <FuncUnit> <Opcode : 'seteq' 'setne' 'setle' 'setge' 'setlt' 'setgt'> <InPorts = 2> <OutPorts = 1>
ST_1 : Operation 21 [1/1] (0.00ns)   --->   "%trunc_ln = partselect i62 @_ssdm_op_PartSelect.i62.i64.i32.i32, i64 %out_r_read, i32 2, i32 63" [mmult_baseline.cpp:16]   --->   Operation 21 'partselect' 'trunc_ln' <Predicate = true> <Delay = 0.00>
ST_1 : Operation 22 [1/1] (0.00ns)   --->   "%sext_ln16 = sext i62 %trunc_ln" [mmult_baseline.cpp:16]   --->   Operation 22 'sext' 'sext_ln16' <Predicate = true> <Delay = 0.00>
ST_1 : Operation 23 [1/1] (0.00ns)   --->   "%gmem_addr = getelementptr i32 %gmem, i64 %sext_ln16" [mmult_baseline.cpp:16]   --->   Operation 23 'getelementptr' 'gmem_addr' <Predicate = true> <Delay = 0.00>
ST_1 : Operation 24 [1/1] (0.48ns)   --->   "%store_ln16 = store i31 0, i31 %i" [mmult_baseline.cpp:16]   --->   Operation 24 'store' 'store_ln16' <Predicate = true> <Delay = 0.48>
ST_1 : Operation 25 [1/1] (0.48ns)   --->   "%store_ln0 = store i62 0, i62 %phi_mul1"   --->   Operation 25 'store' 'store_ln0' <Predicate = true> <Delay = 0.48>

State 2 <SV = 1> <Delay = 4.35>
ST_2 : Operation 26 [1/1] (0.00ns)   --->   "%zext_ln16 = zext i32 %dim_read" [mmult_baseline.cpp:16]   --->   Operation 26 'zext' 'zext_ln16' <Predicate = true> <Delay = 0.00>
ST_2 : Operation 27 [1/1] (3.88ns)   --->   "%mul_ln16 = mul i62 %zext_ln16, i62 %zext_ln16" [mmult_baseline.cpp:16]   --->   Operation 27 'mul' 'mul_ln16' <Predicate = (icmp_ln16)> <Delay = 3.88> <CoreInst = "Multiplier">   --->   Core 3 'Multiplier' <Latency = 0> <II = 1> <Delay = 3.88> <FuncUnit> <Opcode : 'mul'> <InPorts = 2> <OutPorts = 1>
ST_2 : Operation 28 [1/1] (0.47ns)   --->   "%empty = select i1 %icmp_ln16, i62 %mul_ln16, i62 0" [mmult_baseline.cpp:16]   --->   Operation 28 'select' 'empty' <Predicate = true> <Delay = 0.47> <CoreInst = "Sel">   --->   Core 73 'Sel' <Latency = 0> <II = 1> <Delay = 0.47> <FuncUnit> <Opcode : 'select'> <InPorts = 3> <OutPorts = 1>

State 3 <SV = 2> <Delay = 7.30>
ST_3 : Operation 29 [1/1] (0.00ns)   --->   "%spectopmodule_ln8 = spectopmodule void @_ssdm_op_SpecTopModule, void @empty_12" [mmult_baseline.cpp:8]   --->   Operation 29 'spectopmodule' 'spectopmodule_ln8' <Predicate = true> <Delay = 0.00>
ST_3 : Operation 30 [1/1] (0.00ns)   --->   "%specinterface_ln0 = specinterface void @_ssdm_op_SpecInterface, i32 %gmem, void @empty, i32 0, i32 0, void @empty_0, i32 0, i32 16384, void @empty_1, void @empty_2, void @empty_0, i32 16, i32 16, i32 16, i32 16, void @empty_0, void @empty_0, i32 4294967295, i32 0, i32 0"   --->   Operation 30 'specinterface' 'specinterface_ln0' <Predicate = true> <Delay = 0.00>
ST_3 : Operation 31 [1/1] (0.00ns)   --->   "%specbitsmap_ln0 = specbitsmap void @_ssdm_op_SpecBitsMap, i32 %gmem"   --->   Operation 31 'specbitsmap' 'specbitsmap_ln0' <Predicate = true> <Delay = 0.00>
ST_3 : Operation 32 [1/1] (0.00ns)   --->   "%specinterface_ln0 = specinterface void @_ssdm_op_SpecInterface, i64 %in1, void @empty_3, i32 0, i32 0, void @empty_0, i32 0, i32 0, void @empty_4, void @empty_5, void @empty_0, i32 0, i32 0, i32 0, i32 0, void @empty_0, void @empty_6, i32 4294967295, i32 0, i32 0"   --->   Operation 32 'specinterface' 'specinterface_ln0' <Predicate = true> <Delay = 0.00>
ST_3 : Operation 33 [1/1] (0.00ns)   --->   "%specinterface_ln0 = specinterface void @_ssdm_op_SpecInterface, i64 %in1, void @empty_7, i32 0, i32 0, void @empty_0, i32 0, i32 0, void @empty_0, void @empty_0, void @empty_0, i32 0, i32 0, i32 0, i32 0, void @empty_0, void @empty_6, i32 4294967295, i32 0, i32 0"   --->   Operation 33 'specinterface' 'specinterface_ln0' <Predicate = true> <Delay = 0.00>
ST_3 : Operation 34 [1/1] (0.00ns)   --->   "%specinterface_ln0 = specinterface void @_ssdm_op_SpecInterface, i64 %in2, void @empty_3, i32 0, i32 0, void @empty_0, i32 0, i32 0, void @empty_4, void @empty_8, void @empty_0, i32 0, i32 0, i32 0, i32 0, void @empty_0, void @empty_6, i32 4294967295, i32 0, i32 0"   --->   Operation 34 'specinterface' 'specinterface_ln0' <Predicate = true> <Delay = 0.00>
ST_3 : Operation 35 [1/1] (0.00ns)   --->   "%specinterface_ln0 = specinterface void @_ssdm_op_SpecInterface, i64 %in2, void @empty_7, i32 0, i32 0, void @empty_0, i32 0, i32 0, void @empty_0, void @empty_0, void @empty_0, i32 0, i32 0, i32 0, i32 0, void @empty_0, void @empty_6, i32 4294967295, i32 0, i32 0"   --->   Operation 35 'specinterface' 'specinterface_ln0' <Predicate = true> <Delay = 0.00>
ST_3 : Operation 36 [1/1] (0.00ns)   --->   "%specinterface_ln0 = specinterface void @_ssdm_op_SpecInterface, i64 %out_r, void @empty_3, i32 0, i32 0, void @empty_0, i32 0, i32 0, void @empty_4, void @empty_9, void @empty_0, i32 0, i32 0, i32 0, i32 0, void @empty_0, void @empty_6, i32 4294967295, i32 0, i32 0"   --->   Operation 36 'specinterface' 'specinterface_ln0' <Predicate = true> <Delay = 0.00>
ST_3 : Operation 37 [1/1] (0.00ns)   --->   "%specinterface_ln0 = specinterface void @_ssdm_op_SpecInterface, i64 %out_r, void @empty_7, i32 0, i32 0, void @empty_0, i32 0, i32 0, void @empty_0, void @empty_0, void @empty_0, i32 0, i32 0, i32 0, i32 0, void @empty_0, void @empty_6, i32 4294967295, i32 0, i32 0"   --->   Operation 37 'specinterface' 'specinterface_ln0' <Predicate = true> <Delay = 0.00>
ST_3 : Operation 38 [1/1] (0.00ns)   --->   "%specbitsmap_ln0 = specbitsmap void @_ssdm_op_SpecBitsMap, i32 %dim"   --->   Operation 38 'specbitsmap' 'specbitsmap_ln0' <Predicate = true> <Delay = 0.00>
ST_3 : Operation 39 [1/1] (0.00ns)   --->   "%specinterface_ln0 = specinterface void @_ssdm_op_SpecInterface, i32 %dim, void @empty_3, i32 4294967295, i32 4294967295, void @empty_10, i32 0, i32 0, void @empty_4, void @empty_11, void @empty_0, i32 0, i32 0, i32 0, i32 0, void @empty_0, void @empty_0, i32 4294967295, i32 0, i32 0"   --->   Operation 39 'specinterface' 'specinterface_ln0' <Predicate = true> <Delay = 0.00>
ST_3 : Operation 40 [1/1] (0.00ns)   --->   "%specinterface_ln0 = specinterface void @_ssdm_op_SpecInterface, i32 %dim, void @empty_7, i32 4294967295, i32 4294967295, void @empty_0, i32 0, i32 0, void @empty_0, void @empty_0, void @empty_0, i32 0, i32 0, i32 0, i32 0, void @empty_0, void @empty_0, i32 4294967295, i32 0, i32 0"   --->   Operation 40 'specinterface' 'specinterface_ln0' <Predicate = true> <Delay = 0.00>
ST_3 : Operation 41 [1/1] (0.00ns)   --->   "%specinterface_ln0 = specinterface void @_ssdm_op_SpecInterface, i32 0, void @empty_3, i32 0, i32 0, void @empty_0, i32 0, i32 0, void @empty_4, void @empty_0, void @empty_0, i32 0, i32 0, i32 0, i32 0, void @empty_0, void @empty_0, i32 4294967295, i32 0, i32 0"   --->   Operation 41 'specinterface' 'specinterface_ln0' <Predicate = true> <Delay = 0.00>
ST_3 : Operation 42 [1/1] (0.00ns)   --->   "%zext_ln16_1 = zext i62 %empty" [mmult_baseline.cpp:16]   --->   Operation 42 'zext' 'zext_ln16_1' <Predicate = true> <Delay = 0.00>
ST_3 : Operation 43 [1/1] (7.30ns)   --->   "%empty_21 = writereq i1 @_ssdm_op_WriteReq.m_axi.p1i32, i32 %gmem_addr, i64 %zext_ln16_1" [mmult_baseline.cpp:16]   --->   Operation 43 'writereq' 'empty_21' <Predicate = true> <Delay = 7.30> <CoreInst = "m_axi">   --->   Core 119 'm_axi' <Latency = 0> <II = 1> <Delay = 1.00> <Adapter> <Opcode : 'read' 'write' 'readreq' 'writereq' 'writeresp'>
ST_3 : Operation 44 [1/1] (0.00ns)   --->   "%br_ln16 = br void %loop2" [mmult_baseline.cpp:16]   --->   Operation 44 'br' 'br_ln16' <Predicate = true> <Delay = 0.00>

State 4 <SV = 3> <Delay = 1.69>
ST_4 : Operation 45 [1/1] (0.00ns)   --->   "%phi_mul1_load = load i62 %phi_mul1" [mmult_baseline.cpp:16]   --->   Operation 45 'load' 'phi_mul1_load' <Predicate = true> <Delay = 0.00>
ST_4 : Operation 46 [1/1] (0.00ns)   --->   "%i_1 = load i31 %i" [mmult_baseline.cpp:16]   --->   Operation 46 'load' 'i_1' <Predicate = true> <Delay = 0.00>
ST_4 : Operation 47 [1/1] (1.44ns)   --->   "%add_ln16_1 = add i62 %phi_mul1_load, i62 %zext_ln16" [mmult_baseline.cpp:16]   --->   Operation 47 'add' 'add_ln16_1' <Predicate = true> <Delay = 1.44> <CoreInst = "Adder">   --->   Core 1 'Adder' <Latency = 0> <II = 1> <Delay = 1.44> <FuncUnit> <Opcode : 'add' 'sub'> <InPorts = 2> <OutPorts = 1>
ST_4 : Operation 48 [1/1] (0.00ns)   --->   "%zext_ln16_2 = zext i31 %i_1" [mmult_baseline.cpp:16]   --->   Operation 48 'zext' 'zext_ln16_2' <Predicate = true> <Delay = 0.00>
ST_4 : Operation 49 [1/1] (1.20ns)   --->   "%icmp_ln16_1 = icmp_slt  i32 %zext_ln16_2, i32 %dim_read" [mmult_baseline.cpp:16]   --->   Operation 49 'icmp' 'icmp_ln16_1' <Predicate = true> <Delay = 1.20> <CoreInst = "Cmp">   --->   Core 9 'Cmp' <Latency = 0> <II = 1> <Delay = 1.20> <FuncUnit> <Opcode : 'seteq' 'setne' 'setle' 'setge' 'setlt' 'setgt'> <InPorts = 2> <OutPorts = 1>
ST_4 : Operation 50 [1/1] (1.19ns)   --->   "%add_ln16 = add i31 %i_1, i31 1" [mmult_baseline.cpp:16]   --->   Operation 50 'add' 'add_ln16' <Predicate = true> <Delay = 1.19> <CoreInst = "Adder">   --->   Core 1 'Adder' <Latency = 0> <II = 1> <Delay = 1.19> <FuncUnit> <Opcode : 'add' 'sub'> <InPorts = 2> <OutPorts = 1>
ST_4 : Operation 51 [1/1] (0.00ns)   --->   "%br_ln16 = br i1 %icmp_ln16_1, void %for.end23.loopexit, void %loop2.split" [mmult_baseline.cpp:16]   --->   Operation 51 'br' 'br_ln16' <Predicate = true> <Delay = 0.00>
ST_4 : Operation 52 [1/1] (0.00ns)   --->   "%speclooptripcount_ln17 = speclooptripcount void @_ssdm_op_SpecLoopTripCount, i64 128, i64 128, i64 128" [mmult_baseline.cpp:17]   --->   Operation 52 'speclooptripcount' 'speclooptripcount_ln17' <Predicate = (icmp_ln16_1)> <Delay = 0.00>
ST_4 : Operation 53 [1/1] (0.00ns)   --->   "%specloopname_ln16 = specloopname void @_ssdm_op_SpecLoopName, void @empty_15" [mmult_baseline.cpp:16]   --->   Operation 53 'specloopname' 'specloopname_ln16' <Predicate = (icmp_ln16_1)> <Delay = 0.00>
ST_4 : Operation 54 [1/1] (0.00ns)   --->   "%tmp = bitconcatenate i64 @_ssdm_op_BitConcatenate.i64.i62.i2, i62 %phi_mul1_load, i2 0" [mmult_baseline.cpp:16]   --->   Operation 54 'bitconcatenate' 'tmp' <Predicate = (icmp_ln16_1)> <Delay = 0.00>
ST_4 : Operation 55 [1/1] (1.47ns)   --->   "%empty_22 = add i64 %tmp, i64 %in1_read" [mmult_baseline.cpp:16]   --->   Operation 55 'add' 'empty_22' <Predicate = (icmp_ln16_1)> <Delay = 1.47> <CoreInst = "Adder">   --->   Core 1 'Adder' <Latency = 0> <II = 1> <Delay = 1.47> <FuncUnit> <Opcode : 'add' 'sub'> <InPorts = 2> <OutPorts = 1>
ST_4 : Operation 56 [1/1] (0.00ns)   --->   "%p_cast = partselect i62 @_ssdm_op_PartSelect.i62.i64.i32.i32, i64 %empty_22, i32 2, i32 63" [mmult_baseline.cpp:16]   --->   Operation 56 'partselect' 'p_cast' <Predicate = (icmp_ln16_1)> <Delay = 0.00>
ST_4 : Operation 57 [1/1] (0.48ns)   --->   "%br_ln18 = br void %loop3" [mmult_baseline.cpp:18]   --->   Operation 57 'br' 'br_ln18' <Predicate = (icmp_ln16_1)> <Delay = 0.48>

State 5 <SV = 4> <Delay = 2.89>
ST_5 : Operation 58 [1/1] (0.00ns)   --->   "%j = phi i32 0, void %loop2.split, i32 %add_ln18, void %loop3.split" [mmult_baseline.cpp:18]   --->   Operation 58 'phi' 'j' <Predicate = true> <Delay = 0.00>
ST_5 : Operation 59 [1/1] (1.20ns)   --->   "%icmp_ln18 = icmp_eq  i32 %j, i32 %dim_read" [mmult_baseline.cpp:18]   --->   Operation 59 'icmp' 'icmp_ln18' <Predicate = true> <Delay = 1.20> <CoreInst = "Cmp">   --->   Core 9 'Cmp' <Latency = 0> <II = 1> <Delay = 1.20> <FuncUnit> <Opcode : 'seteq' 'setne' 'setle' 'setge' 'setlt' 'setgt'> <InPorts = 2> <OutPorts = 1>
ST_5 : Operation 60 [1/1] (1.20ns)   --->   "%add_ln18 = add i32 %j, i32 1" [mmult_baseline.cpp:18]   --->   Operation 60 'add' 'add_ln18' <Predicate = true> <Delay = 1.20> <CoreInst = "Adder">   --->   Core 1 'Adder' <Latency = 0> <II = 1> <Delay = 1.20> <FuncUnit> <Opcode : 'add' 'sub'> <InPorts = 2> <OutPorts = 1>
ST_5 : Operation 61 [1/1] (0.00ns)   --->   "%br_ln18 = br i1 %icmp_ln18, void %loop3.split, void %for.inc21" [mmult_baseline.cpp:18]   --->   Operation 61 'br' 'br_ln18' <Predicate = true> <Delay = 0.00>
ST_5 : Operation 62 [2/2] (1.69ns)   --->   "%call_ln16 = call void @mmult_hw_Pipeline_loop3, i32 %gmem, i32 %dim_read, i62 %p_cast, i32 %dim_read, i32 %j, i64 %in2_read, i32 %sum_loc" [mmult_baseline.cpp:16]   --->   Operation 62 'call' 'call_ln16' <Predicate = (!icmp_ln18)> <Delay = 1.69> <CoreType = "Generic">   --->   Core 0 '' <Latency = 0> <II = 1> <Delay = 1.00> <Generic> <Opcode : >
ST_5 : Operation 63 [1/1] (0.48ns)   --->   "%store_ln16 = store i31 %add_ln16, i31 %i" [mmult_baseline.cpp:16]   --->   Operation 63 'store' 'store_ln16' <Predicate = (icmp_ln18)> <Delay = 0.48>
ST_5 : Operation 64 [1/1] (0.48ns)   --->   "%store_ln16 = store i62 %add_ln16_1, i62 %phi_mul1" [mmult_baseline.cpp:16]   --->   Operation 64 'store' 'store_ln16' <Predicate = (icmp_ln18)> <Delay = 0.48>
ST_5 : Operation 65 [1/1] (0.00ns)   --->   "%br_ln16 = br void %loop2" [mmult_baseline.cpp:16]   --->   Operation 65 'br' 'br_ln16' <Predicate = (icmp_ln18)> <Delay = 0.00>

State 6 <SV = 5> <Delay = 0.00>
ST_6 : Operation 66 [1/2] (0.00ns)   --->   "%call_ln16 = call void @mmult_hw_Pipeline_loop3, i32 %gmem, i32 %dim_read, i62 %p_cast, i32 %dim_read, i32 %j, i64 %in2_read, i32 %sum_loc" [mmult_baseline.cpp:16]   --->   Operation 66 'call' 'call_ln16' <Predicate = true> <Delay = 0.00> <CoreType = "Generic">   --->   Core 0 '' <Latency = 0> <II = 1> <Delay = 1.00> <Generic> <Opcode : >

State 7 <SV = 6> <Delay = 7.30>
ST_7 : Operation 67 [1/1] (0.00ns)   --->   "%speclooptripcount_ln19 = speclooptripcount void @_ssdm_op_SpecLoopTripCount, i64 128, i64 128, i64 128" [mmult_baseline.cpp:19]   --->   Operation 67 'speclooptripcount' 'speclooptripcount_ln19' <Predicate = true> <Delay = 0.00>
ST_7 : Operation 68 [1/1] (0.00ns)   --->   "%specloopname_ln18 = specloopname void @_ssdm_op_SpecLoopName, void @empty_14" [mmult_baseline.cpp:18]   --->   Operation 68 'specloopname' 'specloopname_ln18' <Predicate = true> <Delay = 0.00>
ST_7 : Operation 69 [1/1] (0.00ns)   --->   "%sum_loc_load = load i32 %sum_loc"   --->   Operation 69 'load' 'sum_loc_load' <Predicate = true> <Delay = 0.00>
ST_7 : Operation 70 [1/1] (7.30ns)   --->   "%write_ln28 = write void @_ssdm_op_Write.m_axi.p1i32, i32 %gmem_addr, i32 %sum_loc_load, i4 15" [mmult_baseline.cpp:28]   --->   Operation 70 'write' 'write_ln28' <Predicate = true> <Delay = 7.30> <CoreInst = "m_axi">   --->   Core 119 'm_axi' <Latency = 0> <II = 1> <Delay = 1.00> <Adapter> <Opcode : 'read' 'write' 'readreq' 'writereq' 'writeresp'>
ST_7 : Operation 71 [1/1] (0.00ns)   --->   "%br_ln18 = br void %loop3" [mmult_baseline.cpp:18]   --->   Operation 71 'br' 'br_ln18' <Predicate = true> <Delay = 0.00>

State 8 <SV = 4> <Delay = 7.30>
ST_8 : Operation 72 [5/5] (7.30ns)   --->   "%empty_23 = writeresp i1 @_ssdm_op_WriteResp.m_axi.p1i32, i32 %gmem_addr" [mmult_baseline.cpp:31]   --->   Operation 72 'writeresp' 'empty_23' <Predicate = true> <Delay = 7.30> <CoreInst = "m_axi">   --->   Core 119 'm_axi' <Latency = 0> <II = 1> <Delay = 1.00> <Adapter> <Opcode : 'read' 'write' 'readreq' 'writereq' 'writeresp'>

State 9 <SV = 5> <Delay = 7.30>
ST_9 : Operation 73 [4/5] (7.30ns)   --->   "%empty_23 = writeresp i1 @_ssdm_op_WriteResp.m_axi.p1i32, i32 %gmem_addr" [mmult_baseline.cpp:31]   --->   Operation 73 'writeresp' 'empty_23' <Predicate = true> <Delay = 7.30> <CoreInst = "m_axi">   --->   Core 119 'm_axi' <Latency = 0> <II = 1> <Delay = 1.00> <Adapter> <Opcode : 'read' 'write' 'readreq' 'writereq' 'writeresp'>

State 10 <SV = 6> <Delay = 7.30>
ST_10 : Operation 74 [3/5] (7.30ns)   --->   "%empty_23 = writeresp i1 @_ssdm_op_WriteResp.m_axi.p1i32, i32 %gmem_addr" [mmult_baseline.cpp:31]   --->   Operation 74 'writeresp' 'empty_23' <Predicate = true> <Delay = 7.30> <CoreInst = "m_axi">   --->   Core 119 'm_axi' <Latency = 0> <II = 1> <Delay = 1.00> <Adapter> <Opcode : 'read' 'write' 'readreq' 'writereq' 'writeresp'>

State 11 <SV = 7> <Delay = 7.30>
ST_11 : Operation 75 [2/5] (7.30ns)   --->   "%empty_23 = writeresp i1 @_ssdm_op_WriteResp.m_axi.p1i32, i32 %gmem_addr" [mmult_baseline.cpp:31]   --->   Operation 75 'writeresp' 'empty_23' <Predicate = true> <Delay = 7.30> <CoreInst = "m_axi">   --->   Core 119 'm_axi' <Latency = 0> <II = 1> <Delay = 1.00> <Adapter> <Opcode : 'read' 'write' 'readreq' 'writereq' 'writeresp'>

State 12 <SV = 8> <Delay = 7.30>
ST_12 : Operation 76 [1/5] (7.30ns)   --->   "%empty_23 = writeresp i1 @_ssdm_op_WriteResp.m_axi.p1i32, i32 %gmem_addr" [mmult_baseline.cpp:31]   --->   Operation 76 'writeresp' 'empty_23' <Predicate = true> <Delay = 7.30> <CoreInst = "m_axi">   --->   Core 119 'm_axi' <Latency = 0> <II = 1> <Delay = 1.00> <Adapter> <Opcode : 'read' 'write' 'readreq' 'writereq' 'writeresp'>
ST_12 : Operation 77 [1/1] (0.00ns)   --->   "%ret_ln31 = ret" [mmult_baseline.cpp:31]   --->   Operation 77 'ret' 'ret_ln31' <Predicate = true> <Delay = 0.00>


============================================================
+ Verbose Summary: Binding
============================================================
STG Binding: 
---------------- STG Properties BEGIN ----------------
- Is combinational: 0
- Is one-state seq: 0
- Is datapath-only: 0
- Is pipelined: 0
- Is top level: 1
Port [ Return ] is wired: 1; IO mode=ap_ctrl_hs:ce=0
Port [ gmem]:  wired=1; compound=1; hidden=0; nouse=0; global=0; static=0; extern=0; dir=2; type=4; pingpong=0; private_global=0; IO mode=m_axi:ce=0
Port [ in1]:  wired=1; compound=0; hidden=0; nouse=0; global=0; static=0; extern=0; dir=0; type=0; pingpong=0; private_global=0; IO mode=ap_none:ce=0
Port [ in2]:  wired=1; compound=0; hidden=0; nouse=0; global=0; static=0; extern=0; dir=0; type=0; pingpong=0; private_global=0; IO mode=ap_none:ce=0
Port [ out_r]:  wired=1; compound=0; hidden=0; nouse=0; global=0; static=0; extern=0; dir=0; type=0; pingpong=0; private_global=0; IO mode=ap_none:ce=0
Port [ dim]:  wired=1; compound=0; hidden=0; nouse=0; global=0; static=0; extern=0; dir=0; type=0; pingpong=0; private_global=0; IO mode=ap_none:ce=0
---------------- STG Properties END ------------------

---------------- Datapath Model BEGIN ----------------

<LifeTime>
<method=bitvector/>
phi_mul1               (alloca           ) [ 0111111100000]
i                      (alloca           ) [ 0111111100000]
dim_read               (read             ) [ 0011111100000]
out_r_read             (read             ) [ 0000000000000]
in2_read               (read             ) [ 0011111100000]
in1_read               (read             ) [ 0011111100000]
sum_loc                (alloca           ) [ 0011111100000]
icmp_ln16              (icmp             ) [ 0010000000000]
trunc_ln               (partselect       ) [ 0000000000000]
sext_ln16              (sext             ) [ 0000000000000]
gmem_addr              (getelementptr    ) [ 0011111111111]
store_ln16             (store            ) [ 0000000000000]
store_ln0              (store            ) [ 0000000000000]
zext_ln16              (zext             ) [ 0001111100000]
mul_ln16               (mul              ) [ 0000000000000]
empty                  (select           ) [ 0001000000000]
spectopmodule_ln8      (spectopmodule    ) [ 0000000000000]
specinterface_ln0      (specinterface    ) [ 0000000000000]
specbitsmap_ln0        (specbitsmap      ) [ 0000000000000]
specinterface_ln0      (specinterface    ) [ 0000000000000]
specinterface_ln0      (specinterface    ) [ 0000000000000]
specinterface_ln0      (specinterface    ) [ 0000000000000]
specinterface_ln0      (specinterface    ) [ 0000000000000]
specinterface_ln0      (specinterface    ) [ 0000000000000]
specinterface_ln0      (specinterface    ) [ 0000000000000]
specbitsmap_ln0        (specbitsmap      ) [ 0000000000000]
specinterface_ln0      (specinterface    ) [ 0000000000000]
specinterface_ln0      (specinterface    ) [ 0000000000000]
specinterface_ln0      (specinterface    ) [ 0000000000000]
zext_ln16_1            (zext             ) [ 0000000000000]
empty_21               (writereq         ) [ 0000000000000]
br_ln16                (br               ) [ 0000000000000]
phi_mul1_load          (load             ) [ 0000000000000]
i_1                    (load             ) [ 0000000000000]
add_ln16_1             (add              ) [ 0000011100000]
zext_ln16_2            (zext             ) [ 0000000000000]
icmp_ln16_1            (icmp             ) [ 0000111100000]
add_ln16               (add              ) [ 0000011100000]
br_ln16                (br               ) [ 0000000000000]
speclooptripcount_ln17 (speclooptripcount) [ 0000000000000]
specloopname_ln16      (specloopname     ) [ 0000000000000]
tmp                    (bitconcatenate   ) [ 0000000000000]
empty_22               (add              ) [ 0000000000000]
p_cast                 (partselect       ) [ 0000011100000]
br_ln18                (br               ) [ 0000111100000]
j                      (phi              ) [ 0000011000000]
icmp_ln18              (icmp             ) [ 0000111100000]
add_ln18               (add              ) [ 0000111100000]
br_ln18                (br               ) [ 0000000000000]
store_ln16             (store            ) [ 0000000000000]
store_ln16             (store            ) [ 0000000000000]
br_ln16                (br               ) [ 0000000000000]
call_ln16              (call             ) [ 0000000000000]
speclooptripcount_ln19 (speclooptripcount) [ 0000000000000]
specloopname_ln18      (specloopname     ) [ 0000000000000]
sum_loc_load           (load             ) [ 0000000000000]
write_ln28             (write            ) [ 0000000000000]
br_ln18                (br               ) [ 0000111100000]
empty_23               (writeresp        ) [ 0000000000000]
ret_ln31               (ret              ) [ 0000000000000]
</LifeTime>

<model>

<comp_list>
<comp id="0" class="1000" name="gmem">
<pin_list>
<pin id="1" dir="1" index="0" bw="1" slack="0"/>
</pin_list>
<bind>
<StgValue><ssdm name="gmem"/></StgValue>
</bind>
</comp>

<comp id="2" class="1000" name="in1">
<pin_list>
<pin id="3" dir="1" index="0" bw="1" slack="0"/>
</pin_list>
<bind>
<StgValue><ssdm name="in1"/></StgValue>
</bind>
</comp>

<comp id="4" class="1000" name="in2">
<pin_list>
<pin id="5" dir="1" index="0" bw="1" slack="0"/>
</pin_list>
<bind>
<StgValue><ssdm name="in2"/></StgValue>
</bind>
</comp>

<comp id="6" class="1000" name="out_r">
<pin_list>
<pin id="7" dir="1" index="0" bw="1" slack="0"/>
</pin_list>
<bind>
<StgValue><ssdm name="out_r"/></StgValue>
</bind>
</comp>

<comp id="8" class="1000" name="dim">
<pin_list>
<pin id="9" dir="1" index="0" bw="1" slack="0"/>
</pin_list>
<bind>
<StgValue><ssdm name="dim"/></StgValue>
</bind>
</comp>

<comp id="10" class="1001" name="const_10">
<pin_list>
<pin id="11" dir="1" index="0" bw="1" slack="0"/>
</pin_list>
<bind>
<StgValue><ssdm name=""/></StgValue>
</bind>
</comp>

<comp id="12" class="1001" name="const_12">
<pin_list>
<pin id="13" dir="1" index="0" bw="1" slack="0"/>
</pin_list>
<bind>
<StgValue><ssdm name="_ssdm_op_Read.s_axilite.i32"/></StgValue>
</bind>
</comp>

<comp id="14" class="1001" name="const_14">
<pin_list>
<pin id="15" dir="1" index="0" bw="1" slack="0"/>
</pin_list>
<bind>
<StgValue><ssdm name="_ssdm_op_Read.s_axilite.i64"/></StgValue>
</bind>
</comp>

<comp id="16" class="1001" name="const_16">
<pin_list>
<pin id="17" dir="1" index="0" bw="1" slack="0"/>
</pin_list>
<bind>
<StgValue><ssdm name=""/></StgValue>
</bind>
</comp>

<comp id="18" class="1001" name="const_18">
<pin_list>
<pin id="19" dir="1" index="0" bw="1" slack="0"/>
</pin_list>
<bind>
<StgValue><ssdm name=""/></StgValue>
</bind>
</comp>

<comp id="20" class="1001" name="const_20">
<pin_list>
<pin id="21" dir="1" index="0" bw="1" slack="0"/>
</pin_list>
<bind>
<StgValue><ssdm name="_ssdm_op_PartSelect.i62.i64.i32.i32"/></StgValue>
</bind>
</comp>

<comp id="22" class="1001" name="const_22">
<pin_list>
<pin id="23" dir="1" index="0" bw="1" slack="0"/>
</pin_list>
<bind>
<StgValue><ssdm name=""/></StgValue>
</bind>
</comp>

<comp id="24" class="1001" name="const_24">
<pin_list>
<pin id="25" dir="1" index="0" bw="1" slack="0"/>
</pin_list>
<bind>
<StgValue><ssdm name=""/></StgValue>
</bind>
</comp>

<comp id="26" class="1001" name="const_26">
<pin_list>
<pin id="27" dir="1" index="0" bw="1" slack="0"/>
</pin_list>
<bind>
<StgValue><ssdm name=""/></StgValue>
</bind>
</comp>

<comp id="28" class="1001" name="const_28">
<pin_list>
<pin id="29" dir="1" index="0" bw="1" slack="0"/>
</pin_list>
<bind>
<StgValue><ssdm name=""/></StgValue>
</bind>
</comp>

<comp id="30" class="1001" name="const_30">
<pin_list>
<pin id="31" dir="1" index="0" bw="1" slack="2147483647"/>
</pin_list>
<bind>
<StgValue><ssdm name="_ssdm_op_SpecTopModule"/></StgValue>
</bind>
</comp>

<comp id="32" class="1001" name="const_32">
<pin_list>
<pin id="33" dir="1" index="0" bw="1" slack="2147483647"/>
</pin_list>
<bind>
<StgValue><ssdm name="empty_12"/></StgValue>
</bind>
</comp>

<comp id="34" class="1001" name="const_34">
<pin_list>
<pin id="35" dir="1" index="0" bw="1" slack="2147483647"/>
</pin_list>
<bind>
<StgValue><ssdm name="_ssdm_op_SpecInterface"/></StgValue>
</bind>
</comp>

<comp id="36" class="1001" name="const_36">
<pin_list>
<pin id="37" dir="1" index="0" bw="1" slack="2147483647"/>
</pin_list>
<bind>
<StgValue><ssdm name="empty"/></StgValue>
</bind>
</comp>

<comp id="38" class="1001" name="const_38">
<pin_list>
<pin id="39" dir="1" index="0" bw="1" slack="2147483647"/>
</pin_list>
<bind>
<StgValue><ssdm name="empty_0"/></StgValue>
</bind>
</comp>

<comp id="40" class="1001" name="const_40">
<pin_list>
<pin id="41" dir="1" index="0" bw="1" slack="2147483647"/>
</pin_list>
<bind>
<StgValue><ssdm name=""/></StgValue>
</bind>
</comp>

<comp id="42" class="1001" name="const_42">
<pin_list>
<pin id="43" dir="1" index="0" bw="1" slack="2147483647"/>
</pin_list>
<bind>
<StgValue><ssdm name="empty_1"/></StgValue>
</bind>
</comp>

<comp id="44" class="1001" name="const_44">
<pin_list>
<pin id="45" dir="1" index="0" bw="1" slack="2147483647"/>
</pin_list>
<bind>
<StgValue><ssdm name="empty_2"/></StgValue>
</bind>
</comp>

<comp id="46" class="1001" name="const_46">
<pin_list>
<pin id="47" dir="1" index="0" bw="1" slack="2147483647"/>
</pin_list>
<bind>
<StgValue><ssdm name=""/></StgValue>
</bind>
</comp>

<comp id="48" class="1001" name="const_48">
<pin_list>
<pin id="49" dir="1" index="0" bw="1" slack="2147483647"/>
</pin_list>
<bind>
<StgValue><ssdm name=""/></StgValue>
</bind>
</comp>

<comp id="50" class="1001" name="const_50">
<pin_list>
<pin id="51" dir="1" index="0" bw="1" slack="2147483647"/>
</pin_list>
<bind>
<StgValue><ssdm name="_ssdm_op_SpecBitsMap"/></StgValue>
</bind>
</comp>

<comp id="52" class="1001" name="const_52">
<pin_list>
<pin id="53" dir="1" index="0" bw="1" slack="2147483647"/>
</pin_list>
<bind>
<StgValue><ssdm name="empty_3"/></StgValue>
</bind>
</comp>

<comp id="54" class="1001" name="const_54">
<pin_list>
<pin id="55" dir="1" index="0" bw="1" slack="2147483647"/>
</pin_list>
<bind>
<StgValue><ssdm name="empty_4"/></StgValue>
</bind>
</comp>

<comp id="56" class="1001" name="const_56">
<pin_list>
<pin id="57" dir="1" index="0" bw="1" slack="2147483647"/>
</pin_list>
<bind>
<StgValue><ssdm name="empty_5"/></StgValue>
</bind>
</comp>

<comp id="58" class="1001" name="const_58">
<pin_list>
<pin id="59" dir="1" index="0" bw="1" slack="2147483647"/>
</pin_list>
<bind>
<StgValue><ssdm name="empty_6"/></StgValue>
</bind>
</comp>

<comp id="60" class="1001" name="const_60">
<pin_list>
<pin id="61" dir="1" index="0" bw="1" slack="2147483647"/>
</pin_list>
<bind>
<StgValue><ssdm name="empty_7"/></StgValue>
</bind>
</comp>

<comp id="62" class="1001" name="const_62">
<pin_list>
<pin id="63" dir="1" index="0" bw="1" slack="2147483647"/>
</pin_list>
<bind>
<StgValue><ssdm name="empty_8"/></StgValue>
</bind>
</comp>

<comp id="64" class="1001" name="const_64">
<pin_list>
<pin id="65" dir="1" index="0" bw="1" slack="2147483647"/>
</pin_list>
<bind>
<StgValue><ssdm name="empty_9"/></StgValue>
</bind>
</comp>

<comp id="66" class="1001" name="const_66">
<pin_list>
<pin id="67" dir="1" index="0" bw="1" slack="2147483647"/>
</pin_list>
<bind>
<StgValue><ssdm name="empty_10"/></StgValue>
</bind>
</comp>

<comp id="68" class="1001" name="const_68">
<pin_list>
<pin id="69" dir="1" index="0" bw="1" slack="2147483647"/>
</pin_list>
<bind>
<StgValue><ssdm name="empty_11"/></StgValue>
</bind>
</comp>

<comp id="70" class="1001" name="const_70">
<pin_list>
<pin id="71" dir="1" index="0" bw="1" slack="0"/>
</pin_list>
<bind>
<StgValue><ssdm name="_ssdm_op_WriteReq.m_axi.p1i32"/></StgValue>
</bind>
</comp>

<comp id="72" class="1001" name="const_72">
<pin_list>
<pin id="73" dir="1" index="0" bw="1" slack="0"/>
</pin_list>
<bind>
<StgValue><ssdm name=""/></StgValue>
</bind>
</comp>

<comp id="74" class="1001" name="const_74">
<pin_list>
<pin id="75" dir="1" index="0" bw="1" slack="2147483647"/>
</pin_list>
<bind>
<StgValue><ssdm name="_ssdm_op_SpecLoopTripCount"/></StgValue>
</bind>
</comp>

<comp id="76" class="1001" name="const_76">
<pin_list>
<pin id="77" dir="1" index="0" bw="1" slack="2147483647"/>
</pin_list>
<bind>
<StgValue><ssdm name=""/></StgValue>
</bind>
</comp>

<comp id="78" class="1001" name="const_78">
<pin_list>
<pin id="79" dir="1" index="0" bw="1" slack="2147483647"/>
</pin_list>
<bind>
<StgValue><ssdm name="_ssdm_op_SpecLoopName"/></StgValue>
</bind>
</comp>

<comp id="80" class="1001" name="const_80">
<pin_list>
<pin id="81" dir="1" index="0" bw="1" slack="2147483647"/>
</pin_list>
<bind>
<StgValue><ssdm name="empty_15"/></StgValue>
</bind>
</comp>

<comp id="82" class="1001" name="const_82">
<pin_list>
<pin id="83" dir="1" index="0" bw="1" slack="0"/>
</pin_list>
<bind>
<StgValue><ssdm name="_ssdm_op_BitConcatenate.i64.i62.i2"/></StgValue>
</bind>
</comp>

<comp id="84" class="1001" name="const_84">
<pin_list>
<pin id="85" dir="1" index="0" bw="1" slack="0"/>
</pin_list>
<bind>
<StgValue><ssdm name=""/></StgValue>
</bind>
</comp>

<comp id="86" class="1001" name="const_86">
<pin_list>
<pin id="87" dir="1" index="0" bw="1" slack="0"/>
</pin_list>
<bind>
<StgValue><ssdm name="mmult_hw_Pipeline_loop3"/></StgValue>
</bind>
</comp>

<comp id="88" class="1001" name="const_88">
<pin_list>
<pin id="89" dir="1" index="0" bw="1" slack="2147483647"/>
</pin_list>
<bind>
<StgValue><ssdm name="empty_14"/></StgValue>
</bind>
</comp>

<comp id="90" class="1001" name="const_90">
<pin_list>
<pin id="91" dir="1" index="0" bw="1" slack="0"/>
</pin_list>
<bind>
<StgValue><ssdm name="_ssdm_op_Write.m_axi.p1i32"/></StgValue>
</bind>
</comp>

<comp id="92" class="1001" name="const_92">
<pin_list>
<pin id="93" dir="1" index="0" bw="1" slack="0"/>
</pin_list>
<bind>
<StgValue><ssdm name=""/></StgValue>
</bind>
</comp>

<comp id="94" class="1001" name="const_94">
<pin_list>
<pin id="95" dir="1" index="0" bw="1" slack="0"/>
</pin_list>
<bind>
<StgValue><ssdm name="_ssdm_op_WriteResp.m_axi.p1i32"/></StgValue>
</bind>
</comp>

<comp id="96" class="1004" name="phi_mul1_fu_96">
<pin_list>
<pin id="97" dir="0" index="0" bw="1" slack="0"/>
<pin id="98" dir="1" index="1" bw="62" slack="0"/>
</pin_list>
<bind>
<opcode="alloca(26) " fcode="alloca"/>
<opset="phi_mul1/1 "/>
</bind>
</comp>

<comp id="100" class="1004" name="i_fu_100">
<pin_list>
<pin id="101" dir="0" index="0" bw="1" slack="0"/>
<pin id="102" dir="1" index="1" bw="31" slack="0"/>
</pin_list>
<bind>
<opcode="alloca(26) " fcode="alloca"/>
<opset="i/1 "/>
</bind>
</comp>

<comp id="104" class="1004" name="sum_loc_fu_104">
<pin_list>
<pin id="105" dir="0" index="0" bw="1" slack="0"/>
<pin id="106" dir="1" index="1" bw="32" slack="4"/>
</pin_list>
<bind>
<opcode="alloca(26) " fcode="alloca"/>
<opset="sum_loc/1 "/>
</bind>
</comp>

<comp id="108" class="1004" name="dim_read_read_fu_108">
<pin_list>
<pin id="109" dir="0" index="0" bw="32" slack="0"/>
<pin id="110" dir="0" index="1" bw="32" slack="0"/>
<pin id="111" dir="1" index="2" bw="32" slack="0"/>
</pin_list>
<bind>
<opcode="read(1150) " fcode="read"/>
<opset="dim_read/1 "/>
</bind>
</comp>

<comp id="114" class="1004" name="out_r_read_read_fu_114">
<pin_list>
<pin id="115" dir="0" index="0" bw="64" slack="0"/>
<pin id="116" dir="0" index="1" bw="64" slack="0"/>
<pin id="117" dir="1" index="2" bw="64" slack="0"/>
</pin_list>
<bind>
<opcode="read(1150) " fcode="read"/>
<opset="out_r_read/1 "/>
</bind>
</comp>

<comp id="120" class="1004" name="in2_read_read_fu_120">
<pin_list>
<pin id="121" dir="0" index="0" bw="64" slack="0"/>
<pin id="122" dir="0" index="1" bw="64" slack="0"/>
<pin id="123" dir="1" index="2" bw="64" slack="4"/>
</pin_list>
<bind>
<opcode="read(1150) " fcode="read"/>
<opset="in2_read/1 "/>
</bind>
</comp>

<comp id="126" class="1004" name="in1_read_read_fu_126">
<pin_list>
<pin id="127" dir="0" index="0" bw="64" slack="0"/>
<pin id="128" dir="0" index="1" bw="64" slack="0"/>
<pin id="129" dir="1" index="2" bw="64" slack="3"/>
</pin_list>
<bind>
<opcode="read(1150) " fcode="read"/>
<opset="in1_read/1 "/>
</bind>
</comp>

<comp id="132" class="1004" name="grp_writeresp_fu_132">
<pin_list>
<pin id="133" dir="0" index="0" bw="1" slack="0"/>
<pin id="134" dir="0" index="1" bw="32" slack="2"/>
<pin id="135" dir="0" index="2" bw="62" slack="0"/>
<pin id="136" dir="1" index="3" bw="1" slack="2147483647"/>
</pin_list>
<bind>
<opcode="writereq(1155) writeresp(1158) " fcode="writeresp"/>
<opset="empty_21/3 empty_23/8 "/>
</bind>
</comp>

<comp id="138" class="1004" name="write_ln28_write_fu_138">
<pin_list>
<pin id="139" dir="0" index="0" bw="0" slack="0"/>
<pin id="140" dir="0" index="1" bw="32" slack="6"/>
<pin id="141" dir="0" index="2" bw="32" slack="0"/>
<pin id="142" dir="0" index="3" bw="1" slack="0"/>
<pin id="143" dir="1" index="4" bw="0" slack="2147483647"/>
</pin_list>
<bind>
<opcode="write(1151) " fcode="write"/>
<opset="write_ln28/7 "/>
</bind>
</comp>

<comp id="147" class="1005" name="j_reg_147">
<pin_list>
<pin id="148" dir="0" index="0" bw="32" slack="1"/>
<pin id="149" dir="1" index="1" bw="32" slack="1"/>
</pin_list>
<bind>
<opset="j (phireg) "/>
</bind>
</comp>

<comp id="151" class="1004" name="j_phi_fu_151">
<pin_list>
<pin id="152" dir="0" index="0" bw="1" slack="1"/>
<pin id="153" dir="0" index="1" bw="0" slack="2147483647"/>
<pin id="154" dir="0" index="2" bw="32" slack="0"/>
<pin id="155" dir="0" index="3" bw="0" slack="2147483647"/>
<pin id="156" dir="1" index="4" bw="32" slack="0"/>
</pin_list>
<bind>
<opcode="phi(47) " fcode="phi"/>
<opset="j/5 "/>
</bind>
</comp>

<comp id="159" class="1004" name="grp_mmult_hw_Pipeline_loop3_fu_159">
<pin_list>
<pin id="160" dir="0" index="0" bw="0" slack="0"/>
<pin id="161" dir="0" index="1" bw="32" slack="0"/>
<pin id="162" dir="0" index="2" bw="32" slack="4"/>
<pin id="163" dir="0" index="3" bw="62" slack="1"/>
<pin id="164" dir="0" index="4" bw="32" slack="4"/>
<pin id="165" dir="0" index="5" bw="32" slack="0"/>
<pin id="166" dir="0" index="6" bw="64" slack="4"/>
<pin id="167" dir="0" index="7" bw="32" slack="4"/>
<pin id="168" dir="1" index="8" bw="0" slack="2147483647"/>
</pin_list>
<bind>
<opcode="call(48) " fcode="call"/>
<opset="call_ln16/5 "/>
</bind>
</comp>

<comp id="172" class="1004" name="mul_ln16_fu_172">
<pin_list>
<pin id="173" dir="0" index="0" bw="32" slack="0"/>
<pin id="174" dir="0" index="1" bw="32" slack="0"/>
<pin id="175" dir="1" index="2" bw="62" slack="0"/>
</pin_list>
<bind>
<opcode="mul(12) " fcode="mul"/>
<opset="mul_ln16/2 "/>
</bind>
</comp>

<comp id="176" class="1004" name="icmp_ln16_fu_176">
<pin_list>
<pin id="177" dir="0" index="0" bw="32" slack="0"/>
<pin id="178" dir="0" index="1" bw="1" slack="0"/>
<pin id="179" dir="1" index="2" bw="1" slack="1"/>
</pin_list>
<bind>
<opcode="icmp(45) " fcode="icmp"/>
<opset="icmp_ln16/1 "/>
</bind>
</comp>

<comp id="182" class="1004" name="trunc_ln_fu_182">
<pin_list>
<pin id="183" dir="0" index="0" bw="62" slack="0"/>
<pin id="184" dir="0" index="1" bw="64" slack="0"/>
<pin id="185" dir="0" index="2" bw="3" slack="0"/>
<pin id="186" dir="0" index="3" bw="7" slack="0"/>
<pin id="187" dir="1" index="4" bw="62" slack="0"/>
</pin_list>
<bind>
<opcode="partselect(1002) " fcode="partselect"/>
<opset="trunc_ln/1 "/>
</bind>
</comp>

<comp id="192" class="1004" name="sext_ln16_fu_192">
<pin_list>
<pin id="193" dir="0" index="0" bw="62" slack="0"/>
<pin id="194" dir="1" index="1" bw="64" slack="0"/>
</pin_list>
<bind>
<opcode="sext(35) " fcode="sext"/>
<opset="sext_ln16/1 "/>
</bind>
</comp>

<comp id="196" class="1004" name="gmem_addr_fu_196">
<pin_list>
<pin id="197" dir="0" index="0" bw="32" slack="0"/>
<pin id="198" dir="0" index="1" bw="62" slack="0"/>
<pin id="199" dir="1" index="2" bw="32" slack="2"/>
</pin_list>
<bind>
<opcode="getelementptr(29) " fcode="getelementptr"/>
<opset="gmem_addr/1 "/>
</bind>
</comp>

<comp id="202" class="1004" name="store_ln16_store_fu_202">
<pin_list>
<pin id="203" dir="0" index="0" bw="1" slack="0"/>
<pin id="204" dir="0" index="1" bw="31" slack="0"/>
<pin id="205" dir="1" index="2" bw="0" slack="2147483647"/>
</pin_list>
<bind>
<opcode="store(28) " fcode="store"/>
<opset="store_ln16/1 "/>
</bind>
</comp>

<comp id="207" class="1004" name="store_ln0_store_fu_207">
<pin_list>
<pin id="208" dir="0" index="0" bw="1" slack="0"/>
<pin id="209" dir="0" index="1" bw="62" slack="0"/>
<pin id="210" dir="1" index="2" bw="0" slack="2147483647"/>
</pin_list>
<bind>
<opcode="store(28) " fcode="store"/>
<opset="store_ln0/1 "/>
</bind>
</comp>

<comp id="212" class="1004" name="zext_ln16_fu_212">
<pin_list>
<pin id="213" dir="0" index="0" bw="32" slack="1"/>
<pin id="214" dir="1" index="1" bw="62" slack="0"/>
</pin_list>
<bind>
<opcode="zext(34) " fcode="zext"/>
<opset="zext_ln16/2 "/>
</bind>
</comp>

<comp id="217" class="1004" name="empty_fu_217">
<pin_list>
<pin id="218" dir="0" index="0" bw="1" slack="1"/>
<pin id="219" dir="0" index="1" bw="62" slack="0"/>
<pin id="220" dir="0" index="2" bw="1" slack="0"/>
<pin id="221" dir="1" index="3" bw="62" slack="1"/>
</pin_list>
<bind>
<opcode="select(49) " fcode="select"/>
<opset="empty/2 "/>
</bind>
</comp>

<comp id="224" class="1004" name="zext_ln16_1_fu_224">
<pin_list>
<pin id="225" dir="0" index="0" bw="62" slack="1"/>
<pin id="226" dir="1" index="1" bw="64" slack="0"/>
</pin_list>
<bind>
<opcode="zext(34) " fcode="zext"/>
<opset="zext_ln16_1/3 "/>
</bind>
</comp>

<comp id="228" class="1004" name="phi_mul1_load_load_fu_228">
<pin_list>
<pin id="229" dir="0" index="0" bw="62" slack="3"/>
<pin id="230" dir="1" index="1" bw="62" slack="0"/>
</pin_list>
<bind>
<opcode="load(27) " fcode="load"/>
<opset="phi_mul1_load/4 "/>
</bind>
</comp>

<comp id="231" class="1004" name="i_1_load_fu_231">
<pin_list>
<pin id="232" dir="0" index="0" bw="31" slack="3"/>
<pin id="233" dir="1" index="1" bw="31" slack="0"/>
</pin_list>
<bind>
<opcode="load(27) " fcode="load"/>
<opset="i_1/4 "/>
</bind>
</comp>

<comp id="234" class="1004" name="add_ln16_1_fu_234">
<pin_list>
<pin id="235" dir="0" index="0" bw="62" slack="0"/>
<pin id="236" dir="0" index="1" bw="32" slack="2"/>
<pin id="237" dir="1" index="2" bw="62" slack="1"/>
</pin_list>
<bind>
<opcode="add(8) " fcode="add"/>
<opset="add_ln16_1/4 "/>
</bind>
</comp>

<comp id="239" class="1004" name="zext_ln16_2_fu_239">
<pin_list>
<pin id="240" dir="0" index="0" bw="31" slack="0"/>
<pin id="241" dir="1" index="1" bw="32" slack="0"/>
</pin_list>
<bind>
<opcode="zext(34) " fcode="zext"/>
<opset="zext_ln16_2/4 "/>
</bind>
</comp>

<comp id="243" class="1004" name="icmp_ln16_1_fu_243">
<pin_list>
<pin id="244" dir="0" index="0" bw="31" slack="0"/>
<pin id="245" dir="0" index="1" bw="32" slack="3"/>
<pin id="246" dir="1" index="2" bw="1" slack="2147483647"/>
</pin_list>
<bind>
<opcode="icmp(45) " fcode="icmp"/>
<opset="icmp_ln16_1/4 "/>
</bind>
</comp>

<comp id="248" class="1004" name="add_ln16_fu_248">
<pin_list>
<pin id="249" dir="0" index="0" bw="31" slack="0"/>
<pin id="250" dir="0" index="1" bw="1" slack="0"/>
<pin id="251" dir="1" index="2" bw="31" slack="1"/>
</pin_list>
<bind>
<opcode="add(8) " fcode="add"/>
<opset="add_ln16/4 "/>
</bind>
</comp>

<comp id="254" class="1004" name="tmp_fu_254">
<pin_list>
<pin id="255" dir="0" index="0" bw="64" slack="0"/>
<pin id="256" dir="0" index="1" bw="62" slack="0"/>
<pin id="257" dir="0" index="2" bw="1" slack="0"/>
<pin id="258" dir="1" index="3" bw="64" slack="0"/>
</pin_list>
<bind>
<opcode="bitconcatenate(1004) " fcode="bitconcatenate"/>
<opset="tmp/4 "/>
</bind>
</comp>

<comp id="262" class="1004" name="empty_22_fu_262">
<pin_list>
<pin id="263" dir="0" index="0" bw="64" slack="0"/>
<pin id="264" dir="0" index="1" bw="64" slack="3"/>
<pin id="265" dir="1" index="2" bw="64" slack="0"/>
</pin_list>
<bind>
<opcode="add(8) " fcode="add"/>
<opset="empty_22/4 "/>
</bind>
</comp>

<comp id="267" class="1004" name="p_cast_fu_267">
<pin_list>
<pin id="268" dir="0" index="0" bw="62" slack="0"/>
<pin id="269" dir="0" index="1" bw="64" slack="0"/>
<pin id="270" dir="0" index="2" bw="3" slack="0"/>
<pin id="271" dir="0" index="3" bw="7" slack="0"/>
<pin id="272" dir="1" index="4" bw="62" slack="1"/>
</pin_list>
<bind>
<opcode="partselect(1002) " fcode="partselect"/>
<opset="p_cast/4 "/>
</bind>
</comp>

<comp id="277" class="1004" name="icmp_ln18_fu_277">
<pin_list>
<pin id="278" dir="0" index="0" bw="32" slack="0"/>
<pin id="279" dir="0" index="1" bw="32" slack="4"/>
<pin id="280" dir="1" index="2" bw="1" slack="2147483647"/>
</pin_list>
<bind>
<opcode="icmp(45) " fcode="icmp"/>
<opset="icmp_ln18/5 "/>
</bind>
</comp>

<comp id="282" class="1004" name="add_ln18_fu_282">
<pin_list>
<pin id="283" dir="0" index="0" bw="32" slack="0"/>
<pin id="284" dir="0" index="1" bw="1" slack="0"/>
<pin id="285" dir="1" index="2" bw="32" slack="0"/>
</pin_list>
<bind>
<opcode="add(8) " fcode="add"/>
<opset="add_ln18/5 "/>
</bind>
</comp>

<comp id="288" class="1004" name="store_ln16_store_fu_288">
<pin_list>
<pin id="289" dir="0" index="0" bw="31" slack="1"/>
<pin id="290" dir="0" index="1" bw="31" slack="4"/>
<pin id="291" dir="1" index="2" bw="0" slack="2147483647"/>
</pin_list>
<bind>
<opcode="store(28) " fcode="store"/>
<opset="store_ln16/5 "/>
</bind>
</comp>

<comp id="292" class="1004" name="store_ln16_store_fu_292">
<pin_list>
<pin id="293" dir="0" index="0" bw="62" slack="1"/>
<pin id="294" dir="0" index="1" bw="62" slack="4"/>
<pin id="295" dir="1" index="2" bw="0" slack="2147483647"/>
</pin_list>
<bind>
<opcode="store(28) " fcode="store"/>
<opset="store_ln16/5 "/>
</bind>
</comp>

<comp id="296" class="1004" name="sum_loc_load_load_fu_296">
<pin_list>
<pin id="297" dir="0" index="0" bw="32" slack="6"/>
<pin id="298" dir="1" index="1" bw="32" slack="0"/>
</pin_list>
<bind>
<opcode="load(27) " fcode="load"/>
<opset="sum_loc_load/7 "/>
</bind>
</comp>

<comp id="300" class="1005" name="phi_mul1_reg_300">
<pin_list>
<pin id="301" dir="0" index="0" bw="62" slack="0"/>
<pin id="302" dir="1" index="1" bw="62" slack="0"/>
</pin_list>
<bind>
<opset="phi_mul1 "/>
</bind>
</comp>

<comp id="307" class="1005" name="i_reg_307">
<pin_list>
<pin id="308" dir="0" index="0" bw="31" slack="0"/>
<pin id="309" dir="1" index="1" bw="31" slack="0"/>
</pin_list>
<bind>
<opset="i "/>
</bind>
</comp>

<comp id="314" class="1005" name="dim_read_reg_314">
<pin_list>
<pin id="315" dir="0" index="0" bw="32" slack="1"/>
<pin id="316" dir="1" index="1" bw="32" slack="1"/>
</pin_list>
<bind>
<opset="dim_read "/>
</bind>
</comp>

<comp id="323" class="1005" name="in2_read_reg_323">
<pin_list>
<pin id="324" dir="0" index="0" bw="64" slack="4"/>
<pin id="325" dir="1" index="1" bw="64" slack="4"/>
</pin_list>
<bind>
<opset="in2_read "/>
</bind>
</comp>

<comp id="328" class="1005" name="in1_read_reg_328">
<pin_list>
<pin id="329" dir="0" index="0" bw="64" slack="3"/>
<pin id="330" dir="1" index="1" bw="64" slack="3"/>
</pin_list>
<bind>
<opset="in1_read "/>
</bind>
</comp>

<comp id="333" class="1005" name="sum_loc_reg_333">
<pin_list>
<pin id="334" dir="0" index="0" bw="32" slack="4"/>
<pin id="335" dir="1" index="1" bw="32" slack="4"/>
</pin_list>
<bind>
<opset="sum_loc "/>
</bind>
</comp>

<comp id="339" class="1005" name="icmp_ln16_reg_339">
<pin_list>
<pin id="340" dir="0" index="0" bw="1" slack="1"/>
<pin id="341" dir="1" index="1" bw="1" slack="1"/>
</pin_list>
<bind>
<opset="icmp_ln16 "/>
</bind>
</comp>

<comp id="344" class="1005" name="gmem_addr_reg_344">
<pin_list>
<pin id="345" dir="0" index="0" bw="32" slack="2"/>
<pin id="346" dir="1" index="1" bw="32" slack="2"/>
</pin_list>
<bind>
<opset="gmem_addr "/>
</bind>
</comp>

<comp id="350" class="1005" name="zext_ln16_reg_350">
<pin_list>
<pin id="351" dir="0" index="0" bw="62" slack="2"/>
<pin id="352" dir="1" index="1" bw="62" slack="2"/>
</pin_list>
<bind>
<opset="zext_ln16 "/>
</bind>
</comp>

<comp id="355" class="1005" name="empty_reg_355">
<pin_list>
<pin id="356" dir="0" index="0" bw="62" slack="1"/>
<pin id="357" dir="1" index="1" bw="62" slack="1"/>
</pin_list>
<bind>
<opset="empty "/>
</bind>
</comp>

<comp id="360" class="1005" name="add_ln16_1_reg_360">
<pin_list>
<pin id="361" dir="0" index="0" bw="62" slack="1"/>
<pin id="362" dir="1" index="1" bw="62" slack="1"/>
</pin_list>
<bind>
<opset="add_ln16_1 "/>
</bind>
</comp>

<comp id="368" class="1005" name="add_ln16_reg_368">
<pin_list>
<pin id="369" dir="0" index="0" bw="31" slack="1"/>
<pin id="370" dir="1" index="1" bw="31" slack="1"/>
</pin_list>
<bind>
<opset="add_ln16 "/>
</bind>
</comp>

<comp id="373" class="1005" name="p_cast_reg_373">
<pin_list>
<pin id="374" dir="0" index="0" bw="62" slack="1"/>
<pin id="375" dir="1" index="1" bw="62" slack="1"/>
</pin_list>
<bind>
<opset="p_cast "/>
</bind>
</comp>

<comp id="381" class="1005" name="add_ln18_reg_381">
<pin_list>
<pin id="382" dir="0" index="0" bw="32" slack="0"/>
<pin id="383" dir="1" index="1" bw="32" slack="0"/>
</pin_list>
<bind>
<opset="add_ln18 "/>
</bind>
</comp>

</comp_list>

<net_list>
<net id="99"><net_src comp="10" pin="0"/><net_sink comp="96" pin=0"/></net>

<net id="103"><net_src comp="10" pin="0"/><net_sink comp="100" pin=0"/></net>

<net id="107"><net_src comp="16" pin="0"/><net_sink comp="104" pin=0"/></net>

<net id="112"><net_src comp="12" pin="0"/><net_sink comp="108" pin=0"/></net>

<net id="113"><net_src comp="8" pin="0"/><net_sink comp="108" pin=1"/></net>

<net id="118"><net_src comp="14" pin="0"/><net_sink comp="114" pin=0"/></net>

<net id="119"><net_src comp="6" pin="0"/><net_sink comp="114" pin=1"/></net>

<net id="124"><net_src comp="14" pin="0"/><net_sink comp="120" pin=0"/></net>

<net id="125"><net_src comp="4" pin="0"/><net_sink comp="120" pin=1"/></net>

<net id="130"><net_src comp="14" pin="0"/><net_sink comp="126" pin=0"/></net>

<net id="131"><net_src comp="2" pin="0"/><net_sink comp="126" pin=1"/></net>

<net id="137"><net_src comp="70" pin="0"/><net_sink comp="132" pin=0"/></net>

<net id="144"><net_src comp="90" pin="0"/><net_sink comp="138" pin=0"/></net>

<net id="145"><net_src comp="92" pin="0"/><net_sink comp="138" pin=3"/></net>

<net id="146"><net_src comp="94" pin="0"/><net_sink comp="132" pin=0"/></net>

<net id="150"><net_src comp="18" pin="0"/><net_sink comp="147" pin=0"/></net>

<net id="157"><net_src comp="147" pin="1"/><net_sink comp="151" pin=0"/></net>

<net id="158"><net_src comp="151" pin="4"/><net_sink comp="147" pin=0"/></net>

<net id="169"><net_src comp="86" pin="0"/><net_sink comp="159" pin=0"/></net>

<net id="170"><net_src comp="0" pin="0"/><net_sink comp="159" pin=1"/></net>

<net id="171"><net_src comp="151" pin="4"/><net_sink comp="159" pin=5"/></net>

<net id="180"><net_src comp="108" pin="2"/><net_sink comp="176" pin=0"/></net>

<net id="181"><net_src comp="18" pin="0"/><net_sink comp="176" pin=1"/></net>

<net id="188"><net_src comp="20" pin="0"/><net_sink comp="182" pin=0"/></net>

<net id="189"><net_src comp="114" pin="2"/><net_sink comp="182" pin=1"/></net>

<net id="190"><net_src comp="22" pin="0"/><net_sink comp="182" pin=2"/></net>

<net id="191"><net_src comp="24" pin="0"/><net_sink comp="182" pin=3"/></net>

<net id="195"><net_src comp="182" pin="4"/><net_sink comp="192" pin=0"/></net>

<net id="200"><net_src comp="0" pin="0"/><net_sink comp="196" pin=0"/></net>

<net id="201"><net_src comp="192" pin="1"/><net_sink comp="196" pin=1"/></net>

<net id="206"><net_src comp="26" pin="0"/><net_sink comp="202" pin=0"/></net>

<net id="211"><net_src comp="28" pin="0"/><net_sink comp="207" pin=0"/></net>

<net id="215"><net_src comp="212" pin="1"/><net_sink comp="172" pin=0"/></net>

<net id="216"><net_src comp="212" pin="1"/><net_sink comp="172" pin=1"/></net>

<net id="222"><net_src comp="172" pin="2"/><net_sink comp="217" pin=1"/></net>

<net id="223"><net_src comp="28" pin="0"/><net_sink comp="217" pin=2"/></net>

<net id="227"><net_src comp="224" pin="1"/><net_sink comp="132" pin=2"/></net>

<net id="238"><net_src comp="228" pin="1"/><net_sink comp="234" pin=0"/></net>

<net id="242"><net_src comp="231" pin="1"/><net_sink comp="239" pin=0"/></net>

<net id="247"><net_src comp="239" pin="1"/><net_sink comp="243" pin=0"/></net>

<net id="252"><net_src comp="231" pin="1"/><net_sink comp="248" pin=0"/></net>

<net id="253"><net_src comp="72" pin="0"/><net_sink comp="248" pin=1"/></net>

<net id="259"><net_src comp="82" pin="0"/><net_sink comp="254" pin=0"/></net>

<net id="260"><net_src comp="228" pin="1"/><net_sink comp="254" pin=1"/></net>

<net id="261"><net_src comp="84" pin="0"/><net_sink comp="254" pin=2"/></net>

<net id="266"><net_src comp="254" pin="3"/><net_sink comp="262" pin=0"/></net>

<net id="273"><net_src comp="20" pin="0"/><net_sink comp="267" pin=0"/></net>

<net id="274"><net_src comp="262" pin="2"/><net_sink comp="267" pin=1"/></net>

<net id="275"><net_src comp="22" pin="0"/><net_sink comp="267" pin=2"/></net>

<net id="276"><net_src comp="24" pin="0"/><net_sink comp="267" pin=3"/></net>

<net id="281"><net_src comp="151" pin="4"/><net_sink comp="277" pin=0"/></net>

<net id="286"><net_src comp="151" pin="4"/><net_sink comp="282" pin=0"/></net>

<net id="287"><net_src comp="10" pin="0"/><net_sink comp="282" pin=1"/></net>

<net id="299"><net_src comp="296" pin="1"/><net_sink comp="138" pin=2"/></net>

<net id="303"><net_src comp="96" pin="1"/><net_sink comp="300" pin=0"/></net>

<net id="304"><net_src comp="300" pin="1"/><net_sink comp="207" pin=1"/></net>

<net id="305"><net_src comp="300" pin="1"/><net_sink comp="228" pin=0"/></net>

<net id="306"><net_src comp="300" pin="1"/><net_sink comp="292" pin=1"/></net>

<net id="310"><net_src comp="100" pin="1"/><net_sink comp="307" pin=0"/></net>

<net id="311"><net_src comp="307" pin="1"/><net_sink comp="202" pin=1"/></net>

<net id="312"><net_src comp="307" pin="1"/><net_sink comp="231" pin=0"/></net>

<net id="313"><net_src comp="307" pin="1"/><net_sink comp="288" pin=1"/></net>

<net id="317"><net_src comp="108" pin="2"/><net_sink comp="314" pin=0"/></net>

<net id="318"><net_src comp="314" pin="1"/><net_sink comp="212" pin=0"/></net>

<net id="319"><net_src comp="314" pin="1"/><net_sink comp="243" pin=1"/></net>

<net id="320"><net_src comp="314" pin="1"/><net_sink comp="277" pin=1"/></net>

<net id="321"><net_src comp="314" pin="1"/><net_sink comp="159" pin=2"/></net>

<net id="322"><net_src comp="314" pin="1"/><net_sink comp="159" pin=4"/></net>

<net id="326"><net_src comp="120" pin="2"/><net_sink comp="323" pin=0"/></net>

<net id="327"><net_src comp="323" pin="1"/><net_sink comp="159" pin=6"/></net>

<net id="331"><net_src comp="126" pin="2"/><net_sink comp="328" pin=0"/></net>

<net id="332"><net_src comp="328" pin="1"/><net_sink comp="262" pin=1"/></net>

<net id="336"><net_src comp="104" pin="1"/><net_sink comp="333" pin=0"/></net>

<net id="337"><net_src comp="333" pin="1"/><net_sink comp="159" pin=7"/></net>

<net id="338"><net_src comp="333" pin="1"/><net_sink comp="296" pin=0"/></net>

<net id="342"><net_src comp="176" pin="2"/><net_sink comp="339" pin=0"/></net>

<net id="343"><net_src comp="339" pin="1"/><net_sink comp="217" pin=0"/></net>

<net id="347"><net_src comp="196" pin="2"/><net_sink comp="344" pin=0"/></net>

<net id="348"><net_src comp="344" pin="1"/><net_sink comp="132" pin=1"/></net>

<net id="349"><net_src comp="344" pin="1"/><net_sink comp="138" pin=1"/></net>

<net id="353"><net_src comp="212" pin="1"/><net_sink comp="350" pin=0"/></net>

<net id="354"><net_src comp="350" pin="1"/><net_sink comp="234" pin=1"/></net>

<net id="358"><net_src comp="217" pin="3"/><net_sink comp="355" pin=0"/></net>

<net id="359"><net_src comp="355" pin="1"/><net_sink comp="224" pin=0"/></net>

<net id="363"><net_src comp="234" pin="2"/><net_sink comp="360" pin=0"/></net>

<net id="364"><net_src comp="360" pin="1"/><net_sink comp="292" pin=0"/></net>

<net id="371"><net_src comp="248" pin="2"/><net_sink comp="368" pin=0"/></net>

<net id="372"><net_src comp="368" pin="1"/><net_sink comp="288" pin=0"/></net>

<net id="376"><net_src comp="267" pin="4"/><net_sink comp="373" pin=0"/></net>

<net id="377"><net_src comp="373" pin="1"/><net_sink comp="159" pin=3"/></net>

<net id="384"><net_src comp="282" pin="2"/><net_sink comp="381" pin=0"/></net>

<net id="385"><net_src comp="381" pin="1"/><net_sink comp="151" pin=2"/></net>

</net_list>

</model> 
---------------- Datapath Model END ------------------

* FSMD analyzer results:
  - Output states:
	Port: gmem | {3 7 8 9 10 11 12 }
 - Input state : 
	Port: mmult_hw : gmem | {5 6 }
	Port: mmult_hw : in1 | {1 }
	Port: mmult_hw : in2 | {1 }
	Port: mmult_hw : out_r | {1 }
	Port: mmult_hw : dim | {1 }
  - Chain level:
	State 1
		sext_ln16 : 1
		gmem_addr : 2
		store_ln16 : 1
		store_ln0 : 1
	State 2
		mul_ln16 : 1
		empty : 2
	State 3
		empty_21 : 1
	State 4
		add_ln16_1 : 1
		zext_ln16_2 : 1
		icmp_ln16_1 : 2
		add_ln16 : 1
		br_ln16 : 3
		tmp : 1
		empty_22 : 2
		p_cast : 3
	State 5
		icmp_ln18 : 1
		add_ln18 : 1
		br_ln18 : 2
		call_ln16 : 1
	State 6
	State 7
		write_ln28 : 1
	State 8
	State 9
	State 10
	State 11
	State 12


============================================================
+ Verbose Summary: Datapath Resource usage 
============================================================

* Functional unit list:
|----------|------------------------------------|---------|---------|---------|---------|
| Operation|           Functional Unit          |   DSP   |  Delay  |    FF   |   LUT   |
|----------|------------------------------------|---------|---------|---------|---------|
|   call   | grp_mmult_hw_Pipeline_loop3_fu_159 |    1    |  1.036  |   507   |   379   |
|----------|------------------------------------|---------|---------|---------|---------|
|          |          add_ln16_1_fu_234         |    0    |    0    |    0    |    69   |
|    add   |           add_ln16_fu_248          |    0    |    0    |    0    |    38   |
|          |           empty_22_fu_262          |    0    |    0    |    0    |    71   |
|          |           add_ln18_fu_282          |    0    |    0    |    0    |    39   |
|----------|------------------------------------|---------|---------|---------|---------|
|          |          icmp_ln16_fu_176          |    0    |    0    |    0    |    39   |
|   icmp   |         icmp_ln16_1_fu_243         |    0    |    0    |    0    |    39   |
|          |          icmp_ln18_fu_277          |    0    |    0    |    0    |    39   |
|----------|------------------------------------|---------|---------|---------|---------|
|  select  |            empty_fu_217            |    0    |    0    |    0    |    55   |
|----------|------------------------------------|---------|---------|---------|---------|
|    mul   |           mul_ln16_fu_172          |    4    |    0    |    0    |    20   |
|----------|------------------------------------|---------|---------|---------|---------|
|          |        dim_read_read_fu_108        |    0    |    0    |    0    |    0    |
|   read   |       out_r_read_read_fu_114       |    0    |    0    |    0    |    0    |
|          |        in2_read_read_fu_120        |    0    |    0    |    0    |    0    |
|          |        in1_read_read_fu_126        |    0    |    0    |    0    |    0    |
|----------|------------------------------------|---------|---------|---------|---------|
| writeresp|        grp_writeresp_fu_132        |    0    |    0    |    0    |    0    |
|----------|------------------------------------|---------|---------|---------|---------|
|   write  |       write_ln28_write_fu_138      |    0    |    0    |    0    |    0    |
|----------|------------------------------------|---------|---------|---------|---------|
|partselect|           trunc_ln_fu_182          |    0    |    0    |    0    |    0    |
|          |            p_cast_fu_267           |    0    |    0    |    0    |    0    |
|----------|------------------------------------|---------|---------|---------|---------|
|   sext   |          sext_ln16_fu_192          |    0    |    0    |    0    |    0    |
|----------|------------------------------------|---------|---------|---------|---------|
|          |          zext_ln16_fu_212          |    0    |    0    |    0    |    0    |
|   zext   |         zext_ln16_1_fu_224         |    0    |    0    |    0    |    0    |
|          |         zext_ln16_2_fu_239         |    0    |    0    |    0    |    0    |
|----------|------------------------------------|---------|---------|---------|---------|
|bitconcatenate|             tmp_fu_254             |    0    |    0    |    0    |    0    |
|----------|------------------------------------|---------|---------|---------|---------|
|   Total  |                                    |    5    |  1.036  |   507   |   788   |
|----------|------------------------------------|---------|---------|---------|---------|

Memories:
N/A

* Register list:
+------------------+--------+
|                  |   FF   |
+------------------+--------+
|add_ln16_1_reg_360|   62   |
| add_ln16_reg_368 |   31   |
| add_ln18_reg_381 |   32   |
| dim_read_reg_314 |   32   |
|   empty_reg_355  |   62   |
| gmem_addr_reg_344|   32   |
|     i_reg_307    |   31   |
| icmp_ln16_reg_339|    1   |
| in1_read_reg_328 |   64   |
| in2_read_reg_323 |   64   |
|     j_reg_147    |   32   |
|  p_cast_reg_373  |   62   |
| phi_mul1_reg_300 |   62   |
|  sum_loc_reg_333 |   32   |
| zext_ln16_reg_350|   62   |
+------------------+--------+
|       Total      |   661  |
+------------------+--------+

* Multiplexer (MUX) list: 
|----------------------|------|------|------|--------||---------||---------||---------|
|         Comp         |  Pin | Size |  BW  | S x BW ||  Delay  ||    FF   ||   LUT   |
|----------------------|------|------|------|--------||---------||---------||---------|
| grp_writeresp_fu_132 |  p0  |   2  |   1  |    2   |
|       j_reg_147      |  p0  |   2  |  32  |   64   ||    0    ||    9    |
|----------------------|------|------|------|--------||---------||---------||---------|
|         Total        |      |      |      |   66   ||  0.978  ||    0    ||    9    |
|----------------------|------|------|------|--------||---------||---------||---------|



* Summary:
+-----------+--------+--------+--------+--------+
|           |   DSP  |  Delay |   FF   |   LUT  |
+-----------+--------+--------+--------+--------+
|  Function |    5   |    1   |   507  |   788  |
|   Memory  |    -   |    -   |    -   |    -   |
|Multiplexer|    -   |    0   |    0   |    9   |
|  Register |    -   |    -   |   661  |    -   |
+-----------+--------+--------+--------+--------+
|   Total   |    5   |    2   |  1168  |   797  |
+-----------+--------+--------+--------+--------+
