#-----------------------------------------------------------
# Vivado v2024.1 (64-bit)
# SW Build 5076996 on Wed May 22 18:37:14 MDT 2024
# IP Build 5075265 on Wed May 22 21:45:21 MDT 2024
# SharedData Build 5076995 on Wed May 22 18:29:18 MDT 2024
# Start of session at: Sat Jan 24 17:04:09 2026
# Process ID: 16968
# Current directory: C:/Users/theec/OneDrive/Documents/FPGAHW/HW3/Vitis/divby13/divby13/hls/impl/ip
# Command line: vivado.exe -notrace -mode batch -source run_ippack.tcl
# Log file: C:/Users/theec/OneDrive/Documents/FPGAHW/HW3/Vitis/divby13/divby13/hls/impl/ip/vivado.log
# Journal file: C:/Users/theec/OneDrive/Documents/FPGAHW/HW3/Vitis/divby13/divby13/hls/impl/ip\vivado.jou
# Running On        :icarus
# Platform          :Windows Server 2016 or Windows 10
# Operating System  :26100
# Processor Detail  :Intel(R) Core(TM) Ultra 9 275HX
# CPU Frequency     :3072 MHz
# CPU Physical cores:24
# CPU Logical cores :24
# Host memory       :33673 MB
# Swap memory       :4709 MB
# Total Virtual     :38382 MB
# Available Virtual :752 MB
#-----------------------------------------------------------
source run_ippack.tcl -notrace
