

================================================================
== Vitis HLS Report for 'mmult_hw'
================================================================
* Date:           Wed Feb 18 16:26:50 2026

* Version:        2024.1 (Build 5069499 on May 21 2024)
* Project:        matmul_D7_AXI_Sep_Unroll_Inner
* Solution:       hls (Vivado IP Flow Target)
* Product family: zynquplus
* Target device:  xczu3eg-sbva484-1-e


================================================================
== Performance Estimates
================================================================
+ Timing: 
    * Summary: 
    +--------+----------+----------+------------+
    |  Clock |  Target  | Estimated| Uncertainty|
    +--------+----------+----------+------------+
    |ap_clk  |  10.00 ns|  7.300 ns|     2.70 ns|
    +--------+----------+----------+------------+

+ Latency: 
    * Summary: 
    +----------+----------+-----------+-----------+----------+----------+---------+
    |   Latency (cycles)  |   Latency (absolute)  |       Interval      | Pipeline|
    |    min   |    max   |    min    |    max    |    min   |    max   |   Type  |
    +----------+----------+-----------+-----------+----------+----------+---------+
    |  23396353|  23396353|  0.234 sec|  0.234 sec|  23396354|  23396354|       no|
    +----------+----------+-----------+-----------+----------+----------+---------+

    + Detail: 
        * Instance: 
        N/A

        * Loop: 
        +---------------+----------+----------+----------+-----------+-----------+-------+----------+
        |               |   Latency (cycles)  | Iteration|  Initiation Interval  |  Trip |          |
        |   Loop Name   |    min   |    max   |  Latency |  achieved |   target  | Count | Pipelined|
        +---------------+----------+----------+----------+-----------+-----------+-------+----------+
        |- loop1_loop2  |  23396352|  23396352|      1428|          -|          -|  16384|        no|
        | + loop3       |      1408|      1408|        11|          -|          -|    128|        no|
        +---------------+----------+----------+----------+-----------+-----------+-------+----------+

============================================================
+ Verbose Summary: Synthesis Manager
============================================================
InlineROM: 1
ExposeGlobal: 0
============================================================
+ Verbose Summary: CDFG Model
============================================================
IsTopModel: 1
ResetActiveHigh: 1
IsCombinational: 0
IsDatapathOnly: 0
HasWiredReturn: 1
HasMFsm: 0
HasVarLatency: 1
IsPipeline: 0
IsRtlPipelined: 0
IsInstanceOverlapped: 0
IsDontTouch: 0
HasImplIP: 0
IsGatedGlobalClock: 0


============================================================
+ Verbose Summary: Schedule
============================================================
* Number of FSM states : 31
* Pipeline : 0
* Dataflow Pipeline: 0

* FSM state transitions: 
1 --> 2 
2 --> 3 
3 --> 4 
4 --> 5 
5 --> 6 
6 --> 7 
7 --> 8 
8 --> 9 
9 --> 10 
10 --> 11 
11 --> 12 
12 --> 13 
13 --> 14 
14 --> 15 25 
15 --> 16 
16 --> 17 
17 --> 18 
18 --> 19 
19 --> 20 
20 --> 21 
21 --> 22 
22 --> 23 
23 --> 24 
24 --> 14 
25 --> 26 
26 --> 27 
27 --> 28 
28 --> 29 
29 --> 30 
30 --> 31 
31 --> 2 

* FSM state operations: 

State 1 <SV = 0> <Delay = 4.88>
ST_1 : Operation 32 [1/1] (0.00ns)   --->   "%j = alloca i32 1" [mmult_baseline.cpp:17]   --->   Operation 32 'alloca' 'j' <Predicate = true> <Delay = 0.00>
ST_1 : Operation 33 [1/1] (0.00ns)   --->   "%i = alloca i32 1" [mmult_baseline.cpp:15]   --->   Operation 33 'alloca' 'i' <Predicate = true> <Delay = 0.00>
ST_1 : Operation 34 [1/1] (0.00ns)   --->   "%indvar_flatten = alloca i32 1"   --->   Operation 34 'alloca' 'indvar_flatten' <Predicate = true> <Delay = 0.00>
ST_1 : Operation 35 [1/1] (0.00ns)   --->   "%spectopmodule_ln7 = spectopmodule void @_ssdm_op_SpecTopModule, void @empty_14" [mmult_baseline.cpp:7]   --->   Operation 35 'spectopmodule' 'spectopmodule_ln7' <Predicate = true> <Delay = 0.00>
ST_1 : Operation 36 [1/1] (0.00ns)   --->   "%specinterface_ln0 = specinterface void @_ssdm_op_SpecInterface, i32 %gmem0, void @empty, i32 0, i32 0, void @empty_0, i32 0, i32 16384, void @empty_1, void @empty_2, void @empty_0, i32 16, i32 16, i32 16, i32 16, void @empty_0, void @empty_0, i32 4294967295, i32 0, i32 0"   --->   Operation 36 'specinterface' 'specinterface_ln0' <Predicate = true> <Delay = 0.00>
ST_1 : Operation 37 [1/1] (0.00ns)   --->   "%specbitsmap_ln0 = specbitsmap void @_ssdm_op_SpecBitsMap, i32 %gmem0"   --->   Operation 37 'specbitsmap' 'specbitsmap_ln0' <Predicate = true> <Delay = 0.00>
ST_1 : Operation 38 [1/1] (0.00ns)   --->   "%specinterface_ln0 = specinterface void @_ssdm_op_SpecInterface, i32 %gmem1, void @empty, i32 0, i32 0, void @empty_0, i32 0, i32 16384, void @empty_3, void @empty_2, void @empty_0, i32 16, i32 16, i32 16, i32 16, void @empty_0, void @empty_0, i32 4294967295, i32 0, i32 0"   --->   Operation 38 'specinterface' 'specinterface_ln0' <Predicate = true> <Delay = 0.00>
ST_1 : Operation 39 [1/1] (0.00ns)   --->   "%specbitsmap_ln0 = specbitsmap void @_ssdm_op_SpecBitsMap, i32 %gmem1"   --->   Operation 39 'specbitsmap' 'specbitsmap_ln0' <Predicate = true> <Delay = 0.00>
ST_1 : Operation 40 [1/1] (0.00ns)   --->   "%specinterface_ln0 = specinterface void @_ssdm_op_SpecInterface, i32 %gmem2, void @empty, i32 0, i32 0, void @empty_0, i32 0, i32 16384, void @empty_4, void @empty_2, void @empty_0, i32 16, i32 16, i32 16, i32 16, void @empty_0, void @empty_0, i32 4294967295, i32 0, i32 0"   --->   Operation 40 'specinterface' 'specinterface_ln0' <Predicate = true> <Delay = 0.00>
ST_1 : Operation 41 [1/1] (0.00ns)   --->   "%specbitsmap_ln0 = specbitsmap void @_ssdm_op_SpecBitsMap, i32 %gmem2"   --->   Operation 41 'specbitsmap' 'specbitsmap_ln0' <Predicate = true> <Delay = 0.00>
ST_1 : Operation 42 [1/1] (0.00ns)   --->   "%specinterface_ln0 = specinterface void @_ssdm_op_SpecInterface, i64 %in1, void @empty_5, i32 0, i32 0, void @empty_0, i32 0, i32 0, void @empty_6, void @empty_7, void @empty_0, i32 0, i32 0, i32 0, i32 0, void @empty_0, void @empty_8, i32 4294967295, i32 0, i32 0"   --->   Operation 42 'specinterface' 'specinterface_ln0' <Predicate = true> <Delay = 0.00>
ST_1 : Operation 43 [1/1] (0.00ns)   --->   "%specinterface_ln0 = specinterface void @_ssdm_op_SpecInterface, i64 %in1, void @empty_9, i32 0, i32 0, void @empty_0, i32 0, i32 0, void @empty_0, void @empty_0, void @empty_0, i32 0, i32 0, i32 0, i32 0, void @empty_0, void @empty_8, i32 4294967295, i32 0, i32 0"   --->   Operation 43 'specinterface' 'specinterface_ln0' <Predicate = true> <Delay = 0.00>
ST_1 : Operation 44 [1/1] (0.00ns)   --->   "%specinterface_ln0 = specinterface void @_ssdm_op_SpecInterface, i64 %in2, void @empty_5, i32 0, i32 0, void @empty_0, i32 0, i32 0, void @empty_6, void @empty_10, void @empty_0, i32 0, i32 0, i32 0, i32 0, void @empty_0, void @empty_8, i32 4294967295, i32 0, i32 0"   --->   Operation 44 'specinterface' 'specinterface_ln0' <Predicate = true> <Delay = 0.00>
ST_1 : Operation 45 [1/1] (0.00ns)   --->   "%specinterface_ln0 = specinterface void @_ssdm_op_SpecInterface, i64 %in2, void @empty_9, i32 0, i32 0, void @empty_0, i32 0, i32 0, void @empty_0, void @empty_0, void @empty_0, i32 0, i32 0, i32 0, i32 0, void @empty_0, void @empty_8, i32 4294967295, i32 0, i32 0"   --->   Operation 45 'specinterface' 'specinterface_ln0' <Predicate = true> <Delay = 0.00>
ST_1 : Operation 46 [1/1] (0.00ns)   --->   "%specinterface_ln0 = specinterface void @_ssdm_op_SpecInterface, i64 %out_r, void @empty_5, i32 0, i32 0, void @empty_0, i32 0, i32 0, void @empty_6, void @empty_11, void @empty_0, i32 0, i32 0, i32 0, i32 0, void @empty_0, void @empty_8, i32 4294967295, i32 0, i32 0"   --->   Operation 46 'specinterface' 'specinterface_ln0' <Predicate = true> <Delay = 0.00>
ST_1 : Operation 47 [1/1] (0.00ns)   --->   "%specinterface_ln0 = specinterface void @_ssdm_op_SpecInterface, i64 %out_r, void @empty_9, i32 0, i32 0, void @empty_0, i32 0, i32 0, void @empty_0, void @empty_0, void @empty_0, i32 0, i32 0, i32 0, i32 0, void @empty_0, void @empty_8, i32 4294967295, i32 0, i32 0"   --->   Operation 47 'specinterface' 'specinterface_ln0' <Predicate = true> <Delay = 0.00>
ST_1 : Operation 48 [1/1] (0.00ns)   --->   "%specbitsmap_ln0 = specbitsmap void @_ssdm_op_SpecBitsMap, i32 %dim"   --->   Operation 48 'specbitsmap' 'specbitsmap_ln0' <Predicate = true> <Delay = 0.00>
ST_1 : Operation 49 [1/1] (0.00ns)   --->   "%specinterface_ln0 = specinterface void @_ssdm_op_SpecInterface, i32 %dim, void @empty_5, i32 4294967295, i32 4294967295, void @empty_12, i32 0, i32 0, void @empty_6, void @empty_13, void @empty_0, i32 0, i32 0, i32 0, i32 0, void @empty_0, void @empty_0, i32 4294967295, i32 0, i32 0"   --->   Operation 49 'specinterface' 'specinterface_ln0' <Predicate = true> <Delay = 0.00>
ST_1 : Operation 50 [1/1] (0.00ns)   --->   "%specinterface_ln0 = specinterface void @_ssdm_op_SpecInterface, i32 %dim, void @empty_9, i32 4294967295, i32 4294967295, void @empty_0, i32 0, i32 0, void @empty_0, void @empty_0, void @empty_0, i32 0, i32 0, i32 0, i32 0, void @empty_0, void @empty_0, i32 4294967295, i32 0, i32 0"   --->   Operation 50 'specinterface' 'specinterface_ln0' <Predicate = true> <Delay = 0.00>
ST_1 : Operation 51 [1/1] (0.00ns)   --->   "%specinterface_ln0 = specinterface void @_ssdm_op_SpecInterface, i32 0, void @empty_5, i32 0, i32 0, void @empty_0, i32 0, i32 0, void @empty_6, void @empty_0, void @empty_0, i32 0, i32 0, i32 0, i32 0, void @empty_0, void @empty_0, i32 4294967295, i32 0, i32 0"   --->   Operation 51 'specinterface' 'specinterface_ln0' <Predicate = true> <Delay = 0.00>
ST_1 : Operation 52 [1/1] (1.00ns)   --->   "%dim_read = read i32 @_ssdm_op_Read.s_axilite.i32, i32 %dim" [mmult_baseline.cpp:7]   --->   Operation 52 'read' 'dim_read' <Predicate = true> <Delay = 1.00> <CoreInst = "s_axilite">   --->   Core 120 's_axilite' <Latency = 0> <II = 1> <Delay = 1.00> <Adapter> <Opcode : 'read' 'write'>
ST_1 : Operation 53 [1/1] (1.00ns)   --->   "%out_r_read = read i64 @_ssdm_op_Read.s_axilite.i64, i64 %out_r" [mmult_baseline.cpp:7]   --->   Operation 53 'read' 'out_r_read' <Predicate = true> <Delay = 1.00> <CoreInst = "s_axilite">   --->   Core 120 's_axilite' <Latency = 0> <II = 1> <Delay = 1.00> <Adapter> <Opcode : 'read' 'write'>
ST_1 : Operation 54 [1/1] (1.00ns)   --->   "%in2_read = read i64 @_ssdm_op_Read.s_axilite.i64, i64 %in2" [mmult_baseline.cpp:7]   --->   Operation 54 'read' 'in2_read' <Predicate = true> <Delay = 1.00> <CoreInst = "s_axilite">   --->   Core 120 's_axilite' <Latency = 0> <II = 1> <Delay = 1.00> <Adapter> <Opcode : 'read' 'write'>
ST_1 : Operation 55 [1/1] (1.00ns)   --->   "%in1_read = read i64 @_ssdm_op_Read.s_axilite.i64, i64 %in1" [mmult_baseline.cpp:7]   --->   Operation 55 'read' 'in1_read' <Predicate = true> <Delay = 1.00> <CoreInst = "s_axilite">   --->   Core 120 's_axilite' <Latency = 0> <II = 1> <Delay = 1.00> <Adapter> <Opcode : 'read' 'write'>
ST_1 : Operation 56 [1/1] (0.00ns)   --->   "%dim_cast = sext i32 %dim_read" [mmult_baseline.cpp:7]   --->   Operation 56 'sext' 'dim_cast' <Predicate = true> <Delay = 0.00>
ST_1 : Operation 57 [1/1] (0.00ns)   --->   "%wide_trip_count = zext i32 %dim_read" [mmult_baseline.cpp:7]   --->   Operation 57 'zext' 'wide_trip_count' <Predicate = true> <Delay = 0.00>
ST_1 : Operation 58 [1/1] (0.00ns)   --->   "%dim_cast3 = zext i32 %dim_read" [mmult_baseline.cpp:7]   --->   Operation 58 'zext' 'dim_cast3' <Predicate = true> <Delay = 0.00>
ST_1 : Operation 59 [1/1] (3.88ns)   --->   "%mul_ln7 = mul i64 %wide_trip_count, i64 %wide_trip_count" [mmult_baseline.cpp:7]   --->   Operation 59 'mul' 'mul_ln7' <Predicate = true> <Delay = 3.88> <CoreInst = "Multiplier">   --->   Core 3 'Multiplier' <Latency = 0> <II = 1> <Delay = 3.88> <FuncUnit> <Opcode : 'mul'> <InPorts = 2> <OutPorts = 1>
ST_1 : Operation 60 [1/1] (0.48ns)   --->   "%store_ln0 = store i64 0, i64 %indvar_flatten"   --->   Operation 60 'store' 'store_ln0' <Predicate = true> <Delay = 0.48>
ST_1 : Operation 61 [1/1] (0.48ns)   --->   "%store_ln15 = store i31 0, i31 %i" [mmult_baseline.cpp:15]   --->   Operation 61 'store' 'store_ln15' <Predicate = true> <Delay = 0.48>
ST_1 : Operation 62 [1/1] (0.48ns)   --->   "%store_ln17 = store i32 0, i32 %j" [mmult_baseline.cpp:17]   --->   Operation 62 'store' 'store_ln17' <Predicate = true> <Delay = 0.48>
ST_1 : Operation 63 [1/1] (0.00ns)   --->   "%br_ln15 = br void %loop3" [mmult_baseline.cpp:15]   --->   Operation 63 'br' 'br_ln15' <Predicate = true> <Delay = 0.00>

State 2 <SV = 1> <Delay = 7.04>
ST_2 : Operation 64 [1/1] (0.00ns)   --->   "%indvar_flatten_load = load i64 %indvar_flatten" [mmult_baseline.cpp:15]   --->   Operation 64 'load' 'indvar_flatten_load' <Predicate = true> <Delay = 0.00>
ST_2 : Operation 65 [1/1] (1.47ns)   --->   "%icmp_ln15 = icmp_eq  i64 %indvar_flatten_load, i64 %mul_ln7" [mmult_baseline.cpp:15]   --->   Operation 65 'icmp' 'icmp_ln15' <Predicate = true> <Delay = 1.47> <CoreInst = "Cmp">   --->   Core 9 'Cmp' <Latency = 0> <II = 1> <Delay = 1.47> <FuncUnit> <Opcode : 'seteq' 'setne' 'setle' 'setge' 'setlt' 'setgt'> <InPorts = 2> <OutPorts = 1>
ST_2 : Operation 66 [1/1] (1.47ns)   --->   "%add_ln15 = add i64 %indvar_flatten_load, i64 1" [mmult_baseline.cpp:15]   --->   Operation 66 'add' 'add_ln15' <Predicate = true> <Delay = 1.47> <CoreInst = "Adder">   --->   Core 1 'Adder' <Latency = 0> <II = 1> <Delay = 1.47> <FuncUnit> <Opcode : 'add' 'sub'> <InPorts = 2> <OutPorts = 1>
ST_2 : Operation 67 [1/1] (0.00ns)   --->   "%br_ln15 = br i1 %icmp_ln15, void %for.inc22, void %for.end24.loopexit" [mmult_baseline.cpp:15]   --->   Operation 67 'br' 'br_ln15' <Predicate = true> <Delay = 0.00>
ST_2 : Operation 68 [1/1] (0.00ns)   --->   "%j_load = load i32 %j" [mmult_baseline.cpp:17]   --->   Operation 68 'load' 'j_load' <Predicate = (!icmp_ln15)> <Delay = 0.00>
ST_2 : Operation 69 [1/1] (0.00ns)   --->   "%i_load = load i31 %i" [mmult_baseline.cpp:15]   --->   Operation 69 'load' 'i_load' <Predicate = (!icmp_ln15)> <Delay = 0.00>
ST_2 : Operation 70 [1/1] (1.20ns)   --->   "%icmp_ln17 = icmp_eq  i32 %j_load, i32 %dim_read" [mmult_baseline.cpp:17]   --->   Operation 70 'icmp' 'icmp_ln17' <Predicate = (!icmp_ln15)> <Delay = 1.20> <CoreInst = "Cmp">   --->   Core 9 'Cmp' <Latency = 0> <II = 1> <Delay = 1.20> <FuncUnit> <Opcode : 'seteq' 'setne' 'setle' 'setge' 'setlt' 'setgt'> <InPorts = 2> <OutPorts = 1>
ST_2 : Operation 71 [1/1] (0.52ns)   --->   "%select_ln15 = select i1 %icmp_ln17, i32 0, i32 %j_load" [mmult_baseline.cpp:15]   --->   Operation 71 'select' 'select_ln15' <Predicate = (!icmp_ln15)> <Delay = 0.52> <CoreInst = "Sel">   --->   Core 73 'Sel' <Latency = 0> <II = 1> <Delay = 0.52> <FuncUnit> <Opcode : 'select'> <InPorts = 3> <OutPorts = 1>
ST_2 : Operation 72 [1/1] (1.19ns)   --->   "%add_ln15_2 = add i31 %i_load, i31 1" [mmult_baseline.cpp:15]   --->   Operation 72 'add' 'add_ln15_2' <Predicate = (!icmp_ln15)> <Delay = 1.19> <CoreInst = "Adder">   --->   Core 1 'Adder' <Latency = 0> <II = 1> <Delay = 1.19> <FuncUnit> <Opcode : 'add' 'sub'> <InPorts = 2> <OutPorts = 1>
ST_2 : Operation 73 [1/1] (0.49ns)   --->   "%select_ln15_1 = select i1 %icmp_ln17, i31 %add_ln15_2, i31 %i_load" [mmult_baseline.cpp:15]   --->   Operation 73 'select' 'select_ln15_1' <Predicate = (!icmp_ln15)> <Delay = 0.49> <CoreInst = "Sel">   --->   Core 73 'Sel' <Latency = 0> <II = 1> <Delay = 0.49> <FuncUnit> <Opcode : 'select'> <InPorts = 3> <OutPorts = 1>
ST_2 : Operation 74 [1/1] (0.00ns)   --->   "%zext_ln15 = zext i31 %select_ln15_1" [mmult_baseline.cpp:15]   --->   Operation 74 'zext' 'zext_ln15' <Predicate = (!icmp_ln15)> <Delay = 0.00>
ST_2 : Operation 75 [1/1] (3.88ns)   --->   "%mul_ln15_1 = mul i62 %zext_ln15, i62 %dim_cast3" [mmult_baseline.cpp:15]   --->   Operation 75 'mul' 'mul_ln15_1' <Predicate = (!icmp_ln15)> <Delay = 3.88> <CoreInst = "Multiplier">   --->   Core 3 'Multiplier' <Latency = 0> <II = 1> <Delay = 3.88> <FuncUnit> <Opcode : 'mul'> <InPorts = 2> <OutPorts = 1>
ST_2 : Operation 76 [1/1] (0.00ns)   --->   "%p_cast_cast_mid2_v_v_v_v = bitconcatenate i64 @_ssdm_op_BitConcatenate.i64.i62.i2, i62 %mul_ln15_1, i2 0" [mmult_baseline.cpp:15]   --->   Operation 76 'bitconcatenate' 'p_cast_cast_mid2_v_v_v_v' <Predicate = (!icmp_ln15)> <Delay = 0.00>
ST_2 : Operation 77 [1/1] (1.47ns)   --->   "%add_ln15_1 = add i64 %p_cast_cast_mid2_v_v_v_v, i64 %in1_read" [mmult_baseline.cpp:15]   --->   Operation 77 'add' 'add_ln15_1' <Predicate = (!icmp_ln15)> <Delay = 1.47> <CoreInst = "Adder">   --->   Core 1 'Adder' <Latency = 0> <II = 1> <Delay = 1.47> <FuncUnit> <Opcode : 'add' 'sub'> <InPorts = 2> <OutPorts = 1>
ST_2 : Operation 78 [1/1] (0.00ns)   --->   "%p_cast_cast_mid2_v = partselect i62 @_ssdm_op_PartSelect.i62.i64.i32.i32, i64 %add_ln15_1, i32 2, i32 63" [mmult_baseline.cpp:15]   --->   Operation 78 'partselect' 'p_cast_cast_mid2_v' <Predicate = (!icmp_ln15)> <Delay = 0.00>
ST_2 : Operation 79 [1/1] (0.00ns)   --->   "%sext_ln15 = sext i62 %p_cast_cast_mid2_v" [mmult_baseline.cpp:15]   --->   Operation 79 'sext' 'sext_ln15' <Predicate = (!icmp_ln15)> <Delay = 0.00>
ST_2 : Operation 80 [1/1] (0.00ns)   --->   "%gmem0_addr = getelementptr i32 %gmem0, i64 %sext_ln15" [mmult_baseline.cpp:15]   --->   Operation 80 'getelementptr' 'gmem0_addr' <Predicate = (!icmp_ln15)> <Delay = 0.00>
ST_2 : Operation 81 [1/1] (0.00ns)   --->   "%ret_ln26 = ret" [mmult_baseline.cpp:26]   --->   Operation 81 'ret' 'ret_ln26' <Predicate = (icmp_ln15)> <Delay = 0.00>

State 3 <SV = 2> <Delay = 6.79>
ST_3 : Operation 82 [1/1] (3.88ns)   --->   "%mul_ln15 = mul i62 %zext_ln15, i62 %dim_cast" [mmult_baseline.cpp:15]   --->   Operation 82 'mul' 'mul_ln15' <Predicate = true> <Delay = 3.88> <CoreInst = "Multiplier">   --->   Core 3 'Multiplier' <Latency = 0> <II = 1> <Delay = 3.88> <FuncUnit> <Opcode : 'mul'> <InPorts = 2> <OutPorts = 1>
ST_3 : Operation 83 [1/1] (0.00ns)   --->   "%zext_ln17 = zext i32 %select_ln15" [mmult_baseline.cpp:17]   --->   Operation 83 'zext' 'zext_ln17' <Predicate = true> <Delay = 0.00>
ST_3 : Operation 84 [1/1] (1.44ns)   --->   "%empty = add i62 %zext_ln17, i62 %mul_ln15" [mmult_baseline.cpp:17]   --->   Operation 84 'add' 'empty' <Predicate = true> <Delay = 1.44> <CoreInst = "Adder">   --->   Core 1 'Adder' <Latency = 0> <II = 1> <Delay = 1.44> <FuncUnit> <Opcode : 'add' 'sub'> <InPorts = 2> <OutPorts = 1>
ST_3 : Operation 85 [1/1] (0.00ns)   --->   "%tmp = bitconcatenate i64 @_ssdm_op_BitConcatenate.i64.i62.i2, i62 %empty, i2 0" [mmult_baseline.cpp:17]   --->   Operation 85 'bitconcatenate' 'tmp' <Predicate = true> <Delay = 0.00>
ST_3 : Operation 86 [1/1] (1.47ns)   --->   "%empty_21 = add i64 %tmp, i64 %out_r_read" [mmult_baseline.cpp:17]   --->   Operation 86 'add' 'empty_21' <Predicate = true> <Delay = 1.47> <CoreInst = "Adder">   --->   Core 1 'Adder' <Latency = 0> <II = 1> <Delay = 1.47> <FuncUnit> <Opcode : 'add' 'sub'> <InPorts = 2> <OutPorts = 1>
ST_3 : Operation 87 [1/1] (0.00ns)   --->   "%trunc_ln = partselect i62 @_ssdm_op_PartSelect.i62.i64.i32.i32, i64 %empty_21, i32 2, i32 63" [mmult_baseline.cpp:22]   --->   Operation 87 'partselect' 'trunc_ln' <Predicate = true> <Delay = 0.00>
ST_3 : Operation 88 [1/1] (0.00ns)   --->   "%sext_ln22 = sext i62 %trunc_ln" [mmult_baseline.cpp:22]   --->   Operation 88 'sext' 'sext_ln22' <Predicate = true> <Delay = 0.00>
ST_3 : Operation 89 [1/1] (0.00ns)   --->   "%gmem2_addr = getelementptr i32 %gmem2, i64 %sext_ln22" [mmult_baseline.cpp:22]   --->   Operation 89 'getelementptr' 'gmem2_addr' <Predicate = true> <Delay = 0.00>

State 4 <SV = 3> <Delay = 7.30>
ST_4 : Operation 90 [8/8] (7.30ns)   --->   "%gmem2_load_req = readreq i1 @_ssdm_op_ReadReq.m_axi.i32P1A, i32 %gmem2_addr, i64 1" [mmult_baseline.cpp:22]   --->   Operation 90 'readreq' 'gmem2_load_req' <Predicate = true> <Delay = 7.30> <CoreInst = "m_axi">   --->   Core 119 'm_axi' <Latency = 0> <II = 1> <Delay = 1.00> <Adapter> <Opcode : 'read' 'write' 'readreq' 'writereq' 'writeresp'>
ST_4 : Operation 91 [8/8] (7.30ns)   --->   "%empty_22 = readreq i1 @_ssdm_op_ReadReq.m_axi.p1i32, i32 %gmem0_addr, i64 %wide_trip_count" [mmult_baseline.cpp:19]   --->   Operation 91 'readreq' 'empty_22' <Predicate = true> <Delay = 7.30> <CoreInst = "m_axi">   --->   Core 119 'm_axi' <Latency = 0> <II = 1> <Delay = 1.00> <Adapter> <Opcode : 'read' 'write' 'readreq' 'writereq' 'writeresp'>

State 5 <SV = 4> <Delay = 7.30>
ST_5 : Operation 92 [7/8] (7.30ns)   --->   "%gmem2_load_req = readreq i1 @_ssdm_op_ReadReq.m_axi.i32P1A, i32 %gmem2_addr, i64 1" [mmult_baseline.cpp:22]   --->   Operation 92 'readreq' 'gmem2_load_req' <Predicate = true> <Delay = 7.30> <CoreInst = "m_axi">   --->   Core 119 'm_axi' <Latency = 0> <II = 1> <Delay = 1.00> <Adapter> <Opcode : 'read' 'write' 'readreq' 'writereq' 'writeresp'>
ST_5 : Operation 93 [7/8] (7.30ns)   --->   "%empty_22 = readreq i1 @_ssdm_op_ReadReq.m_axi.p1i32, i32 %gmem0_addr, i64 %wide_trip_count" [mmult_baseline.cpp:19]   --->   Operation 93 'readreq' 'empty_22' <Predicate = true> <Delay = 7.30> <CoreInst = "m_axi">   --->   Core 119 'm_axi' <Latency = 0> <II = 1> <Delay = 1.00> <Adapter> <Opcode : 'read' 'write' 'readreq' 'writereq' 'writeresp'>

State 6 <SV = 5> <Delay = 7.30>
ST_6 : Operation 94 [6/8] (7.30ns)   --->   "%gmem2_load_req = readreq i1 @_ssdm_op_ReadReq.m_axi.i32P1A, i32 %gmem2_addr, i64 1" [mmult_baseline.cpp:22]   --->   Operation 94 'readreq' 'gmem2_load_req' <Predicate = true> <Delay = 7.30> <CoreInst = "m_axi">   --->   Core 119 'm_axi' <Latency = 0> <II = 1> <Delay = 1.00> <Adapter> <Opcode : 'read' 'write' 'readreq' 'writereq' 'writeresp'>
ST_6 : Operation 95 [6/8] (7.30ns)   --->   "%empty_22 = readreq i1 @_ssdm_op_ReadReq.m_axi.p1i32, i32 %gmem0_addr, i64 %wide_trip_count" [mmult_baseline.cpp:19]   --->   Operation 95 'readreq' 'empty_22' <Predicate = true> <Delay = 7.30> <CoreInst = "m_axi">   --->   Core 119 'm_axi' <Latency = 0> <II = 1> <Delay = 1.00> <Adapter> <Opcode : 'read' 'write' 'readreq' 'writereq' 'writeresp'>

State 7 <SV = 6> <Delay = 7.30>
ST_7 : Operation 96 [5/8] (7.30ns)   --->   "%gmem2_load_req = readreq i1 @_ssdm_op_ReadReq.m_axi.i32P1A, i32 %gmem2_addr, i64 1" [mmult_baseline.cpp:22]   --->   Operation 96 'readreq' 'gmem2_load_req' <Predicate = true> <Delay = 7.30> <CoreInst = "m_axi">   --->   Core 119 'm_axi' <Latency = 0> <II = 1> <Delay = 1.00> <Adapter> <Opcode : 'read' 'write' 'readreq' 'writereq' 'writeresp'>
ST_7 : Operation 97 [5/8] (7.30ns)   --->   "%empty_22 = readreq i1 @_ssdm_op_ReadReq.m_axi.p1i32, i32 %gmem0_addr, i64 %wide_trip_count" [mmult_baseline.cpp:19]   --->   Operation 97 'readreq' 'empty_22' <Predicate = true> <Delay = 7.30> <CoreInst = "m_axi">   --->   Core 119 'm_axi' <Latency = 0> <II = 1> <Delay = 1.00> <Adapter> <Opcode : 'read' 'write' 'readreq' 'writereq' 'writeresp'>

State 8 <SV = 7> <Delay = 7.30>
ST_8 : Operation 98 [4/8] (7.30ns)   --->   "%gmem2_load_req = readreq i1 @_ssdm_op_ReadReq.m_axi.i32P1A, i32 %gmem2_addr, i64 1" [mmult_baseline.cpp:22]   --->   Operation 98 'readreq' 'gmem2_load_req' <Predicate = true> <Delay = 7.30> <CoreInst = "m_axi">   --->   Core 119 'm_axi' <Latency = 0> <II = 1> <Delay = 1.00> <Adapter> <Opcode : 'read' 'write' 'readreq' 'writereq' 'writeresp'>
ST_8 : Operation 99 [4/8] (7.30ns)   --->   "%empty_22 = readreq i1 @_ssdm_op_ReadReq.m_axi.p1i32, i32 %gmem0_addr, i64 %wide_trip_count" [mmult_baseline.cpp:19]   --->   Operation 99 'readreq' 'empty_22' <Predicate = true> <Delay = 7.30> <CoreInst = "m_axi">   --->   Core 119 'm_axi' <Latency = 0> <II = 1> <Delay = 1.00> <Adapter> <Opcode : 'read' 'write' 'readreq' 'writereq' 'writeresp'>

State 9 <SV = 8> <Delay = 7.30>
ST_9 : Operation 100 [3/8] (7.30ns)   --->   "%gmem2_load_req = readreq i1 @_ssdm_op_ReadReq.m_axi.i32P1A, i32 %gmem2_addr, i64 1" [mmult_baseline.cpp:22]   --->   Operation 100 'readreq' 'gmem2_load_req' <Predicate = true> <Delay = 7.30> <CoreInst = "m_axi">   --->   Core 119 'm_axi' <Latency = 0> <II = 1> <Delay = 1.00> <Adapter> <Opcode : 'read' 'write' 'readreq' 'writereq' 'writeresp'>
ST_9 : Operation 101 [3/8] (7.30ns)   --->   "%empty_22 = readreq i1 @_ssdm_op_ReadReq.m_axi.p1i32, i32 %gmem0_addr, i64 %wide_trip_count" [mmult_baseline.cpp:19]   --->   Operation 101 'readreq' 'empty_22' <Predicate = true> <Delay = 7.30> <CoreInst = "m_axi">   --->   Core 119 'm_axi' <Latency = 0> <II = 1> <Delay = 1.00> <Adapter> <Opcode : 'read' 'write' 'readreq' 'writereq' 'writeresp'>

State 10 <SV = 9> <Delay = 7.30>
ST_10 : Operation 102 [2/8] (7.30ns)   --->   "%gmem2_load_req = readreq i1 @_ssdm_op_ReadReq.m_axi.i32P1A, i32 %gmem2_addr, i64 1" [mmult_baseline.cpp:22]   --->   Operation 102 'readreq' 'gmem2_load_req' <Predicate = true> <Delay = 7.30> <CoreInst = "m_axi">   --->   Core 119 'm_axi' <Latency = 0> <II = 1> <Delay = 1.00> <Adapter> <Opcode : 'read' 'write' 'readreq' 'writereq' 'writeresp'>
ST_10 : Operation 103 [2/8] (7.30ns)   --->   "%empty_22 = readreq i1 @_ssdm_op_ReadReq.m_axi.p1i32, i32 %gmem0_addr, i64 %wide_trip_count" [mmult_baseline.cpp:19]   --->   Operation 103 'readreq' 'empty_22' <Predicate = true> <Delay = 7.30> <CoreInst = "m_axi">   --->   Core 119 'm_axi' <Latency = 0> <II = 1> <Delay = 1.00> <Adapter> <Opcode : 'read' 'write' 'readreq' 'writereq' 'writeresp'>

State 11 <SV = 10> <Delay = 7.30>
ST_11 : Operation 104 [1/8] (7.30ns)   --->   "%gmem2_load_req = readreq i1 @_ssdm_op_ReadReq.m_axi.i32P1A, i32 %gmem2_addr, i64 1" [mmult_baseline.cpp:22]   --->   Operation 104 'readreq' 'gmem2_load_req' <Predicate = true> <Delay = 7.30> <CoreInst = "m_axi">   --->   Core 119 'm_axi' <Latency = 0> <II = 1> <Delay = 1.00> <Adapter> <Opcode : 'read' 'write' 'readreq' 'writereq' 'writeresp'>
ST_11 : Operation 105 [1/8] (7.30ns)   --->   "%empty_22 = readreq i1 @_ssdm_op_ReadReq.m_axi.p1i32, i32 %gmem0_addr, i64 %wide_trip_count" [mmult_baseline.cpp:19]   --->   Operation 105 'readreq' 'empty_22' <Predicate = true> <Delay = 7.30> <CoreInst = "m_axi">   --->   Core 119 'm_axi' <Latency = 0> <II = 1> <Delay = 1.00> <Adapter> <Opcode : 'read' 'write' 'readreq' 'writereq' 'writeresp'>

State 12 <SV = 11> <Delay = 7.30>
ST_12 : Operation 106 [1/1] (7.30ns)   --->   "%gmem2_addr_read = read i32 @_ssdm_op_Read.m_axi.i32P1A, i32 %gmem2_addr" [mmult_baseline.cpp:22]   --->   Operation 106 'read' 'gmem2_addr_read' <Predicate = true> <Delay = 7.30> <CoreInst = "m_axi">   --->   Core 119 'm_axi' <Latency = 0> <II = 1> <Delay = 1.00> <Adapter> <Opcode : 'read' 'write' 'readreq' 'writereq' 'writeresp'>

State 13 <SV = 12> <Delay = 0.48>
ST_13 : Operation 107 [1/1] (0.00ns)   --->   "%specloopname_ln0 = specloopname void @_ssdm_op_SpecLoopName, void @loop1_loop2_str"   --->   Operation 107 'specloopname' 'specloopname_ln0' <Predicate = true> <Delay = 0.00>
ST_13 : Operation 108 [1/1] (0.00ns)   --->   "%speclooptripcount_ln0 = speclooptripcount void @_ssdm_op_SpecLoopTripCount, i64 16384, i64 16384, i64 16384"   --->   Operation 108 'speclooptripcount' 'speclooptripcount_ln0' <Predicate = true> <Delay = 0.00>
ST_13 : Operation 109 [1/1] (0.00ns)   --->   "%specpipeline_ln17 = specpipeline void @_ssdm_op_SpecPipeline, i32 4294967295, i32 0, i32 0, i32 0, void @empty_0" [mmult_baseline.cpp:17]   --->   Operation 109 'specpipeline' 'specpipeline_ln17' <Predicate = true> <Delay = 0.00>
ST_13 : Operation 110 [1/1] (0.48ns)   --->   "%br_ln19 = br void %for.inc" [mmult_baseline.cpp:19]   --->   Operation 110 'br' 'br_ln19' <Predicate = true> <Delay = 0.48>

State 14 <SV = 13> <Delay = 2.91>
ST_14 : Operation 111 [1/1] (0.00ns)   --->   "%k = phi i32 0, void %for.inc22, i32 %add_ln19, void %for.inc.split" [mmult_baseline.cpp:19]   --->   Operation 111 'phi' 'k' <Predicate = true> <Delay = 0.00>
ST_14 : Operation 112 [1/1] (0.00ns)   --->   "%add187 = phi i32 %gmem2_addr_read, void %for.inc22, i32 %add_ln22_2, void %for.inc.split" [mmult_baseline.cpp:22]   --->   Operation 112 'phi' 'add187' <Predicate = true> <Delay = 0.00>
ST_14 : Operation 113 [1/1] (0.00ns)   --->   "%phi_mul = phi i62 0, void %for.inc22, i62 %add_ln22_3, void %for.inc.split" [mmult_baseline.cpp:22]   --->   Operation 113 'phi' 'phi_mul' <Predicate = true> <Delay = 0.00>
ST_14 : Operation 114 [1/1] (1.20ns)   --->   "%icmp_ln19 = icmp_eq  i32 %k, i32 %dim_read" [mmult_baseline.cpp:19]   --->   Operation 114 'icmp' 'icmp_ln19' <Predicate = true> <Delay = 1.20> <CoreInst = "Cmp">   --->   Core 9 'Cmp' <Latency = 0> <II = 1> <Delay = 1.20> <FuncUnit> <Opcode : 'seteq' 'setne' 'setle' 'setge' 'setlt' 'setgt'> <InPorts = 2> <OutPorts = 1>
ST_14 : Operation 115 [1/1] (1.20ns)   --->   "%add_ln19 = add i32 %k, i32 1" [mmult_baseline.cpp:19]   --->   Operation 115 'add' 'add_ln19' <Predicate = true> <Delay = 1.20> <CoreInst = "Adder">   --->   Core 1 'Adder' <Latency = 0> <II = 1> <Delay = 1.20> <FuncUnit> <Opcode : 'add' 'sub'> <InPorts = 2> <OutPorts = 1>
ST_14 : Operation 116 [1/1] (0.00ns)   --->   "%br_ln19 = br i1 %icmp_ln19, void %for.inc.split, void %for.cond5.for.inc19_crit_edge" [mmult_baseline.cpp:19]   --->   Operation 116 'br' 'br_ln19' <Predicate = true> <Delay = 0.00>
ST_14 : Operation 117 [1/1] (1.44ns)   --->   "%add_ln22_3 = add i62 %phi_mul, i62 %dim_cast" [mmult_baseline.cpp:22]   --->   Operation 117 'add' 'add_ln22_3' <Predicate = (!icmp_ln19)> <Delay = 1.44> <CoreInst = "Adder">   --->   Core 1 'Adder' <Latency = 0> <II = 1> <Delay = 1.44> <FuncUnit> <Opcode : 'add' 'sub'> <InPorts = 2> <OutPorts = 1>
ST_14 : Operation 118 [1/1] (1.44ns)   --->   "%add_ln22 = add i62 %phi_mul, i62 %zext_ln17" [mmult_baseline.cpp:22]   --->   Operation 118 'add' 'add_ln22' <Predicate = (!icmp_ln19)> <Delay = 1.44> <CoreInst = "Adder">   --->   Core 1 'Adder' <Latency = 0> <II = 1> <Delay = 1.44> <FuncUnit> <Opcode : 'add' 'sub'> <InPorts = 2> <OutPorts = 1>
ST_14 : Operation 119 [1/1] (0.00ns)   --->   "%shl_ln = bitconcatenate i64 @_ssdm_op_BitConcatenate.i64.i62.i2, i62 %add_ln22, i2 0" [mmult_baseline.cpp:22]   --->   Operation 119 'bitconcatenate' 'shl_ln' <Predicate = (!icmp_ln19)> <Delay = 0.00>
ST_14 : Operation 120 [1/1] (1.47ns)   --->   "%add_ln22_1 = add i64 %shl_ln, i64 %in2_read" [mmult_baseline.cpp:22]   --->   Operation 120 'add' 'add_ln22_1' <Predicate = (!icmp_ln19)> <Delay = 1.47> <CoreInst = "Adder">   --->   Core 1 'Adder' <Latency = 0> <II = 1> <Delay = 1.47> <FuncUnit> <Opcode : 'add' 'sub'> <InPorts = 2> <OutPorts = 1>
ST_14 : Operation 121 [1/1] (0.00ns)   --->   "%trunc_ln22_1 = partselect i62 @_ssdm_op_PartSelect.i62.i64.i32.i32, i64 %add_ln22_1, i32 2, i32 63" [mmult_baseline.cpp:22]   --->   Operation 121 'partselect' 'trunc_ln22_1' <Predicate = (!icmp_ln19)> <Delay = 0.00>
ST_14 : Operation 122 [1/1] (0.00ns)   --->   "%sext_ln22_1 = sext i62 %trunc_ln22_1" [mmult_baseline.cpp:22]   --->   Operation 122 'sext' 'sext_ln22_1' <Predicate = (!icmp_ln19)> <Delay = 0.00>
ST_14 : Operation 123 [1/1] (0.00ns)   --->   "%gmem1_addr = getelementptr i32 %gmem1, i64 %sext_ln22_1" [mmult_baseline.cpp:22]   --->   Operation 123 'getelementptr' 'gmem1_addr' <Predicate = (!icmp_ln19)> <Delay = 0.00>
ST_14 : Operation 124 [1/1] (1.20ns)   --->   "%add_ln17 = add i32 %select_ln15, i32 1" [mmult_baseline.cpp:17]   --->   Operation 124 'add' 'add_ln17' <Predicate = (icmp_ln19)> <Delay = 1.20> <CoreInst = "Adder">   --->   Core 1 'Adder' <Latency = 0> <II = 1> <Delay = 1.20> <FuncUnit> <Opcode : 'add' 'sub'> <InPorts = 2> <OutPorts = 1>
ST_14 : Operation 125 [1/1] (0.48ns)   --->   "%store_ln15 = store i64 %add_ln15, i64 %indvar_flatten" [mmult_baseline.cpp:15]   --->   Operation 125 'store' 'store_ln15' <Predicate = (icmp_ln19)> <Delay = 0.48>
ST_14 : Operation 126 [1/1] (0.48ns)   --->   "%store_ln15 = store i31 %select_ln15_1, i31 %i" [mmult_baseline.cpp:15]   --->   Operation 126 'store' 'store_ln15' <Predicate = (icmp_ln19)> <Delay = 0.48>
ST_14 : Operation 127 [1/1] (0.48ns)   --->   "%store_ln17 = store i32 %add_ln17, i32 %j" [mmult_baseline.cpp:17]   --->   Operation 127 'store' 'store_ln17' <Predicate = (icmp_ln19)> <Delay = 0.48>

State 15 <SV = 14> <Delay = 7.30>
ST_15 : Operation 128 [8/8] (7.30ns)   --->   "%gmem1_load_req = readreq i1 @_ssdm_op_ReadReq.m_axi.i32P1A, i32 %gmem1_addr, i64 1" [mmult_baseline.cpp:22]   --->   Operation 128 'readreq' 'gmem1_load_req' <Predicate = true> <Delay = 7.30> <CoreInst = "m_axi">   --->   Core 119 'm_axi' <Latency = 0> <II = 1> <Delay = 1.00> <Adapter> <Opcode : 'read' 'write' 'readreq' 'writereq' 'writeresp'>

State 16 <SV = 15> <Delay = 7.30>
ST_16 : Operation 129 [7/8] (7.30ns)   --->   "%gmem1_load_req = readreq i1 @_ssdm_op_ReadReq.m_axi.i32P1A, i32 %gmem1_addr, i64 1" [mmult_baseline.cpp:22]   --->   Operation 129 'readreq' 'gmem1_load_req' <Predicate = true> <Delay = 7.30> <CoreInst = "m_axi">   --->   Core 119 'm_axi' <Latency = 0> <II = 1> <Delay = 1.00> <Adapter> <Opcode : 'read' 'write' 'readreq' 'writereq' 'writeresp'>

State 17 <SV = 16> <Delay = 7.30>
ST_17 : Operation 130 [6/8] (7.30ns)   --->   "%gmem1_load_req = readreq i1 @_ssdm_op_ReadReq.m_axi.i32P1A, i32 %gmem1_addr, i64 1" [mmult_baseline.cpp:22]   --->   Operation 130 'readreq' 'gmem1_load_req' <Predicate = true> <Delay = 7.30> <CoreInst = "m_axi">   --->   Core 119 'm_axi' <Latency = 0> <II = 1> <Delay = 1.00> <Adapter> <Opcode : 'read' 'write' 'readreq' 'writereq' 'writeresp'>

State 18 <SV = 17> <Delay = 7.30>
ST_18 : Operation 131 [5/8] (7.30ns)   --->   "%gmem1_load_req = readreq i1 @_ssdm_op_ReadReq.m_axi.i32P1A, i32 %gmem1_addr, i64 1" [mmult_baseline.cpp:22]   --->   Operation 131 'readreq' 'gmem1_load_req' <Predicate = true> <Delay = 7.30> <CoreInst = "m_axi">   --->   Core 119 'm_axi' <Latency = 0> <II = 1> <Delay = 1.00> <Adapter> <Opcode : 'read' 'write' 'readreq' 'writereq' 'writeresp'>

State 19 <SV = 18> <Delay = 7.30>
ST_19 : Operation 132 [4/8] (7.30ns)   --->   "%gmem1_load_req = readreq i1 @_ssdm_op_ReadReq.m_axi.i32P1A, i32 %gmem1_addr, i64 1" [mmult_baseline.cpp:22]   --->   Operation 132 'readreq' 'gmem1_load_req' <Predicate = true> <Delay = 7.30> <CoreInst = "m_axi">   --->   Core 119 'm_axi' <Latency = 0> <II = 1> <Delay = 1.00> <Adapter> <Opcode : 'read' 'write' 'readreq' 'writereq' 'writeresp'>

State 20 <SV = 19> <Delay = 7.30>
ST_20 : Operation 133 [3/8] (7.30ns)   --->   "%gmem1_load_req = readreq i1 @_ssdm_op_ReadReq.m_axi.i32P1A, i32 %gmem1_addr, i64 1" [mmult_baseline.cpp:22]   --->   Operation 133 'readreq' 'gmem1_load_req' <Predicate = true> <Delay = 7.30> <CoreInst = "m_axi">   --->   Core 119 'm_axi' <Latency = 0> <II = 1> <Delay = 1.00> <Adapter> <Opcode : 'read' 'write' 'readreq' 'writereq' 'writeresp'>

State 21 <SV = 20> <Delay = 7.30>
ST_21 : Operation 134 [2/8] (7.30ns)   --->   "%gmem1_load_req = readreq i1 @_ssdm_op_ReadReq.m_axi.i32P1A, i32 %gmem1_addr, i64 1" [mmult_baseline.cpp:22]   --->   Operation 134 'readreq' 'gmem1_load_req' <Predicate = true> <Delay = 7.30> <CoreInst = "m_axi">   --->   Core 119 'm_axi' <Latency = 0> <II = 1> <Delay = 1.00> <Adapter> <Opcode : 'read' 'write' 'readreq' 'writereq' 'writeresp'>

State 22 <SV = 21> <Delay = 7.30>
ST_22 : Operation 135 [1/8] (7.30ns)   --->   "%gmem1_load_req = readreq i1 @_ssdm_op_ReadReq.m_axi.i32P1A, i32 %gmem1_addr, i64 1" [mmult_baseline.cpp:22]   --->   Operation 135 'readreq' 'gmem1_load_req' <Predicate = true> <Delay = 7.30> <CoreInst = "m_axi">   --->   Core 119 'm_axi' <Latency = 0> <II = 1> <Delay = 1.00> <Adapter> <Opcode : 'read' 'write' 'readreq' 'writereq' 'writeresp'>

State 23 <SV = 22> <Delay = 7.30>
ST_23 : Operation 136 [1/1] (7.30ns)   --->   "%gmem0_addr_read = read i32 @_ssdm_op_Read.m_axi.p1i32, i32 %gmem0_addr" [mmult_baseline.cpp:22]   --->   Operation 136 'read' 'gmem0_addr_read' <Predicate = true> <Delay = 7.30> <CoreInst = "m_axi">   --->   Core 119 'm_axi' <Latency = 0> <II = 1> <Delay = 1.00> <Adapter> <Opcode : 'read' 'write' 'readreq' 'writereq' 'writeresp'>
ST_23 : Operation 137 [1/1] (7.30ns)   --->   "%gmem1_addr_read = read i32 @_ssdm_op_Read.m_axi.i32P1A, i32 %gmem1_addr" [mmult_baseline.cpp:22]   --->   Operation 137 'read' 'gmem1_addr_read' <Predicate = true> <Delay = 7.30> <CoreInst = "m_axi">   --->   Core 119 'm_axi' <Latency = 0> <II = 1> <Delay = 1.00> <Adapter> <Opcode : 'read' 'write' 'readreq' 'writereq' 'writeresp'>

State 24 <SV = 23> <Delay = 5.08>
ST_24 : Operation 138 [1/1] (0.00ns)   --->   "%speclooptripcount_ln20 = speclooptripcount void @_ssdm_op_SpecLoopTripCount, i64 128, i64 128, i64 128" [mmult_baseline.cpp:20]   --->   Operation 138 'speclooptripcount' 'speclooptripcount_ln20' <Predicate = true> <Delay = 0.00>
ST_24 : Operation 139 [1/1] (0.00ns)   --->   "%specloopname_ln19 = specloopname void @_ssdm_op_SpecLoopName, void @empty_15" [mmult_baseline.cpp:19]   --->   Operation 139 'specloopname' 'specloopname_ln19' <Predicate = true> <Delay = 0.00>
ST_24 : Operation 140 [1/1] (3.88ns)   --->   "%mul_ln22 = mul i32 %gmem1_addr_read, i32 %gmem0_addr_read" [mmult_baseline.cpp:22]   --->   Operation 140 'mul' 'mul_ln22' <Predicate = true> <Delay = 3.88> <CoreInst = "Multiplier">   --->   Core 3 'Multiplier' <Latency = 0> <II = 1> <Delay = 3.88> <FuncUnit> <Opcode : 'mul'> <InPorts = 2> <OutPorts = 1>
ST_24 : Operation 141 [1/1] (1.20ns)   --->   "%add_ln22_2 = add i32 %mul_ln22, i32 %add187" [mmult_baseline.cpp:22]   --->   Operation 141 'add' 'add_ln22_2' <Predicate = true> <Delay = 1.20> <CoreInst = "Adder">   --->   Core 1 'Adder' <Latency = 0> <II = 1> <Delay = 1.20> <FuncUnit> <Opcode : 'add' 'sub'> <InPorts = 2> <OutPorts = 1>
ST_24 : Operation 142 [1/1] (0.00ns)   --->   "%br_ln19 = br void %for.inc" [mmult_baseline.cpp:19]   --->   Operation 142 'br' 'br_ln19' <Predicate = true> <Delay = 0.00>

State 25 <SV = 14> <Delay = 7.30>
ST_25 : Operation 143 [1/1] (7.30ns)   --->   "%gmem2_addr_req = writereq i1 @_ssdm_op_WriteReq.m_axi.i32P1A, i32 %gmem2_addr, i64 1" [mmult_baseline.cpp:22]   --->   Operation 143 'writereq' 'gmem2_addr_req' <Predicate = true> <Delay = 7.30> <CoreInst = "m_axi">   --->   Core 119 'm_axi' <Latency = 0> <II = 1> <Delay = 1.00> <Adapter> <Opcode : 'read' 'write' 'readreq' 'writereq' 'writeresp'>

State 26 <SV = 15> <Delay = 7.30>
ST_26 : Operation 144 [1/1] (7.30ns)   --->   "%write_ln22 = write void @_ssdm_op_Write.m_axi.i32P1A, i32 %gmem2_addr, i32 %add187, i4 15" [mmult_baseline.cpp:22]   --->   Operation 144 'write' 'write_ln22' <Predicate = true> <Delay = 7.30> <CoreInst = "m_axi">   --->   Core 119 'm_axi' <Latency = 0> <II = 1> <Delay = 1.00> <Adapter> <Opcode : 'read' 'write' 'readreq' 'writereq' 'writeresp'>

State 27 <SV = 16> <Delay = 7.30>
ST_27 : Operation 145 [5/5] (7.30ns)   --->   "%gmem2_addr_resp = writeresp i1 @_ssdm_op_WriteResp.m_axi.i32P1A, i32 %gmem2_addr" [mmult_baseline.cpp:22]   --->   Operation 145 'writeresp' 'gmem2_addr_resp' <Predicate = true> <Delay = 7.30> <CoreInst = "m_axi">   --->   Core 119 'm_axi' <Latency = 0> <II = 1> <Delay = 1.00> <Adapter> <Opcode : 'read' 'write' 'readreq' 'writereq' 'writeresp'>

State 28 <SV = 17> <Delay = 7.30>
ST_28 : Operation 146 [4/5] (7.30ns)   --->   "%gmem2_addr_resp = writeresp i1 @_ssdm_op_WriteResp.m_axi.i32P1A, i32 %gmem2_addr" [mmult_baseline.cpp:22]   --->   Operation 146 'writeresp' 'gmem2_addr_resp' <Predicate = true> <Delay = 7.30> <CoreInst = "m_axi">   --->   Core 119 'm_axi' <Latency = 0> <II = 1> <Delay = 1.00> <Adapter> <Opcode : 'read' 'write' 'readreq' 'writereq' 'writeresp'>

State 29 <SV = 18> <Delay = 7.30>
ST_29 : Operation 147 [3/5] (7.30ns)   --->   "%gmem2_addr_resp = writeresp i1 @_ssdm_op_WriteResp.m_axi.i32P1A, i32 %gmem2_addr" [mmult_baseline.cpp:22]   --->   Operation 147 'writeresp' 'gmem2_addr_resp' <Predicate = true> <Delay = 7.30> <CoreInst = "m_axi">   --->   Core 119 'm_axi' <Latency = 0> <II = 1> <Delay = 1.00> <Adapter> <Opcode : 'read' 'write' 'readreq' 'writereq' 'writeresp'>

State 30 <SV = 19> <Delay = 7.30>
ST_30 : Operation 148 [2/5] (7.30ns)   --->   "%gmem2_addr_resp = writeresp i1 @_ssdm_op_WriteResp.m_axi.i32P1A, i32 %gmem2_addr" [mmult_baseline.cpp:22]   --->   Operation 148 'writeresp' 'gmem2_addr_resp' <Predicate = true> <Delay = 7.30> <CoreInst = "m_axi">   --->   Core 119 'm_axi' <Latency = 0> <II = 1> <Delay = 1.00> <Adapter> <Opcode : 'read' 'write' 'readreq' 'writereq' 'writeresp'>

State 31 <SV = 20> <Delay = 7.30>
ST_31 : Operation 149 [1/5] (7.30ns)   --->   "%gmem2_addr_resp = writeresp i1 @_ssdm_op_WriteResp.m_axi.i32P1A, i32 %gmem2_addr" [mmult_baseline.cpp:22]   --->   Operation 149 'writeresp' 'gmem2_addr_resp' <Predicate = true> <Delay = 7.30> <CoreInst = "m_axi">   --->   Core 119 'm_axi' <Latency = 0> <II = 1> <Delay = 1.00> <Adapter> <Opcode : 'read' 'write' 'readreq' 'writereq' 'writeresp'>
ST_31 : Operation 150 [1/1] (0.00ns)   --->   "%br_ln17 = br void %loop3" [mmult_baseline.cpp:17]   --->   Operation 150 'br' 'br_ln17' <Predicate = true> <Delay = 0.00>


============================================================
+ Verbose Summary: Timing violations
============================================================
Target clock period: 10.000ns, clock uncertainty: 2.700ns.

 <State 1>: 4.880ns
The critical path consists of the following:
	s_axi read operation ('dim_read', mmult_baseline.cpp:7) on port 'dim' (mmult_baseline.cpp:7) [28]  (1.000 ns)
	'mul' operation 64 bit ('mul_ln7', mmult_baseline.cpp:7) [35]  (3.880 ns)

 <State 2>: 7.048ns
The critical path consists of the following:
	'load' operation 32 bit ('j_load', mmult_baseline.cpp:17) on local variable 'j', mmult_baseline.cpp:17 [46]  (0.000 ns)
	'icmp' operation 1 bit ('icmp_ln17', mmult_baseline.cpp:17) [50]  (1.203 ns)
	'select' operation 31 bit ('select_ln15_1', mmult_baseline.cpp:15) [53]  (0.495 ns)
	'mul' operation 62 bit ('mul_ln15_1', mmult_baseline.cpp:15) [56]  (3.880 ns)
	'add' operation 64 bit ('add_ln15_1', mmult_baseline.cpp:15) [58]  (1.470 ns)

 <State 3>: 6.793ns
The critical path consists of the following:
	'mul' operation 62 bit ('mul_ln15', mmult_baseline.cpp:15) [55]  (3.880 ns)
	'add' operation 62 bit ('empty', mmult_baseline.cpp:17) [63]  (1.443 ns)
	'add' operation 64 bit ('empty_21', mmult_baseline.cpp:17) [65]  (1.470 ns)

 <State 4>: 7.300ns
The critical path consists of the following:
	bus request operation ('gmem2_load_req', mmult_baseline.cpp:22) on port 'gmem2' (mmult_baseline.cpp:22) [69]  (7.300 ns)

 <State 5>: 7.300ns
The critical path consists of the following:
	bus request operation ('gmem2_load_req', mmult_baseline.cpp:22) on port 'gmem2' (mmult_baseline.cpp:22) [69]  (7.300 ns)

 <State 6>: 7.300ns
The critical path consists of the following:
	bus request operation ('gmem2_load_req', mmult_baseline.cpp:22) on port 'gmem2' (mmult_baseline.cpp:22) [69]  (7.300 ns)

 <State 7>: 7.300ns
The critical path consists of the following:
	bus request operation ('gmem2_load_req', mmult_baseline.cpp:22) on port 'gmem2' (mmult_baseline.cpp:22) [69]  (7.300 ns)

 <State 8>: 7.300ns
The critical path consists of the following:
	bus request operation ('gmem2_load_req', mmult_baseline.cpp:22) on port 'gmem2' (mmult_baseline.cpp:22) [69]  (7.300 ns)

 <State 9>: 7.300ns
The critical path consists of the following:
	bus request operation ('gmem2_load_req', mmult_baseline.cpp:22) on port 'gmem2' (mmult_baseline.cpp:22) [69]  (7.300 ns)

 <State 10>: 7.300ns
The critical path consists of the following:
	bus request operation ('gmem2_load_req', mmult_baseline.cpp:22) on port 'gmem2' (mmult_baseline.cpp:22) [69]  (7.300 ns)

 <State 11>: 7.300ns
The critical path consists of the following:
	bus request operation ('gmem2_load_req', mmult_baseline.cpp:22) on port 'gmem2' (mmult_baseline.cpp:22) [69]  (7.300 ns)

 <State 12>: 7.300ns
The critical path consists of the following:
	bus read operation ('gmem2_addr_read', mmult_baseline.cpp:22) on port 'gmem2' (mmult_baseline.cpp:22) [70]  (7.300 ns)

 <State 13>: 0.489ns
The critical path consists of the following:
	multiplexor before 'phi' operation 32 bit ('k', mmult_baseline.cpp:19) with incoming values : ('add_ln19', mmult_baseline.cpp:19) [75]  (0.489 ns)

 <State 14>: 2.913ns
The critical path consists of the following:
	'phi' operation 62 bit ('phi_mul', mmult_baseline.cpp:22) with incoming values : ('add_ln22_3', mmult_baseline.cpp:22) [77]  (0.000 ns)
	'add' operation 62 bit ('add_ln22', mmult_baseline.cpp:22) [86]  (1.443 ns)
	'add' operation 64 bit ('add_ln22_1', mmult_baseline.cpp:22) [88]  (1.470 ns)

 <State 15>: 7.300ns
The critical path consists of the following:
	bus request operation ('gmem1_load_req', mmult_baseline.cpp:22) on port 'gmem1' (mmult_baseline.cpp:22) [92]  (7.300 ns)

 <State 16>: 7.300ns
The critical path consists of the following:
	bus request operation ('gmem1_load_req', mmult_baseline.cpp:22) on port 'gmem1' (mmult_baseline.cpp:22) [92]  (7.300 ns)

 <State 17>: 7.300ns
The critical path consists of the following:
	bus request operation ('gmem1_load_req', mmult_baseline.cpp:22) on port 'gmem1' (mmult_baseline.cpp:22) [92]  (7.300 ns)

 <State 18>: 7.300ns
The critical path consists of the following:
	bus request operation ('gmem1_load_req', mmult_baseline.cpp:22) on port 'gmem1' (mmult_baseline.cpp:22) [92]  (7.300 ns)

 <State 19>: 7.300ns
The critical path consists of the following:
	bus request operation ('gmem1_load_req', mmult_baseline.cpp:22) on port 'gmem1' (mmult_baseline.cpp:22) [92]  (7.300 ns)

 <State 20>: 7.300ns
The critical path consists of the following:
	bus request operation ('gmem1_load_req', mmult_baseline.cpp:22) on port 'gmem1' (mmult_baseline.cpp:22) [92]  (7.300 ns)

 <State 21>: 7.300ns
The critical path consists of the following:
	bus request operation ('gmem1_load_req', mmult_baseline.cpp:22) on port 'gmem1' (mmult_baseline.cpp:22) [92]  (7.300 ns)

 <State 22>: 7.300ns
The critical path consists of the following:
	bus request operation ('gmem1_load_req', mmult_baseline.cpp:22) on port 'gmem1' (mmult_baseline.cpp:22) [92]  (7.300 ns)

 <State 23>: 7.300ns
The critical path consists of the following:
	bus read operation ('gmem0_addr_read', mmult_baseline.cpp:22) on port 'gmem0' (mmult_baseline.cpp:22) [84]  (7.300 ns)

 <State 24>: 5.083ns
The critical path consists of the following:
	'mul' operation 32 bit ('mul_ln22', mmult_baseline.cpp:22) [94]  (3.880 ns)
	'add' operation 32 bit ('add_ln22_2', mmult_baseline.cpp:22) [95]  (1.203 ns)

 <State 25>: 7.300ns
The critical path consists of the following:
	bus request operation ('gmem2_addr_req', mmult_baseline.cpp:22) on port 'gmem2' (mmult_baseline.cpp:22) [98]  (7.300 ns)

 <State 26>: 7.300ns
The critical path consists of the following:
	bus write operation ('write_ln22', mmult_baseline.cpp:22) on port 'gmem2' (mmult_baseline.cpp:22) [99]  (7.300 ns)

 <State 27>: 7.300ns
The critical path consists of the following:
	bus response operation ('gmem2_addr_resp', mmult_baseline.cpp:22) on port 'gmem2' (mmult_baseline.cpp:22) [100]  (7.300 ns)

 <State 28>: 7.300ns
The critical path consists of the following:
	bus response operation ('gmem2_addr_resp', mmult_baseline.cpp:22) on port 'gmem2' (mmult_baseline.cpp:22) [100]  (7.300 ns)

 <State 29>: 7.300ns
The critical path consists of the following:
	bus response operation ('gmem2_addr_resp', mmult_baseline.cpp:22) on port 'gmem2' (mmult_baseline.cpp:22) [100]  (7.300 ns)

 <State 30>: 7.300ns
The critical path consists of the following:
	bus response operation ('gmem2_addr_resp', mmult_baseline.cpp:22) on port 'gmem2' (mmult_baseline.cpp:22) [100]  (7.300 ns)

 <State 31>: 7.300ns
The critical path consists of the following:
	bus response operation ('gmem2_addr_resp', mmult_baseline.cpp:22) on port 'gmem2' (mmult_baseline.cpp:22) [100]  (7.300 ns)


============================================================
+ Verbose Summary: Binding
============================================================
N/A
* FSMD analyzer results:
  - Output states:
 - Input state : 
  - Chain level:
	State 1
	State 2
	State 3
	State 4
	State 5
	State 6
	State 7
	State 8
	State 9
	State 10
	State 11
	State 12
	State 13
	State 14
	State 15
	State 16
	State 17
	State 18
	State 19
	State 20
	State 21
	State 22
	State 23
	State 24
	State 25
	State 26
	State 27
	State 28
	State 29
	State 30
	State 31


============================================================
+ Verbose Summary: Datapath Resource usage 
============================================================
N/A
