INFO: [SIM 2] *************** CSIM start ***************
INFO: [SIM 4] CSIM will launch CLANG as the compiler.
   Compiling ../../../../divby13_stream_tb.cpp in debug mode
   Generating csim.exe
  Successfully loaded 100 test cases

Golden Value: 1 HW Output: 1
Golden Value: 0 HW Output: 0
Golden Value: 0 HW Output: 0
Golden Value: 0 HW Output: 0
Golden Value: 0 HW Output: 0
Golden Value: 0 HW Output: 0
Golden Value: 0 HW Output: 0
Golden Value: 0 HW Output: 0
Golden Value: 0 HW Output: 0
Golden Value: 0 HW Output: 0
Golden Value: 0 HW Output: 0
Golden Value: 0 HW Output: 0
Golden Value: 0 HW Output: 0
Golden Value: 1 HW Output: 1
Golden Value: 0 HW Output: 0
Golden Value: 0 HW Output: 0
Golden Value: 0 HW Output: 0
Golden Value: 0 HW Output: 0
Golden Value: 0 HW Output: 0
Golden Value: 0 HW Output: 0
Golden Value: 0 HW Output: 0
Golden Value: 0 HW Output: 0
Golden Value: 0 HW Output: 0
Golden Value: 0 HW Output: 0
Golden Value: 0 HW Output: 0
Golden Value: 0 HW Output: 0
Golden Value: 1 HW Output: 1
Golden Value: 0 HW Output: 0
Golden Value: 0 HW Output: 0
Golden Value: 0 HW Output: 0
Golden Value: 0 HW Output: 0
Golden Value: 0 HW Output: 0
Golden Value: 0 HW Output: 0
Golden Value: 0 HW Output: 0
Golden Value: 0 HW Output: 0
Golden Value: 0 HW Output: 0
Golden Value: 0 HW Output: 0
Golden Value: 0 HW Output: 0
Golden Value: 0 HW Output: 0
Golden Value: 1 HW Output: 1
Golden Value: 0 HW Output: 0
Golden Value: 0 HW Output: 0
Golden Value: 0 HW Output: 0
Golden Value: 0 HW Output: 0
Golden Value: 0 HW Output: 0
Golden Value: 0 HW Output: 0
Golden Value: 0 HW Output: 0
Golden Value: 0 HW Output: 0
Golden Value: 0 HW Output: 0
Golden Value: 0 HW Output: 0
Golden Value: 0 HW Output: 0
Golden Value: 0 HW Output: 0
Golden Value: 1 HW Output: 1
Golden Value: 0 HW Output: 0
Golden Value: 0 HW Output: 0
Golden Value: 0 HW Output: 0
Golden Value: 0 HW Output: 0
Golden Value: 0 HW Output: 0
Golden Value: 0 HW Output: 0
Golden Value: 0 HW Output: 0
Golden Value: 0 HW Output: 0
Golden Value: 0 HW Output: 0
Golden Value: 0 HW Output: 0
Golden Value: 0 HW Output: 0
Golden Value: 0 HW Output: 0
Golden Value: 1 HW Output: 1
Golden Value: 0 HW Output: 0
Golden Value: 0 HW Output: 0
Golden Value: 0 HW Output: 0
Golden Value: 0 HW Output: 0
Golden Value: 0 HW Output: 0
Golden Value: 0 HW Output: 0
Golden Value: 0 HW Output: 0
Golden Value: 0 HW Output: 0
Golden Value: 0 HW Output: 0
Golden Value: 0 HW Output: 0
Golden Value: 0 HW Output: 0
Golden Value: 0 HW Output: 0
Golden Value: 1 HW Output: 1
Golden Value: 0 HW Output: 0
Golden Value: 0 HW Output: 0
Golden Value: 0 HW Output: 0
Golden Value: 0 HW Output: 0
Golden Value: 0 HW Output: 0
Golden Value: 0 HW Output: 0
Golden Value: 0 HW Output: 0
Golden Value: 0 HW Output: 0
Golden Value: 0 HW Output: 0
Golden Value: 0 HW Output: 0
Golden Value: 0 HW Output: 0
Golden Value: 0 HW Output: 0
Golden Value: 1 HW Output: 1
Golden Value: 0 HW Output: 0
Golden Value: 0 HW Output: 0
Golden Value: 0 HW Output: 0
Golden Value: 0 HW Output: 0
Golden Value: 0 HW Output: 0
Golden Value: 0 HW Output: 0
Golden Value: 0 HW Output: 0
Golden Value: 0 HW Output: 0
Success: results match
INFO [HLS SIM]: The maximum depth reached by any hls::stream() instance in the design is 100
INFO: [SIM 1] CSim done with 0 errors.
INFO: [SIM 3] *************** CSIM finish ***************
