
*** Running vivado
    with args -log divby13_stream_divby13_stream_0_2.vds -m64 -product Vivado -mode batch -messageDb vivado.pb -notrace -source divby13_stream_divby13_stream_0_2.tcl



****** Vivado v2024.1 (64-bit)
  **** SW Build 5076996 on Wed May 22 18:37:14 MDT 2024
  **** IP Build 5075265 on Wed May 22 21:45:21 MDT 2024
  **** SharedData Build 5076995 on Wed May 22 18:29:18 MDT 2024
  **** Start of session at: Wed Feb  4 02:51:04 2026
    ** Copyright 1986-2022 Xilinx, Inc. All Rights Reserved.
    ** Copyright 2022-2024 Advanced Micro Devices, Inc. All Rights Reserved.

source divby13_stream_divby13_stream_0_2.tcl -notrace
INFO: [IP_Flow 19-234] Refreshing IP repositories
INFO: [IP_Flow 19-1700] Loaded user IP repository 'c:/GitRepos/EECE4632/HW4/Vitis'.
INFO: [IP_Flow 19-2313] Loaded Vivado IP repository 'C:/Xilinx/Vivado/2024.1/data/ip'.
INFO: [IP_Flow 19-6924] IPCACHE: Running cache check for IP inst: divby13_stream_divby13_stream_0_2
Command: synth_design -top divby13_stream_divby13_stream_0_2 -part xczu3eg-sfvc784-2-e -incremental_mode off -mode out_of_context
Starting synth_design
Attempting to get a license for feature 'Synthesis' and/or device 'xczu3eg'
INFO: [Common 17-349] Got license for feature 'Synthesis' and/or device 'xczu3eg'
INFO: [Device 21-403] Loading part xczu3eg-sfvc784-2-e
INFO: [Synth 8-7079] Multithreading enabled for synth_design using a maximum of 2 processes.
INFO: [Synth 8-7078] Launching helper process for spawning children vivado processes
INFO: [Synth 8-7075] Helper process launched with PID 56444
---------------------------------------------------------------------------------
Starting RTL Elaboration : Time (s): cpu = 00:00:03 ; elapsed = 00:00:05 . Memory (MB): peak = 1974.434 ; gain = 393.918
---------------------------------------------------------------------------------
INFO: [Synth 8-6157] synthesizing module 'divby13_stream_divby13_stream_0_2' [c:/GitRepos/EECE4632/HW4/Vivado/divby13_stream/divby13_stream.gen/sources_1/bd/divby13_stream/ip/divby13_stream_divby13_stream_0_2/synth/divby13_stream_divby13_stream_0_2.v:53]
INFO: [Synth 8-6157] synthesizing module 'divby13_stream' [c:/GitRepos/EECE4632/HW4/Vivado/divby13_stream/divby13_stream.gen/sources_1/bd/divby13_stream/ipshared/383c/hdl/verilog/divby13_stream.v:9]
INFO: [Synth 8-6157] synthesizing module 'divby13_stream_control_s_axi' [c:/GitRepos/EECE4632/HW4/Vivado/divby13_stream/divby13_stream.gen/sources_1/bd/divby13_stream/ipshared/383c/hdl/verilog/divby13_stream_control_s_axi.v:9]
INFO: [Synth 8-155] case statement is not full and has no default [c:/GitRepos/EECE4632/HW4/Vivado/divby13_stream/divby13_stream.gen/sources_1/bd/divby13_stream/ipshared/383c/hdl/verilog/divby13_stream_control_s_axi.v:197]
INFO: [Synth 8-6155] done synthesizing module 'divby13_stream_control_s_axi' (0#1) [c:/GitRepos/EECE4632/HW4/Vivado/divby13_stream/divby13_stream.gen/sources_1/bd/divby13_stream/ipshared/383c/hdl/verilog/divby13_stream_control_s_axi.v:9]
INFO: [Synth 8-6157] synthesizing module 'divby13_stream_srem_32ns_5ns_5_36_1' [c:/GitRepos/EECE4632/HW4/Vivado/divby13_stream/divby13_stream.gen/sources_1/bd/divby13_stream/ipshared/383c/hdl/verilog/divby13_stream_srem_32ns_5ns_5_36_1.v:74]
INFO: [Synth 8-6157] synthesizing module 'divby13_stream_srem_32ns_5ns_5_36_1_divider' [c:/GitRepos/EECE4632/HW4/Vivado/divby13_stream/divby13_stream.gen/sources_1/bd/divby13_stream/ipshared/383c/hdl/verilog/divby13_stream_srem_32ns_5ns_5_36_1.v:8]
INFO: [Synth 8-6155] done synthesizing module 'divby13_stream_srem_32ns_5ns_5_36_1_divider' (0#1) [c:/GitRepos/EECE4632/HW4/Vivado/divby13_stream/divby13_stream.gen/sources_1/bd/divby13_stream/ipshared/383c/hdl/verilog/divby13_stream_srem_32ns_5ns_5_36_1.v:8]
INFO: [Synth 8-6155] done synthesizing module 'divby13_stream_srem_32ns_5ns_5_36_1' (0#1) [c:/GitRepos/EECE4632/HW4/Vivado/divby13_stream/divby13_stream.gen/sources_1/bd/divby13_stream/ipshared/383c/hdl/verilog/divby13_stream_srem_32ns_5ns_5_36_1.v:74]
INFO: [Synth 8-6157] synthesizing module 'divby13_stream_flow_control_loop_pipe' [c:/GitRepos/EECE4632/HW4/Vivado/divby13_stream/divby13_stream.gen/sources_1/bd/divby13_stream/ipshared/383c/hdl/verilog/divby13_stream_flow_control_loop_pipe.v:11]
INFO: [Synth 8-6155] done synthesizing module 'divby13_stream_flow_control_loop_pipe' (0#1) [c:/GitRepos/EECE4632/HW4/Vivado/divby13_stream/divby13_stream.gen/sources_1/bd/divby13_stream/ipshared/383c/hdl/verilog/divby13_stream_flow_control_loop_pipe.v:11]
INFO: [Synth 8-6157] synthesizing module 'divby13_stream_regslice_both' [c:/GitRepos/EECE4632/HW4/Vivado/divby13_stream/divby13_stream.gen/sources_1/bd/divby13_stream/ipshared/383c/hdl/verilog/divby13_stream_regslice_both.v:9]
INFO: [Synth 8-6155] done synthesizing module 'divby13_stream_regslice_both' (0#1) [c:/GitRepos/EECE4632/HW4/Vivado/divby13_stream/divby13_stream.gen/sources_1/bd/divby13_stream/ipshared/383c/hdl/verilog/divby13_stream_regslice_both.v:9]
INFO: [Synth 8-6157] synthesizing module 'divby13_stream_regslice_both__parameterized0' [c:/GitRepos/EECE4632/HW4/Vivado/divby13_stream/divby13_stream.gen/sources_1/bd/divby13_stream/ipshared/383c/hdl/verilog/divby13_stream_regslice_both.v:9]
INFO: [Synth 8-6155] done synthesizing module 'divby13_stream_regslice_both__parameterized0' (0#1) [c:/GitRepos/EECE4632/HW4/Vivado/divby13_stream/divby13_stream.gen/sources_1/bd/divby13_stream/ipshared/383c/hdl/verilog/divby13_stream_regslice_both.v:9]
INFO: [Synth 8-6157] synthesizing module 'divby13_stream_regslice_both__parameterized1' [c:/GitRepos/EECE4632/HW4/Vivado/divby13_stream/divby13_stream.gen/sources_1/bd/divby13_stream/ipshared/383c/hdl/verilog/divby13_stream_regslice_both.v:9]
INFO: [Synth 8-6155] done synthesizing module 'divby13_stream_regslice_both__parameterized1' (0#1) [c:/GitRepos/EECE4632/HW4/Vivado/divby13_stream/divby13_stream.gen/sources_1/bd/divby13_stream/ipshared/383c/hdl/verilog/divby13_stream_regslice_both.v:9]
INFO: [Synth 8-6155] done synthesizing module 'divby13_stream' (0#1) [c:/GitRepos/EECE4632/HW4/Vivado/divby13_stream/divby13_stream.gen/sources_1/bd/divby13_stream/ipshared/383c/hdl/verilog/divby13_stream.v:9]
INFO: [Synth 8-6155] done synthesizing module 'divby13_stream_divby13_stream_0_2' (0#1) [c:/GitRepos/EECE4632/HW4/Vivado/divby13_stream/divby13_stream.gen/sources_1/bd/divby13_stream/ip/divby13_stream_divby13_stream_0_2/synth/divby13_stream_divby13_stream_0_2.v:53]
WARNING: [Synth 8-6014] Unused sequential element int_ap_done_reg was removed.  [c:/GitRepos/EECE4632/HW4/Vivado/divby13_stream/divby13_stream.gen/sources_1/bd/divby13_stream/ipshared/383c/hdl/verilog/divby13_stream_control_s_axi.v:254]
WARNING: [Synth 8-6014] Unused sequential element loop[31].divisor_tmp_reg[32] was removed.  [c:/GitRepos/EECE4632/HW4/Vivado/divby13_stream/divby13_stream.gen/sources_1/bd/divby13_stream/ipshared/383c/hdl/verilog/divby13_stream_srem_32ns_5ns_5_36_1.v:57]
WARNING: [Synth 8-6014] Unused sequential element quot_reg was removed.  [c:/GitRepos/EECE4632/HW4/Vivado/divby13_stream/divby13_stream.gen/sources_1/bd/divby13_stream/ipshared/383c/hdl/verilog/divby13_stream_srem_32ns_5ns_5_36_1.v:136]
WARNING: [Synth 8-7129] Port ap_done_int in module divby13_stream_flow_control_loop_pipe is either unconnected or has no load
WARNING: [Synth 8-7129] Port reset in module divby13_stream_srem_32ns_5ns_5_36_1_divider is either unconnected or has no load
WARNING: [Synth 8-7129] Port AWADDR[1] in module divby13_stream_control_s_axi is either unconnected or has no load
WARNING: [Synth 8-7129] Port AWADDR[0] in module divby13_stream_control_s_axi is either unconnected or has no load
WARNING: [Synth 8-7129] Port WDATA[31] in module divby13_stream_control_s_axi is either unconnected or has no load
WARNING: [Synth 8-7129] Port WDATA[30] in module divby13_stream_control_s_axi is either unconnected or has no load
WARNING: [Synth 8-7129] Port WDATA[29] in module divby13_stream_control_s_axi is either unconnected or has no load
WARNING: [Synth 8-7129] Port WDATA[28] in module divby13_stream_control_s_axi is either unconnected or has no load
WARNING: [Synth 8-7129] Port WDATA[27] in module divby13_stream_control_s_axi is either unconnected or has no load
WARNING: [Synth 8-7129] Port WDATA[26] in module divby13_stream_control_s_axi is either unconnected or has no load
WARNING: [Synth 8-7129] Port WDATA[25] in module divby13_stream_control_s_axi is either unconnected or has no load
WARNING: [Synth 8-7129] Port WDATA[24] in module divby13_stream_control_s_axi is either unconnected or has no load
WARNING: [Synth 8-7129] Port WDATA[23] in module divby13_stream_control_s_axi is either unconnected or has no load
WARNING: [Synth 8-7129] Port WDATA[22] in module divby13_stream_control_s_axi is either unconnected or has no load
WARNING: [Synth 8-7129] Port WDATA[21] in module divby13_stream_control_s_axi is either unconnected or has no load
WARNING: [Synth 8-7129] Port WDATA[20] in module divby13_stream_control_s_axi is either unconnected or has no load
WARNING: [Synth 8-7129] Port WDATA[19] in module divby13_stream_control_s_axi is either unconnected or has no load
WARNING: [Synth 8-7129] Port WDATA[18] in module divby13_stream_control_s_axi is either unconnected or has no load
WARNING: [Synth 8-7129] Port WDATA[17] in module divby13_stream_control_s_axi is either unconnected or has no load
WARNING: [Synth 8-7129] Port WDATA[16] in module divby13_stream_control_s_axi is either unconnected or has no load
WARNING: [Synth 8-7129] Port WDATA[15] in module divby13_stream_control_s_axi is either unconnected or has no load
WARNING: [Synth 8-7129] Port WDATA[14] in module divby13_stream_control_s_axi is either unconnected or has no load
WARNING: [Synth 8-7129] Port WDATA[13] in module divby13_stream_control_s_axi is either unconnected or has no load
WARNING: [Synth 8-7129] Port WDATA[12] in module divby13_stream_control_s_axi is either unconnected or has no load
WARNING: [Synth 8-7129] Port WDATA[11] in module divby13_stream_control_s_axi is either unconnected or has no load
WARNING: [Synth 8-7129] Port WDATA[10] in module divby13_stream_control_s_axi is either unconnected or has no load
WARNING: [Synth 8-7129] Port WDATA[9] in module divby13_stream_control_s_axi is either unconnected or has no load
WARNING: [Synth 8-7129] Port WDATA[8] in module divby13_stream_control_s_axi is either unconnected or has no load
WARNING: [Synth 8-7129] Port WDATA[6] in module divby13_stream_control_s_axi is either unconnected or has no load
WARNING: [Synth 8-7129] Port WDATA[5] in module divby13_stream_control_s_axi is either unconnected or has no load
WARNING: [Synth 8-7129] Port WDATA[4] in module divby13_stream_control_s_axi is either unconnected or has no load
WARNING: [Synth 8-7129] Port WDATA[3] in module divby13_stream_control_s_axi is either unconnected or has no load
WARNING: [Synth 8-7129] Port WDATA[2] in module divby13_stream_control_s_axi is either unconnected or has no load
WARNING: [Synth 8-7129] Port WSTRB[3] in module divby13_stream_control_s_axi is either unconnected or has no load
WARNING: [Synth 8-7129] Port WSTRB[2] in module divby13_stream_control_s_axi is either unconnected or has no load
WARNING: [Synth 8-7129] Port WSTRB[1] in module divby13_stream_control_s_axi is either unconnected or has no load
---------------------------------------------------------------------------------
Finished RTL Elaboration : Time (s): cpu = 00:00:05 ; elapsed = 00:00:07 . Memory (MB): peak = 2107.984 ; gain = 527.469
---------------------------------------------------------------------------------
---------------------------------------------------------------------------------
Start Handling Custom Attributes
---------------------------------------------------------------------------------
---------------------------------------------------------------------------------
Finished Handling Custom Attributes : Time (s): cpu = 00:00:05 ; elapsed = 00:00:07 . Memory (MB): peak = 2107.984 ; gain = 527.469
---------------------------------------------------------------------------------
---------------------------------------------------------------------------------
Finished RTL Optimization Phase 1 : Time (s): cpu = 00:00:05 ; elapsed = 00:00:07 . Memory (MB): peak = 2107.984 ; gain = 527.469
---------------------------------------------------------------------------------
Netlist sorting complete. Time (s): cpu = 00:00:00 ; elapsed = 00:00:00.020 . Memory (MB): peak = 2107.984 ; gain = 0.000
INFO: [Project 1-570] Preparing netlist for logic optimization

Processing XDC Constraints
Initializing timing engine
Parsing XDC File [c:/GitRepos/EECE4632/HW4/Vivado/divby13_stream/divby13_stream.gen/sources_1/bd/divby13_stream/ip/divby13_stream_divby13_stream_0_2/constraints/divby13_stream_ooc.xdc] for cell 'inst'
Finished Parsing XDC File [c:/GitRepos/EECE4632/HW4/Vivado/divby13_stream/divby13_stream.gen/sources_1/bd/divby13_stream/ip/divby13_stream_divby13_stream_0_2/constraints/divby13_stream_ooc.xdc] for cell 'inst'
Parsing XDC File [C:/GitRepos/EECE4632/HW4/Vivado/divby13_stream/divby13_stream.runs/divby13_stream_divby13_stream_0_2_synth_1/dont_touch.xdc]
Finished Parsing XDC File [C:/GitRepos/EECE4632/HW4/Vivado/divby13_stream/divby13_stream.runs/divby13_stream_divby13_stream_0_2_synth_1/dont_touch.xdc]
Completed Processing XDC Constraints

Netlist sorting complete. Time (s): cpu = 00:00:00 ; elapsed = 00:00:00.001 . Memory (MB): peak = 2207.879 ; gain = 0.000
INFO: [Project 1-111] Unisim Transformation Summary:
No Unisim elements were transformed.

Constraint Validation Runtime : Time (s): cpu = 00:00:00 ; elapsed = 00:00:00.048 . Memory (MB): peak = 2208.410 ; gain = 0.531
INFO: [Designutils 20-5008] Incremental synthesis strategy off
---------------------------------------------------------------------------------
Finished Constraint Validation : Time (s): cpu = 00:00:13 ; elapsed = 00:00:18 . Memory (MB): peak = 2208.410 ; gain = 627.895
---------------------------------------------------------------------------------
---------------------------------------------------------------------------------
Start Loading Part and Timing Information
---------------------------------------------------------------------------------
Loading part: xczu3eg-sfvc784-2-e
INFO: [Synth 8-6742] Reading net delay rules and data
---------------------------------------------------------------------------------
Finished Loading Part and Timing Information : Time (s): cpu = 00:00:13 ; elapsed = 00:00:18 . Memory (MB): peak = 2208.410 ; gain = 627.895
---------------------------------------------------------------------------------
---------------------------------------------------------------------------------
Start Applying 'set_property' XDC Constraints
---------------------------------------------------------------------------------
Applied set_property KEEP_HIERARCHY = SOFT for inst. (constraint file  C:/GitRepos/EECE4632/HW4/Vivado/divby13_stream/divby13_stream.runs/divby13_stream_divby13_stream_0_2_synth_1/dont_touch.xdc, line 9).
---------------------------------------------------------------------------------
Finished applying 'set_property' XDC Constraints : Time (s): cpu = 00:00:13 ; elapsed = 00:00:18 . Memory (MB): peak = 2208.410 ; gain = 627.895
---------------------------------------------------------------------------------
INFO: [Synth 8-802] inferred FSM for state register 'wstate_reg' in module 'divby13_stream_control_s_axi'
INFO: [Synth 8-802] inferred FSM for state register 'rstate_reg' in module 'divby13_stream_control_s_axi'
WARNING: [Synth 8-3936] Found unconnected internal register 'loop[31].remd_tmp_reg[32]' and it is trimmed from '32' to '5' bits. [c:/GitRepos/EECE4632/HW4/Vivado/divby13_stream/divby13_stream.gen/sources_1/bd/divby13_stream/ipshared/383c/hdl/verilog/divby13_stream_srem_32ns_5ns_5_36_1.v:56]
WARNING: [Synth 8-3936] Found unconnected internal register 'loop[31].dividend_tmp_reg[32]' and it is trimmed from '32' to '5' bits. [c:/GitRepos/EECE4632/HW4/Vivado/divby13_stream/divby13_stream.gen/sources_1/bd/divby13_stream/ipshared/383c/hdl/verilog/divby13_stream_srem_32ns_5ns_5_36_1.v:56]
WARNING: [Synth 8-3936] Found unconnected internal register 'loop[30].remd_tmp_reg[31]' and it is trimmed from '32' to '31' bits. [c:/GitRepos/EECE4632/HW4/Vivado/divby13_stream/divby13_stream.gen/sources_1/bd/divby13_stream/ipshared/383c/hdl/verilog/divby13_stream_srem_32ns_5ns_5_36_1.v:56]
WARNING: [Synth 8-3936] Found unconnected internal register 'loop[29].remd_tmp_reg[30]' and it is trimmed from '32' to '31' bits. [c:/GitRepos/EECE4632/HW4/Vivado/divby13_stream/divby13_stream.gen/sources_1/bd/divby13_stream/ipshared/383c/hdl/verilog/divby13_stream_srem_32ns_5ns_5_36_1.v:56]
WARNING: [Synth 8-3936] Found unconnected internal register 'loop[28].remd_tmp_reg[29]' and it is trimmed from '32' to '31' bits. [c:/GitRepos/EECE4632/HW4/Vivado/divby13_stream/divby13_stream.gen/sources_1/bd/divby13_stream/ipshared/383c/hdl/verilog/divby13_stream_srem_32ns_5ns_5_36_1.v:56]
WARNING: [Synth 8-3936] Found unconnected internal register 'loop[27].remd_tmp_reg[28]' and it is trimmed from '32' to '31' bits. [c:/GitRepos/EECE4632/HW4/Vivado/divby13_stream/divby13_stream.gen/sources_1/bd/divby13_stream/ipshared/383c/hdl/verilog/divby13_stream_srem_32ns_5ns_5_36_1.v:56]
WARNING: [Synth 8-3936] Found unconnected internal register 'loop[26].remd_tmp_reg[27]' and it is trimmed from '32' to '31' bits. [c:/GitRepos/EECE4632/HW4/Vivado/divby13_stream/divby13_stream.gen/sources_1/bd/divby13_stream/ipshared/383c/hdl/verilog/divby13_stream_srem_32ns_5ns_5_36_1.v:56]
WARNING: [Synth 8-3936] Found unconnected internal register 'loop[25].remd_tmp_reg[26]' and it is trimmed from '32' to '31' bits. [c:/GitRepos/EECE4632/HW4/Vivado/divby13_stream/divby13_stream.gen/sources_1/bd/divby13_stream/ipshared/383c/hdl/verilog/divby13_stream_srem_32ns_5ns_5_36_1.v:56]
WARNING: [Synth 8-3936] Found unconnected internal register 'loop[24].remd_tmp_reg[25]' and it is trimmed from '32' to '31' bits. [c:/GitRepos/EECE4632/HW4/Vivado/divby13_stream/divby13_stream.gen/sources_1/bd/divby13_stream/ipshared/383c/hdl/verilog/divby13_stream_srem_32ns_5ns_5_36_1.v:56]
WARNING: [Synth 8-3936] Found unconnected internal register 'loop[23].remd_tmp_reg[24]' and it is trimmed from '32' to '31' bits. [c:/GitRepos/EECE4632/HW4/Vivado/divby13_stream/divby13_stream.gen/sources_1/bd/divby13_stream/ipshared/383c/hdl/verilog/divby13_stream_srem_32ns_5ns_5_36_1.v:56]
WARNING: [Synth 8-3936] Found unconnected internal register 'loop[22].remd_tmp_reg[23]' and it is trimmed from '32' to '31' bits. [c:/GitRepos/EECE4632/HW4/Vivado/divby13_stream/divby13_stream.gen/sources_1/bd/divby13_stream/ipshared/383c/hdl/verilog/divby13_stream_srem_32ns_5ns_5_36_1.v:56]
WARNING: [Synth 8-3936] Found unconnected internal register 'loop[21].remd_tmp_reg[22]' and it is trimmed from '32' to '31' bits. [c:/GitRepos/EECE4632/HW4/Vivado/divby13_stream/divby13_stream.gen/sources_1/bd/divby13_stream/ipshared/383c/hdl/verilog/divby13_stream_srem_32ns_5ns_5_36_1.v:56]
WARNING: [Synth 8-3936] Found unconnected internal register 'loop[20].remd_tmp_reg[21]' and it is trimmed from '32' to '31' bits. [c:/GitRepos/EECE4632/HW4/Vivado/divby13_stream/divby13_stream.gen/sources_1/bd/divby13_stream/ipshared/383c/hdl/verilog/divby13_stream_srem_32ns_5ns_5_36_1.v:56]
WARNING: [Synth 8-3936] Found unconnected internal register 'loop[19].remd_tmp_reg[20]' and it is trimmed from '32' to '31' bits. [c:/GitRepos/EECE4632/HW4/Vivado/divby13_stream/divby13_stream.gen/sources_1/bd/divby13_stream/ipshared/383c/hdl/verilog/divby13_stream_srem_32ns_5ns_5_36_1.v:56]
WARNING: [Synth 8-3936] Found unconnected internal register 'loop[18].remd_tmp_reg[19]' and it is trimmed from '32' to '31' bits. [c:/GitRepos/EECE4632/HW4/Vivado/divby13_stream/divby13_stream.gen/sources_1/bd/divby13_stream/ipshared/383c/hdl/verilog/divby13_stream_srem_32ns_5ns_5_36_1.v:56]
WARNING: [Synth 8-3936] Found unconnected internal register 'loop[17].remd_tmp_reg[18]' and it is trimmed from '32' to '31' bits. [c:/GitRepos/EECE4632/HW4/Vivado/divby13_stream/divby13_stream.gen/sources_1/bd/divby13_stream/ipshared/383c/hdl/verilog/divby13_stream_srem_32ns_5ns_5_36_1.v:56]
WARNING: [Synth 8-3936] Found unconnected internal register 'loop[16].remd_tmp_reg[17]' and it is trimmed from '32' to '31' bits. [c:/GitRepos/EECE4632/HW4/Vivado/divby13_stream/divby13_stream.gen/sources_1/bd/divby13_stream/ipshared/383c/hdl/verilog/divby13_stream_srem_32ns_5ns_5_36_1.v:56]
WARNING: [Synth 8-3936] Found unconnected internal register 'loop[15].remd_tmp_reg[16]' and it is trimmed from '32' to '31' bits. [c:/GitRepos/EECE4632/HW4/Vivado/divby13_stream/divby13_stream.gen/sources_1/bd/divby13_stream/ipshared/383c/hdl/verilog/divby13_stream_srem_32ns_5ns_5_36_1.v:56]
WARNING: [Synth 8-3936] Found unconnected internal register 'loop[14].remd_tmp_reg[15]' and it is trimmed from '32' to '31' bits. [c:/GitRepos/EECE4632/HW4/Vivado/divby13_stream/divby13_stream.gen/sources_1/bd/divby13_stream/ipshared/383c/hdl/verilog/divby13_stream_srem_32ns_5ns_5_36_1.v:56]
WARNING: [Synth 8-3936] Found unconnected internal register 'loop[13].remd_tmp_reg[14]' and it is trimmed from '32' to '31' bits. [c:/GitRepos/EECE4632/HW4/Vivado/divby13_stream/divby13_stream.gen/sources_1/bd/divby13_stream/ipshared/383c/hdl/verilog/divby13_stream_srem_32ns_5ns_5_36_1.v:56]
WARNING: [Synth 8-3936] Found unconnected internal register 'loop[12].remd_tmp_reg[13]' and it is trimmed from '32' to '31' bits. [c:/GitRepos/EECE4632/HW4/Vivado/divby13_stream/divby13_stream.gen/sources_1/bd/divby13_stream/ipshared/383c/hdl/verilog/divby13_stream_srem_32ns_5ns_5_36_1.v:56]
WARNING: [Synth 8-3936] Found unconnected internal register 'loop[11].remd_tmp_reg[12]' and it is trimmed from '32' to '31' bits. [c:/GitRepos/EECE4632/HW4/Vivado/divby13_stream/divby13_stream.gen/sources_1/bd/divby13_stream/ipshared/383c/hdl/verilog/divby13_stream_srem_32ns_5ns_5_36_1.v:56]
WARNING: [Synth 8-3936] Found unconnected internal register 'loop[10].remd_tmp_reg[11]' and it is trimmed from '32' to '31' bits. [c:/GitRepos/EECE4632/HW4/Vivado/divby13_stream/divby13_stream.gen/sources_1/bd/divby13_stream/ipshared/383c/hdl/verilog/divby13_stream_srem_32ns_5ns_5_36_1.v:56]
WARNING: [Synth 8-3936] Found unconnected internal register 'loop[9].remd_tmp_reg[10]' and it is trimmed from '32' to '31' bits. [c:/GitRepos/EECE4632/HW4/Vivado/divby13_stream/divby13_stream.gen/sources_1/bd/divby13_stream/ipshared/383c/hdl/verilog/divby13_stream_srem_32ns_5ns_5_36_1.v:56]
WARNING: [Synth 8-3936] Found unconnected internal register 'loop[8].remd_tmp_reg[9]' and it is trimmed from '32' to '31' bits. [c:/GitRepos/EECE4632/HW4/Vivado/divby13_stream/divby13_stream.gen/sources_1/bd/divby13_stream/ipshared/383c/hdl/verilog/divby13_stream_srem_32ns_5ns_5_36_1.v:56]
WARNING: [Synth 8-3936] Found unconnected internal register 'loop[7].remd_tmp_reg[8]' and it is trimmed from '32' to '31' bits. [c:/GitRepos/EECE4632/HW4/Vivado/divby13_stream/divby13_stream.gen/sources_1/bd/divby13_stream/ipshared/383c/hdl/verilog/divby13_stream_srem_32ns_5ns_5_36_1.v:56]
WARNING: [Synth 8-3936] Found unconnected internal register 'loop[6].remd_tmp_reg[7]' and it is trimmed from '32' to '31' bits. [c:/GitRepos/EECE4632/HW4/Vivado/divby13_stream/divby13_stream.gen/sources_1/bd/divby13_stream/ipshared/383c/hdl/verilog/divby13_stream_srem_32ns_5ns_5_36_1.v:56]
WARNING: [Synth 8-3936] Found unconnected internal register 'loop[5].remd_tmp_reg[6]' and it is trimmed from '32' to '31' bits. [c:/GitRepos/EECE4632/HW4/Vivado/divby13_stream/divby13_stream.gen/sources_1/bd/divby13_stream/ipshared/383c/hdl/verilog/divby13_stream_srem_32ns_5ns_5_36_1.v:56]
WARNING: [Synth 8-3936] Found unconnected internal register 'loop[4].remd_tmp_reg[5]' and it is trimmed from '32' to '31' bits. [c:/GitRepos/EECE4632/HW4/Vivado/divby13_stream/divby13_stream.gen/sources_1/bd/divby13_stream/ipshared/383c/hdl/verilog/divby13_stream_srem_32ns_5ns_5_36_1.v:56]
WARNING: [Synth 8-3936] Found unconnected internal register 'loop[3].remd_tmp_reg[4]' and it is trimmed from '32' to '31' bits. [c:/GitRepos/EECE4632/HW4/Vivado/divby13_stream/divby13_stream.gen/sources_1/bd/divby13_stream/ipshared/383c/hdl/verilog/divby13_stream_srem_32ns_5ns_5_36_1.v:56]
WARNING: [Synth 8-3936] Found unconnected internal register 'loop[2].remd_tmp_reg[3]' and it is trimmed from '32' to '31' bits. [c:/GitRepos/EECE4632/HW4/Vivado/divby13_stream/divby13_stream.gen/sources_1/bd/divby13_stream/ipshared/383c/hdl/verilog/divby13_stream_srem_32ns_5ns_5_36_1.v:56]
WARNING: [Synth 8-3936] Found unconnected internal register 'loop[1].remd_tmp_reg[2]' and it is trimmed from '32' to '31' bits. [c:/GitRepos/EECE4632/HW4/Vivado/divby13_stream/divby13_stream.gen/sources_1/bd/divby13_stream/ipshared/383c/hdl/verilog/divby13_stream_srem_32ns_5ns_5_36_1.v:56]
WARNING: [Synth 8-3936] Found unconnected internal register 'loop[0].remd_tmp_reg[1]' and it is trimmed from '32' to '31' bits. [c:/GitRepos/EECE4632/HW4/Vivado/divby13_stream/divby13_stream.gen/sources_1/bd/divby13_stream/ipshared/383c/hdl/verilog/divby13_stream_srem_32ns_5ns_5_36_1.v:56]
INFO: [Synth 8-802] inferred FSM for state register 'state_reg' in module 'divby13_stream_regslice_both'
INFO: [Synth 8-802] inferred FSM for state register 'state_reg' in module 'divby13_stream_regslice_both__parameterized0'
INFO: [Synth 8-802] inferred FSM for state register 'state_reg' in module 'divby13_stream_regslice_both__parameterized1'
---------------------------------------------------------------------------------------------------
                   State |                     New Encoding |                Previous Encoding 
---------------------------------------------------------------------------------------------------
                  iSTATE |                             0001 |                               11
*
                  WRIDLE |                             0010 |                               00
                  WRDATA |                             0100 |                               01
                  WRRESP |                             1000 |                               10
---------------------------------------------------------------------------------------------------
INFO: [Synth 8-3354] encoded FSM with state register 'wstate_reg' using encoding 'one-hot' in module 'divby13_stream_control_s_axi'
---------------------------------------------------------------------------------------------------
                   State |                     New Encoding |                Previous Encoding 
---------------------------------------------------------------------------------------------------
                  iSTATE |                              001 |                               10
*
                  RDIDLE |                              010 |                               00
                  RDDATA |                              100 |                               01
---------------------------------------------------------------------------------------------------
INFO: [Synth 8-3354] encoded FSM with state register 'rstate_reg' using encoding 'one-hot' in module 'divby13_stream_control_s_axi'
---------------------------------------------------------------------------------------------------
                   State |                     New Encoding |                Previous Encoding 
---------------------------------------------------------------------------------------------------
                    ZERO |                               00 |                               10
                     ONE |                               10 |                               11
                     TWO |                               01 |                               01
---------------------------------------------------------------------------------------------------
INFO: [Synth 8-3354] encoded FSM with state register 'state_reg' using encoding 'sequential' in module 'divby13_stream_regslice_both'
---------------------------------------------------------------------------------------------------
                   State |                     New Encoding |                Previous Encoding 
---------------------------------------------------------------------------------------------------
                    ZERO |                               00 |                               10
                     ONE |                               10 |                               11
                     TWO |                               01 |                               01
---------------------------------------------------------------------------------------------------
INFO: [Synth 8-3354] encoded FSM with state register 'state_reg' using encoding 'sequential' in module 'divby13_stream_regslice_both__parameterized0'
---------------------------------------------------------------------------------------------------
                   State |                     New Encoding |                Previous Encoding 
---------------------------------------------------------------------------------------------------
                    ZERO |                               00 |                               10
                     ONE |                               10 |                               11
                     TWO |                               01 |                               01
---------------------------------------------------------------------------------------------------
INFO: [Synth 8-3354] encoded FSM with state register 'state_reg' using encoding 'sequential' in module 'divby13_stream_regslice_both__parameterized1'
---------------------------------------------------------------------------------
Finished RTL Optimization Phase 2 : Time (s): cpu = 00:00:13 ; elapsed = 00:00:18 . Memory (MB): peak = 2208.410 ; gain = 627.895
---------------------------------------------------------------------------------
---------------------------------------------------------------------------------
Start RTL Component Statistics 
---------------------------------------------------------------------------------
Detailed RTL Component Info : 
+---Adders : 
	   3 Input   33 Bit       Adders := 32    
	   2 Input   32 Bit       Adders := 1     
	   2 Input    5 Bit       Adders := 2     
+---XORs : 
	   2 Input      1 Bit         XORs := 3     
+---Registers : 
	               32 Bit    Registers := 39    
	               31 Bit    Registers := 31    
	                5 Bit    Registers := 36    
	                4 Bit    Registers := 79    
	                2 Bit    Registers := 42    
	                1 Bit    Registers := 132   
+---Muxes : 
	   2 Input   32 Bit        Muxes := 3     
	   2 Input   31 Bit        Muxes := 31    
	   2 Input    5 Bit        Muxes := 3     
	   4 Input    4 Bit        Muxes := 1     
	   2 Input    4 Bit        Muxes := 7     
	   3 Input    3 Bit        Muxes := 1     
	   2 Input    3 Bit        Muxes := 2     
	   2 Input    2 Bit        Muxes := 80    
	   3 Input    2 Bit        Muxes := 24    
	   4 Input    2 Bit        Muxes := 8     
	   2 Input    1 Bit        Muxes := 33    
---------------------------------------------------------------------------------
Finished RTL Component Statistics 
---------------------------------------------------------------------------------
---------------------------------------------------------------------------------
Start Part Resource Summary
---------------------------------------------------------------------------------
Part Resources:
DSPs: 360 (col length:72)
BRAMs: 432 (col length: RAMB18 72 RAMB36 36)
---------------------------------------------------------------------------------
Finished Part Resource Summary
---------------------------------------------------------------------------------
---------------------------------------------------------------------------------
Start Cross Boundary and Area Optimization
---------------------------------------------------------------------------------
WARNING: [Synth 8-7080] Parallel synthesis criteria is not met
WARNING: [Synth 8-3936] Found unconnected internal register 'divby13_stream_srem_32ns_5ns_5_36_1_divider_u/loop[31].sign_tmp_reg[32]' and it is trimmed from '2' to '1' bits. [c:/GitRepos/EECE4632/HW4/Vivado/divby13_stream/divby13_stream.gen/sources_1/bd/divby13_stream/ipshared/383c/hdl/verilog/divby13_stream_srem_32ns_5ns_5_36_1.v:66]
WARNING: [Synth 8-3936] Found unconnected internal register 'divby13_stream_srem_32ns_5ns_5_36_1_divider_u/loop[30].sign_tmp_reg[31]' and it is trimmed from '2' to '1' bits. [c:/GitRepos/EECE4632/HW4/Vivado/divby13_stream/divby13_stream.gen/sources_1/bd/divby13_stream/ipshared/383c/hdl/verilog/divby13_stream_srem_32ns_5ns_5_36_1.v:66]
WARNING: [Synth 8-3936] Found unconnected internal register 'divby13_stream_srem_32ns_5ns_5_36_1_divider_u/loop[29].sign_tmp_reg[30]' and it is trimmed from '2' to '1' bits. [c:/GitRepos/EECE4632/HW4/Vivado/divby13_stream/divby13_stream.gen/sources_1/bd/divby13_stream/ipshared/383c/hdl/verilog/divby13_stream_srem_32ns_5ns_5_36_1.v:66]
WARNING: [Synth 8-3936] Found unconnected internal register 'divby13_stream_srem_32ns_5ns_5_36_1_divider_u/loop[28].sign_tmp_reg[29]' and it is trimmed from '2' to '1' bits. [c:/GitRepos/EECE4632/HW4/Vivado/divby13_stream/divby13_stream.gen/sources_1/bd/divby13_stream/ipshared/383c/hdl/verilog/divby13_stream_srem_32ns_5ns_5_36_1.v:66]
WARNING: [Synth 8-3936] Found unconnected internal register 'divby13_stream_srem_32ns_5ns_5_36_1_divider_u/loop[27].sign_tmp_reg[28]' and it is trimmed from '2' to '1' bits. [c:/GitRepos/EECE4632/HW4/Vivado/divby13_stream/divby13_stream.gen/sources_1/bd/divby13_stream/ipshared/383c/hdl/verilog/divby13_stream_srem_32ns_5ns_5_36_1.v:66]
WARNING: [Synth 8-3936] Found unconnected internal register 'divby13_stream_srem_32ns_5ns_5_36_1_divider_u/loop[26].sign_tmp_reg[27]' and it is trimmed from '2' to '1' bits. [c:/GitRepos/EECE4632/HW4/Vivado/divby13_stream/divby13_stream.gen/sources_1/bd/divby13_stream/ipshared/383c/hdl/verilog/divby13_stream_srem_32ns_5ns_5_36_1.v:66]
WARNING: [Synth 8-3936] Found unconnected internal register 'divby13_stream_srem_32ns_5ns_5_36_1_divider_u/loop[25].sign_tmp_reg[26]' and it is trimmed from '2' to '1' bits. [c:/GitRepos/EECE4632/HW4/Vivado/divby13_stream/divby13_stream.gen/sources_1/bd/divby13_stream/ipshared/383c/hdl/verilog/divby13_stream_srem_32ns_5ns_5_36_1.v:66]
WARNING: [Synth 8-3936] Found unconnected internal register 'divby13_stream_srem_32ns_5ns_5_36_1_divider_u/loop[24].sign_tmp_reg[25]' and it is trimmed from '2' to '1' bits. [c:/GitRepos/EECE4632/HW4/Vivado/divby13_stream/divby13_stream.gen/sources_1/bd/divby13_stream/ipshared/383c/hdl/verilog/divby13_stream_srem_32ns_5ns_5_36_1.v:66]
WARNING: [Synth 8-3936] Found unconnected internal register 'divby13_stream_srem_32ns_5ns_5_36_1_divider_u/loop[23].sign_tmp_reg[24]' and it is trimmed from '2' to '1' bits. [c:/GitRepos/EECE4632/HW4/Vivado/divby13_stream/divby13_stream.gen/sources_1/bd/divby13_stream/ipshared/383c/hdl/verilog/divby13_stream_srem_32ns_5ns_5_36_1.v:66]
WARNING: [Synth 8-3936] Found unconnected internal register 'divby13_stream_srem_32ns_5ns_5_36_1_divider_u/loop[22].sign_tmp_reg[23]' and it is trimmed from '2' to '1' bits. [c:/GitRepos/EECE4632/HW4/Vivado/divby13_stream/divby13_stream.gen/sources_1/bd/divby13_stream/ipshared/383c/hdl/verilog/divby13_stream_srem_32ns_5ns_5_36_1.v:66]
WARNING: [Synth 8-3936] Found unconnected internal register 'divby13_stream_srem_32ns_5ns_5_36_1_divider_u/loop[21].sign_tmp_reg[22]' and it is trimmed from '2' to '1' bits. [c:/GitRepos/EECE4632/HW4/Vivado/divby13_stream/divby13_stream.gen/sources_1/bd/divby13_stream/ipshared/383c/hdl/verilog/divby13_stream_srem_32ns_5ns_5_36_1.v:66]
WARNING: [Synth 8-3936] Found unconnected internal register 'divby13_stream_srem_32ns_5ns_5_36_1_divider_u/loop[20].sign_tmp_reg[21]' and it is trimmed from '2' to '1' bits. [c:/GitRepos/EECE4632/HW4/Vivado/divby13_stream/divby13_stream.gen/sources_1/bd/divby13_stream/ipshared/383c/hdl/verilog/divby13_stream_srem_32ns_5ns_5_36_1.v:66]
WARNING: [Synth 8-3936] Found unconnected internal register 'divby13_stream_srem_32ns_5ns_5_36_1_divider_u/loop[19].sign_tmp_reg[20]' and it is trimmed from '2' to '1' bits. [c:/GitRepos/EECE4632/HW4/Vivado/divby13_stream/divby13_stream.gen/sources_1/bd/divby13_stream/ipshared/383c/hdl/verilog/divby13_stream_srem_32ns_5ns_5_36_1.v:66]
WARNING: [Synth 8-3936] Found unconnected internal register 'divby13_stream_srem_32ns_5ns_5_36_1_divider_u/loop[18].sign_tmp_reg[19]' and it is trimmed from '2' to '1' bits. [c:/GitRepos/EECE4632/HW4/Vivado/divby13_stream/divby13_stream.gen/sources_1/bd/divby13_stream/ipshared/383c/hdl/verilog/divby13_stream_srem_32ns_5ns_5_36_1.v:66]
WARNING: [Synth 8-3936] Found unconnected internal register 'divby13_stream_srem_32ns_5ns_5_36_1_divider_u/loop[17].sign_tmp_reg[18]' and it is trimmed from '2' to '1' bits. [c:/GitRepos/EECE4632/HW4/Vivado/divby13_stream/divby13_stream.gen/sources_1/bd/divby13_stream/ipshared/383c/hdl/verilog/divby13_stream_srem_32ns_5ns_5_36_1.v:66]
WARNING: [Synth 8-3936] Found unconnected internal register 'divby13_stream_srem_32ns_5ns_5_36_1_divider_u/loop[16].sign_tmp_reg[17]' and it is trimmed from '2' to '1' bits. [c:/GitRepos/EECE4632/HW4/Vivado/divby13_stream/divby13_stream.gen/sources_1/bd/divby13_stream/ipshared/383c/hdl/verilog/divby13_stream_srem_32ns_5ns_5_36_1.v:66]
WARNING: [Synth 8-3936] Found unconnected internal register 'divby13_stream_srem_32ns_5ns_5_36_1_divider_u/loop[15].sign_tmp_reg[16]' and it is trimmed from '2' to '1' bits. [c:/GitRepos/EECE4632/HW4/Vivado/divby13_stream/divby13_stream.gen/sources_1/bd/divby13_stream/ipshared/383c/hdl/verilog/divby13_stream_srem_32ns_5ns_5_36_1.v:66]
WARNING: [Synth 8-3936] Found unconnected internal register 'divby13_stream_srem_32ns_5ns_5_36_1_divider_u/loop[14].sign_tmp_reg[15]' and it is trimmed from '2' to '1' bits. [c:/GitRepos/EECE4632/HW4/Vivado/divby13_stream/divby13_stream.gen/sources_1/bd/divby13_stream/ipshared/383c/hdl/verilog/divby13_stream_srem_32ns_5ns_5_36_1.v:66]
WARNING: [Synth 8-3936] Found unconnected internal register 'divby13_stream_srem_32ns_5ns_5_36_1_divider_u/loop[13].sign_tmp_reg[14]' and it is trimmed from '2' to '1' bits. [c:/GitRepos/EECE4632/HW4/Vivado/divby13_stream/divby13_stream.gen/sources_1/bd/divby13_stream/ipshared/383c/hdl/verilog/divby13_stream_srem_32ns_5ns_5_36_1.v:66]
WARNING: [Synth 8-3936] Found unconnected internal register 'divby13_stream_srem_32ns_5ns_5_36_1_divider_u/loop[12].sign_tmp_reg[13]' and it is trimmed from '2' to '1' bits. [c:/GitRepos/EECE4632/HW4/Vivado/divby13_stream/divby13_stream.gen/sources_1/bd/divby13_stream/ipshared/383c/hdl/verilog/divby13_stream_srem_32ns_5ns_5_36_1.v:66]
WARNING: [Synth 8-3936] Found unconnected internal register 'divby13_stream_srem_32ns_5ns_5_36_1_divider_u/loop[11].sign_tmp_reg[12]' and it is trimmed from '2' to '1' bits. [c:/GitRepos/EECE4632/HW4/Vivado/divby13_stream/divby13_stream.gen/sources_1/bd/divby13_stream/ipshared/383c/hdl/verilog/divby13_stream_srem_32ns_5ns_5_36_1.v:66]
WARNING: [Synth 8-3936] Found unconnected internal register 'divby13_stream_srem_32ns_5ns_5_36_1_divider_u/loop[10].sign_tmp_reg[11]' and it is trimmed from '2' to '1' bits. [c:/GitRepos/EECE4632/HW4/Vivado/divby13_stream/divby13_stream.gen/sources_1/bd/divby13_stream/ipshared/383c/hdl/verilog/divby13_stream_srem_32ns_5ns_5_36_1.v:66]
WARNING: [Synth 8-3936] Found unconnected internal register 'divby13_stream_srem_32ns_5ns_5_36_1_divider_u/loop[9].sign_tmp_reg[10]' and it is trimmed from '2' to '1' bits. [c:/GitRepos/EECE4632/HW4/Vivado/divby13_stream/divby13_stream.gen/sources_1/bd/divby13_stream/ipshared/383c/hdl/verilog/divby13_stream_srem_32ns_5ns_5_36_1.v:66]
WARNING: [Synth 8-3936] Found unconnected internal register 'divby13_stream_srem_32ns_5ns_5_36_1_divider_u/loop[8].sign_tmp_reg[9]' and it is trimmed from '2' to '1' bits. [c:/GitRepos/EECE4632/HW4/Vivado/divby13_stream/divby13_stream.gen/sources_1/bd/divby13_stream/ipshared/383c/hdl/verilog/divby13_stream_srem_32ns_5ns_5_36_1.v:66]
WARNING: [Synth 8-3936] Found unconnected internal register 'divby13_stream_srem_32ns_5ns_5_36_1_divider_u/loop[7].sign_tmp_reg[8]' and it is trimmed from '2' to '1' bits. [c:/GitRepos/EECE4632/HW4/Vivado/divby13_stream/divby13_stream.gen/sources_1/bd/divby13_stream/ipshared/383c/hdl/verilog/divby13_stream_srem_32ns_5ns_5_36_1.v:66]
WARNING: [Synth 8-3936] Found unconnected internal register 'divby13_stream_srem_32ns_5ns_5_36_1_divider_u/loop[6].sign_tmp_reg[7]' and it is trimmed from '2' to '1' bits. [c:/GitRepos/EECE4632/HW4/Vivado/divby13_stream/divby13_stream.gen/sources_1/bd/divby13_stream/ipshared/383c/hdl/verilog/divby13_stream_srem_32ns_5ns_5_36_1.v:66]
WARNING: [Synth 8-3936] Found unconnected internal register 'divby13_stream_srem_32ns_5ns_5_36_1_divider_u/loop[5].sign_tmp_reg[6]' and it is trimmed from '2' to '1' bits. [c:/GitRepos/EECE4632/HW4/Vivado/divby13_stream/divby13_stream.gen/sources_1/bd/divby13_stream/ipshared/383c/hdl/verilog/divby13_stream_srem_32ns_5ns_5_36_1.v:66]
WARNING: [Synth 8-3936] Found unconnected internal register 'divby13_stream_srem_32ns_5ns_5_36_1_divider_u/loop[4].sign_tmp_reg[5]' and it is trimmed from '2' to '1' bits. [c:/GitRepos/EECE4632/HW4/Vivado/divby13_stream/divby13_stream.gen/sources_1/bd/divby13_stream/ipshared/383c/hdl/verilog/divby13_stream_srem_32ns_5ns_5_36_1.v:66]
WARNING: [Synth 8-3936] Found unconnected internal register 'divby13_stream_srem_32ns_5ns_5_36_1_divider_u/loop[3].sign_tmp_reg[4]' and it is trimmed from '2' to '1' bits. [c:/GitRepos/EECE4632/HW4/Vivado/divby13_stream/divby13_stream.gen/sources_1/bd/divby13_stream/ipshared/383c/hdl/verilog/divby13_stream_srem_32ns_5ns_5_36_1.v:66]
WARNING: [Synth 8-3936] Found unconnected internal register 'divby13_stream_srem_32ns_5ns_5_36_1_divider_u/loop[2].sign_tmp_reg[3]' and it is trimmed from '2' to '1' bits. [c:/GitRepos/EECE4632/HW4/Vivado/divby13_stream/divby13_stream.gen/sources_1/bd/divby13_stream/ipshared/383c/hdl/verilog/divby13_stream_srem_32ns_5ns_5_36_1.v:66]
WARNING: [Synth 8-3936] Found unconnected internal register 'divby13_stream_srem_32ns_5ns_5_36_1_divider_u/loop[1].sign_tmp_reg[2]' and it is trimmed from '2' to '1' bits. [c:/GitRepos/EECE4632/HW4/Vivado/divby13_stream/divby13_stream.gen/sources_1/bd/divby13_stream/ipshared/383c/hdl/verilog/divby13_stream_srem_32ns_5ns_5_36_1.v:66]
WARNING: [Synth 8-3936] Found unconnected internal register 'divby13_stream_srem_32ns_5ns_5_36_1_divider_u/loop[0].sign_tmp_reg[1]' and it is trimmed from '2' to '1' bits. [c:/GitRepos/EECE4632/HW4/Vivado/divby13_stream/divby13_stream.gen/sources_1/bd/divby13_stream/ipshared/383c/hdl/verilog/divby13_stream_srem_32ns_5ns_5_36_1.v:66]
WARNING: [Synth 8-3936] Found unconnected internal register 'divby13_stream_srem_32ns_5ns_5_36_1_divider_u/sign_tmp_reg[0]' and it is trimmed from '2' to '1' bits. [c:/GitRepos/EECE4632/HW4/Vivado/divby13_stream/divby13_stream.gen/sources_1/bd/divby13_stream/ipshared/383c/hdl/verilog/divby13_stream_srem_32ns_5ns_5_36_1.v:38]
WARNING: [Synth 8-7129] Port reset in module divby13_stream_srem_32ns_5ns_5_36_1 is either unconnected or has no load
WARNING: [Synth 8-7129] Port AWADDR[1] in module divby13_stream_control_s_axi is either unconnected or has no load
WARNING: [Synth 8-7129] Port AWADDR[0] in module divby13_stream_control_s_axi is either unconnected or has no load
WARNING: [Synth 8-7129] Port WDATA[31] in module divby13_stream_control_s_axi is either unconnected or has no load
WARNING: [Synth 8-7129] Port WDATA[30] in module divby13_stream_control_s_axi is either unconnected or has no load
WARNING: [Synth 8-7129] Port WDATA[29] in module divby13_stream_control_s_axi is either unconnected or has no load
WARNING: [Synth 8-7129] Port WDATA[28] in module divby13_stream_control_s_axi is either unconnected or has no load
WARNING: [Synth 8-7129] Port WDATA[27] in module divby13_stream_control_s_axi is either unconnected or has no load
WARNING: [Synth 8-7129] Port WDATA[26] in module divby13_stream_control_s_axi is either unconnected or has no load
WARNING: [Synth 8-7129] Port WDATA[25] in module divby13_stream_control_s_axi is either unconnected or has no load
WARNING: [Synth 8-7129] Port WDATA[24] in module divby13_stream_control_s_axi is either unconnected or has no load
WARNING: [Synth 8-7129] Port WDATA[23] in module divby13_stream_control_s_axi is either unconnected or has no load
WARNING: [Synth 8-7129] Port WDATA[22] in module divby13_stream_control_s_axi is either unconnected or has no load
WARNING: [Synth 8-7129] Port WDATA[21] in module divby13_stream_control_s_axi is either unconnected or has no load
WARNING: [Synth 8-7129] Port WDATA[20] in module divby13_stream_control_s_axi is either unconnected or has no load
WARNING: [Synth 8-7129] Port WDATA[19] in module divby13_stream_control_s_axi is either unconnected or has no load
WARNING: [Synth 8-7129] Port WDATA[18] in module divby13_stream_control_s_axi is either unconnected or has no load
WARNING: [Synth 8-7129] Port WDATA[17] in module divby13_stream_control_s_axi is either unconnected or has no load
WARNING: [Synth 8-7129] Port WDATA[16] in module divby13_stream_control_s_axi is either unconnected or has no load
WARNING: [Synth 8-7129] Port WDATA[15] in module divby13_stream_control_s_axi is either unconnected or has no load
WARNING: [Synth 8-7129] Port WDATA[14] in module divby13_stream_control_s_axi is either unconnected or has no load
WARNING: [Synth 8-7129] Port WDATA[13] in module divby13_stream_control_s_axi is either unconnected or has no load
WARNING: [Synth 8-7129] Port WDATA[12] in module divby13_stream_control_s_axi is either unconnected or has no load
WARNING: [Synth 8-7129] Port WDATA[11] in module divby13_stream_control_s_axi is either unconnected or has no load
WARNING: [Synth 8-7129] Port WDATA[10] in module divby13_stream_control_s_axi is either unconnected or has no load
WARNING: [Synth 8-7129] Port WDATA[9] in module divby13_stream_control_s_axi is either unconnected or has no load
WARNING: [Synth 8-7129] Port WDATA[8] in module divby13_stream_control_s_axi is either unconnected or has no load
WARNING: [Synth 8-7129] Port WDATA[6] in module divby13_stream_control_s_axi is either unconnected or has no load
WARNING: [Synth 8-7129] Port WDATA[5] in module divby13_stream_control_s_axi is either unconnected or has no load
WARNING: [Synth 8-7129] Port WDATA[4] in module divby13_stream_control_s_axi is either unconnected or has no load
WARNING: [Synth 8-7129] Port WDATA[3] in module divby13_stream_control_s_axi is either unconnected or has no load
WARNING: [Synth 8-7129] Port WDATA[2] in module divby13_stream_control_s_axi is either unconnected or has no load
WARNING: [Synth 8-7129] Port WSTRB[3] in module divby13_stream_control_s_axi is either unconnected or has no load
WARNING: [Synth 8-7129] Port WSTRB[2] in module divby13_stream_control_s_axi is either unconnected or has no load
WARNING: [Synth 8-7129] Port WSTRB[1] in module divby13_stream_control_s_axi is either unconnected or has no load
WARNING: [Synth 8-3332] Sequential element (control_s_axi_U/FSM_onehot_wstate_reg[0]) is unused and will be removed from module divby13_stream.
WARNING: [Synth 8-3332] Sequential element (control_s_axi_U/FSM_onehot_rstate_reg[0]) is unused and will be removed from module divby13_stream.
---------------------------------------------------------------------------------
Finished Cross Boundary and Area Optimization : Time (s): cpu = 00:00:16 ; elapsed = 00:00:22 . Memory (MB): peak = 2208.410 ; gain = 627.895
---------------------------------------------------------------------------------
---------------------------------------------------------------------------------
Start Applying XDC Timing Constraints
---------------------------------------------------------------------------------
---------------------------------------------------------------------------------
Finished Applying XDC Timing Constraints : Time (s): cpu = 00:00:26 ; elapsed = 00:00:33 . Memory (MB): peak = 2592.836 ; gain = 1012.320
---------------------------------------------------------------------------------
---------------------------------------------------------------------------------
Start Timing Optimization
---------------------------------------------------------------------------------
---------------------------------------------------------------------------------
Finished Timing Optimization : Time (s): cpu = 00:00:26 ; elapsed = 00:00:34 . Memory (MB): peak = 2631.469 ; gain = 1050.953
---------------------------------------------------------------------------------
---------------------------------------------------------------------------------
Start Technology Mapping
---------------------------------------------------------------------------------
---------------------------------------------------------------------------------
Finished Technology Mapping : Time (s): cpu = 00:00:27 ; elapsed = 00:00:34 . Memory (MB): peak = 2631.469 ; gain = 1050.953
---------------------------------------------------------------------------------
---------------------------------------------------------------------------------
Start IO Insertion
---------------------------------------------------------------------------------
---------------------------------------------------------------------------------
Start Flattening Before IO Insertion
---------------------------------------------------------------------------------
---------------------------------------------------------------------------------
Finished Flattening Before IO Insertion
---------------------------------------------------------------------------------
---------------------------------------------------------------------------------
Start Final Netlist Cleanup
---------------------------------------------------------------------------------
---------------------------------------------------------------------------------
Finished Final Netlist Cleanup
---------------------------------------------------------------------------------
---------------------------------------------------------------------------------
Finished IO Insertion : Time (s): cpu = 00:00:30 ; elapsed = 00:00:38 . Memory (MB): peak = 2631.469 ; gain = 1050.953
---------------------------------------------------------------------------------
---------------------------------------------------------------------------------
Start Renaming Generated Instances
---------------------------------------------------------------------------------
---------------------------------------------------------------------------------
Finished Renaming Generated Instances : Time (s): cpu = 00:00:30 ; elapsed = 00:00:38 . Memory (MB): peak = 2631.469 ; gain = 1050.953
---------------------------------------------------------------------------------
---------------------------------------------------------------------------------
Start Rebuilding User Hierarchy
---------------------------------------------------------------------------------
---------------------------------------------------------------------------------
Finished Rebuilding User Hierarchy : Time (s): cpu = 00:00:30 ; elapsed = 00:00:38 . Memory (MB): peak = 2631.469 ; gain = 1050.953
---------------------------------------------------------------------------------
---------------------------------------------------------------------------------
Start Renaming Generated Ports
---------------------------------------------------------------------------------
---------------------------------------------------------------------------------
Finished Renaming Generated Ports : Time (s): cpu = 00:00:30 ; elapsed = 00:00:38 . Memory (MB): peak = 2631.469 ; gain = 1050.953
---------------------------------------------------------------------------------
---------------------------------------------------------------------------------
Start Handling Custom Attributes
---------------------------------------------------------------------------------
---------------------------------------------------------------------------------
Finished Handling Custom Attributes : Time (s): cpu = 00:00:30 ; elapsed = 00:00:38 . Memory (MB): peak = 2631.469 ; gain = 1050.953
---------------------------------------------------------------------------------
---------------------------------------------------------------------------------
Start Renaming Generated Nets
---------------------------------------------------------------------------------
---------------------------------------------------------------------------------
Finished Renaming Generated Nets : Time (s): cpu = 00:00:30 ; elapsed = 00:00:38 . Memory (MB): peak = 2631.469 ; gain = 1050.953
---------------------------------------------------------------------------------
---------------------------------------------------------------------------------
Start ROM, RAM, DSP, Shift Register and Retiming Reporting
---------------------------------------------------------------------------------

Static Shift Register Report:
+---------------+---------------------------------------------------------------------------------------------------------+--------+-------+--------------+--------------------+-------------------+--------+---------+
|Module Name    | RTL Name                                                                                                | Length | Width | Reset Signal | Pull out first Reg | Pull out last Reg | SRL16E | SRLC32E | 
+---------------+---------------------------------------------------------------------------------------------------------+--------+-------+--------------+--------------------+-------------------+--------+---------+
|divby13_stream | srem_32ns_5ns_5_36_1_U1/divby13_stream_srem_32ns_5ns_5_36_1_divider_u/loop[2].dividend_tmp_reg[3][31]   | 4      | 4     | NO           | NO                 | YES               | 4      | 0       | 
|divby13_stream | srem_32ns_5ns_5_36_1_U1/divby13_stream_srem_32ns_5ns_5_36_1_divider_u/loop[3].dividend_tmp_reg[4][31]   | 5      | 1     | NO           | NO                 | YES               | 1      | 0       | 
|divby13_stream | srem_32ns_5ns_5_36_1_U1/divby13_stream_srem_32ns_5ns_5_36_1_divider_u/loop[4].dividend_tmp_reg[5][31]   | 6      | 1     | NO           | NO                 | YES               | 1      | 0       | 
|divby13_stream | srem_32ns_5ns_5_36_1_U1/divby13_stream_srem_32ns_5ns_5_36_1_divider_u/loop[5].dividend_tmp_reg[6][31]   | 7      | 1     | NO           | NO                 | YES               | 1      | 0       | 
|divby13_stream | srem_32ns_5ns_5_36_1_U1/divby13_stream_srem_32ns_5ns_5_36_1_divider_u/loop[6].dividend_tmp_reg[7][31]   | 8      | 1     | NO           | NO                 | YES               | 1      | 0       | 
|divby13_stream | srem_32ns_5ns_5_36_1_U1/divby13_stream_srem_32ns_5ns_5_36_1_divider_u/loop[7].dividend_tmp_reg[8][31]   | 9      | 1     | NO           | NO                 | YES               | 1      | 0       | 
|divby13_stream | srem_32ns_5ns_5_36_1_U1/divby13_stream_srem_32ns_5ns_5_36_1_divider_u/loop[8].dividend_tmp_reg[9][31]   | 10     | 1     | NO           | NO                 | YES               | 1      | 0       | 
|divby13_stream | srem_32ns_5ns_5_36_1_U1/divby13_stream_srem_32ns_5ns_5_36_1_divider_u/loop[9].dividend_tmp_reg[10][31]  | 11     | 1     | NO           | NO                 | YES               | 1      | 0       | 
|divby13_stream | srem_32ns_5ns_5_36_1_U1/divby13_stream_srem_32ns_5ns_5_36_1_divider_u/loop[10].dividend_tmp_reg[11][31] | 12     | 1     | NO           | NO                 | YES               | 1      | 0       | 
|divby13_stream | srem_32ns_5ns_5_36_1_U1/divby13_stream_srem_32ns_5ns_5_36_1_divider_u/loop[11].dividend_tmp_reg[12][31] | 13     | 1     | NO           | NO                 | YES               | 1      | 0       | 
|divby13_stream | srem_32ns_5ns_5_36_1_U1/divby13_stream_srem_32ns_5ns_5_36_1_divider_u/loop[12].dividend_tmp_reg[13][31] | 14     | 1     | NO           | NO                 | YES               | 1      | 0       | 
|divby13_stream | srem_32ns_5ns_5_36_1_U1/divby13_stream_srem_32ns_5ns_5_36_1_divider_u/loop[13].dividend_tmp_reg[14][31] | 15     | 1     | NO           | NO                 | YES               | 1      | 0       | 
|divby13_stream | srem_32ns_5ns_5_36_1_U1/divby13_stream_srem_32ns_5ns_5_36_1_divider_u/loop[14].dividend_tmp_reg[15][31] | 16     | 1     | NO           | NO                 | YES               | 1      | 0       | 
|divby13_stream | srem_32ns_5ns_5_36_1_U1/divby13_stream_srem_32ns_5ns_5_36_1_divider_u/loop[15].dividend_tmp_reg[16][31] | 17     | 1     | NO           | NO                 | YES               | 1      | 0       | 
|divby13_stream | srem_32ns_5ns_5_36_1_U1/divby13_stream_srem_32ns_5ns_5_36_1_divider_u/loop[16].dividend_tmp_reg[17][31] | 18     | 1     | NO           | NO                 | YES               | 0      | 1       | 
|divby13_stream | srem_32ns_5ns_5_36_1_U1/divby13_stream_srem_32ns_5ns_5_36_1_divider_u/loop[17].dividend_tmp_reg[18][31] | 19     | 1     | NO           | NO                 | YES               | 0      | 1       | 
|divby13_stream | srem_32ns_5ns_5_36_1_U1/divby13_stream_srem_32ns_5ns_5_36_1_divider_u/loop[18].dividend_tmp_reg[19][31] | 20     | 1     | NO           | NO                 | YES               | 0      | 1       | 
|divby13_stream | srem_32ns_5ns_5_36_1_U1/divby13_stream_srem_32ns_5ns_5_36_1_divider_u/loop[19].dividend_tmp_reg[20][31] | 21     | 1     | NO           | NO                 | YES               | 0      | 1       | 
|divby13_stream | srem_32ns_5ns_5_36_1_U1/divby13_stream_srem_32ns_5ns_5_36_1_divider_u/loop[20].dividend_tmp_reg[21][31] | 22     | 1     | NO           | NO                 | YES               | 0      | 1       | 
|divby13_stream | srem_32ns_5ns_5_36_1_U1/divby13_stream_srem_32ns_5ns_5_36_1_divider_u/loop[21].dividend_tmp_reg[22][31] | 23     | 1     | NO           | NO                 | YES               | 0      | 1       | 
|divby13_stream | srem_32ns_5ns_5_36_1_U1/divby13_stream_srem_32ns_5ns_5_36_1_divider_u/loop[22].dividend_tmp_reg[23][31] | 24     | 1     | NO           | NO                 | YES               | 0      | 1       | 
|divby13_stream | srem_32ns_5ns_5_36_1_U1/divby13_stream_srem_32ns_5ns_5_36_1_divider_u/loop[23].dividend_tmp_reg[24][31] | 25     | 1     | NO           | NO                 | YES               | 0      | 1       | 
|divby13_stream | srem_32ns_5ns_5_36_1_U1/divby13_stream_srem_32ns_5ns_5_36_1_divider_u/loop[24].dividend_tmp_reg[25][31] | 26     | 1     | NO           | NO                 | YES               | 0      | 1       | 
|divby13_stream | srem_32ns_5ns_5_36_1_U1/divby13_stream_srem_32ns_5ns_5_36_1_divider_u/loop[25].dividend_tmp_reg[26][31] | 27     | 1     | NO           | NO                 | YES               | 0      | 1       | 
|divby13_stream | srem_32ns_5ns_5_36_1_U1/divby13_stream_srem_32ns_5ns_5_36_1_divider_u/loop[26].dividend_tmp_reg[27][31] | 28     | 1     | NO           | NO                 | YES               | 0      | 1       | 
|divby13_stream | srem_32ns_5ns_5_36_1_U1/divby13_stream_srem_32ns_5ns_5_36_1_divider_u/loop[27].dividend_tmp_reg[28][31] | 29     | 1     | NO           | NO                 | YES               | 0      | 1       | 
|divby13_stream | srem_32ns_5ns_5_36_1_U1/divby13_stream_srem_32ns_5ns_5_36_1_divider_u/loop[28].dividend_tmp_reg[29][31] | 30     | 1     | NO           | NO                 | YES               | 0      | 1       | 
|divby13_stream | srem_32ns_5ns_5_36_1_U1/divby13_stream_srem_32ns_5ns_5_36_1_divider_u/loop[29].dividend_tmp_reg[30][31] | 31     | 1     | NO           | NO                 | YES               | 0      | 1       | 
|divby13_stream | srem_32ns_5ns_5_36_1_U1/divby13_stream_srem_32ns_5ns_5_36_1_divider_u/loop[30].dividend_tmp_reg[31][31] | 32     | 1     | NO           | NO                 | YES               | 0      | 1       | 
|divby13_stream | srem_32ns_5ns_5_36_1_U1/divby13_stream_srem_32ns_5ns_5_36_1_divider_u/loop[31].sign_tmp_reg[32][0]      | 33     | 1     | NO           | NO                 | YES               | 0      | 1       | 
|divby13_stream | ap_loop_exit_ready_pp0_iter35_reg_reg                                                                   | 35     | 1     | NO           | NO                 | YES               | 0      | 2       | 
|divby13_stream | tmp_keep_reg_132_pp0_iter34_reg_reg[3]                                                                  | 35     | 4     | NO           | NO                 | YES               | 0      | 8       | 
|divby13_stream | tmp_strb_reg_137_pp0_iter34_reg_reg[3]                                                                  | 35     | 4     | NO           | NO                 | YES               | 0      | 8       | 
|divby13_stream | tmp_last_reg_142_pp0_iter34_reg_reg[0]                                                                  | 35     | 1     | NO           | NO                 | YES               | 0      | 2       | 
+---------------+---------------------------------------------------------------------------------------------------------+--------+-------+--------------+--------------------+-------------------+--------+---------+

---------------------------------------------------------------------------------
Finished ROM, RAM, DSP, Shift Register and Retiming Reporting
---------------------------------------------------------------------------------
---------------------------------------------------------------------------------
Start Writing Synthesis Report
---------------------------------------------------------------------------------

Report BlackBoxes: 
+-+--------------+----------+
| |BlackBox name |Instances |
+-+--------------+----------+
+-+--------------+----------+

Report Cell Usage: 
+------+--------+------+
|      |Cell    |Count |
+------+--------+------+
|1     |CARRY8  |    85|
|2     |LUT1    |   469|
|3     |LUT2    |    12|
|4     |LUT3    |   530|
|5     |LUT4    |    83|
|6     |LUT5    |    29|
|7     |LUT6    |    20|
|8     |SRL16E  |    17|
|9     |SRLC32E |    36|
|10    |FDRE    |   765|
|11    |FDSE    |     2|
+------+--------+------+
---------------------------------------------------------------------------------
Finished Writing Synthesis Report : Time (s): cpu = 00:00:30 ; elapsed = 00:00:38 . Memory (MB): peak = 2631.469 ; gain = 1050.953
---------------------------------------------------------------------------------
Synthesis finished with 0 errors, 0 critical warnings and 104 warnings.
Synthesis Optimization Runtime : Time (s): cpu = 00:00:22 ; elapsed = 00:00:33 . Memory (MB): peak = 2631.469 ; gain = 950.527
Synthesis Optimization Complete : Time (s): cpu = 00:00:31 ; elapsed = 00:00:39 . Memory (MB): peak = 2631.469 ; gain = 1050.953
INFO: [Project 1-571] Translating synthesized netlist
Netlist sorting complete. Time (s): cpu = 00:00:00 ; elapsed = 00:00:00.011 . Memory (MB): peak = 2631.469 ; gain = 0.000
INFO: [Netlist 29-17] Analyzing 85 Unisim elements for replacement
INFO: [Netlist 29-28] Unisim Transformation completed in 0 CPU seconds
INFO: [Project 1-570] Preparing netlist for logic optimization
INFO: [Opt 31-138] Pushed 0 inverter(s) to 0 load pin(s).
Netlist sorting complete. Time (s): cpu = 00:00:00 ; elapsed = 00:00:00 . Memory (MB): peak = 2631.469 ; gain = 0.000
INFO: [Project 1-111] Unisim Transformation Summary:
No Unisim elements were transformed.

Synth Design complete | Checksum: b98f28d6
INFO: [Common 17-83] Releasing license: Synthesis
49 Infos, 143 Warnings, 0 Critical Warnings and 0 Errors encountered.
synth_design completed successfully
synth_design: Time (s): cpu = 00:00:37 ; elapsed = 00:00:48 . Memory (MB): peak = 2631.469 ; gain = 1950.195
Write ShapeDB Complete: Time (s): cpu = 00:00:00 ; elapsed = 00:00:00.004 . Memory (MB): peak = 2631.469 ; gain = 0.000
INFO: [Common 17-1381] The checkpoint 'C:/GitRepos/EECE4632/HW4/Vivado/divby13_stream/divby13_stream.runs/divby13_stream_divby13_stream_0_2_synth_1/divby13_stream_divby13_stream_0_2.dcp' has been generated.
INFO: [Coretcl 2-1648] Added synthesis output to IP cache for IP divby13_stream_divby13_stream_0_2, cache-ID = 07a76f50f6f84b6f
INFO: [Coretcl 2-1174] Renamed 12 cell refs.
Write ShapeDB Complete: Time (s): cpu = 00:00:00 ; elapsed = 00:00:00.007 . Memory (MB): peak = 2631.469 ; gain = 0.000
INFO: [Common 17-1381] The checkpoint 'C:/GitRepos/EECE4632/HW4/Vivado/divby13_stream/divby13_stream.runs/divby13_stream_divby13_stream_0_2_synth_1/divby13_stream_divby13_stream_0_2.dcp' has been generated.
INFO: [Vivado 12-24828] Executing command : report_utilization -file divby13_stream_divby13_stream_0_2_utilization_synth.rpt -pb divby13_stream_divby13_stream_0_2_utilization_synth.pb
INFO: [Common 17-206] Exiting Vivado at Wed Feb  4 02:52:03 2026...
