
*** Running vivado
    with args -log dma_axis_ip_example_wrapper.vds -m64 -product Vivado -mode batch -messageDb vivado.pb -notrace -source dma_axis_ip_example_wrapper.tcl



****** Vivado v2024.1 (64-bit)
  **** SW Build 5076996 on Wed May 22 18:37:14 MDT 2024
  **** IP Build 5075265 on Wed May 22 21:45:21 MDT 2024
  **** SharedData Build 5076995 on Wed May 22 18:29:18 MDT 2024
  **** Start of session at: Mon Feb  2 15:37:55 2026
    ** Copyright 1986-2022 Xilinx, Inc. All Rights Reserved.
    ** Copyright 2022-2024 Advanced Micro Devices, Inc. All Rights Reserved.

source dma_axis_ip_example_wrapper.tcl -notrace
create_project: Time (s): cpu = 00:00:06 ; elapsed = 00:00:07 . Memory (MB): peak = 647.023 ; gain = 198.492
INFO: [IP_Flow 19-234] Refreshing IP repositories
INFO: [IP_Flow 19-1700] Loaded user IP repository 'c:/Users/tran.timo/Documents/ex'.
WARNING: [IP_Flow 19-3656] If you move the project, the path for repository 'c:/Users/tran.timo/Documents/ex' may become invalid. A better location for the repository would be in a path adjacent to the project. (Current project location is 'c:/Users/tran.timo/Documents/ex/vivado/project_1/project_1.runs/synth_1'.)
INFO: [IP_Flow 19-2313] Loaded Vivado IP repository 'C:/Xilinx/Vivado/2024.1/data/ip'.
Command: synth_design -top dma_axis_ip_example_wrapper -part xczu3eg-sfvc784-2-e
Starting synth_design
Attempting to get a license for feature 'Synthesis' and/or device 'xczu3eg'
INFO: [Common 17-349] Got license for feature 'Synthesis' and/or device 'xczu3eg'
INFO: [Device 21-403] Loading part xczu3eg-sfvc784-2-e
INFO: [Synth 8-7079] Multithreading enabled for synth_design using a maximum of 2 processes.
INFO: [Synth 8-7078] Launching helper process for spawning children vivado processes
INFO: [Synth 8-7075] Helper process launched with PID 16604
---------------------------------------------------------------------------------
Starting RTL Elaboration : Time (s): cpu = 00:00:04 ; elapsed = 00:00:05 . Memory (MB): peak = 2016.184 ; gain = 394.309
---------------------------------------------------------------------------------
INFO: [Synth 8-6157] synthesizing module 'dma_axis_ip_example_wrapper' [c:/Users/tran.timo/Documents/ex/vivado/project_1/project_1.gen/sources_1/bd/dma_axis_ip_example/hdl/dma_axis_ip_example_wrapper.v:13]
INFO: [Synth 8-6157] synthesizing module 'dma_axis_ip_example' [c:/Users/tran.timo/Documents/ex/vivado/project_1/project_1.gen/sources_1/bd/dma_axis_ip_example/synth/dma_axis_ip_example.v:13]
INFO: [Synth 8-6157] synthesizing module 'dma_axis_ip_example_axi_dma_0' [C:/Users/tran.timo/Documents/ex/vivado/project_1/project_1.runs/synth_1/.Xil/Vivado-5656-WFXB07B250A246E/realtime/dma_axis_ip_example_axi_dma_0_stub.v:6]
INFO: [Synth 8-6155] done synthesizing module 'dma_axis_ip_example_axi_dma_0' (0#1) [C:/Users/tran.timo/Documents/ex/vivado/project_1/project_1.runs/synth_1/.Xil/Vivado-5656-WFXB07B250A246E/realtime/dma_axis_ip_example_axi_dma_0_stub.v:6]
WARNING: [Synth 8-7071] port 'mm2s_prmry_reset_out_n' of module 'dma_axis_ip_example_axi_dma_0' is unconnected for instance 'axi_dma' [c:/Users/tran.timo/Documents/ex/vivado/project_1/project_1.gen/sources_1/bd/dma_axis_ip_example/synth/dma_axis_ip_example.v:161]
WARNING: [Synth 8-7071] port 's2mm_prmry_reset_out_n' of module 'dma_axis_ip_example_axi_dma_0' is unconnected for instance 'axi_dma' [c:/Users/tran.timo/Documents/ex/vivado/project_1/project_1.gen/sources_1/bd/dma_axis_ip_example/synth/dma_axis_ip_example.v:161]
WARNING: [Synth 8-7071] port 'mm2s_introut' of module 'dma_axis_ip_example_axi_dma_0' is unconnected for instance 'axi_dma' [c:/Users/tran.timo/Documents/ex/vivado/project_1/project_1.gen/sources_1/bd/dma_axis_ip_example/synth/dma_axis_ip_example.v:161]
WARNING: [Synth 8-7071] port 's2mm_introut' of module 'dma_axis_ip_example_axi_dma_0' is unconnected for instance 'axi_dma' [c:/Users/tran.timo/Documents/ex/vivado/project_1/project_1.gen/sources_1/bd/dma_axis_ip_example/synth/dma_axis_ip_example.v:161]
WARNING: [Synth 8-7071] port 'axi_dma_tstvec' of module 'dma_axis_ip_example_axi_dma_0' is unconnected for instance 'axi_dma' [c:/Users/tran.timo/Documents/ex/vivado/project_1/project_1.gen/sources_1/bd/dma_axis_ip_example/synth/dma_axis_ip_example.v:161]
WARNING: [Synth 8-7023] instance 'axi_dma' of module 'dma_axis_ip_example_axi_dma_0' has 64 connections declared, but only 59 given [c:/Users/tran.timo/Documents/ex/vivado/project_1/project_1.gen/sources_1/bd/dma_axis_ip_example/synth/dma_axis_ip_example.v:161]
INFO: [Synth 8-6157] synthesizing module 'dma_axis_ip_example_axi_mem_intercon_0' [c:/Users/tran.timo/Documents/ex/vivado/project_1/project_1.gen/sources_1/bd/dma_axis_ip_example/synth/dma_axis_ip_example.v:525]
INFO: [Synth 8-6157] synthesizing module 's00_couplers_imp_1I4LYQ' [c:/Users/tran.timo/Documents/ex/vivado/project_1/project_1.gen/sources_1/bd/dma_axis_ip_example/synth/dma_axis_ip_example.v:1676]
INFO: [Synth 8-6157] synthesizing module 'dma_axis_ip_example_auto_us_0' [C:/Users/tran.timo/Documents/ex/vivado/project_1/project_1.runs/synth_1/.Xil/Vivado-5656-WFXB07B250A246E/realtime/dma_axis_ip_example_auto_us_0_stub.v:6]
INFO: [Synth 8-6155] done synthesizing module 'dma_axis_ip_example_auto_us_0' (0#1) [C:/Users/tran.timo/Documents/ex/vivado/project_1/project_1.runs/synth_1/.Xil/Vivado-5656-WFXB07B250A246E/realtime/dma_axis_ip_example_auto_us_0_stub.v:6]
WARNING: [Synth 8-7071] port 'm_axi_awregion' of module 'dma_axis_ip_example_auto_us_0' is unconnected for instance 'auto_us' [c:/Users/tran.timo/Documents/ex/vivado/project_1/project_1.gen/sources_1/bd/dma_axis_ip_example/synth/dma_axis_ip_example.v:1827]
WARNING: [Synth 8-7023] instance 'auto_us' of module 'dma_axis_ip_example_auto_us_0' has 40 connections declared, but only 39 given [c:/Users/tran.timo/Documents/ex/vivado/project_1/project_1.gen/sources_1/bd/dma_axis_ip_example/synth/dma_axis_ip_example.v:1827]
INFO: [Synth 8-6155] done synthesizing module 's00_couplers_imp_1I4LYQ' (0#1) [c:/Users/tran.timo/Documents/ex/vivado/project_1/project_1.gen/sources_1/bd/dma_axis_ip_example/synth/dma_axis_ip_example.v:1676]
INFO: [Synth 8-6155] done synthesizing module 'dma_axis_ip_example_axi_mem_intercon_0' (0#1) [c:/Users/tran.timo/Documents/ex/vivado/project_1/project_1.gen/sources_1/bd/dma_axis_ip_example/synth/dma_axis_ip_example.v:525]
INFO: [Synth 8-6157] synthesizing module 'dma_axis_ip_example_axi_mem_intercon_1_0' [c:/Users/tran.timo/Documents/ex/vivado/project_1/project_1.gen/sources_1/bd/dma_axis_ip_example/synth/dma_axis_ip_example.v:725]
INFO: [Synth 8-6157] synthesizing module 's00_couplers_imp_AEAWSB' [c:/Users/tran.timo/Documents/ex/vivado/project_1/project_1.gen/sources_1/bd/dma_axis_ip_example/synth/dma_axis_ip_example.v:1869]
INFO: [Synth 8-6155] done synthesizing module 's00_couplers_imp_AEAWSB' (0#1) [c:/Users/tran.timo/Documents/ex/vivado/project_1/project_1.gen/sources_1/bd/dma_axis_ip_example/synth/dma_axis_ip_example.v:1869]
INFO: [Synth 8-6155] done synthesizing module 'dma_axis_ip_example_axi_mem_intercon_1_0' (0#1) [c:/Users/tran.timo/Documents/ex/vivado/project_1/project_1.gen/sources_1/bd/dma_axis_ip_example/synth/dma_axis_ip_example.v:725]
INFO: [Synth 8-6157] synthesizing module 'dma_axis_ip_example_example_0_0' [C:/Users/tran.timo/Documents/ex/vivado/project_1/project_1.runs/synth_1/.Xil/Vivado-5656-WFXB07B250A246E/realtime/dma_axis_ip_example_example_0_0_stub.v:6]
INFO: [Synth 8-6155] done synthesizing module 'dma_axis_ip_example_example_0_0' (0#1) [C:/Users/tran.timo/Documents/ex/vivado/project_1/project_1.runs/synth_1/.Xil/Vivado-5656-WFXB07B250A246E/realtime/dma_axis_ip_example_example_0_0_stub.v:6]
WARNING: [Synth 8-7071] port 'interrupt' of module 'dma_axis_ip_example_example_0_0' is unconnected for instance 'example_0' [c:/Users/tran.timo/Documents/ex/vivado/project_1/project_1.gen/sources_1/bd/dma_axis_ip_example/synth/dma_axis_ip_example.v:295]
WARNING: [Synth 8-7071] port 'B_TDEST' of module 'dma_axis_ip_example_example_0_0' is unconnected for instance 'example_0' [c:/Users/tran.timo/Documents/ex/vivado/project_1/project_1.gen/sources_1/bd/dma_axis_ip_example/synth/dma_axis_ip_example.v:295]
WARNING: [Synth 8-7071] port 'B_TID' of module 'dma_axis_ip_example_example_0_0' is unconnected for instance 'example_0' [c:/Users/tran.timo/Documents/ex/vivado/project_1/project_1.gen/sources_1/bd/dma_axis_ip_example/synth/dma_axis_ip_example.v:295]
WARNING: [Synth 8-7071] port 'B_TSTRB' of module 'dma_axis_ip_example_example_0_0' is unconnected for instance 'example_0' [c:/Users/tran.timo/Documents/ex/vivado/project_1/project_1.gen/sources_1/bd/dma_axis_ip_example/synth/dma_axis_ip_example.v:295]
WARNING: [Synth 8-7071] port 'B_TUSER' of module 'dma_axis_ip_example_example_0_0' is unconnected for instance 'example_0' [c:/Users/tran.timo/Documents/ex/vivado/project_1/project_1.gen/sources_1/bd/dma_axis_ip_example/synth/dma_axis_ip_example.v:295]
WARNING: [Synth 8-7023] instance 'example_0' of module 'dma_axis_ip_example_example_0_0' has 38 connections declared, but only 33 given [c:/Users/tran.timo/Documents/ex/vivado/project_1/project_1.gen/sources_1/bd/dma_axis_ip_example/synth/dma_axis_ip_example.v:295]
INFO: [Synth 8-6157] synthesizing module 'dma_axis_ip_example_ps7_0_axi_periph_0' [c:/Users/tran.timo/Documents/ex/vivado/project_1/project_1.gen/sources_1/bd/dma_axis_ip_example/synth/dma_axis_ip_example.v:885]
INFO: [Synth 8-6157] synthesizing module 'm00_couplers_imp_1JVAPJJ' [c:/Users/tran.timo/Documents/ex/vivado/project_1/project_1.gen/sources_1/bd/dma_axis_ip_example/synth/dma_axis_ip_example.v:1419]
INFO: [Synth 8-6155] done synthesizing module 'm00_couplers_imp_1JVAPJJ' (0#1) [c:/Users/tran.timo/Documents/ex/vivado/project_1/project_1.gen/sources_1/bd/dma_axis_ip_example/synth/dma_axis_ip_example.v:1419]
INFO: [Synth 8-6157] synthesizing module 'm01_couplers_imp_1B9OXD7' [c:/Users/tran.timo/Documents/ex/vivado/project_1/project_1.gen/sources_1/bd/dma_axis_ip_example/synth/dma_axis_ip_example.v:1544]
INFO: [Synth 8-6155] done synthesizing module 'm01_couplers_imp_1B9OXD7' (0#1) [c:/Users/tran.timo/Documents/ex/vivado/project_1/project_1.gen/sources_1/bd/dma_axis_ip_example/synth/dma_axis_ip_example.v:1544]
INFO: [Synth 8-6157] synthesizing module 's00_couplers_imp_WTLA5T' [c:/Users/tran.timo/Documents/ex/vivado/project_1/project_1.gen/sources_1/bd/dma_axis_ip_example/synth/dma_axis_ip_example.v:1973]
INFO: [Synth 8-6157] synthesizing module 'dma_axis_ip_example_auto_ds_0' [C:/Users/tran.timo/Documents/ex/vivado/project_1/project_1.runs/synth_1/.Xil/Vivado-5656-WFXB07B250A246E/realtime/dma_axis_ip_example_auto_ds_0_stub.v:6]
INFO: [Synth 8-6155] done synthesizing module 'dma_axis_ip_example_auto_ds_0' (0#1) [C:/Users/tran.timo/Documents/ex/vivado/project_1/project_1.runs/synth_1/.Xil/Vivado-5656-WFXB07B250A246E/realtime/dma_axis_ip_example_auto_ds_0_stub.v:6]
INFO: [Synth 8-6157] synthesizing module 'dma_axis_ip_example_auto_pc_0' [C:/Users/tran.timo/Documents/ex/vivado/project_1/project_1.runs/synth_1/.Xil/Vivado-5656-WFXB07B250A246E/realtime/dma_axis_ip_example_auto_pc_0_stub.v:6]
INFO: [Synth 8-6155] done synthesizing module 'dma_axis_ip_example_auto_pc_0' (0#1) [C:/Users/tran.timo/Documents/ex/vivado/project_1/project_1.runs/synth_1/.Xil/Vivado-5656-WFXB07B250A246E/realtime/dma_axis_ip_example_auto_pc_0_stub.v:6]
INFO: [Synth 8-6155] done synthesizing module 's00_couplers_imp_WTLA5T' (0#1) [c:/Users/tran.timo/Documents/ex/vivado/project_1/project_1.gen/sources_1/bd/dma_axis_ip_example/synth/dma_axis_ip_example.v:1973]
INFO: [Synth 8-6157] synthesizing module 'dma_axis_ip_example_xbar_0' [C:/Users/tran.timo/Documents/ex/vivado/project_1/project_1.runs/synth_1/.Xil/Vivado-5656-WFXB07B250A246E/realtime/dma_axis_ip_example_xbar_0_stub.v:6]
INFO: [Synth 8-6155] done synthesizing module 'dma_axis_ip_example_xbar_0' (0#1) [C:/Users/tran.timo/Documents/ex/vivado/project_1/project_1.runs/synth_1/.Xil/Vivado-5656-WFXB07B250A246E/realtime/dma_axis_ip_example_xbar_0_stub.v:6]
WARNING: [Synth 8-7071] port 'm_axi_awprot' of module 'dma_axis_ip_example_xbar_0' is unconnected for instance 'xbar' [c:/Users/tran.timo/Documents/ex/vivado/project_1/project_1.gen/sources_1/bd/dma_axis_ip_example/synth/dma_axis_ip_example.v:1378]
WARNING: [Synth 8-7071] port 'm_axi_arprot' of module 'dma_axis_ip_example_xbar_0' is unconnected for instance 'xbar' [c:/Users/tran.timo/Documents/ex/vivado/project_1/project_1.gen/sources_1/bd/dma_axis_ip_example/synth/dma_axis_ip_example.v:1378]
WARNING: [Synth 8-7023] instance 'xbar' of module 'dma_axis_ip_example_xbar_0' has 40 connections declared, but only 38 given [c:/Users/tran.timo/Documents/ex/vivado/project_1/project_1.gen/sources_1/bd/dma_axis_ip_example/synth/dma_axis_ip_example.v:1378]
INFO: [Synth 8-6155] done synthesizing module 'dma_axis_ip_example_ps7_0_axi_periph_0' (0#1) [c:/Users/tran.timo/Documents/ex/vivado/project_1/project_1.gen/sources_1/bd/dma_axis_ip_example/synth/dma_axis_ip_example.v:885]
INFO: [Synth 8-6157] synthesizing module 'dma_axis_ip_example_rst_ps7_0_100M_0' [C:/Users/tran.timo/Documents/ex/vivado/project_1/project_1.runs/synth_1/.Xil/Vivado-5656-WFXB07B250A246E/realtime/dma_axis_ip_example_rst_ps7_0_100M_0_stub.v:6]
INFO: [Synth 8-6155] done synthesizing module 'dma_axis_ip_example_rst_ps7_0_100M_0' (0#1) [C:/Users/tran.timo/Documents/ex/vivado/project_1/project_1.runs/synth_1/.Xil/Vivado-5656-WFXB07B250A246E/realtime/dma_axis_ip_example_rst_ps7_0_100M_0_stub.v:6]
WARNING: [Synth 8-7071] port 'mb_reset' of module 'dma_axis_ip_example_rst_ps7_0_100M_0' is unconnected for instance 'rst_ps7_0_100M' [c:/Users/tran.timo/Documents/ex/vivado/project_1/project_1.gen/sources_1/bd/dma_axis_ip_example/synth/dma_axis_ip_example.v:408]
WARNING: [Synth 8-7071] port 'bus_struct_reset' of module 'dma_axis_ip_example_rst_ps7_0_100M_0' is unconnected for instance 'rst_ps7_0_100M' [c:/Users/tran.timo/Documents/ex/vivado/project_1/project_1.gen/sources_1/bd/dma_axis_ip_example/synth/dma_axis_ip_example.v:408]
WARNING: [Synth 8-7071] port 'peripheral_reset' of module 'dma_axis_ip_example_rst_ps7_0_100M_0' is unconnected for instance 'rst_ps7_0_100M' [c:/Users/tran.timo/Documents/ex/vivado/project_1/project_1.gen/sources_1/bd/dma_axis_ip_example/synth/dma_axis_ip_example.v:408]
WARNING: [Synth 8-7071] port 'interconnect_aresetn' of module 'dma_axis_ip_example_rst_ps7_0_100M_0' is unconnected for instance 'rst_ps7_0_100M' [c:/Users/tran.timo/Documents/ex/vivado/project_1/project_1.gen/sources_1/bd/dma_axis_ip_example/synth/dma_axis_ip_example.v:408]
WARNING: [Synth 8-7023] instance 'rst_ps7_0_100M' of module 'dma_axis_ip_example_rst_ps7_0_100M_0' has 10 connections declared, but only 6 given [c:/Users/tran.timo/Documents/ex/vivado/project_1/project_1.gen/sources_1/bd/dma_axis_ip_example/synth/dma_axis_ip_example.v:408]
INFO: [Synth 8-6157] synthesizing module 'dma_axis_ip_example_zynq_ultra_ps_e_0_0' [C:/Users/tran.timo/Documents/ex/vivado/project_1/project_1.runs/synth_1/.Xil/Vivado-5656-WFXB07B250A246E/realtime/dma_axis_ip_example_zynq_ultra_ps_e_0_0_stub.v:6]
INFO: [Synth 8-6155] done synthesizing module 'dma_axis_ip_example_zynq_ultra_ps_e_0_0' (0#1) [C:/Users/tran.timo/Documents/ex/vivado/project_1/project_1.runs/synth_1/.Xil/Vivado-5656-WFXB07B250A246E/realtime/dma_axis_ip_example_zynq_ultra_ps_e_0_0_stub.v:6]
WARNING: [Synth 8-7071] port 'maxigp0_awuser' of module 'dma_axis_ip_example_zynq_ultra_ps_e_0_0' is unconnected for instance 'zynq_ultra_ps_e_0' [c:/Users/tran.timo/Documents/ex/vivado/project_1/project_1.gen/sources_1/bd/dma_axis_ip_example/synth/dma_axis_ip_example.v:415]
WARNING: [Synth 8-7071] port 'maxigp0_aruser' of module 'dma_axis_ip_example_zynq_ultra_ps_e_0_0' is unconnected for instance 'zynq_ultra_ps_e_0' [c:/Users/tran.timo/Documents/ex/vivado/project_1/project_1.gen/sources_1/bd/dma_axis_ip_example/synth/dma_axis_ip_example.v:415]
WARNING: [Synth 8-7071] port 'saxigp2_bid' of module 'dma_axis_ip_example_zynq_ultra_ps_e_0_0' is unconnected for instance 'zynq_ultra_ps_e_0' [c:/Users/tran.timo/Documents/ex/vivado/project_1/project_1.gen/sources_1/bd/dma_axis_ip_example/synth/dma_axis_ip_example.v:415]
WARNING: [Synth 8-7071] port 'saxigp2_arready' of module 'dma_axis_ip_example_zynq_ultra_ps_e_0_0' is unconnected for instance 'zynq_ultra_ps_e_0' [c:/Users/tran.timo/Documents/ex/vivado/project_1/project_1.gen/sources_1/bd/dma_axis_ip_example/synth/dma_axis_ip_example.v:415]
WARNING: [Synth 8-7071] port 'saxigp2_rid' of module 'dma_axis_ip_example_zynq_ultra_ps_e_0_0' is unconnected for instance 'zynq_ultra_ps_e_0' [c:/Users/tran.timo/Documents/ex/vivado/project_1/project_1.gen/sources_1/bd/dma_axis_ip_example/synth/dma_axis_ip_example.v:415]
WARNING: [Synth 8-7071] port 'saxigp2_rdata' of module 'dma_axis_ip_example_zynq_ultra_ps_e_0_0' is unconnected for instance 'zynq_ultra_ps_e_0' [c:/Users/tran.timo/Documents/ex/vivado/project_1/project_1.gen/sources_1/bd/dma_axis_ip_example/synth/dma_axis_ip_example.v:415]
WARNING: [Synth 8-7071] port 'saxigp2_rresp' of module 'dma_axis_ip_example_zynq_ultra_ps_e_0_0' is unconnected for instance 'zynq_ultra_ps_e_0' [c:/Users/tran.timo/Documents/ex/vivado/project_1/project_1.gen/sources_1/bd/dma_axis_ip_example/synth/dma_axis_ip_example.v:415]
WARNING: [Synth 8-7071] port 'saxigp2_rlast' of module 'dma_axis_ip_example_zynq_ultra_ps_e_0_0' is unconnected for instance 'zynq_ultra_ps_e_0' [c:/Users/tran.timo/Documents/ex/vivado/project_1/project_1.gen/sources_1/bd/dma_axis_ip_example/synth/dma_axis_ip_example.v:415]
WARNING: [Synth 8-7071] port 'saxigp2_rvalid' of module 'dma_axis_ip_example_zynq_ultra_ps_e_0_0' is unconnected for instance 'zynq_ultra_ps_e_0' [c:/Users/tran.timo/Documents/ex/vivado/project_1/project_1.gen/sources_1/bd/dma_axis_ip_example/synth/dma_axis_ip_example.v:415]
WARNING: [Synth 8-7071] port 'saxigp4_awready' of module 'dma_axis_ip_example_zynq_ultra_ps_e_0_0' is unconnected for instance 'zynq_ultra_ps_e_0' [c:/Users/tran.timo/Documents/ex/vivado/project_1/project_1.gen/sources_1/bd/dma_axis_ip_example/synth/dma_axis_ip_example.v:415]
WARNING: [Synth 8-7071] port 'saxigp4_wready' of module 'dma_axis_ip_example_zynq_ultra_ps_e_0_0' is unconnected for instance 'zynq_ultra_ps_e_0' [c:/Users/tran.timo/Documents/ex/vivado/project_1/project_1.gen/sources_1/bd/dma_axis_ip_example/synth/dma_axis_ip_example.v:415]
WARNING: [Synth 8-7071] port 'saxigp4_bid' of module 'dma_axis_ip_example_zynq_ultra_ps_e_0_0' is unconnected for instance 'zynq_ultra_ps_e_0' [c:/Users/tran.timo/Documents/ex/vivado/project_1/project_1.gen/sources_1/bd/dma_axis_ip_example/synth/dma_axis_ip_example.v:415]
WARNING: [Synth 8-7071] port 'saxigp4_bresp' of module 'dma_axis_ip_example_zynq_ultra_ps_e_0_0' is unconnected for instance 'zynq_ultra_ps_e_0' [c:/Users/tran.timo/Documents/ex/vivado/project_1/project_1.gen/sources_1/bd/dma_axis_ip_example/synth/dma_axis_ip_example.v:415]
WARNING: [Synth 8-7071] port 'saxigp4_bvalid' of module 'dma_axis_ip_example_zynq_ultra_ps_e_0_0' is unconnected for instance 'zynq_ultra_ps_e_0' [c:/Users/tran.timo/Documents/ex/vivado/project_1/project_1.gen/sources_1/bd/dma_axis_ip_example/synth/dma_axis_ip_example.v:415]
WARNING: [Synth 8-7071] port 'saxigp4_rid' of module 'dma_axis_ip_example_zynq_ultra_ps_e_0_0' is unconnected for instance 'zynq_ultra_ps_e_0' [c:/Users/tran.timo/Documents/ex/vivado/project_1/project_1.gen/sources_1/bd/dma_axis_ip_example/synth/dma_axis_ip_example.v:415]
WARNING: [Synth 8-7023] instance 'zynq_ultra_ps_e_0' of module 'dma_axis_ip_example_zynq_ultra_ps_e_0_0' has 122 connections declared, but only 107 given [c:/Users/tran.timo/Documents/ex/vivado/project_1/project_1.gen/sources_1/bd/dma_axis_ip_example/synth/dma_axis_ip_example.v:415]
INFO: [Synth 8-6155] done synthesizing module 'dma_axis_ip_example' (0#1) [c:/Users/tran.timo/Documents/ex/vivado/project_1/project_1.gen/sources_1/bd/dma_axis_ip_example/synth/dma_axis_ip_example.v:13]
INFO: [Synth 8-6155] done synthesizing module 'dma_axis_ip_example_wrapper' (0#1) [c:/Users/tran.timo/Documents/ex/vivado/project_1/project_1.gen/sources_1/bd/dma_axis_ip_example/hdl/dma_axis_ip_example_wrapper.v:13]
WARNING: [Synth 8-7129] Port M_ACLK in module s00_couplers_imp_WTLA5T is either unconnected or has no load
WARNING: [Synth 8-7129] Port M_ARESETN in module s00_couplers_imp_WTLA5T is either unconnected or has no load
WARNING: [Synth 8-7129] Port M_ACLK in module m01_couplers_imp_1B9OXD7 is either unconnected or has no load
WARNING: [Synth 8-7129] Port M_ARESETN in module m01_couplers_imp_1B9OXD7 is either unconnected or has no load
WARNING: [Synth 8-7129] Port S_ACLK in module m01_couplers_imp_1B9OXD7 is either unconnected or has no load
WARNING: [Synth 8-7129] Port S_ARESETN in module m01_couplers_imp_1B9OXD7 is either unconnected or has no load
WARNING: [Synth 8-7129] Port M_ACLK in module m00_couplers_imp_1JVAPJJ is either unconnected or has no load
WARNING: [Synth 8-7129] Port M_ARESETN in module m00_couplers_imp_1JVAPJJ is either unconnected or has no load
WARNING: [Synth 8-7129] Port S_ACLK in module m00_couplers_imp_1JVAPJJ is either unconnected or has no load
WARNING: [Synth 8-7129] Port S_ARESETN in module m00_couplers_imp_1JVAPJJ is either unconnected or has no load
WARNING: [Synth 8-7129] Port M00_ACLK in module dma_axis_ip_example_ps7_0_axi_periph_0 is either unconnected or has no load
WARNING: [Synth 8-7129] Port M00_ARESETN in module dma_axis_ip_example_ps7_0_axi_periph_0 is either unconnected or has no load
WARNING: [Synth 8-7129] Port M01_ACLK in module dma_axis_ip_example_ps7_0_axi_periph_0 is either unconnected or has no load
WARNING: [Synth 8-7129] Port M01_ARESETN in module dma_axis_ip_example_ps7_0_axi_periph_0 is either unconnected or has no load
WARNING: [Synth 8-7129] Port S00_ACLK in module dma_axis_ip_example_ps7_0_axi_periph_0 is either unconnected or has no load
WARNING: [Synth 8-7129] Port S00_ARESETN in module dma_axis_ip_example_ps7_0_axi_periph_0 is either unconnected or has no load
WARNING: [Synth 8-7129] Port M_ACLK in module s00_couplers_imp_AEAWSB is either unconnected or has no load
WARNING: [Synth 8-7129] Port M_ARESETN in module s00_couplers_imp_AEAWSB is either unconnected or has no load
WARNING: [Synth 8-7129] Port S_ACLK in module s00_couplers_imp_AEAWSB is either unconnected or has no load
WARNING: [Synth 8-7129] Port S_ARESETN in module s00_couplers_imp_AEAWSB is either unconnected or has no load
WARNING: [Synth 8-7129] Port ACLK in module dma_axis_ip_example_axi_mem_intercon_1_0 is either unconnected or has no load
WARNING: [Synth 8-7129] Port ARESETN in module dma_axis_ip_example_axi_mem_intercon_1_0 is either unconnected or has no load
WARNING: [Synth 8-7129] Port M_ACLK in module s00_couplers_imp_1I4LYQ is either unconnected or has no load
WARNING: [Synth 8-7129] Port M_ARESETN in module s00_couplers_imp_1I4LYQ is either unconnected or has no load
WARNING: [Synth 8-7129] Port ACLK in module dma_axis_ip_example_axi_mem_intercon_0 is either unconnected or has no load
WARNING: [Synth 8-7129] Port ARESETN in module dma_axis_ip_example_axi_mem_intercon_0 is either unconnected or has no load
---------------------------------------------------------------------------------
Finished RTL Elaboration : Time (s): cpu = 00:00:06 ; elapsed = 00:00:06 . Memory (MB): peak = 2135.492 ; gain = 513.617
---------------------------------------------------------------------------------
---------------------------------------------------------------------------------
Start Handling Custom Attributes
---------------------------------------------------------------------------------
---------------------------------------------------------------------------------
Finished Handling Custom Attributes : Time (s): cpu = 00:00:06 ; elapsed = 00:00:06 . Memory (MB): peak = 2135.492 ; gain = 513.617
---------------------------------------------------------------------------------
---------------------------------------------------------------------------------
Finished RTL Optimization Phase 1 : Time (s): cpu = 00:00:06 ; elapsed = 00:00:06 . Memory (MB): peak = 2135.492 ; gain = 513.617
---------------------------------------------------------------------------------
Netlist sorting complete. Time (s): cpu = 00:00:00 ; elapsed = 00:00:00.020 . Memory (MB): peak = 2135.492 ; gain = 0.000
INFO: [Project 1-570] Preparing netlist for logic optimization

Processing XDC Constraints
Initializing timing engine
Parsing XDC File [c:/Users/tran.timo/Documents/ex/vivado/project_1/project_1.gen/sources_1/bd/dma_axis_ip_example/ip/dma_axis_ip_example_axi_dma_0/dma_axis_ip_example_axi_dma_0/dma_axis_ip_example_axi_dma_0_in_context.xdc] for cell 'dma_axis_ip_example_i/axi_dma'
Finished Parsing XDC File [c:/Users/tran.timo/Documents/ex/vivado/project_1/project_1.gen/sources_1/bd/dma_axis_ip_example/ip/dma_axis_ip_example_axi_dma_0/dma_axis_ip_example_axi_dma_0/dma_axis_ip_example_axi_dma_0_in_context.xdc] for cell 'dma_axis_ip_example_i/axi_dma'
Parsing XDC File [c:/Users/tran.timo/Documents/ex/vivado/project_1/project_1.gen/sources_1/bd/dma_axis_ip_example/ip/dma_axis_ip_example_auto_us_0/dma_axis_ip_example_auto_us_0/dma_axis_ip_example_auto_us_0_in_context.xdc] for cell 'dma_axis_ip_example_i/axi_mem_intercon/s00_couplers/auto_us'
Finished Parsing XDC File [c:/Users/tran.timo/Documents/ex/vivado/project_1/project_1.gen/sources_1/bd/dma_axis_ip_example/ip/dma_axis_ip_example_auto_us_0/dma_axis_ip_example_auto_us_0/dma_axis_ip_example_auto_us_0_in_context.xdc] for cell 'dma_axis_ip_example_i/axi_mem_intercon/s00_couplers/auto_us'
Parsing XDC File [c:/Users/tran.timo/Documents/ex/vivado/project_1/project_1.gen/sources_1/bd/dma_axis_ip_example/ip/dma_axis_ip_example_zynq_ultra_ps_e_0_0/dma_axis_ip_example_zynq_ultra_ps_e_0_0/dma_axis_ip_example_zynq_ultra_ps_e_0_0_in_context.xdc] for cell 'dma_axis_ip_example_i/zynq_ultra_ps_e_0'
Finished Parsing XDC File [c:/Users/tran.timo/Documents/ex/vivado/project_1/project_1.gen/sources_1/bd/dma_axis_ip_example/ip/dma_axis_ip_example_zynq_ultra_ps_e_0_0/dma_axis_ip_example_zynq_ultra_ps_e_0_0/dma_axis_ip_example_zynq_ultra_ps_e_0_0_in_context.xdc] for cell 'dma_axis_ip_example_i/zynq_ultra_ps_e_0'
Parsing XDC File [c:/Users/tran.timo/Documents/ex/vivado/project_1/project_1.gen/sources_1/bd/dma_axis_ip_example/ip/dma_axis_ip_example_xbar_0/dma_axis_ip_example_xbar_0/dma_axis_ip_example_xbar_0_in_context.xdc] for cell 'dma_axis_ip_example_i/ps7_0_axi_periph/xbar'
Finished Parsing XDC File [c:/Users/tran.timo/Documents/ex/vivado/project_1/project_1.gen/sources_1/bd/dma_axis_ip_example/ip/dma_axis_ip_example_xbar_0/dma_axis_ip_example_xbar_0/dma_axis_ip_example_xbar_0_in_context.xdc] for cell 'dma_axis_ip_example_i/ps7_0_axi_periph/xbar'
Parsing XDC File [c:/Users/tran.timo/Documents/ex/vivado/project_1/project_1.gen/sources_1/bd/dma_axis_ip_example/ip/dma_axis_ip_example_auto_ds_0/dma_axis_ip_example_auto_ds_0/dma_axis_ip_example_auto_ds_0_in_context.xdc] for cell 'dma_axis_ip_example_i/ps7_0_axi_periph/s00_couplers/auto_ds'
Finished Parsing XDC File [c:/Users/tran.timo/Documents/ex/vivado/project_1/project_1.gen/sources_1/bd/dma_axis_ip_example/ip/dma_axis_ip_example_auto_ds_0/dma_axis_ip_example_auto_ds_0/dma_axis_ip_example_auto_ds_0_in_context.xdc] for cell 'dma_axis_ip_example_i/ps7_0_axi_periph/s00_couplers/auto_ds'
Parsing XDC File [c:/Users/tran.timo/Documents/ex/vivado/project_1/project_1.gen/sources_1/bd/dma_axis_ip_example/ip/dma_axis_ip_example_auto_pc_0/dma_axis_ip_example_auto_pc_0/dma_axis_ip_example_auto_pc_0_in_context.xdc] for cell 'dma_axis_ip_example_i/ps7_0_axi_periph/s00_couplers/auto_pc'
Finished Parsing XDC File [c:/Users/tran.timo/Documents/ex/vivado/project_1/project_1.gen/sources_1/bd/dma_axis_ip_example/ip/dma_axis_ip_example_auto_pc_0/dma_axis_ip_example_auto_pc_0/dma_axis_ip_example_auto_pc_0_in_context.xdc] for cell 'dma_axis_ip_example_i/ps7_0_axi_periph/s00_couplers/auto_pc'
Parsing XDC File [c:/Users/tran.timo/Documents/ex/vivado/project_1/project_1.gen/sources_1/bd/dma_axis_ip_example/ip/dma_axis_ip_example_rst_ps7_0_100M_0/dma_axis_ip_example_rst_ps7_0_100M_0/dma_axis_ip_example_rst_ps7_0_100M_0_in_context.xdc] for cell 'dma_axis_ip_example_i/rst_ps7_0_100M'
Finished Parsing XDC File [c:/Users/tran.timo/Documents/ex/vivado/project_1/project_1.gen/sources_1/bd/dma_axis_ip_example/ip/dma_axis_ip_example_rst_ps7_0_100M_0/dma_axis_ip_example_rst_ps7_0_100M_0/dma_axis_ip_example_rst_ps7_0_100M_0_in_context.xdc] for cell 'dma_axis_ip_example_i/rst_ps7_0_100M'
Parsing XDC File [c:/Users/tran.timo/Documents/ex/vivado/project_1/project_1.gen/sources_1/bd/dma_axis_ip_example/ip/dma_axis_ip_example_example_0_0/dma_axis_ip_example_example_0_0/dma_axis_ip_example_example_0_0_in_context.xdc] for cell 'dma_axis_ip_example_i/example_0'
Finished Parsing XDC File [c:/Users/tran.timo/Documents/ex/vivado/project_1/project_1.gen/sources_1/bd/dma_axis_ip_example/ip/dma_axis_ip_example_example_0_0/dma_axis_ip_example_example_0_0/dma_axis_ip_example_example_0_0_in_context.xdc] for cell 'dma_axis_ip_example_i/example_0'
Parsing XDC File [C:/Users/tran.timo/Documents/ex/vivado/project_1/project_1.runs/synth_1/dont_touch.xdc]
Finished Parsing XDC File [C:/Users/tran.timo/Documents/ex/vivado/project_1/project_1.runs/synth_1/dont_touch.xdc]
Completed Processing XDC Constraints

Netlist sorting complete. Time (s): cpu = 00:00:00 ; elapsed = 00:00:00 . Memory (MB): peak = 2135.492 ; gain = 0.000
INFO: [Project 1-111] Unisim Transformation Summary:
No Unisim elements were transformed.

Constraint Validation Runtime : Time (s): cpu = 00:00:00 ; elapsed = 00:00:00.006 . Memory (MB): peak = 2135.492 ; gain = 0.000
---------------------------------------------------------------------------------
Finished Constraint Validation : Time (s): cpu = 00:00:17 ; elapsed = 00:00:18 . Memory (MB): peak = 2135.492 ; gain = 513.617
---------------------------------------------------------------------------------
---------------------------------------------------------------------------------
Start Loading Part and Timing Information
---------------------------------------------------------------------------------
Loading part: xczu3eg-sfvc784-2-e
INFO: [Synth 8-6742] Reading net delay rules and data
---------------------------------------------------------------------------------
Finished Loading Part and Timing Information : Time (s): cpu = 00:00:17 ; elapsed = 00:00:18 . Memory (MB): peak = 2135.492 ; gain = 513.617
---------------------------------------------------------------------------------
---------------------------------------------------------------------------------
Start Applying 'set_property' XDC Constraints
---------------------------------------------------------------------------------
Applied set_property KEEP_HIERARCHY = SOFT for dma_axis_ip_example_i. (constraint file  auto generated constraint).
Applied set_property KEEP_HIERARCHY = SOFT for dma_axis_ip_example_i/axi_dma. (constraint file  auto generated constraint).
Applied set_property KEEP_HIERARCHY = SOFT for dma_axis_ip_example_i/axi_mem_intercon/s00_couplers/auto_us. (constraint file  auto generated constraint).
Applied set_property KEEP_HIERARCHY = SOFT for dma_axis_ip_example_i/axi_mem_intercon. (constraint file  auto generated constraint).
Applied set_property KEEP_HIERARCHY = SOFT for dma_axis_ip_example_i/axi_mem_intercon_1. (constraint file  auto generated constraint).
Applied set_property KEEP_HIERARCHY = SOFT for dma_axis_ip_example_i/zynq_ultra_ps_e_0. (constraint file  auto generated constraint).
Applied set_property KEEP_HIERARCHY = SOFT for dma_axis_ip_example_i/ps7_0_axi_periph/xbar. (constraint file  auto generated constraint).
Applied set_property KEEP_HIERARCHY = SOFT for dma_axis_ip_example_i/ps7_0_axi_periph/s00_couplers/auto_ds. (constraint file  auto generated constraint).
Applied set_property KEEP_HIERARCHY = SOFT for dma_axis_ip_example_i/ps7_0_axi_periph/s00_couplers/auto_pc. (constraint file  auto generated constraint).
Applied set_property KEEP_HIERARCHY = SOFT for dma_axis_ip_example_i/ps7_0_axi_periph. (constraint file  auto generated constraint).
Applied set_property KEEP_HIERARCHY = SOFT for dma_axis_ip_example_i/rst_ps7_0_100M. (constraint file  auto generated constraint).
Applied set_property KEEP_HIERARCHY = SOFT for dma_axis_ip_example_i/example_0. (constraint file  auto generated constraint).
---------------------------------------------------------------------------------
Finished applying 'set_property' XDC Constraints : Time (s): cpu = 00:00:17 ; elapsed = 00:00:18 . Memory (MB): peak = 2135.492 ; gain = 513.617
---------------------------------------------------------------------------------
---------------------------------------------------------------------------------
Finished RTL Optimization Phase 2 : Time (s): cpu = 00:00:17 ; elapsed = 00:00:18 . Memory (MB): peak = 2135.492 ; gain = 513.617
---------------------------------------------------------------------------------
---------------------------------------------------------------------------------
Start RTL Component Statistics 
---------------------------------------------------------------------------------
Detailed RTL Component Info : 
---------------------------------------------------------------------------------
Finished RTL Component Statistics 
---------------------------------------------------------------------------------
---------------------------------------------------------------------------------
Start Part Resource Summary
---------------------------------------------------------------------------------
Part Resources:
DSPs: 360 (col length:72)
BRAMs: 432 (col length: RAMB18 72 RAMB36 36)
---------------------------------------------------------------------------------
Finished Part Resource Summary
---------------------------------------------------------------------------------
---------------------------------------------------------------------------------
Start Cross Boundary and Area Optimization
---------------------------------------------------------------------------------
WARNING: [Synth 8-7080] Parallel synthesis criteria is not met
WARNING: [Synth 8-7129] Port M00_ACLK in module dma_axis_ip_example_ps7_0_axi_periph_0 is either unconnected or has no load
WARNING: [Synth 8-7129] Port M00_ARESETN in module dma_axis_ip_example_ps7_0_axi_periph_0 is either unconnected or has no load
WARNING: [Synth 8-7129] Port M01_ACLK in module dma_axis_ip_example_ps7_0_axi_periph_0 is either unconnected or has no load
WARNING: [Synth 8-7129] Port M01_ARESETN in module dma_axis_ip_example_ps7_0_axi_periph_0 is either unconnected or has no load
WARNING: [Synth 8-7129] Port S00_ACLK in module dma_axis_ip_example_ps7_0_axi_periph_0 is either unconnected or has no load
WARNING: [Synth 8-7129] Port S00_ARESETN in module dma_axis_ip_example_ps7_0_axi_periph_0 is either unconnected or has no load
WARNING: [Synth 8-7129] Port ACLK in module dma_axis_ip_example_axi_mem_intercon_1_0 is either unconnected or has no load
WARNING: [Synth 8-7129] Port ARESETN in module dma_axis_ip_example_axi_mem_intercon_1_0 is either unconnected or has no load
WARNING: [Synth 8-7129] Port M00_ACLK in module dma_axis_ip_example_axi_mem_intercon_1_0 is either unconnected or has no load
WARNING: [Synth 8-7129] Port M00_ARESETN in module dma_axis_ip_example_axi_mem_intercon_1_0 is either unconnected or has no load
WARNING: [Synth 8-7129] Port S00_ACLK in module dma_axis_ip_example_axi_mem_intercon_1_0 is either unconnected or has no load
WARNING: [Synth 8-7129] Port S00_ARESETN in module dma_axis_ip_example_axi_mem_intercon_1_0 is either unconnected or has no load
WARNING: [Synth 8-7129] Port ACLK in module dma_axis_ip_example_axi_mem_intercon_0 is either unconnected or has no load
WARNING: [Synth 8-7129] Port ARESETN in module dma_axis_ip_example_axi_mem_intercon_0 is either unconnected or has no load
WARNING: [Synth 8-7129] Port M00_ACLK in module dma_axis_ip_example_axi_mem_intercon_0 is either unconnected or has no load
WARNING: [Synth 8-7129] Port M00_ARESETN in module dma_axis_ip_example_axi_mem_intercon_0 is either unconnected or has no load
---------------------------------------------------------------------------------
Finished Cross Boundary and Area Optimization : Time (s): cpu = 00:00:19 ; elapsed = 00:00:20 . Memory (MB): peak = 2135.492 ; gain = 513.617
---------------------------------------------------------------------------------
---------------------------------------------------------------------------------
Start Applying XDC Timing Constraints
---------------------------------------------------------------------------------
---------------------------------------------------------------------------------
Finished Applying XDC Timing Constraints : Time (s): cpu = 00:00:29 ; elapsed = 00:00:31 . Memory (MB): peak = 2613.598 ; gain = 991.723
---------------------------------------------------------------------------------
---------------------------------------------------------------------------------
Start Timing Optimization
---------------------------------------------------------------------------------
---------------------------------------------------------------------------------
Finished Timing Optimization : Time (s): cpu = 00:00:29 ; elapsed = 00:00:31 . Memory (MB): peak = 2613.598 ; gain = 991.723
---------------------------------------------------------------------------------
---------------------------------------------------------------------------------
Start Technology Mapping
---------------------------------------------------------------------------------
---------------------------------------------------------------------------------
Finished Technology Mapping : Time (s): cpu = 00:00:30 ; elapsed = 00:00:31 . Memory (MB): peak = 2624.543 ; gain = 1002.668
---------------------------------------------------------------------------------
---------------------------------------------------------------------------------
Start IO Insertion
---------------------------------------------------------------------------------
---------------------------------------------------------------------------------
Start Flattening Before IO Insertion
---------------------------------------------------------------------------------
---------------------------------------------------------------------------------
Finished Flattening Before IO Insertion
---------------------------------------------------------------------------------
---------------------------------------------------------------------------------
Start Final Netlist Cleanup
---------------------------------------------------------------------------------
---------------------------------------------------------------------------------
Finished Final Netlist Cleanup
---------------------------------------------------------------------------------
---------------------------------------------------------------------------------
Finished IO Insertion : Time (s): cpu = 00:00:34 ; elapsed = 00:00:35 . Memory (MB): peak = 2640.316 ; gain = 1018.441
---------------------------------------------------------------------------------
---------------------------------------------------------------------------------
Start Renaming Generated Instances
---------------------------------------------------------------------------------
---------------------------------------------------------------------------------
Finished Renaming Generated Instances : Time (s): cpu = 00:00:34 ; elapsed = 00:00:35 . Memory (MB): peak = 2640.316 ; gain = 1018.441
---------------------------------------------------------------------------------
---------------------------------------------------------------------------------
Start Rebuilding User Hierarchy
---------------------------------------------------------------------------------
---------------------------------------------------------------------------------
Finished Rebuilding User Hierarchy : Time (s): cpu = 00:00:34 ; elapsed = 00:00:35 . Memory (MB): peak = 2640.316 ; gain = 1018.441
---------------------------------------------------------------------------------
---------------------------------------------------------------------------------
Start Renaming Generated Ports
---------------------------------------------------------------------------------
---------------------------------------------------------------------------------
Finished Renaming Generated Ports : Time (s): cpu = 00:00:34 ; elapsed = 00:00:35 . Memory (MB): peak = 2640.316 ; gain = 1018.441
---------------------------------------------------------------------------------
---------------------------------------------------------------------------------
Start Handling Custom Attributes
---------------------------------------------------------------------------------
---------------------------------------------------------------------------------
Finished Handling Custom Attributes : Time (s): cpu = 00:00:34 ; elapsed = 00:00:36 . Memory (MB): peak = 2640.316 ; gain = 1018.441
---------------------------------------------------------------------------------
---------------------------------------------------------------------------------
Start Renaming Generated Nets
---------------------------------------------------------------------------------
---------------------------------------------------------------------------------
Finished Renaming Generated Nets : Time (s): cpu = 00:00:34 ; elapsed = 00:00:36 . Memory (MB): peak = 2640.316 ; gain = 1018.441
---------------------------------------------------------------------------------
---------------------------------------------------------------------------------
Start Writing Synthesis Report
---------------------------------------------------------------------------------

Report BlackBoxes: 
+------+----------------------------------------+----------+
|      |BlackBox name                           |Instances |
+------+----------------------------------------+----------+
|1     |dma_axis_ip_example_axi_dma_0           |         1|
|2     |dma_axis_ip_example_auto_us_0           |         1|
|3     |dma_axis_ip_example_example_0_0         |         1|
|4     |dma_axis_ip_example_xbar_0              |         1|
|5     |dma_axis_ip_example_auto_ds_0           |         1|
|6     |dma_axis_ip_example_auto_pc_0           |         1|
|7     |dma_axis_ip_example_rst_ps7_0_100M_0    |         1|
|8     |dma_axis_ip_example_zynq_ultra_ps_e_0_0 |         1|
+------+----------------------------------------+----------+

Report Cell Usage: 
+------+--------------------------------------+------+
|      |Cell                                  |Count |
+------+--------------------------------------+------+
|1     |dma_axis_ip_example_auto_ds           |     1|
|2     |dma_axis_ip_example_auto_pc           |     1|
|3     |dma_axis_ip_example_auto_us           |     1|
|4     |dma_axis_ip_example_axi_dma           |     1|
|5     |dma_axis_ip_example_example_0         |     1|
|6     |dma_axis_ip_example_rst_ps7_0_100M    |     1|
|7     |dma_axis_ip_example_xbar              |     1|
|8     |dma_axis_ip_example_zynq_ultra_ps_e_0 |     1|
+------+--------------------------------------+------+
---------------------------------------------------------------------------------
Finished Writing Synthesis Report : Time (s): cpu = 00:00:34 ; elapsed = 00:00:36 . Memory (MB): peak = 2640.316 ; gain = 1018.441
---------------------------------------------------------------------------------
Synthesis finished with 0 errors, 0 critical warnings and 17 warnings.
Synthesis Optimization Runtime : Time (s): cpu = 00:00:22 ; elapsed = 00:00:29 . Memory (MB): peak = 2640.316 ; gain = 1018.441
Synthesis Optimization Complete : Time (s): cpu = 00:00:34 ; elapsed = 00:00:36 . Memory (MB): peak = 2640.316 ; gain = 1018.441
INFO: [Project 1-571] Translating synthesized netlist
Netlist sorting complete. Time (s): cpu = 00:00:00 ; elapsed = 00:00:00.016 . Memory (MB): peak = 2640.316 ; gain = 0.000
INFO: [Project 1-570] Preparing netlist for logic optimization
INFO: [Opt 31-138] Pushed 0 inverter(s) to 0 load pin(s).
Netlist sorting complete. Time (s): cpu = 00:00:00 ; elapsed = 00:00:00 . Memory (MB): peak = 2640.316 ; gain = 0.000
INFO: [Project 1-111] Unisim Transformation Summary:
No Unisim elements were transformed.

Synth Design complete | Checksum: 2034d5d1
INFO: [Common 17-83] Releasing license: Synthesis
52 Infos, 82 Warnings, 0 Critical Warnings and 0 Errors encountered.
synth_design completed successfully
synth_design: Time (s): cpu = 00:00:42 ; elapsed = 00:00:45 . Memory (MB): peak = 2640.316 ; gain = 1940.070
INFO: [Common 17-1381] The checkpoint 'C:/Users/tran.timo/Documents/ex/vivado/project_1/project_1.runs/synth_1/dma_axis_ip_example_wrapper.dcp' has been generated.
INFO: [Vivado 12-24828] Executing command : report_utilization -file dma_axis_ip_example_wrapper_utilization_synth.rpt -pb dma_axis_ip_example_wrapper_utilization_synth.pb
INFO: [Common 17-206] Exiting Vivado at Mon Feb  2 15:38:55 2026...
