INFO: [vitis-run 60-1548] Creating build summary session with primary output C:/GitRepos/EECE4632/Lab4/dct/dct\dct.hlsrun_csim_summary, at 01/29/26 19:41:24
INFO: [vitis-run 82-31] Launching vitis_hls: vitis_hls -nolog -run csim -work_dir C:/GitRepos/EECE4632/Lab4/dct/dct -config C:/GitRepos/EECE4632/Lab4/dct/hls_config.cfg -cmdlineconfig C:/GitRepos/EECE4632/Lab4/dct/dct/hls/config.cmdline
INFO: [HLS 200-10] For user 'theec' on host 'icarus' (Windows NT_amd64 version 10.0) on Thu Jan 29 19:41:26 -0500 2026
INFO: [HLS 200-10] In directory 'C:/GitRepos/EECE4632/Lab4/dct'
INFO: [HLS 200-2005] Using work_dir C:/GitRepos/EECE4632/Lab4/dct/dct 
INFO: [HLS 200-1505] Using default flow_target 'vivado'
Resolution: For help on HLS 200-1505 see docs.xilinx.com/access/sources/dita/topic?Doc_Version=2024.1%20English&url=ug1448-hls-guidance&resourceid=200-1505.html
INFO: [HLS 200-1465] Applying ini 'syn.file=C:/GitRepos/EECE4632/Lab4/dct_ref/dct.cpp' from C:/GitRepos/EECE4632/Lab4/dct/hls_config.cfg(8)
INFO: [HLS 200-10] Adding design file 'C:/GitRepos/EECE4632/Lab4/dct_ref/dct.cpp' to the project
INFO: [HLS 200-1465] Applying ini 'tb.file=C:/GitRepos/EECE4632/Lab4/dct_ref/dct_test.cpp' from C:/GitRepos/EECE4632/Lab4/dct/hls_config.cfg(9)
INFO: [HLS 200-10] Adding test bench file 'C:/GitRepos/EECE4632/Lab4/dct_ref/dct_test.cpp' to the project
INFO: [HLS 200-1465] Applying ini 'tb.file=C:/GitRepos/EECE4632/Lab4/dct_ref/in.dat' from C:/GitRepos/EECE4632/Lab4/dct/hls_config.cfg(10)
INFO: [HLS 200-10] Adding test bench file 'C:/GitRepos/EECE4632/Lab4/dct_ref/in.dat' to the project
INFO: [HLS 200-1465] Applying ini 'tb.file=C:/GitRepos/EECE4632/Lab4/dct_ref/out.golden.dat' from C:/GitRepos/EECE4632/Lab4/dct/hls_config.cfg(11)
INFO: [HLS 200-10] Adding test bench file 'C:/GitRepos/EECE4632/Lab4/dct_ref/out.golden.dat' to the project
INFO: [HLS 200-1465] Applying ini 'syn.top=dct' from C:/GitRepos/EECE4632/Lab4/dct/hls_config.cfg(7)
INFO: [HLS 200-1465] Applying ini 'flow_target=vitis' from C:/GitRepos/EECE4632/Lab4/dct/hls_config.cfg(4)
INFO: [HLS 200-1505] Using flow_target 'vitis'
Resolution: For help on HLS 200-1505 see docs.xilinx.com/access/sources/dita/topic?Doc_Version=2024.1%20English&url=ug1448-hls-guidance&resourceid=200-1505.html
INFO: [HLS 200-435] Setting 'open_solution -flow_target vitis' configuration: config_interface -m_axi_latency=64
INFO: [HLS 200-435] Setting 'open_solution -flow_target vitis' configuration: config_interface -m_axi_alignment_byte_size=64
INFO: [HLS 200-435] Setting 'open_solution -flow_target vitis' configuration: config_interface -m_axi_max_widen_bitwidth=512
INFO: [HLS 200-435] Setting 'open_solution -flow_target vitis' configuration: config_rtl -register_reset_num=3
INFO: [HLS 200-1465] Applying ini 'part=xczu3eg-sfvc784-2-e' from C:/GitRepos/EECE4632/Lab4/dct/hls_config.cfg(1)
INFO: [HLS 200-1611] Setting target device to 'xczu3eg-sfvc784-2-e'
INFO: [HLS 200-1465] Applying ini 'clock=8ns' from C:/GitRepos/EECE4632/Lab4/dct/hls_config.cfg(12)
INFO: [SYN 201-201] Setting up clock 'default' with a period of 8ns.
INFO: [HLS 200-1465] Applying ini 'clock_uncertainty=12%' from C:/GitRepos/EECE4632/Lab4/dct/hls_config.cfg(13)
INFO: [SYN 201-201] Setting up clock 'default' with an uncertainty of 0.96ns.
INFO: [HLS 200-1465] Applying ini 'csim.code_analyzer=1' from C:/GitRepos/EECE4632/Lab4/dct/hls_config.cfg(14)
INFO: [HLS 200-1465] Applying ini 'package.output.format=xo' from C:/GitRepos/EECE4632/Lab4/dct/hls_config.cfg(5)
INFO: [SIM 211-200] Executing Code Analyzer instead of classic HLS C simulation
INFO: [SIM 211-200] Compiling source code ../dct_ref/dct.cpp as hardware code with instrumentation
INFO: [SIM 211-200] Compiling source code ../dct_ref/dct_test.cpp as test bench code with instrumentation
INFO: [SIM 211-200] Compiling source code ../dct_ref/dct.cpp as test bench code with instrumentation
INFO: [SIM 211-200] Linking hardware code
INFO: [SIM 211-200] Transforming hardware bitcode
INFO: [SIM 211-200] Linking executable
INFO: [SIM 211-200] Determining source code dependencies
INFO: [SIM 211-200] Generating static call graph
INFO: [SIM 211-200] Analyzing Interfaces
INFO: [SIM 211-200] Running executable
Checkpoint: i = 0
Checkpoint: j = 0; Checkpoint: j = 1; Checkpoint: j = 2; Checkpoint: j = 3; Checkpoint: j = 4; Checkpoint: j = 5; Checkpoint: j = 6; Checkpoint: j = 7; Checkpoint: j = 8; Checkpoint: j = 9; Checkpoint: j = 10; Checkpoint: j = 11; Checkpoint: j = 12; Checkpoint: j = 13; Checkpoint: j = 14; Checkpoint: j = 15; Checkpoint: j = 16; Checkpoint: j = 17; Checkpoint: j = 18; Checkpoint: j = 19; Checkpoint: j = 20; Checkpoint: j = 21; Checkpoint: j = 22; Checkpoint: j = 23; Checkpoint: j = 24; Checkpoint: j = 25; Checkpoint: j = 26; Checkpoint: j = 27; Checkpoint: j = 28; Checkpoint: j = 29; Checkpoint: j = 30; Checkpoint: j = 31; Checkpoint: j = 32; Checkpoint: j = 33; Checkpoint: j = 34; Checkpoint: j = 35; Checkpoint: j = 36; Checkpoint: j = 37; Checkpoint: j = 38; Checkpoint: j = 39; Checkpoint: j = 40; Checkpoint: j = 41; Checkpoint: j = 42; Checkpoint: j = 43; Checkpoint: j = 44; Checkpoint: j = 45; Checkpoint: j = 46; Checkpoint: j = 47; Checkpoint: j = 48; Checkpoint: j = 49; Checkpoint: j = 50; Checkpoint: j = 51; Checkpoint: j = 52; Checkpoint: j = 53; Checkpoint: j = 54; Checkpoint: j = 55; Checkpoint: j = 56; Checkpoint: j = 57; Checkpoint: j = 58; Checkpoint: j = 59; Checkpoint: j = 60; Checkpoint: j = 61; Checkpoint: j = 62; Checkpoint: j = 63; 
Copying array b to b_prime
Checkpoint: i = 1
Checkpoint: j = 0; Checkpoint: j = 1; Checkpoint: j = 2; Checkpoint: j = 3; Checkpoint: j = 4; Checkpoint: j = 5; Checkpoint: j = 6; Checkpoint: j = 7; Checkpoint: j = 8; Checkpoint: j = 9; Checkpoint: j = 10; Checkpoint: j = 11; Checkpoint: j = 12; Checkpoint: j = 13; Checkpoint: j = 14; Checkpoint: j = 15; Checkpoint: j = 16; Checkpoint: j = 17; Checkpoint: j = 18; Checkpoint: j = 19; Checkpoint: j = 20; Checkpoint: j = 21; Checkpoint: j = 22; Checkpoint: j = 23; Checkpoint: j = 24; Checkpoint: j = 25; Checkpoint: j = 26; Checkpoint: j = 27; Checkpoint: j = 28; Checkpoint: j = 29; Checkpoint: j = 30; Checkpoint: j = 31; Checkpoint: j = 32; Checkpoint: j = 33; Checkpoint: j = 34; Checkpoint: j = 35; Checkpoint: j = 36; Checkpoint: j = 37; Checkpoint: j = 38; Checkpoint: j = 39; Checkpoint: j = 40; Checkpoint: j = 41; Checkpoint: j = 42; Checkpoint: j = 43; Checkpoint: j = 44; Checkpoint: j = 45; Checkpoint: j = 46; Checkpoint: j = 47; Checkpoint: j = 48; Checkpoint: j = 49; Checkpoint: j = 50; Checkpoint: j = 51; Checkpoint: j = 52; Checkpoint: j = 53; Checkpoint: j = 54; Checkpoint: j = 55; Checkpoint: j = 56; Checkpoint: j = 57; Checkpoint: j = 58; Checkpoint: j = 59; Checkpoint: j = 60; Checkpoint: j = 61; Checkpoint: j = 62; Checkpoint: j = 63; 
Checkpoint: i = 2
Checkpoint: j = 0; Checkpoint: j = 1; Checkpoint: j = 2; Checkpoint: j = 3; Checkpoint: j = 4; Checkpoint: j = 5; Checkpoint: j = 6; Checkpoint: j = 7; Checkpoint: j = 8; Checkpoint: j = 9; Checkpoint: j = 10; Checkpoint: j = 11; Checkpoint: j = 12; Checkpoint: j = 13; Checkpoint: j = 14; Checkpoint: j = 15; Checkpoint: j = 16; Checkpoint: j = 17; Checkpoint: j = 18; Checkpoint: j = 19; Checkpoint: j = 20; Checkpoint: j = 21; Checkpoint: j = 22; Checkpoint: j = 23; Checkpoint: j = 24; Checkpoint: j = 25; Checkpoint: j = 26; Checkpoint: j = 27; Checkpoint: j = 28; Checkpoint: j = 29; Checkpoint: j = 30; Checkpoint: j = 31; Checkpoint: j = 32; Checkpoint: j = 33; Checkpoint: j = 34; Checkpoint: j = 35; Checkpoint: j = 36; Checkpoint: j = 37; Checkpoint: j = 38; Checkpoint: j = 39; Checkpoint: j = 40; Checkpoint: j = 41; Checkpoint: j = 42; Checkpoint: j = 43; Checkpoint: j = 44; Checkpoint: j = 45; Checkpoint: j = 46; Checkpoint: j = 47; Checkpoint: j = 48; Checkpoint: j = 49; Checkpoint: j = 50; Checkpoint: j = 51; Checkpoint: j = 52; Checkpoint: j = 53; Checkpoint: j = 54; Checkpoint: j = 55; Checkpoint: j = 56; Checkpoint: j = 57; Checkpoint: j = 58; Checkpoint: j = 59; Checkpoint: j = 60; Checkpoint: j = 61; Checkpoint: j = 62; Checkpoint: j = 63; 
Checkpoint: i = 3
Checkpoint: j = 0; Checkpoint: j = 1; Checkpoint: j = 2; Checkpoint: j = 3; Checkpoint: j = 4; Checkpoint: j = 5; Checkpoint: j = 6; Checkpoint: j = 7; Checkpoint: j = 8; Checkpoint: j = 9; Checkpoint: j = 10; Checkpoint: j = 11; Checkpoint: j = 12; Checkpoint: j = 13; Checkpoint: j = 14; Checkpoint: j = 15; Checkpoint: j = 16; Checkpoint: j = 17; Checkpoint: j = 18; Checkpoint: j = 19; Checkpoint: j = 20; Checkpoint: j = 21; Checkpoint: j = 22; Checkpoint: j = 23; Checkpoint: j = 24; Checkpoint: j = 25; Checkpoint: j = 26; Checkpoint: j = 27; Checkpoint: j = 28; Checkpoint: j = 29; Checkpoint: j = 30; Checkpoint: j = 31; Checkpoint: j = 32; Checkpoint: j = 33; Checkpoint: j = 34; Checkpoint: j = 35; Checkpoint: j = 36; Checkpoint: j = 37; Checkpoint: j = 38; Checkpoint: j = 39; Checkpoint: j = 40; Checkpoint: j = 41; Checkpoint: j = 42; Checkpoint: j = 43; Checkpoint: j = 44; Checkpoint: j = 45; Checkpoint: j = 46; Checkpoint: j = 47; Checkpoint: j = 48; Checkpoint: j = 49; Checkpoint: j = 50; Checkpoint: j = 51; Checkpoint: j = 52; Checkpoint: j = 53; Checkpoint: j = 54; Checkpoint: j = 55; Checkpoint: j = 56; Checkpoint: j = 57; Checkpoint: j = 58; Checkpoint: j = 59; Checkpoint: j = 60; Checkpoint: j = 61; Checkpoint: j = 62; Checkpoint: j = 63; 
Checkpoint: i = 4
Checkpoint: j = 0; Checkpoint: j = 1; Checkpoint: j = 2; Checkpoint: j = 3; Checkpoint: j = 4; Checkpoint: j = 5; Checkpoint: j = 6; Checkpoint: j = 7; Checkpoint: j = 8; Checkpoint: j = 9; Checkpoint: j = 10; Checkpoint: j = 11; Checkpoint: j = 12; Checkpoint: j = 13; Checkpoint: j = 14; Checkpoint: j = 15; Checkpoint: j = 16; Checkpoint: j = 17; Checkpoint: j = 18; Checkpoint: j = 19; Checkpoint: j = 20; Checkpoint: j = 21; Checkpoint: j = 22; Checkpoint: j = 23; Checkpoint: j = 24; Checkpoint: j = 25; Checkpoint: j = 26; Checkpoint: j = 27; Checkpoint: j = 28; Checkpoint: j = 29; Checkpoint: j = 30; Checkpoint: j = 31; Checkpoint: j = 32; Checkpoint: j = 33; Checkpoint: j = 34; Checkpoint: j = 35; Checkpoint: j = 36; Checkpoint: j = 37; Checkpoint: j = 38; Checkpoint: j = 39; Checkpoint: j = 40; Checkpoint: j = 41; Checkpoint: j = 42; Checkpoint: j = 43; Checkpoint: j = 44; Checkpoint: j = 45; Checkpoint: j = 46; Checkpoint: j = 47; Checkpoint: j = 48; Checkpoint: j = 49; Checkpoint: j = 50; Checkpoint: j = 51; Checkpoint: j = 52; Checkpoint: j = 53; Checkpoint: j = 54; Checkpoint: j = 55; Checkpoint: j = 56; Checkpoint: j = 57; Checkpoint: j = 58; Checkpoint: j = 59; Checkpoint: j = 60; Checkpoint: j = 61; Checkpoint: j = 62; Checkpoint: j = 63; 
Checkpoint: i = 5
Checkpoint: j = 0; Checkpoint: j = 1; Checkpoint: j = 2; Checkpoint: j = 3; Checkpoint: j = 4; Checkpoint: j = 5; Checkpoint: j = 6; Checkpoint: j = 7; Checkpoint: j = 8; Checkpoint: j = 9; Checkpoint: j = 10; Checkpoint: j = 11; Checkpoint: j = 12; Checkpoint: j = 13; Checkpoint: j = 14; Checkpoint: j = 15; Checkpoint: j = 16; Checkpoint: j = 17; Checkpoint: j = 18; Checkpoint: j = 19; Checkpoint: j = 20; Checkpoint: j = 21; Checkpoint: j = 22; Checkpoint: j = 23; Checkpoint: j = 24; Checkpoint: j = 25; Checkpoint: j = 26; Checkpoint: j = 27; Checkpoint: j = 28; Checkpoint: j = 29; Checkpoint: j = 30; Checkpoint: j = 31; Checkpoint: j = 32; Checkpoint: j = 33; Checkpoint: j = 34; Checkpoint: j = 35; Checkpoint: j = 36; Checkpoint: j = 37; Checkpoint: j = 38; Checkpoint: j = 39; Checkpoint: j = 40; Checkpoint: j = 41; Checkpoint: j = 42; Checkpoint: j = 43; Checkpoint: j = 44; Checkpoint: j = 45; Checkpoint: j = 46; Checkpoint: j = 47; Checkpoint: j = 48; Checkpoint: j = 49; Checkpoint: j = 50; Checkpoint: j = 51; Checkpoint: j = 52; Checkpoint: j = 53; Checkpoint: j = 54; Checkpoint: j = 55; Checkpoint: j = 56; Checkpoint: j = 57; Checkpoint: j = 58; Checkpoint: j = 59; Checkpoint: j = 60; Checkpoint: j = 61; Checkpoint: j = 62; Checkpoint: j = 63; 
Checkpoint: i = 6
Checkpoint: j = 0; Checkpoint: j = 1; Checkpoint: j = 2; Checkpoint: j = 3; Checkpoint: j = 4; Checkpoint: j = 5; Checkpoint: j = 6; Checkpoint: j = 7; Checkpoint: j = 8; Checkpoint: j = 9; Checkpoint: j = 10; Checkpoint: j = 11; Checkpoint: j = 12; Checkpoint: j = 13; Checkpoint: j = 14; Checkpoint: j = 15; Checkpoint: j = 16; Checkpoint: j = 17; Checkpoint: j = 18; Checkpoint: j = 19; Checkpoint: j = 20; Checkpoint: j = 21; Checkpoint: j = 22; Checkpoint: j = 23; Checkpoint: j = 24; Checkpoint: j = 25; Checkpoint: j = 26; Checkpoint: j = 27; Checkpoint: j = 28; Checkpoint: j = 29; Checkpoint: j = 30; Checkpoint: j = 31; Checkpoint: j = 32; Checkpoint: j = 33; Checkpoint: j = 34; Checkpoint: j = 35; Checkpoint: j = 36; Checkpoint: j = 37; Checkpoint: j = 38; Checkpoint: j = 39; Checkpoint: j = 40; Checkpoint: j = 41; Checkpoint: j = 42; Checkpoint: j = 43; Checkpoint: j = 44; Checkpoint: j = 45; Checkpoint: j = 46; Checkpoint: j = 47; Checkpoint: j = 48; Checkpoint: j = 49; Checkpoint: j = 50; Checkpoint: j = 51; Checkpoint: j = 52; Checkpoint: j = 53; Checkpoint: j = 54; Checkpoint: j = 55; Checkpoint: j = 56; Checkpoint: j = 57; Checkpoint: j = 58; Checkpoint: j = 59; Checkpoint: j = 60; Checkpoint: j = 61; Checkpoint: j = 62; Checkpoint: j = 63; 
Checkpoint: i = 7
Checkpoint: j = 0; Checkpoint: j = 1; Checkpoint: j = 2; Checkpoint: j = 3; Checkpoint: j = 4; Checkpoint: j = 5; Checkpoint: j = 6; Checkpoint: j = 7; Checkpoint: j = 8; Checkpoint: j = 9; Checkpoint: j = 10; Checkpoint: j = 11; Checkpoint: j = 12; Checkpoint: j = 13; Checkpoint: j = 14; Checkpoint: j = 15; Checkpoint: j = 16; Checkpoint: j = 17; Checkpoint: j = 18; Checkpoint: j = 19; Checkpoint: j = 20; Checkpoint: j = 21; Checkpoint: j = 22; Checkpoint: j = 23; Checkpoint: j = 24; Checkpoint: j = 25; Checkpoint: j = 26; Checkpoint: j = 27; Checkpoint: j = 28; Checkpoint: j = 29; Checkpoint: j = 30; Checkpoint: j = 31; Checkpoint: j = 32; Checkpoint: j = 33; Checkpoint: j = 34; Checkpoint: j = 35; Checkpoint: j = 36; Checkpoint: j = 37; Checkpoint: j = 38; Checkpoint: j = 39; Checkpoint: j = 40; Checkpoint: j = 41; Checkpoint: j = 42; Checkpoint: j = 43; Checkpoint: j = 44; Checkpoint: j = 45; Checkpoint: j = 46; Checkpoint: j = 47; Checkpoint: j = 48; Checkpoint: j = 49; Checkpoint: j = 50; Checkpoint: j = 51; Checkpoint: j = 52; Checkpoint: j = 53; Checkpoint: j = 54; Checkpoint: j = 55; Checkpoint: j = 56; Checkpoint: j = 57; Checkpoint: j = 58; Checkpoint: j = 59; Checkpoint: j = 60; Checkpoint: j = 61; Checkpoint: j = 62; Checkpoint: j = 63; 
Checkpoint: i = 8
Checkpoint: j = 0; Checkpoint: j = 1; Checkpoint: j = 2; Checkpoint: j = 3; Checkpoint: j = 4; Checkpoint: j = 5; Checkpoint: j = 6; Checkpoint: j = 7; Checkpoint: j = 8; Checkpoint: j = 9; Checkpoint: j = 10; Checkpoint: j = 11; Checkpoint: j = 12; Checkpoint: j = 13; Checkpoint: j = 14; Checkpoint: j = 15; Checkpoint: j = 16; Checkpoint: j = 17; Checkpoint: j = 18; Checkpoint: j = 19; Checkpoint: j = 20; Checkpoint: j = 21; Checkpoint: j = 22; Checkpoint: j = 23; Checkpoint: j = 24; Checkpoint: j = 25; Checkpoint: j = 26; Checkpoint: j = 27; Checkpoint: j = 28; Checkpoint: j = 29; Checkpoint: j = 30; Checkpoint: j = 31; Checkpoint: j = 32; Checkpoint: j = 33; Checkpoint: j = 34; Checkpoint: j = 35; Checkpoint: j = 36; Checkpoint: j = 37; Checkpoint: j = 38; Checkpoint: j = 39; Checkpoint: j = 40; Checkpoint: j = 41; Checkpoint: j = 42; Checkpoint: j = 43; Checkpoint: j = 44; Checkpoint: j = 45; Checkpoint: j = 46; Checkpoint: j = 47; Checkpoint: j = 48; Checkpoint: j = 49; Checkpoint: j = 50; Checkpoint: j = 51; Checkpoint: j = 52; Checkpoint: j = 53; Checkpoint: j = 54; Checkpoint: j = 55; Checkpoint: j = 56; Checkpoint: j = 57; Checkpoint: j = 58; Checkpoint: j = 59; Checkpoint: j = 60; Checkpoint: j = 61; Checkpoint: j = 62; Checkpoint: j = 63; 
Checkpoint: i = 9
Checkpoint: j = 0; Checkpoint: j = 1; Checkpoint: j = 2; Checkpoint: j = 3; Checkpoint: j = 4; Checkpoint: j = 5; Checkpoint: j = 6; Checkpoint: j = 7; Checkpoint: j = 8; Checkpoint: j = 9; Checkpoint: j = 10; Checkpoint: j = 11; Checkpoint: j = 12; Checkpoint: j = 13; Checkpoint: j = 14; Checkpoint: j = 15; Checkpoint: j = 16; Checkpoint: j = 17; Checkpoint: j = 18; Checkpoint: j = 19; Checkpoint: j = 20; Checkpoint: j = 21; Checkpoint: j = 22; Checkpoint: j = 23; Checkpoint: j = 24; Checkpoint: j = 25; Checkpoint: j = 26; Checkpoint: j = 27; Checkpoint: j = 28; Checkpoint: j = 29; Checkpoint: j = 30; Checkpoint: j = 31; Checkpoint: j = 32; Checkpoint: j = 33; Checkpoint: j = 34; Checkpoint: j = 35; Checkpoint: j = 36; Checkpoint: j = 37; Checkpoint: j = 38; Checkpoint: j = 39; Checkpoint: j = 40; Checkpoint: j = 41; Checkpoint: j = 42; Checkpoint: j = 43; Checkpoint: j = 44; Checkpoint: j = 45; Checkpoint: j = 46; Checkpoint: j = 47; Checkpoint: j = 48; Checkpoint: j = 49; Checkpoint: j = 50; Checkpoint: j = 51; Checkpoint: j = 52; Checkpoint: j = 53; Checkpoint: j = 54; Checkpoint: j = 55; Checkpoint: j = 56; Checkpoint: j = 57; Checkpoint: j = 58; Checkpoint: j = 59; Checkpoint: j = 60; Checkpoint: j = 61; Checkpoint: j = 62; Checkpoint: j = 63; 
Test passed !
INFO: [SIM 211-200] Analyzing trace data
INFO: [SIM 211-208] Running Code Analyzer
INFO: [SIM 211-210] Code Analyzer finished
INFO: [HLS 200-112] Total CPU user time: 2 seconds. Total CPU system time: 1 seconds. Total elapsed time: 11.374 seconds; peak allocated memory: 230.457 MB.
INFO: [vitis-run 60-791] Total elapsed time: 0h 0m 15s
