INFO: [v++ 60-1548] Creating build summary session with primary output C:/GitRepos/EECE4632/Lab4/dct/dct\dct.hlscompile_summary, at 01/29/26 20:29:15
INFO: [v++ 82-31] Launching vitis_hls: vitis_hls -nolog -run csynth -work_dir C:/GitRepos/EECE4632/Lab4/dct/dct -config C:/GitRepos/EECE4632/Lab4/dct/hls_config.cfg -cmdlineconfig C:/GitRepos/EECE4632/Lab4/dct/dct/hls/config.cmdline
INFO: [HLS 200-10] For user 'theec' on host 'icarus' (Windows NT_amd64 version 10.0) on Thu Jan 29 20:29:16 -0500 2026
INFO: [HLS 200-10] In directory 'C:/GitRepos/EECE4632/Lab4/dct'
INFO: [HLS 200-2005] Using work_dir C:/GitRepos/EECE4632/Lab4/dct/dct 
INFO: [HLS 200-1505] Using default flow_target 'vivado'
Resolution: For help on HLS 200-1505 see docs.xilinx.com/access/sources/dita/topic?Doc_Version=2024.1%20English&url=ug1448-hls-guidance&resourceid=200-1505.html
INFO: [HLS 200-1465] Applying ini 'syn.file=C:/GitRepos/EECE4632/Lab4/dct_ref/dct.cpp' from C:/GitRepos/EECE4632/Lab4/dct/hls_config.cfg(8)
INFO: [HLS 200-10] Adding design file 'C:/GitRepos/EECE4632/Lab4/dct_ref/dct.cpp' to the project
INFO: [HLS 200-1465] Applying ini 'tb.file=C:/GitRepos/EECE4632/Lab4/dct_ref/dct_test.cpp' from C:/GitRepos/EECE4632/Lab4/dct/hls_config.cfg(9)
INFO: [HLS 200-10] Adding test bench file 'C:/GitRepos/EECE4632/Lab4/dct_ref/dct_test.cpp' to the project
INFO: [HLS 200-1465] Applying ini 'tb.file=C:/GitRepos/EECE4632/Lab4/dct_ref/in.dat' from C:/GitRepos/EECE4632/Lab4/dct/hls_config.cfg(10)
INFO: [HLS 200-10] Adding test bench file 'C:/GitRepos/EECE4632/Lab4/dct_ref/in.dat' to the project
INFO: [HLS 200-1465] Applying ini 'tb.file=C:/GitRepos/EECE4632/Lab4/dct_ref/out.golden.dat' from C:/GitRepos/EECE4632/Lab4/dct/hls_config.cfg(11)
INFO: [HLS 200-10] Adding test bench file 'C:/GitRepos/EECE4632/Lab4/dct_ref/out.golden.dat' to the project
INFO: [HLS 200-1465] Applying ini 'syn.top=dct' from C:/GitRepos/EECE4632/Lab4/dct/hls_config.cfg(7)
INFO: [HLS 200-1465] Applying ini 'flow_target=vitis' from C:/GitRepos/EECE4632/Lab4/dct/hls_config.cfg(4)
INFO: [HLS 200-1505] Using flow_target 'vitis'
Resolution: For help on HLS 200-1505 see docs.xilinx.com/access/sources/dita/topic?Doc_Version=2024.1%20English&url=ug1448-hls-guidance&resourceid=200-1505.html
INFO: [HLS 200-435] Setting 'open_solution -flow_target vitis' configuration: config_interface -m_axi_latency=64
INFO: [HLS 200-435] Setting 'open_solution -flow_target vitis' configuration: config_interface -m_axi_alignment_byte_size=64
INFO: [HLS 200-435] Setting 'open_solution -flow_target vitis' configuration: config_interface -m_axi_max_widen_bitwidth=512
INFO: [HLS 200-435] Setting 'open_solution -flow_target vitis' configuration: config_rtl -register_reset_num=3
INFO: [HLS 200-1465] Applying ini 'part=xczu3eg-sfvc784-2-e' from C:/GitRepos/EECE4632/Lab4/dct/hls_config.cfg(1)
INFO: [HLS 200-1611] Setting target device to 'xczu3eg-sfvc784-2-e'
INFO: [HLS 200-1465] Applying ini 'clock=8ns' from C:/GitRepos/EECE4632/Lab4/dct/hls_config.cfg(12)
INFO: [SYN 201-201] Setting up clock 'default' with a period of 8ns.
INFO: [HLS 200-1465] Applying ini 'clock_uncertainty=12%' from C:/GitRepos/EECE4632/Lab4/dct/hls_config.cfg(13)
INFO: [SYN 201-201] Setting up clock 'default' with an uncertainty of 0.96ns.
INFO: [HLS 200-1465] Applying ini 'csim.code_analyzer=1' from C:/GitRepos/EECE4632/Lab4/dct/hls_config.cfg(14)
INFO: [HLS 200-1465] Applying ini 'package.output.format=xo' from C:/GitRepos/EECE4632/Lab4/dct/hls_config.cfg(5)
INFO: [HLS 200-111] Finished File checks and directory preparation: CPU user time: 2 seconds. CPU system time: 1 seconds. Elapsed time: 2.04 seconds; current allocated memory: 230.586 MB.
INFO: [HLS 200-10] Analyzing design file '../dct_ref/dct.cpp' ... 
INFO: [HLS 200-111] Finished Source Code Analysis and Preprocessing: CPU user time: 0 seconds. CPU system time: 0 seconds. Elapsed time: 1.878 seconds; current allocated memory: 232.738 MB.
INFO: [HLS 200-777] Using interface defaults for 'Vitis' flow target.
INFO: [HLS 200-1995] There were 242 instructions in the design after the 'Compile/Link' phase of compilation. See the Design Size Report for more details: C:/GitRepos/EECE4632/Lab4/dct/dct/hls/syn/report/csynth_design_size.rpt
INFO: [HLS 200-1995] There were 6,304 instructions in the design after the 'Unroll/Inline (step 1)' phase of compilation. See the Design Size Report for more details: C:/GitRepos/EECE4632/Lab4/dct/dct/hls/syn/report/csynth_design_size.rpt
INFO: [HLS 200-1995] There were 3,452 instructions in the design after the 'Unroll/Inline (step 2)' phase of compilation. See the Design Size Report for more details: C:/GitRepos/EECE4632/Lab4/dct/dct/hls/syn/report/csynth_design_size.rpt
INFO: [HLS 200-1995] There were 3,450 instructions in the design after the 'Unroll/Inline (step 3)' phase of compilation. See the Design Size Report for more details: C:/GitRepos/EECE4632/Lab4/dct/dct/hls/syn/report/csynth_design_size.rpt
INFO: [HLS 200-1995] There were 3,450 instructions in the design after the 'Unroll/Inline (step 4)' phase of compilation. See the Design Size Report for more details: C:/GitRepos/EECE4632/Lab4/dct/dct/hls/syn/report/csynth_design_size.rpt
INFO: [HLS 200-1995] There were 3,506 instructions in the design after the 'Array/Struct (step 1)' phase of compilation. See the Design Size Report for more details: C:/GitRepos/EECE4632/Lab4/dct/dct/hls/syn/report/csynth_design_size.rpt
INFO: [HLS 200-1995] There were 3,506 instructions in the design after the 'Array/Struct (step 2)' phase of compilation. See the Design Size Report for more details: C:/GitRepos/EECE4632/Lab4/dct/dct/hls/syn/report/csynth_design_size.rpt
INFO: [HLS 200-1995] There were 3,506 instructions in the design after the 'Array/Struct (step 3)' phase of compilation. See the Design Size Report for more details: C:/GitRepos/EECE4632/Lab4/dct/dct/hls/syn/report/csynth_design_size.rpt
INFO: [HLS 200-1995] There were 3,506 instructions in the design after the 'Array/Struct (step 4)' phase of compilation. See the Design Size Report for more details: C:/GitRepos/EECE4632/Lab4/dct/dct/hls/syn/report/csynth_design_size.rpt
INFO: [HLS 200-1995] There were 3,539 instructions in the design after the 'Array/Struct (step 5)' phase of compilation. See the Design Size Report for more details: C:/GitRepos/EECE4632/Lab4/dct/dct/hls/syn/report/csynth_design_size.rpt
INFO: [HLS 200-1995] There were 3,537 instructions in the design after the 'Performance (step 1)' phase of compilation. See the Design Size Report for more details: C:/GitRepos/EECE4632/Lab4/dct/dct/hls/syn/report/csynth_design_size.rpt
INFO: [HLS 200-1995] There were 3,583 instructions in the design after the 'Performance (step 2)' phase of compilation. See the Design Size Report for more details: C:/GitRepos/EECE4632/Lab4/dct/dct/hls/syn/report/csynth_design_size.rpt
INFO: [HLS 200-1995] There were 7,378 instructions in the design after the 'Performance (step 3)' phase of compilation. See the Design Size Report for more details: C:/GitRepos/EECE4632/Lab4/dct/dct/hls/syn/report/csynth_design_size.rpt
INFO: [HLS 200-1995] There were 3,554 instructions in the design after the 'Performance (step 4)' phase of compilation. See the Design Size Report for more details: C:/GitRepos/EECE4632/Lab4/dct/dct/hls/syn/report/csynth_design_size.rpt
INFO: [HLS 200-1995] There were 3,554 instructions in the design after the 'HW Transforms (step 1)' phase of compilation. See the Design Size Report for more details: C:/GitRepos/EECE4632/Lab4/dct/dct/hls/syn/report/csynth_design_size.rpt
INFO: [HLS 200-1995] There were 3,559 instructions in the design after the 'HW Transforms (step 2)' phase of compilation. See the Design Size Report for more details: C:/GitRepos/EECE4632/Lab4/dct/dct/hls/syn/report/csynth_design_size.rpt
INFO: [HLS 214-291] Loop 'Xpose_Col_Outer_Loop' is marked as complete unroll implied by the pipeline pragma (../dct_ref/dct.cpp:53:4)
INFO: [HLS 214-291] Loop 'Xpose_Col_Inner_Loop' is marked as complete unroll implied by the pipeline pragma (../dct_ref/dct.cpp:55:7)
INFO: [HLS 214-291] Loop 'Col_DCT_Loop' is marked as complete unroll implied by the pipeline pragma (../dct_ref/dct.cpp:48:4)
INFO: [HLS 214-291] Loop 'Xpose_Row_Outer_Loop' is marked as complete unroll implied by the pipeline pragma (../dct_ref/dct.cpp:42:4)
INFO: [HLS 214-291] Loop 'Xpose_Row_Inner_Loop' is marked as complete unroll implied by the pipeline pragma (../dct_ref/dct.cpp:44:7)
INFO: [HLS 214-291] Loop 'Row_DCT_Loop' is marked as complete unroll implied by the pipeline pragma (../dct_ref/dct.cpp:37:4)
INFO: [HLS 214-291] Loop 'DCT_Outer_Loop' is marked as complete unroll implied by the pipeline pragma (../dct_ref/dct.cpp:17:4)
INFO: [HLS 214-291] Loop 'DCT_Inner_Loop' is marked as complete unroll implied by the pipeline pragma (../dct_ref/dct.cpp:19:7)
INFO: [HLS 214-186] Unrolling loop 'Xpose_Col_Outer_Loop' (../dct_ref/dct.cpp:53:4) in function 'dct_2d' completely with a factor of 8 (../dct_ref/dct.cpp:29:0)
INFO: [HLS 214-186] Unrolling loop 'Xpose_Col_Inner_Loop' (../dct_ref/dct.cpp:55:7) in function 'dct_2d' completely with a factor of 8 (../dct_ref/dct.cpp:29:0)
INFO: [HLS 214-186] Unrolling loop 'Col_DCT_Loop' (../dct_ref/dct.cpp:48:4) in function 'dct_2d' completely with a factor of 8 (../dct_ref/dct.cpp:29:0)
INFO: [HLS 214-186] Unrolling loop 'Xpose_Row_Outer_Loop' (../dct_ref/dct.cpp:42:4) in function 'dct_2d' completely with a factor of 8 (../dct_ref/dct.cpp:29:0)
INFO: [HLS 214-186] Unrolling loop 'Xpose_Row_Inner_Loop' (../dct_ref/dct.cpp:44:7) in function 'dct_2d' completely with a factor of 8 (../dct_ref/dct.cpp:29:0)
INFO: [HLS 214-186] Unrolling loop 'Row_DCT_Loop' (../dct_ref/dct.cpp:37:4) in function 'dct_2d' completely with a factor of 8 (../dct_ref/dct.cpp:29:0)
INFO: [HLS 214-186] Unrolling loop 'DCT_Outer_Loop' (../dct_ref/dct.cpp:17:4) in function 'dct_1d' completely with a factor of 8 (../dct_ref/dct.cpp:9:0)
INFO: [HLS 214-186] Unrolling loop 'DCT_Inner_Loop' (../dct_ref/dct.cpp:19:7) in function 'dct_1d' completely with a factor of 8 (../dct_ref/dct.cpp:9:0)
INFO: [HLS 214-178] Inlining function 'read_data(short*, short (*) [8])' into 'dct' (../dct_ref/dct.cpp:84:0)
INFO: [HLS 214-178] Inlining function 'write_data(short (*) [8], short*)' into 'dct' (../dct_ref/dct.cpp:84:0)
INFO: [HLS 214-376] automatically set the pipeline for Loop< RD_Loop_Row> at ../dct_ref/dct.cpp:64:4 
INFO: [HLS 214-376] automatically set the pipeline for Loop< WR_Loop_Row> at ../dct_ref/dct.cpp:77:4 
INFO: [HLS 214-291] Loop 'WR_Loop_Col' is marked as complete unroll implied by the pipeline pragma (../dct_ref/dct.cpp:79:7)
INFO: [HLS 214-291] Loop 'RD_Loop_Col' is marked as complete unroll implied by the pipeline pragma (../dct_ref/dct.cpp:66:7)
INFO: [HLS 214-186] Unrolling loop 'WR_Loop_Col' (../dct_ref/dct.cpp:79:7) in function 'dct' completely with a factor of 8 (../dct_ref/dct.cpp:84:0)
INFO: [HLS 214-186] Unrolling loop 'RD_Loop_Col' (../dct_ref/dct.cpp:66:7) in function 'dct' completely with a factor of 8 (../dct_ref/dct.cpp:84:0)
INFO: [HLS 214-270] Inferring pragma 'array_partition type=cyclic factor=2 dim=1' for array 'row_outbuf' due to pipeline pragma (../dct_ref/dct.cpp:30:9)
INFO: [HLS 214-270] Inferring pragma 'array_partition type=complete dim=2' for array 'row_outbuf' due to pipeline pragma (../dct_ref/dct.cpp:30:9)
INFO: [HLS 214-270] Inferring pragma 'array_partition type=cyclic factor=2 dim=1' for array 'col_inbuf' due to pipeline pragma (../dct_ref/dct.cpp:30:9)
INFO: [HLS 214-270] Inferring pragma 'array_partition type=complete dim=2' for array 'col_inbuf' due to pipeline pragma (../dct_ref/dct.cpp:30:9)
INFO: [HLS 214-270] Inferring pragma 'array_partition type=cyclic factor=2 dim=1' for array 'col_outbuf' due to pipeline pragma (../dct_ref/dct.cpp:30:9)
INFO: [HLS 214-270] Inferring pragma 'array_partition type=complete dim=2' for array 'col_outbuf' due to pipeline pragma (../dct_ref/dct.cpp:30:9)
INFO: [HLS 214-270] Inferring pragma 'array_partition type=complete dim=2' for array 'buf_2d_in' due to pipeline pragma (../dct_ref/dct.cpp:87:10)
INFO: [HLS 214-270] Inferring pragma 'array_partition type=complete dim=2' for array 'buf_2d_out' due to pipeline pragma (../dct_ref/dct.cpp:30:9)
INFO: [HLS 214-248] Applying array_partition to 'row_outbuf': Cyclic partitioning with factor 2 on dimension 1. Complete partitioning on dimension 2. (../dct_ref/dct.cpp:31:13)
INFO: [HLS 214-248] Applying array_partition to 'col_outbuf': Cyclic partitioning with factor 2 on dimension 1. Complete partitioning on dimension 2. (../dct_ref/dct.cpp:32:15)
INFO: [HLS 214-248] Applying array_partition to 'col_inbuf': Cyclic partitioning with factor 2 on dimension 1. Complete partitioning on dimension 2. (../dct_ref/dct.cpp:32:33)
INFO: [HLS 214-248] Applying array_partition to 'buf_2d_in': Complete partitioning on dimension 2. (../dct_ref/dct.cpp:87:10)
INFO: [HLS 214-248] Applying array_partition to 'buf_2d_out': Complete partitioning on dimension 2. (../dct_ref/dct.cpp:88:10)
WARNING: [HLS 214-414] Cannot apply interface mode 'ap_none' on function argument 'input' since this interface mode only supports scalar types (../dct_ref/dct.cpp:84:0)
WARNING: [HLS 214-414] Cannot apply interface mode 'ap_none' on function argument 'output' since this interface mode only supports scalar types (../dct_ref/dct.cpp:84:0)
INFO: [HLS 214-115] Multiple burst reads of length 2 and bit width 512 has been inferred on bundle 'gmem'. These burst requests might be further partitioned into multiple requests during RTL generation, based on max_read_burst_length or max_write_burst_length settings. (../dct_ref/dct.cpp:64:4)
INFO: [HLS 214-115] Multiple burst writes of length 2 and bit width 512 has been inferred on bundle 'gmem'. These burst requests might be further partitioned into multiple requests during RTL generation, based on max_read_burst_length or max_write_burst_length settings. (../dct_ref/dct.cpp:77:4)
INFO: [HLS 200-111] Finished Compiling Optimization and Transform: CPU user time: 0 seconds. CPU system time: 0 seconds. Elapsed time: 10.093 seconds; current allocated memory: 235.992 MB.
INFO: [HLS 200-111] Finished Checking Pragmas: CPU user time: 0 seconds. CPU system time: 0 seconds. Elapsed time: 0.002 seconds; current allocated memory: 235.992 MB.
INFO: [HLS 200-10] Starting code transformations ...
INFO: [HLS 200-111] Finished Standard Transforms: CPU user time: 0 seconds. CPU system time: 0 seconds. Elapsed time: 0.055 seconds; current allocated memory: 242.672 MB.
INFO: [HLS 200-10] Checking synthesizability ...
INFO: [HLS 200-111] Finished Checking Synthesizability: CPU user time: 0 seconds. CPU system time: 0 seconds. Elapsed time: 0.059 seconds; current allocated memory: 246.727 MB.
INFO: [XFORM 203-11] Balancing expressions in function 'dct_1d' (../dct_ref/dct.cpp:21:1)...24 expression(s) balanced.
INFO: [HLS 200-111] Finished Loop, function and other optimizations: CPU user time: 0 seconds. CPU system time: 0 seconds. Elapsed time: 0.152 seconds; current allocated memory: 270.582 MB.
INFO: [HLS 200-111] Finished Architecture Synthesis: CPU user time: 0 seconds. CPU system time: 0 seconds. Elapsed time: 0.104 seconds; current allocated memory: 300.449 MB.
INFO: [HLS 200-10] Starting hardware synthesis ...
INFO: [HLS 200-10] Synthesizing 'dct' ...
INFO: [HLS 200-10] ----------------------------------------------------------------
INFO: [HLS 200-42] -- Implementing module 'dct_Pipeline_RD_Loop_Row' 
INFO: [HLS 200-10] ----------------------------------------------------------------
INFO: [SCHED 204-11] Starting scheduling ...
INFO: [SCHED 204-61] Pipelining loop 'RD_Loop_Row'.
INFO: [HLS 200-1470] Pipelining result : Target II = NA, Final II = 1, Depth = 3, loop 'RD_Loop_Row'
INFO: [SCHED 204-11] Finished scheduling.
INFO: [HLS 200-111] Finished Scheduling: CPU user time: 0 seconds. CPU system time: 0 seconds. Elapsed time: 0.152 seconds; current allocated memory: 304.418 MB.
INFO: [BIND 205-100] Starting micro-architecture generation ...
INFO: [BIND 205-101] Performing variable lifetime analysis.
INFO: [BIND 205-101] Exploring resource sharing.
INFO: [BIND 205-101] Binding ...
INFO: [BIND 205-100] Finished micro-architecture generation.
INFO: [HLS 200-111] Finished Binding: CPU user time: 0 seconds. CPU system time: 0 seconds. Elapsed time: 0.053 seconds; current allocated memory: 305.574 MB.
INFO: [HLS 200-10] ----------------------------------------------------------------
INFO: [HLS 200-42] -- Implementing module 'dct_1d' 
INFO: [HLS 200-10] ----------------------------------------------------------------
INFO: [SCHED 204-11] Starting scheduling ...
INFO: [HLS 200-486] Changing DSP latency (root=add_ln23_28) to 3 in order to utilize available DSP registers.
INFO: [HLS 200-486] Changing DSP latency (root=add_ln23_27) to 3 in order to utilize available DSP registers.
INFO: [HLS 200-486] Changing DSP latency (root=add_ln23_26) to 3 in order to utilize available DSP registers.
INFO: [HLS 200-486] Changing DSP latency (root=add_ln23_25) to 3 in order to utilize available DSP registers.
INFO: [HLS 200-486] Changing DSP latency (root=add_ln23_6) to 3 in order to utilize available DSP registers.
INFO: [HLS 200-486] Changing DSP latency (root=add_ln23_24) to 3 in order to utilize available DSP registers.
INFO: [HLS 200-486] Changing DSP latency (root=add_ln23_22) to 3 in order to utilize available DSP registers.
INFO: [HLS 200-486] Changing DSP latency (root=add_ln23_21) to 3 in order to utilize available DSP registers.
INFO: [HLS 200-486] Changing DSP latency (root=add_ln23_20) to 3 in order to utilize available DSP registers.
INFO: [HLS 200-486] Changing DSP latency (root=add_ln23_19) to 3 in order to utilize available DSP registers.
INFO: [HLS 200-486] Changing DSP latency (root=add_ln23_17) to 3 in order to utilize available DSP registers.
INFO: [HLS 200-486] Changing DSP latency (root=add_ln23_16) to 3 in order to utilize available DSP registers.
INFO: [HLS 200-486] Changing DSP latency (root=add_ln23_15) to 3 in order to utilize available DSP registers.
INFO: [HLS 200-486] Changing DSP latency (root=add_ln23_14) to 3 in order to utilize available DSP registers.
INFO: [HLS 200-486] Changing DSP latency (root=add_ln23_2) to 3 in order to utilize available DSP registers.
INFO: [HLS 200-486] Changing DSP latency (root=add_ln23_13) to 3 in order to utilize available DSP registers.
INFO: [HLS 200-486] Changing DSP latency (root=add_ln23_11) to 3 in order to utilize available DSP registers.
INFO: [HLS 200-486] Changing DSP latency (root=add_ln23_10) to 3 in order to utilize available DSP registers.
INFO: [HLS 200-486] Changing DSP latency (root=add_ln23_9) to 3 in order to utilize available DSP registers.
INFO: [HLS 200-486] Changing DSP latency (root=add_ln23_8) to 3 in order to utilize available DSP registers.
INFO: [SCHED 204-61] Pipelining function 'dct_1d'.
INFO: [HLS 200-1470] Pipelining result : Target II = 0, Final II = 1, Depth = 5, function 'dct_1d'
INFO: [SCHED 204-11] Finished scheduling.
INFO: [HLS 200-111] Finished Scheduling: CPU user time: 0 seconds. CPU system time: 0 seconds. Elapsed time: 0.238 seconds; current allocated memory: 306.578 MB.
INFO: [BIND 205-100] Starting micro-architecture generation ...
INFO: [BIND 205-101] Performing variable lifetime analysis.
INFO: [BIND 205-101] Exploring resource sharing.
INFO: [BIND 205-101] Binding ...
INFO: [BIND 205-100] Finished micro-architecture generation.
INFO: [HLS 200-111] Finished Binding: CPU user time: 0 seconds. CPU system time: 0 seconds. Elapsed time: 0.068 seconds; current allocated memory: 306.766 MB.
INFO: [HLS 200-10] ----------------------------------------------------------------
INFO: [HLS 200-42] -- Implementing module 'dct_2d' 
INFO: [HLS 200-10] ----------------------------------------------------------------
INFO: [SCHED 204-11] Starting scheduling ...
INFO: [SCHED 204-61] Pipelining function 'dct_2d'.
INFO: [HLS 200-1470] Pipelining result : Target II = 4, Final II = 4, Depth = 21, function 'dct_2d'
INFO: [SCHED 204-11] Finished scheduling.
INFO: [HLS 200-111] Finished Scheduling: CPU user time: 1 seconds. CPU system time: 0 seconds. Elapsed time: 0.161 seconds; current allocated memory: 309.402 MB.
INFO: [BIND 205-100] Starting micro-architecture generation ...
INFO: [BIND 205-101] Performing variable lifetime analysis.
INFO: [BIND 205-101] Exploring resource sharing.
INFO: [BIND 205-101] Binding ...
INFO: [BIND 205-100] Finished micro-architecture generation.
INFO: [HLS 200-111] Finished Binding: CPU user time: 0 seconds. CPU system time: 0 seconds. Elapsed time: 1.526 seconds; current allocated memory: 310.613 MB.
INFO: [HLS 200-10] ----------------------------------------------------------------
INFO: [HLS 200-42] -- Implementing module 'dct_Pipeline_WR_Loop_Row' 
INFO: [HLS 200-10] ----------------------------------------------------------------
INFO: [SCHED 204-11] Starting scheduling ...
INFO: [SCHED 204-61] Pipelining loop 'WR_Loop_Row'.
INFO: [HLS 200-1470] Pipelining result : Target II = NA, Final II = 1, Depth = 3, loop 'WR_Loop_Row'
INFO: [SCHED 204-11] Finished scheduling.
INFO: [HLS 200-111] Finished Scheduling: CPU user time: 0 seconds. CPU system time: 0 seconds. Elapsed time: 0.117 seconds; current allocated memory: 311.152 MB.
INFO: [BIND 205-100] Starting micro-architecture generation ...
INFO: [BIND 205-101] Performing variable lifetime analysis.
INFO: [BIND 205-101] Exploring resource sharing.
INFO: [BIND 205-101] Binding ...
INFO: [BIND 205-100] Finished micro-architecture generation.
INFO: [HLS 200-111] Finished Binding: CPU user time: 0 seconds. CPU system time: 0 seconds. Elapsed time: 0.055 seconds; current allocated memory: 311.363 MB.
INFO: [HLS 200-10] ----------------------------------------------------------------
INFO: [HLS 200-42] -- Implementing module 'dct' 
INFO: [HLS 200-10] ----------------------------------------------------------------
INFO: [SCHED 204-11] Starting scheduling ...
INFO: [SCHED 204-11] Finished scheduling.
INFO: [HLS 200-111] Finished Scheduling: CPU user time: 0 seconds. CPU system time: 0 seconds. Elapsed time: 0.056 seconds; current allocated memory: 311.785 MB.
INFO: [BIND 205-100] Starting micro-architecture generation ...
INFO: [BIND 205-101] Performing variable lifetime analysis.
INFO: [BIND 205-101] Exploring resource sharing.
INFO: [BIND 205-101] Binding ...
INFO: [BIND 205-100] Finished micro-architecture generation.
INFO: [HLS 200-111] Finished Binding: CPU user time: 0 seconds. CPU system time: 0 seconds. Elapsed time: 0.065 seconds; current allocated memory: 312.504 MB.
INFO: [HLS 200-10] ----------------------------------------------------------------
INFO: [HLS 200-10] -- Generating RTL for module 'dct_Pipeline_RD_Loop_Row' 
INFO: [HLS 200-10] ----------------------------------------------------------------
INFO: [HLS 200-1030] Apply Unified Pipeline Control on module 'dct_Pipeline_RD_Loop_Row' pipeline 'RD_Loop_Row' pipeline type 'loop pipeline'
WARNING: [RTGEN 206-101] Setting dangling out port 'dct_Pipeline_RD_Loop_Row/m_axi_gmem_ARVALID' to 0.
WARNING: [RTGEN 206-101] Setting dangling out port 'dct_Pipeline_RD_Loop_Row/m_axi_gmem_ARADDR' to 0.
WARNING: [RTGEN 206-101] Setting dangling out port 'dct_Pipeline_RD_Loop_Row/m_axi_gmem_ARID' to 0.
WARNING: [RTGEN 206-101] Setting dangling out port 'dct_Pipeline_RD_Loop_Row/m_axi_gmem_ARLEN' to 0.
WARNING: [RTGEN 206-101] Setting dangling out port 'dct_Pipeline_RD_Loop_Row/m_axi_gmem_ARSIZE' to 0.
WARNING: [RTGEN 206-101] Setting dangling out port 'dct_Pipeline_RD_Loop_Row/m_axi_gmem_ARBURST' to 0.
WARNING: [RTGEN 206-101] Setting dangling out port 'dct_Pipeline_RD_Loop_Row/m_axi_gmem_ARLOCK' to 0.
WARNING: [RTGEN 206-101] Setting dangling out port 'dct_Pipeline_RD_Loop_Row/m_axi_gmem_ARCACHE' to 0.
WARNING: [RTGEN 206-101] Setting dangling out port 'dct_Pipeline_RD_Loop_Row/m_axi_gmem_ARPROT' to 0.
WARNING: [RTGEN 206-101] Setting dangling out port 'dct_Pipeline_RD_Loop_Row/m_axi_gmem_ARQOS' to 0.
WARNING: [RTGEN 206-101] Setting dangling out port 'dct_Pipeline_RD_Loop_Row/m_axi_gmem_ARREGION' to 0.
WARNING: [RTGEN 206-101] Setting dangling out port 'dct_Pipeline_RD_Loop_Row/m_axi_gmem_ARUSER' to 0.
INFO: [RTGEN 206-100] Finished creating RTL model for 'dct_Pipeline_RD_Loop_Row'.
INFO: [HLS 200-111] Finished Creating RTL model: CPU user time: 0 seconds. CPU system time: 0 seconds. Elapsed time: 0.164 seconds; current allocated memory: 314.645 MB.
INFO: [HLS 200-10] ----------------------------------------------------------------
INFO: [HLS 200-10] -- Generating RTL for module 'dct_1d' 
INFO: [HLS 200-10] ----------------------------------------------------------------
INFO: [RTGEN 206-100] Generating core module 'ama_addmuladd_18s_16s_13ns_29ns_29_4_0': 1 instance(s).
INFO: [RTGEN 206-100] Generating core module 'ama_submuladd_16s_16s_12ns_29s_29_4_0': 1 instance(s).
INFO: [RTGEN 206-100] Generating core module 'ama_submuladd_16s_16s_13ns_29s_29_4_0': 1 instance(s).
INFO: [RTGEN 206-100] Generating core module 'ama_submuladd_18s_16s_14ns_29ns_29_4_0': 1 instance(s).
INFO: [RTGEN 206-100] Generating core module 'mac_muladd_16s_14ns_29ns_29_4_0': 3 instance(s).
INFO: [RTGEN 206-100] Generating core module 'mac_muladd_16s_14ns_29s_29_4_0': 2 instance(s).
INFO: [RTGEN 206-100] Generating core module 'mac_muladd_16s_15s_13ns_29_4_0': 1 instance(s).
INFO: [RTGEN 206-100] Generating core module 'mac_muladd_16s_15s_29ns_29_4_0': 1 instance(s).
INFO: [RTGEN 206-100] Generating core module 'mac_muladd_16s_15s_29s_29_4_0': 1 instance(s).
INFO: [RTGEN 206-100] Generating core module 'mac_muladd_17s_12ns_13ns_29_4_0': 2 instance(s).
INFO: [RTGEN 206-100] Generating core module 'mac_muladd_17s_12ns_29s_29_4_0': 1 instance(s).
INFO: [RTGEN 206-100] Generating core module 'mac_muladd_17s_13ns_13ns_29_4_0': 1 instance(s).
INFO: [RTGEN 206-100] Generating core module 'mac_muladd_17s_13ns_29s_29_4_0': 2 instance(s).
INFO: [RTGEN 206-100] Generating core module 'mac_muladd_18s_13ns_13ns_29_4_0': 1 instance(s).
INFO: [RTGEN 206-100] Generating core module 'mac_muladd_18s_14ns_13ns_29_4_0': 1 instance(s).
INFO: [RTGEN 206-100] Generating core module 'mul_16s_15ns_29_1_0': 3 instance(s).
INFO: [RTGEN 206-100] Generating core module 'mul_16s_15s_29_1_0': 5 instance(s).
INFO: [RTGEN 206-100] Finished creating RTL model for 'dct_1d'.
INFO: [HLS 200-111] Finished Creating RTL model: CPU user time: 0 seconds. CPU system time: 0 seconds. Elapsed time: 1.709 seconds; current allocated memory: 318.629 MB.
INFO: [HLS 200-10] ----------------------------------------------------------------
INFO: [HLS 200-10] -- Generating RTL for module 'dct_2d' 
INFO: [HLS 200-10] ----------------------------------------------------------------
INFO: [HLS 200-1030] Apply Unified Pipeline Control on module 'dct_2d' pipeline 'dct_2d' pipeline type 'function pipeline'
INFO: [RTGEN 206-100] Finished creating RTL model for 'dct_2d'.
INFO: [HLS 200-111] Finished Creating RTL model: CPU user time: 0 seconds. CPU system time: 0 seconds. Elapsed time: 0.264 seconds; current allocated memory: 324.254 MB.
INFO: [HLS 200-10] ----------------------------------------------------------------
INFO: [HLS 200-10] -- Generating RTL for module 'dct_Pipeline_WR_Loop_Row' 
INFO: [HLS 200-10] ----------------------------------------------------------------
INFO: [HLS 200-1030] Apply Unified Pipeline Control on module 'dct_Pipeline_WR_Loop_Row' pipeline 'WR_Loop_Row' pipeline type 'loop pipeline'
WARNING: [RTGEN 206-101] Setting dangling out port 'dct_Pipeline_WR_Loop_Row/m_axi_gmem_AWVALID' to 0.
WARNING: [RTGEN 206-101] Setting dangling out port 'dct_Pipeline_WR_Loop_Row/m_axi_gmem_AWADDR' to 0.
WARNING: [RTGEN 206-101] Setting dangling out port 'dct_Pipeline_WR_Loop_Row/m_axi_gmem_AWID' to 0.
WARNING: [RTGEN 206-101] Setting dangling out port 'dct_Pipeline_WR_Loop_Row/m_axi_gmem_AWLEN' to 0.
WARNING: [RTGEN 206-101] Setting dangling out port 'dct_Pipeline_WR_Loop_Row/m_axi_gmem_AWSIZE' to 0.
WARNING: [RTGEN 206-101] Setting dangling out port 'dct_Pipeline_WR_Loop_Row/m_axi_gmem_AWBURST' to 0.
WARNING: [RTGEN 206-101] Setting dangling out port 'dct_Pipeline_WR_Loop_Row/m_axi_gmem_AWLOCK' to 0.
WARNING: [RTGEN 206-101] Setting dangling out port 'dct_Pipeline_WR_Loop_Row/m_axi_gmem_AWCACHE' to 0.
WARNING: [RTGEN 206-101] Setting dangling out port 'dct_Pipeline_WR_Loop_Row/m_axi_gmem_AWPROT' to 0.
WARNING: [RTGEN 206-101] Setting dangling out port 'dct_Pipeline_WR_Loop_Row/m_axi_gmem_AWQOS' to 0.
WARNING: [RTGEN 206-101] Setting dangling out port 'dct_Pipeline_WR_Loop_Row/m_axi_gmem_AWREGION' to 0.
WARNING: [RTGEN 206-101] Setting dangling out port 'dct_Pipeline_WR_Loop_Row/m_axi_gmem_AWUSER' to 0.
WARNING: [RTGEN 206-101] Setting dangling out port 'dct_Pipeline_WR_Loop_Row/m_axi_gmem_BREADY' to 0.
INFO: [RTGEN 206-100] Finished creating RTL model for 'dct_Pipeline_WR_Loop_Row'.
INFO: [HLS 200-111] Finished Creating RTL model: CPU user time: 0 seconds. CPU system time: 1 seconds. Elapsed time: 1.547 seconds; current allocated memory: 330.688 MB.
INFO: [HLS 200-10] ----------------------------------------------------------------
INFO: [HLS 200-10] -- Generating RTL for module 'dct' 
INFO: [HLS 200-10] ----------------------------------------------------------------
WARNING: [RTGEN 206-101] Design contains AXI ports. Reset is fixed to synchronous and active low.
INFO: [RTGEN 206-500] Setting interface mode on port 'dct/gmem' to 'm_axi'.
INFO: [RTGEN 206-500] Setting interface mode on port 'dct/input_r' to 's_axilite & ap_none'.
INFO: [RTGEN 206-500] Setting interface mode on port 'dct/output_r' to 's_axilite & ap_none'.
INFO: [RTGEN 206-500] Setting interface mode on function 'dct' to 's_axilite & ap_ctrl_chain'.
INFO: [RTGEN 206-100] Bundling port 'input_r', 'output_r' and 'return' to AXI-Lite port control.
INFO: [RTGEN 206-100] Finished creating RTL model for 'dct'.
INFO: [RTMG 210-278] Implementing memory 'dct_buf_2d_in_RAM_AUTO_1R1W' using auto RAMs.
INFO: [RTMG 210-278] Implementing memory 'dct_buf_2d_out_RAM_AUTO_1R1W' using auto RAMs.
INFO: [HLS 200-111] Finished Creating RTL model: CPU user time: 0 seconds. CPU system time: 0 seconds. Elapsed time: 0.207 seconds; current allocated memory: 335.102 MB.
INFO: [HLS 200-111] Finished Generating all RTL models: CPU user time: 1 seconds. CPU system time: 0 seconds. Elapsed time: 0.704 seconds; current allocated memory: 339.457 MB.
INFO: [HLS 200-1603] Design has inferred MAXI bursts, see Vitis HLS GUI synthesis summary report for detailed information.
INFO: [HLS 200-111] Finished Updating report files: CPU user time: 0 seconds. CPU system time: 0 seconds. Elapsed time: 0.689 seconds; current allocated memory: 346.641 MB.
INFO: [VHDL 208-304] Generating VHDL RTL for dct.
INFO: [VLOG 209-307] Generating Verilog RTL for dct.
INFO: [HLS 200-790] **** Loop Constraint Status: All loop constraints were satisfied.
INFO: [HLS 200-789] **** Estimated Fmax: 142.05 MHz
INFO: [HLS 200-112] Total CPU user time: 4 seconds. Total CPU system time: 2 seconds. Total elapsed time: 23.673 seconds; peak allocated memory: 346.676 MB.
INFO: [v++ 60-791] Total elapsed time: 0h 0m 27s
