01/29/26 19:41:22: Running xcd server. This server was NOT built by gradle, but presumably rdi.
01/29/26 19:41:22: Server was asked to start on port: '52655'
01/29/26 19:41:22: Server is using token UUID: '2b15fc76-a281-4e73-90b6-d26a5998e1dd'
01/29/26 19:41:22: SESSION_MGR: creating session with session uuid: '6d04a3e9-ade5-4ab9-8d63-1f78fcd2ec76' and name 'default'
01/29/26 19:41:22: Attempting to start server on port '52655'
01/29/26 19:41:22: Running Dispatch Server
01/29/26 19:41:22: Version 2.2.0
01/29/26 19:41:24: Dispatch Server: Accepted socket connection from client
01/29/26 19:41:24: Starting Socket connection
01/29/26 19:41:24: EXCHANGE_TOKEN received, server token: 2b15fc76-a281-4e73-90b6-d26a5998e1dd, passed token: 2b15fc76-a281-4e73-90b6-d26a5998e1dd
01/29/26 19:41:24: DISPATCH_HANDLER: Adding handler from function makeHandler in library librdi_system_diagram failed with exception: Could not dynamically load librdi_system_diagram.dll
01/29/26 19:41:24: SESSION_MGR: creating session with session uuid: '0f7d30f4-9284-40e5-a0b8-32c44ac53bbe' and name 'vitis-run_compile_dct'
01/29/26 19:41:24: KERNEL_SVC: creating session with uuid: '0f7d30f4-9284-40e5-a0b8-32c44ac53bbe' and name 'vitis-run_compile_dct'
01/29/26 19:41:24: GUIDANCE_SMGR: creating guidance session with uuid: '0f7d30f4-9284-40e5-a0b8-32c44ac53bbe' and name 'vitis-run_compile_dct'
01/29/26 19:41:28: Dispatch Server: Accepted socket connection from client
01/29/26 19:41:28: Starting Socket connection
01/29/26 19:41:37: SESSION_MGR: closing session for UUID '0f7d30f4-9284-40e5-a0b8-32c44ac53bbe' with name 'vitis-run_compile_dct'
01/29/26 19:41:37: KERNEL_SVC: closing session for UUID '0f7d30f4-9284-40e5-a0b8-32c44ac53bbe' with name 'vitis-run_compile_dct'
01/29/26 19:41:37: GUIDANCE_SMGR: closing session for UUID '0f7d30f4-9284-40e5-a0b8-32c44ac53bbe' with name 'vitis-run_compile_dct'
01/29/26 19:41:37: STOP_SERVER received, server token: 2b15fc76-a281-4e73-90b6-d26a5998e1dd, passed token: 2b15fc76-a281-4e73-90b6-d26a5998e1dd
01/29/26 19:41:37: Socket received request to stop server.
01/29/26 19:41:37: Dispatch Server: do_await_stop
01/29/26 19:41:37: SERVER: destructor for server bound to port 52655
01/29/26 19:41:37: Server exiting with status 0.
01/29/26 19:41:37: Closing log file.
01/29/26 19:41:57: Running xcd server. This server was NOT built by gradle, but presumably rdi.
01/29/26 19:41:57: Server was asked to start on port: '59419'
01/29/26 19:41:57: Server is using token UUID: '3a64e2d3-ccc0-4c50-84d8-9c0c96837a69'
01/29/26 19:41:57: SESSION_MGR: creating session with session uuid: '6d04a3e9-ade5-4ab9-8d63-1f78fcd2ec76' and name 'default'
01/29/26 19:41:57: Attempting to start server on port '59419'
01/29/26 19:41:57: Running Dispatch Server
01/29/26 19:41:57: Version 2.2.0
01/29/26 19:41:59: Dispatch Server: Accepted socket connection from client
01/29/26 19:41:59: Starting Socket connection
01/29/26 19:41:59: EXCHANGE_TOKEN received, server token: 3a64e2d3-ccc0-4c50-84d8-9c0c96837a69, passed token: 3a64e2d3-ccc0-4c50-84d8-9c0c96837a69
01/29/26 19:41:59: DISPATCH_HANDLER: Adding handler from function makeHandler in library librdi_system_diagram failed with exception: Could not dynamically load librdi_system_diagram.dll
01/29/26 19:41:59: SESSION_MGR: creating session with session uuid: 'ab6de857-9768-4c8c-b62c-96fc814be009' and name 'v++_compile_dct'
01/29/26 19:41:59: KERNEL_SVC: creating session with uuid: 'ab6de857-9768-4c8c-b62c-96fc814be009' and name 'v++_compile_dct'
01/29/26 19:41:59: GUIDANCE_SMGR: creating guidance session with uuid: 'ab6de857-9768-4c8c-b62c-96fc814be009' and name 'v++_compile_dct'
01/29/26 19:42:02: Dispatch Server: Accepted socket connection from client
01/29/26 19:42:02: Starting Socket connection
01/29/26 19:42:27: SESSION_MGR: closing session for UUID 'ab6de857-9768-4c8c-b62c-96fc814be009' with name 'v++_compile_dct'
01/29/26 19:42:27: KERNEL_SVC: closing session for UUID 'ab6de857-9768-4c8c-b62c-96fc814be009' with name 'v++_compile_dct'
01/29/26 19:42:27: GUIDANCE_SMGR: closing session for UUID 'ab6de857-9768-4c8c-b62c-96fc814be009' with name 'v++_compile_dct'
01/29/26 19:42:27: STOP_SERVER received, server token: 3a64e2d3-ccc0-4c50-84d8-9c0c96837a69, passed token: 3a64e2d3-ccc0-4c50-84d8-9c0c96837a69
01/29/26 19:42:27: Socket received request to stop server.
01/29/26 19:42:27: Dispatch Server: do_await_stop
01/29/26 19:42:27: SERVER: destructor for server bound to port 59419
01/29/26 19:42:27: Server exiting with status 0.
01/29/26 19:42:27: Closing log file.
01/29/26 19:50:55: Running xcd server. This server was NOT built by gradle, but presumably rdi.
01/29/26 19:50:55: Server was asked to start on port: '55835'
01/29/26 19:50:55: Server is using token UUID: '623a805d-d025-45da-a89d-b87cc7ff221b'
01/29/26 19:50:55: SESSION_MGR: creating session with session uuid: '6d04a3e9-ade5-4ab9-8d63-1f78fcd2ec76' and name 'default'
01/29/26 19:50:55: Attempting to start server on port '55835'
01/29/26 19:50:55: Running Dispatch Server
01/29/26 19:50:55: Version 2.2.0
01/29/26 19:50:57: Dispatch Server: Accepted socket connection from client
01/29/26 19:50:57: Starting Socket connection
01/29/26 19:50:57: EXCHANGE_TOKEN received, server token: 623a805d-d025-45da-a89d-b87cc7ff221b, passed token: 623a805d-d025-45da-a89d-b87cc7ff221b
01/29/26 19:50:57: DISPATCH_HANDLER: Adding handler from function makeHandler in library librdi_system_diagram failed with exception: Could not dynamically load librdi_system_diagram.dll
01/29/26 19:50:57: SESSION_MGR: creating session with session uuid: 'afa82cfd-89cc-43a6-8ff0-7ebd50a0d942' and name 'v++_compile_dct'
01/29/26 19:50:57: KERNEL_SVC: creating session with uuid: 'afa82cfd-89cc-43a6-8ff0-7ebd50a0d942' and name 'v++_compile_dct'
01/29/26 19:50:57: GUIDANCE_SMGR: creating guidance session with uuid: 'afa82cfd-89cc-43a6-8ff0-7ebd50a0d942' and name 'v++_compile_dct'
01/29/26 19:51:00: Dispatch Server: Accepted socket connection from client
01/29/26 19:51:00: Starting Socket connection
01/29/26 19:51:22: SESSION_MGR: closing session for UUID 'afa82cfd-89cc-43a6-8ff0-7ebd50a0d942' with name 'v++_compile_dct'
01/29/26 19:51:22: KERNEL_SVC: closing session for UUID 'afa82cfd-89cc-43a6-8ff0-7ebd50a0d942' with name 'v++_compile_dct'
01/29/26 19:51:22: GUIDANCE_SMGR: closing session for UUID 'afa82cfd-89cc-43a6-8ff0-7ebd50a0d942' with name 'v++_compile_dct'
01/29/26 19:51:22: STOP_SERVER received, server token: 623a805d-d025-45da-a89d-b87cc7ff221b, passed token: 623a805d-d025-45da-a89d-b87cc7ff221b
01/29/26 19:51:22: Socket received request to stop server.
01/29/26 19:51:22: Dispatch Server: do_await_stop
01/29/26 19:51:22: SERVER: destructor for server bound to port 55835
01/29/26 19:51:22: Server exiting with status 0.
01/29/26 19:51:22: Closing log file.
01/29/26 19:52:29: Running xcd server. This server was NOT built by gradle, but presumably rdi.
01/29/26 19:52:29: Server was asked to start on port: '55104'
01/29/26 19:52:29: Server is using token UUID: '90ee0d48-0c6b-421b-be67-79e35ae8b30e'
01/29/26 19:52:29: SESSION_MGR: creating session with session uuid: '6d04a3e9-ade5-4ab9-8d63-1f78fcd2ec76' and name 'default'
01/29/26 19:52:29: Attempting to start server on port '55104'
01/29/26 19:52:29: Running Dispatch Server
01/29/26 19:52:29: Version 2.2.0
01/29/26 19:52:31: Dispatch Server: Accepted socket connection from client
01/29/26 19:52:31: Starting Socket connection
01/29/26 19:52:31: EXCHANGE_TOKEN received, server token: 90ee0d48-0c6b-421b-be67-79e35ae8b30e, passed token: 90ee0d48-0c6b-421b-be67-79e35ae8b30e
01/29/26 19:52:31: DISPATCH_HANDLER: Adding handler from function makeHandler in library librdi_system_diagram failed with exception: Could not dynamically load librdi_system_diagram.dll
01/29/26 19:52:31: SESSION_MGR: creating session with session uuid: 'f610c1be-8e98-4913-a6eb-af8e93e276d6' and name 'v++_compile_dct'
01/29/26 19:52:31: KERNEL_SVC: creating session with uuid: 'f610c1be-8e98-4913-a6eb-af8e93e276d6' and name 'v++_compile_dct'
01/29/26 19:52:31: GUIDANCE_SMGR: creating guidance session with uuid: 'f610c1be-8e98-4913-a6eb-af8e93e276d6' and name 'v++_compile_dct'
01/29/26 19:52:34: Dispatch Server: Accepted socket connection from client
01/29/26 19:52:34: Starting Socket connection
01/29/26 19:52:55: SESSION_MGR: closing session for UUID 'f610c1be-8e98-4913-a6eb-af8e93e276d6' with name 'v++_compile_dct'
01/29/26 19:52:55: KERNEL_SVC: closing session for UUID 'f610c1be-8e98-4913-a6eb-af8e93e276d6' with name 'v++_compile_dct'
01/29/26 19:52:55: GUIDANCE_SMGR: closing session for UUID 'f610c1be-8e98-4913-a6eb-af8e93e276d6' with name 'v++_compile_dct'
01/29/26 19:52:55: STOP_SERVER received, server token: 90ee0d48-0c6b-421b-be67-79e35ae8b30e, passed token: 90ee0d48-0c6b-421b-be67-79e35ae8b30e
01/29/26 19:52:55: Socket received request to stop server.
01/29/26 19:52:55: Dispatch Server: do_await_stop
01/29/26 19:52:55: SERVER: destructor for server bound to port 55104
01/29/26 19:52:55: Server exiting with status 0.
01/29/26 19:52:55: Closing log file.
01/29/26 20:29:13: Running xcd server. This server was NOT built by gradle, but presumably rdi.
01/29/26 20:29:13: Server was asked to start on port: '54080'
01/29/26 20:29:13: Server is using token UUID: '6fc848f9-82f6-437b-beed-507786a41600'
01/29/26 20:29:13: SESSION_MGR: creating session with session uuid: '6d04a3e9-ade5-4ab9-8d63-1f78fcd2ec76' and name 'default'
01/29/26 20:29:13: Attempting to start server on port '54080'
01/29/26 20:29:13: Running Dispatch Server
01/29/26 20:29:13: Version 2.2.0
01/29/26 20:29:15: Dispatch Server: Accepted socket connection from client
01/29/26 20:29:15: Starting Socket connection
01/29/26 20:29:15: EXCHANGE_TOKEN received, server token: 6fc848f9-82f6-437b-beed-507786a41600, passed token: 6fc848f9-82f6-437b-beed-507786a41600
01/29/26 20:29:15: DISPATCH_HANDLER: Adding handler from function makeHandler in library librdi_system_diagram failed with exception: Could not dynamically load librdi_system_diagram.dll
01/29/26 20:29:15: SESSION_MGR: creating session with session uuid: '565a17c3-5299-492d-bb50-6de15be291d6' and name 'v++_compile_dct'
01/29/26 20:29:15: KERNEL_SVC: creating session with uuid: '565a17c3-5299-492d-bb50-6de15be291d6' and name 'v++_compile_dct'
01/29/26 20:29:15: GUIDANCE_SMGR: creating guidance session with uuid: '565a17c3-5299-492d-bb50-6de15be291d6' and name 'v++_compile_dct'
01/29/26 20:29:18: Dispatch Server: Accepted socket connection from client
01/29/26 20:29:18: Starting Socket connection
01/29/26 20:29:40: SESSION_MGR: closing session for UUID '565a17c3-5299-492d-bb50-6de15be291d6' with name 'v++_compile_dct'
01/29/26 20:29:40: KERNEL_SVC: closing session for UUID '565a17c3-5299-492d-bb50-6de15be291d6' with name 'v++_compile_dct'
01/29/26 20:29:40: GUIDANCE_SMGR: closing session for UUID '565a17c3-5299-492d-bb50-6de15be291d6' with name 'v++_compile_dct'
01/29/26 20:29:40: STOP_SERVER received, server token: 6fc848f9-82f6-437b-beed-507786a41600, passed token: 6fc848f9-82f6-437b-beed-507786a41600
01/29/26 20:29:40: Socket received request to stop server.
01/29/26 20:29:40: Dispatch Server: do_await_stop
01/29/26 20:29:40: SERVER: destructor for server bound to port 54080
01/29/26 20:29:40: Server exiting with status 0.
01/29/26 20:29:40: Closing log file.
