

================================================================
== Vitis HLS Report for 'mmult_hw'
================================================================
* Date:           Wed Feb 18 15:46:25 2026

* Version:        2024.1 (Build 5069499 on May 21 2024)
* Project:        matmul_D2_Pipeline_Inner_Loop
* Solution:       hls (Vivado IP Flow Target)
* Product family: zynquplus
* Target device:  xczu3eg-sbva484-1-e


================================================================
== Performance Estimates
================================================================
+ Timing: 
    * Summary: 
    +--------+----------+----------+------------+
    |  Clock |  Target  | Estimated| Uncertainty|
    +--------+----------+----------+------------+
    |ap_clk  |  10.00 ns|  7.300 ns|     2.70 ns|
    +--------+----------+----------+------------+

+ Latency: 
    * Summary: 
    +---------+---------+-----------+-----------+---------+---------+---------+
    |  Latency (cycles) |   Latency (absolute)  |      Interval     | Pipeline|
    |   min   |   max   |    min    |    max    |   min   |   max   |   Type  |
    +---------+---------+-----------+-----------+---------+---------+---------+
    |  4686081|  4686081|  46.861 ms|  46.861 ms|  4686082|  4686082|       no|
    +---------+---------+-----------+-----------+---------+---------+---------+

    + Detail: 
        * Instance: 
        N/A

        * Loop: 
        +----------+---------+---------+----------+-----------+-----------+------+----------+
        |          |  Latency (cycles) | Iteration|  Initiation Interval  | Trip |          |
        | Loop Name|   min   |   max   |  Latency |  achieved |   target  | Count| Pipelined|
        +----------+---------+---------+----------+-----------+-----------+------+----------+
        |- loop1   |  4686080|  4686080|     36610|          -|          -|   128|        no|
        | + loop2  |    36608|    36608|       286|          -|          -|   128|        no|
        +----------+---------+---------+----------+-----------+-----------+------+----------+

============================================================
+ Verbose Summary: Synthesis Manager
============================================================
InlineROM: 1
ExposeGlobal: 0
============================================================
+ Verbose Summary: CDFG Model
============================================================
IsTopModel: 1
ResetActiveHigh: 1
IsCombinational: 0
IsDatapathOnly: 0
HasWiredReturn: 1
HasMFsm: 0
HasVarLatency: 1
IsPipeline: 0
IsRtlPipelined: 0
IsInstanceOverlapped: 0
IsDontTouch: 0
HasImplIP: 0
IsGatedGlobalClock: 0


============================================================
+ Verbose Summary: Schedule
============================================================
* Number of FSM states : 21
* Pipeline : 0
* Dataflow Pipeline: 0

* FSM state transitions: 
1 --> 2 
2 --> 3 
3 --> 4 2 
4 --> 5 
5 --> 6 
6 --> 7 
7 --> 8 
8 --> 9 
9 --> 10 
10 --> 11 
11 --> 12 
12 --> 13 
13 --> 14 
14 --> 15 
15 --> 16 
16 --> 17 
17 --> 18 
18 --> 19 
19 --> 20 
20 --> 21 
21 --> 3 

* FSM state operations: 

State 1 <SV = 0> <Delay = 1.00>
ST_1 : Operation 22 [1/1] (0.00ns)   --->   "%phi_mul7 = alloca i32 1"   --->   Operation 22 'alloca' 'phi_mul7' <Predicate = true> <Delay = 0.00>
ST_1 : Operation 23 [1/1] (0.00ns)   --->   "%phi_mul4 = alloca i32 1"   --->   Operation 23 'alloca' 'phi_mul4' <Predicate = true> <Delay = 0.00>
ST_1 : Operation 24 [1/1] (0.00ns)   --->   "%i = alloca i32 1" [mmult_baseline.cpp:15]   --->   Operation 24 'alloca' 'i' <Predicate = true> <Delay = 0.00>
ST_1 : Operation 25 [1/1] (1.00ns)   --->   "%dim_read = read i32 @_ssdm_op_Read.s_axilite.i32, i32 %dim"   --->   Operation 25 'read' 'dim_read' <Predicate = true> <Delay = 1.00> <CoreInst = "s_axilite">   --->   Core 120 's_axilite' <Latency = 0> <II = 1> <Delay = 1.00> <Adapter> <Opcode : 'read' 'write'>
ST_1 : Operation 26 [1/1] (1.00ns)   --->   "%out_r_read = read i64 @_ssdm_op_Read.s_axilite.i64, i64 %out_r"   --->   Operation 26 'read' 'out_r_read' <Predicate = true> <Delay = 1.00> <CoreInst = "s_axilite">   --->   Core 120 's_axilite' <Latency = 0> <II = 1> <Delay = 1.00> <Adapter> <Opcode : 'read' 'write'>
ST_1 : Operation 27 [1/1] (1.00ns)   --->   "%in2_read = read i64 @_ssdm_op_Read.s_axilite.i64, i64 %in2"   --->   Operation 27 'read' 'in2_read' <Predicate = true> <Delay = 1.00> <CoreInst = "s_axilite">   --->   Core 120 's_axilite' <Latency = 0> <II = 1> <Delay = 1.00> <Adapter> <Opcode : 'read' 'write'>
ST_1 : Operation 28 [1/1] (1.00ns)   --->   "%in1_read = read i64 @_ssdm_op_Read.s_axilite.i64, i64 %in1"   --->   Operation 28 'read' 'in1_read' <Predicate = true> <Delay = 1.00> <CoreInst = "s_axilite">   --->   Core 120 's_axilite' <Latency = 0> <II = 1> <Delay = 1.00> <Adapter> <Opcode : 'read' 'write'>
ST_1 : Operation 29 [1/1] (0.00ns)   --->   "%add187_loc = alloca i64 1"   --->   Operation 29 'alloca' 'add187_loc' <Predicate = true> <Delay = 0.00>
ST_1 : Operation 30 [1/1] (0.00ns)   --->   "%spectopmodule_ln7 = spectopmodule void @_ssdm_op_SpecTopModule, void @empty_12" [mmult_baseline.cpp:7]   --->   Operation 30 'spectopmodule' 'spectopmodule_ln7' <Predicate = true> <Delay = 0.00>
ST_1 : Operation 31 [1/1] (0.00ns)   --->   "%specinterface_ln0 = specinterface void @_ssdm_op_SpecInterface, i32 %gmem, void @empty, i32 0, i32 0, void @empty_0, i32 0, i32 16384, void @empty_1, void @empty_2, void @empty_0, i32 16, i32 16, i32 16, i32 16, void @empty_0, void @empty_0, i32 4294967295, i32 0, i32 0"   --->   Operation 31 'specinterface' 'specinterface_ln0' <Predicate = true> <Delay = 0.00>
ST_1 : Operation 32 [1/1] (0.00ns)   --->   "%specbitsmap_ln0 = specbitsmap void @_ssdm_op_SpecBitsMap, i32 %gmem"   --->   Operation 32 'specbitsmap' 'specbitsmap_ln0' <Predicate = true> <Delay = 0.00>
ST_1 : Operation 33 [1/1] (0.00ns)   --->   "%specinterface_ln0 = specinterface void @_ssdm_op_SpecInterface, i64 %in1, void @empty_3, i32 0, i32 0, void @empty_0, i32 0, i32 0, void @empty_4, void @empty_5, void @empty_0, i32 0, i32 0, i32 0, i32 0, void @empty_0, void @empty_6, i32 4294967295, i32 0, i32 0"   --->   Operation 33 'specinterface' 'specinterface_ln0' <Predicate = true> <Delay = 0.00>
ST_1 : Operation 34 [1/1] (0.00ns)   --->   "%specinterface_ln0 = specinterface void @_ssdm_op_SpecInterface, i64 %in1, void @empty_7, i32 0, i32 0, void @empty_0, i32 0, i32 0, void @empty_0, void @empty_0, void @empty_0, i32 0, i32 0, i32 0, i32 0, void @empty_0, void @empty_6, i32 4294967295, i32 0, i32 0"   --->   Operation 34 'specinterface' 'specinterface_ln0' <Predicate = true> <Delay = 0.00>
ST_1 : Operation 35 [1/1] (0.00ns)   --->   "%specinterface_ln0 = specinterface void @_ssdm_op_SpecInterface, i64 %in2, void @empty_3, i32 0, i32 0, void @empty_0, i32 0, i32 0, void @empty_4, void @empty_8, void @empty_0, i32 0, i32 0, i32 0, i32 0, void @empty_0, void @empty_6, i32 4294967295, i32 0, i32 0"   --->   Operation 35 'specinterface' 'specinterface_ln0' <Predicate = true> <Delay = 0.00>
ST_1 : Operation 36 [1/1] (0.00ns)   --->   "%specinterface_ln0 = specinterface void @_ssdm_op_SpecInterface, i64 %in2, void @empty_7, i32 0, i32 0, void @empty_0, i32 0, i32 0, void @empty_0, void @empty_0, void @empty_0, i32 0, i32 0, i32 0, i32 0, void @empty_0, void @empty_6, i32 4294967295, i32 0, i32 0"   --->   Operation 36 'specinterface' 'specinterface_ln0' <Predicate = true> <Delay = 0.00>
ST_1 : Operation 37 [1/1] (0.00ns)   --->   "%specinterface_ln0 = specinterface void @_ssdm_op_SpecInterface, i64 %out_r, void @empty_3, i32 0, i32 0, void @empty_0, i32 0, i32 0, void @empty_4, void @empty_9, void @empty_0, i32 0, i32 0, i32 0, i32 0, void @empty_0, void @empty_6, i32 4294967295, i32 0, i32 0"   --->   Operation 37 'specinterface' 'specinterface_ln0' <Predicate = true> <Delay = 0.00>
ST_1 : Operation 38 [1/1] (0.00ns)   --->   "%specinterface_ln0 = specinterface void @_ssdm_op_SpecInterface, i64 %out_r, void @empty_7, i32 0, i32 0, void @empty_0, i32 0, i32 0, void @empty_0, void @empty_0, void @empty_0, i32 0, i32 0, i32 0, i32 0, void @empty_0, void @empty_6, i32 4294967295, i32 0, i32 0"   --->   Operation 38 'specinterface' 'specinterface_ln0' <Predicate = true> <Delay = 0.00>
ST_1 : Operation 39 [1/1] (0.00ns)   --->   "%specbitsmap_ln0 = specbitsmap void @_ssdm_op_SpecBitsMap, i32 %dim"   --->   Operation 39 'specbitsmap' 'specbitsmap_ln0' <Predicate = true> <Delay = 0.00>
ST_1 : Operation 40 [1/1] (0.00ns)   --->   "%specinterface_ln0 = specinterface void @_ssdm_op_SpecInterface, i32 %dim, void @empty_3, i32 4294967295, i32 4294967295, void @empty_10, i32 0, i32 0, void @empty_4, void @empty_11, void @empty_0, i32 0, i32 0, i32 0, i32 0, void @empty_0, void @empty_0, i32 4294967295, i32 0, i32 0"   --->   Operation 40 'specinterface' 'specinterface_ln0' <Predicate = true> <Delay = 0.00>
ST_1 : Operation 41 [1/1] (0.00ns)   --->   "%specinterface_ln0 = specinterface void @_ssdm_op_SpecInterface, i32 %dim, void @empty_7, i32 4294967295, i32 4294967295, void @empty_0, i32 0, i32 0, void @empty_0, void @empty_0, void @empty_0, i32 0, i32 0, i32 0, i32 0, void @empty_0, void @empty_0, i32 4294967295, i32 0, i32 0"   --->   Operation 41 'specinterface' 'specinterface_ln0' <Predicate = true> <Delay = 0.00>
ST_1 : Operation 42 [1/1] (0.00ns)   --->   "%specinterface_ln0 = specinterface void @_ssdm_op_SpecInterface, i32 0, void @empty_3, i32 0, i32 0, void @empty_0, i32 0, i32 0, void @empty_4, void @empty_0, void @empty_0, i32 0, i32 0, i32 0, i32 0, void @empty_0, void @empty_0, i32 4294967295, i32 0, i32 0"   --->   Operation 42 'specinterface' 'specinterface_ln0' <Predicate = true> <Delay = 0.00>
ST_1 : Operation 43 [1/1] (0.00ns)   --->   "%dim_cast = sext i32 %dim_read"   --->   Operation 43 'sext' 'dim_cast' <Predicate = true> <Delay = 0.00>
ST_1 : Operation 44 [1/1] (0.00ns)   --->   "%dim_cast3 = zext i32 %dim_read"   --->   Operation 44 'zext' 'dim_cast3' <Predicate = true> <Delay = 0.00>
ST_1 : Operation 45 [1/1] (0.48ns)   --->   "%store_ln15 = store i31 0, i31 %i" [mmult_baseline.cpp:15]   --->   Operation 45 'store' 'store_ln15' <Predicate = true> <Delay = 0.48>
ST_1 : Operation 46 [1/1] (0.48ns)   --->   "%store_ln0 = store i62 0, i62 %phi_mul4"   --->   Operation 46 'store' 'store_ln0' <Predicate = true> <Delay = 0.48>
ST_1 : Operation 47 [1/1] (0.48ns)   --->   "%store_ln0 = store i62 0, i62 %phi_mul7"   --->   Operation 47 'store' 'store_ln0' <Predicate = true> <Delay = 0.48>
ST_1 : Operation 48 [1/1] (0.00ns)   --->   "%br_ln15 = br void %loop2" [mmult_baseline.cpp:15]   --->   Operation 48 'br' 'br_ln15' <Predicate = true> <Delay = 0.00>

State 2 <SV = 1> <Delay = 1.69>
ST_2 : Operation 49 [1/1] (0.00ns)   --->   "%phi_mul7_load = load i62 %phi_mul7"   --->   Operation 49 'load' 'phi_mul7_load' <Predicate = true> <Delay = 0.00>
ST_2 : Operation 50 [1/1] (0.00ns)   --->   "%phi_mul4_load = load i62 %phi_mul4" [mmult_baseline.cpp:15]   --->   Operation 50 'load' 'phi_mul4_load' <Predicate = true> <Delay = 0.00>
ST_2 : Operation 51 [1/1] (0.00ns)   --->   "%i_1 = load i31 %i" [mmult_baseline.cpp:15]   --->   Operation 51 'load' 'i_1' <Predicate = true> <Delay = 0.00>
ST_2 : Operation 52 [1/1] (1.44ns)   --->   "%add_ln15_1 = add i62 %phi_mul7_load, i62 %dim_cast" [mmult_baseline.cpp:15]   --->   Operation 52 'add' 'add_ln15_1' <Predicate = true> <Delay = 1.44> <CoreInst = "Adder">   --->   Core 1 'Adder' <Latency = 0> <II = 1> <Delay = 1.44> <FuncUnit> <Opcode : 'add' 'sub'> <InPorts = 2> <OutPorts = 1>
ST_2 : Operation 53 [1/1] (1.44ns)   --->   "%add_ln15_2 = add i62 %phi_mul4_load, i62 %dim_cast3" [mmult_baseline.cpp:15]   --->   Operation 53 'add' 'add_ln15_2' <Predicate = true> <Delay = 1.44> <CoreInst = "Adder">   --->   Core 1 'Adder' <Latency = 0> <II = 1> <Delay = 1.44> <FuncUnit> <Opcode : 'add' 'sub'> <InPorts = 2> <OutPorts = 1>
ST_2 : Operation 54 [1/1] (0.00ns)   --->   "%zext_ln15 = zext i31 %i_1" [mmult_baseline.cpp:15]   --->   Operation 54 'zext' 'zext_ln15' <Predicate = true> <Delay = 0.00>
ST_2 : Operation 55 [1/1] (1.20ns)   --->   "%icmp_ln15 = icmp_slt  i32 %zext_ln15, i32 %dim_read" [mmult_baseline.cpp:15]   --->   Operation 55 'icmp' 'icmp_ln15' <Predicate = true> <Delay = 1.20> <CoreInst = "Cmp">   --->   Core 9 'Cmp' <Latency = 0> <II = 1> <Delay = 1.20> <FuncUnit> <Opcode : 'seteq' 'setne' 'setle' 'setge' 'setlt' 'setgt'> <InPorts = 2> <OutPorts = 1>
ST_2 : Operation 56 [1/1] (1.19ns)   --->   "%add_ln15 = add i31 %i_1, i31 1" [mmult_baseline.cpp:15]   --->   Operation 56 'add' 'add_ln15' <Predicate = true> <Delay = 1.19> <CoreInst = "Adder">   --->   Core 1 'Adder' <Latency = 0> <II = 1> <Delay = 1.19> <FuncUnit> <Opcode : 'add' 'sub'> <InPorts = 2> <OutPorts = 1>
ST_2 : Operation 57 [1/1] (0.00ns)   --->   "%br_ln15 = br i1 %icmp_ln15, void %for.end24.loopexit, void %loop2.split" [mmult_baseline.cpp:15]   --->   Operation 57 'br' 'br_ln15' <Predicate = true> <Delay = 0.00>
ST_2 : Operation 58 [1/1] (0.00ns)   --->   "%speclooptripcount_ln16 = speclooptripcount void @_ssdm_op_SpecLoopTripCount, i64 128, i64 128, i64 128" [mmult_baseline.cpp:16]   --->   Operation 58 'speclooptripcount' 'speclooptripcount_ln16' <Predicate = (icmp_ln15)> <Delay = 0.00>
ST_2 : Operation 59 [1/1] (0.00ns)   --->   "%specloopname_ln15 = specloopname void @_ssdm_op_SpecLoopName, void @empty_15" [mmult_baseline.cpp:15]   --->   Operation 59 'specloopname' 'specloopname_ln15' <Predicate = (icmp_ln15)> <Delay = 0.00>
ST_2 : Operation 60 [1/1] (0.00ns)   --->   "%tmp = bitconcatenate i64 @_ssdm_op_BitConcatenate.i64.i62.i2, i62 %phi_mul4_load, i2 0" [mmult_baseline.cpp:15]   --->   Operation 60 'bitconcatenate' 'tmp' <Predicate = (icmp_ln15)> <Delay = 0.00>
ST_2 : Operation 61 [1/1] (1.47ns)   --->   "%empty = add i64 %tmp, i64 %in1_read" [mmult_baseline.cpp:15]   --->   Operation 61 'add' 'empty' <Predicate = (icmp_ln15)> <Delay = 1.47> <CoreInst = "Adder">   --->   Core 1 'Adder' <Latency = 0> <II = 1> <Delay = 1.47> <FuncUnit> <Opcode : 'add' 'sub'> <InPorts = 2> <OutPorts = 1>
ST_2 : Operation 62 [1/1] (0.00ns)   --->   "%p_cast = partselect i62 @_ssdm_op_PartSelect.i62.i64.i32.i32, i64 %empty, i32 2, i32 63" [mmult_baseline.cpp:15]   --->   Operation 62 'partselect' 'p_cast' <Predicate = (icmp_ln15)> <Delay = 0.00>
ST_2 : Operation 63 [1/1] (0.48ns)   --->   "%br_ln17 = br void %loop3" [mmult_baseline.cpp:17]   --->   Operation 63 'br' 'br_ln17' <Predicate = (icmp_ln15)> <Delay = 0.48>
ST_2 : Operation 64 [1/1] (0.00ns)   --->   "%ret_ln26 = ret" [mmult_baseline.cpp:26]   --->   Operation 64 'ret' 'ret_ln26' <Predicate = (!icmp_ln15)> <Delay = 0.00>

State 3 <SV = 2> <Delay = 2.91>
ST_3 : Operation 65 [1/1] (0.00ns)   --->   "%j = phi i32 0, void %loop2.split, i32 %add_ln17, void %loop3.split" [mmult_baseline.cpp:17]   --->   Operation 65 'phi' 'j' <Predicate = true> <Delay = 0.00>
ST_3 : Operation 66 [1/1] (1.20ns)   --->   "%icmp_ln17 = icmp_eq  i32 %j, i32 %dim_read" [mmult_baseline.cpp:17]   --->   Operation 66 'icmp' 'icmp_ln17' <Predicate = true> <Delay = 1.20> <CoreInst = "Cmp">   --->   Core 9 'Cmp' <Latency = 0> <II = 1> <Delay = 1.20> <FuncUnit> <Opcode : 'seteq' 'setne' 'setle' 'setge' 'setlt' 'setgt'> <InPorts = 2> <OutPorts = 1>
ST_3 : Operation 67 [1/1] (1.20ns)   --->   "%add_ln17 = add i32 %j, i32 1" [mmult_baseline.cpp:17]   --->   Operation 67 'add' 'add_ln17' <Predicate = true> <Delay = 1.20> <CoreInst = "Adder">   --->   Core 1 'Adder' <Latency = 0> <II = 1> <Delay = 1.20> <FuncUnit> <Opcode : 'add' 'sub'> <InPorts = 2> <OutPorts = 1>
ST_3 : Operation 68 [1/1] (0.00ns)   --->   "%br_ln17 = br i1 %icmp_ln17, void %loop3.split, void %for.inc22" [mmult_baseline.cpp:17]   --->   Operation 68 'br' 'br_ln17' <Predicate = true> <Delay = 0.00>
ST_3 : Operation 69 [1/1] (0.00ns)   --->   "%zext_ln17 = zext i32 %j" [mmult_baseline.cpp:17]   --->   Operation 69 'zext' 'zext_ln17' <Predicate = (!icmp_ln17)> <Delay = 0.00>
ST_3 : Operation 70 [1/1] (1.44ns)   --->   "%empty_21 = add i62 %zext_ln17, i62 %phi_mul7_load" [mmult_baseline.cpp:17]   --->   Operation 70 'add' 'empty_21' <Predicate = (!icmp_ln17)> <Delay = 1.44> <CoreInst = "Adder">   --->   Core 1 'Adder' <Latency = 0> <II = 1> <Delay = 1.44> <FuncUnit> <Opcode : 'add' 'sub'> <InPorts = 2> <OutPorts = 1>
ST_3 : Operation 71 [1/1] (0.00ns)   --->   "%tmp_1 = bitconcatenate i64 @_ssdm_op_BitConcatenate.i64.i62.i2, i62 %empty_21, i2 0" [mmult_baseline.cpp:17]   --->   Operation 71 'bitconcatenate' 'tmp_1' <Predicate = (!icmp_ln17)> <Delay = 0.00>
ST_3 : Operation 72 [1/1] (1.47ns)   --->   "%empty_22 = add i64 %tmp_1, i64 %out_r_read" [mmult_baseline.cpp:17]   --->   Operation 72 'add' 'empty_22' <Predicate = (!icmp_ln17)> <Delay = 1.47> <CoreInst = "Adder">   --->   Core 1 'Adder' <Latency = 0> <II = 1> <Delay = 1.47> <FuncUnit> <Opcode : 'add' 'sub'> <InPorts = 2> <OutPorts = 1>
ST_3 : Operation 73 [1/1] (0.00ns)   --->   "%trunc_ln = partselect i62 @_ssdm_op_PartSelect.i62.i64.i32.i32, i64 %empty_22, i32 2, i32 63" [mmult_baseline.cpp:22]   --->   Operation 73 'partselect' 'trunc_ln' <Predicate = (!icmp_ln17)> <Delay = 0.00>
ST_3 : Operation 74 [1/1] (0.00ns)   --->   "%sext_ln22 = sext i62 %trunc_ln" [mmult_baseline.cpp:22]   --->   Operation 74 'sext' 'sext_ln22' <Predicate = (!icmp_ln17)> <Delay = 0.00>
ST_3 : Operation 75 [1/1] (0.00ns)   --->   "%gmem_addr = getelementptr i32 %gmem, i64 %sext_ln22" [mmult_baseline.cpp:22]   --->   Operation 75 'getelementptr' 'gmem_addr' <Predicate = (!icmp_ln17)> <Delay = 0.00>
ST_3 : Operation 76 [1/1] (0.48ns)   --->   "%store_ln15 = store i31 %add_ln15, i31 %i" [mmult_baseline.cpp:15]   --->   Operation 76 'store' 'store_ln15' <Predicate = (icmp_ln17)> <Delay = 0.48>
ST_3 : Operation 77 [1/1] (0.48ns)   --->   "%store_ln15 = store i62 %add_ln15_2, i62 %phi_mul4" [mmult_baseline.cpp:15]   --->   Operation 77 'store' 'store_ln15' <Predicate = (icmp_ln17)> <Delay = 0.48>
ST_3 : Operation 78 [1/1] (0.48ns)   --->   "%store_ln15 = store i62 %add_ln15_1, i62 %phi_mul7" [mmult_baseline.cpp:15]   --->   Operation 78 'store' 'store_ln15' <Predicate = (icmp_ln17)> <Delay = 0.48>
ST_3 : Operation 79 [1/1] (0.00ns)   --->   "%br_ln15 = br void %loop2" [mmult_baseline.cpp:15]   --->   Operation 79 'br' 'br_ln15' <Predicate = (icmp_ln17)> <Delay = 0.00>

State 4 <SV = 3> <Delay = 7.30>
ST_4 : Operation 80 [8/8] (7.30ns)   --->   "%gmem_load_req = readreq i1 @_ssdm_op_ReadReq.m_axi.i32P1A, i32 %gmem_addr, i64 1" [mmult_baseline.cpp:22]   --->   Operation 80 'readreq' 'gmem_load_req' <Predicate = true> <Delay = 7.30> <CoreInst = "m_axi">   --->   Core 119 'm_axi' <Latency = 0> <II = 1> <Delay = 1.00> <Adapter> <Opcode : 'read' 'write' 'readreq' 'writereq' 'writeresp'>

State 5 <SV = 4> <Delay = 7.30>
ST_5 : Operation 81 [7/8] (7.30ns)   --->   "%gmem_load_req = readreq i1 @_ssdm_op_ReadReq.m_axi.i32P1A, i32 %gmem_addr, i64 1" [mmult_baseline.cpp:22]   --->   Operation 81 'readreq' 'gmem_load_req' <Predicate = true> <Delay = 7.30> <CoreInst = "m_axi">   --->   Core 119 'm_axi' <Latency = 0> <II = 1> <Delay = 1.00> <Adapter> <Opcode : 'read' 'write' 'readreq' 'writereq' 'writeresp'>

State 6 <SV = 5> <Delay = 7.30>
ST_6 : Operation 82 [6/8] (7.30ns)   --->   "%gmem_load_req = readreq i1 @_ssdm_op_ReadReq.m_axi.i32P1A, i32 %gmem_addr, i64 1" [mmult_baseline.cpp:22]   --->   Operation 82 'readreq' 'gmem_load_req' <Predicate = true> <Delay = 7.30> <CoreInst = "m_axi">   --->   Core 119 'm_axi' <Latency = 0> <II = 1> <Delay = 1.00> <Adapter> <Opcode : 'read' 'write' 'readreq' 'writereq' 'writeresp'>

State 7 <SV = 6> <Delay = 7.30>
ST_7 : Operation 83 [5/8] (7.30ns)   --->   "%gmem_load_req = readreq i1 @_ssdm_op_ReadReq.m_axi.i32P1A, i32 %gmem_addr, i64 1" [mmult_baseline.cpp:22]   --->   Operation 83 'readreq' 'gmem_load_req' <Predicate = true> <Delay = 7.30> <CoreInst = "m_axi">   --->   Core 119 'm_axi' <Latency = 0> <II = 1> <Delay = 1.00> <Adapter> <Opcode : 'read' 'write' 'readreq' 'writereq' 'writeresp'>

State 8 <SV = 7> <Delay = 7.30>
ST_8 : Operation 84 [4/8] (7.30ns)   --->   "%gmem_load_req = readreq i1 @_ssdm_op_ReadReq.m_axi.i32P1A, i32 %gmem_addr, i64 1" [mmult_baseline.cpp:22]   --->   Operation 84 'readreq' 'gmem_load_req' <Predicate = true> <Delay = 7.30> <CoreInst = "m_axi">   --->   Core 119 'm_axi' <Latency = 0> <II = 1> <Delay = 1.00> <Adapter> <Opcode : 'read' 'write' 'readreq' 'writereq' 'writeresp'>

State 9 <SV = 8> <Delay = 7.30>
ST_9 : Operation 85 [3/8] (7.30ns)   --->   "%gmem_load_req = readreq i1 @_ssdm_op_ReadReq.m_axi.i32P1A, i32 %gmem_addr, i64 1" [mmult_baseline.cpp:22]   --->   Operation 85 'readreq' 'gmem_load_req' <Predicate = true> <Delay = 7.30> <CoreInst = "m_axi">   --->   Core 119 'm_axi' <Latency = 0> <II = 1> <Delay = 1.00> <Adapter> <Opcode : 'read' 'write' 'readreq' 'writereq' 'writeresp'>

State 10 <SV = 9> <Delay = 7.30>
ST_10 : Operation 86 [2/8] (7.30ns)   --->   "%gmem_load_req = readreq i1 @_ssdm_op_ReadReq.m_axi.i32P1A, i32 %gmem_addr, i64 1" [mmult_baseline.cpp:22]   --->   Operation 86 'readreq' 'gmem_load_req' <Predicate = true> <Delay = 7.30> <CoreInst = "m_axi">   --->   Core 119 'm_axi' <Latency = 0> <II = 1> <Delay = 1.00> <Adapter> <Opcode : 'read' 'write' 'readreq' 'writereq' 'writeresp'>

State 11 <SV = 10> <Delay = 7.30>
ST_11 : Operation 87 [1/8] (7.30ns)   --->   "%gmem_load_req = readreq i1 @_ssdm_op_ReadReq.m_axi.i32P1A, i32 %gmem_addr, i64 1" [mmult_baseline.cpp:22]   --->   Operation 87 'readreq' 'gmem_load_req' <Predicate = true> <Delay = 7.30> <CoreInst = "m_axi">   --->   Core 119 'm_axi' <Latency = 0> <II = 1> <Delay = 1.00> <Adapter> <Opcode : 'read' 'write' 'readreq' 'writereq' 'writeresp'>

State 12 <SV = 11> <Delay = 7.30>
ST_12 : Operation 88 [1/1] (7.30ns)   --->   "%gmem_addr_read = read i32 @_ssdm_op_Read.m_axi.i32P1A, i32 %gmem_addr" [mmult_baseline.cpp:22]   --->   Operation 88 'read' 'gmem_addr_read' <Predicate = true> <Delay = 7.30> <CoreInst = "m_axi">   --->   Core 119 'm_axi' <Latency = 0> <II = 1> <Delay = 1.00> <Adapter> <Opcode : 'read' 'write' 'readreq' 'writereq' 'writeresp'>

State 13 <SV = 12> <Delay = 1.69>
ST_13 : Operation 89 [2/2] (1.69ns)   --->   "%call_ln22 = call void @mmult_hw_Pipeline_loop3, i32 %gmem_addr_read, i32 %gmem, i32 %dim_read, i62 %p_cast, i32 %dim_read, i32 %j, i64 %in2_read, i32 %add187_loc" [mmult_baseline.cpp:22]   --->   Operation 89 'call' 'call_ln22' <Predicate = true> <Delay = 1.69> <CoreType = "Generic">   --->   Core 0 '' <Latency = 0> <II = 1> <Delay = 1.00> <Generic> <Opcode : >

State 14 <SV = 13> <Delay = 0.00>
ST_14 : Operation 90 [1/2] (0.00ns)   --->   "%call_ln22 = call void @mmult_hw_Pipeline_loop3, i32 %gmem_addr_read, i32 %gmem, i32 %dim_read, i62 %p_cast, i32 %dim_read, i32 %j, i64 %in2_read, i32 %add187_loc" [mmult_baseline.cpp:22]   --->   Operation 90 'call' 'call_ln22' <Predicate = true> <Delay = 0.00> <CoreType = "Generic">   --->   Core 0 '' <Latency = 0> <II = 1> <Delay = 1.00> <Generic> <Opcode : >

State 15 <SV = 14> <Delay = 7.30>
ST_15 : Operation 91 [1/1] (7.30ns)   --->   "%gmem_addr_req = writereq i1 @_ssdm_op_WriteReq.m_axi.i32P1A, i32 %gmem_addr, i64 1" [mmult_baseline.cpp:22]   --->   Operation 91 'writereq' 'gmem_addr_req' <Predicate = true> <Delay = 7.30> <CoreInst = "m_axi">   --->   Core 119 'm_axi' <Latency = 0> <II = 1> <Delay = 1.00> <Adapter> <Opcode : 'read' 'write' 'readreq' 'writereq' 'writeresp'>

State 16 <SV = 15> <Delay = 7.30>
ST_16 : Operation 92 [1/1] (0.00ns)   --->   "%add187_loc_load = load i32 %add187_loc"   --->   Operation 92 'load' 'add187_loc_load' <Predicate = true> <Delay = 0.00>
ST_16 : Operation 93 [1/1] (7.30ns)   --->   "%write_ln22 = write void @_ssdm_op_Write.m_axi.i32P1A, i32 %gmem_addr, i32 %add187_loc_load, i4 15" [mmult_baseline.cpp:22]   --->   Operation 93 'write' 'write_ln22' <Predicate = true> <Delay = 7.30> <CoreInst = "m_axi">   --->   Core 119 'm_axi' <Latency = 0> <II = 1> <Delay = 1.00> <Adapter> <Opcode : 'read' 'write' 'readreq' 'writereq' 'writeresp'>

State 17 <SV = 16> <Delay = 7.30>
ST_17 : Operation 94 [5/5] (7.30ns)   --->   "%gmem_addr_resp = writeresp i1 @_ssdm_op_WriteResp.m_axi.i32P1A, i32 %gmem_addr" [mmult_baseline.cpp:22]   --->   Operation 94 'writeresp' 'gmem_addr_resp' <Predicate = true> <Delay = 7.30> <CoreInst = "m_axi">   --->   Core 119 'm_axi' <Latency = 0> <II = 1> <Delay = 1.00> <Adapter> <Opcode : 'read' 'write' 'readreq' 'writereq' 'writeresp'>

State 18 <SV = 17> <Delay = 7.30>
ST_18 : Operation 95 [4/5] (7.30ns)   --->   "%gmem_addr_resp = writeresp i1 @_ssdm_op_WriteResp.m_axi.i32P1A, i32 %gmem_addr" [mmult_baseline.cpp:22]   --->   Operation 95 'writeresp' 'gmem_addr_resp' <Predicate = true> <Delay = 7.30> <CoreInst = "m_axi">   --->   Core 119 'm_axi' <Latency = 0> <II = 1> <Delay = 1.00> <Adapter> <Opcode : 'read' 'write' 'readreq' 'writereq' 'writeresp'>

State 19 <SV = 18> <Delay = 7.30>
ST_19 : Operation 96 [3/5] (7.30ns)   --->   "%gmem_addr_resp = writeresp i1 @_ssdm_op_WriteResp.m_axi.i32P1A, i32 %gmem_addr" [mmult_baseline.cpp:22]   --->   Operation 96 'writeresp' 'gmem_addr_resp' <Predicate = true> <Delay = 7.30> <CoreInst = "m_axi">   --->   Core 119 'm_axi' <Latency = 0> <II = 1> <Delay = 1.00> <Adapter> <Opcode : 'read' 'write' 'readreq' 'writereq' 'writeresp'>

State 20 <SV = 19> <Delay = 7.30>
ST_20 : Operation 97 [2/5] (7.30ns)   --->   "%gmem_addr_resp = writeresp i1 @_ssdm_op_WriteResp.m_axi.i32P1A, i32 %gmem_addr" [mmult_baseline.cpp:22]   --->   Operation 97 'writeresp' 'gmem_addr_resp' <Predicate = true> <Delay = 7.30> <CoreInst = "m_axi">   --->   Core 119 'm_axi' <Latency = 0> <II = 1> <Delay = 1.00> <Adapter> <Opcode : 'read' 'write' 'readreq' 'writereq' 'writeresp'>

State 21 <SV = 20> <Delay = 7.30>
ST_21 : Operation 98 [1/1] (0.00ns)   --->   "%speclooptripcount_ln18 = speclooptripcount void @_ssdm_op_SpecLoopTripCount, i64 128, i64 128, i64 128" [mmult_baseline.cpp:18]   --->   Operation 98 'speclooptripcount' 'speclooptripcount_ln18' <Predicate = true> <Delay = 0.00>
ST_21 : Operation 99 [1/1] (0.00ns)   --->   "%specloopname_ln17 = specloopname void @_ssdm_op_SpecLoopName, void @empty_14" [mmult_baseline.cpp:17]   --->   Operation 99 'specloopname' 'specloopname_ln17' <Predicate = true> <Delay = 0.00>
ST_21 : Operation 100 [1/5] (7.30ns)   --->   "%gmem_addr_resp = writeresp i1 @_ssdm_op_WriteResp.m_axi.i32P1A, i32 %gmem_addr" [mmult_baseline.cpp:22]   --->   Operation 100 'writeresp' 'gmem_addr_resp' <Predicate = true> <Delay = 7.30> <CoreInst = "m_axi">   --->   Core 119 'm_axi' <Latency = 0> <II = 1> <Delay = 1.00> <Adapter> <Opcode : 'read' 'write' 'readreq' 'writereq' 'writeresp'>
ST_21 : Operation 101 [1/1] (0.00ns)   --->   "%br_ln17 = br void %loop3" [mmult_baseline.cpp:17]   --->   Operation 101 'br' 'br_ln17' <Predicate = true> <Delay = 0.00>


============================================================
+ Verbose Summary: Timing violations
============================================================
Target clock period: 10.000ns, clock uncertainty: 2.700ns.

 <State 1>: 1.000ns
The critical path consists of the following:
	s_axi read operation ('dim_read') on port 'dim' [9]  (1.000 ns)

 <State 2>: 1.692ns
The critical path consists of the following:
	'load' operation 62 bit ('phi_mul4_load', mmult_baseline.cpp:15) on local variable 'phi_mul4' [35]  (0.000 ns)
	'add' operation 64 bit ('empty', mmult_baseline.cpp:15) [47]  (1.470 ns)
	blocking operation 0.222 ns on control path)

 <State 3>: 2.913ns
The critical path consists of the following:
	'phi' operation 32 bit ('j', mmult_baseline.cpp:17) with incoming values : ('add_ln17', mmult_baseline.cpp:17) [51]  (0.000 ns)
	'add' operation 62 bit ('empty_21', mmult_baseline.cpp:17) [59]  (1.443 ns)
	'add' operation 64 bit ('empty_22', mmult_baseline.cpp:17) [61]  (1.470 ns)

 <State 4>: 7.300ns
The critical path consists of the following:
	bus request operation ('gmem_load_req', mmult_baseline.cpp:22) on port 'gmem' (mmult_baseline.cpp:22) [65]  (7.300 ns)

 <State 5>: 7.300ns
The critical path consists of the following:
	bus request operation ('gmem_load_req', mmult_baseline.cpp:22) on port 'gmem' (mmult_baseline.cpp:22) [65]  (7.300 ns)

 <State 6>: 7.300ns
The critical path consists of the following:
	bus request operation ('gmem_load_req', mmult_baseline.cpp:22) on port 'gmem' (mmult_baseline.cpp:22) [65]  (7.300 ns)

 <State 7>: 7.300ns
The critical path consists of the following:
	bus request operation ('gmem_load_req', mmult_baseline.cpp:22) on port 'gmem' (mmult_baseline.cpp:22) [65]  (7.300 ns)

 <State 8>: 7.300ns
The critical path consists of the following:
	bus request operation ('gmem_load_req', mmult_baseline.cpp:22) on port 'gmem' (mmult_baseline.cpp:22) [65]  (7.300 ns)

 <State 9>: 7.300ns
The critical path consists of the following:
	bus request operation ('gmem_load_req', mmult_baseline.cpp:22) on port 'gmem' (mmult_baseline.cpp:22) [65]  (7.300 ns)

 <State 10>: 7.300ns
The critical path consists of the following:
	bus request operation ('gmem_load_req', mmult_baseline.cpp:22) on port 'gmem' (mmult_baseline.cpp:22) [65]  (7.300 ns)

 <State 11>: 7.300ns
The critical path consists of the following:
	bus request operation ('gmem_load_req', mmult_baseline.cpp:22) on port 'gmem' (mmult_baseline.cpp:22) [65]  (7.300 ns)

 <State 12>: 7.300ns
The critical path consists of the following:
	bus read operation ('gmem_addr_read', mmult_baseline.cpp:22) on port 'gmem' (mmult_baseline.cpp:22) [66]  (7.300 ns)

 <State 13>: 1.692ns
The critical path consists of the following:
	'call' operation 0 bit ('call_ln22', mmult_baseline.cpp:22) to 'mmult_hw_Pipeline_loop3' [67]  (1.692 ns)

 <State 14>: 0.000ns
The critical path consists of the following:

 <State 15>: 7.300ns
The critical path consists of the following:
	bus request operation ('gmem_addr_req', mmult_baseline.cpp:22) on port 'gmem' (mmult_baseline.cpp:22) [69]  (7.300 ns)

 <State 16>: 7.300ns
The critical path consists of the following:
	'load' operation 32 bit ('add187_loc_load') on local variable 'add187_loc' [68]  (0.000 ns)
	bus write operation ('write_ln22', mmult_baseline.cpp:22) on port 'gmem' (mmult_baseline.cpp:22) [70]  (7.300 ns)

 <State 17>: 7.300ns
The critical path consists of the following:
	bus response operation ('gmem_addr_resp', mmult_baseline.cpp:22) on port 'gmem' (mmult_baseline.cpp:22) [71]  (7.300 ns)

 <State 18>: 7.300ns
The critical path consists of the following:
	bus response operation ('gmem_addr_resp', mmult_baseline.cpp:22) on port 'gmem' (mmult_baseline.cpp:22) [71]  (7.300 ns)

 <State 19>: 7.300ns
The critical path consists of the following:
	bus response operation ('gmem_addr_resp', mmult_baseline.cpp:22) on port 'gmem' (mmult_baseline.cpp:22) [71]  (7.300 ns)

 <State 20>: 7.300ns
The critical path consists of the following:
	bus response operation ('gmem_addr_resp', mmult_baseline.cpp:22) on port 'gmem' (mmult_baseline.cpp:22) [71]  (7.300 ns)

 <State 21>: 7.300ns
The critical path consists of the following:
	bus response operation ('gmem_addr_resp', mmult_baseline.cpp:22) on port 'gmem' (mmult_baseline.cpp:22) [71]  (7.300 ns)


============================================================
+ Verbose Summary: Binding
============================================================
N/A
* FSMD analyzer results:
  - Output states:
 - Input state : 
  - Chain level:
	State 1
	State 2
	State 3
	State 4
	State 5
	State 6
	State 7
	State 8
	State 9
	State 10
	State 11
	State 12
	State 13
	State 14
	State 15
	State 16
	State 17
	State 18
	State 19
	State 20
	State 21


============================================================
+ Verbose Summary: Datapath Resource usage 
============================================================
N/A
