

================================================================
== Vitis HLS Report for 'mmult_hw_Pipeline_loop3'
================================================================
* Date:           Wed Feb 18 15:46:27 2026

* Version:        2024.1 (Build 5069499 on May 21 2024)
* Project:        matmul_D2_Pipeline_Inner_Loop
* Solution:       hls (Vivado IP Flow Target)
* Product family: zynquplus
* Target device:  xczu3eg-sbva484-1-e


================================================================
== Performance Estimates
================================================================
+ Timing: 
    * Summary: 
    +--------+----------+----------+------------+
    |  Clock |  Target  | Estimated| Uncertainty|
    +--------+----------+----------+------------+
    |ap_clk  |  10.00 ns|  7.300 ns|     2.70 ns|
    +--------+----------+----------+------------+

+ Latency: 
    * Summary: 
    +---------+---------+----------+----------+-----+-----+-----------------------------------------------+
    |  Latency (cycles) |  Latency (absolute) |  Interval |                    Pipeline                   |
    |   min   |   max   |    min   |    max   | min | max |                      Type                     |
    +---------+---------+----------+----------+-----+-----+-----------------------------------------------+
    |      267|      267|  2.670 us|  2.670 us|  258|  258|  loop auto-rewind stp(delay=0 clock cycles(s))|
    +---------+---------+----------+----------+-----+-----+-----------------------------------------------+

    + Detail: 
        * Instance: 
        N/A

        * Loop: 
        +----------+---------+---------+----------+-----------+-----------+------+----------+
        |          |  Latency (cycles) | Iteration|  Initiation Interval  | Trip |          |
        | Loop Name|   min   |   max   |  Latency |  achieved |   target  | Count| Pipelined|
        +----------+---------+---------+----------+-----------+-----------+------+----------+
        |- loop3   |      265|      265|        12|          2|          1|   128|       yes|
        +----------+---------+---------+----------+-----------+-----------+------+----------+



================================================================
== Utilization Estimates
================================================================
* Summary: 
+-----------------+---------+-----+--------+-------+-----+
|       Name      | BRAM_18K| DSP |   FF   |  LUT  | URAM|
+-----------------+---------+-----+--------+-------+-----+
|DSP              |        -|    -|       -|      -|    -|
|Expression       |        -|    -|       0|    406|    -|
|FIFO             |        -|    -|       -|      -|    -|
|Instance         |        -|    3|       0|     20|    -|
|Memory           |        -|    -|       -|      -|    -|
|Multiplexer      |        -|    -|       0|    109|    -|
|Register         |        -|    -|     490|     32|    -|
+-----------------+---------+-----+--------+-------+-----+
|Total            |        0|    3|     490|    567|    0|
+-----------------+---------+-----+--------+-------+-----+
|Available        |      432|  360|  141120|  70560|    0|
+-----------------+---------+-----+--------+-------+-----+
|Utilization (%)  |        0|   ~0|      ~0|     ~0|    0|
+-----------------+---------+-----+--------+-------+-----+

+ Detail: 
    * Instance: 
    +-----------------------+--------------------+---------+----+---+----+-----+
    |        Instance       |       Module       | BRAM_18K| DSP| FF| LUT| URAM|
    +-----------------------+--------------------+---------+----+---+----+-----+
    |mul_32s_32s_32_1_1_U1  |mul_32s_32s_32_1_1  |        0|   3|  0|  20|    0|
    +-----------------------+--------------------+---------+----+---+----+-----+
    |Total                  |                    |        0|   3|  0|  20|    0|
    +-----------------------+--------------------+---------+----+---+----+-----+

    * DSP: 
    N/A

    * Memory: 
    N/A

    * FIFO: 
    N/A

    * Expression: 
    +---------------------------+----------+----+---+----+------------+------------+
    |       Variable Name       | Operation| DSP| FF| LUT| Bitwidth P0| Bitwidth P1|
    +---------------------------+----------+----+---+----+------------+------------+
    |add_ln19_fu_193_p2         |         +|   0|  0|  39|          32|           1|
    |add_ln22_1_fu_232_p2       |         +|   0|  0|  69|          62|          62|
    |add_ln22_2_fu_245_p2       |         +|   0|  0|  71|          64|          64|
    |add_ln22_3_fu_278_p2       |         +|   0|  0|  39|          32|          32|
    |add_ln22_4_fu_227_p2       |         +|   0|  0|  69|          62|          62|
    |add_ln22_fu_203_p2         |         +|   0|  0|  70|          63|          63|
    |ap_block_pp0_stage1_01001  |       and|   0|  0|   2|           1|           1|
    |ap_block_state2_io         |       and|   0|  0|   2|           1|           1|
    |icmp_ln19_fu_187_p2        |      icmp|   0|  0|  39|          32|          32|
    |ap_block_pp0_stage0_11001  |        or|   0|  0|   2|           1|           1|
    |ap_block_pp0_stage1_11001  |        or|   0|  0|   2|           1|           1|
    |ap_enable_pp0              |       xor|   0|  0|   2|           1|           2|
    +---------------------------+----------+----+---+----+------------+------------+
    |Total                      |          |   0|  0| 406|         352|         322|
    +---------------------------+----------+----+---+----+------------+------------+

    * Multiplexer: 
    +-------------------------+----+-----------+-----+-----------+
    |           Name          | LUT| Input Size| Bits| Total Bits|
    +-------------------------+----+-----------+-----+-----------+
    |add187_fu_78             |   9|          2|   32|         64|
    |ap_NS_fsm                |  14|          3|    1|          3|
    |ap_done_int              |   9|          2|    1|          2|
    |ap_enable_reg_pp0_iter0  |   9|          2|    1|          2|
    |ap_enable_reg_pp0_iter1  |   9|          2|    1|          2|
    |ap_sig_allocacmp_k_1     |   9|          2|   32|         64|
    |gmem_blk_n_AR            |   9|          2|    1|          2|
    |gmem_blk_n_R             |   9|          2|    1|          2|
    |k_fu_82                  |   9|          2|   32|         64|
    |m_axi_gmem_ARADDR        |  14|          3|   64|        192|
    |phi_mul_fu_74            |   9|          2|   62|        124|
    +-------------------------+----+-----------+-----+-----------+
    |Total                    | 109|         24|  228|        521|
    +-------------------------+----+-----------+-----+-----------+

    * Register: 
    +----------------------------------+----+----+-----+-----------+
    |               Name               | FF | LUT| Bits| Const Bits|
    +----------------------------------+----+----+-----+-----------+
    |add187_fu_78                      |  32|   0|   32|          0|
    |ap_CS_fsm                         |   2|   0|    2|          0|
    |ap_done_reg                       |   1|   0|    1|          0|
    |ap_enable_reg_pp0_iter0_reg       |   1|   0|    1|          0|
    |ap_enable_reg_pp0_iter1           |   1|   0|    1|          0|
    |ap_enable_reg_pp0_iter2           |   1|   0|    1|          0|
    |ap_enable_reg_pp0_iter3           |   1|   0|    1|          0|
    |ap_enable_reg_pp0_iter4           |   1|   0|    1|          0|
    |ap_enable_reg_pp0_iter5           |   1|   0|    1|          0|
    |ap_loop_exit_ready_pp0_iter1_reg  |   1|   0|    1|          0|
    |ap_loop_exit_ready_pp0_iter2_reg  |   1|   0|    1|          0|
    |ap_loop_exit_ready_pp0_iter3_reg  |   1|   0|    1|          0|
    |ap_loop_exit_ready_pp0_iter4_reg  |   1|   0|    1|          0|
    |dim_cast_cast_reg_325             |  62|   0|   62|          0|
    |gmem_addr_1_read_reg_351          |  32|   0|   32|          0|
    |gmem_addr_1_reg_340               |  64|   0|   64|          0|
    |gmem_addr_read_reg_346            |  32|   0|   32|          0|
    |gmem_addr_reg_334                 |  64|   0|   64|          0|
    |icmp_ln19_reg_330                 |   1|   0|    1|          0|
    |k_fu_82                           |  32|   0|   32|          0|
    |phi_mul_fu_74                     |  62|   0|   62|          0|
    |zext_ln17_cast_reg_320            |  32|   0|   62|         30|
    |icmp_ln19_reg_330                 |  64|  32|    1|          0|
    +----------------------------------+----+----+-----+-----------+
    |Total                             | 490|  32|  457|         30|
    +----------------------------------+----+----+-----+-----------+



================================================================
== Interface
================================================================
* Summary: 
+---------------------+-----+-----+------------+-------------------------+--------------+
|      RTL Ports      | Dir | Bits|  Protocol  |      Source Object      |    C Type    |
+---------------------+-----+-----+------------+-------------------------+--------------+
|ap_clk               |   in|    1|  ap_ctrl_hs|  mmult_hw_Pipeline_loop3|  return value|
|ap_rst               |   in|    1|  ap_ctrl_hs|  mmult_hw_Pipeline_loop3|  return value|
|ap_start             |   in|    1|  ap_ctrl_hs|  mmult_hw_Pipeline_loop3|  return value|
|ap_done              |  out|    1|  ap_ctrl_hs|  mmult_hw_Pipeline_loop3|  return value|
|ap_idle              |  out|    1|  ap_ctrl_hs|  mmult_hw_Pipeline_loop3|  return value|
|ap_ready             |  out|    1|  ap_ctrl_hs|  mmult_hw_Pipeline_loop3|  return value|
|m_axi_gmem_AWVALID   |  out|    1|       m_axi|                     gmem|       pointer|
|m_axi_gmem_AWREADY   |   in|    1|       m_axi|                     gmem|       pointer|
|m_axi_gmem_AWADDR    |  out|   64|       m_axi|                     gmem|       pointer|
|m_axi_gmem_AWID      |  out|    1|       m_axi|                     gmem|       pointer|
|m_axi_gmem_AWLEN     |  out|   32|       m_axi|                     gmem|       pointer|
|m_axi_gmem_AWSIZE    |  out|    3|       m_axi|                     gmem|       pointer|
|m_axi_gmem_AWBURST   |  out|    2|       m_axi|                     gmem|       pointer|
|m_axi_gmem_AWLOCK    |  out|    2|       m_axi|                     gmem|       pointer|
|m_axi_gmem_AWCACHE   |  out|    4|       m_axi|                     gmem|       pointer|
|m_axi_gmem_AWPROT    |  out|    3|       m_axi|                     gmem|       pointer|
|m_axi_gmem_AWQOS     |  out|    4|       m_axi|                     gmem|       pointer|
|m_axi_gmem_AWREGION  |  out|    4|       m_axi|                     gmem|       pointer|
|m_axi_gmem_AWUSER    |  out|    1|       m_axi|                     gmem|       pointer|
|m_axi_gmem_WVALID    |  out|    1|       m_axi|                     gmem|       pointer|
|m_axi_gmem_WREADY    |   in|    1|       m_axi|                     gmem|       pointer|
|m_axi_gmem_WDATA     |  out|   32|       m_axi|                     gmem|       pointer|
|m_axi_gmem_WSTRB     |  out|    4|       m_axi|                     gmem|       pointer|
|m_axi_gmem_WLAST     |  out|    1|       m_axi|                     gmem|       pointer|
|m_axi_gmem_WID       |  out|    1|       m_axi|                     gmem|       pointer|
|m_axi_gmem_WUSER     |  out|    1|       m_axi|                     gmem|       pointer|
|m_axi_gmem_ARVALID   |  out|    1|       m_axi|                     gmem|       pointer|
|m_axi_gmem_ARREADY   |   in|    1|       m_axi|                     gmem|       pointer|
|m_axi_gmem_ARADDR    |  out|   64|       m_axi|                     gmem|       pointer|
|m_axi_gmem_ARID      |  out|    1|       m_axi|                     gmem|       pointer|
|m_axi_gmem_ARLEN     |  out|   32|       m_axi|                     gmem|       pointer|
|m_axi_gmem_ARSIZE    |  out|    3|       m_axi|                     gmem|       pointer|
|m_axi_gmem_ARBURST   |  out|    2|       m_axi|                     gmem|       pointer|
|m_axi_gmem_ARLOCK    |  out|    2|       m_axi|                     gmem|       pointer|
|m_axi_gmem_ARCACHE   |  out|    4|       m_axi|                     gmem|       pointer|
|m_axi_gmem_ARPROT    |  out|    3|       m_axi|                     gmem|       pointer|
|m_axi_gmem_ARQOS     |  out|    4|       m_axi|                     gmem|       pointer|
|m_axi_gmem_ARREGION  |  out|    4|       m_axi|                     gmem|       pointer|
|m_axi_gmem_ARUSER    |  out|    1|       m_axi|                     gmem|       pointer|
|m_axi_gmem_RVALID    |   in|    1|       m_axi|                     gmem|       pointer|
|m_axi_gmem_RREADY    |  out|    1|       m_axi|                     gmem|       pointer|
|m_axi_gmem_RDATA     |   in|   32|       m_axi|                     gmem|       pointer|
|m_axi_gmem_RLAST     |   in|    1|       m_axi|                     gmem|       pointer|
|m_axi_gmem_RID       |   in|    1|       m_axi|                     gmem|       pointer|
|m_axi_gmem_RFIFONUM  |   in|    9|       m_axi|                     gmem|       pointer|
|m_axi_gmem_RUSER     |   in|    1|       m_axi|                     gmem|       pointer|
|m_axi_gmem_RRESP     |   in|    2|       m_axi|                     gmem|       pointer|
|m_axi_gmem_BVALID    |   in|    1|       m_axi|                     gmem|       pointer|
|m_axi_gmem_BREADY    |  out|    1|       m_axi|                     gmem|       pointer|
|m_axi_gmem_BRESP     |   in|    2|       m_axi|                     gmem|       pointer|
|m_axi_gmem_BID       |   in|    1|       m_axi|                     gmem|       pointer|
|m_axi_gmem_BUSER     |   in|    1|       m_axi|                     gmem|       pointer|
|gmem_load            |   in|   32|     ap_none|                gmem_load|        scalar|
|dim                  |   in|   32|     ap_none|                      dim|        scalar|
|sext_ln17            |   in|   62|     ap_none|                sext_ln17|        scalar|
|dim_cast             |   in|   32|     ap_none|                 dim_cast|        scalar|
|zext_ln17            |   in|   32|     ap_none|                zext_ln17|        scalar|
|in2                  |   in|   64|     ap_none|                      in2|        scalar|
|add187_out           |  out|   32|      ap_vld|               add187_out|       pointer|
|add187_out_ap_vld    |  out|    1|      ap_vld|               add187_out|       pointer|
+---------------------+-----+-----+------------+-------------------------+--------------+

============================================================
+ Verbose Summary: Synthesis Manager
============================================================
InlineROM: 1
ExposeGlobal: 0
============================================================
+ Verbose Summary: CDFG Model
============================================================
IsTopModel: 0
ResetActiveHigh: 1
IsCombinational: 2
IsDatapathOnly: 2
HasWiredReturn: 1
HasMFsm: 2
HasVarLatency: 1
IsPipeline: 0
IsRtlPipelined: 0
IsInstanceOverlapped: 0
IsDontTouch: 0
HasImplIP: 0
IsGatedGlobalClock: 0

+ Individual pipeline summary: 
  * Pipeline-0: initiation interval (II) = 2, depth = 12


============================================================
+ Verbose Summary: Schedule
============================================================
* Number of FSM states : 12
* Pipeline : 1
  Pipeline-0 : II = 2, D = 12, States = { 1 2 3 4 5 6 7 8 9 10 11 12 }
* Dataflow Pipeline: 0

* FSM state transitions: 
1 --> 2 
2 --> 3 
3 --> 4 
4 --> 5 
5 --> 6 
6 --> 7 
7 --> 8 
8 --> 9 
9 --> 10 
10 --> 11 
11 --> 12 
12 --> 

* FSM state operations: 

State 1 <SV = 0> <Delay = 2.18>
ST_1 : Operation 15 [1/1] (0.00ns)   --->   "%phi_mul = alloca i32 1"   --->   Operation 15 'alloca' 'phi_mul' <Predicate = true> <Delay = 0.00>
ST_1 : Operation 16 [1/1] (0.00ns)   --->   "%add187 = alloca i32 1"   --->   Operation 16 'alloca' 'add187' <Predicate = true> <Delay = 0.00>
ST_1 : Operation 17 [1/1] (0.00ns)   --->   "%k = alloca i32 1" [mmult_baseline.cpp:19]   --->   Operation 17 'alloca' 'k' <Predicate = true> <Delay = 0.00>
ST_1 : Operation 18 [1/1] (0.00ns)   --->   "%in2_read = read i64 @_ssdm_op_Read.ap_auto.i64, i64 %in2"   --->   Operation 18 'read' 'in2_read' <Predicate = true> <Delay = 0.00>
ST_1 : Operation 19 [1/1] (0.00ns)   --->   "%zext_ln17_read = read i32 @_ssdm_op_Read.ap_auto.i32, i32 %zext_ln17"   --->   Operation 19 'read' 'zext_ln17_read' <Predicate = true> <Delay = 0.00>
ST_1 : Operation 20 [1/1] (0.00ns)   --->   "%dim_cast_read = read i32 @_ssdm_op_Read.ap_auto.i32, i32 %dim_cast"   --->   Operation 20 'read' 'dim_cast_read' <Predicate = true> <Delay = 0.00>
ST_1 : Operation 21 [1/1] (0.00ns)   --->   "%sext_ln17_read = read i62 @_ssdm_op_Read.ap_auto.i62, i62 %sext_ln17"   --->   Operation 21 'read' 'sext_ln17_read' <Predicate = true> <Delay = 0.00>
ST_1 : Operation 22 [1/1] (0.00ns)   --->   "%dim_read = read i32 @_ssdm_op_Read.ap_auto.i32, i32 %dim"   --->   Operation 22 'read' 'dim_read' <Predicate = true> <Delay = 0.00>
ST_1 : Operation 23 [1/1] (0.00ns)   --->   "%gmem_load_read = read i32 @_ssdm_op_Read.ap_auto.i32, i32 %gmem_load"   --->   Operation 23 'read' 'gmem_load_read' <Predicate = true> <Delay = 0.00>
ST_1 : Operation 24 [1/1] (0.00ns)   --->   "%zext_ln17_cast = zext i32 %zext_ln17_read"   --->   Operation 24 'zext' 'zext_ln17_cast' <Predicate = true> <Delay = 0.00>
ST_1 : Operation 25 [1/1] (0.00ns)   --->   "%dim_cast_cast = sext i32 %dim_cast_read"   --->   Operation 25 'sext' 'dim_cast_cast' <Predicate = true> <Delay = 0.00>
ST_1 : Operation 26 [1/1] (0.00ns)   --->   "%sext_ln17_cast = sext i62 %sext_ln17_read"   --->   Operation 26 'sext' 'sext_ln17_cast' <Predicate = true> <Delay = 0.00>
ST_1 : Operation 27 [1/1] (0.00ns)   --->   "%specinterface_ln0 = specinterface void @_ssdm_op_SpecInterface, i32 %gmem, void @empty, i32 0, i32 0, void @empty_0, i32 0, i32 16384, void @empty_1, void @empty_2, void @empty_0, i32 16, i32 16, i32 16, i32 16, void @empty_0, void @empty_0, i32 4294967295, i32 0, i32 0"   --->   Operation 27 'specinterface' 'specinterface_ln0' <Predicate = true> <Delay = 0.00>
ST_1 : Operation 28 [1/1] (0.48ns)   --->   "%store_ln19 = store i32 0, i32 %k" [mmult_baseline.cpp:19]   --->   Operation 28 'store' 'store_ln19' <Predicate = true> <Delay = 0.48>
ST_1 : Operation 29 [1/1] (0.48ns)   --->   "%store_ln0 = store i32 %gmem_load_read, i32 %add187"   --->   Operation 29 'store' 'store_ln0' <Predicate = true> <Delay = 0.48>
ST_1 : Operation 30 [1/1] (0.48ns)   --->   "%store_ln0 = store i62 0, i62 %phi_mul"   --->   Operation 30 'store' 'store_ln0' <Predicate = true> <Delay = 0.48>
ST_1 : Operation 31 [1/1] (0.00ns)   --->   "%br_ln0 = br void %for.inc"   --->   Operation 31 'br' 'br_ln0' <Predicate = true> <Delay = 0.00>
ST_1 : Operation 32 [1/1] (0.00ns)   --->   "%k_1 = load i32 %k" [mmult_baseline.cpp:19]   --->   Operation 32 'load' 'k_1' <Predicate = true> <Delay = 0.00>
ST_1 : Operation 33 [1/1] (0.00ns)   --->   "%specbitsmap_ln0 = specbitsmap void @_ssdm_op_SpecBitsMap, i32 %gmem"   --->   Operation 33 'specbitsmap' 'specbitsmap_ln0' <Predicate = true> <Delay = 0.00>
ST_1 : Operation 34 [1/1] (1.20ns)   --->   "%icmp_ln19 = icmp_eq  i32 %k_1, i32 %dim_read" [mmult_baseline.cpp:19]   --->   Operation 34 'icmp' 'icmp_ln19' <Predicate = true> <Delay = 1.20> <CoreInst = "Cmp">   --->   Core 9 'Cmp' <Latency = 0> <II = 1> <Delay = 1.20> <FuncUnit> <Opcode : 'seteq' 'setne' 'setle' 'setge' 'setlt' 'setgt'> <InPorts = 2> <OutPorts = 1>
ST_1 : Operation 35 [1/1] (1.20ns)   --->   "%add_ln19 = add i32 %k_1, i32 1" [mmult_baseline.cpp:19]   --->   Operation 35 'add' 'add_ln19' <Predicate = true> <Delay = 1.20> <CoreInst = "Adder">   --->   Core 1 'Adder' <Latency = 0> <II = 1> <Delay = 1.20> <FuncUnit> <Opcode : 'add' 'sub'> <InPorts = 2> <OutPorts = 1>
ST_1 : Operation 36 [1/1] (0.00ns)   --->   "%br_ln19 = br i1 %icmp_ln19, void %for.inc.split, void %for.cond5.for.inc19_crit_edge.exitStub" [mmult_baseline.cpp:19]   --->   Operation 36 'br' 'br_ln19' <Predicate = true> <Delay = 0.00>
ST_1 : Operation 37 [1/1] (0.00ns)   --->   "%zext_ln19 = zext i32 %k_1" [mmult_baseline.cpp:19]   --->   Operation 37 'zext' 'zext_ln19' <Predicate = (!icmp_ln19)> <Delay = 0.00>
ST_1 : Operation 38 [1/1] (1.44ns)   --->   "%add_ln22 = add i63 %zext_ln19, i63 %sext_ln17_cast" [mmult_baseline.cpp:22]   --->   Operation 38 'add' 'add_ln22' <Predicate = (!icmp_ln19)> <Delay = 1.44> <CoreInst = "Adder">   --->   Core 1 'Adder' <Latency = 0> <II = 1> <Delay = 1.45> <FuncUnit> <Opcode : 'add' 'sub'> <InPorts = 2> <OutPorts = 1>
ST_1 : Operation 39 [1/1] (0.00ns)   --->   "%sext_ln22 = sext i63 %add_ln22" [mmult_baseline.cpp:22]   --->   Operation 39 'sext' 'sext_ln22' <Predicate = (!icmp_ln19)> <Delay = 0.00>
ST_1 : Operation 40 [1/1] (0.00ns)   --->   "%gmem_addr = getelementptr i32 %gmem, i64 %sext_ln22" [mmult_baseline.cpp:22]   --->   Operation 40 'getelementptr' 'gmem_addr' <Predicate = (!icmp_ln19)> <Delay = 0.00>
ST_1 : Operation 41 [1/1] (0.48ns)   --->   "%store_ln19 = store i32 %add_ln19, i32 %k" [mmult_baseline.cpp:19]   --->   Operation 41 'store' 'store_ln19' <Predicate = (!icmp_ln19)> <Delay = 0.48>

State 2 <SV = 1> <Delay = 7.30>
ST_2 : Operation 42 [1/1] (0.00ns)   --->   "%phi_mul_load = load i62 %phi_mul" [mmult_baseline.cpp:22]   --->   Operation 42 'load' 'phi_mul_load' <Predicate = (!icmp_ln19)> <Delay = 0.00>
ST_2 : Operation 43 [8/8] (7.30ns)   --->   "%gmem_load_1_req = readreq i1 @_ssdm_op_ReadReq.m_axi.i32P1A, i64 %gmem_addr, i64 1" [mmult_baseline.cpp:22]   --->   Operation 43 'readreq' 'gmem_load_1_req' <Predicate = (!icmp_ln19)> <Delay = 7.30> <CoreInst = "m_axi">   --->   Core 119 'm_axi' <Latency = 0> <II = 1> <Delay = 1.00> <Adapter> <Opcode : 'read' 'write' 'readreq' 'writereq' 'writeresp'>
ST_2 : Operation 44 [1/1] (1.44ns)   --->   "%add_ln22_4 = add i62 %phi_mul_load, i62 %dim_cast_cast" [mmult_baseline.cpp:22]   --->   Operation 44 'add' 'add_ln22_4' <Predicate = (!icmp_ln19)> <Delay = 1.44> <CoreInst = "Adder">   --->   Core 1 'Adder' <Latency = 0> <II = 1> <Delay = 1.44> <FuncUnit> <Opcode : 'add' 'sub'> <InPorts = 2> <OutPorts = 1>
ST_2 : Operation 45 [1/1] (1.44ns)   --->   "%add_ln22_1 = add i62 %phi_mul_load, i62 %zext_ln17_cast" [mmult_baseline.cpp:22]   --->   Operation 45 'add' 'add_ln22_1' <Predicate = (!icmp_ln19)> <Delay = 1.44> <CoreInst = "Adder">   --->   Core 1 'Adder' <Latency = 0> <II = 1> <Delay = 1.44> <FuncUnit> <Opcode : 'add' 'sub'> <InPorts = 2> <OutPorts = 1>
ST_2 : Operation 46 [1/1] (0.00ns)   --->   "%shl_ln = bitconcatenate i64 @_ssdm_op_BitConcatenate.i64.i62.i2, i62 %add_ln22_1, i2 0" [mmult_baseline.cpp:22]   --->   Operation 46 'bitconcatenate' 'shl_ln' <Predicate = (!icmp_ln19)> <Delay = 0.00>
ST_2 : Operation 47 [1/1] (1.47ns)   --->   "%add_ln22_2 = add i64 %shl_ln, i64 %in2_read" [mmult_baseline.cpp:22]   --->   Operation 47 'add' 'add_ln22_2' <Predicate = (!icmp_ln19)> <Delay = 1.47> <CoreInst = "Adder">   --->   Core 1 'Adder' <Latency = 0> <II = 1> <Delay = 1.47> <FuncUnit> <Opcode : 'add' 'sub'> <InPorts = 2> <OutPorts = 1>
ST_2 : Operation 48 [1/1] (0.00ns)   --->   "%trunc_ln22_1 = partselect i62 @_ssdm_op_PartSelect.i62.i64.i32.i32, i64 %add_ln22_2, i32 2, i32 63" [mmult_baseline.cpp:22]   --->   Operation 48 'partselect' 'trunc_ln22_1' <Predicate = (!icmp_ln19)> <Delay = 0.00>
ST_2 : Operation 49 [1/1] (0.00ns)   --->   "%sext_ln22_1 = sext i62 %trunc_ln22_1" [mmult_baseline.cpp:22]   --->   Operation 49 'sext' 'sext_ln22_1' <Predicate = (!icmp_ln19)> <Delay = 0.00>
ST_2 : Operation 50 [1/1] (0.00ns)   --->   "%gmem_addr_1 = getelementptr i32 %gmem, i64 %sext_ln22_1" [mmult_baseline.cpp:22]   --->   Operation 50 'getelementptr' 'gmem_addr_1' <Predicate = (!icmp_ln19)> <Delay = 0.00>
ST_2 : Operation 51 [1/1] (0.48ns)   --->   "%store_ln22 = store i62 %add_ln22_4, i62 %phi_mul" [mmult_baseline.cpp:22]   --->   Operation 51 'store' 'store_ln22' <Predicate = (!icmp_ln19)> <Delay = 0.48>

State 3 <SV = 2> <Delay = 7.30>
ST_3 : Operation 52 [7/8] (7.30ns)   --->   "%gmem_load_1_req = readreq i1 @_ssdm_op_ReadReq.m_axi.i32P1A, i64 %gmem_addr, i64 1" [mmult_baseline.cpp:22]   --->   Operation 52 'readreq' 'gmem_load_1_req' <Predicate = true> <Delay = 7.30> <CoreInst = "m_axi">   --->   Core 119 'm_axi' <Latency = 0> <II = 1> <Delay = 1.00> <Adapter> <Opcode : 'read' 'write' 'readreq' 'writereq' 'writeresp'>
ST_3 : Operation 53 [8/8] (7.30ns)   --->   "%gmem_load_2_req = readreq i1 @_ssdm_op_ReadReq.m_axi.i32P1A, i64 %gmem_addr_1, i64 1" [mmult_baseline.cpp:22]   --->   Operation 53 'readreq' 'gmem_load_2_req' <Predicate = true> <Delay = 7.30> <CoreInst = "m_axi">   --->   Core 119 'm_axi' <Latency = 0> <II = 1> <Delay = 1.00> <Adapter> <Opcode : 'read' 'write' 'readreq' 'writereq' 'writeresp'>

State 4 <SV = 3> <Delay = 7.30>
ST_4 : Operation 54 [6/8] (7.30ns)   --->   "%gmem_load_1_req = readreq i1 @_ssdm_op_ReadReq.m_axi.i32P1A, i64 %gmem_addr, i64 1" [mmult_baseline.cpp:22]   --->   Operation 54 'readreq' 'gmem_load_1_req' <Predicate = true> <Delay = 7.30> <CoreInst = "m_axi">   --->   Core 119 'm_axi' <Latency = 0> <II = 1> <Delay = 1.00> <Adapter> <Opcode : 'read' 'write' 'readreq' 'writereq' 'writeresp'>
ST_4 : Operation 55 [7/8] (7.30ns)   --->   "%gmem_load_2_req = readreq i1 @_ssdm_op_ReadReq.m_axi.i32P1A, i64 %gmem_addr_1, i64 1" [mmult_baseline.cpp:22]   --->   Operation 55 'readreq' 'gmem_load_2_req' <Predicate = true> <Delay = 7.30> <CoreInst = "m_axi">   --->   Core 119 'm_axi' <Latency = 0> <II = 1> <Delay = 1.00> <Adapter> <Opcode : 'read' 'write' 'readreq' 'writereq' 'writeresp'>

State 5 <SV = 4> <Delay = 7.30>
ST_5 : Operation 56 [5/8] (7.30ns)   --->   "%gmem_load_1_req = readreq i1 @_ssdm_op_ReadReq.m_axi.i32P1A, i64 %gmem_addr, i64 1" [mmult_baseline.cpp:22]   --->   Operation 56 'readreq' 'gmem_load_1_req' <Predicate = true> <Delay = 7.30> <CoreInst = "m_axi">   --->   Core 119 'm_axi' <Latency = 0> <II = 1> <Delay = 1.00> <Adapter> <Opcode : 'read' 'write' 'readreq' 'writereq' 'writeresp'>
ST_5 : Operation 57 [6/8] (7.30ns)   --->   "%gmem_load_2_req = readreq i1 @_ssdm_op_ReadReq.m_axi.i32P1A, i64 %gmem_addr_1, i64 1" [mmult_baseline.cpp:22]   --->   Operation 57 'readreq' 'gmem_load_2_req' <Predicate = true> <Delay = 7.30> <CoreInst = "m_axi">   --->   Core 119 'm_axi' <Latency = 0> <II = 1> <Delay = 1.00> <Adapter> <Opcode : 'read' 'write' 'readreq' 'writereq' 'writeresp'>

State 6 <SV = 5> <Delay = 7.30>
ST_6 : Operation 58 [4/8] (7.30ns)   --->   "%gmem_load_1_req = readreq i1 @_ssdm_op_ReadReq.m_axi.i32P1A, i64 %gmem_addr, i64 1" [mmult_baseline.cpp:22]   --->   Operation 58 'readreq' 'gmem_load_1_req' <Predicate = true> <Delay = 7.30> <CoreInst = "m_axi">   --->   Core 119 'm_axi' <Latency = 0> <II = 1> <Delay = 1.00> <Adapter> <Opcode : 'read' 'write' 'readreq' 'writereq' 'writeresp'>
ST_6 : Operation 59 [5/8] (7.30ns)   --->   "%gmem_load_2_req = readreq i1 @_ssdm_op_ReadReq.m_axi.i32P1A, i64 %gmem_addr_1, i64 1" [mmult_baseline.cpp:22]   --->   Operation 59 'readreq' 'gmem_load_2_req' <Predicate = true> <Delay = 7.30> <CoreInst = "m_axi">   --->   Core 119 'm_axi' <Latency = 0> <II = 1> <Delay = 1.00> <Adapter> <Opcode : 'read' 'write' 'readreq' 'writereq' 'writeresp'>

State 7 <SV = 6> <Delay = 7.30>
ST_7 : Operation 60 [3/8] (7.30ns)   --->   "%gmem_load_1_req = readreq i1 @_ssdm_op_ReadReq.m_axi.i32P1A, i64 %gmem_addr, i64 1" [mmult_baseline.cpp:22]   --->   Operation 60 'readreq' 'gmem_load_1_req' <Predicate = true> <Delay = 7.30> <CoreInst = "m_axi">   --->   Core 119 'm_axi' <Latency = 0> <II = 1> <Delay = 1.00> <Adapter> <Opcode : 'read' 'write' 'readreq' 'writereq' 'writeresp'>
ST_7 : Operation 61 [4/8] (7.30ns)   --->   "%gmem_load_2_req = readreq i1 @_ssdm_op_ReadReq.m_axi.i32P1A, i64 %gmem_addr_1, i64 1" [mmult_baseline.cpp:22]   --->   Operation 61 'readreq' 'gmem_load_2_req' <Predicate = true> <Delay = 7.30> <CoreInst = "m_axi">   --->   Core 119 'm_axi' <Latency = 0> <II = 1> <Delay = 1.00> <Adapter> <Opcode : 'read' 'write' 'readreq' 'writereq' 'writeresp'>

State 8 <SV = 7> <Delay = 7.30>
ST_8 : Operation 62 [2/8] (7.30ns)   --->   "%gmem_load_1_req = readreq i1 @_ssdm_op_ReadReq.m_axi.i32P1A, i64 %gmem_addr, i64 1" [mmult_baseline.cpp:22]   --->   Operation 62 'readreq' 'gmem_load_1_req' <Predicate = true> <Delay = 7.30> <CoreInst = "m_axi">   --->   Core 119 'm_axi' <Latency = 0> <II = 1> <Delay = 1.00> <Adapter> <Opcode : 'read' 'write' 'readreq' 'writereq' 'writeresp'>
ST_8 : Operation 63 [3/8] (7.30ns)   --->   "%gmem_load_2_req = readreq i1 @_ssdm_op_ReadReq.m_axi.i32P1A, i64 %gmem_addr_1, i64 1" [mmult_baseline.cpp:22]   --->   Operation 63 'readreq' 'gmem_load_2_req' <Predicate = true> <Delay = 7.30> <CoreInst = "m_axi">   --->   Core 119 'm_axi' <Latency = 0> <II = 1> <Delay = 1.00> <Adapter> <Opcode : 'read' 'write' 'readreq' 'writereq' 'writeresp'>

State 9 <SV = 8> <Delay = 7.30>
ST_9 : Operation 64 [1/8] (7.30ns)   --->   "%gmem_load_1_req = readreq i1 @_ssdm_op_ReadReq.m_axi.i32P1A, i64 %gmem_addr, i64 1" [mmult_baseline.cpp:22]   --->   Operation 64 'readreq' 'gmem_load_1_req' <Predicate = true> <Delay = 7.30> <CoreInst = "m_axi">   --->   Core 119 'm_axi' <Latency = 0> <II = 1> <Delay = 1.00> <Adapter> <Opcode : 'read' 'write' 'readreq' 'writereq' 'writeresp'>
ST_9 : Operation 65 [2/8] (7.30ns)   --->   "%gmem_load_2_req = readreq i1 @_ssdm_op_ReadReq.m_axi.i32P1A, i64 %gmem_addr_1, i64 1" [mmult_baseline.cpp:22]   --->   Operation 65 'readreq' 'gmem_load_2_req' <Predicate = true> <Delay = 7.30> <CoreInst = "m_axi">   --->   Core 119 'm_axi' <Latency = 0> <II = 1> <Delay = 1.00> <Adapter> <Opcode : 'read' 'write' 'readreq' 'writereq' 'writeresp'>

State 10 <SV = 9> <Delay = 7.30>
ST_10 : Operation 66 [1/1] (7.30ns)   --->   "%gmem_addr_read = read i32 @_ssdm_op_Read.m_axi.i32P1A, i64 %gmem_addr" [mmult_baseline.cpp:22]   --->   Operation 66 'read' 'gmem_addr_read' <Predicate = true> <Delay = 7.30> <CoreInst = "m_axi">   --->   Core 119 'm_axi' <Latency = 0> <II = 1> <Delay = 1.00> <Adapter> <Opcode : 'read' 'write' 'readreq' 'writereq' 'writeresp'>
ST_10 : Operation 67 [1/8] (7.30ns)   --->   "%gmem_load_2_req = readreq i1 @_ssdm_op_ReadReq.m_axi.i32P1A, i64 %gmem_addr_1, i64 1" [mmult_baseline.cpp:22]   --->   Operation 67 'readreq' 'gmem_load_2_req' <Predicate = true> <Delay = 7.30> <CoreInst = "m_axi">   --->   Core 119 'm_axi' <Latency = 0> <II = 1> <Delay = 1.00> <Adapter> <Opcode : 'read' 'write' 'readreq' 'writereq' 'writeresp'>
ST_10 : Operation 77 [1/1] (0.00ns)   --->   "%add187_load_1 = load i32 %add187"   --->   Operation 77 'load' 'add187_load_1' <Predicate = (icmp_ln19)> <Delay = 0.00>
ST_10 : Operation 78 [1/1] (0.00ns)   --->   "%write_ln0 = write void @_ssdm_op_Write.ap_auto.i32P0A, i32 %add187_out, i32 %add187_load_1"   --->   Operation 78 'write' 'write_ln0' <Predicate = (icmp_ln19)> <Delay = 0.00>
ST_10 : Operation 79 [1/1] (0.48ns)   --->   "%ret_ln0 = ret"   --->   Operation 79 'ret' 'ret_ln0' <Predicate = (icmp_ln19)> <Delay = 0.48>

State 11 <SV = 10> <Delay = 7.30>
ST_11 : Operation 68 [1/1] (7.30ns)   --->   "%gmem_addr_1_read = read i32 @_ssdm_op_Read.m_axi.i32P1A, i64 %gmem_addr_1" [mmult_baseline.cpp:22]   --->   Operation 68 'read' 'gmem_addr_1_read' <Predicate = true> <Delay = 7.30> <CoreInst = "m_axi">   --->   Core 119 'm_axi' <Latency = 0> <II = 1> <Delay = 1.00> <Adapter> <Opcode : 'read' 'write' 'readreq' 'writereq' 'writeresp'>

State 12 <SV = 11> <Delay = 5.57>
ST_12 : Operation 69 [1/1] (0.00ns)   --->   "%add187_load = load i32 %add187" [mmult_baseline.cpp:22]   --->   Operation 69 'load' 'add187_load' <Predicate = true> <Delay = 0.00>
ST_12 : Operation 70 [1/1] (0.00ns)   --->   "%specpipeline_ln21 = specpipeline void @_ssdm_op_SpecPipeline, i32 1, i32 0, i32 0, i32 0, void @empty_0" [mmult_baseline.cpp:21]   --->   Operation 70 'specpipeline' 'specpipeline_ln21' <Predicate = true> <Delay = 0.00>
ST_12 : Operation 71 [1/1] (0.00ns)   --->   "%speclooptripcount_ln20 = speclooptripcount void @_ssdm_op_SpecLoopTripCount, i64 128, i64 128, i64 128" [mmult_baseline.cpp:20]   --->   Operation 71 'speclooptripcount' 'speclooptripcount_ln20' <Predicate = true> <Delay = 0.00>
ST_12 : Operation 72 [1/1] (0.00ns)   --->   "%specloopname_ln19 = specloopname void @_ssdm_op_SpecLoopName, void @empty_13" [mmult_baseline.cpp:19]   --->   Operation 72 'specloopname' 'specloopname_ln19' <Predicate = true> <Delay = 0.00>
ST_12 : Operation 73 [1/1] (3.88ns)   --->   "%mul_ln22 = mul i32 %gmem_addr_1_read, i32 %gmem_addr_read" [mmult_baseline.cpp:22]   --->   Operation 73 'mul' 'mul_ln22' <Predicate = true> <Delay = 3.88> <CoreInst = "Multiplier">   --->   Core 3 'Multiplier' <Latency = 0> <II = 1> <Delay = 3.88> <FuncUnit> <Opcode : 'mul'> <InPorts = 2> <OutPorts = 1>
ST_12 : Operation 74 [1/1] (1.20ns)   --->   "%add_ln22_3 = add i32 %mul_ln22, i32 %add187_load" [mmult_baseline.cpp:22]   --->   Operation 74 'add' 'add_ln22_3' <Predicate = true> <Delay = 1.20> <CoreInst = "Adder">   --->   Core 1 'Adder' <Latency = 0> <II = 1> <Delay = 1.20> <FuncUnit> <Opcode : 'add' 'sub'> <InPorts = 2> <OutPorts = 1>
ST_12 : Operation 75 [1/1] (0.48ns)   --->   "%store_ln22 = store i32 %add_ln22_3, i32 %add187" [mmult_baseline.cpp:22]   --->   Operation 75 'store' 'store_ln22' <Predicate = true> <Delay = 0.48>
ST_12 : Operation 76 [1/1] (0.00ns)   --->   "%br_ln19 = br void %for.inc" [mmult_baseline.cpp:19]   --->   Operation 76 'br' 'br_ln19' <Predicate = true> <Delay = 0.00>


============================================================
+ Verbose Summary: Binding
============================================================
STG Binding: 
---------------- STG Properties BEGIN ----------------
- Is combinational: 0
- Is one-state seq: 0
- Is datapath-only: 0
- Is pipelined: 0
- Is top level: 0
Port [ Return ] is wired: 1; IO mode=ap_ctrl_hs:ce=0
Port [ gmem_load]:  wired=1; compound=0; hidden=0; nouse=0; global=0; static=0; extern=0; dir=0; type=0; pingpong=0; private_global=0; IO mode=ap_none:ce=0
Port [ gmem]:  wired=1; compound=1; hidden=0; nouse=0; global=0; static=0; extern=0; dir=0; type=4; pingpong=0; private_global=0; IO mode=m_axi:ce=0
Port [ dim]:  wired=1; compound=0; hidden=0; nouse=0; global=0; static=0; extern=0; dir=0; type=0; pingpong=0; private_global=0; IO mode=ap_none:ce=0
Port [ sext_ln17]:  wired=1; compound=0; hidden=0; nouse=0; global=0; static=0; extern=0; dir=0; type=0; pingpong=0; private_global=0; IO mode=ap_none:ce=0
Port [ dim_cast]:  wired=1; compound=0; hidden=0; nouse=0; global=0; static=0; extern=0; dir=0; type=0; pingpong=0; private_global=0; IO mode=ap_none:ce=0
Port [ zext_ln17]:  wired=1; compound=0; hidden=0; nouse=0; global=0; static=0; extern=0; dir=0; type=0; pingpong=0; private_global=0; IO mode=ap_none:ce=0
Port [ in2]:  wired=1; compound=0; hidden=0; nouse=0; global=0; static=0; extern=0; dir=0; type=0; pingpong=0; private_global=0; IO mode=ap_none:ce=0
Port [ add187_out]:  wired=1; compound=0; hidden=0; nouse=0; global=0; static=0; extern=0; dir=1; type=0; pingpong=0; private_global=0; IO mode=ap_vld:ce=0
---------------- STG Properties END ------------------

---------------- Datapath Model BEGIN ----------------

<LifeTime>
<method=bitvector/>
phi_mul                (alloca           ) [ 0110000000000]
add187                 (alloca           ) [ 0111111111111]
k                      (alloca           ) [ 0100000000000]
in2_read               (read             ) [ 0010000000000]
zext_ln17_read         (read             ) [ 0000000000000]
dim_cast_read          (read             ) [ 0000000000000]
sext_ln17_read         (read             ) [ 0000000000000]
dim_read               (read             ) [ 0000000000000]
gmem_load_read         (read             ) [ 0000000000000]
zext_ln17_cast         (zext             ) [ 0010000000000]
dim_cast_cast          (sext             ) [ 0010000000000]
sext_ln17_cast         (sext             ) [ 0000000000000]
specinterface_ln0      (specinterface    ) [ 0000000000000]
store_ln19             (store            ) [ 0000000000000]
store_ln0              (store            ) [ 0000000000000]
store_ln0              (store            ) [ 0000000000000]
br_ln0                 (br               ) [ 0000000000000]
k_1                    (load             ) [ 0000000000000]
specbitsmap_ln0        (specbitsmap      ) [ 0000000000000]
icmp_ln19              (icmp             ) [ 0111111111100]
add_ln19               (add              ) [ 0000000000000]
br_ln19                (br               ) [ 0000000000000]
zext_ln19              (zext             ) [ 0000000000000]
add_ln22               (add              ) [ 0000000000000]
sext_ln22              (sext             ) [ 0000000000000]
gmem_addr              (getelementptr    ) [ 0111111111100]
store_ln19             (store            ) [ 0000000000000]
phi_mul_load           (load             ) [ 0000000000000]
add_ln22_4             (add              ) [ 0000000000000]
add_ln22_1             (add              ) [ 0000000000000]
shl_ln                 (bitconcatenate   ) [ 0000000000000]
add_ln22_2             (add              ) [ 0000000000000]
trunc_ln22_1           (partselect       ) [ 0000000000000]
sext_ln22_1            (sext             ) [ 0000000000000]
gmem_addr_1            (getelementptr    ) [ 0111111111110]
store_ln22             (store            ) [ 0000000000000]
gmem_load_1_req        (readreq          ) [ 0000000000000]
gmem_addr_read         (read             ) [ 0110000000011]
gmem_load_2_req        (readreq          ) [ 0000000000000]
gmem_addr_1_read       (read             ) [ 0010000000001]
add187_load            (load             ) [ 0000000000000]
specpipeline_ln21      (specpipeline     ) [ 0000000000000]
speclooptripcount_ln20 (speclooptripcount) [ 0000000000000]
specloopname_ln19      (specloopname     ) [ 0000000000000]
mul_ln22               (mul              ) [ 0000000000000]
add_ln22_3             (add              ) [ 0000000000000]
store_ln22             (store            ) [ 0000000000000]
br_ln19                (br               ) [ 0000000000000]
add187_load_1          (load             ) [ 0000000000000]
write_ln0              (write            ) [ 0000000000000]
ret_ln0                (ret              ) [ 0000000000000]
</LifeTime>

<model>

<comp_list>
<comp id="0" class="1000" name="gmem_load">
<pin_list>
<pin id="1" dir="1" index="0" bw="1" slack="0"/>
</pin_list>
<bind>
<StgValue><ssdm name="gmem_load"/></StgValue>
</bind>
</comp>

<comp id="2" class="1000" name="gmem">
<pin_list>
<pin id="3" dir="1" index="0" bw="1" slack="0"/>
</pin_list>
<bind>
<StgValue><ssdm name="gmem"/></StgValue>
</bind>
</comp>

<comp id="4" class="1000" name="dim">
<pin_list>
<pin id="5" dir="1" index="0" bw="1" slack="0"/>
</pin_list>
<bind>
<StgValue><ssdm name="dim"/></StgValue>
</bind>
</comp>

<comp id="6" class="1000" name="sext_ln17">
<pin_list>
<pin id="7" dir="1" index="0" bw="1" slack="0"/>
</pin_list>
<bind>
<StgValue><ssdm name="sext_ln17"/></StgValue>
</bind>
</comp>

<comp id="8" class="1000" name="dim_cast">
<pin_list>
<pin id="9" dir="1" index="0" bw="1" slack="0"/>
</pin_list>
<bind>
<StgValue><ssdm name="dim_cast"/></StgValue>
</bind>
</comp>

<comp id="10" class="1000" name="zext_ln17">
<pin_list>
<pin id="11" dir="1" index="0" bw="1" slack="0"/>
</pin_list>
<bind>
<StgValue><ssdm name="zext_ln17"/></StgValue>
</bind>
</comp>

<comp id="12" class="1000" name="in2">
<pin_list>
<pin id="13" dir="1" index="0" bw="1" slack="0"/>
</pin_list>
<bind>
<StgValue><ssdm name="in2"/></StgValue>
</bind>
</comp>

<comp id="14" class="1000" name="add187_out">
<pin_list>
<pin id="15" dir="1" index="0" bw="1" slack="0"/>
</pin_list>
<bind>
<StgValue><ssdm name="add187_out"/></StgValue>
</bind>
</comp>

<comp id="16" class="1001" name="const_16">
<pin_list>
<pin id="17" dir="1" index="0" bw="1" slack="0"/>
</pin_list>
<bind>
<StgValue><ssdm name=""/></StgValue>
</bind>
</comp>

<comp id="18" class="1001" name="const_18">
<pin_list>
<pin id="19" dir="1" index="0" bw="1" slack="0"/>
</pin_list>
<bind>
<StgValue><ssdm name="_ssdm_op_Read.ap_auto.i64"/></StgValue>
</bind>
</comp>

<comp id="20" class="1001" name="const_20">
<pin_list>
<pin id="21" dir="1" index="0" bw="1" slack="0"/>
</pin_list>
<bind>
<StgValue><ssdm name="_ssdm_op_Read.ap_auto.i32"/></StgValue>
</bind>
</comp>

<comp id="22" class="1001" name="const_22">
<pin_list>
<pin id="23" dir="1" index="0" bw="1" slack="0"/>
</pin_list>
<bind>
<StgValue><ssdm name="_ssdm_op_Read.ap_auto.i62"/></StgValue>
</bind>
</comp>

<comp id="24" class="1001" name="const_24">
<pin_list>
<pin id="25" dir="1" index="0" bw="1" slack="2147483647"/>
</pin_list>
<bind>
<StgValue><ssdm name="_ssdm_op_SpecInterface"/></StgValue>
</bind>
</comp>

<comp id="26" class="1001" name="const_26">
<pin_list>
<pin id="27" dir="1" index="0" bw="1" slack="2147483647"/>
</pin_list>
<bind>
<StgValue><ssdm name="empty"/></StgValue>
</bind>
</comp>

<comp id="28" class="1001" name="const_28">
<pin_list>
<pin id="29" dir="1" index="0" bw="1" slack="0"/>
</pin_list>
<bind>
<StgValue><ssdm name=""/></StgValue>
</bind>
</comp>

<comp id="30" class="1001" name="const_30">
<pin_list>
<pin id="31" dir="1" index="0" bw="1" slack="2147483647"/>
</pin_list>
<bind>
<StgValue><ssdm name="empty_0"/></StgValue>
</bind>
</comp>

<comp id="32" class="1001" name="const_32">
<pin_list>
<pin id="33" dir="1" index="0" bw="1" slack="2147483647"/>
</pin_list>
<bind>
<StgValue><ssdm name=""/></StgValue>
</bind>
</comp>

<comp id="34" class="1001" name="const_34">
<pin_list>
<pin id="35" dir="1" index="0" bw="1" slack="2147483647"/>
</pin_list>
<bind>
<StgValue><ssdm name="empty_1"/></StgValue>
</bind>
</comp>

<comp id="36" class="1001" name="const_36">
<pin_list>
<pin id="37" dir="1" index="0" bw="1" slack="2147483647"/>
</pin_list>
<bind>
<StgValue><ssdm name="empty_2"/></StgValue>
</bind>
</comp>

<comp id="38" class="1001" name="const_38">
<pin_list>
<pin id="39" dir="1" index="0" bw="1" slack="2147483647"/>
</pin_list>
<bind>
<StgValue><ssdm name=""/></StgValue>
</bind>
</comp>

<comp id="40" class="1001" name="const_40">
<pin_list>
<pin id="41" dir="1" index="0" bw="1" slack="2147483647"/>
</pin_list>
<bind>
<StgValue><ssdm name=""/></StgValue>
</bind>
</comp>

<comp id="42" class="1001" name="const_42">
<pin_list>
<pin id="43" dir="1" index="0" bw="1" slack="0"/>
</pin_list>
<bind>
<StgValue><ssdm name=""/></StgValue>
</bind>
</comp>

<comp id="44" class="1001" name="const_44">
<pin_list>
<pin id="45" dir="1" index="0" bw="1" slack="2147483647"/>
</pin_list>
<bind>
<StgValue><ssdm name="_ssdm_op_SpecBitsMap"/></StgValue>
</bind>
</comp>

<comp id="46" class="1001" name="const_46">
<pin_list>
<pin id="47" dir="1" index="0" bw="1" slack="0"/>
</pin_list>
<bind>
<StgValue><ssdm name="_ssdm_op_ReadReq.m_axi.i32P1A"/></StgValue>
</bind>
</comp>

<comp id="48" class="1001" name="const_48">
<pin_list>
<pin id="49" dir="1" index="0" bw="1" slack="0"/>
</pin_list>
<bind>
<StgValue><ssdm name=""/></StgValue>
</bind>
</comp>

<comp id="50" class="1001" name="const_50">
<pin_list>
<pin id="51" dir="1" index="0" bw="1" slack="0"/>
</pin_list>
<bind>
<StgValue><ssdm name="_ssdm_op_BitConcatenate.i64.i62.i2"/></StgValue>
</bind>
</comp>

<comp id="52" class="1001" name="const_52">
<pin_list>
<pin id="53" dir="1" index="0" bw="1" slack="0"/>
</pin_list>
<bind>
<StgValue><ssdm name=""/></StgValue>
</bind>
</comp>

<comp id="54" class="1001" name="const_54">
<pin_list>
<pin id="55" dir="1" index="0" bw="1" slack="0"/>
</pin_list>
<bind>
<StgValue><ssdm name="_ssdm_op_PartSelect.i62.i64.i32.i32"/></StgValue>
</bind>
</comp>

<comp id="56" class="1001" name="const_56">
<pin_list>
<pin id="57" dir="1" index="0" bw="1" slack="0"/>
</pin_list>
<bind>
<StgValue><ssdm name=""/></StgValue>
</bind>
</comp>

<comp id="58" class="1001" name="const_58">
<pin_list>
<pin id="59" dir="1" index="0" bw="1" slack="0"/>
</pin_list>
<bind>
<StgValue><ssdm name=""/></StgValue>
</bind>
</comp>

<comp id="60" class="1001" name="const_60">
<pin_list>
<pin id="61" dir="1" index="0" bw="1" slack="0"/>
</pin_list>
<bind>
<StgValue><ssdm name="_ssdm_op_Read.m_axi.i32P1A"/></StgValue>
</bind>
</comp>

<comp id="62" class="1001" name="const_62">
<pin_list>
<pin id="63" dir="1" index="0" bw="1" slack="2147483647"/>
</pin_list>
<bind>
<StgValue><ssdm name="_ssdm_op_SpecPipeline"/></StgValue>
</bind>
</comp>

<comp id="64" class="1001" name="const_64">
<pin_list>
<pin id="65" dir="1" index="0" bw="1" slack="2147483647"/>
</pin_list>
<bind>
<StgValue><ssdm name="_ssdm_op_SpecLoopTripCount"/></StgValue>
</bind>
</comp>

<comp id="66" class="1001" name="const_66">
<pin_list>
<pin id="67" dir="1" index="0" bw="1" slack="2147483647"/>
</pin_list>
<bind>
<StgValue><ssdm name=""/></StgValue>
</bind>
</comp>

<comp id="68" class="1001" name="const_68">
<pin_list>
<pin id="69" dir="1" index="0" bw="1" slack="2147483647"/>
</pin_list>
<bind>
<StgValue><ssdm name="_ssdm_op_SpecLoopName"/></StgValue>
</bind>
</comp>

<comp id="70" class="1001" name="const_70">
<pin_list>
<pin id="71" dir="1" index="0" bw="1" slack="2147483647"/>
</pin_list>
<bind>
<StgValue><ssdm name="empty_13"/></StgValue>
</bind>
</comp>

<comp id="72" class="1001" name="const_72">
<pin_list>
<pin id="73" dir="1" index="0" bw="1" slack="0"/>
</pin_list>
<bind>
<StgValue><ssdm name="_ssdm_op_Write.ap_auto.i32P0A"/></StgValue>
</bind>
</comp>

<comp id="74" class="1004" name="phi_mul_fu_74">
<pin_list>
<pin id="75" dir="0" index="0" bw="1" slack="0"/>
<pin id="76" dir="1" index="1" bw="62" slack="0"/>
</pin_list>
<bind>
<opcode="alloca(26) " fcode="alloca"/>
<opset="phi_mul/1 "/>
</bind>
</comp>

<comp id="78" class="1004" name="add187_fu_78">
<pin_list>
<pin id="79" dir="0" index="0" bw="1" slack="0"/>
<pin id="80" dir="1" index="1" bw="32" slack="0"/>
</pin_list>
<bind>
<opcode="alloca(26) " fcode="alloca"/>
<opset="add187/1 "/>
</bind>
</comp>

<comp id="82" class="1004" name="k_fu_82">
<pin_list>
<pin id="83" dir="0" index="0" bw="1" slack="0"/>
<pin id="84" dir="1" index="1" bw="32" slack="0"/>
</pin_list>
<bind>
<opcode="alloca(26) " fcode="alloca"/>
<opset="k/1 "/>
</bind>
</comp>

<comp id="86" class="1004" name="in2_read_read_fu_86">
<pin_list>
<pin id="87" dir="0" index="0" bw="64" slack="0"/>
<pin id="88" dir="0" index="1" bw="64" slack="0"/>
<pin id="89" dir="1" index="2" bw="64" slack="1"/>
</pin_list>
<bind>
<opcode="read(1150) " fcode="read"/>
<opset="in2_read/1 "/>
</bind>
</comp>

<comp id="92" class="1004" name="zext_ln17_read_read_fu_92">
<pin_list>
<pin id="93" dir="0" index="0" bw="32" slack="0"/>
<pin id="94" dir="0" index="1" bw="32" slack="0"/>
<pin id="95" dir="1" index="2" bw="32" slack="0"/>
</pin_list>
<bind>
<opcode="read(1150) " fcode="read"/>
<opset="zext_ln17_read/1 "/>
</bind>
</comp>

<comp id="98" class="1004" name="dim_cast_read_read_fu_98">
<pin_list>
<pin id="99" dir="0" index="0" bw="32" slack="0"/>
<pin id="100" dir="0" index="1" bw="32" slack="0"/>
<pin id="101" dir="1" index="2" bw="32" slack="0"/>
</pin_list>
<bind>
<opcode="read(1150) " fcode="read"/>
<opset="dim_cast_read/1 "/>
</bind>
</comp>

<comp id="104" class="1004" name="sext_ln17_read_read_fu_104">
<pin_list>
<pin id="105" dir="0" index="0" bw="62" slack="0"/>
<pin id="106" dir="0" index="1" bw="62" slack="0"/>
<pin id="107" dir="1" index="2" bw="62" slack="0"/>
</pin_list>
<bind>
<opcode="read(1150) " fcode="read"/>
<opset="sext_ln17_read/1 "/>
</bind>
</comp>

<comp id="110" class="1004" name="dim_read_read_fu_110">
<pin_list>
<pin id="111" dir="0" index="0" bw="32" slack="0"/>
<pin id="112" dir="0" index="1" bw="32" slack="0"/>
<pin id="113" dir="1" index="2" bw="32" slack="0"/>
</pin_list>
<bind>
<opcode="read(1150) " fcode="read"/>
<opset="dim_read/1 "/>
</bind>
</comp>

<comp id="116" class="1004" name="gmem_load_read_read_fu_116">
<pin_list>
<pin id="117" dir="0" index="0" bw="32" slack="0"/>
<pin id="118" dir="0" index="1" bw="32" slack="0"/>
<pin id="119" dir="1" index="2" bw="32" slack="0"/>
</pin_list>
<bind>
<opcode="read(1150) " fcode="read"/>
<opset="gmem_load_read/1 "/>
</bind>
</comp>

<comp id="122" class="1004" name="grp_readreq_fu_122">
<pin_list>
<pin id="123" dir="0" index="0" bw="1" slack="0"/>
<pin id="124" dir="0" index="1" bw="32" slack="1"/>
<pin id="125" dir="0" index="2" bw="1" slack="0"/>
<pin id="126" dir="1" index="3" bw="1" slack="2147483647"/>
</pin_list>
<bind>
<opcode="readreq(1154) " fcode="readreq"/>
<opset="gmem_load_1_req/2 "/>
</bind>
</comp>

<comp id="129" class="1004" name="grp_readreq_fu_129">
<pin_list>
<pin id="130" dir="0" index="0" bw="1" slack="0"/>
<pin id="131" dir="0" index="1" bw="32" slack="1"/>
<pin id="132" dir="0" index="2" bw="1" slack="0"/>
<pin id="133" dir="1" index="3" bw="1" slack="2147483647"/>
</pin_list>
<bind>
<opcode="readreq(1154) " fcode="readreq"/>
<opset="gmem_load_2_req/3 "/>
</bind>
</comp>

<comp id="136" class="1004" name="gmem_addr_read_read_fu_136">
<pin_list>
<pin id="137" dir="0" index="0" bw="32" slack="0"/>
<pin id="138" dir="0" index="1" bw="32" slack="9"/>
<pin id="139" dir="1" index="2" bw="32" slack="2"/>
</pin_list>
<bind>
<opcode="read(1150) " fcode="read"/>
<opset="gmem_addr_read/10 "/>
</bind>
</comp>

<comp id="141" class="1004" name="gmem_addr_1_read_read_fu_141">
<pin_list>
<pin id="142" dir="0" index="0" bw="32" slack="0"/>
<pin id="143" dir="0" index="1" bw="32" slack="9"/>
<pin id="144" dir="1" index="2" bw="32" slack="1"/>
</pin_list>
<bind>
<opcode="read(1150) " fcode="read"/>
<opset="gmem_addr_1_read/11 "/>
</bind>
</comp>

<comp id="146" class="1004" name="write_ln0_write_fu_146">
<pin_list>
<pin id="147" dir="0" index="0" bw="0" slack="0"/>
<pin id="148" dir="0" index="1" bw="32" slack="0"/>
<pin id="149" dir="0" index="2" bw="32" slack="0"/>
<pin id="150" dir="1" index="3" bw="0" slack="2147483647"/>
</pin_list>
<bind>
<opcode="write(1151) " fcode="write"/>
<opset="write_ln0/10 "/>
</bind>
</comp>

<comp id="153" class="1004" name="mul_ln22_fu_153">
<pin_list>
<pin id="154" dir="0" index="0" bw="32" slack="1"/>
<pin id="155" dir="0" index="1" bw="32" slack="2"/>
<pin id="156" dir="1" index="2" bw="32" slack="0"/>
</pin_list>
<bind>
<opcode="mul(12) " fcode="mul"/>
<opset="mul_ln22/12 "/>
</bind>
</comp>

<comp id="157" class="1004" name="zext_ln17_cast_fu_157">
<pin_list>
<pin id="158" dir="0" index="0" bw="32" slack="0"/>
<pin id="159" dir="1" index="1" bw="62" slack="1"/>
</pin_list>
<bind>
<opcode="zext(34) " fcode="zext"/>
<opset="zext_ln17_cast/1 "/>
</bind>
</comp>

<comp id="161" class="1004" name="dim_cast_cast_fu_161">
<pin_list>
<pin id="162" dir="0" index="0" bw="32" slack="0"/>
<pin id="163" dir="1" index="1" bw="62" slack="1"/>
</pin_list>
<bind>
<opcode="sext(35) " fcode="sext"/>
<opset="dim_cast_cast/1 "/>
</bind>
</comp>

<comp id="165" class="1004" name="sext_ln17_cast_fu_165">
<pin_list>
<pin id="166" dir="0" index="0" bw="62" slack="0"/>
<pin id="167" dir="1" index="1" bw="63" slack="0"/>
</pin_list>
<bind>
<opcode="sext(35) " fcode="sext"/>
<opset="sext_ln17_cast/1 "/>
</bind>
</comp>

<comp id="169" class="1004" name="store_ln19_store_fu_169">
<pin_list>
<pin id="170" dir="0" index="0" bw="1" slack="0"/>
<pin id="171" dir="0" index="1" bw="32" slack="0"/>
<pin id="172" dir="1" index="2" bw="0" slack="2147483647"/>
</pin_list>
<bind>
<opcode="store(28) " fcode="store"/>
<opset="store_ln19/1 "/>
</bind>
</comp>

<comp id="174" class="1004" name="store_ln0_store_fu_174">
<pin_list>
<pin id="175" dir="0" index="0" bw="32" slack="0"/>
<pin id="176" dir="0" index="1" bw="32" slack="0"/>
<pin id="177" dir="1" index="2" bw="0" slack="2147483647"/>
</pin_list>
<bind>
<opcode="store(28) " fcode="store"/>
<opset="store_ln0/1 "/>
</bind>
</comp>

<comp id="179" class="1004" name="store_ln0_store_fu_179">
<pin_list>
<pin id="180" dir="0" index="0" bw="1" slack="0"/>
<pin id="181" dir="0" index="1" bw="62" slack="0"/>
<pin id="182" dir="1" index="2" bw="0" slack="2147483647"/>
</pin_list>
<bind>
<opcode="store(28) " fcode="store"/>
<opset="store_ln0/1 "/>
</bind>
</comp>

<comp id="184" class="1004" name="k_1_load_fu_184">
<pin_list>
<pin id="185" dir="0" index="0" bw="32" slack="0"/>
<pin id="186" dir="1" index="1" bw="32" slack="0"/>
</pin_list>
<bind>
<opcode="load(27) " fcode="load"/>
<opset="k_1/1 "/>
</bind>
</comp>

<comp id="187" class="1004" name="icmp_ln19_fu_187">
<pin_list>
<pin id="188" dir="0" index="0" bw="32" slack="0"/>
<pin id="189" dir="0" index="1" bw="32" slack="0"/>
<pin id="190" dir="1" index="2" bw="1" slack="1"/>
</pin_list>
<bind>
<opcode="icmp(45) " fcode="icmp"/>
<opset="icmp_ln19/1 "/>
</bind>
</comp>

<comp id="193" class="1004" name="add_ln19_fu_193">
<pin_list>
<pin id="194" dir="0" index="0" bw="32" slack="0"/>
<pin id="195" dir="0" index="1" bw="1" slack="0"/>
<pin id="196" dir="1" index="2" bw="32" slack="0"/>
</pin_list>
<bind>
<opcode="add(8) " fcode="add"/>
<opset="add_ln19/1 "/>
</bind>
</comp>

<comp id="199" class="1004" name="zext_ln19_fu_199">
<pin_list>
<pin id="200" dir="0" index="0" bw="32" slack="0"/>
<pin id="201" dir="1" index="1" bw="63" slack="0"/>
</pin_list>
<bind>
<opcode="zext(34) " fcode="zext"/>
<opset="zext_ln19/1 "/>
</bind>
</comp>

<comp id="203" class="1004" name="add_ln22_fu_203">
<pin_list>
<pin id="204" dir="0" index="0" bw="32" slack="0"/>
<pin id="205" dir="0" index="1" bw="62" slack="0"/>
<pin id="206" dir="1" index="2" bw="63" slack="0"/>
</pin_list>
<bind>
<opcode="add(8) " fcode="add"/>
<opset="add_ln22/1 "/>
</bind>
</comp>

<comp id="209" class="1004" name="sext_ln22_fu_209">
<pin_list>
<pin id="210" dir="0" index="0" bw="63" slack="0"/>
<pin id="211" dir="1" index="1" bw="64" slack="0"/>
</pin_list>
<bind>
<opcode="sext(35) " fcode="sext"/>
<opset="sext_ln22/1 "/>
</bind>
</comp>

<comp id="213" class="1004" name="gmem_addr_fu_213">
<pin_list>
<pin id="214" dir="0" index="0" bw="64" slack="0"/>
<pin id="215" dir="0" index="1" bw="64" slack="0"/>
<pin id="216" dir="1" index="2" bw="64" slack="1"/>
</pin_list>
<bind>
<opcode="getelementptr(29) " fcode="getelementptr"/>
<opset="gmem_addr/1 "/>
</bind>
</comp>

<comp id="219" class="1004" name="store_ln19_store_fu_219">
<pin_list>
<pin id="220" dir="0" index="0" bw="32" slack="0"/>
<pin id="221" dir="0" index="1" bw="32" slack="0"/>
<pin id="222" dir="1" index="2" bw="0" slack="2147483647"/>
</pin_list>
<bind>
<opcode="store(28) " fcode="store"/>
<opset="store_ln19/1 "/>
</bind>
</comp>

<comp id="224" class="1004" name="phi_mul_load_load_fu_224">
<pin_list>
<pin id="225" dir="0" index="0" bw="62" slack="1"/>
<pin id="226" dir="1" index="1" bw="62" slack="0"/>
</pin_list>
<bind>
<opcode="load(27) " fcode="load"/>
<opset="phi_mul_load/2 "/>
</bind>
</comp>

<comp id="227" class="1004" name="add_ln22_4_fu_227">
<pin_list>
<pin id="228" dir="0" index="0" bw="62" slack="0"/>
<pin id="229" dir="0" index="1" bw="32" slack="1"/>
<pin id="230" dir="1" index="2" bw="62" slack="0"/>
</pin_list>
<bind>
<opcode="add(8) " fcode="add"/>
<opset="add_ln22_4/2 "/>
</bind>
</comp>

<comp id="232" class="1004" name="add_ln22_1_fu_232">
<pin_list>
<pin id="233" dir="0" index="0" bw="62" slack="0"/>
<pin id="234" dir="0" index="1" bw="32" slack="1"/>
<pin id="235" dir="1" index="2" bw="62" slack="0"/>
</pin_list>
<bind>
<opcode="add(8) " fcode="add"/>
<opset="add_ln22_1/2 "/>
</bind>
</comp>

<comp id="237" class="1004" name="shl_ln_fu_237">
<pin_list>
<pin id="238" dir="0" index="0" bw="64" slack="0"/>
<pin id="239" dir="0" index="1" bw="62" slack="0"/>
<pin id="240" dir="0" index="2" bw="1" slack="0"/>
<pin id="241" dir="1" index="3" bw="64" slack="0"/>
</pin_list>
<bind>
<opcode="bitconcatenate(1004) " fcode="bitconcatenate"/>
<opset="shl_ln/2 "/>
</bind>
</comp>

<comp id="245" class="1004" name="add_ln22_2_fu_245">
<pin_list>
<pin id="246" dir="0" index="0" bw="64" slack="0"/>
<pin id="247" dir="0" index="1" bw="64" slack="1"/>
<pin id="248" dir="1" index="2" bw="64" slack="0"/>
</pin_list>
<bind>
<opcode="add(8) " fcode="add"/>
<opset="add_ln22_2/2 "/>
</bind>
</comp>

<comp id="250" class="1004" name="trunc_ln22_1_fu_250">
<pin_list>
<pin id="251" dir="0" index="0" bw="62" slack="0"/>
<pin id="252" dir="0" index="1" bw="64" slack="0"/>
<pin id="253" dir="0" index="2" bw="3" slack="0"/>
<pin id="254" dir="0" index="3" bw="7" slack="0"/>
<pin id="255" dir="1" index="4" bw="62" slack="0"/>
</pin_list>
<bind>
<opcode="partselect(1002) " fcode="partselect"/>
<opset="trunc_ln22_1/2 "/>
</bind>
</comp>

<comp id="260" class="1004" name="sext_ln22_1_fu_260">
<pin_list>
<pin id="261" dir="0" index="0" bw="62" slack="0"/>
<pin id="262" dir="1" index="1" bw="64" slack="0"/>
</pin_list>
<bind>
<opcode="sext(35) " fcode="sext"/>
<opset="sext_ln22_1/2 "/>
</bind>
</comp>

<comp id="264" class="1004" name="gmem_addr_1_fu_264">
<pin_list>
<pin id="265" dir="0" index="0" bw="64" slack="0"/>
<pin id="266" dir="0" index="1" bw="64" slack="0"/>
<pin id="267" dir="1" index="2" bw="64" slack="1"/>
</pin_list>
<bind>
<opcode="getelementptr(29) " fcode="getelementptr"/>
<opset="gmem_addr_1/2 "/>
</bind>
</comp>

<comp id="270" class="1004" name="store_ln22_store_fu_270">
<pin_list>
<pin id="271" dir="0" index="0" bw="62" slack="0"/>
<pin id="272" dir="0" index="1" bw="62" slack="1"/>
<pin id="273" dir="1" index="2" bw="0" slack="2147483647"/>
</pin_list>
<bind>
<opcode="store(28) " fcode="store"/>
<opset="store_ln22/2 "/>
</bind>
</comp>

<comp id="275" class="1004" name="add187_load_load_fu_275">
<pin_list>
<pin id="276" dir="0" index="0" bw="32" slack="11"/>
<pin id="277" dir="1" index="1" bw="32" slack="0"/>
</pin_list>
<bind>
<opcode="load(27) " fcode="load"/>
<opset="add187_load/12 "/>
</bind>
</comp>

<comp id="278" class="1004" name="add_ln22_3_fu_278">
<pin_list>
<pin id="279" dir="0" index="0" bw="32" slack="0"/>
<pin id="280" dir="0" index="1" bw="32" slack="0"/>
<pin id="281" dir="1" index="2" bw="32" slack="0"/>
</pin_list>
<bind>
<opcode="add(8) " fcode="add"/>
<opset="add_ln22_3/12 "/>
</bind>
</comp>

<comp id="284" class="1004" name="store_ln22_store_fu_284">
<pin_list>
<pin id="285" dir="0" index="0" bw="32" slack="0"/>
<pin id="286" dir="0" index="1" bw="32" slack="11"/>
<pin id="287" dir="1" index="2" bw="0" slack="2147483647"/>
</pin_list>
<bind>
<opcode="store(28) " fcode="store"/>
<opset="store_ln22/12 "/>
</bind>
</comp>

<comp id="289" class="1004" name="add187_load_1_load_fu_289">
<pin_list>
<pin id="290" dir="0" index="0" bw="32" slack="9"/>
<pin id="291" dir="1" index="1" bw="32" slack="0"/>
</pin_list>
<bind>
<opcode="load(27) " fcode="load"/>
<opset="add187_load_1/10 "/>
</bind>
</comp>

<comp id="293" class="1005" name="phi_mul_reg_293">
<pin_list>
<pin id="294" dir="0" index="0" bw="62" slack="0"/>
<pin id="295" dir="1" index="1" bw="62" slack="0"/>
</pin_list>
<bind>
<opset="phi_mul "/>
</bind>
</comp>

<comp id="300" class="1005" name="add187_reg_300">
<pin_list>
<pin id="301" dir="0" index="0" bw="32" slack="0"/>
<pin id="302" dir="1" index="1" bw="32" slack="0"/>
</pin_list>
<bind>
<opset="add187 "/>
</bind>
</comp>

<comp id="308" class="1005" name="k_reg_308">
<pin_list>
<pin id="309" dir="0" index="0" bw="32" slack="0"/>
<pin id="310" dir="1" index="1" bw="32" slack="0"/>
</pin_list>
<bind>
<opset="k "/>
</bind>
</comp>

<comp id="315" class="1005" name="in2_read_reg_315">
<pin_list>
<pin id="316" dir="0" index="0" bw="64" slack="1"/>
<pin id="317" dir="1" index="1" bw="64" slack="1"/>
</pin_list>
<bind>
<opset="in2_read "/>
</bind>
</comp>

<comp id="320" class="1005" name="zext_ln17_cast_reg_320">
<pin_list>
<pin id="321" dir="0" index="0" bw="62" slack="1"/>
<pin id="322" dir="1" index="1" bw="62" slack="1"/>
</pin_list>
<bind>
<opset="zext_ln17_cast "/>
</bind>
</comp>

<comp id="325" class="1005" name="dim_cast_cast_reg_325">
<pin_list>
<pin id="326" dir="0" index="0" bw="62" slack="1"/>
<pin id="327" dir="1" index="1" bw="62" slack="1"/>
</pin_list>
<bind>
<opset="dim_cast_cast "/>
</bind>
</comp>

<comp id="330" class="1005" name="icmp_ln19_reg_330">
<pin_list>
<pin id="331" dir="0" index="0" bw="1" slack="1"/>
<pin id="332" dir="1" index="1" bw="1" slack="2147483647"/>
</pin_list>
<bind>
<opset="icmp_ln19 "/>
</bind>
</comp>

<comp id="334" class="1005" name="gmem_addr_reg_334">
<pin_list>
<pin id="335" dir="0" index="0" bw="32" slack="1"/>
<pin id="336" dir="1" index="1" bw="32" slack="1"/>
</pin_list>
<bind>
<opset="gmem_addr "/>
</bind>
</comp>

<comp id="340" class="1005" name="gmem_addr_1_reg_340">
<pin_list>
<pin id="341" dir="0" index="0" bw="32" slack="1"/>
<pin id="342" dir="1" index="1" bw="32" slack="1"/>
</pin_list>
<bind>
<opset="gmem_addr_1 "/>
</bind>
</comp>

<comp id="346" class="1005" name="gmem_addr_read_reg_346">
<pin_list>
<pin id="347" dir="0" index="0" bw="32" slack="2"/>
<pin id="348" dir="1" index="1" bw="32" slack="2"/>
</pin_list>
<bind>
<opset="gmem_addr_read "/>
</bind>
</comp>

<comp id="351" class="1005" name="gmem_addr_1_read_reg_351">
<pin_list>
<pin id="352" dir="0" index="0" bw="32" slack="1"/>
<pin id="353" dir="1" index="1" bw="32" slack="1"/>
</pin_list>
<bind>
<opset="gmem_addr_1_read "/>
</bind>
</comp>

</comp_list>

<net_list>
<net id="77"><net_src comp="16" pin="0"/><net_sink comp="74" pin=0"/></net>

<net id="81"><net_src comp="16" pin="0"/><net_sink comp="78" pin=0"/></net>

<net id="85"><net_src comp="16" pin="0"/><net_sink comp="82" pin=0"/></net>

<net id="90"><net_src comp="18" pin="0"/><net_sink comp="86" pin=0"/></net>

<net id="91"><net_src comp="12" pin="0"/><net_sink comp="86" pin=1"/></net>

<net id="96"><net_src comp="20" pin="0"/><net_sink comp="92" pin=0"/></net>

<net id="97"><net_src comp="10" pin="0"/><net_sink comp="92" pin=1"/></net>

<net id="102"><net_src comp="20" pin="0"/><net_sink comp="98" pin=0"/></net>

<net id="103"><net_src comp="8" pin="0"/><net_sink comp="98" pin=1"/></net>

<net id="108"><net_src comp="22" pin="0"/><net_sink comp="104" pin=0"/></net>

<net id="109"><net_src comp="6" pin="0"/><net_sink comp="104" pin=1"/></net>

<net id="114"><net_src comp="20" pin="0"/><net_sink comp="110" pin=0"/></net>

<net id="115"><net_src comp="4" pin="0"/><net_sink comp="110" pin=1"/></net>

<net id="120"><net_src comp="20" pin="0"/><net_sink comp="116" pin=0"/></net>

<net id="121"><net_src comp="0" pin="0"/><net_sink comp="116" pin=1"/></net>

<net id="127"><net_src comp="46" pin="0"/><net_sink comp="122" pin=0"/></net>

<net id="128"><net_src comp="48" pin="0"/><net_sink comp="122" pin=2"/></net>

<net id="134"><net_src comp="46" pin="0"/><net_sink comp="129" pin=0"/></net>

<net id="135"><net_src comp="48" pin="0"/><net_sink comp="129" pin=2"/></net>

<net id="140"><net_src comp="60" pin="0"/><net_sink comp="136" pin=0"/></net>

<net id="145"><net_src comp="60" pin="0"/><net_sink comp="141" pin=0"/></net>

<net id="151"><net_src comp="72" pin="0"/><net_sink comp="146" pin=0"/></net>

<net id="152"><net_src comp="14" pin="0"/><net_sink comp="146" pin=1"/></net>

<net id="160"><net_src comp="92" pin="2"/><net_sink comp="157" pin=0"/></net>

<net id="164"><net_src comp="98" pin="2"/><net_sink comp="161" pin=0"/></net>

<net id="168"><net_src comp="104" pin="2"/><net_sink comp="165" pin=0"/></net>

<net id="173"><net_src comp="28" pin="0"/><net_sink comp="169" pin=0"/></net>

<net id="178"><net_src comp="116" pin="2"/><net_sink comp="174" pin=0"/></net>

<net id="183"><net_src comp="42" pin="0"/><net_sink comp="179" pin=0"/></net>

<net id="191"><net_src comp="184" pin="1"/><net_sink comp="187" pin=0"/></net>

<net id="192"><net_src comp="110" pin="2"/><net_sink comp="187" pin=1"/></net>

<net id="197"><net_src comp="184" pin="1"/><net_sink comp="193" pin=0"/></net>

<net id="198"><net_src comp="16" pin="0"/><net_sink comp="193" pin=1"/></net>

<net id="202"><net_src comp="184" pin="1"/><net_sink comp="199" pin=0"/></net>

<net id="207"><net_src comp="199" pin="1"/><net_sink comp="203" pin=0"/></net>

<net id="208"><net_src comp="165" pin="1"/><net_sink comp="203" pin=1"/></net>

<net id="212"><net_src comp="203" pin="2"/><net_sink comp="209" pin=0"/></net>

<net id="217"><net_src comp="2" pin="0"/><net_sink comp="213" pin=0"/></net>

<net id="218"><net_src comp="209" pin="1"/><net_sink comp="213" pin=1"/></net>

<net id="223"><net_src comp="193" pin="2"/><net_sink comp="219" pin=0"/></net>

<net id="231"><net_src comp="224" pin="1"/><net_sink comp="227" pin=0"/></net>

<net id="236"><net_src comp="224" pin="1"/><net_sink comp="232" pin=0"/></net>

<net id="242"><net_src comp="50" pin="0"/><net_sink comp="237" pin=0"/></net>

<net id="243"><net_src comp="232" pin="2"/><net_sink comp="237" pin=1"/></net>

<net id="244"><net_src comp="52" pin="0"/><net_sink comp="237" pin=2"/></net>

<net id="249"><net_src comp="237" pin="3"/><net_sink comp="245" pin=0"/></net>

<net id="256"><net_src comp="54" pin="0"/><net_sink comp="250" pin=0"/></net>

<net id="257"><net_src comp="245" pin="2"/><net_sink comp="250" pin=1"/></net>

<net id="258"><net_src comp="56" pin="0"/><net_sink comp="250" pin=2"/></net>

<net id="259"><net_src comp="58" pin="0"/><net_sink comp="250" pin=3"/></net>

<net id="263"><net_src comp="250" pin="4"/><net_sink comp="260" pin=0"/></net>

<net id="268"><net_src comp="2" pin="0"/><net_sink comp="264" pin=0"/></net>

<net id="269"><net_src comp="260" pin="1"/><net_sink comp="264" pin=1"/></net>

<net id="274"><net_src comp="227" pin="2"/><net_sink comp="270" pin=0"/></net>

<net id="282"><net_src comp="153" pin="2"/><net_sink comp="278" pin=0"/></net>

<net id="283"><net_src comp="275" pin="1"/><net_sink comp="278" pin=1"/></net>

<net id="288"><net_src comp="278" pin="2"/><net_sink comp="284" pin=0"/></net>

<net id="292"><net_src comp="289" pin="1"/><net_sink comp="146" pin=2"/></net>

<net id="296"><net_src comp="74" pin="1"/><net_sink comp="293" pin=0"/></net>

<net id="297"><net_src comp="293" pin="1"/><net_sink comp="179" pin=1"/></net>

<net id="298"><net_src comp="293" pin="1"/><net_sink comp="224" pin=0"/></net>

<net id="299"><net_src comp="293" pin="1"/><net_sink comp="270" pin=1"/></net>

<net id="303"><net_src comp="78" pin="1"/><net_sink comp="300" pin=0"/></net>

<net id="304"><net_src comp="300" pin="1"/><net_sink comp="174" pin=1"/></net>

<net id="305"><net_src comp="300" pin="1"/><net_sink comp="275" pin=0"/></net>

<net id="306"><net_src comp="300" pin="1"/><net_sink comp="284" pin=1"/></net>

<net id="307"><net_src comp="300" pin="1"/><net_sink comp="289" pin=0"/></net>

<net id="311"><net_src comp="82" pin="1"/><net_sink comp="308" pin=0"/></net>

<net id="312"><net_src comp="308" pin="1"/><net_sink comp="169" pin=1"/></net>

<net id="313"><net_src comp="308" pin="1"/><net_sink comp="184" pin=0"/></net>

<net id="314"><net_src comp="308" pin="1"/><net_sink comp="219" pin=1"/></net>

<net id="318"><net_src comp="86" pin="2"/><net_sink comp="315" pin=0"/></net>

<net id="319"><net_src comp="315" pin="1"/><net_sink comp="245" pin=1"/></net>

<net id="323"><net_src comp="157" pin="1"/><net_sink comp="320" pin=0"/></net>

<net id="324"><net_src comp="320" pin="1"/><net_sink comp="232" pin=1"/></net>

<net id="328"><net_src comp="161" pin="1"/><net_sink comp="325" pin=0"/></net>

<net id="329"><net_src comp="325" pin="1"/><net_sink comp="227" pin=1"/></net>

<net id="333"><net_src comp="187" pin="2"/><net_sink comp="330" pin=0"/></net>

<net id="337"><net_src comp="213" pin="2"/><net_sink comp="334" pin=0"/></net>

<net id="338"><net_src comp="334" pin="1"/><net_sink comp="122" pin=1"/></net>

<net id="339"><net_src comp="334" pin="1"/><net_sink comp="136" pin=1"/></net>

<net id="343"><net_src comp="264" pin="2"/><net_sink comp="340" pin=0"/></net>

<net id="344"><net_src comp="340" pin="1"/><net_sink comp="129" pin=1"/></net>

<net id="345"><net_src comp="340" pin="1"/><net_sink comp="141" pin=1"/></net>

<net id="349"><net_src comp="136" pin="2"/><net_sink comp="346" pin=0"/></net>

<net id="350"><net_src comp="346" pin="1"/><net_sink comp="153" pin=1"/></net>

<net id="354"><net_src comp="141" pin="2"/><net_sink comp="351" pin=0"/></net>

<net id="355"><net_src comp="351" pin="1"/><net_sink comp="153" pin=0"/></net>

</net_list>

</model> 
---------------- Datapath Model END ------------------

* FSMD analyzer results:
  - Output states:
	Port: gmem | {}
	Port: add187_out | {10 }
 - Input state : 
	Port: mmult_hw_Pipeline_loop3 : gmem_load | {1 }
	Port: mmult_hw_Pipeline_loop3 : gmem | {2 3 4 5 6 7 8 9 10 11 }
	Port: mmult_hw_Pipeline_loop3 : dim | {1 }
	Port: mmult_hw_Pipeline_loop3 : sext_ln17 | {1 }
	Port: mmult_hw_Pipeline_loop3 : dim_cast | {1 }
	Port: mmult_hw_Pipeline_loop3 : zext_ln17 | {1 }
	Port: mmult_hw_Pipeline_loop3 : in2 | {1 }
  - Chain level:
	State 1
		store_ln19 : 1
		store_ln0 : 1
		k_1 : 1
		icmp_ln19 : 2
		add_ln19 : 2
		br_ln19 : 3
		zext_ln19 : 2
		add_ln22 : 3
		sext_ln22 : 4
		gmem_addr : 5
		store_ln19 : 3
	State 2
		add_ln22_4 : 1
		add_ln22_1 : 1
		shl_ln : 2
		add_ln22_2 : 3
		trunc_ln22_1 : 4
		sext_ln22_1 : 5
		gmem_addr_1 : 6
		store_ln22 : 2
	State 3
	State 4
	State 5
	State 6
	State 7
	State 8
	State 9
	State 10
		write_ln0 : 1
	State 11
	State 12
		add_ln22_3 : 1
		store_ln22 : 2


============================================================
+ Verbose Summary: Datapath Resource usage 
============================================================

* Functional unit list:
|----------|------------------------------|---------|---------|---------|
| Operation|        Functional Unit       |   DSP   |    FF   |   LUT   |
|----------|------------------------------|---------|---------|---------|
|          |        add_ln19_fu_193       |    0    |    0    |    39   |
|          |        add_ln22_fu_203       |    0    |    0    |    69   |
|    add   |       add_ln22_4_fu_227      |    0    |    0    |    69   |
|          |       add_ln22_1_fu_232      |    0    |    0    |    69   |
|          |       add_ln22_2_fu_245      |    0    |    0    |    71   |
|          |       add_ln22_3_fu_278      |    0    |    0    |    39   |
|----------|------------------------------|---------|---------|---------|
|   icmp   |       icmp_ln19_fu_187       |    0    |    0    |    39   |
|----------|------------------------------|---------|---------|---------|
|    mul   |        mul_ln22_fu_153       |    3    |    0    |    20   |
|----------|------------------------------|---------|---------|---------|
|          |      in2_read_read_fu_86     |    0    |    0    |    0    |
|          |   zext_ln17_read_read_fu_92  |    0    |    0    |    0    |
|          |   dim_cast_read_read_fu_98   |    0    |    0    |    0    |
|   read   |  sext_ln17_read_read_fu_104  |    0    |    0    |    0    |
|          |     dim_read_read_fu_110     |    0    |    0    |    0    |
|          |  gmem_load_read_read_fu_116  |    0    |    0    |    0    |
|          |  gmem_addr_read_read_fu_136  |    0    |    0    |    0    |
|          | gmem_addr_1_read_read_fu_141 |    0    |    0    |    0    |
|----------|------------------------------|---------|---------|---------|
|  readreq |      grp_readreq_fu_122      |    0    |    0    |    0    |
|          |      grp_readreq_fu_129      |    0    |    0    |    0    |
|----------|------------------------------|---------|---------|---------|
|   write  |    write_ln0_write_fu_146    |    0    |    0    |    0    |
|----------|------------------------------|---------|---------|---------|
|   zext   |     zext_ln17_cast_fu_157    |    0    |    0    |    0    |
|          |       zext_ln19_fu_199       |    0    |    0    |    0    |
|----------|------------------------------|---------|---------|---------|
|          |     dim_cast_cast_fu_161     |    0    |    0    |    0    |
|   sext   |     sext_ln17_cast_fu_165    |    0    |    0    |    0    |
|          |       sext_ln22_fu_209       |    0    |    0    |    0    |
|          |      sext_ln22_1_fu_260      |    0    |    0    |    0    |
|----------|------------------------------|---------|---------|---------|
|bitconcatenate|         shl_ln_fu_237        |    0    |    0    |    0    |
|----------|------------------------------|---------|---------|---------|
|partselect|      trunc_ln22_1_fu_250     |    0    |    0    |    0    |
|----------|------------------------------|---------|---------|---------|
|   Total  |                              |    3    |    0    |   415   |
|----------|------------------------------|---------|---------|---------|

Memories:
N/A

* Register list:
+------------------------+--------+
|                        |   FF   |
+------------------------+--------+
|     add187_reg_300     |   32   |
|  dim_cast_cast_reg_325 |   62   |
|gmem_addr_1_read_reg_351|   32   |
|   gmem_addr_1_reg_340  |   32   |
| gmem_addr_read_reg_346 |   32   |
|    gmem_addr_reg_334   |   32   |
|    icmp_ln19_reg_330   |    1   |
|    in2_read_reg_315    |   64   |
|        k_reg_308       |   32   |
|     phi_mul_reg_293    |   62   |
| zext_ln17_cast_reg_320 |   62   |
+------------------------+--------+
|          Total         |   443  |
+------------------------+--------+

* Multiplexer (MUX) list: 
|--------|------|------|------|--------|
|  Comp  |  Pin | Size |  BW  | S x BW |
|--------|------|------|------|--------|
|  Total |      |      |      |    0   |
|--------|------|------|------|--------|



* Summary:
+-----------+--------+--------+--------+
|           |   DSP  |   FF   |   LUT  |
+-----------+--------+--------+--------+
|  Function |    3   |    0   |   415  |
|   Memory  |    -   |    -   |    -   |
|Multiplexer|    -   |    -   |    -   |
|  Register |    -   |   443  |    -   |
+-----------+--------+--------+--------+
|   Total   |    3   |   443  |   415  |
+-----------+--------+--------+--------+
