01/29/26 19:41:29: Running xcd server. This server was NOT built by gradle, but presumably rdi.
01/29/26 19:41:29: Server was asked to start on port: '52664'
01/29/26 19:41:29: Server is using token UUID: '69e934f2-fd74-11f0-b14a-c37454bcb32d'
01/29/26 19:41:29: SESSION_MGR: creating session with session uuid: '6d04a3e9-ade5-4ab9-8d63-1f78fcd2ec76' and name 'default'
01/29/26 19:41:29: Attempting to start server on port '52664'
01/29/26 19:41:29: Running Dispatch Server
01/29/26 19:41:29: Version 2.2.0
01/29/26 19:41:29: Dispatch Server: Accepted socket connection from client
01/29/26 19:41:29: Starting Socket connection
01/29/26 19:41:29: EXCHANGE_TOKEN received, server token: 69e934f2-fd74-11f0-b14a-c37454bcb32d, passed token: 69e934f2-fd74-11f0-b14a-c37454bcb32d
01/29/26 19:41:29: SESSION_MGR: creating session with session uuid: '275eb097-bc4c-4aa9-89fe-553c4ddf9d90' and name 'Code Analyzer'
01/29/26 19:41:29: KERNEL_SVC: creating session with uuid: '275eb097-bc4c-4aa9-89fe-553c4ddf9d90' and name 'Code Analyzer'
01/29/26 19:41:29: GUIDANCE_SMGR: creating guidance session with uuid: '275eb097-bc4c-4aa9-89fe-553c4ddf9d90' and name 'Code Analyzer'
01/29/26 19:41:37: SESSION_MGR: closing session for UUID '275eb097-bc4c-4aa9-89fe-553c4ddf9d90' with name ''
01/29/26 19:41:37: KERNEL_SVC: closing session for UUID '275eb097-bc4c-4aa9-89fe-553c4ddf9d90' with name ''
01/29/26 19:41:37: GUIDANCE_SMGR: closing session for UUID '275eb097-bc4c-4aa9-89fe-553c4ddf9d90' with name ''
01/29/26 19:41:37: STOP_SERVER received, server token: 69e934f2-fd74-11f0-b14a-c37454bcb32d, passed token: 69e934f2-fd74-11f0-b14a-c37454bcb32d
01/29/26 19:41:37: Socket received request to stop server.
01/29/26 19:41:37: Dispatch Server: do_await_stop
01/29/26 19:41:37: SERVER: destructor for server bound to port 52664
01/29/26 19:41:37: Server exiting with status 0.
01/29/26 19:41:37: Closing log file.
