

================================================================
== Vitis HLS Report for 'mmult_hw'
================================================================
* Date:           Wed Feb 18 16:24:58 2026

* Version:        2024.1 (Build 5069499 on May 21 2024)
* Project:        matmul_D6_AXI_Separation
* Solution:       hls (Vivado IP Flow Target)
* Product family: zynquplus
* Target device:  xczu3eg-sbva484-1-e


================================================================
== Performance Estimates
================================================================
+ Timing: 
    * Summary: 
    +--------+----------+----------+------------+
    |  Clock |  Target  | Estimated| Uncertainty|
    +--------+----------+----------+------------+
    |ap_clk  |  10.00 ns|  7.300 ns|     2.70 ns|
    +--------+----------+----------+------------+

+ Latency: 
    * Summary: 
    +---------+---------+-----------+-----------+---------+---------+---------+
    |  Latency (cycles) |   Latency (absolute)  |      Interval     | Pipeline|
    |   min   |   max   |    min    |    max    |   min   |   max   |   Type  |
    +---------+---------+-----------+-----------+---------+---------+---------+
    |  2572545|  2572545|  25.725 ms|  25.725 ms|  2572546|  2572546|       no|
    +---------+---------+-----------+-----------+---------+---------+---------+

    + Detail: 
        * Instance: 
        +------------------------------------+-------------------------+---------+---------+----------+----------+-----+-----+-----------------------------------------------+
        |                                    |                         |  Latency (cycles) |  Latency (absolute) |  Interval |                    Pipeline                   |
        |              Instance              |          Module         |   min   |   max   |    min   |    max   | min | max |                      Type                     |
        +------------------------------------+-------------------------+---------+---------+----------+----------+-----+-----+-----------------------------------------------+
        |grp_mmult_hw_Pipeline_loop3_fu_190  |mmult_hw_Pipeline_loop3  |      139|      139|  1.390 us|  1.390 us|  129|  129|  loop auto-rewind stp(delay=0 clock cycles(s))|
        +------------------------------------+-------------------------+---------+---------+----------+----------+-----+-----+-----------------------------------------------+

        * Loop: 
        +----------+---------+---------+----------+-----------+-----------+------+----------+
        |          |  Latency (cycles) | Iteration|  Initiation Interval  | Trip |          |
        | Loop Name|   min   |   max   |  Latency |  achieved |   target  | Count| Pipelined|
        +----------+---------+---------+----------+-----------+-----------+------+----------+
        |- loop1   |  2572544|  2572544|     20098|          -|          -|   128|        no|
        | + loop2  |    20096|    20096|       157|          -|          -|   128|        no|
        +----------+---------+---------+----------+-----------+-----------+------+----------+

============================================================
+ Verbose Summary: Synthesis Manager
============================================================
InlineROM: 1
ExposeGlobal: 0
============================================================
+ Verbose Summary: CDFG Model
============================================================
IsTopModel: 1
ResetActiveHigh: 1
IsCombinational: 0
IsDatapathOnly: 0
HasWiredReturn: 1
HasMFsm: 0
HasVarLatency: 1
IsPipeline: 0
IsRtlPipelined: 0
IsInstanceOverlapped: 0
IsDontTouch: 0
HasImplIP: 0
IsGatedGlobalClock: 0


============================================================
+ Verbose Summary: Schedule
============================================================
* Number of FSM states : 20
* Pipeline : 0
* Dataflow Pipeline: 0

* FSM state transitions: 
1 --> 2 
2 --> 3 
3 --> 4 2 
4 --> 5 
5 --> 6 
6 --> 7 
7 --> 8 
8 --> 9 
9 --> 10 
10 --> 11 
11 --> 12 
12 --> 13 
13 --> 14 
14 --> 15 
15 --> 16 
16 --> 17 
17 --> 18 
18 --> 19 
19 --> 20 
20 --> 3 

* FSM state operations: 

State 1 <SV = 0> <Delay = 1.00>
ST_1 : Operation 21 [1/1] (0.00ns)   --->   "%phi_mul5 = alloca i32 1"   --->   Operation 21 'alloca' 'phi_mul5' <Predicate = true> <Delay = 0.00>
ST_1 : Operation 22 [1/1] (0.00ns)   --->   "%phi_mul2 = alloca i32 1"   --->   Operation 22 'alloca' 'phi_mul2' <Predicate = true> <Delay = 0.00>
ST_1 : Operation 23 [1/1] (0.00ns)   --->   "%i = alloca i32 1" [mmult_baseline.cpp:15]   --->   Operation 23 'alloca' 'i' <Predicate = true> <Delay = 0.00>
ST_1 : Operation 24 [1/1] (1.00ns)   --->   "%dim_read = read i32 @_ssdm_op_Read.s_axilite.i32, i32 %dim"   --->   Operation 24 'read' 'dim_read' <Predicate = true> <Delay = 1.00> <CoreInst = "s_axilite">   --->   Core 120 's_axilite' <Latency = 0> <II = 1> <Delay = 1.00> <Adapter> <Opcode : 'read' 'write'>
ST_1 : Operation 25 [1/1] (1.00ns)   --->   "%out_r_read = read i64 @_ssdm_op_Read.s_axilite.i64, i64 %out_r"   --->   Operation 25 'read' 'out_r_read' <Predicate = true> <Delay = 1.00> <CoreInst = "s_axilite">   --->   Core 120 's_axilite' <Latency = 0> <II = 1> <Delay = 1.00> <Adapter> <Opcode : 'read' 'write'>
ST_1 : Operation 26 [1/1] (1.00ns)   --->   "%in2_read = read i64 @_ssdm_op_Read.s_axilite.i64, i64 %in2"   --->   Operation 26 'read' 'in2_read' <Predicate = true> <Delay = 1.00> <CoreInst = "s_axilite">   --->   Core 120 's_axilite' <Latency = 0> <II = 1> <Delay = 1.00> <Adapter> <Opcode : 'read' 'write'>
ST_1 : Operation 27 [1/1] (1.00ns)   --->   "%in1_read = read i64 @_ssdm_op_Read.s_axilite.i64, i64 %in1"   --->   Operation 27 'read' 'in1_read' <Predicate = true> <Delay = 1.00> <CoreInst = "s_axilite">   --->   Core 120 's_axilite' <Latency = 0> <II = 1> <Delay = 1.00> <Adapter> <Opcode : 'read' 'write'>
ST_1 : Operation 28 [1/1] (0.00ns)   --->   "%add187_loc = alloca i64 1"   --->   Operation 28 'alloca' 'add187_loc' <Predicate = true> <Delay = 0.00>
ST_1 : Operation 29 [1/1] (0.00ns)   --->   "%spectopmodule_ln7 = spectopmodule void @_ssdm_op_SpecTopModule, void @empty_14" [mmult_baseline.cpp:7]   --->   Operation 29 'spectopmodule' 'spectopmodule_ln7' <Predicate = true> <Delay = 0.00>
ST_1 : Operation 30 [1/1] (0.00ns)   --->   "%specinterface_ln0 = specinterface void @_ssdm_op_SpecInterface, i32 %gmem0, void @empty, i32 0, i32 0, void @empty_0, i32 0, i32 16384, void @empty_1, void @empty_2, void @empty_0, i32 16, i32 16, i32 16, i32 16, void @empty_0, void @empty_0, i32 4294967295, i32 0, i32 0"   --->   Operation 30 'specinterface' 'specinterface_ln0' <Predicate = true> <Delay = 0.00>
ST_1 : Operation 31 [1/1] (0.00ns)   --->   "%specbitsmap_ln0 = specbitsmap void @_ssdm_op_SpecBitsMap, i32 %gmem0"   --->   Operation 31 'specbitsmap' 'specbitsmap_ln0' <Predicate = true> <Delay = 0.00>
ST_1 : Operation 32 [1/1] (0.00ns)   --->   "%specinterface_ln0 = specinterface void @_ssdm_op_SpecInterface, i32 %gmem1, void @empty, i32 0, i32 0, void @empty_0, i32 0, i32 16384, void @empty_3, void @empty_2, void @empty_0, i32 16, i32 16, i32 16, i32 16, void @empty_0, void @empty_0, i32 4294967295, i32 0, i32 0"   --->   Operation 32 'specinterface' 'specinterface_ln0' <Predicate = true> <Delay = 0.00>
ST_1 : Operation 33 [1/1] (0.00ns)   --->   "%specbitsmap_ln0 = specbitsmap void @_ssdm_op_SpecBitsMap, i32 %gmem1"   --->   Operation 33 'specbitsmap' 'specbitsmap_ln0' <Predicate = true> <Delay = 0.00>
ST_1 : Operation 34 [1/1] (0.00ns)   --->   "%specinterface_ln0 = specinterface void @_ssdm_op_SpecInterface, i32 %gmem2, void @empty, i32 0, i32 0, void @empty_0, i32 0, i32 16384, void @empty_4, void @empty_2, void @empty_0, i32 16, i32 16, i32 16, i32 16, void @empty_0, void @empty_0, i32 4294967295, i32 0, i32 0"   --->   Operation 34 'specinterface' 'specinterface_ln0' <Predicate = true> <Delay = 0.00>
ST_1 : Operation 35 [1/1] (0.00ns)   --->   "%specbitsmap_ln0 = specbitsmap void @_ssdm_op_SpecBitsMap, i32 %gmem2"   --->   Operation 35 'specbitsmap' 'specbitsmap_ln0' <Predicate = true> <Delay = 0.00>
ST_1 : Operation 36 [1/1] (0.00ns)   --->   "%specinterface_ln0 = specinterface void @_ssdm_op_SpecInterface, i64 %in1, void @empty_5, i32 0, i32 0, void @empty_0, i32 0, i32 0, void @empty_6, void @empty_7, void @empty_0, i32 0, i32 0, i32 0, i32 0, void @empty_0, void @empty_8, i32 4294967295, i32 0, i32 0"   --->   Operation 36 'specinterface' 'specinterface_ln0' <Predicate = true> <Delay = 0.00>
ST_1 : Operation 37 [1/1] (0.00ns)   --->   "%specinterface_ln0 = specinterface void @_ssdm_op_SpecInterface, i64 %in1, void @empty_9, i32 0, i32 0, void @empty_0, i32 0, i32 0, void @empty_0, void @empty_0, void @empty_0, i32 0, i32 0, i32 0, i32 0, void @empty_0, void @empty_8, i32 4294967295, i32 0, i32 0"   --->   Operation 37 'specinterface' 'specinterface_ln0' <Predicate = true> <Delay = 0.00>
ST_1 : Operation 38 [1/1] (0.00ns)   --->   "%specinterface_ln0 = specinterface void @_ssdm_op_SpecInterface, i64 %in2, void @empty_5, i32 0, i32 0, void @empty_0, i32 0, i32 0, void @empty_6, void @empty_10, void @empty_0, i32 0, i32 0, i32 0, i32 0, void @empty_0, void @empty_8, i32 4294967295, i32 0, i32 0"   --->   Operation 38 'specinterface' 'specinterface_ln0' <Predicate = true> <Delay = 0.00>
ST_1 : Operation 39 [1/1] (0.00ns)   --->   "%specinterface_ln0 = specinterface void @_ssdm_op_SpecInterface, i64 %in2, void @empty_9, i32 0, i32 0, void @empty_0, i32 0, i32 0, void @empty_0, void @empty_0, void @empty_0, i32 0, i32 0, i32 0, i32 0, void @empty_0, void @empty_8, i32 4294967295, i32 0, i32 0"   --->   Operation 39 'specinterface' 'specinterface_ln0' <Predicate = true> <Delay = 0.00>
ST_1 : Operation 40 [1/1] (0.00ns)   --->   "%specinterface_ln0 = specinterface void @_ssdm_op_SpecInterface, i64 %out_r, void @empty_5, i32 0, i32 0, void @empty_0, i32 0, i32 0, void @empty_6, void @empty_11, void @empty_0, i32 0, i32 0, i32 0, i32 0, void @empty_0, void @empty_8, i32 4294967295, i32 0, i32 0"   --->   Operation 40 'specinterface' 'specinterface_ln0' <Predicate = true> <Delay = 0.00>
ST_1 : Operation 41 [1/1] (0.00ns)   --->   "%specinterface_ln0 = specinterface void @_ssdm_op_SpecInterface, i64 %out_r, void @empty_9, i32 0, i32 0, void @empty_0, i32 0, i32 0, void @empty_0, void @empty_0, void @empty_0, i32 0, i32 0, i32 0, i32 0, void @empty_0, void @empty_8, i32 4294967295, i32 0, i32 0"   --->   Operation 41 'specinterface' 'specinterface_ln0' <Predicate = true> <Delay = 0.00>
ST_1 : Operation 42 [1/1] (0.00ns)   --->   "%specbitsmap_ln0 = specbitsmap void @_ssdm_op_SpecBitsMap, i32 %dim"   --->   Operation 42 'specbitsmap' 'specbitsmap_ln0' <Predicate = true> <Delay = 0.00>
ST_1 : Operation 43 [1/1] (0.00ns)   --->   "%specinterface_ln0 = specinterface void @_ssdm_op_SpecInterface, i32 %dim, void @empty_5, i32 4294967295, i32 4294967295, void @empty_12, i32 0, i32 0, void @empty_6, void @empty_13, void @empty_0, i32 0, i32 0, i32 0, i32 0, void @empty_0, void @empty_0, i32 4294967295, i32 0, i32 0"   --->   Operation 43 'specinterface' 'specinterface_ln0' <Predicate = true> <Delay = 0.00>
ST_1 : Operation 44 [1/1] (0.00ns)   --->   "%specinterface_ln0 = specinterface void @_ssdm_op_SpecInterface, i32 %dim, void @empty_9, i32 4294967295, i32 4294967295, void @empty_0, i32 0, i32 0, void @empty_0, void @empty_0, void @empty_0, i32 0, i32 0, i32 0, i32 0, void @empty_0, void @empty_0, i32 4294967295, i32 0, i32 0"   --->   Operation 44 'specinterface' 'specinterface_ln0' <Predicate = true> <Delay = 0.00>
ST_1 : Operation 45 [1/1] (0.00ns)   --->   "%specinterface_ln0 = specinterface void @_ssdm_op_SpecInterface, i32 0, void @empty_5, i32 0, i32 0, void @empty_0, i32 0, i32 0, void @empty_6, void @empty_0, void @empty_0, i32 0, i32 0, i32 0, i32 0, void @empty_0, void @empty_0, i32 4294967295, i32 0, i32 0"   --->   Operation 45 'specinterface' 'specinterface_ln0' <Predicate = true> <Delay = 0.00>
ST_1 : Operation 46 [1/1] (0.00ns)   --->   "%dim_cast = sext i32 %dim_read"   --->   Operation 46 'sext' 'dim_cast' <Predicate = true> <Delay = 0.00>
ST_1 : Operation 47 [1/1] (0.00ns)   --->   "%wide_trip_count = zext i32 %dim_read"   --->   Operation 47 'zext' 'wide_trip_count' <Predicate = true> <Delay = 0.00>
ST_1 : Operation 48 [1/1] (0.00ns)   --->   "%dim_cast3 = zext i32 %dim_read"   --->   Operation 48 'zext' 'dim_cast3' <Predicate = true> <Delay = 0.00>
ST_1 : Operation 49 [1/1] (0.48ns)   --->   "%store_ln15 = store i31 0, i31 %i" [mmult_baseline.cpp:15]   --->   Operation 49 'store' 'store_ln15' <Predicate = true> <Delay = 0.48>
ST_1 : Operation 50 [1/1] (0.48ns)   --->   "%store_ln0 = store i62 0, i62 %phi_mul2"   --->   Operation 50 'store' 'store_ln0' <Predicate = true> <Delay = 0.48>
ST_1 : Operation 51 [1/1] (0.48ns)   --->   "%store_ln0 = store i62 0, i62 %phi_mul5"   --->   Operation 51 'store' 'store_ln0' <Predicate = true> <Delay = 0.48>
ST_1 : Operation 52 [1/1] (0.00ns)   --->   "%br_ln15 = br void %loop2" [mmult_baseline.cpp:15]   --->   Operation 52 'br' 'br_ln15' <Predicate = true> <Delay = 0.00>

State 2 <SV = 1> <Delay = 1.69>
ST_2 : Operation 53 [1/1] (0.00ns)   --->   "%phi_mul5_load = load i62 %phi_mul5"   --->   Operation 53 'load' 'phi_mul5_load' <Predicate = true> <Delay = 0.00>
ST_2 : Operation 54 [1/1] (0.00ns)   --->   "%phi_mul2_load = load i62 %phi_mul2" [mmult_baseline.cpp:15]   --->   Operation 54 'load' 'phi_mul2_load' <Predicate = true> <Delay = 0.00>
ST_2 : Operation 55 [1/1] (0.00ns)   --->   "%i_1 = load i31 %i" [mmult_baseline.cpp:15]   --->   Operation 55 'load' 'i_1' <Predicate = true> <Delay = 0.00>
ST_2 : Operation 56 [1/1] (1.44ns)   --->   "%add_ln15_1 = add i62 %phi_mul5_load, i62 %dim_cast" [mmult_baseline.cpp:15]   --->   Operation 56 'add' 'add_ln15_1' <Predicate = true> <Delay = 1.44> <CoreInst = "Adder">   --->   Core 1 'Adder' <Latency = 0> <II = 1> <Delay = 1.44> <FuncUnit> <Opcode : 'add' 'sub'> <InPorts = 2> <OutPorts = 1>
ST_2 : Operation 57 [1/1] (1.44ns)   --->   "%add_ln15_2 = add i62 %phi_mul2_load, i62 %dim_cast3" [mmult_baseline.cpp:15]   --->   Operation 57 'add' 'add_ln15_2' <Predicate = true> <Delay = 1.44> <CoreInst = "Adder">   --->   Core 1 'Adder' <Latency = 0> <II = 1> <Delay = 1.44> <FuncUnit> <Opcode : 'add' 'sub'> <InPorts = 2> <OutPorts = 1>
ST_2 : Operation 58 [1/1] (0.00ns)   --->   "%zext_ln15 = zext i31 %i_1" [mmult_baseline.cpp:15]   --->   Operation 58 'zext' 'zext_ln15' <Predicate = true> <Delay = 0.00>
ST_2 : Operation 59 [1/1] (1.20ns)   --->   "%icmp_ln15 = icmp_slt  i32 %zext_ln15, i32 %dim_read" [mmult_baseline.cpp:15]   --->   Operation 59 'icmp' 'icmp_ln15' <Predicate = true> <Delay = 1.20> <CoreInst = "Cmp">   --->   Core 9 'Cmp' <Latency = 0> <II = 1> <Delay = 1.20> <FuncUnit> <Opcode : 'seteq' 'setne' 'setle' 'setge' 'setlt' 'setgt'> <InPorts = 2> <OutPorts = 1>
ST_2 : Operation 60 [1/1] (1.19ns)   --->   "%add_ln15 = add i31 %i_1, i31 1" [mmult_baseline.cpp:15]   --->   Operation 60 'add' 'add_ln15' <Predicate = true> <Delay = 1.19> <CoreInst = "Adder">   --->   Core 1 'Adder' <Latency = 0> <II = 1> <Delay = 1.19> <FuncUnit> <Opcode : 'add' 'sub'> <InPorts = 2> <OutPorts = 1>
ST_2 : Operation 61 [1/1] (0.00ns)   --->   "%br_ln15 = br i1 %icmp_ln15, void %for.end24.loopexit, void %loop2.split" [mmult_baseline.cpp:15]   --->   Operation 61 'br' 'br_ln15' <Predicate = true> <Delay = 0.00>
ST_2 : Operation 62 [1/1] (0.00ns)   --->   "%speclooptripcount_ln16 = speclooptripcount void @_ssdm_op_SpecLoopTripCount, i64 128, i64 128, i64 128" [mmult_baseline.cpp:16]   --->   Operation 62 'speclooptripcount' 'speclooptripcount_ln16' <Predicate = (icmp_ln15)> <Delay = 0.00>
ST_2 : Operation 63 [1/1] (0.00ns)   --->   "%specloopname_ln15 = specloopname void @_ssdm_op_SpecLoopName, void @empty_17" [mmult_baseline.cpp:15]   --->   Operation 63 'specloopname' 'specloopname_ln15' <Predicate = (icmp_ln15)> <Delay = 0.00>
ST_2 : Operation 64 [1/1] (0.00ns)   --->   "%tmp = bitconcatenate i64 @_ssdm_op_BitConcatenate.i64.i62.i2, i62 %phi_mul2_load, i2 0" [mmult_baseline.cpp:15]   --->   Operation 64 'bitconcatenate' 'tmp' <Predicate = (icmp_ln15)> <Delay = 0.00>
ST_2 : Operation 65 [1/1] (1.47ns)   --->   "%empty = add i64 %tmp, i64 %in1_read" [mmult_baseline.cpp:15]   --->   Operation 65 'add' 'empty' <Predicate = (icmp_ln15)> <Delay = 1.47> <CoreInst = "Adder">   --->   Core 1 'Adder' <Latency = 0> <II = 1> <Delay = 1.47> <FuncUnit> <Opcode : 'add' 'sub'> <InPorts = 2> <OutPorts = 1>
ST_2 : Operation 66 [1/1] (0.00ns)   --->   "%p_cast = partselect i62 @_ssdm_op_PartSelect.i62.i64.i32.i32, i64 %empty, i32 2, i32 63" [mmult_baseline.cpp:15]   --->   Operation 66 'partselect' 'p_cast' <Predicate = (icmp_ln15)> <Delay = 0.00>
ST_2 : Operation 67 [1/1] (0.00ns)   --->   "%p_cast_cast = sext i62 %p_cast" [mmult_baseline.cpp:15]   --->   Operation 67 'sext' 'p_cast_cast' <Predicate = (icmp_ln15)> <Delay = 0.00>
ST_2 : Operation 68 [1/1] (0.00ns)   --->   "%gmem0_addr = getelementptr i32 %gmem0, i64 %p_cast_cast" [mmult_baseline.cpp:15]   --->   Operation 68 'getelementptr' 'gmem0_addr' <Predicate = (icmp_ln15)> <Delay = 0.00>
ST_2 : Operation 69 [1/1] (0.48ns)   --->   "%br_ln17 = br void %loop3" [mmult_baseline.cpp:17]   --->   Operation 69 'br' 'br_ln17' <Predicate = (icmp_ln15)> <Delay = 0.48>
ST_2 : Operation 70 [1/1] (0.00ns)   --->   "%ret_ln25 = ret" [mmult_baseline.cpp:25]   --->   Operation 70 'ret' 'ret_ln25' <Predicate = (!icmp_ln15)> <Delay = 0.00>

State 3 <SV = 2> <Delay = 2.91>
ST_3 : Operation 71 [1/1] (0.00ns)   --->   "%j = phi i32 0, void %loop2.split, i32 %add_ln17, void %loop3.split" [mmult_baseline.cpp:17]   --->   Operation 71 'phi' 'j' <Predicate = true> <Delay = 0.00>
ST_3 : Operation 72 [1/1] (1.20ns)   --->   "%icmp_ln17 = icmp_eq  i32 %j, i32 %dim_read" [mmult_baseline.cpp:17]   --->   Operation 72 'icmp' 'icmp_ln17' <Predicate = true> <Delay = 1.20> <CoreInst = "Cmp">   --->   Core 9 'Cmp' <Latency = 0> <II = 1> <Delay = 1.20> <FuncUnit> <Opcode : 'seteq' 'setne' 'setle' 'setge' 'setlt' 'setgt'> <InPorts = 2> <OutPorts = 1>
ST_3 : Operation 73 [1/1] (1.20ns)   --->   "%add_ln17 = add i32 %j, i32 1" [mmult_baseline.cpp:17]   --->   Operation 73 'add' 'add_ln17' <Predicate = true> <Delay = 1.20> <CoreInst = "Adder">   --->   Core 1 'Adder' <Latency = 0> <II = 1> <Delay = 1.20> <FuncUnit> <Opcode : 'add' 'sub'> <InPorts = 2> <OutPorts = 1>
ST_3 : Operation 74 [1/1] (0.00ns)   --->   "%br_ln17 = br i1 %icmp_ln17, void %loop3.split, void %for.inc22" [mmult_baseline.cpp:17]   --->   Operation 74 'br' 'br_ln17' <Predicate = true> <Delay = 0.00>
ST_3 : Operation 75 [1/1] (0.00ns)   --->   "%zext_ln17 = zext i32 %j" [mmult_baseline.cpp:17]   --->   Operation 75 'zext' 'zext_ln17' <Predicate = (!icmp_ln17)> <Delay = 0.00>
ST_3 : Operation 76 [1/1] (1.44ns)   --->   "%empty_23 = add i62 %zext_ln17, i62 %phi_mul5_load" [mmult_baseline.cpp:17]   --->   Operation 76 'add' 'empty_23' <Predicate = (!icmp_ln17)> <Delay = 1.44> <CoreInst = "Adder">   --->   Core 1 'Adder' <Latency = 0> <II = 1> <Delay = 1.44> <FuncUnit> <Opcode : 'add' 'sub'> <InPorts = 2> <OutPorts = 1>
ST_3 : Operation 77 [1/1] (0.00ns)   --->   "%tmp_1 = bitconcatenate i64 @_ssdm_op_BitConcatenate.i64.i62.i2, i62 %empty_23, i2 0" [mmult_baseline.cpp:17]   --->   Operation 77 'bitconcatenate' 'tmp_1' <Predicate = (!icmp_ln17)> <Delay = 0.00>
ST_3 : Operation 78 [1/1] (1.47ns)   --->   "%empty_24 = add i64 %tmp_1, i64 %out_r_read" [mmult_baseline.cpp:17]   --->   Operation 78 'add' 'empty_24' <Predicate = (!icmp_ln17)> <Delay = 1.47> <CoreInst = "Adder">   --->   Core 1 'Adder' <Latency = 0> <II = 1> <Delay = 1.47> <FuncUnit> <Opcode : 'add' 'sub'> <InPorts = 2> <OutPorts = 1>
ST_3 : Operation 79 [1/1] (0.00ns)   --->   "%trunc_ln = partselect i62 @_ssdm_op_PartSelect.i62.i64.i32.i32, i64 %empty_24, i32 2, i32 63" [mmult_baseline.cpp:21]   --->   Operation 79 'partselect' 'trunc_ln' <Predicate = (!icmp_ln17)> <Delay = 0.00>
ST_3 : Operation 80 [1/1] (0.00ns)   --->   "%sext_ln21 = sext i62 %trunc_ln" [mmult_baseline.cpp:21]   --->   Operation 80 'sext' 'sext_ln21' <Predicate = (!icmp_ln17)> <Delay = 0.00>
ST_3 : Operation 81 [1/1] (0.00ns)   --->   "%gmem2_addr = getelementptr i32 %gmem2, i64 %sext_ln21" [mmult_baseline.cpp:21]   --->   Operation 81 'getelementptr' 'gmem2_addr' <Predicate = (!icmp_ln17)> <Delay = 0.00>
ST_3 : Operation 82 [1/1] (0.48ns)   --->   "%store_ln15 = store i31 %add_ln15, i31 %i" [mmult_baseline.cpp:15]   --->   Operation 82 'store' 'store_ln15' <Predicate = (icmp_ln17)> <Delay = 0.48>
ST_3 : Operation 83 [1/1] (0.48ns)   --->   "%store_ln15 = store i62 %add_ln15_2, i62 %phi_mul2" [mmult_baseline.cpp:15]   --->   Operation 83 'store' 'store_ln15' <Predicate = (icmp_ln17)> <Delay = 0.48>
ST_3 : Operation 84 [1/1] (0.48ns)   --->   "%store_ln15 = store i62 %add_ln15_1, i62 %phi_mul5" [mmult_baseline.cpp:15]   --->   Operation 84 'store' 'store_ln15' <Predicate = (icmp_ln17)> <Delay = 0.48>
ST_3 : Operation 85 [1/1] (0.00ns)   --->   "%br_ln15 = br void %loop2" [mmult_baseline.cpp:15]   --->   Operation 85 'br' 'br_ln15' <Predicate = (icmp_ln17)> <Delay = 0.00>

State 4 <SV = 3> <Delay = 7.30>
ST_4 : Operation 86 [8/8] (7.30ns)   --->   "%gmem2_load_req = readreq i1 @_ssdm_op_ReadReq.m_axi.i32P1A, i32 %gmem2_addr, i64 1" [mmult_baseline.cpp:21]   --->   Operation 86 'readreq' 'gmem2_load_req' <Predicate = true> <Delay = 7.30> <CoreInst = "m_axi">   --->   Core 119 'm_axi' <Latency = 0> <II = 1> <Delay = 1.00> <Adapter> <Opcode : 'read' 'write' 'readreq' 'writereq' 'writeresp'>
ST_4 : Operation 87 [8/8] (7.30ns)   --->   "%empty_25 = readreq i1 @_ssdm_op_ReadReq.m_axi.p1i32, i32 %gmem0_addr, i64 %wide_trip_count" [mmult_baseline.cpp:19]   --->   Operation 87 'readreq' 'empty_25' <Predicate = true> <Delay = 7.30> <CoreInst = "m_axi">   --->   Core 119 'm_axi' <Latency = 0> <II = 1> <Delay = 1.00> <Adapter> <Opcode : 'read' 'write' 'readreq' 'writereq' 'writeresp'>

State 5 <SV = 4> <Delay = 7.30>
ST_5 : Operation 88 [7/8] (7.30ns)   --->   "%gmem2_load_req = readreq i1 @_ssdm_op_ReadReq.m_axi.i32P1A, i32 %gmem2_addr, i64 1" [mmult_baseline.cpp:21]   --->   Operation 88 'readreq' 'gmem2_load_req' <Predicate = true> <Delay = 7.30> <CoreInst = "m_axi">   --->   Core 119 'm_axi' <Latency = 0> <II = 1> <Delay = 1.00> <Adapter> <Opcode : 'read' 'write' 'readreq' 'writereq' 'writeresp'>
ST_5 : Operation 89 [7/8] (7.30ns)   --->   "%empty_25 = readreq i1 @_ssdm_op_ReadReq.m_axi.p1i32, i32 %gmem0_addr, i64 %wide_trip_count" [mmult_baseline.cpp:19]   --->   Operation 89 'readreq' 'empty_25' <Predicate = true> <Delay = 7.30> <CoreInst = "m_axi">   --->   Core 119 'm_axi' <Latency = 0> <II = 1> <Delay = 1.00> <Adapter> <Opcode : 'read' 'write' 'readreq' 'writereq' 'writeresp'>

State 6 <SV = 5> <Delay = 7.30>
ST_6 : Operation 90 [6/8] (7.30ns)   --->   "%gmem2_load_req = readreq i1 @_ssdm_op_ReadReq.m_axi.i32P1A, i32 %gmem2_addr, i64 1" [mmult_baseline.cpp:21]   --->   Operation 90 'readreq' 'gmem2_load_req' <Predicate = true> <Delay = 7.30> <CoreInst = "m_axi">   --->   Core 119 'm_axi' <Latency = 0> <II = 1> <Delay = 1.00> <Adapter> <Opcode : 'read' 'write' 'readreq' 'writereq' 'writeresp'>
ST_6 : Operation 91 [6/8] (7.30ns)   --->   "%empty_25 = readreq i1 @_ssdm_op_ReadReq.m_axi.p1i32, i32 %gmem0_addr, i64 %wide_trip_count" [mmult_baseline.cpp:19]   --->   Operation 91 'readreq' 'empty_25' <Predicate = true> <Delay = 7.30> <CoreInst = "m_axi">   --->   Core 119 'm_axi' <Latency = 0> <II = 1> <Delay = 1.00> <Adapter> <Opcode : 'read' 'write' 'readreq' 'writereq' 'writeresp'>

State 7 <SV = 6> <Delay = 7.30>
ST_7 : Operation 92 [5/8] (7.30ns)   --->   "%gmem2_load_req = readreq i1 @_ssdm_op_ReadReq.m_axi.i32P1A, i32 %gmem2_addr, i64 1" [mmult_baseline.cpp:21]   --->   Operation 92 'readreq' 'gmem2_load_req' <Predicate = true> <Delay = 7.30> <CoreInst = "m_axi">   --->   Core 119 'm_axi' <Latency = 0> <II = 1> <Delay = 1.00> <Adapter> <Opcode : 'read' 'write' 'readreq' 'writereq' 'writeresp'>
ST_7 : Operation 93 [5/8] (7.30ns)   --->   "%empty_25 = readreq i1 @_ssdm_op_ReadReq.m_axi.p1i32, i32 %gmem0_addr, i64 %wide_trip_count" [mmult_baseline.cpp:19]   --->   Operation 93 'readreq' 'empty_25' <Predicate = true> <Delay = 7.30> <CoreInst = "m_axi">   --->   Core 119 'm_axi' <Latency = 0> <II = 1> <Delay = 1.00> <Adapter> <Opcode : 'read' 'write' 'readreq' 'writereq' 'writeresp'>

State 8 <SV = 7> <Delay = 7.30>
ST_8 : Operation 94 [4/8] (7.30ns)   --->   "%gmem2_load_req = readreq i1 @_ssdm_op_ReadReq.m_axi.i32P1A, i32 %gmem2_addr, i64 1" [mmult_baseline.cpp:21]   --->   Operation 94 'readreq' 'gmem2_load_req' <Predicate = true> <Delay = 7.30> <CoreInst = "m_axi">   --->   Core 119 'm_axi' <Latency = 0> <II = 1> <Delay = 1.00> <Adapter> <Opcode : 'read' 'write' 'readreq' 'writereq' 'writeresp'>
ST_8 : Operation 95 [4/8] (7.30ns)   --->   "%empty_25 = readreq i1 @_ssdm_op_ReadReq.m_axi.p1i32, i32 %gmem0_addr, i64 %wide_trip_count" [mmult_baseline.cpp:19]   --->   Operation 95 'readreq' 'empty_25' <Predicate = true> <Delay = 7.30> <CoreInst = "m_axi">   --->   Core 119 'm_axi' <Latency = 0> <II = 1> <Delay = 1.00> <Adapter> <Opcode : 'read' 'write' 'readreq' 'writereq' 'writeresp'>

State 9 <SV = 8> <Delay = 7.30>
ST_9 : Operation 96 [3/8] (7.30ns)   --->   "%gmem2_load_req = readreq i1 @_ssdm_op_ReadReq.m_axi.i32P1A, i32 %gmem2_addr, i64 1" [mmult_baseline.cpp:21]   --->   Operation 96 'readreq' 'gmem2_load_req' <Predicate = true> <Delay = 7.30> <CoreInst = "m_axi">   --->   Core 119 'm_axi' <Latency = 0> <II = 1> <Delay = 1.00> <Adapter> <Opcode : 'read' 'write' 'readreq' 'writereq' 'writeresp'>
ST_9 : Operation 97 [3/8] (7.30ns)   --->   "%empty_25 = readreq i1 @_ssdm_op_ReadReq.m_axi.p1i32, i32 %gmem0_addr, i64 %wide_trip_count" [mmult_baseline.cpp:19]   --->   Operation 97 'readreq' 'empty_25' <Predicate = true> <Delay = 7.30> <CoreInst = "m_axi">   --->   Core 119 'm_axi' <Latency = 0> <II = 1> <Delay = 1.00> <Adapter> <Opcode : 'read' 'write' 'readreq' 'writereq' 'writeresp'>

State 10 <SV = 9> <Delay = 7.30>
ST_10 : Operation 98 [2/8] (7.30ns)   --->   "%gmem2_load_req = readreq i1 @_ssdm_op_ReadReq.m_axi.i32P1A, i32 %gmem2_addr, i64 1" [mmult_baseline.cpp:21]   --->   Operation 98 'readreq' 'gmem2_load_req' <Predicate = true> <Delay = 7.30> <CoreInst = "m_axi">   --->   Core 119 'm_axi' <Latency = 0> <II = 1> <Delay = 1.00> <Adapter> <Opcode : 'read' 'write' 'readreq' 'writereq' 'writeresp'>
ST_10 : Operation 99 [2/8] (7.30ns)   --->   "%empty_25 = readreq i1 @_ssdm_op_ReadReq.m_axi.p1i32, i32 %gmem0_addr, i64 %wide_trip_count" [mmult_baseline.cpp:19]   --->   Operation 99 'readreq' 'empty_25' <Predicate = true> <Delay = 7.30> <CoreInst = "m_axi">   --->   Core 119 'm_axi' <Latency = 0> <II = 1> <Delay = 1.00> <Adapter> <Opcode : 'read' 'write' 'readreq' 'writereq' 'writeresp'>

State 11 <SV = 10> <Delay = 7.30>
ST_11 : Operation 100 [1/8] (7.30ns)   --->   "%gmem2_load_req = readreq i1 @_ssdm_op_ReadReq.m_axi.i32P1A, i32 %gmem2_addr, i64 1" [mmult_baseline.cpp:21]   --->   Operation 100 'readreq' 'gmem2_load_req' <Predicate = true> <Delay = 7.30> <CoreInst = "m_axi">   --->   Core 119 'm_axi' <Latency = 0> <II = 1> <Delay = 1.00> <Adapter> <Opcode : 'read' 'write' 'readreq' 'writereq' 'writeresp'>
ST_11 : Operation 101 [1/8] (7.30ns)   --->   "%empty_25 = readreq i1 @_ssdm_op_ReadReq.m_axi.p1i32, i32 %gmem0_addr, i64 %wide_trip_count" [mmult_baseline.cpp:19]   --->   Operation 101 'readreq' 'empty_25' <Predicate = true> <Delay = 7.30> <CoreInst = "m_axi">   --->   Core 119 'm_axi' <Latency = 0> <II = 1> <Delay = 1.00> <Adapter> <Opcode : 'read' 'write' 'readreq' 'writereq' 'writeresp'>

State 12 <SV = 11> <Delay = 7.30>
ST_12 : Operation 102 [1/1] (7.30ns)   --->   "%gmem2_addr_read = read i32 @_ssdm_op_Read.m_axi.i32P1A, i32 %gmem2_addr" [mmult_baseline.cpp:21]   --->   Operation 102 'read' 'gmem2_addr_read' <Predicate = true> <Delay = 7.30> <CoreInst = "m_axi">   --->   Core 119 'm_axi' <Latency = 0> <II = 1> <Delay = 1.00> <Adapter> <Opcode : 'read' 'write' 'readreq' 'writereq' 'writeresp'>

State 13 <SV = 12> <Delay = 7.30>
ST_13 : Operation 103 [2/2] (0.48ns)   --->   "%call_ln21 = call void @mmult_hw_Pipeline_loop3, i32 %gmem2_addr_read, i32 %gmem1, i32 %gmem0, i32 %dim_read, i62 %p_cast, i32 %dim_read, i32 %j, i64 %in2_read, i32 %add187_loc" [mmult_baseline.cpp:21]   --->   Operation 103 'call' 'call_ln21' <Predicate = true> <Delay = 0.48> <CoreType = "Generic">   --->   Core 0 '' <Latency = 0> <II = 1> <Delay = 1.00> <Generic> <Opcode : >
ST_13 : Operation 104 [1/1] (7.30ns)   --->   "%gmem2_addr_req = writereq i1 @_ssdm_op_WriteReq.m_axi.i32P1A, i32 %gmem2_addr, i64 1" [mmult_baseline.cpp:21]   --->   Operation 104 'writereq' 'gmem2_addr_req' <Predicate = true> <Delay = 7.30> <CoreInst = "m_axi">   --->   Core 119 'm_axi' <Latency = 0> <II = 1> <Delay = 1.00> <Adapter> <Opcode : 'read' 'write' 'readreq' 'writereq' 'writeresp'>

State 14 <SV = 13> <Delay = 0.00>
ST_14 : Operation 105 [1/2] (0.00ns)   --->   "%call_ln21 = call void @mmult_hw_Pipeline_loop3, i32 %gmem2_addr_read, i32 %gmem1, i32 %gmem0, i32 %dim_read, i62 %p_cast, i32 %dim_read, i32 %j, i64 %in2_read, i32 %add187_loc" [mmult_baseline.cpp:21]   --->   Operation 105 'call' 'call_ln21' <Predicate = true> <Delay = 0.00> <CoreType = "Generic">   --->   Core 0 '' <Latency = 0> <II = 1> <Delay = 1.00> <Generic> <Opcode : >

State 15 <SV = 14> <Delay = 7.30>
ST_15 : Operation 106 [1/1] (0.00ns)   --->   "%add187_loc_load = load i32 %add187_loc"   --->   Operation 106 'load' 'add187_loc_load' <Predicate = true> <Delay = 0.00>
ST_15 : Operation 107 [1/1] (7.30ns)   --->   "%write_ln21 = write void @_ssdm_op_Write.m_axi.i32P1A, i32 %gmem2_addr, i32 %add187_loc_load, i4 15" [mmult_baseline.cpp:21]   --->   Operation 107 'write' 'write_ln21' <Predicate = true> <Delay = 7.30> <CoreInst = "m_axi">   --->   Core 119 'm_axi' <Latency = 0> <II = 1> <Delay = 1.00> <Adapter> <Opcode : 'read' 'write' 'readreq' 'writereq' 'writeresp'>

State 16 <SV = 15> <Delay = 7.30>
ST_16 : Operation 108 [5/5] (7.30ns)   --->   "%gmem2_addr_resp = writeresp i1 @_ssdm_op_WriteResp.m_axi.i32P1A, i32 %gmem2_addr" [mmult_baseline.cpp:21]   --->   Operation 108 'writeresp' 'gmem2_addr_resp' <Predicate = true> <Delay = 7.30> <CoreInst = "m_axi">   --->   Core 119 'm_axi' <Latency = 0> <II = 1> <Delay = 1.00> <Adapter> <Opcode : 'read' 'write' 'readreq' 'writereq' 'writeresp'>

State 17 <SV = 16> <Delay = 7.30>
ST_17 : Operation 109 [4/5] (7.30ns)   --->   "%gmem2_addr_resp = writeresp i1 @_ssdm_op_WriteResp.m_axi.i32P1A, i32 %gmem2_addr" [mmult_baseline.cpp:21]   --->   Operation 109 'writeresp' 'gmem2_addr_resp' <Predicate = true> <Delay = 7.30> <CoreInst = "m_axi">   --->   Core 119 'm_axi' <Latency = 0> <II = 1> <Delay = 1.00> <Adapter> <Opcode : 'read' 'write' 'readreq' 'writereq' 'writeresp'>

State 18 <SV = 17> <Delay = 7.30>
ST_18 : Operation 110 [3/5] (7.30ns)   --->   "%gmem2_addr_resp = writeresp i1 @_ssdm_op_WriteResp.m_axi.i32P1A, i32 %gmem2_addr" [mmult_baseline.cpp:21]   --->   Operation 110 'writeresp' 'gmem2_addr_resp' <Predicate = true> <Delay = 7.30> <CoreInst = "m_axi">   --->   Core 119 'm_axi' <Latency = 0> <II = 1> <Delay = 1.00> <Adapter> <Opcode : 'read' 'write' 'readreq' 'writereq' 'writeresp'>

State 19 <SV = 18> <Delay = 7.30>
ST_19 : Operation 111 [2/5] (7.30ns)   --->   "%gmem2_addr_resp = writeresp i1 @_ssdm_op_WriteResp.m_axi.i32P1A, i32 %gmem2_addr" [mmult_baseline.cpp:21]   --->   Operation 111 'writeresp' 'gmem2_addr_resp' <Predicate = true> <Delay = 7.30> <CoreInst = "m_axi">   --->   Core 119 'm_axi' <Latency = 0> <II = 1> <Delay = 1.00> <Adapter> <Opcode : 'read' 'write' 'readreq' 'writereq' 'writeresp'>

State 20 <SV = 19> <Delay = 7.30>
ST_20 : Operation 112 [1/1] (0.00ns)   --->   "%speclooptripcount_ln18 = speclooptripcount void @_ssdm_op_SpecLoopTripCount, i64 128, i64 128, i64 128" [mmult_baseline.cpp:18]   --->   Operation 112 'speclooptripcount' 'speclooptripcount_ln18' <Predicate = true> <Delay = 0.00>
ST_20 : Operation 113 [1/1] (0.00ns)   --->   "%specloopname_ln17 = specloopname void @_ssdm_op_SpecLoopName, void @empty_16" [mmult_baseline.cpp:17]   --->   Operation 113 'specloopname' 'specloopname_ln17' <Predicate = true> <Delay = 0.00>
ST_20 : Operation 114 [1/5] (7.30ns)   --->   "%gmem2_addr_resp = writeresp i1 @_ssdm_op_WriteResp.m_axi.i32P1A, i32 %gmem2_addr" [mmult_baseline.cpp:21]   --->   Operation 114 'writeresp' 'gmem2_addr_resp' <Predicate = true> <Delay = 7.30> <CoreInst = "m_axi">   --->   Core 119 'm_axi' <Latency = 0> <II = 1> <Delay = 1.00> <Adapter> <Opcode : 'read' 'write' 'readreq' 'writereq' 'writeresp'>
ST_20 : Operation 115 [1/1] (0.00ns)   --->   "%br_ln17 = br void %loop3" [mmult_baseline.cpp:17]   --->   Operation 115 'br' 'br_ln17' <Predicate = true> <Delay = 0.00>


============================================================
+ Verbose Summary: Binding
============================================================
STG Binding: 
---------------- STG Properties BEGIN ----------------
- Is combinational: 0
- Is one-state seq: 0
- Is datapath-only: 0
- Is pipelined: 0
- Is top level: 1
Port [ Return ] is wired: 1; IO mode=ap_ctrl_hs:ce=0
Port [ gmem0]:  wired=1; compound=1; hidden=0; nouse=0; global=0; static=0; extern=0; dir=0; type=4; pingpong=0; private_global=0; IO mode=m_axi:ce=0
Port [ gmem1]:  wired=1; compound=1; hidden=0; nouse=0; global=0; static=0; extern=0; dir=0; type=4; pingpong=0; private_global=0; IO mode=m_axi:ce=0
Port [ gmem2]:  wired=1; compound=1; hidden=0; nouse=0; global=0; static=0; extern=0; dir=2; type=4; pingpong=0; private_global=0; IO mode=m_axi:ce=0
Port [ in1]:  wired=1; compound=0; hidden=0; nouse=0; global=0; static=0; extern=0; dir=0; type=0; pingpong=0; private_global=0; IO mode=ap_none:ce=0
Port [ in2]:  wired=1; compound=0; hidden=0; nouse=0; global=0; static=0; extern=0; dir=0; type=0; pingpong=0; private_global=0; IO mode=ap_none:ce=0
Port [ out_r]:  wired=1; compound=0; hidden=0; nouse=0; global=0; static=0; extern=0; dir=0; type=0; pingpong=0; private_global=0; IO mode=ap_none:ce=0
Port [ dim]:  wired=1; compound=0; hidden=0; nouse=0; global=0; static=0; extern=0; dir=0; type=0; pingpong=0; private_global=0; IO mode=ap_none:ce=0
---------------- STG Properties END ------------------

---------------- Datapath Model BEGIN ----------------

<LifeTime>
<method=bitvector/>
phi_mul5               (alloca           ) [ 011111111111111111111]
phi_mul2               (alloca           ) [ 011111111111111111111]
i                      (alloca           ) [ 011111111111111111111]
dim_read               (read             ) [ 001111111111111111111]
out_r_read             (read             ) [ 001111111111111111111]
in2_read               (read             ) [ 001111111111111111111]
in1_read               (read             ) [ 001111111111111111111]
add187_loc             (alloca           ) [ 001111111111111111111]
spectopmodule_ln7      (spectopmodule    ) [ 000000000000000000000]
specinterface_ln0      (specinterface    ) [ 000000000000000000000]
specbitsmap_ln0        (specbitsmap      ) [ 000000000000000000000]
specinterface_ln0      (specinterface    ) [ 000000000000000000000]
specbitsmap_ln0        (specbitsmap      ) [ 000000000000000000000]
specinterface_ln0      (specinterface    ) [ 000000000000000000000]
specbitsmap_ln0        (specbitsmap      ) [ 000000000000000000000]
specinterface_ln0      (specinterface    ) [ 000000000000000000000]
specinterface_ln0      (specinterface    ) [ 000000000000000000000]
specinterface_ln0      (specinterface    ) [ 000000000000000000000]
specinterface_ln0      (specinterface    ) [ 000000000000000000000]
specinterface_ln0      (specinterface    ) [ 000000000000000000000]
specinterface_ln0      (specinterface    ) [ 000000000000000000000]
specbitsmap_ln0        (specbitsmap      ) [ 000000000000000000000]
specinterface_ln0      (specinterface    ) [ 000000000000000000000]
specinterface_ln0      (specinterface    ) [ 000000000000000000000]
specinterface_ln0      (specinterface    ) [ 000000000000000000000]
dim_cast               (sext             ) [ 001111111111111111111]
wide_trip_count        (zext             ) [ 001111111111111111111]
dim_cast3              (zext             ) [ 001111111111111111111]
store_ln15             (store            ) [ 000000000000000000000]
store_ln0              (store            ) [ 000000000000000000000]
store_ln0              (store            ) [ 000000000000000000000]
br_ln15                (br               ) [ 000000000000000000000]
phi_mul5_load          (load             ) [ 000111111111111111111]
phi_mul2_load          (load             ) [ 000000000000000000000]
i_1                    (load             ) [ 000000000000000000000]
add_ln15_1             (add              ) [ 000111111111111111111]
add_ln15_2             (add              ) [ 000111111111111111111]
zext_ln15              (zext             ) [ 000000000000000000000]
icmp_ln15              (icmp             ) [ 001111111111111111111]
add_ln15               (add              ) [ 000111111111111111111]
br_ln15                (br               ) [ 000000000000000000000]
speclooptripcount_ln16 (speclooptripcount) [ 000000000000000000000]
specloopname_ln15      (specloopname     ) [ 000000000000000000000]
tmp                    (bitconcatenate   ) [ 000000000000000000000]
empty                  (add              ) [ 000000000000000000000]
p_cast                 (partselect       ) [ 000111111111111111111]
p_cast_cast            (sext             ) [ 000000000000000000000]
gmem0_addr             (getelementptr    ) [ 000111111111111111111]
br_ln17                (br               ) [ 001111111111111111111]
ret_ln25               (ret              ) [ 000000000000000000000]
j                      (phi              ) [ 000111111111111000000]
icmp_ln17              (icmp             ) [ 001111111111111111111]
add_ln17               (add              ) [ 001111111111111111111]
br_ln17                (br               ) [ 000000000000000000000]
zext_ln17              (zext             ) [ 000000000000000000000]
empty_23               (add              ) [ 000000000000000000000]
tmp_1                  (bitconcatenate   ) [ 000000000000000000000]
empty_24               (add              ) [ 000000000000000000000]
trunc_ln               (partselect       ) [ 000000000000000000000]
sext_ln21              (sext             ) [ 000000000000000000000]
gmem2_addr             (getelementptr    ) [ 000011111111111111111]
store_ln15             (store            ) [ 000000000000000000000]
store_ln15             (store            ) [ 000000000000000000000]
store_ln15             (store            ) [ 000000000000000000000]
br_ln15                (br               ) [ 000000000000000000000]
gmem2_load_req         (readreq          ) [ 000000000000000000000]
empty_25               (readreq          ) [ 000000000000000000000]
gmem2_addr_read        (read             ) [ 000000000000011000000]
gmem2_addr_req         (writereq         ) [ 000000000000000000000]
call_ln21              (call             ) [ 000000000000000000000]
add187_loc_load        (load             ) [ 000000000000000000000]
write_ln21             (write            ) [ 000000000000000000000]
speclooptripcount_ln18 (speclooptripcount) [ 000000000000000000000]
specloopname_ln17      (specloopname     ) [ 000000000000000000000]
gmem2_addr_resp        (writeresp        ) [ 000000000000000000000]
br_ln17                (br               ) [ 001111111111111111111]
</LifeTime>

<model>

<comp_list>
<comp id="0" class="1000" name="gmem0">
<pin_list>
<pin id="1" dir="1" index="0" bw="1" slack="0"/>
</pin_list>
<bind>
<StgValue><ssdm name="gmem0"/></StgValue>
</bind>
</comp>

<comp id="2" class="1000" name="gmem1">
<pin_list>
<pin id="3" dir="1" index="0" bw="1" slack="0"/>
</pin_list>
<bind>
<StgValue><ssdm name="gmem1"/></StgValue>
</bind>
</comp>

<comp id="4" class="1000" name="gmem2">
<pin_list>
<pin id="5" dir="1" index="0" bw="1" slack="0"/>
</pin_list>
<bind>
<StgValue><ssdm name="gmem2"/></StgValue>
</bind>
</comp>

<comp id="6" class="1000" name="in1">
<pin_list>
<pin id="7" dir="1" index="0" bw="1" slack="0"/>
</pin_list>
<bind>
<StgValue><ssdm name="in1"/></StgValue>
</bind>
</comp>

<comp id="8" class="1000" name="in2">
<pin_list>
<pin id="9" dir="1" index="0" bw="1" slack="0"/>
</pin_list>
<bind>
<StgValue><ssdm name="in2"/></StgValue>
</bind>
</comp>

<comp id="10" class="1000" name="out_r">
<pin_list>
<pin id="11" dir="1" index="0" bw="1" slack="0"/>
</pin_list>
<bind>
<StgValue><ssdm name="out_r"/></StgValue>
</bind>
</comp>

<comp id="12" class="1000" name="dim">
<pin_list>
<pin id="13" dir="1" index="0" bw="1" slack="0"/>
</pin_list>
<bind>
<StgValue><ssdm name="dim"/></StgValue>
</bind>
</comp>

<comp id="14" class="1001" name="const_14">
<pin_list>
<pin id="15" dir="1" index="0" bw="1" slack="0"/>
</pin_list>
<bind>
<StgValue><ssdm name=""/></StgValue>
</bind>
</comp>

<comp id="16" class="1001" name="const_16">
<pin_list>
<pin id="17" dir="1" index="0" bw="1" slack="0"/>
</pin_list>
<bind>
<StgValue><ssdm name="_ssdm_op_Read.s_axilite.i32"/></StgValue>
</bind>
</comp>

<comp id="18" class="1001" name="const_18">
<pin_list>
<pin id="19" dir="1" index="0" bw="1" slack="0"/>
</pin_list>
<bind>
<StgValue><ssdm name="_ssdm_op_Read.s_axilite.i64"/></StgValue>
</bind>
</comp>

<comp id="20" class="1001" name="const_20">
<pin_list>
<pin id="21" dir="1" index="0" bw="1" slack="0"/>
</pin_list>
<bind>
<StgValue><ssdm name=""/></StgValue>
</bind>
</comp>

<comp id="22" class="1001" name="const_22">
<pin_list>
<pin id="23" dir="1" index="0" bw="1" slack="2147483647"/>
</pin_list>
<bind>
<StgValue><ssdm name="_ssdm_op_SpecTopModule"/></StgValue>
</bind>
</comp>

<comp id="24" class="1001" name="const_24">
<pin_list>
<pin id="25" dir="1" index="0" bw="1" slack="2147483647"/>
</pin_list>
<bind>
<StgValue><ssdm name="empty_14"/></StgValue>
</bind>
</comp>

<comp id="26" class="1001" name="const_26">
<pin_list>
<pin id="27" dir="1" index="0" bw="1" slack="2147483647"/>
</pin_list>
<bind>
<StgValue><ssdm name="_ssdm_op_SpecInterface"/></StgValue>
</bind>
</comp>

<comp id="28" class="1001" name="const_28">
<pin_list>
<pin id="29" dir="1" index="0" bw="1" slack="2147483647"/>
</pin_list>
<bind>
<StgValue><ssdm name="empty"/></StgValue>
</bind>
</comp>

<comp id="30" class="1001" name="const_30">
<pin_list>
<pin id="31" dir="1" index="0" bw="1" slack="1"/>
</pin_list>
<bind>
<StgValue><ssdm name=""/></StgValue>
</bind>
</comp>

<comp id="32" class="1001" name="const_32">
<pin_list>
<pin id="33" dir="1" index="0" bw="1" slack="2147483647"/>
</pin_list>
<bind>
<StgValue><ssdm name="empty_0"/></StgValue>
</bind>
</comp>

<comp id="34" class="1001" name="const_34">
<pin_list>
<pin id="35" dir="1" index="0" bw="1" slack="2147483647"/>
</pin_list>
<bind>
<StgValue><ssdm name=""/></StgValue>
</bind>
</comp>

<comp id="36" class="1001" name="const_36">
<pin_list>
<pin id="37" dir="1" index="0" bw="1" slack="2147483647"/>
</pin_list>
<bind>
<StgValue><ssdm name="empty_1"/></StgValue>
</bind>
</comp>

<comp id="38" class="1001" name="const_38">
<pin_list>
<pin id="39" dir="1" index="0" bw="1" slack="2147483647"/>
</pin_list>
<bind>
<StgValue><ssdm name="empty_2"/></StgValue>
</bind>
</comp>

<comp id="40" class="1001" name="const_40">
<pin_list>
<pin id="41" dir="1" index="0" bw="1" slack="2147483647"/>
</pin_list>
<bind>
<StgValue><ssdm name=""/></StgValue>
</bind>
</comp>

<comp id="42" class="1001" name="const_42">
<pin_list>
<pin id="43" dir="1" index="0" bw="1" slack="2147483647"/>
</pin_list>
<bind>
<StgValue><ssdm name=""/></StgValue>
</bind>
</comp>

<comp id="44" class="1001" name="const_44">
<pin_list>
<pin id="45" dir="1" index="0" bw="1" slack="2147483647"/>
</pin_list>
<bind>
<StgValue><ssdm name="_ssdm_op_SpecBitsMap"/></StgValue>
</bind>
</comp>

<comp id="46" class="1001" name="const_46">
<pin_list>
<pin id="47" dir="1" index="0" bw="1" slack="2147483647"/>
</pin_list>
<bind>
<StgValue><ssdm name="empty_3"/></StgValue>
</bind>
</comp>

<comp id="48" class="1001" name="const_48">
<pin_list>
<pin id="49" dir="1" index="0" bw="1" slack="2147483647"/>
</pin_list>
<bind>
<StgValue><ssdm name="empty_4"/></StgValue>
</bind>
</comp>

<comp id="50" class="1001" name="const_50">
<pin_list>
<pin id="51" dir="1" index="0" bw="1" slack="2147483647"/>
</pin_list>
<bind>
<StgValue><ssdm name="empty_5"/></StgValue>
</bind>
</comp>

<comp id="52" class="1001" name="const_52">
<pin_list>
<pin id="53" dir="1" index="0" bw="1" slack="2147483647"/>
</pin_list>
<bind>
<StgValue><ssdm name="empty_6"/></StgValue>
</bind>
</comp>

<comp id="54" class="1001" name="const_54">
<pin_list>
<pin id="55" dir="1" index="0" bw="1" slack="2147483647"/>
</pin_list>
<bind>
<StgValue><ssdm name="empty_7"/></StgValue>
</bind>
</comp>

<comp id="56" class="1001" name="const_56">
<pin_list>
<pin id="57" dir="1" index="0" bw="1" slack="2147483647"/>
</pin_list>
<bind>
<StgValue><ssdm name="empty_8"/></StgValue>
</bind>
</comp>

<comp id="58" class="1001" name="const_58">
<pin_list>
<pin id="59" dir="1" index="0" bw="1" slack="2147483647"/>
</pin_list>
<bind>
<StgValue><ssdm name="empty_9"/></StgValue>
</bind>
</comp>

<comp id="60" class="1001" name="const_60">
<pin_list>
<pin id="61" dir="1" index="0" bw="1" slack="2147483647"/>
</pin_list>
<bind>
<StgValue><ssdm name="empty_10"/></StgValue>
</bind>
</comp>

<comp id="62" class="1001" name="const_62">
<pin_list>
<pin id="63" dir="1" index="0" bw="1" slack="2147483647"/>
</pin_list>
<bind>
<StgValue><ssdm name="empty_11"/></StgValue>
</bind>
</comp>

<comp id="64" class="1001" name="const_64">
<pin_list>
<pin id="65" dir="1" index="0" bw="1" slack="2147483647"/>
</pin_list>
<bind>
<StgValue><ssdm name="empty_12"/></StgValue>
</bind>
</comp>

<comp id="66" class="1001" name="const_66">
<pin_list>
<pin id="67" dir="1" index="0" bw="1" slack="2147483647"/>
</pin_list>
<bind>
<StgValue><ssdm name="empty_13"/></StgValue>
</bind>
</comp>

<comp id="68" class="1001" name="const_68">
<pin_list>
<pin id="69" dir="1" index="0" bw="1" slack="0"/>
</pin_list>
<bind>
<StgValue><ssdm name=""/></StgValue>
</bind>
</comp>

<comp id="70" class="1001" name="const_70">
<pin_list>
<pin id="71" dir="1" index="0" bw="1" slack="0"/>
</pin_list>
<bind>
<StgValue><ssdm name=""/></StgValue>
</bind>
</comp>

<comp id="72" class="1001" name="const_72">
<pin_list>
<pin id="73" dir="1" index="0" bw="1" slack="0"/>
</pin_list>
<bind>
<StgValue><ssdm name=""/></StgValue>
</bind>
</comp>

<comp id="74" class="1001" name="const_74">
<pin_list>
<pin id="75" dir="1" index="0" bw="1" slack="2147483647"/>
</pin_list>
<bind>
<StgValue><ssdm name="_ssdm_op_SpecLoopTripCount"/></StgValue>
</bind>
</comp>

<comp id="76" class="1001" name="const_76">
<pin_list>
<pin id="77" dir="1" index="0" bw="1" slack="2147483647"/>
</pin_list>
<bind>
<StgValue><ssdm name=""/></StgValue>
</bind>
</comp>

<comp id="78" class="1001" name="const_78">
<pin_list>
<pin id="79" dir="1" index="0" bw="1" slack="2147483647"/>
</pin_list>
<bind>
<StgValue><ssdm name="_ssdm_op_SpecLoopName"/></StgValue>
</bind>
</comp>

<comp id="80" class="1001" name="const_80">
<pin_list>
<pin id="81" dir="1" index="0" bw="1" slack="2147483647"/>
</pin_list>
<bind>
<StgValue><ssdm name="empty_17"/></StgValue>
</bind>
</comp>

<comp id="82" class="1001" name="const_82">
<pin_list>
<pin id="83" dir="1" index="0" bw="1" slack="0"/>
</pin_list>
<bind>
<StgValue><ssdm name="_ssdm_op_BitConcatenate.i64.i62.i2"/></StgValue>
</bind>
</comp>

<comp id="84" class="1001" name="const_84">
<pin_list>
<pin id="85" dir="1" index="0" bw="1" slack="0"/>
</pin_list>
<bind>
<StgValue><ssdm name=""/></StgValue>
</bind>
</comp>

<comp id="86" class="1001" name="const_86">
<pin_list>
<pin id="87" dir="1" index="0" bw="1" slack="0"/>
</pin_list>
<bind>
<StgValue><ssdm name="_ssdm_op_PartSelect.i62.i64.i32.i32"/></StgValue>
</bind>
</comp>

<comp id="88" class="1001" name="const_88">
<pin_list>
<pin id="89" dir="1" index="0" bw="1" slack="0"/>
</pin_list>
<bind>
<StgValue><ssdm name=""/></StgValue>
</bind>
</comp>

<comp id="90" class="1001" name="const_90">
<pin_list>
<pin id="91" dir="1" index="0" bw="1" slack="0"/>
</pin_list>
<bind>
<StgValue><ssdm name=""/></StgValue>
</bind>
</comp>

<comp id="92" class="1001" name="const_92">
<pin_list>
<pin id="93" dir="1" index="0" bw="1" slack="0"/>
</pin_list>
<bind>
<StgValue><ssdm name="_ssdm_op_ReadReq.m_axi.i32P1A"/></StgValue>
</bind>
</comp>

<comp id="94" class="1001" name="const_94">
<pin_list>
<pin id="95" dir="1" index="0" bw="1" slack="0"/>
</pin_list>
<bind>
<StgValue><ssdm name="_ssdm_op_ReadReq.m_axi.p1i32"/></StgValue>
</bind>
</comp>

<comp id="96" class="1001" name="const_96">
<pin_list>
<pin id="97" dir="1" index="0" bw="1" slack="0"/>
</pin_list>
<bind>
<StgValue><ssdm name="_ssdm_op_Read.m_axi.i32P1A"/></StgValue>
</bind>
</comp>

<comp id="98" class="1001" name="const_98">
<pin_list>
<pin id="99" dir="1" index="0" bw="1" slack="0"/>
</pin_list>
<bind>
<StgValue><ssdm name="mmult_hw_Pipeline_loop3"/></StgValue>
</bind>
</comp>

<comp id="100" class="1001" name="const_100">
<pin_list>
<pin id="101" dir="1" index="0" bw="1" slack="0"/>
</pin_list>
<bind>
<StgValue><ssdm name="_ssdm_op_WriteReq.m_axi.i32P1A"/></StgValue>
</bind>
</comp>

<comp id="102" class="1001" name="const_102">
<pin_list>
<pin id="103" dir="1" index="0" bw="1" slack="0"/>
</pin_list>
<bind>
<StgValue><ssdm name="_ssdm_op_Write.m_axi.i32P1A"/></StgValue>
</bind>
</comp>

<comp id="104" class="1001" name="const_104">
<pin_list>
<pin id="105" dir="1" index="0" bw="1" slack="0"/>
</pin_list>
<bind>
<StgValue><ssdm name=""/></StgValue>
</bind>
</comp>

<comp id="106" class="1001" name="const_106">
<pin_list>
<pin id="107" dir="1" index="0" bw="1" slack="0"/>
</pin_list>
<bind>
<StgValue><ssdm name="_ssdm_op_WriteResp.m_axi.i32P1A"/></StgValue>
</bind>
</comp>

<comp id="108" class="1001" name="const_108">
<pin_list>
<pin id="109" dir="1" index="0" bw="1" slack="2147483647"/>
</pin_list>
<bind>
<StgValue><ssdm name="empty_16"/></StgValue>
</bind>
</comp>

<comp id="110" class="1004" name="phi_mul5_fu_110">
<pin_list>
<pin id="111" dir="0" index="0" bw="1" slack="0"/>
<pin id="112" dir="1" index="1" bw="62" slack="0"/>
</pin_list>
<bind>
<opcode="alloca(26) " fcode="alloca"/>
<opset="phi_mul5/1 "/>
</bind>
</comp>

<comp id="114" class="1004" name="phi_mul2_fu_114">
<pin_list>
<pin id="115" dir="0" index="0" bw="1" slack="0"/>
<pin id="116" dir="1" index="1" bw="62" slack="0"/>
</pin_list>
<bind>
<opcode="alloca(26) " fcode="alloca"/>
<opset="phi_mul2/1 "/>
</bind>
</comp>

<comp id="118" class="1004" name="i_fu_118">
<pin_list>
<pin id="119" dir="0" index="0" bw="1" slack="0"/>
<pin id="120" dir="1" index="1" bw="31" slack="0"/>
</pin_list>
<bind>
<opcode="alloca(26) " fcode="alloca"/>
<opset="i/1 "/>
</bind>
</comp>

<comp id="122" class="1004" name="add187_loc_fu_122">
<pin_list>
<pin id="123" dir="0" index="0" bw="1" slack="0"/>
<pin id="124" dir="1" index="1" bw="32" slack="12"/>
</pin_list>
<bind>
<opcode="alloca(26) " fcode="alloca"/>
<opset="add187_loc/1 "/>
</bind>
</comp>

<comp id="126" class="1004" name="dim_read_read_fu_126">
<pin_list>
<pin id="127" dir="0" index="0" bw="32" slack="0"/>
<pin id="128" dir="0" index="1" bw="32" slack="0"/>
<pin id="129" dir="1" index="2" bw="32" slack="0"/>
</pin_list>
<bind>
<opcode="read(1150) " fcode="read"/>
<opset="dim_read/1 "/>
</bind>
</comp>

<comp id="132" class="1004" name="out_r_read_read_fu_132">
<pin_list>
<pin id="133" dir="0" index="0" bw="64" slack="0"/>
<pin id="134" dir="0" index="1" bw="64" slack="0"/>
<pin id="135" dir="1" index="2" bw="64" slack="2"/>
</pin_list>
<bind>
<opcode="read(1150) " fcode="read"/>
<opset="out_r_read/1 "/>
</bind>
</comp>

<comp id="138" class="1004" name="in2_read_read_fu_138">
<pin_list>
<pin id="139" dir="0" index="0" bw="64" slack="0"/>
<pin id="140" dir="0" index="1" bw="64" slack="0"/>
<pin id="141" dir="1" index="2" bw="64" slack="12"/>
</pin_list>
<bind>
<opcode="read(1150) " fcode="read"/>
<opset="in2_read/1 "/>
</bind>
</comp>

<comp id="144" class="1004" name="in1_read_read_fu_144">
<pin_list>
<pin id="145" dir="0" index="0" bw="64" slack="0"/>
<pin id="146" dir="0" index="1" bw="64" slack="0"/>
<pin id="147" dir="1" index="2" bw="64" slack="1"/>
</pin_list>
<bind>
<opcode="read(1150) " fcode="read"/>
<opset="in1_read/1 "/>
</bind>
</comp>

<comp id="150" class="1004" name="grp_writeresp_fu_150">
<pin_list>
<pin id="151" dir="0" index="0" bw="1" slack="0"/>
<pin id="152" dir="0" index="1" bw="32" slack="1"/>
<pin id="153" dir="0" index="2" bw="1" slack="0"/>
<pin id="154" dir="1" index="3" bw="1" slack="2147483647"/>
</pin_list>
<bind>
<opcode="readreq(1154) writereq(1155) writeresp(1158) " fcode="writeresp"/>
<opset="gmem2_load_req/4 gmem2_addr_req/13 gmem2_addr_resp/16 "/>
</bind>
</comp>

<comp id="157" class="1004" name="grp_readreq_fu_157">
<pin_list>
<pin id="158" dir="0" index="0" bw="1" slack="0"/>
<pin id="159" dir="0" index="1" bw="32" slack="2"/>
<pin id="160" dir="0" index="2" bw="32" slack="3"/>
<pin id="161" dir="1" index="3" bw="1" slack="2147483647"/>
</pin_list>
<bind>
<opcode="readreq(1154) " fcode="readreq"/>
<opset="empty_25/4 "/>
</bind>
</comp>

<comp id="163" class="1004" name="gmem2_addr_read_read_fu_163">
<pin_list>
<pin id="164" dir="0" index="0" bw="32" slack="0"/>
<pin id="165" dir="0" index="1" bw="32" slack="9"/>
<pin id="166" dir="1" index="2" bw="32" slack="1"/>
</pin_list>
<bind>
<opcode="read(1150) " fcode="read"/>
<opset="gmem2_addr_read/12 "/>
</bind>
</comp>

<comp id="169" class="1004" name="write_ln21_write_fu_169">
<pin_list>
<pin id="170" dir="0" index="0" bw="0" slack="0"/>
<pin id="171" dir="0" index="1" bw="32" slack="12"/>
<pin id="172" dir="0" index="2" bw="32" slack="0"/>
<pin id="173" dir="0" index="3" bw="1" slack="0"/>
<pin id="174" dir="1" index="4" bw="0" slack="2147483647"/>
</pin_list>
<bind>
<opcode="write(1151) " fcode="write"/>
<opset="write_ln21/15 "/>
</bind>
</comp>

<comp id="178" class="1005" name="j_reg_178">
<pin_list>
<pin id="179" dir="0" index="0" bw="32" slack="1"/>
<pin id="180" dir="1" index="1" bw="32" slack="1"/>
</pin_list>
<bind>
<opset="j (phireg) "/>
</bind>
</comp>

<comp id="182" class="1004" name="j_phi_fu_182">
<pin_list>
<pin id="183" dir="0" index="0" bw="1" slack="1"/>
<pin id="184" dir="0" index="1" bw="0" slack="2147483647"/>
<pin id="185" dir="0" index="2" bw="32" slack="0"/>
<pin id="186" dir="0" index="3" bw="0" slack="2147483647"/>
<pin id="187" dir="1" index="4" bw="32" slack="0"/>
</pin_list>
<bind>
<opcode="phi(47) " fcode="phi"/>
<opset="j/3 "/>
</bind>
</comp>

<comp id="190" class="1004" name="grp_mmult_hw_Pipeline_loop3_fu_190">
<pin_list>
<pin id="191" dir="0" index="0" bw="0" slack="0"/>
<pin id="192" dir="0" index="1" bw="32" slack="1"/>
<pin id="193" dir="0" index="2" bw="32" slack="0"/>
<pin id="194" dir="0" index="3" bw="32" slack="0"/>
<pin id="195" dir="0" index="4" bw="32" slack="12"/>
<pin id="196" dir="0" index="5" bw="62" slack="11"/>
<pin id="197" dir="0" index="6" bw="32" slack="12"/>
<pin id="198" dir="0" index="7" bw="32" slack="10"/>
<pin id="199" dir="0" index="8" bw="64" slack="12"/>
<pin id="200" dir="0" index="9" bw="32" slack="12"/>
<pin id="201" dir="1" index="10" bw="0" slack="2147483647"/>
</pin_list>
<bind>
<opcode="call(48) " fcode="call"/>
<opset="call_ln21/13 "/>
</bind>
</comp>

<comp id="206" class="1004" name="dim_cast_fu_206">
<pin_list>
<pin id="207" dir="0" index="0" bw="32" slack="0"/>
<pin id="208" dir="1" index="1" bw="62" slack="1"/>
</pin_list>
<bind>
<opcode="sext(35) " fcode="sext"/>
<opset="dim_cast/1 "/>
</bind>
</comp>

<comp id="210" class="1004" name="wide_trip_count_fu_210">
<pin_list>
<pin id="211" dir="0" index="0" bw="32" slack="0"/>
<pin id="212" dir="1" index="1" bw="64" slack="3"/>
</pin_list>
<bind>
<opcode="zext(34) " fcode="zext"/>
<opset="wide_trip_count/1 "/>
</bind>
</comp>

<comp id="214" class="1004" name="dim_cast3_fu_214">
<pin_list>
<pin id="215" dir="0" index="0" bw="32" slack="0"/>
<pin id="216" dir="1" index="1" bw="62" slack="1"/>
</pin_list>
<bind>
<opcode="zext(34) " fcode="zext"/>
<opset="dim_cast3/1 "/>
</bind>
</comp>

<comp id="218" class="1004" name="store_ln15_store_fu_218">
<pin_list>
<pin id="219" dir="0" index="0" bw="1" slack="0"/>
<pin id="220" dir="0" index="1" bw="31" slack="0"/>
<pin id="221" dir="1" index="2" bw="0" slack="2147483647"/>
</pin_list>
<bind>
<opcode="store(28) " fcode="store"/>
<opset="store_ln15/1 "/>
</bind>
</comp>

<comp id="223" class="1004" name="store_ln0_store_fu_223">
<pin_list>
<pin id="224" dir="0" index="0" bw="1" slack="0"/>
<pin id="225" dir="0" index="1" bw="62" slack="0"/>
<pin id="226" dir="1" index="2" bw="0" slack="2147483647"/>
</pin_list>
<bind>
<opcode="store(28) " fcode="store"/>
<opset="store_ln0/1 "/>
</bind>
</comp>

<comp id="228" class="1004" name="store_ln0_store_fu_228">
<pin_list>
<pin id="229" dir="0" index="0" bw="1" slack="0"/>
<pin id="230" dir="0" index="1" bw="62" slack="0"/>
<pin id="231" dir="1" index="2" bw="0" slack="2147483647"/>
</pin_list>
<bind>
<opcode="store(28) " fcode="store"/>
<opset="store_ln0/1 "/>
</bind>
</comp>

<comp id="233" class="1004" name="phi_mul5_load_load_fu_233">
<pin_list>
<pin id="234" dir="0" index="0" bw="62" slack="1"/>
<pin id="235" dir="1" index="1" bw="62" slack="0"/>
</pin_list>
<bind>
<opcode="load(27) " fcode="load"/>
<opset="phi_mul5_load/2 "/>
</bind>
</comp>

<comp id="236" class="1004" name="phi_mul2_load_load_fu_236">
<pin_list>
<pin id="237" dir="0" index="0" bw="62" slack="1"/>
<pin id="238" dir="1" index="1" bw="62" slack="0"/>
</pin_list>
<bind>
<opcode="load(27) " fcode="load"/>
<opset="phi_mul2_load/2 "/>
</bind>
</comp>

<comp id="239" class="1004" name="i_1_load_fu_239">
<pin_list>
<pin id="240" dir="0" index="0" bw="31" slack="1"/>
<pin id="241" dir="1" index="1" bw="31" slack="0"/>
</pin_list>
<bind>
<opcode="load(27) " fcode="load"/>
<opset="i_1/2 "/>
</bind>
</comp>

<comp id="242" class="1004" name="add_ln15_1_fu_242">
<pin_list>
<pin id="243" dir="0" index="0" bw="62" slack="0"/>
<pin id="244" dir="0" index="1" bw="32" slack="1"/>
<pin id="245" dir="1" index="2" bw="62" slack="1"/>
</pin_list>
<bind>
<opcode="add(8) " fcode="add"/>
<opset="add_ln15_1/2 "/>
</bind>
</comp>

<comp id="247" class="1004" name="add_ln15_2_fu_247">
<pin_list>
<pin id="248" dir="0" index="0" bw="62" slack="0"/>
<pin id="249" dir="0" index="1" bw="32" slack="1"/>
<pin id="250" dir="1" index="2" bw="62" slack="1"/>
</pin_list>
<bind>
<opcode="add(8) " fcode="add"/>
<opset="add_ln15_2/2 "/>
</bind>
</comp>

<comp id="252" class="1004" name="zext_ln15_fu_252">
<pin_list>
<pin id="253" dir="0" index="0" bw="31" slack="0"/>
<pin id="254" dir="1" index="1" bw="32" slack="0"/>
</pin_list>
<bind>
<opcode="zext(34) " fcode="zext"/>
<opset="zext_ln15/2 "/>
</bind>
</comp>

<comp id="256" class="1004" name="icmp_ln15_fu_256">
<pin_list>
<pin id="257" dir="0" index="0" bw="31" slack="0"/>
<pin id="258" dir="0" index="1" bw="32" slack="1"/>
<pin id="259" dir="1" index="2" bw="1" slack="2147483647"/>
</pin_list>
<bind>
<opcode="icmp(45) " fcode="icmp"/>
<opset="icmp_ln15/2 "/>
</bind>
</comp>

<comp id="261" class="1004" name="add_ln15_fu_261">
<pin_list>
<pin id="262" dir="0" index="0" bw="31" slack="0"/>
<pin id="263" dir="0" index="1" bw="1" slack="0"/>
<pin id="264" dir="1" index="2" bw="31" slack="1"/>
</pin_list>
<bind>
<opcode="add(8) " fcode="add"/>
<opset="add_ln15/2 "/>
</bind>
</comp>

<comp id="267" class="1004" name="tmp_fu_267">
<pin_list>
<pin id="268" dir="0" index="0" bw="64" slack="0"/>
<pin id="269" dir="0" index="1" bw="62" slack="0"/>
<pin id="270" dir="0" index="2" bw="1" slack="0"/>
<pin id="271" dir="1" index="3" bw="64" slack="0"/>
</pin_list>
<bind>
<opcode="bitconcatenate(1004) " fcode="bitconcatenate"/>
<opset="tmp/2 "/>
</bind>
</comp>

<comp id="275" class="1004" name="empty_fu_275">
<pin_list>
<pin id="276" dir="0" index="0" bw="64" slack="0"/>
<pin id="277" dir="0" index="1" bw="64" slack="1"/>
<pin id="278" dir="1" index="2" bw="64" slack="0"/>
</pin_list>
<bind>
<opcode="add(8) " fcode="add"/>
<opset="empty/2 "/>
</bind>
</comp>

<comp id="280" class="1004" name="p_cast_fu_280">
<pin_list>
<pin id="281" dir="0" index="0" bw="62" slack="0"/>
<pin id="282" dir="0" index="1" bw="64" slack="0"/>
<pin id="283" dir="0" index="2" bw="3" slack="0"/>
<pin id="284" dir="0" index="3" bw="7" slack="0"/>
<pin id="285" dir="1" index="4" bw="62" slack="0"/>
</pin_list>
<bind>
<opcode="partselect(1002) " fcode="partselect"/>
<opset="p_cast/2 "/>
</bind>
</comp>

<comp id="290" class="1004" name="p_cast_cast_fu_290">
<pin_list>
<pin id="291" dir="0" index="0" bw="62" slack="0"/>
<pin id="292" dir="1" index="1" bw="64" slack="0"/>
</pin_list>
<bind>
<opcode="sext(35) " fcode="sext"/>
<opset="p_cast_cast/2 "/>
</bind>
</comp>

<comp id="294" class="1004" name="gmem0_addr_fu_294">
<pin_list>
<pin id="295" dir="0" index="0" bw="32" slack="0"/>
<pin id="296" dir="0" index="1" bw="62" slack="0"/>
<pin id="297" dir="1" index="2" bw="32" slack="2"/>
</pin_list>
<bind>
<opcode="getelementptr(29) " fcode="getelementptr"/>
<opset="gmem0_addr/2 "/>
</bind>
</comp>

<comp id="300" class="1004" name="icmp_ln17_fu_300">
<pin_list>
<pin id="301" dir="0" index="0" bw="32" slack="0"/>
<pin id="302" dir="0" index="1" bw="32" slack="2"/>
<pin id="303" dir="1" index="2" bw="1" slack="2147483647"/>
</pin_list>
<bind>
<opcode="icmp(45) " fcode="icmp"/>
<opset="icmp_ln17/3 "/>
</bind>
</comp>

<comp id="305" class="1004" name="add_ln17_fu_305">
<pin_list>
<pin id="306" dir="0" index="0" bw="32" slack="0"/>
<pin id="307" dir="0" index="1" bw="1" slack="0"/>
<pin id="308" dir="1" index="2" bw="32" slack="0"/>
</pin_list>
<bind>
<opcode="add(8) " fcode="add"/>
<opset="add_ln17/3 "/>
</bind>
</comp>

<comp id="311" class="1004" name="zext_ln17_fu_311">
<pin_list>
<pin id="312" dir="0" index="0" bw="32" slack="0"/>
<pin id="313" dir="1" index="1" bw="62" slack="0"/>
</pin_list>
<bind>
<opcode="zext(34) " fcode="zext"/>
<opset="zext_ln17/3 "/>
</bind>
</comp>

<comp id="315" class="1004" name="empty_23_fu_315">
<pin_list>
<pin id="316" dir="0" index="0" bw="32" slack="0"/>
<pin id="317" dir="0" index="1" bw="62" slack="2147483647"/>
<pin id="318" dir="1" index="2" bw="62" slack="0"/>
</pin_list>
<bind>
<opcode="add(8) " fcode="add"/>
<opset="empty_23/3 "/>
</bind>
</comp>

<comp id="320" class="1004" name="tmp_1_fu_320">
<pin_list>
<pin id="321" dir="0" index="0" bw="64" slack="0"/>
<pin id="322" dir="0" index="1" bw="62" slack="0"/>
<pin id="323" dir="0" index="2" bw="1" slack="0"/>
<pin id="324" dir="1" index="3" bw="64" slack="0"/>
</pin_list>
<bind>
<opcode="bitconcatenate(1004) " fcode="bitconcatenate"/>
<opset="tmp_1/3 "/>
</bind>
</comp>

<comp id="328" class="1004" name="empty_24_fu_328">
<pin_list>
<pin id="329" dir="0" index="0" bw="64" slack="0"/>
<pin id="330" dir="0" index="1" bw="64" slack="2"/>
<pin id="331" dir="1" index="2" bw="64" slack="0"/>
</pin_list>
<bind>
<opcode="add(8) " fcode="add"/>
<opset="empty_24/3 "/>
</bind>
</comp>

<comp id="333" class="1004" name="trunc_ln_fu_333">
<pin_list>
<pin id="334" dir="0" index="0" bw="62" slack="0"/>
<pin id="335" dir="0" index="1" bw="64" slack="0"/>
<pin id="336" dir="0" index="2" bw="3" slack="0"/>
<pin id="337" dir="0" index="3" bw="7" slack="0"/>
<pin id="338" dir="1" index="4" bw="62" slack="0"/>
</pin_list>
<bind>
<opcode="partselect(1002) " fcode="partselect"/>
<opset="trunc_ln/3 "/>
</bind>
</comp>

<comp id="343" class="1004" name="sext_ln21_fu_343">
<pin_list>
<pin id="344" dir="0" index="0" bw="62" slack="0"/>
<pin id="345" dir="1" index="1" bw="64" slack="0"/>
</pin_list>
<bind>
<opcode="sext(35) " fcode="sext"/>
<opset="sext_ln21/3 "/>
</bind>
</comp>

<comp id="347" class="1004" name="gmem2_addr_fu_347">
<pin_list>
<pin id="348" dir="0" index="0" bw="32" slack="0"/>
<pin id="349" dir="0" index="1" bw="62" slack="0"/>
<pin id="350" dir="1" index="2" bw="32" slack="1"/>
</pin_list>
<bind>
<opcode="getelementptr(29) " fcode="getelementptr"/>
<opset="gmem2_addr/3 "/>
</bind>
</comp>

<comp id="353" class="1004" name="store_ln15_store_fu_353">
<pin_list>
<pin id="354" dir="0" index="0" bw="31" slack="1"/>
<pin id="355" dir="0" index="1" bw="31" slack="2"/>
<pin id="356" dir="1" index="2" bw="0" slack="2147483647"/>
</pin_list>
<bind>
<opcode="store(28) " fcode="store"/>
<opset="store_ln15/3 "/>
</bind>
</comp>

<comp id="357" class="1004" name="store_ln15_store_fu_357">
<pin_list>
<pin id="358" dir="0" index="0" bw="62" slack="1"/>
<pin id="359" dir="0" index="1" bw="62" slack="2"/>
<pin id="360" dir="1" index="2" bw="0" slack="2147483647"/>
</pin_list>
<bind>
<opcode="store(28) " fcode="store"/>
<opset="store_ln15/3 "/>
</bind>
</comp>

<comp id="361" class="1004" name="store_ln15_store_fu_361">
<pin_list>
<pin id="362" dir="0" index="0" bw="62" slack="1"/>
<pin id="363" dir="0" index="1" bw="62" slack="2"/>
<pin id="364" dir="1" index="2" bw="0" slack="2147483647"/>
</pin_list>
<bind>
<opcode="store(28) " fcode="store"/>
<opset="store_ln15/3 "/>
</bind>
</comp>

<comp id="365" class="1004" name="add187_loc_load_load_fu_365">
<pin_list>
<pin id="366" dir="0" index="0" bw="32" slack="14"/>
<pin id="367" dir="1" index="1" bw="32" slack="0"/>
</pin_list>
<bind>
<opcode="load(27) " fcode="load"/>
<opset="add187_loc_load/15 "/>
</bind>
</comp>

<comp id="369" class="1005" name="phi_mul5_reg_369">
<pin_list>
<pin id="370" dir="0" index="0" bw="62" slack="0"/>
<pin id="371" dir="1" index="1" bw="62" slack="0"/>
</pin_list>
<bind>
<opset="phi_mul5 "/>
</bind>
</comp>

<comp id="376" class="1005" name="phi_mul2_reg_376">
<pin_list>
<pin id="377" dir="0" index="0" bw="62" slack="0"/>
<pin id="378" dir="1" index="1" bw="62" slack="0"/>
</pin_list>
<bind>
<opset="phi_mul2 "/>
</bind>
</comp>

<comp id="383" class="1005" name="i_reg_383">
<pin_list>
<pin id="384" dir="0" index="0" bw="31" slack="0"/>
<pin id="385" dir="1" index="1" bw="31" slack="0"/>
</pin_list>
<bind>
<opset="i "/>
</bind>
</comp>

<comp id="390" class="1005" name="dim_read_reg_390">
<pin_list>
<pin id="391" dir="0" index="0" bw="32" slack="1"/>
<pin id="392" dir="1" index="1" bw="32" slack="1"/>
</pin_list>
<bind>
<opset="dim_read "/>
</bind>
</comp>

<comp id="398" class="1005" name="out_r_read_reg_398">
<pin_list>
<pin id="399" dir="0" index="0" bw="64" slack="2"/>
<pin id="400" dir="1" index="1" bw="64" slack="2"/>
</pin_list>
<bind>
<opset="out_r_read "/>
</bind>
</comp>

<comp id="403" class="1005" name="in2_read_reg_403">
<pin_list>
<pin id="404" dir="0" index="0" bw="64" slack="12"/>
<pin id="405" dir="1" index="1" bw="64" slack="12"/>
</pin_list>
<bind>
<opset="in2_read "/>
</bind>
</comp>

<comp id="408" class="1005" name="in1_read_reg_408">
<pin_list>
<pin id="409" dir="0" index="0" bw="64" slack="1"/>
<pin id="410" dir="1" index="1" bw="64" slack="1"/>
</pin_list>
<bind>
<opset="in1_read "/>
</bind>
</comp>

<comp id="413" class="1005" name="add187_loc_reg_413">
<pin_list>
<pin id="414" dir="0" index="0" bw="32" slack="12"/>
<pin id="415" dir="1" index="1" bw="32" slack="12"/>
</pin_list>
<bind>
<opset="add187_loc "/>
</bind>
</comp>

<comp id="419" class="1005" name="dim_cast_reg_419">
<pin_list>
<pin id="420" dir="0" index="0" bw="62" slack="1"/>
<pin id="421" dir="1" index="1" bw="62" slack="1"/>
</pin_list>
<bind>
<opset="dim_cast "/>
</bind>
</comp>

<comp id="424" class="1005" name="wide_trip_count_reg_424">
<pin_list>
<pin id="425" dir="0" index="0" bw="64" slack="3"/>
<pin id="426" dir="1" index="1" bw="64" slack="3"/>
</pin_list>
<bind>
<opset="wide_trip_count "/>
</bind>
</comp>

<comp id="429" class="1005" name="dim_cast3_reg_429">
<pin_list>
<pin id="430" dir="0" index="0" bw="62" slack="1"/>
<pin id="431" dir="1" index="1" bw="62" slack="1"/>
</pin_list>
<bind>
<opset="dim_cast3 "/>
</bind>
</comp>

<comp id="437" class="1005" name="add_ln15_1_reg_437">
<pin_list>
<pin id="438" dir="0" index="0" bw="62" slack="1"/>
<pin id="439" dir="1" index="1" bw="62" slack="1"/>
</pin_list>
<bind>
<opset="add_ln15_1 "/>
</bind>
</comp>

<comp id="442" class="1005" name="add_ln15_2_reg_442">
<pin_list>
<pin id="443" dir="0" index="0" bw="62" slack="1"/>
<pin id="444" dir="1" index="1" bw="62" slack="1"/>
</pin_list>
<bind>
<opset="add_ln15_2 "/>
</bind>
</comp>

<comp id="450" class="1005" name="add_ln15_reg_450">
<pin_list>
<pin id="451" dir="0" index="0" bw="31" slack="1"/>
<pin id="452" dir="1" index="1" bw="31" slack="1"/>
</pin_list>
<bind>
<opset="add_ln15 "/>
</bind>
</comp>

<comp id="455" class="1005" name="p_cast_reg_455">
<pin_list>
<pin id="456" dir="0" index="0" bw="62" slack="11"/>
<pin id="457" dir="1" index="1" bw="62" slack="11"/>
</pin_list>
<bind>
<opset="p_cast "/>
</bind>
</comp>

<comp id="460" class="1005" name="gmem0_addr_reg_460">
<pin_list>
<pin id="461" dir="0" index="0" bw="32" slack="2"/>
<pin id="462" dir="1" index="1" bw="32" slack="2"/>
</pin_list>
<bind>
<opset="gmem0_addr "/>
</bind>
</comp>

<comp id="468" class="1005" name="add_ln17_reg_468">
<pin_list>
<pin id="469" dir="0" index="0" bw="32" slack="0"/>
<pin id="470" dir="1" index="1" bw="32" slack="0"/>
</pin_list>
<bind>
<opset="add_ln17 "/>
</bind>
</comp>

<comp id="473" class="1005" name="gmem2_addr_reg_473">
<pin_list>
<pin id="474" dir="0" index="0" bw="32" slack="1"/>
<pin id="475" dir="1" index="1" bw="32" slack="1"/>
</pin_list>
<bind>
<opset="gmem2_addr "/>
</bind>
</comp>

<comp id="480" class="1005" name="gmem2_addr_read_reg_480">
<pin_list>
<pin id="481" dir="0" index="0" bw="32" slack="1"/>
<pin id="482" dir="1" index="1" bw="32" slack="1"/>
</pin_list>
<bind>
<opset="gmem2_addr_read "/>
</bind>
</comp>

</comp_list>

<net_list>
<net id="113"><net_src comp="14" pin="0"/><net_sink comp="110" pin=0"/></net>

<net id="117"><net_src comp="14" pin="0"/><net_sink comp="114" pin=0"/></net>

<net id="121"><net_src comp="14" pin="0"/><net_sink comp="118" pin=0"/></net>

<net id="125"><net_src comp="20" pin="0"/><net_sink comp="122" pin=0"/></net>

<net id="130"><net_src comp="16" pin="0"/><net_sink comp="126" pin=0"/></net>

<net id="131"><net_src comp="12" pin="0"/><net_sink comp="126" pin=1"/></net>

<net id="136"><net_src comp="18" pin="0"/><net_sink comp="132" pin=0"/></net>

<net id="137"><net_src comp="10" pin="0"/><net_sink comp="132" pin=1"/></net>

<net id="142"><net_src comp="18" pin="0"/><net_sink comp="138" pin=0"/></net>

<net id="143"><net_src comp="8" pin="0"/><net_sink comp="138" pin=1"/></net>

<net id="148"><net_src comp="18" pin="0"/><net_sink comp="144" pin=0"/></net>

<net id="149"><net_src comp="6" pin="0"/><net_sink comp="144" pin=1"/></net>

<net id="155"><net_src comp="92" pin="0"/><net_sink comp="150" pin=0"/></net>

<net id="156"><net_src comp="20" pin="0"/><net_sink comp="150" pin=2"/></net>

<net id="162"><net_src comp="94" pin="0"/><net_sink comp="157" pin=0"/></net>

<net id="167"><net_src comp="96" pin="0"/><net_sink comp="163" pin=0"/></net>

<net id="168"><net_src comp="100" pin="0"/><net_sink comp="150" pin=0"/></net>

<net id="175"><net_src comp="102" pin="0"/><net_sink comp="169" pin=0"/></net>

<net id="176"><net_src comp="104" pin="0"/><net_sink comp="169" pin=3"/></net>

<net id="177"><net_src comp="106" pin="0"/><net_sink comp="150" pin=0"/></net>

<net id="181"><net_src comp="30" pin="0"/><net_sink comp="178" pin=0"/></net>

<net id="188"><net_src comp="178" pin="1"/><net_sink comp="182" pin=0"/></net>

<net id="189"><net_src comp="182" pin="4"/><net_sink comp="178" pin=0"/></net>

<net id="202"><net_src comp="98" pin="0"/><net_sink comp="190" pin=0"/></net>

<net id="203"><net_src comp="2" pin="0"/><net_sink comp="190" pin=2"/></net>

<net id="204"><net_src comp="0" pin="0"/><net_sink comp="190" pin=3"/></net>

<net id="205"><net_src comp="178" pin="1"/><net_sink comp="190" pin=7"/></net>

<net id="209"><net_src comp="126" pin="2"/><net_sink comp="206" pin=0"/></net>

<net id="213"><net_src comp="126" pin="2"/><net_sink comp="210" pin=0"/></net>

<net id="217"><net_src comp="126" pin="2"/><net_sink comp="214" pin=0"/></net>

<net id="222"><net_src comp="68" pin="0"/><net_sink comp="218" pin=0"/></net>

<net id="227"><net_src comp="70" pin="0"/><net_sink comp="223" pin=0"/></net>

<net id="232"><net_src comp="70" pin="0"/><net_sink comp="228" pin=0"/></net>

<net id="246"><net_src comp="233" pin="1"/><net_sink comp="242" pin=0"/></net>

<net id="251"><net_src comp="236" pin="1"/><net_sink comp="247" pin=0"/></net>

<net id="255"><net_src comp="239" pin="1"/><net_sink comp="252" pin=0"/></net>

<net id="260"><net_src comp="252" pin="1"/><net_sink comp="256" pin=0"/></net>

<net id="265"><net_src comp="239" pin="1"/><net_sink comp="261" pin=0"/></net>

<net id="266"><net_src comp="72" pin="0"/><net_sink comp="261" pin=1"/></net>

<net id="272"><net_src comp="82" pin="0"/><net_sink comp="267" pin=0"/></net>

<net id="273"><net_src comp="236" pin="1"/><net_sink comp="267" pin=1"/></net>

<net id="274"><net_src comp="84" pin="0"/><net_sink comp="267" pin=2"/></net>

<net id="279"><net_src comp="267" pin="3"/><net_sink comp="275" pin=0"/></net>

<net id="286"><net_src comp="86" pin="0"/><net_sink comp="280" pin=0"/></net>

<net id="287"><net_src comp="275" pin="2"/><net_sink comp="280" pin=1"/></net>

<net id="288"><net_src comp="88" pin="0"/><net_sink comp="280" pin=2"/></net>

<net id="289"><net_src comp="90" pin="0"/><net_sink comp="280" pin=3"/></net>

<net id="293"><net_src comp="280" pin="4"/><net_sink comp="290" pin=0"/></net>

<net id="298"><net_src comp="0" pin="0"/><net_sink comp="294" pin=0"/></net>

<net id="299"><net_src comp="290" pin="1"/><net_sink comp="294" pin=1"/></net>

<net id="304"><net_src comp="182" pin="4"/><net_sink comp="300" pin=0"/></net>

<net id="309"><net_src comp="182" pin="4"/><net_sink comp="305" pin=0"/></net>

<net id="310"><net_src comp="14" pin="0"/><net_sink comp="305" pin=1"/></net>

<net id="314"><net_src comp="182" pin="4"/><net_sink comp="311" pin=0"/></net>

<net id="319"><net_src comp="311" pin="1"/><net_sink comp="315" pin=0"/></net>

<net id="325"><net_src comp="82" pin="0"/><net_sink comp="320" pin=0"/></net>

<net id="326"><net_src comp="315" pin="2"/><net_sink comp="320" pin=1"/></net>

<net id="327"><net_src comp="84" pin="0"/><net_sink comp="320" pin=2"/></net>

<net id="332"><net_src comp="320" pin="3"/><net_sink comp="328" pin=0"/></net>

<net id="339"><net_src comp="86" pin="0"/><net_sink comp="333" pin=0"/></net>

<net id="340"><net_src comp="328" pin="2"/><net_sink comp="333" pin=1"/></net>

<net id="341"><net_src comp="88" pin="0"/><net_sink comp="333" pin=2"/></net>

<net id="342"><net_src comp="90" pin="0"/><net_sink comp="333" pin=3"/></net>

<net id="346"><net_src comp="333" pin="4"/><net_sink comp="343" pin=0"/></net>

<net id="351"><net_src comp="4" pin="0"/><net_sink comp="347" pin=0"/></net>

<net id="352"><net_src comp="343" pin="1"/><net_sink comp="347" pin=1"/></net>

<net id="368"><net_src comp="365" pin="1"/><net_sink comp="169" pin=2"/></net>

<net id="372"><net_src comp="110" pin="1"/><net_sink comp="369" pin=0"/></net>

<net id="373"><net_src comp="369" pin="1"/><net_sink comp="228" pin=1"/></net>

<net id="374"><net_src comp="369" pin="1"/><net_sink comp="233" pin=0"/></net>

<net id="375"><net_src comp="369" pin="1"/><net_sink comp="361" pin=1"/></net>

<net id="379"><net_src comp="114" pin="1"/><net_sink comp="376" pin=0"/></net>

<net id="380"><net_src comp="376" pin="1"/><net_sink comp="223" pin=1"/></net>

<net id="381"><net_src comp="376" pin="1"/><net_sink comp="236" pin=0"/></net>

<net id="382"><net_src comp="376" pin="1"/><net_sink comp="357" pin=1"/></net>

<net id="386"><net_src comp="118" pin="1"/><net_sink comp="383" pin=0"/></net>

<net id="387"><net_src comp="383" pin="1"/><net_sink comp="218" pin=1"/></net>

<net id="388"><net_src comp="383" pin="1"/><net_sink comp="239" pin=0"/></net>

<net id="389"><net_src comp="383" pin="1"/><net_sink comp="353" pin=1"/></net>

<net id="393"><net_src comp="126" pin="2"/><net_sink comp="390" pin=0"/></net>

<net id="394"><net_src comp="390" pin="1"/><net_sink comp="256" pin=1"/></net>

<net id="395"><net_src comp="390" pin="1"/><net_sink comp="300" pin=1"/></net>

<net id="396"><net_src comp="390" pin="1"/><net_sink comp="190" pin=4"/></net>

<net id="397"><net_src comp="390" pin="1"/><net_sink comp="190" pin=6"/></net>

<net id="401"><net_src comp="132" pin="2"/><net_sink comp="398" pin=0"/></net>

<net id="402"><net_src comp="398" pin="1"/><net_sink comp="328" pin=1"/></net>

<net id="406"><net_src comp="138" pin="2"/><net_sink comp="403" pin=0"/></net>

<net id="407"><net_src comp="403" pin="1"/><net_sink comp="190" pin=8"/></net>

<net id="411"><net_src comp="144" pin="2"/><net_sink comp="408" pin=0"/></net>

<net id="412"><net_src comp="408" pin="1"/><net_sink comp="275" pin=1"/></net>

<net id="416"><net_src comp="122" pin="1"/><net_sink comp="413" pin=0"/></net>

<net id="417"><net_src comp="413" pin="1"/><net_sink comp="190" pin=9"/></net>

<net id="418"><net_src comp="413" pin="1"/><net_sink comp="365" pin=0"/></net>

<net id="422"><net_src comp="206" pin="1"/><net_sink comp="419" pin=0"/></net>

<net id="423"><net_src comp="419" pin="1"/><net_sink comp="242" pin=1"/></net>

<net id="427"><net_src comp="210" pin="1"/><net_sink comp="424" pin=0"/></net>

<net id="428"><net_src comp="424" pin="1"/><net_sink comp="157" pin=2"/></net>

<net id="432"><net_src comp="214" pin="1"/><net_sink comp="429" pin=0"/></net>

<net id="433"><net_src comp="429" pin="1"/><net_sink comp="247" pin=1"/></net>

<net id="440"><net_src comp="242" pin="2"/><net_sink comp="437" pin=0"/></net>

<net id="441"><net_src comp="437" pin="1"/><net_sink comp="361" pin=0"/></net>

<net id="445"><net_src comp="247" pin="2"/><net_sink comp="442" pin=0"/></net>

<net id="446"><net_src comp="442" pin="1"/><net_sink comp="357" pin=0"/></net>

<net id="453"><net_src comp="261" pin="2"/><net_sink comp="450" pin=0"/></net>

<net id="454"><net_src comp="450" pin="1"/><net_sink comp="353" pin=0"/></net>

<net id="458"><net_src comp="280" pin="4"/><net_sink comp="455" pin=0"/></net>

<net id="459"><net_src comp="455" pin="1"/><net_sink comp="190" pin=5"/></net>

<net id="463"><net_src comp="294" pin="2"/><net_sink comp="460" pin=0"/></net>

<net id="464"><net_src comp="460" pin="1"/><net_sink comp="157" pin=1"/></net>

<net id="471"><net_src comp="305" pin="2"/><net_sink comp="468" pin=0"/></net>

<net id="472"><net_src comp="468" pin="1"/><net_sink comp="182" pin=2"/></net>

<net id="476"><net_src comp="347" pin="2"/><net_sink comp="473" pin=0"/></net>

<net id="477"><net_src comp="473" pin="1"/><net_sink comp="150" pin=1"/></net>

<net id="478"><net_src comp="473" pin="1"/><net_sink comp="163" pin=1"/></net>

<net id="479"><net_src comp="473" pin="1"/><net_sink comp="169" pin=1"/></net>

<net id="483"><net_src comp="163" pin="2"/><net_sink comp="480" pin=0"/></net>

<net id="484"><net_src comp="480" pin="1"/><net_sink comp="190" pin=1"/></net>

</net_list>

</model> 
---------------- Datapath Model END ------------------

* FSMD analyzer results:
  - Output states:
	Port: gmem2 | {13 15 16 17 18 19 20 }
 - Input state : 
	Port: mmult_hw : gmem0 | {4 5 6 7 8 9 10 11 13 14 }
	Port: mmult_hw : gmem1 | {13 14 }
	Port: mmult_hw : gmem2 | {4 5 6 7 8 9 10 11 12 }
	Port: mmult_hw : in1 | {1 }
	Port: mmult_hw : in2 | {1 }
	Port: mmult_hw : out_r | {1 }
	Port: mmult_hw : dim | {1 }
  - Chain level:
	State 1
		store_ln15 : 1
		store_ln0 : 1
		store_ln0 : 1
	State 2
		add_ln15_1 : 1
		add_ln15_2 : 1
		zext_ln15 : 1
		icmp_ln15 : 2
		add_ln15 : 1
		br_ln15 : 3
		tmp : 1
		empty : 2
		p_cast : 3
		p_cast_cast : 4
		gmem0_addr : 5
	State 3
		icmp_ln17 : 1
		add_ln17 : 1
		br_ln17 : 2
		zext_ln17 : 1
		empty_23 : 2
		tmp_1 : 3
		empty_24 : 4
		trunc_ln : 5
		sext_ln21 : 6
		gmem2_addr : 7
	State 4
	State 5
	State 6
	State 7
	State 8
	State 9
	State 10
	State 11
	State 12
	State 13
	State 14
	State 15
		write_ln21 : 1
	State 16
	State 17
	State 18
	State 19
	State 20


============================================================
+ Verbose Summary: Datapath Resource usage 
============================================================

* Functional unit list:
|----------|------------------------------------|---------|---------|---------|
| Operation|           Functional Unit          |   DSP   |    FF   |   LUT   |
|----------|------------------------------------|---------|---------|---------|
|   call   | grp_mmult_hw_Pipeline_loop3_fu_190 |    3    |   507   |   346   |
|----------|------------------------------------|---------|---------|---------|
|          |          add_ln15_1_fu_242         |    0    |    0    |    69   |
|          |          add_ln15_2_fu_247         |    0    |    0    |    69   |
|          |           add_ln15_fu_261          |    0    |    0    |    38   |
|    add   |            empty_fu_275            |    0    |    0    |    71   |
|          |           add_ln17_fu_305          |    0    |    0    |    39   |
|          |           empty_23_fu_315          |    0    |    0    |    69   |
|          |           empty_24_fu_328          |    0    |    0    |    71   |
|----------|------------------------------------|---------|---------|---------|
|   icmp   |          icmp_ln15_fu_256          |    0    |    0    |    39   |
|          |          icmp_ln17_fu_300          |    0    |    0    |    39   |
|----------|------------------------------------|---------|---------|---------|
|          |        dim_read_read_fu_126        |    0    |    0    |    0    |
|          |       out_r_read_read_fu_132       |    0    |    0    |    0    |
|   read   |        in2_read_read_fu_138        |    0    |    0    |    0    |
|          |        in1_read_read_fu_144        |    0    |    0    |    0    |
|          |     gmem2_addr_read_read_fu_163    |    0    |    0    |    0    |
|----------|------------------------------------|---------|---------|---------|
| writeresp|        grp_writeresp_fu_150        |    0    |    0    |    0    |
|----------|------------------------------------|---------|---------|---------|
|  readreq |         grp_readreq_fu_157         |    0    |    0    |    0    |
|----------|------------------------------------|---------|---------|---------|
|   write  |       write_ln21_write_fu_169      |    0    |    0    |    0    |
|----------|------------------------------------|---------|---------|---------|
|          |           dim_cast_fu_206          |    0    |    0    |    0    |
|   sext   |         p_cast_cast_fu_290         |    0    |    0    |    0    |
|          |          sext_ln21_fu_343          |    0    |    0    |    0    |
|----------|------------------------------------|---------|---------|---------|
|          |       wide_trip_count_fu_210       |    0    |    0    |    0    |
|   zext   |          dim_cast3_fu_214          |    0    |    0    |    0    |
|          |          zext_ln15_fu_252          |    0    |    0    |    0    |
|          |          zext_ln17_fu_311          |    0    |    0    |    0    |
|----------|------------------------------------|---------|---------|---------|
|bitconcatenate|             tmp_fu_267             |    0    |    0    |    0    |
|          |            tmp_1_fu_320            |    0    |    0    |    0    |
|----------|------------------------------------|---------|---------|---------|
|partselect|            p_cast_fu_280           |    0    |    0    |    0    |
|          |           trunc_ln_fu_333          |    0    |    0    |    0    |
|----------|------------------------------------|---------|---------|---------|
|   Total  |                                    |    3    |   507   |   850   |
|----------|------------------------------------|---------|---------|---------|

Memories:
N/A

* Register list:
+-----------------------+--------+
|                       |   FF   |
+-----------------------+--------+
|   add187_loc_reg_413  |   32   |
|   add_ln15_1_reg_437  |   62   |
|   add_ln15_2_reg_442  |   62   |
|    add_ln15_reg_450   |   31   |
|    add_ln17_reg_468   |   32   |
|   dim_cast3_reg_429   |   62   |
|    dim_cast_reg_419   |   62   |
|    dim_read_reg_390   |   32   |
|   gmem0_addr_reg_460  |   32   |
|gmem2_addr_read_reg_480|   32   |
|   gmem2_addr_reg_473  |   32   |
|       i_reg_383       |   31   |
|    in1_read_reg_408   |   64   |
|    in2_read_reg_403   |   64   |
|       j_reg_178       |   32   |
|   out_r_read_reg_398  |   64   |
|     p_cast_reg_455    |   62   |
|    phi_mul2_reg_376   |   62   |
|    phi_mul5_reg_369   |   62   |
|wide_trip_count_reg_424|   64   |
+-----------------------+--------+
|         Total         |   976  |
+-----------------------+--------+

* Multiplexer (MUX) list: 
|----------------------|------|------|------|--------||---------||---------||---------|
|         Comp         |  Pin | Size |  BW  | S x BW ||  Delay  ||    FF   ||   LUT   |
|----------------------|------|------|------|--------||---------||---------||---------|
| grp_writeresp_fu_150 |  p0  |   3  |   1  |    3   |
|       j_reg_178      |  p0  |   2  |  32  |   64   ||    0    ||    9    |
|----------------------|------|------|------|--------||---------||---------||---------|
|         Total        |      |      |      |   67   ||  1.036  ||    0    ||    9    |
|----------------------|------|------|------|--------||---------||---------||---------|



* Summary:
+-----------+--------+--------+--------+--------+
|           |   DSP  |  Delay |   FF   |   LUT  |
+-----------+--------+--------+--------+--------+
|  Function |    3   |    -   |   507  |   850  |
|   Memory  |    -   |    -   |    -   |    -   |
|Multiplexer|    -   |    1   |    0   |    9   |
|  Register |    -   |    -   |   976  |    -   |
+-----------+--------+--------+--------+--------+
|   Total   |    3   |    1   |  1483  |   859  |
+-----------+--------+--------+--------+--------+
