

================================================================
== Vitis HLS Report for 'mmult_hw'
================================================================
* Date:           Wed Feb 18 16:24:57 2026

* Version:        2024.1 (Build 5069499 on May 21 2024)
* Project:        matmul_D6_AXI_Separation
* Solution:       hls (Vivado IP Flow Target)
* Product family: zynquplus
* Target device:  xczu3eg-sbva484-1-e


================================================================
== Performance Estimates
================================================================
+ Timing: 
    * Summary: 
    +--------+----------+----------+------------+
    |  Clock |  Target  | Estimated| Uncertainty|
    +--------+----------+----------+------------+
    |ap_clk  |  10.00 ns|  7.300 ns|     2.70 ns|
    +--------+----------+----------+------------+

+ Latency: 
    * Summary: 
    +---------+---------+-----------+-----------+---------+---------+---------+
    |  Latency (cycles) |   Latency (absolute)  |      Interval     | Pipeline|
    |   min   |   max   |    min    |    max    |   min   |   max   |   Type  |
    +---------+---------+-----------+-----------+---------+---------+---------+
    |  2572545|  2572545|  25.725 ms|  25.725 ms|  2572546|  2572546|       no|
    +---------+---------+-----------+-----------+---------+---------+---------+

    + Detail: 
        * Instance: 
        N/A

        * Loop: 
        +----------+---------+---------+----------+-----------+-----------+------+----------+
        |          |  Latency (cycles) | Iteration|  Initiation Interval  | Trip |          |
        | Loop Name|   min   |   max   |  Latency |  achieved |   target  | Count| Pipelined|
        +----------+---------+---------+----------+-----------+-----------+------+----------+
        |- loop1   |  2572544|  2572544|     20098|          -|          -|   128|        no|
        | + loop2  |    20096|    20096|       157|          -|          -|   128|        no|
        +----------+---------+---------+----------+-----------+-----------+------+----------+

============================================================
+ Verbose Summary: Synthesis Manager
============================================================
InlineROM: 1
ExposeGlobal: 0
============================================================
+ Verbose Summary: CDFG Model
============================================================
IsTopModel: 1
ResetActiveHigh: 1
IsCombinational: 0
IsDatapathOnly: 0
HasWiredReturn: 1
HasMFsm: 0
HasVarLatency: 1
IsPipeline: 0
IsRtlPipelined: 0
IsInstanceOverlapped: 0
IsDontTouch: 0
HasImplIP: 0
IsGatedGlobalClock: 0


============================================================
+ Verbose Summary: Schedule
============================================================
* Number of FSM states : 20
* Pipeline : 0
* Dataflow Pipeline: 0

* FSM state transitions: 
1 --> 2 
2 --> 3 
3 --> 4 2 
4 --> 5 
5 --> 6 
6 --> 7 
7 --> 8 
8 --> 9 
9 --> 10 
10 --> 11 
11 --> 12 
12 --> 13 
13 --> 14 
14 --> 15 
15 --> 16 
16 --> 17 
17 --> 18 
18 --> 19 
19 --> 20 
20 --> 3 

* FSM state operations: 

State 1 <SV = 0> <Delay = 1.00>
ST_1 : Operation 21 [1/1] (0.00ns)   --->   "%phi_mul5 = alloca i32 1"   --->   Operation 21 'alloca' 'phi_mul5' <Predicate = true> <Delay = 0.00>
ST_1 : Operation 22 [1/1] (0.00ns)   --->   "%phi_mul2 = alloca i32 1"   --->   Operation 22 'alloca' 'phi_mul2' <Predicate = true> <Delay = 0.00>
ST_1 : Operation 23 [1/1] (0.00ns)   --->   "%i = alloca i32 1" [mmult_baseline.cpp:15]   --->   Operation 23 'alloca' 'i' <Predicate = true> <Delay = 0.00>
ST_1 : Operation 24 [1/1] (1.00ns)   --->   "%dim_read = read i32 @_ssdm_op_Read.s_axilite.i32, i32 %dim"   --->   Operation 24 'read' 'dim_read' <Predicate = true> <Delay = 1.00> <CoreInst = "s_axilite">   --->   Core 120 's_axilite' <Latency = 0> <II = 1> <Delay = 1.00> <Adapter> <Opcode : 'read' 'write'>
ST_1 : Operation 25 [1/1] (1.00ns)   --->   "%out_r_read = read i64 @_ssdm_op_Read.s_axilite.i64, i64 %out_r"   --->   Operation 25 'read' 'out_r_read' <Predicate = true> <Delay = 1.00> <CoreInst = "s_axilite">   --->   Core 120 's_axilite' <Latency = 0> <II = 1> <Delay = 1.00> <Adapter> <Opcode : 'read' 'write'>
ST_1 : Operation 26 [1/1] (1.00ns)   --->   "%in2_read = read i64 @_ssdm_op_Read.s_axilite.i64, i64 %in2"   --->   Operation 26 'read' 'in2_read' <Predicate = true> <Delay = 1.00> <CoreInst = "s_axilite">   --->   Core 120 's_axilite' <Latency = 0> <II = 1> <Delay = 1.00> <Adapter> <Opcode : 'read' 'write'>
ST_1 : Operation 27 [1/1] (1.00ns)   --->   "%in1_read = read i64 @_ssdm_op_Read.s_axilite.i64, i64 %in1"   --->   Operation 27 'read' 'in1_read' <Predicate = true> <Delay = 1.00> <CoreInst = "s_axilite">   --->   Core 120 's_axilite' <Latency = 0> <II = 1> <Delay = 1.00> <Adapter> <Opcode : 'read' 'write'>
ST_1 : Operation 28 [1/1] (0.00ns)   --->   "%add187_loc = alloca i64 1"   --->   Operation 28 'alloca' 'add187_loc' <Predicate = true> <Delay = 0.00>
ST_1 : Operation 29 [1/1] (0.00ns)   --->   "%spectopmodule_ln7 = spectopmodule void @_ssdm_op_SpecTopModule, void @empty_14" [mmult_baseline.cpp:7]   --->   Operation 29 'spectopmodule' 'spectopmodule_ln7' <Predicate = true> <Delay = 0.00>
ST_1 : Operation 30 [1/1] (0.00ns)   --->   "%specinterface_ln0 = specinterface void @_ssdm_op_SpecInterface, i32 %gmem0, void @empty, i32 0, i32 0, void @empty_0, i32 0, i32 16384, void @empty_1, void @empty_2, void @empty_0, i32 16, i32 16, i32 16, i32 16, void @empty_0, void @empty_0, i32 4294967295, i32 0, i32 0"   --->   Operation 30 'specinterface' 'specinterface_ln0' <Predicate = true> <Delay = 0.00>
ST_1 : Operation 31 [1/1] (0.00ns)   --->   "%specbitsmap_ln0 = specbitsmap void @_ssdm_op_SpecBitsMap, i32 %gmem0"   --->   Operation 31 'specbitsmap' 'specbitsmap_ln0' <Predicate = true> <Delay = 0.00>
ST_1 : Operation 32 [1/1] (0.00ns)   --->   "%specinterface_ln0 = specinterface void @_ssdm_op_SpecInterface, i32 %gmem1, void @empty, i32 0, i32 0, void @empty_0, i32 0, i32 16384, void @empty_3, void @empty_2, void @empty_0, i32 16, i32 16, i32 16, i32 16, void @empty_0, void @empty_0, i32 4294967295, i32 0, i32 0"   --->   Operation 32 'specinterface' 'specinterface_ln0' <Predicate = true> <Delay = 0.00>
ST_1 : Operation 33 [1/1] (0.00ns)   --->   "%specbitsmap_ln0 = specbitsmap void @_ssdm_op_SpecBitsMap, i32 %gmem1"   --->   Operation 33 'specbitsmap' 'specbitsmap_ln0' <Predicate = true> <Delay = 0.00>
ST_1 : Operation 34 [1/1] (0.00ns)   --->   "%specinterface_ln0 = specinterface void @_ssdm_op_SpecInterface, i32 %gmem2, void @empty, i32 0, i32 0, void @empty_0, i32 0, i32 16384, void @empty_4, void @empty_2, void @empty_0, i32 16, i32 16, i32 16, i32 16, void @empty_0, void @empty_0, i32 4294967295, i32 0, i32 0"   --->   Operation 34 'specinterface' 'specinterface_ln0' <Predicate = true> <Delay = 0.00>
ST_1 : Operation 35 [1/1] (0.00ns)   --->   "%specbitsmap_ln0 = specbitsmap void @_ssdm_op_SpecBitsMap, i32 %gmem2"   --->   Operation 35 'specbitsmap' 'specbitsmap_ln0' <Predicate = true> <Delay = 0.00>
ST_1 : Operation 36 [1/1] (0.00ns)   --->   "%specinterface_ln0 = specinterface void @_ssdm_op_SpecInterface, i64 %in1, void @empty_5, i32 0, i32 0, void @empty_0, i32 0, i32 0, void @empty_6, void @empty_7, void @empty_0, i32 0, i32 0, i32 0, i32 0, void @empty_0, void @empty_8, i32 4294967295, i32 0, i32 0"   --->   Operation 36 'specinterface' 'specinterface_ln0' <Predicate = true> <Delay = 0.00>
ST_1 : Operation 37 [1/1] (0.00ns)   --->   "%specinterface_ln0 = specinterface void @_ssdm_op_SpecInterface, i64 %in1, void @empty_9, i32 0, i32 0, void @empty_0, i32 0, i32 0, void @empty_0, void @empty_0, void @empty_0, i32 0, i32 0, i32 0, i32 0, void @empty_0, void @empty_8, i32 4294967295, i32 0, i32 0"   --->   Operation 37 'specinterface' 'specinterface_ln0' <Predicate = true> <Delay = 0.00>
ST_1 : Operation 38 [1/1] (0.00ns)   --->   "%specinterface_ln0 = specinterface void @_ssdm_op_SpecInterface, i64 %in2, void @empty_5, i32 0, i32 0, void @empty_0, i32 0, i32 0, void @empty_6, void @empty_10, void @empty_0, i32 0, i32 0, i32 0, i32 0, void @empty_0, void @empty_8, i32 4294967295, i32 0, i32 0"   --->   Operation 38 'specinterface' 'specinterface_ln0' <Predicate = true> <Delay = 0.00>
ST_1 : Operation 39 [1/1] (0.00ns)   --->   "%specinterface_ln0 = specinterface void @_ssdm_op_SpecInterface, i64 %in2, void @empty_9, i32 0, i32 0, void @empty_0, i32 0, i32 0, void @empty_0, void @empty_0, void @empty_0, i32 0, i32 0, i32 0, i32 0, void @empty_0, void @empty_8, i32 4294967295, i32 0, i32 0"   --->   Operation 39 'specinterface' 'specinterface_ln0' <Predicate = true> <Delay = 0.00>
ST_1 : Operation 40 [1/1] (0.00ns)   --->   "%specinterface_ln0 = specinterface void @_ssdm_op_SpecInterface, i64 %out_r, void @empty_5, i32 0, i32 0, void @empty_0, i32 0, i32 0, void @empty_6, void @empty_11, void @empty_0, i32 0, i32 0, i32 0, i32 0, void @empty_0, void @empty_8, i32 4294967295, i32 0, i32 0"   --->   Operation 40 'specinterface' 'specinterface_ln0' <Predicate = true> <Delay = 0.00>
ST_1 : Operation 41 [1/1] (0.00ns)   --->   "%specinterface_ln0 = specinterface void @_ssdm_op_SpecInterface, i64 %out_r, void @empty_9, i32 0, i32 0, void @empty_0, i32 0, i32 0, void @empty_0, void @empty_0, void @empty_0, i32 0, i32 0, i32 0, i32 0, void @empty_0, void @empty_8, i32 4294967295, i32 0, i32 0"   --->   Operation 41 'specinterface' 'specinterface_ln0' <Predicate = true> <Delay = 0.00>
ST_1 : Operation 42 [1/1] (0.00ns)   --->   "%specbitsmap_ln0 = specbitsmap void @_ssdm_op_SpecBitsMap, i32 %dim"   --->   Operation 42 'specbitsmap' 'specbitsmap_ln0' <Predicate = true> <Delay = 0.00>
ST_1 : Operation 43 [1/1] (0.00ns)   --->   "%specinterface_ln0 = specinterface void @_ssdm_op_SpecInterface, i32 %dim, void @empty_5, i32 4294967295, i32 4294967295, void @empty_12, i32 0, i32 0, void @empty_6, void @empty_13, void @empty_0, i32 0, i32 0, i32 0, i32 0, void @empty_0, void @empty_0, i32 4294967295, i32 0, i32 0"   --->   Operation 43 'specinterface' 'specinterface_ln0' <Predicate = true> <Delay = 0.00>
ST_1 : Operation 44 [1/1] (0.00ns)   --->   "%specinterface_ln0 = specinterface void @_ssdm_op_SpecInterface, i32 %dim, void @empty_9, i32 4294967295, i32 4294967295, void @empty_0, i32 0, i32 0, void @empty_0, void @empty_0, void @empty_0, i32 0, i32 0, i32 0, i32 0, void @empty_0, void @empty_0, i32 4294967295, i32 0, i32 0"   --->   Operation 44 'specinterface' 'specinterface_ln0' <Predicate = true> <Delay = 0.00>
ST_1 : Operation 45 [1/1] (0.00ns)   --->   "%specinterface_ln0 = specinterface void @_ssdm_op_SpecInterface, i32 0, void @empty_5, i32 0, i32 0, void @empty_0, i32 0, i32 0, void @empty_6, void @empty_0, void @empty_0, i32 0, i32 0, i32 0, i32 0, void @empty_0, void @empty_0, i32 4294967295, i32 0, i32 0"   --->   Operation 45 'specinterface' 'specinterface_ln0' <Predicate = true> <Delay = 0.00>
ST_1 : Operation 46 [1/1] (0.00ns)   --->   "%dim_cast = sext i32 %dim_read"   --->   Operation 46 'sext' 'dim_cast' <Predicate = true> <Delay = 0.00>
ST_1 : Operation 47 [1/1] (0.00ns)   --->   "%wide_trip_count = zext i32 %dim_read"   --->   Operation 47 'zext' 'wide_trip_count' <Predicate = true> <Delay = 0.00>
ST_1 : Operation 48 [1/1] (0.00ns)   --->   "%dim_cast3 = zext i32 %dim_read"   --->   Operation 48 'zext' 'dim_cast3' <Predicate = true> <Delay = 0.00>
ST_1 : Operation 49 [1/1] (0.48ns)   --->   "%store_ln15 = store i31 0, i31 %i" [mmult_baseline.cpp:15]   --->   Operation 49 'store' 'store_ln15' <Predicate = true> <Delay = 0.48>
ST_1 : Operation 50 [1/1] (0.48ns)   --->   "%store_ln0 = store i62 0, i62 %phi_mul2"   --->   Operation 50 'store' 'store_ln0' <Predicate = true> <Delay = 0.48>
ST_1 : Operation 51 [1/1] (0.48ns)   --->   "%store_ln0 = store i62 0, i62 %phi_mul5"   --->   Operation 51 'store' 'store_ln0' <Predicate = true> <Delay = 0.48>
ST_1 : Operation 52 [1/1] (0.00ns)   --->   "%br_ln15 = br void %loop2" [mmult_baseline.cpp:15]   --->   Operation 52 'br' 'br_ln15' <Predicate = true> <Delay = 0.00>

State 2 <SV = 1> <Delay = 1.69>
ST_2 : Operation 53 [1/1] (0.00ns)   --->   "%phi_mul5_load = load i62 %phi_mul5"   --->   Operation 53 'load' 'phi_mul5_load' <Predicate = true> <Delay = 0.00>
ST_2 : Operation 54 [1/1] (0.00ns)   --->   "%phi_mul2_load = load i62 %phi_mul2" [mmult_baseline.cpp:15]   --->   Operation 54 'load' 'phi_mul2_load' <Predicate = true> <Delay = 0.00>
ST_2 : Operation 55 [1/1] (0.00ns)   --->   "%i_1 = load i31 %i" [mmult_baseline.cpp:15]   --->   Operation 55 'load' 'i_1' <Predicate = true> <Delay = 0.00>
ST_2 : Operation 56 [1/1] (1.44ns)   --->   "%add_ln15_1 = add i62 %phi_mul5_load, i62 %dim_cast" [mmult_baseline.cpp:15]   --->   Operation 56 'add' 'add_ln15_1' <Predicate = true> <Delay = 1.44> <CoreInst = "Adder">   --->   Core 1 'Adder' <Latency = 0> <II = 1> <Delay = 1.44> <FuncUnit> <Opcode : 'add' 'sub'> <InPorts = 2> <OutPorts = 1>
ST_2 : Operation 57 [1/1] (1.44ns)   --->   "%add_ln15_2 = add i62 %phi_mul2_load, i62 %dim_cast3" [mmult_baseline.cpp:15]   --->   Operation 57 'add' 'add_ln15_2' <Predicate = true> <Delay = 1.44> <CoreInst = "Adder">   --->   Core 1 'Adder' <Latency = 0> <II = 1> <Delay = 1.44> <FuncUnit> <Opcode : 'add' 'sub'> <InPorts = 2> <OutPorts = 1>
ST_2 : Operation 58 [1/1] (0.00ns)   --->   "%zext_ln15 = zext i31 %i_1" [mmult_baseline.cpp:15]   --->   Operation 58 'zext' 'zext_ln15' <Predicate = true> <Delay = 0.00>
ST_2 : Operation 59 [1/1] (1.20ns)   --->   "%icmp_ln15 = icmp_slt  i32 %zext_ln15, i32 %dim_read" [mmult_baseline.cpp:15]   --->   Operation 59 'icmp' 'icmp_ln15' <Predicate = true> <Delay = 1.20> <CoreInst = "Cmp">   --->   Core 9 'Cmp' <Latency = 0> <II = 1> <Delay = 1.20> <FuncUnit> <Opcode : 'seteq' 'setne' 'setle' 'setge' 'setlt' 'setgt'> <InPorts = 2> <OutPorts = 1>
ST_2 : Operation 60 [1/1] (1.19ns)   --->   "%add_ln15 = add i31 %i_1, i31 1" [mmult_baseline.cpp:15]   --->   Operation 60 'add' 'add_ln15' <Predicate = true> <Delay = 1.19> <CoreInst = "Adder">   --->   Core 1 'Adder' <Latency = 0> <II = 1> <Delay = 1.19> <FuncUnit> <Opcode : 'add' 'sub'> <InPorts = 2> <OutPorts = 1>
ST_2 : Operation 61 [1/1] (0.00ns)   --->   "%br_ln15 = br i1 %icmp_ln15, void %for.end24.loopexit, void %loop2.split" [mmult_baseline.cpp:15]   --->   Operation 61 'br' 'br_ln15' <Predicate = true> <Delay = 0.00>
ST_2 : Operation 62 [1/1] (0.00ns)   --->   "%speclooptripcount_ln16 = speclooptripcount void @_ssdm_op_SpecLoopTripCount, i64 128, i64 128, i64 128" [mmult_baseline.cpp:16]   --->   Operation 62 'speclooptripcount' 'speclooptripcount_ln16' <Predicate = (icmp_ln15)> <Delay = 0.00>
ST_2 : Operation 63 [1/1] (0.00ns)   --->   "%specloopname_ln15 = specloopname void @_ssdm_op_SpecLoopName, void @empty_17" [mmult_baseline.cpp:15]   --->   Operation 63 'specloopname' 'specloopname_ln15' <Predicate = (icmp_ln15)> <Delay = 0.00>
ST_2 : Operation 64 [1/1] (0.00ns)   --->   "%tmp = bitconcatenate i64 @_ssdm_op_BitConcatenate.i64.i62.i2, i62 %phi_mul2_load, i2 0" [mmult_baseline.cpp:15]   --->   Operation 64 'bitconcatenate' 'tmp' <Predicate = (icmp_ln15)> <Delay = 0.00>
ST_2 : Operation 65 [1/1] (1.47ns)   --->   "%empty = add i64 %tmp, i64 %in1_read" [mmult_baseline.cpp:15]   --->   Operation 65 'add' 'empty' <Predicate = (icmp_ln15)> <Delay = 1.47> <CoreInst = "Adder">   --->   Core 1 'Adder' <Latency = 0> <II = 1> <Delay = 1.47> <FuncUnit> <Opcode : 'add' 'sub'> <InPorts = 2> <OutPorts = 1>
ST_2 : Operation 66 [1/1] (0.00ns)   --->   "%p_cast = partselect i62 @_ssdm_op_PartSelect.i62.i64.i32.i32, i64 %empty, i32 2, i32 63" [mmult_baseline.cpp:15]   --->   Operation 66 'partselect' 'p_cast' <Predicate = (icmp_ln15)> <Delay = 0.00>
ST_2 : Operation 67 [1/1] (0.00ns)   --->   "%p_cast_cast = sext i62 %p_cast" [mmult_baseline.cpp:15]   --->   Operation 67 'sext' 'p_cast_cast' <Predicate = (icmp_ln15)> <Delay = 0.00>
ST_2 : Operation 68 [1/1] (0.00ns)   --->   "%gmem0_addr = getelementptr i32 %gmem0, i64 %p_cast_cast" [mmult_baseline.cpp:15]   --->   Operation 68 'getelementptr' 'gmem0_addr' <Predicate = (icmp_ln15)> <Delay = 0.00>
ST_2 : Operation 69 [1/1] (0.48ns)   --->   "%br_ln17 = br void %loop3" [mmult_baseline.cpp:17]   --->   Operation 69 'br' 'br_ln17' <Predicate = (icmp_ln15)> <Delay = 0.48>
ST_2 : Operation 70 [1/1] (0.00ns)   --->   "%ret_ln25 = ret" [mmult_baseline.cpp:25]   --->   Operation 70 'ret' 'ret_ln25' <Predicate = (!icmp_ln15)> <Delay = 0.00>

State 3 <SV = 2> <Delay = 2.91>
ST_3 : Operation 71 [1/1] (0.00ns)   --->   "%j = phi i32 0, void %loop2.split, i32 %add_ln17, void %loop3.split" [mmult_baseline.cpp:17]   --->   Operation 71 'phi' 'j' <Predicate = true> <Delay = 0.00>
ST_3 : Operation 72 [1/1] (1.20ns)   --->   "%icmp_ln17 = icmp_eq  i32 %j, i32 %dim_read" [mmult_baseline.cpp:17]   --->   Operation 72 'icmp' 'icmp_ln17' <Predicate = true> <Delay = 1.20> <CoreInst = "Cmp">   --->   Core 9 'Cmp' <Latency = 0> <II = 1> <Delay = 1.20> <FuncUnit> <Opcode : 'seteq' 'setne' 'setle' 'setge' 'setlt' 'setgt'> <InPorts = 2> <OutPorts = 1>
ST_3 : Operation 73 [1/1] (1.20ns)   --->   "%add_ln17 = add i32 %j, i32 1" [mmult_baseline.cpp:17]   --->   Operation 73 'add' 'add_ln17' <Predicate = true> <Delay = 1.20> <CoreInst = "Adder">   --->   Core 1 'Adder' <Latency = 0> <II = 1> <Delay = 1.20> <FuncUnit> <Opcode : 'add' 'sub'> <InPorts = 2> <OutPorts = 1>
ST_3 : Operation 74 [1/1] (0.00ns)   --->   "%br_ln17 = br i1 %icmp_ln17, void %loop3.split, void %for.inc22" [mmult_baseline.cpp:17]   --->   Operation 74 'br' 'br_ln17' <Predicate = true> <Delay = 0.00>
ST_3 : Operation 75 [1/1] (0.00ns)   --->   "%zext_ln17 = zext i32 %j" [mmult_baseline.cpp:17]   --->   Operation 75 'zext' 'zext_ln17' <Predicate = (!icmp_ln17)> <Delay = 0.00>
ST_3 : Operation 76 [1/1] (1.44ns)   --->   "%empty_23 = add i62 %zext_ln17, i62 %phi_mul5_load" [mmult_baseline.cpp:17]   --->   Operation 76 'add' 'empty_23' <Predicate = (!icmp_ln17)> <Delay = 1.44> <CoreInst = "Adder">   --->   Core 1 'Adder' <Latency = 0> <II = 1> <Delay = 1.44> <FuncUnit> <Opcode : 'add' 'sub'> <InPorts = 2> <OutPorts = 1>
ST_3 : Operation 77 [1/1] (0.00ns)   --->   "%tmp_1 = bitconcatenate i64 @_ssdm_op_BitConcatenate.i64.i62.i2, i62 %empty_23, i2 0" [mmult_baseline.cpp:17]   --->   Operation 77 'bitconcatenate' 'tmp_1' <Predicate = (!icmp_ln17)> <Delay = 0.00>
ST_3 : Operation 78 [1/1] (1.47ns)   --->   "%empty_24 = add i64 %tmp_1, i64 %out_r_read" [mmult_baseline.cpp:17]   --->   Operation 78 'add' 'empty_24' <Predicate = (!icmp_ln17)> <Delay = 1.47> <CoreInst = "Adder">   --->   Core 1 'Adder' <Latency = 0> <II = 1> <Delay = 1.47> <FuncUnit> <Opcode : 'add' 'sub'> <InPorts = 2> <OutPorts = 1>
ST_3 : Operation 79 [1/1] (0.00ns)   --->   "%trunc_ln = partselect i62 @_ssdm_op_PartSelect.i62.i64.i32.i32, i64 %empty_24, i32 2, i32 63" [mmult_baseline.cpp:21]   --->   Operation 79 'partselect' 'trunc_ln' <Predicate = (!icmp_ln17)> <Delay = 0.00>
ST_3 : Operation 80 [1/1] (0.00ns)   --->   "%sext_ln21 = sext i62 %trunc_ln" [mmult_baseline.cpp:21]   --->   Operation 80 'sext' 'sext_ln21' <Predicate = (!icmp_ln17)> <Delay = 0.00>
ST_3 : Operation 81 [1/1] (0.00ns)   --->   "%gmem2_addr = getelementptr i32 %gmem2, i64 %sext_ln21" [mmult_baseline.cpp:21]   --->   Operation 81 'getelementptr' 'gmem2_addr' <Predicate = (!icmp_ln17)> <Delay = 0.00>
ST_3 : Operation 82 [1/1] (0.48ns)   --->   "%store_ln15 = store i31 %add_ln15, i31 %i" [mmult_baseline.cpp:15]   --->   Operation 82 'store' 'store_ln15' <Predicate = (icmp_ln17)> <Delay = 0.48>
ST_3 : Operation 83 [1/1] (0.48ns)   --->   "%store_ln15 = store i62 %add_ln15_2, i62 %phi_mul2" [mmult_baseline.cpp:15]   --->   Operation 83 'store' 'store_ln15' <Predicate = (icmp_ln17)> <Delay = 0.48>
ST_3 : Operation 84 [1/1] (0.48ns)   --->   "%store_ln15 = store i62 %add_ln15_1, i62 %phi_mul5" [mmult_baseline.cpp:15]   --->   Operation 84 'store' 'store_ln15' <Predicate = (icmp_ln17)> <Delay = 0.48>
ST_3 : Operation 85 [1/1] (0.00ns)   --->   "%br_ln15 = br void %loop2" [mmult_baseline.cpp:15]   --->   Operation 85 'br' 'br_ln15' <Predicate = (icmp_ln17)> <Delay = 0.00>

State 4 <SV = 3> <Delay = 7.30>
ST_4 : Operation 86 [8/8] (7.30ns)   --->   "%gmem2_load_req = readreq i1 @_ssdm_op_ReadReq.m_axi.i32P1A, i32 %gmem2_addr, i64 1" [mmult_baseline.cpp:21]   --->   Operation 86 'readreq' 'gmem2_load_req' <Predicate = true> <Delay = 7.30> <CoreInst = "m_axi">   --->   Core 119 'm_axi' <Latency = 0> <II = 1> <Delay = 1.00> <Adapter> <Opcode : 'read' 'write' 'readreq' 'writereq' 'writeresp'>
ST_4 : Operation 87 [8/8] (7.30ns)   --->   "%empty_25 = readreq i1 @_ssdm_op_ReadReq.m_axi.p1i32, i32 %gmem0_addr, i64 %wide_trip_count" [mmult_baseline.cpp:19]   --->   Operation 87 'readreq' 'empty_25' <Predicate = true> <Delay = 7.30> <CoreInst = "m_axi">   --->   Core 119 'm_axi' <Latency = 0> <II = 1> <Delay = 1.00> <Adapter> <Opcode : 'read' 'write' 'readreq' 'writereq' 'writeresp'>

State 5 <SV = 4> <Delay = 7.30>
ST_5 : Operation 88 [7/8] (7.30ns)   --->   "%gmem2_load_req = readreq i1 @_ssdm_op_ReadReq.m_axi.i32P1A, i32 %gmem2_addr, i64 1" [mmult_baseline.cpp:21]   --->   Operation 88 'readreq' 'gmem2_load_req' <Predicate = true> <Delay = 7.30> <CoreInst = "m_axi">   --->   Core 119 'm_axi' <Latency = 0> <II = 1> <Delay = 1.00> <Adapter> <Opcode : 'read' 'write' 'readreq' 'writereq' 'writeresp'>
ST_5 : Operation 89 [7/8] (7.30ns)   --->   "%empty_25 = readreq i1 @_ssdm_op_ReadReq.m_axi.p1i32, i32 %gmem0_addr, i64 %wide_trip_count" [mmult_baseline.cpp:19]   --->   Operation 89 'readreq' 'empty_25' <Predicate = true> <Delay = 7.30> <CoreInst = "m_axi">   --->   Core 119 'm_axi' <Latency = 0> <II = 1> <Delay = 1.00> <Adapter> <Opcode : 'read' 'write' 'readreq' 'writereq' 'writeresp'>

State 6 <SV = 5> <Delay = 7.30>
ST_6 : Operation 90 [6/8] (7.30ns)   --->   "%gmem2_load_req = readreq i1 @_ssdm_op_ReadReq.m_axi.i32P1A, i32 %gmem2_addr, i64 1" [mmult_baseline.cpp:21]   --->   Operation 90 'readreq' 'gmem2_load_req' <Predicate = true> <Delay = 7.30> <CoreInst = "m_axi">   --->   Core 119 'm_axi' <Latency = 0> <II = 1> <Delay = 1.00> <Adapter> <Opcode : 'read' 'write' 'readreq' 'writereq' 'writeresp'>
ST_6 : Operation 91 [6/8] (7.30ns)   --->   "%empty_25 = readreq i1 @_ssdm_op_ReadReq.m_axi.p1i32, i32 %gmem0_addr, i64 %wide_trip_count" [mmult_baseline.cpp:19]   --->   Operation 91 'readreq' 'empty_25' <Predicate = true> <Delay = 7.30> <CoreInst = "m_axi">   --->   Core 119 'm_axi' <Latency = 0> <II = 1> <Delay = 1.00> <Adapter> <Opcode : 'read' 'write' 'readreq' 'writereq' 'writeresp'>

State 7 <SV = 6> <Delay = 7.30>
ST_7 : Operation 92 [5/8] (7.30ns)   --->   "%gmem2_load_req = readreq i1 @_ssdm_op_ReadReq.m_axi.i32P1A, i32 %gmem2_addr, i64 1" [mmult_baseline.cpp:21]   --->   Operation 92 'readreq' 'gmem2_load_req' <Predicate = true> <Delay = 7.30> <CoreInst = "m_axi">   --->   Core 119 'm_axi' <Latency = 0> <II = 1> <Delay = 1.00> <Adapter> <Opcode : 'read' 'write' 'readreq' 'writereq' 'writeresp'>
ST_7 : Operation 93 [5/8] (7.30ns)   --->   "%empty_25 = readreq i1 @_ssdm_op_ReadReq.m_axi.p1i32, i32 %gmem0_addr, i64 %wide_trip_count" [mmult_baseline.cpp:19]   --->   Operation 93 'readreq' 'empty_25' <Predicate = true> <Delay = 7.30> <CoreInst = "m_axi">   --->   Core 119 'm_axi' <Latency = 0> <II = 1> <Delay = 1.00> <Adapter> <Opcode : 'read' 'write' 'readreq' 'writereq' 'writeresp'>

State 8 <SV = 7> <Delay = 7.30>
ST_8 : Operation 94 [4/8] (7.30ns)   --->   "%gmem2_load_req = readreq i1 @_ssdm_op_ReadReq.m_axi.i32P1A, i32 %gmem2_addr, i64 1" [mmult_baseline.cpp:21]   --->   Operation 94 'readreq' 'gmem2_load_req' <Predicate = true> <Delay = 7.30> <CoreInst = "m_axi">   --->   Core 119 'm_axi' <Latency = 0> <II = 1> <Delay = 1.00> <Adapter> <Opcode : 'read' 'write' 'readreq' 'writereq' 'writeresp'>
ST_8 : Operation 95 [4/8] (7.30ns)   --->   "%empty_25 = readreq i1 @_ssdm_op_ReadReq.m_axi.p1i32, i32 %gmem0_addr, i64 %wide_trip_count" [mmult_baseline.cpp:19]   --->   Operation 95 'readreq' 'empty_25' <Predicate = true> <Delay = 7.30> <CoreInst = "m_axi">   --->   Core 119 'm_axi' <Latency = 0> <II = 1> <Delay = 1.00> <Adapter> <Opcode : 'read' 'write' 'readreq' 'writereq' 'writeresp'>

State 9 <SV = 8> <Delay = 7.30>
ST_9 : Operation 96 [3/8] (7.30ns)   --->   "%gmem2_load_req = readreq i1 @_ssdm_op_ReadReq.m_axi.i32P1A, i32 %gmem2_addr, i64 1" [mmult_baseline.cpp:21]   --->   Operation 96 'readreq' 'gmem2_load_req' <Predicate = true> <Delay = 7.30> <CoreInst = "m_axi">   --->   Core 119 'm_axi' <Latency = 0> <II = 1> <Delay = 1.00> <Adapter> <Opcode : 'read' 'write' 'readreq' 'writereq' 'writeresp'>
ST_9 : Operation 97 [3/8] (7.30ns)   --->   "%empty_25 = readreq i1 @_ssdm_op_ReadReq.m_axi.p1i32, i32 %gmem0_addr, i64 %wide_trip_count" [mmult_baseline.cpp:19]   --->   Operation 97 'readreq' 'empty_25' <Predicate = true> <Delay = 7.30> <CoreInst = "m_axi">   --->   Core 119 'm_axi' <Latency = 0> <II = 1> <Delay = 1.00> <Adapter> <Opcode : 'read' 'write' 'readreq' 'writereq' 'writeresp'>

State 10 <SV = 9> <Delay = 7.30>
ST_10 : Operation 98 [2/8] (7.30ns)   --->   "%gmem2_load_req = readreq i1 @_ssdm_op_ReadReq.m_axi.i32P1A, i32 %gmem2_addr, i64 1" [mmult_baseline.cpp:21]   --->   Operation 98 'readreq' 'gmem2_load_req' <Predicate = true> <Delay = 7.30> <CoreInst = "m_axi">   --->   Core 119 'm_axi' <Latency = 0> <II = 1> <Delay = 1.00> <Adapter> <Opcode : 'read' 'write' 'readreq' 'writereq' 'writeresp'>
ST_10 : Operation 99 [2/8] (7.30ns)   --->   "%empty_25 = readreq i1 @_ssdm_op_ReadReq.m_axi.p1i32, i32 %gmem0_addr, i64 %wide_trip_count" [mmult_baseline.cpp:19]   --->   Operation 99 'readreq' 'empty_25' <Predicate = true> <Delay = 7.30> <CoreInst = "m_axi">   --->   Core 119 'm_axi' <Latency = 0> <II = 1> <Delay = 1.00> <Adapter> <Opcode : 'read' 'write' 'readreq' 'writereq' 'writeresp'>

State 11 <SV = 10> <Delay = 7.30>
ST_11 : Operation 100 [1/8] (7.30ns)   --->   "%gmem2_load_req = readreq i1 @_ssdm_op_ReadReq.m_axi.i32P1A, i32 %gmem2_addr, i64 1" [mmult_baseline.cpp:21]   --->   Operation 100 'readreq' 'gmem2_load_req' <Predicate = true> <Delay = 7.30> <CoreInst = "m_axi">   --->   Core 119 'm_axi' <Latency = 0> <II = 1> <Delay = 1.00> <Adapter> <Opcode : 'read' 'write' 'readreq' 'writereq' 'writeresp'>
ST_11 : Operation 101 [1/8] (7.30ns)   --->   "%empty_25 = readreq i1 @_ssdm_op_ReadReq.m_axi.p1i32, i32 %gmem0_addr, i64 %wide_trip_count" [mmult_baseline.cpp:19]   --->   Operation 101 'readreq' 'empty_25' <Predicate = true> <Delay = 7.30> <CoreInst = "m_axi">   --->   Core 119 'm_axi' <Latency = 0> <II = 1> <Delay = 1.00> <Adapter> <Opcode : 'read' 'write' 'readreq' 'writereq' 'writeresp'>

State 12 <SV = 11> <Delay = 7.30>
ST_12 : Operation 102 [1/1] (7.30ns)   --->   "%gmem2_addr_read = read i32 @_ssdm_op_Read.m_axi.i32P1A, i32 %gmem2_addr" [mmult_baseline.cpp:21]   --->   Operation 102 'read' 'gmem2_addr_read' <Predicate = true> <Delay = 7.30> <CoreInst = "m_axi">   --->   Core 119 'm_axi' <Latency = 0> <II = 1> <Delay = 1.00> <Adapter> <Opcode : 'read' 'write' 'readreq' 'writereq' 'writeresp'>

State 13 <SV = 12> <Delay = 7.30>
ST_13 : Operation 103 [2/2] (0.48ns)   --->   "%call_ln21 = call void @mmult_hw_Pipeline_loop3, i32 %gmem2_addr_read, i32 %gmem1, i32 %gmem0, i32 %dim_read, i62 %p_cast, i32 %dim_read, i32 %j, i64 %in2_read, i32 %add187_loc" [mmult_baseline.cpp:21]   --->   Operation 103 'call' 'call_ln21' <Predicate = true> <Delay = 0.48> <CoreType = "Generic">   --->   Core 0 '' <Latency = 0> <II = 1> <Delay = 1.00> <Generic> <Opcode : >
ST_13 : Operation 104 [1/1] (7.30ns)   --->   "%gmem2_addr_req = writereq i1 @_ssdm_op_WriteReq.m_axi.i32P1A, i32 %gmem2_addr, i64 1" [mmult_baseline.cpp:21]   --->   Operation 104 'writereq' 'gmem2_addr_req' <Predicate = true> <Delay = 7.30> <CoreInst = "m_axi">   --->   Core 119 'm_axi' <Latency = 0> <II = 1> <Delay = 1.00> <Adapter> <Opcode : 'read' 'write' 'readreq' 'writereq' 'writeresp'>

State 14 <SV = 13> <Delay = 0.00>
ST_14 : Operation 105 [1/2] (0.00ns)   --->   "%call_ln21 = call void @mmult_hw_Pipeline_loop3, i32 %gmem2_addr_read, i32 %gmem1, i32 %gmem0, i32 %dim_read, i62 %p_cast, i32 %dim_read, i32 %j, i64 %in2_read, i32 %add187_loc" [mmult_baseline.cpp:21]   --->   Operation 105 'call' 'call_ln21' <Predicate = true> <Delay = 0.00> <CoreType = "Generic">   --->   Core 0 '' <Latency = 0> <II = 1> <Delay = 1.00> <Generic> <Opcode : >

State 15 <SV = 14> <Delay = 7.30>
ST_15 : Operation 106 [1/1] (0.00ns)   --->   "%add187_loc_load = load i32 %add187_loc"   --->   Operation 106 'load' 'add187_loc_load' <Predicate = true> <Delay = 0.00>
ST_15 : Operation 107 [1/1] (7.30ns)   --->   "%write_ln21 = write void @_ssdm_op_Write.m_axi.i32P1A, i32 %gmem2_addr, i32 %add187_loc_load, i4 15" [mmult_baseline.cpp:21]   --->   Operation 107 'write' 'write_ln21' <Predicate = true> <Delay = 7.30> <CoreInst = "m_axi">   --->   Core 119 'm_axi' <Latency = 0> <II = 1> <Delay = 1.00> <Adapter> <Opcode : 'read' 'write' 'readreq' 'writereq' 'writeresp'>

State 16 <SV = 15> <Delay = 7.30>
ST_16 : Operation 108 [5/5] (7.30ns)   --->   "%gmem2_addr_resp = writeresp i1 @_ssdm_op_WriteResp.m_axi.i32P1A, i32 %gmem2_addr" [mmult_baseline.cpp:21]   --->   Operation 108 'writeresp' 'gmem2_addr_resp' <Predicate = true> <Delay = 7.30> <CoreInst = "m_axi">   --->   Core 119 'm_axi' <Latency = 0> <II = 1> <Delay = 1.00> <Adapter> <Opcode : 'read' 'write' 'readreq' 'writereq' 'writeresp'>

State 17 <SV = 16> <Delay = 7.30>
ST_17 : Operation 109 [4/5] (7.30ns)   --->   "%gmem2_addr_resp = writeresp i1 @_ssdm_op_WriteResp.m_axi.i32P1A, i32 %gmem2_addr" [mmult_baseline.cpp:21]   --->   Operation 109 'writeresp' 'gmem2_addr_resp' <Predicate = true> <Delay = 7.30> <CoreInst = "m_axi">   --->   Core 119 'm_axi' <Latency = 0> <II = 1> <Delay = 1.00> <Adapter> <Opcode : 'read' 'write' 'readreq' 'writereq' 'writeresp'>

State 18 <SV = 17> <Delay = 7.30>
ST_18 : Operation 110 [3/5] (7.30ns)   --->   "%gmem2_addr_resp = writeresp i1 @_ssdm_op_WriteResp.m_axi.i32P1A, i32 %gmem2_addr" [mmult_baseline.cpp:21]   --->   Operation 110 'writeresp' 'gmem2_addr_resp' <Predicate = true> <Delay = 7.30> <CoreInst = "m_axi">   --->   Core 119 'm_axi' <Latency = 0> <II = 1> <Delay = 1.00> <Adapter> <Opcode : 'read' 'write' 'readreq' 'writereq' 'writeresp'>

State 19 <SV = 18> <Delay = 7.30>
ST_19 : Operation 111 [2/5] (7.30ns)   --->   "%gmem2_addr_resp = writeresp i1 @_ssdm_op_WriteResp.m_axi.i32P1A, i32 %gmem2_addr" [mmult_baseline.cpp:21]   --->   Operation 111 'writeresp' 'gmem2_addr_resp' <Predicate = true> <Delay = 7.30> <CoreInst = "m_axi">   --->   Core 119 'm_axi' <Latency = 0> <II = 1> <Delay = 1.00> <Adapter> <Opcode : 'read' 'write' 'readreq' 'writereq' 'writeresp'>

State 20 <SV = 19> <Delay = 7.30>
ST_20 : Operation 112 [1/1] (0.00ns)   --->   "%speclooptripcount_ln18 = speclooptripcount void @_ssdm_op_SpecLoopTripCount, i64 128, i64 128, i64 128" [mmult_baseline.cpp:18]   --->   Operation 112 'speclooptripcount' 'speclooptripcount_ln18' <Predicate = true> <Delay = 0.00>
ST_20 : Operation 113 [1/1] (0.00ns)   --->   "%specloopname_ln17 = specloopname void @_ssdm_op_SpecLoopName, void @empty_16" [mmult_baseline.cpp:17]   --->   Operation 113 'specloopname' 'specloopname_ln17' <Predicate = true> <Delay = 0.00>
ST_20 : Operation 114 [1/5] (7.30ns)   --->   "%gmem2_addr_resp = writeresp i1 @_ssdm_op_WriteResp.m_axi.i32P1A, i32 %gmem2_addr" [mmult_baseline.cpp:21]   --->   Operation 114 'writeresp' 'gmem2_addr_resp' <Predicate = true> <Delay = 7.30> <CoreInst = "m_axi">   --->   Core 119 'm_axi' <Latency = 0> <II = 1> <Delay = 1.00> <Adapter> <Opcode : 'read' 'write' 'readreq' 'writereq' 'writeresp'>
ST_20 : Operation 115 [1/1] (0.00ns)   --->   "%br_ln17 = br void %loop3" [mmult_baseline.cpp:17]   --->   Operation 115 'br' 'br_ln17' <Predicate = true> <Delay = 0.00>


============================================================
+ Verbose Summary: Timing violations
============================================================
Target clock period: 10.000ns, clock uncertainty: 2.700ns.

 <State 1>: 1.000ns
The critical path consists of the following:
	s_axi read operation ('dim_read') on port 'dim' [11]  (1.000 ns)

 <State 2>: 1.692ns
The critical path consists of the following:
	'load' operation 62 bit ('phi_mul2_load', mmult_baseline.cpp:15) on local variable 'phi_mul2' [42]  (0.000 ns)
	'add' operation 64 bit ('empty', mmult_baseline.cpp:15) [54]  (1.470 ns)
	blocking operation 0.222 ns on control path)

 <State 3>: 2.913ns
The critical path consists of the following:
	'phi' operation 32 bit ('j', mmult_baseline.cpp:17) with incoming values : ('add_ln17', mmult_baseline.cpp:17) [60]  (0.000 ns)
	'add' operation 62 bit ('empty_23', mmult_baseline.cpp:17) [68]  (1.443 ns)
	'add' operation 64 bit ('empty_24', mmult_baseline.cpp:17) [70]  (1.470 ns)

 <State 4>: 7.300ns
The critical path consists of the following:
	bus request operation ('gmem2_load_req', mmult_baseline.cpp:21) on port 'gmem2' (mmult_baseline.cpp:21) [74]  (7.300 ns)

 <State 5>: 7.300ns
The critical path consists of the following:
	bus request operation ('gmem2_load_req', mmult_baseline.cpp:21) on port 'gmem2' (mmult_baseline.cpp:21) [74]  (7.300 ns)

 <State 6>: 7.300ns
The critical path consists of the following:
	bus request operation ('gmem2_load_req', mmult_baseline.cpp:21) on port 'gmem2' (mmult_baseline.cpp:21) [74]  (7.300 ns)

 <State 7>: 7.300ns
The critical path consists of the following:
	bus request operation ('gmem2_load_req', mmult_baseline.cpp:21) on port 'gmem2' (mmult_baseline.cpp:21) [74]  (7.300 ns)

 <State 8>: 7.300ns
The critical path consists of the following:
	bus request operation ('gmem2_load_req', mmult_baseline.cpp:21) on port 'gmem2' (mmult_baseline.cpp:21) [74]  (7.300 ns)

 <State 9>: 7.300ns
The critical path consists of the following:
	bus request operation ('gmem2_load_req', mmult_baseline.cpp:21) on port 'gmem2' (mmult_baseline.cpp:21) [74]  (7.300 ns)

 <State 10>: 7.300ns
The critical path consists of the following:
	bus request operation ('gmem2_load_req', mmult_baseline.cpp:21) on port 'gmem2' (mmult_baseline.cpp:21) [74]  (7.300 ns)

 <State 11>: 7.300ns
The critical path consists of the following:
	bus request operation ('gmem2_load_req', mmult_baseline.cpp:21) on port 'gmem2' (mmult_baseline.cpp:21) [74]  (7.300 ns)

 <State 12>: 7.300ns
The critical path consists of the following:
	bus read operation ('gmem2_addr_read', mmult_baseline.cpp:21) on port 'gmem2' (mmult_baseline.cpp:21) [75]  (7.300 ns)

 <State 13>: 7.300ns
The critical path consists of the following:
	bus request operation ('gmem2_addr_req', mmult_baseline.cpp:21) on port 'gmem2' (mmult_baseline.cpp:21) [79]  (7.300 ns)

 <State 14>: 0.000ns
The critical path consists of the following:

 <State 15>: 7.300ns
The critical path consists of the following:
	'load' operation 32 bit ('add187_loc_load') on local variable 'add187_loc' [78]  (0.000 ns)
	bus write operation ('write_ln21', mmult_baseline.cpp:21) on port 'gmem2' (mmult_baseline.cpp:21) [80]  (7.300 ns)

 <State 16>: 7.300ns
The critical path consists of the following:
	bus response operation ('gmem2_addr_resp', mmult_baseline.cpp:21) on port 'gmem2' (mmult_baseline.cpp:21) [81]  (7.300 ns)

 <State 17>: 7.300ns
The critical path consists of the following:
	bus response operation ('gmem2_addr_resp', mmult_baseline.cpp:21) on port 'gmem2' (mmult_baseline.cpp:21) [81]  (7.300 ns)

 <State 18>: 7.300ns
The critical path consists of the following:
	bus response operation ('gmem2_addr_resp', mmult_baseline.cpp:21) on port 'gmem2' (mmult_baseline.cpp:21) [81]  (7.300 ns)

 <State 19>: 7.300ns
The critical path consists of the following:
	bus response operation ('gmem2_addr_resp', mmult_baseline.cpp:21) on port 'gmem2' (mmult_baseline.cpp:21) [81]  (7.300 ns)

 <State 20>: 7.300ns
The critical path consists of the following:
	bus response operation ('gmem2_addr_resp', mmult_baseline.cpp:21) on port 'gmem2' (mmult_baseline.cpp:21) [81]  (7.300 ns)


============================================================
+ Verbose Summary: Binding
============================================================
N/A
* FSMD analyzer results:
  - Output states:
 - Input state : 
  - Chain level:
	State 1
	State 2
	State 3
	State 4
	State 5
	State 6
	State 7
	State 8
	State 9
	State 10
	State 11
	State 12
	State 13
	State 14
	State 15
	State 16
	State 17
	State 18
	State 19
	State 20


============================================================
+ Verbose Summary: Datapath Resource usage 
============================================================
N/A
