

================================================================
== Vitis HLS Report for 'mmult_hw_Pipeline_loop3'
================================================================
* Date:           Wed Feb 18 16:24:58 2026

* Version:        2024.1 (Build 5069499 on May 21 2024)
* Project:        matmul_D6_AXI_Separation
* Solution:       hls (Vivado IP Flow Target)
* Product family: zynquplus
* Target device:  xczu3eg-sbva484-1-e


================================================================
== Performance Estimates
================================================================
+ Timing: 
    * Summary: 
    +--------+----------+----------+------------+
    |  Clock |  Target  | Estimated| Uncertainty|
    +--------+----------+----------+------------+
    |ap_clk  |  10.00 ns|  7.300 ns|     2.70 ns|
    +--------+----------+----------+------------+

+ Latency: 
    * Summary: 
    +---------+---------+----------+----------+-----+-----+-----------------------------------------------+
    |  Latency (cycles) |  Latency (absolute) |  Interval |                    Pipeline                   |
    |   min   |   max   |    min   |    max   | min | max |                      Type                     |
    +---------+---------+----------+----------+-----+-----+-----------------------------------------------+
    |      139|      139|  1.390 us|  1.390 us|  129|  129|  loop auto-rewind stp(delay=0 clock cycles(s))|
    +---------+---------+----------+----------+-----+-----+-----------------------------------------------+

    + Detail: 
        * Instance: 
        N/A

        * Loop: 
        +----------+---------+---------+----------+-----------+-----------+------+----------+
        |          |  Latency (cycles) | Iteration|  Initiation Interval  | Trip |          |
        | Loop Name|   min   |   max   |  Latency |  achieved |   target  | Count| Pipelined|
        +----------+---------+---------+----------+-----------+-----------+------+----------+
        |- loop3   |      137|      137|        11|          1|          1|   128|       yes|
        +----------+---------+---------+----------+-----------+-----------+------+----------+



================================================================
== Utilization Estimates
================================================================
* Summary: 
+-----------------+---------+-----+--------+-------+-----+
|       Name      | BRAM_18K| DSP |   FF   |  LUT  | URAM|
+-----------------+---------+-----+--------+-------+-----+
|DSP              |        -|    -|       -|      -|    -|
|Expression       |        -|    -|       0|    334|    -|
|FIFO             |        -|    -|       -|      -|    -|
|Instance         |        -|    3|       0|     20|    -|
|Memory           |        -|    -|       -|      -|    -|
|Multiplexer      |        -|    -|       0|     81|    -|
|Register         |        -|    -|     435|     32|    -|
+-----------------+---------+-----+--------+-------+-----+
|Total            |        0|    3|     435|    467|    0|
+-----------------+---------+-----+--------+-------+-----+
|Available        |      432|  360|  141120|  70560|    0|
+-----------------+---------+-----+--------+-------+-----+
|Utilization (%)  |        0|   ~0|      ~0|     ~0|    0|
+-----------------+---------+-----+--------+-------+-----+

+ Detail: 
    * Instance: 
    +-----------------------+--------------------+---------+----+---+----+-----+
    |        Instance       |       Module       | BRAM_18K| DSP| FF| LUT| URAM|
    +-----------------------+--------------------+---------+----+---+----+-----+
    |mul_32s_32s_32_1_1_U1  |mul_32s_32s_32_1_1  |        0|   3|  0|  20|    0|
    +-----------------------+--------------------+---------+----+---+----+-----+
    |Total                  |                    |        0|   3|  0|  20|    0|
    +-----------------------+--------------------+---------+----+---+----+-----+

    * DSP: 
    N/A

    * Memory: 
    N/A

    * FIFO: 
    N/A

    * Expression: 
    +------------------------------------+----------+----+---+----+------------+------------+
    |            Variable Name           | Operation| DSP| FF| LUT| Bitwidth P0| Bitwidth P1|
    +------------------------------------+----------+----+---+----+------------+------------+
    |add_ln19_fu_191_p2                  |         +|   0|  0|  39|          32|           1|
    |add_ln21_1_fu_218_p2                |         +|   0|  0|  71|          64|          64|
    |add_ln21_2_fu_262_p2                |         +|   0|  0|  39|          32|          32|
    |add_ln21_3_fu_200_p2                |         +|   0|  0|  69|          62|          62|
    |add_ln21_fu_205_p2                  |         +|   0|  0|  69|          62|          62|
    |ap_block_pp0_stage0_01001           |       and|   0|  0|   2|           1|           1|
    |icmp_ln19_fu_186_p2                 |      icmp|   0|  0|  39|          32|          32|
    |ap_block_pp0_stage0_11001           |        or|   0|  0|   2|           1|           1|
    |ap_block_state11_pp0_stage0_iter10  |        or|   0|  0|   2|           1|           1|
    |ap_enable_pp0                       |       xor|   0|  0|   2|           1|           2|
    +------------------------------------+----------+----+---+----+------------+------------+
    |Total                               |          |   0|  0| 334|         288|         258|
    +------------------------------------+----------+----+---+----+------------+------------+

    * Multiplexer: 
    +-------------------------+----+-----------+-----+-----------+
    |           Name          | LUT| Input Size| Bits| Total Bits|
    +-------------------------+----+-----------+-----+-----------+
    |add187_fu_84             |   9|          2|   32|         64|
    |ap_done_int              |   9|          2|    1|          2|
    |ap_enable_reg_pp0_iter1  |   9|          2|    1|          2|
    |ap_enable_reg_pp0_iter2  |   9|          2|    1|          2|
    |gmem0_blk_n_R            |   9|          2|    1|          2|
    |gmem1_blk_n_AR           |   9|          2|    1|          2|
    |gmem1_blk_n_R            |   9|          2|    1|          2|
    |k_fu_88                  |   9|          2|   32|         64|
    |phi_mul_fu_80            |   9|          2|   62|        124|
    +-------------------------+----+-----------+-----+-----------+
    |Total                    |  81|         18|  132|        264|
    +-------------------------+----+-----------+-----+-----------+

    * Register: 
    +-----------------------------------+----+----+-----+-----------+
    |                Name               | FF | LUT| Bits| Const Bits|
    +-----------------------------------+----+----+-----+-----------+
    |add187_fu_84                       |  32|   0|   32|          0|
    |ap_CS_fsm                          |   1|   0|    1|          0|
    |ap_done_reg                        |   1|   0|    1|          0|
    |ap_enable_reg_pp0_iter1            |   1|   0|    1|          0|
    |ap_enable_reg_pp0_iter10           |   1|   0|    1|          0|
    |ap_enable_reg_pp0_iter11           |   1|   0|    1|          0|
    |ap_enable_reg_pp0_iter2            |   1|   0|    1|          0|
    |ap_enable_reg_pp0_iter3            |   1|   0|    1|          0|
    |ap_enable_reg_pp0_iter4            |   1|   0|    1|          0|
    |ap_enable_reg_pp0_iter5            |   1|   0|    1|          0|
    |ap_enable_reg_pp0_iter6            |   1|   0|    1|          0|
    |ap_enable_reg_pp0_iter7            |   1|   0|    1|          0|
    |ap_enable_reg_pp0_iter8            |   1|   0|    1|          0|
    |ap_enable_reg_pp0_iter9            |   1|   0|    1|          0|
    |ap_loop_exit_ready_pp0_iter10_reg  |   1|   0|    1|          0|
    |ap_loop_exit_ready_pp0_iter2_reg   |   1|   0|    1|          0|
    |ap_loop_exit_ready_pp0_iter3_reg   |   1|   0|    1|          0|
    |ap_loop_exit_ready_pp0_iter4_reg   |   1|   0|    1|          0|
    |ap_loop_exit_ready_pp0_iter5_reg   |   1|   0|    1|          0|
    |ap_loop_exit_ready_pp0_iter6_reg   |   1|   0|    1|          0|
    |ap_loop_exit_ready_pp0_iter7_reg   |   1|   0|    1|          0|
    |ap_loop_exit_ready_pp0_iter8_reg   |   1|   0|    1|          0|
    |ap_loop_exit_ready_pp0_iter9_reg   |   1|   0|    1|          0|
    |dim_cast_cast_reg_314              |  62|   0|   62|          0|
    |gmem0_addr_read_reg_334            |  32|   0|   32|          0|
    |gmem1_addr_read_reg_339            |  32|   0|   32|          0|
    |gmem1_addr_reg_328                 |  64|   0|   64|          0|
    |icmp_ln19_reg_324                  |   1|   0|    1|          0|
    |k_fu_88                            |  32|   0|   32|          0|
    |phi_mul_fu_80                      |  62|   0|   62|          0|
    |zext_ln17_cast_reg_309             |  32|   0|   62|         30|
    |icmp_ln19_reg_324                  |  64|  32|    1|          0|
    +-----------------------------------+----+----+-----+-----------+
    |Total                              | 435|  32|  402|         30|
    +-----------------------------------+----+----+-----+-----------+



================================================================
== Interface
================================================================
* Summary: 
+----------------------+-----+-----+------------+-------------------------+--------------+
|       RTL Ports      | Dir | Bits|  Protocol  |      Source Object      |    C Type    |
+----------------------+-----+-----+------------+-------------------------+--------------+
|ap_clk                |   in|    1|  ap_ctrl_hs|  mmult_hw_Pipeline_loop3|  return value|
|ap_rst                |   in|    1|  ap_ctrl_hs|  mmult_hw_Pipeline_loop3|  return value|
|ap_start              |   in|    1|  ap_ctrl_hs|  mmult_hw_Pipeline_loop3|  return value|
|ap_done               |  out|    1|  ap_ctrl_hs|  mmult_hw_Pipeline_loop3|  return value|
|ap_idle               |  out|    1|  ap_ctrl_hs|  mmult_hw_Pipeline_loop3|  return value|
|ap_ready              |  out|    1|  ap_ctrl_hs|  mmult_hw_Pipeline_loop3|  return value|
|m_axi_gmem1_AWVALID   |  out|    1|       m_axi|                    gmem1|       pointer|
|m_axi_gmem1_AWREADY   |   in|    1|       m_axi|                    gmem1|       pointer|
|m_axi_gmem1_AWADDR    |  out|   64|       m_axi|                    gmem1|       pointer|
|m_axi_gmem1_AWID      |  out|    1|       m_axi|                    gmem1|       pointer|
|m_axi_gmem1_AWLEN     |  out|   32|       m_axi|                    gmem1|       pointer|
|m_axi_gmem1_AWSIZE    |  out|    3|       m_axi|                    gmem1|       pointer|
|m_axi_gmem1_AWBURST   |  out|    2|       m_axi|                    gmem1|       pointer|
|m_axi_gmem1_AWLOCK    |  out|    2|       m_axi|                    gmem1|       pointer|
|m_axi_gmem1_AWCACHE   |  out|    4|       m_axi|                    gmem1|       pointer|
|m_axi_gmem1_AWPROT    |  out|    3|       m_axi|                    gmem1|       pointer|
|m_axi_gmem1_AWQOS     |  out|    4|       m_axi|                    gmem1|       pointer|
|m_axi_gmem1_AWREGION  |  out|    4|       m_axi|                    gmem1|       pointer|
|m_axi_gmem1_AWUSER    |  out|    1|       m_axi|                    gmem1|       pointer|
|m_axi_gmem1_WVALID    |  out|    1|       m_axi|                    gmem1|       pointer|
|m_axi_gmem1_WREADY    |   in|    1|       m_axi|                    gmem1|       pointer|
|m_axi_gmem1_WDATA     |  out|   32|       m_axi|                    gmem1|       pointer|
|m_axi_gmem1_WSTRB     |  out|    4|       m_axi|                    gmem1|       pointer|
|m_axi_gmem1_WLAST     |  out|    1|       m_axi|                    gmem1|       pointer|
|m_axi_gmem1_WID       |  out|    1|       m_axi|                    gmem1|       pointer|
|m_axi_gmem1_WUSER     |  out|    1|       m_axi|                    gmem1|       pointer|
|m_axi_gmem1_ARVALID   |  out|    1|       m_axi|                    gmem1|       pointer|
|m_axi_gmem1_ARREADY   |   in|    1|       m_axi|                    gmem1|       pointer|
|m_axi_gmem1_ARADDR    |  out|   64|       m_axi|                    gmem1|       pointer|
|m_axi_gmem1_ARID      |  out|    1|       m_axi|                    gmem1|       pointer|
|m_axi_gmem1_ARLEN     |  out|   32|       m_axi|                    gmem1|       pointer|
|m_axi_gmem1_ARSIZE    |  out|    3|       m_axi|                    gmem1|       pointer|
|m_axi_gmem1_ARBURST   |  out|    2|       m_axi|                    gmem1|       pointer|
|m_axi_gmem1_ARLOCK    |  out|    2|       m_axi|                    gmem1|       pointer|
|m_axi_gmem1_ARCACHE   |  out|    4|       m_axi|                    gmem1|       pointer|
|m_axi_gmem1_ARPROT    |  out|    3|       m_axi|                    gmem1|       pointer|
|m_axi_gmem1_ARQOS     |  out|    4|       m_axi|                    gmem1|       pointer|
|m_axi_gmem1_ARREGION  |  out|    4|       m_axi|                    gmem1|       pointer|
|m_axi_gmem1_ARUSER    |  out|    1|       m_axi|                    gmem1|       pointer|
|m_axi_gmem1_RVALID    |   in|    1|       m_axi|                    gmem1|       pointer|
|m_axi_gmem1_RREADY    |  out|    1|       m_axi|                    gmem1|       pointer|
|m_axi_gmem1_RDATA     |   in|   32|       m_axi|                    gmem1|       pointer|
|m_axi_gmem1_RLAST     |   in|    1|       m_axi|                    gmem1|       pointer|
|m_axi_gmem1_RID       |   in|    1|       m_axi|                    gmem1|       pointer|
|m_axi_gmem1_RFIFONUM  |   in|    9|       m_axi|                    gmem1|       pointer|
|m_axi_gmem1_RUSER     |   in|    1|       m_axi|                    gmem1|       pointer|
|m_axi_gmem1_RRESP     |   in|    2|       m_axi|                    gmem1|       pointer|
|m_axi_gmem1_BVALID    |   in|    1|       m_axi|                    gmem1|       pointer|
|m_axi_gmem1_BREADY    |  out|    1|       m_axi|                    gmem1|       pointer|
|m_axi_gmem1_BRESP     |   in|    2|       m_axi|                    gmem1|       pointer|
|m_axi_gmem1_BID       |   in|    1|       m_axi|                    gmem1|       pointer|
|m_axi_gmem1_BUSER     |   in|    1|       m_axi|                    gmem1|       pointer|
|m_axi_gmem0_AWVALID   |  out|    1|       m_axi|                    gmem0|       pointer|
|m_axi_gmem0_AWREADY   |   in|    1|       m_axi|                    gmem0|       pointer|
|m_axi_gmem0_AWADDR    |  out|   64|       m_axi|                    gmem0|       pointer|
|m_axi_gmem0_AWID      |  out|    1|       m_axi|                    gmem0|       pointer|
|m_axi_gmem0_AWLEN     |  out|   32|       m_axi|                    gmem0|       pointer|
|m_axi_gmem0_AWSIZE    |  out|    3|       m_axi|                    gmem0|       pointer|
|m_axi_gmem0_AWBURST   |  out|    2|       m_axi|                    gmem0|       pointer|
|m_axi_gmem0_AWLOCK    |  out|    2|       m_axi|                    gmem0|       pointer|
|m_axi_gmem0_AWCACHE   |  out|    4|       m_axi|                    gmem0|       pointer|
|m_axi_gmem0_AWPROT    |  out|    3|       m_axi|                    gmem0|       pointer|
|m_axi_gmem0_AWQOS     |  out|    4|       m_axi|                    gmem0|       pointer|
|m_axi_gmem0_AWREGION  |  out|    4|       m_axi|                    gmem0|       pointer|
|m_axi_gmem0_AWUSER    |  out|    1|       m_axi|                    gmem0|       pointer|
|m_axi_gmem0_WVALID    |  out|    1|       m_axi|                    gmem0|       pointer|
|m_axi_gmem0_WREADY    |   in|    1|       m_axi|                    gmem0|       pointer|
|m_axi_gmem0_WDATA     |  out|   32|       m_axi|                    gmem0|       pointer|
|m_axi_gmem0_WSTRB     |  out|    4|       m_axi|                    gmem0|       pointer|
|m_axi_gmem0_WLAST     |  out|    1|       m_axi|                    gmem0|       pointer|
|m_axi_gmem0_WID       |  out|    1|       m_axi|                    gmem0|       pointer|
|m_axi_gmem0_WUSER     |  out|    1|       m_axi|                    gmem0|       pointer|
|m_axi_gmem0_ARVALID   |  out|    1|       m_axi|                    gmem0|       pointer|
|m_axi_gmem0_ARREADY   |   in|    1|       m_axi|                    gmem0|       pointer|
|m_axi_gmem0_ARADDR    |  out|   64|       m_axi|                    gmem0|       pointer|
|m_axi_gmem0_ARID      |  out|    1|       m_axi|                    gmem0|       pointer|
|m_axi_gmem0_ARLEN     |  out|   32|       m_axi|                    gmem0|       pointer|
|m_axi_gmem0_ARSIZE    |  out|    3|       m_axi|                    gmem0|       pointer|
|m_axi_gmem0_ARBURST   |  out|    2|       m_axi|                    gmem0|       pointer|
|m_axi_gmem0_ARLOCK    |  out|    2|       m_axi|                    gmem0|       pointer|
|m_axi_gmem0_ARCACHE   |  out|    4|       m_axi|                    gmem0|       pointer|
|m_axi_gmem0_ARPROT    |  out|    3|       m_axi|                    gmem0|       pointer|
|m_axi_gmem0_ARQOS     |  out|    4|       m_axi|                    gmem0|       pointer|
|m_axi_gmem0_ARREGION  |  out|    4|       m_axi|                    gmem0|       pointer|
|m_axi_gmem0_ARUSER    |  out|    1|       m_axi|                    gmem0|       pointer|
|m_axi_gmem0_RVALID    |   in|    1|       m_axi|                    gmem0|       pointer|
|m_axi_gmem0_RREADY    |  out|    1|       m_axi|                    gmem0|       pointer|
|m_axi_gmem0_RDATA     |   in|   32|       m_axi|                    gmem0|       pointer|
|m_axi_gmem0_RLAST     |   in|    1|       m_axi|                    gmem0|       pointer|
|m_axi_gmem0_RID       |   in|    1|       m_axi|                    gmem0|       pointer|
|m_axi_gmem0_RFIFONUM  |   in|    9|       m_axi|                    gmem0|       pointer|
|m_axi_gmem0_RUSER     |   in|    1|       m_axi|                    gmem0|       pointer|
|m_axi_gmem0_RRESP     |   in|    2|       m_axi|                    gmem0|       pointer|
|m_axi_gmem0_BVALID    |   in|    1|       m_axi|                    gmem0|       pointer|
|m_axi_gmem0_BREADY    |  out|    1|       m_axi|                    gmem0|       pointer|
|m_axi_gmem0_BRESP     |   in|    2|       m_axi|                    gmem0|       pointer|
|m_axi_gmem0_BID       |   in|    1|       m_axi|                    gmem0|       pointer|
|m_axi_gmem0_BUSER     |   in|    1|       m_axi|                    gmem0|       pointer|
|gmem2_load            |   in|   32|     ap_none|               gmem2_load|        scalar|
|dim                   |   in|   32|     ap_none|                      dim|        scalar|
|p_cast_cast           |   in|   62|     ap_none|              p_cast_cast|        scalar|
|dim_cast              |   in|   32|     ap_none|                 dim_cast|        scalar|
|zext_ln17             |   in|   32|     ap_none|                zext_ln17|        scalar|
|in2                   |   in|   64|     ap_none|                      in2|        scalar|
|add187_out            |  out|   32|      ap_vld|               add187_out|       pointer|
|add187_out_ap_vld     |  out|    1|      ap_vld|               add187_out|       pointer|
+----------------------+-----+-----+------------+-------------------------+--------------+

============================================================
+ Verbose Summary: Synthesis Manager
============================================================
InlineROM: 1
ExposeGlobal: 0
============================================================
+ Verbose Summary: CDFG Model
============================================================
IsTopModel: 0
ResetActiveHigh: 1
IsCombinational: 2
IsDatapathOnly: 2
HasWiredReturn: 1
HasMFsm: 2
HasVarLatency: 1
IsPipeline: 0
IsRtlPipelined: 0
IsInstanceOverlapped: 0
IsDontTouch: 0
HasImplIP: 0
IsGatedGlobalClock: 0

+ Individual pipeline summary: 
  * Pipeline-0: initiation interval (II) = 1, depth = 12


============================================================
+ Verbose Summary: Schedule
============================================================
* Number of FSM states : 12
* Pipeline : 1
  Pipeline-0 : II = 1, D = 12, States = { 1 2 3 4 5 6 7 8 9 10 11 12 }
* Dataflow Pipeline: 0

* FSM state transitions: 
1 --> 2 
2 --> 3 
3 --> 4 
4 --> 5 
5 --> 6 
6 --> 7 
7 --> 8 
8 --> 9 
9 --> 10 
10 --> 11 
11 --> 12 
12 --> 

* FSM state operations: 

State 1 <SV = 0> <Delay = 0.48>
ST_1 : Operation 14 [1/1] (0.00ns)   --->   "%phi_mul = alloca i32 1"   --->   Operation 14 'alloca' 'phi_mul' <Predicate = true> <Delay = 0.00>
ST_1 : Operation 15 [1/1] (0.00ns)   --->   "%add187 = alloca i32 1"   --->   Operation 15 'alloca' 'add187' <Predicate = true> <Delay = 0.00>
ST_1 : Operation 16 [1/1] (0.00ns)   --->   "%k = alloca i32 1" [mmult_baseline.cpp:19]   --->   Operation 16 'alloca' 'k' <Predicate = true> <Delay = 0.00>
ST_1 : Operation 17 [1/1] (0.00ns)   --->   "%in2_read = read i64 @_ssdm_op_Read.ap_auto.i64, i64 %in2"   --->   Operation 17 'read' 'in2_read' <Predicate = true> <Delay = 0.00>
ST_1 : Operation 18 [1/1] (0.00ns)   --->   "%zext_ln17_read = read i32 @_ssdm_op_Read.ap_auto.i32, i32 %zext_ln17"   --->   Operation 18 'read' 'zext_ln17_read' <Predicate = true> <Delay = 0.00>
ST_1 : Operation 19 [1/1] (0.00ns)   --->   "%dim_cast_read = read i32 @_ssdm_op_Read.ap_auto.i32, i32 %dim_cast"   --->   Operation 19 'read' 'dim_cast_read' <Predicate = true> <Delay = 0.00>
ST_1 : Operation 20 [1/1] (0.00ns)   --->   "%p_cast_cast_read = read i62 @_ssdm_op_Read.ap_auto.i62, i62 %p_cast_cast"   --->   Operation 20 'read' 'p_cast_cast_read' <Predicate = true> <Delay = 0.00>
ST_1 : Operation 21 [1/1] (0.00ns)   --->   "%dim_read = read i32 @_ssdm_op_Read.ap_auto.i32, i32 %dim"   --->   Operation 21 'read' 'dim_read' <Predicate = true> <Delay = 0.00>
ST_1 : Operation 22 [1/1] (0.00ns)   --->   "%gmem2_load_read = read i32 @_ssdm_op_Read.ap_auto.i32, i32 %gmem2_load"   --->   Operation 22 'read' 'gmem2_load_read' <Predicate = true> <Delay = 0.00>
ST_1 : Operation 23 [1/1] (0.00ns)   --->   "%zext_ln17_cast = zext i32 %zext_ln17_read"   --->   Operation 23 'zext' 'zext_ln17_cast' <Predicate = true> <Delay = 0.00>
ST_1 : Operation 24 [1/1] (0.00ns)   --->   "%dim_cast_cast = sext i32 %dim_cast_read"   --->   Operation 24 'sext' 'dim_cast_cast' <Predicate = true> <Delay = 0.00>
ST_1 : Operation 25 [1/1] (0.00ns)   --->   "%p_cast_cast_cast = sext i62 %p_cast_cast_read"   --->   Operation 25 'sext' 'p_cast_cast_cast' <Predicate = true> <Delay = 0.00>
ST_1 : Operation 26 [1/1] (0.00ns)   --->   "%specinterface_ln0 = specinterface void @_ssdm_op_SpecInterface, i32 %gmem1, void @empty, i32 0, i32 0, void @empty_0, i32 0, i32 16384, void @empty_3, void @empty_2, void @empty_0, i32 16, i32 16, i32 16, i32 16, void @empty_0, void @empty_0, i32 4294967295, i32 0, i32 0"   --->   Operation 26 'specinterface' 'specinterface_ln0' <Predicate = true> <Delay = 0.00>
ST_1 : Operation 27 [1/1] (0.00ns)   --->   "%specinterface_ln0 = specinterface void @_ssdm_op_SpecInterface, i32 %gmem0, void @empty, i32 0, i32 0, void @empty_0, i32 0, i32 16384, void @empty_1, void @empty_2, void @empty_0, i32 16, i32 16, i32 16, i32 16, void @empty_0, void @empty_0, i32 4294967295, i32 0, i32 0"   --->   Operation 27 'specinterface' 'specinterface_ln0' <Predicate = true> <Delay = 0.00>
ST_1 : Operation 28 [1/1] (0.48ns)   --->   "%store_ln19 = store i32 0, i32 %k" [mmult_baseline.cpp:19]   --->   Operation 28 'store' 'store_ln19' <Predicate = true> <Delay = 0.48>
ST_1 : Operation 29 [1/1] (0.48ns)   --->   "%store_ln0 = store i32 %gmem2_load_read, i32 %add187"   --->   Operation 29 'store' 'store_ln0' <Predicate = true> <Delay = 0.48>
ST_1 : Operation 30 [1/1] (0.48ns)   --->   "%store_ln0 = store i62 0, i62 %phi_mul"   --->   Operation 30 'store' 'store_ln0' <Predicate = true> <Delay = 0.48>
ST_1 : Operation 31 [1/1] (0.00ns)   --->   "%br_ln0 = br void %for.inc"   --->   Operation 31 'br' 'br_ln0' <Predicate = true> <Delay = 0.00>

State 2 <SV = 1> <Delay = 2.91>
ST_2 : Operation 32 [1/1] (0.00ns)   --->   "%k_1 = load i32 %k" [mmult_baseline.cpp:19]   --->   Operation 32 'load' 'k_1' <Predicate = true> <Delay = 0.00>
ST_2 : Operation 33 [1/1] (0.00ns)   --->   "%specbitsmap_ln0 = specbitsmap void @_ssdm_op_SpecBitsMap, i32 %gmem1"   --->   Operation 33 'specbitsmap' 'specbitsmap_ln0' <Predicate = true> <Delay = 0.00>
ST_2 : Operation 34 [1/1] (0.00ns)   --->   "%specbitsmap_ln0 = specbitsmap void @_ssdm_op_SpecBitsMap, i32 %gmem0"   --->   Operation 34 'specbitsmap' 'specbitsmap_ln0' <Predicate = true> <Delay = 0.00>
ST_2 : Operation 35 [1/1] (1.20ns)   --->   "%icmp_ln19 = icmp_eq  i32 %k_1, i32 %dim_read" [mmult_baseline.cpp:19]   --->   Operation 35 'icmp' 'icmp_ln19' <Predicate = true> <Delay = 1.20> <CoreInst = "Cmp">   --->   Core 9 'Cmp' <Latency = 0> <II = 1> <Delay = 1.20> <FuncUnit> <Opcode : 'seteq' 'setne' 'setle' 'setge' 'setlt' 'setgt'> <InPorts = 2> <OutPorts = 1>
ST_2 : Operation 36 [1/1] (1.20ns)   --->   "%add_ln19 = add i32 %k_1, i32 1" [mmult_baseline.cpp:19]   --->   Operation 36 'add' 'add_ln19' <Predicate = true> <Delay = 1.20> <CoreInst = "Adder">   --->   Core 1 'Adder' <Latency = 0> <II = 1> <Delay = 1.20> <FuncUnit> <Opcode : 'add' 'sub'> <InPorts = 2> <OutPorts = 1>
ST_2 : Operation 37 [1/1] (0.00ns)   --->   "%br_ln19 = br i1 %icmp_ln19, void %for.inc.split, void %for.cond5.for.inc19_crit_edge.exitStub" [mmult_baseline.cpp:19]   --->   Operation 37 'br' 'br_ln19' <Predicate = true> <Delay = 0.00>
ST_2 : Operation 38 [1/1] (0.00ns)   --->   "%phi_mul_load = load i62 %phi_mul" [mmult_baseline.cpp:21]   --->   Operation 38 'load' 'phi_mul_load' <Predicate = (!icmp_ln19)> <Delay = 0.00>
ST_2 : Operation 39 [1/1] (1.44ns)   --->   "%add_ln21_3 = add i62 %phi_mul_load, i62 %dim_cast_cast" [mmult_baseline.cpp:21]   --->   Operation 39 'add' 'add_ln21_3' <Predicate = (!icmp_ln19)> <Delay = 1.44> <CoreInst = "Adder">   --->   Core 1 'Adder' <Latency = 0> <II = 1> <Delay = 1.44> <FuncUnit> <Opcode : 'add' 'sub'> <InPorts = 2> <OutPorts = 1>
ST_2 : Operation 40 [1/1] (1.44ns)   --->   "%add_ln21 = add i62 %phi_mul_load, i62 %zext_ln17_cast" [mmult_baseline.cpp:21]   --->   Operation 40 'add' 'add_ln21' <Predicate = (!icmp_ln19)> <Delay = 1.44> <CoreInst = "Adder">   --->   Core 1 'Adder' <Latency = 0> <II = 1> <Delay = 1.44> <FuncUnit> <Opcode : 'add' 'sub'> <InPorts = 2> <OutPorts = 1>
ST_2 : Operation 41 [1/1] (0.00ns)   --->   "%shl_ln = bitconcatenate i64 @_ssdm_op_BitConcatenate.i64.i62.i2, i62 %add_ln21, i2 0" [mmult_baseline.cpp:21]   --->   Operation 41 'bitconcatenate' 'shl_ln' <Predicate = (!icmp_ln19)> <Delay = 0.00>
ST_2 : Operation 42 [1/1] (1.47ns)   --->   "%add_ln21_1 = add i64 %shl_ln, i64 %in2_read" [mmult_baseline.cpp:21]   --->   Operation 42 'add' 'add_ln21_1' <Predicate = (!icmp_ln19)> <Delay = 1.47> <CoreInst = "Adder">   --->   Core 1 'Adder' <Latency = 0> <II = 1> <Delay = 1.47> <FuncUnit> <Opcode : 'add' 'sub'> <InPorts = 2> <OutPorts = 1>
ST_2 : Operation 43 [1/1] (0.00ns)   --->   "%trunc_ln21_1 = partselect i62 @_ssdm_op_PartSelect.i62.i64.i32.i32, i64 %add_ln21_1, i32 2, i32 63" [mmult_baseline.cpp:21]   --->   Operation 43 'partselect' 'trunc_ln21_1' <Predicate = (!icmp_ln19)> <Delay = 0.00>
ST_2 : Operation 44 [1/1] (0.00ns)   --->   "%sext_ln21 = sext i62 %trunc_ln21_1" [mmult_baseline.cpp:21]   --->   Operation 44 'sext' 'sext_ln21' <Predicate = (!icmp_ln19)> <Delay = 0.00>
ST_2 : Operation 45 [1/1] (0.00ns)   --->   "%gmem1_addr = getelementptr i32 %gmem1, i64 %sext_ln21" [mmult_baseline.cpp:21]   --->   Operation 45 'getelementptr' 'gmem1_addr' <Predicate = (!icmp_ln19)> <Delay = 0.00>
ST_2 : Operation 46 [1/1] (0.48ns)   --->   "%store_ln19 = store i32 %add_ln19, i32 %k" [mmult_baseline.cpp:19]   --->   Operation 46 'store' 'store_ln19' <Predicate = (!icmp_ln19)> <Delay = 0.48>
ST_2 : Operation 47 [1/1] (0.48ns)   --->   "%store_ln21 = store i62 %add_ln21_3, i62 %phi_mul" [mmult_baseline.cpp:21]   --->   Operation 47 'store' 'store_ln21' <Predicate = (!icmp_ln19)> <Delay = 0.48>

State 3 <SV = 2> <Delay = 7.30>
ST_3 : Operation 48 [8/8] (7.30ns)   --->   "%gmem1_load_req = readreq i1 @_ssdm_op_ReadReq.m_axi.i32P1A, i64 %gmem1_addr, i64 1" [mmult_baseline.cpp:21]   --->   Operation 48 'readreq' 'gmem1_load_req' <Predicate = true> <Delay = 7.30> <CoreInst = "m_axi">   --->   Core 119 'm_axi' <Latency = 0> <II = 1> <Delay = 1.00> <Adapter> <Opcode : 'read' 'write' 'readreq' 'writereq' 'writeresp'>

State 4 <SV = 3> <Delay = 7.30>
ST_4 : Operation 49 [7/8] (7.30ns)   --->   "%gmem1_load_req = readreq i1 @_ssdm_op_ReadReq.m_axi.i32P1A, i64 %gmem1_addr, i64 1" [mmult_baseline.cpp:21]   --->   Operation 49 'readreq' 'gmem1_load_req' <Predicate = true> <Delay = 7.30> <CoreInst = "m_axi">   --->   Core 119 'm_axi' <Latency = 0> <II = 1> <Delay = 1.00> <Adapter> <Opcode : 'read' 'write' 'readreq' 'writereq' 'writeresp'>

State 5 <SV = 4> <Delay = 7.30>
ST_5 : Operation 50 [6/8] (7.30ns)   --->   "%gmem1_load_req = readreq i1 @_ssdm_op_ReadReq.m_axi.i32P1A, i64 %gmem1_addr, i64 1" [mmult_baseline.cpp:21]   --->   Operation 50 'readreq' 'gmem1_load_req' <Predicate = true> <Delay = 7.30> <CoreInst = "m_axi">   --->   Core 119 'm_axi' <Latency = 0> <II = 1> <Delay = 1.00> <Adapter> <Opcode : 'read' 'write' 'readreq' 'writereq' 'writeresp'>

State 6 <SV = 5> <Delay = 7.30>
ST_6 : Operation 51 [5/8] (7.30ns)   --->   "%gmem1_load_req = readreq i1 @_ssdm_op_ReadReq.m_axi.i32P1A, i64 %gmem1_addr, i64 1" [mmult_baseline.cpp:21]   --->   Operation 51 'readreq' 'gmem1_load_req' <Predicate = true> <Delay = 7.30> <CoreInst = "m_axi">   --->   Core 119 'm_axi' <Latency = 0> <II = 1> <Delay = 1.00> <Adapter> <Opcode : 'read' 'write' 'readreq' 'writereq' 'writeresp'>

State 7 <SV = 6> <Delay = 7.30>
ST_7 : Operation 52 [4/8] (7.30ns)   --->   "%gmem1_load_req = readreq i1 @_ssdm_op_ReadReq.m_axi.i32P1A, i64 %gmem1_addr, i64 1" [mmult_baseline.cpp:21]   --->   Operation 52 'readreq' 'gmem1_load_req' <Predicate = true> <Delay = 7.30> <CoreInst = "m_axi">   --->   Core 119 'm_axi' <Latency = 0> <II = 1> <Delay = 1.00> <Adapter> <Opcode : 'read' 'write' 'readreq' 'writereq' 'writeresp'>

State 8 <SV = 7> <Delay = 7.30>
ST_8 : Operation 53 [3/8] (7.30ns)   --->   "%gmem1_load_req = readreq i1 @_ssdm_op_ReadReq.m_axi.i32P1A, i64 %gmem1_addr, i64 1" [mmult_baseline.cpp:21]   --->   Operation 53 'readreq' 'gmem1_load_req' <Predicate = true> <Delay = 7.30> <CoreInst = "m_axi">   --->   Core 119 'm_axi' <Latency = 0> <II = 1> <Delay = 1.00> <Adapter> <Opcode : 'read' 'write' 'readreq' 'writereq' 'writeresp'>

State 9 <SV = 8> <Delay = 7.30>
ST_9 : Operation 54 [2/8] (7.30ns)   --->   "%gmem1_load_req = readreq i1 @_ssdm_op_ReadReq.m_axi.i32P1A, i64 %gmem1_addr, i64 1" [mmult_baseline.cpp:21]   --->   Operation 54 'readreq' 'gmem1_load_req' <Predicate = true> <Delay = 7.30> <CoreInst = "m_axi">   --->   Core 119 'm_axi' <Latency = 0> <II = 1> <Delay = 1.00> <Adapter> <Opcode : 'read' 'write' 'readreq' 'writereq' 'writeresp'>

State 10 <SV = 9> <Delay = 7.30>
ST_10 : Operation 55 [1/8] (7.30ns)   --->   "%gmem1_load_req = readreq i1 @_ssdm_op_ReadReq.m_axi.i32P1A, i64 %gmem1_addr, i64 1" [mmult_baseline.cpp:21]   --->   Operation 55 'readreq' 'gmem1_load_req' <Predicate = true> <Delay = 7.30> <CoreInst = "m_axi">   --->   Core 119 'm_axi' <Latency = 0> <II = 1> <Delay = 1.00> <Adapter> <Opcode : 'read' 'write' 'readreq' 'writereq' 'writeresp'>

State 11 <SV = 10> <Delay = 7.30>
ST_11 : Operation 56 [1/1] (0.00ns)   --->   "%gmem0_addr = getelementptr i32 %gmem0, i64 %p_cast_cast_cast"   --->   Operation 56 'getelementptr' 'gmem0_addr' <Predicate = true> <Delay = 0.00>
ST_11 : Operation 57 [1/1] (7.30ns)   --->   "%gmem0_addr_read = read i32 @_ssdm_op_Read.m_axi.p1i32, i64 %gmem0_addr" [mmult_baseline.cpp:21]   --->   Operation 57 'read' 'gmem0_addr_read' <Predicate = true> <Delay = 7.30> <CoreInst = "m_axi">   --->   Core 119 'm_axi' <Latency = 0> <II = 1> <Delay = 1.00> <Adapter> <Opcode : 'read' 'write' 'readreq' 'writereq' 'writeresp'>
ST_11 : Operation 58 [1/1] (7.30ns)   --->   "%gmem1_addr_read = read i32 @_ssdm_op_Read.m_axi.i32P1A, i64 %gmem1_addr" [mmult_baseline.cpp:21]   --->   Operation 58 'read' 'gmem1_addr_read' <Predicate = true> <Delay = 7.30> <CoreInst = "m_axi">   --->   Core 119 'm_axi' <Latency = 0> <II = 1> <Delay = 1.00> <Adapter> <Opcode : 'read' 'write' 'readreq' 'writereq' 'writeresp'>
ST_11 : Operation 67 [1/1] (0.00ns)   --->   "%add187_load_1 = load i32 %add187"   --->   Operation 67 'load' 'add187_load_1' <Predicate = (icmp_ln19)> <Delay = 0.00>
ST_11 : Operation 68 [1/1] (0.00ns)   --->   "%write_ln0 = write void @_ssdm_op_Write.ap_auto.i32P0A, i32 %add187_out, i32 %add187_load_1"   --->   Operation 68 'write' 'write_ln0' <Predicate = (icmp_ln19)> <Delay = 0.00>
ST_11 : Operation 69 [1/1] (0.48ns)   --->   "%ret_ln0 = ret"   --->   Operation 69 'ret' 'ret_ln0' <Predicate = (icmp_ln19)> <Delay = 0.48>

State 12 <SV = 11> <Delay = 5.57>
ST_12 : Operation 59 [1/1] (0.00ns)   --->   "%add187_load = load i32 %add187" [mmult_baseline.cpp:21]   --->   Operation 59 'load' 'add187_load' <Predicate = true> <Delay = 0.00>
ST_12 : Operation 60 [1/1] (0.00ns)   --->   "%specpipeline_ln19 = specpipeline void @_ssdm_op_SpecPipeline, i32 4294967295, i32 0, i32 0, i32 0, void @empty_0" [mmult_baseline.cpp:19]   --->   Operation 60 'specpipeline' 'specpipeline_ln19' <Predicate = true> <Delay = 0.00>
ST_12 : Operation 61 [1/1] (0.00ns)   --->   "%speclooptripcount_ln20 = speclooptripcount void @_ssdm_op_SpecLoopTripCount, i64 128, i64 128, i64 128" [mmult_baseline.cpp:20]   --->   Operation 61 'speclooptripcount' 'speclooptripcount_ln20' <Predicate = true> <Delay = 0.00>
ST_12 : Operation 62 [1/1] (0.00ns)   --->   "%specloopname_ln19 = specloopname void @_ssdm_op_SpecLoopName, void @empty_15" [mmult_baseline.cpp:19]   --->   Operation 62 'specloopname' 'specloopname_ln19' <Predicate = true> <Delay = 0.00>
ST_12 : Operation 63 [1/1] (3.88ns)   --->   "%mul_ln21 = mul i32 %gmem1_addr_read, i32 %gmem0_addr_read" [mmult_baseline.cpp:21]   --->   Operation 63 'mul' 'mul_ln21' <Predicate = true> <Delay = 3.88> <CoreInst = "Multiplier">   --->   Core 3 'Multiplier' <Latency = 0> <II = 1> <Delay = 3.88> <FuncUnit> <Opcode : 'mul'> <InPorts = 2> <OutPorts = 1>
ST_12 : Operation 64 [1/1] (1.20ns)   --->   "%add_ln21_2 = add i32 %mul_ln21, i32 %add187_load" [mmult_baseline.cpp:21]   --->   Operation 64 'add' 'add_ln21_2' <Predicate = true> <Delay = 1.20> <CoreInst = "Adder">   --->   Core 1 'Adder' <Latency = 0> <II = 1> <Delay = 1.20> <FuncUnit> <Opcode : 'add' 'sub'> <InPorts = 2> <OutPorts = 1>
ST_12 : Operation 65 [1/1] (0.48ns)   --->   "%store_ln21 = store i32 %add_ln21_2, i32 %add187" [mmult_baseline.cpp:21]   --->   Operation 65 'store' 'store_ln21' <Predicate = true> <Delay = 0.48>
ST_12 : Operation 66 [1/1] (0.00ns)   --->   "%br_ln19 = br void %for.inc" [mmult_baseline.cpp:19]   --->   Operation 66 'br' 'br_ln19' <Predicate = true> <Delay = 0.00>


============================================================
+ Verbose Summary: Binding
============================================================
STG Binding: 
---------------- STG Properties BEGIN ----------------
- Is combinational: 0
- Is one-state seq: 0
- Is datapath-only: 0
- Is pipelined: 0
- Is top level: 0
Port [ Return ] is wired: 1; IO mode=ap_ctrl_hs:ce=0
Port [ gmem2_load]:  wired=1; compound=0; hidden=0; nouse=0; global=0; static=0; extern=0; dir=0; type=0; pingpong=0; private_global=0; IO mode=ap_none:ce=0
Port [ gmem1]:  wired=1; compound=1; hidden=0; nouse=0; global=0; static=0; extern=0; dir=0; type=4; pingpong=0; private_global=0; IO mode=m_axi:ce=0
Port [ gmem0]:  wired=1; compound=1; hidden=0; nouse=0; global=0; static=0; extern=0; dir=0; type=4; pingpong=0; private_global=0; IO mode=m_axi:ce=0
Port [ dim]:  wired=1; compound=0; hidden=0; nouse=0; global=0; static=0; extern=0; dir=0; type=0; pingpong=0; private_global=0; IO mode=ap_none:ce=0
Port [ p_cast_cast]:  wired=1; compound=0; hidden=0; nouse=0; global=0; static=0; extern=0; dir=0; type=0; pingpong=0; private_global=0; IO mode=ap_none:ce=0
Port [ dim_cast]:  wired=1; compound=0; hidden=0; nouse=0; global=0; static=0; extern=0; dir=0; type=0; pingpong=0; private_global=0; IO mode=ap_none:ce=0
Port [ zext_ln17]:  wired=1; compound=0; hidden=0; nouse=0; global=0; static=0; extern=0; dir=0; type=0; pingpong=0; private_global=0; IO mode=ap_none:ce=0
Port [ in2]:  wired=1; compound=0; hidden=0; nouse=0; global=0; static=0; extern=0; dir=0; type=0; pingpong=0; private_global=0; IO mode=ap_none:ce=0
Port [ add187_out]:  wired=1; compound=0; hidden=0; nouse=0; global=0; static=0; extern=0; dir=1; type=0; pingpong=0; private_global=0; IO mode=ap_vld:ce=0
---------------- STG Properties END ------------------

---------------- Datapath Model BEGIN ----------------

<LifeTime>
<method=bitvector/>
phi_mul                (alloca           ) [ 0110000000000]
add187                 (alloca           ) [ 0111111111111]
k                      (alloca           ) [ 0110000000000]
in2_read               (read             ) [ 0110000000000]
zext_ln17_read         (read             ) [ 0000000000000]
dim_cast_read          (read             ) [ 0000000000000]
p_cast_cast_read       (read             ) [ 0000000000000]
dim_read               (read             ) [ 0110000000000]
gmem2_load_read        (read             ) [ 0000000000000]
zext_ln17_cast         (zext             ) [ 0110000000000]
dim_cast_cast          (sext             ) [ 0110000000000]
p_cast_cast_cast       (sext             ) [ 0111111111110]
specinterface_ln0      (specinterface    ) [ 0000000000000]
specinterface_ln0      (specinterface    ) [ 0000000000000]
store_ln19             (store            ) [ 0000000000000]
store_ln0              (store            ) [ 0000000000000]
store_ln0              (store            ) [ 0000000000000]
br_ln0                 (br               ) [ 0000000000000]
k_1                    (load             ) [ 0000000000000]
specbitsmap_ln0        (specbitsmap      ) [ 0000000000000]
specbitsmap_ln0        (specbitsmap      ) [ 0000000000000]
icmp_ln19              (icmp             ) [ 0111111111110]
add_ln19               (add              ) [ 0000000000000]
br_ln19                (br               ) [ 0000000000000]
phi_mul_load           (load             ) [ 0000000000000]
add_ln21_3             (add              ) [ 0000000000000]
add_ln21               (add              ) [ 0000000000000]
shl_ln                 (bitconcatenate   ) [ 0000000000000]
add_ln21_1             (add              ) [ 0000000000000]
trunc_ln21_1           (partselect       ) [ 0000000000000]
sext_ln21              (sext             ) [ 0000000000000]
gmem1_addr             (getelementptr    ) [ 0101111111110]
store_ln19             (store            ) [ 0000000000000]
store_ln21             (store            ) [ 0000000000000]
gmem1_load_req         (readreq          ) [ 0000000000000]
gmem0_addr             (getelementptr    ) [ 0000000000000]
gmem0_addr_read        (read             ) [ 0100000000001]
gmem1_addr_read        (read             ) [ 0100000000001]
add187_load            (load             ) [ 0000000000000]
specpipeline_ln19      (specpipeline     ) [ 0000000000000]
speclooptripcount_ln20 (speclooptripcount) [ 0000000000000]
specloopname_ln19      (specloopname     ) [ 0000000000000]
mul_ln21               (mul              ) [ 0000000000000]
add_ln21_2             (add              ) [ 0000000000000]
store_ln21             (store            ) [ 0000000000000]
br_ln19                (br               ) [ 0000000000000]
add187_load_1          (load             ) [ 0000000000000]
write_ln0              (write            ) [ 0000000000000]
ret_ln0                (ret              ) [ 0000000000000]
</LifeTime>

<model>

<comp_list>
<comp id="0" class="1000" name="gmem2_load">
<pin_list>
<pin id="1" dir="1" index="0" bw="1" slack="0"/>
</pin_list>
<bind>
<StgValue><ssdm name="gmem2_load"/></StgValue>
</bind>
</comp>

<comp id="2" class="1000" name="gmem1">
<pin_list>
<pin id="3" dir="1" index="0" bw="1" slack="0"/>
</pin_list>
<bind>
<StgValue><ssdm name="gmem1"/></StgValue>
</bind>
</comp>

<comp id="4" class="1000" name="gmem0">
<pin_list>
<pin id="5" dir="1" index="0" bw="1" slack="0"/>
</pin_list>
<bind>
<StgValue><ssdm name="gmem0"/></StgValue>
</bind>
</comp>

<comp id="6" class="1000" name="dim">
<pin_list>
<pin id="7" dir="1" index="0" bw="1" slack="0"/>
</pin_list>
<bind>
<StgValue><ssdm name="dim"/></StgValue>
</bind>
</comp>

<comp id="8" class="1000" name="p_cast_cast">
<pin_list>
<pin id="9" dir="1" index="0" bw="1" slack="0"/>
</pin_list>
<bind>
<StgValue><ssdm name="p_cast_cast"/></StgValue>
</bind>
</comp>

<comp id="10" class="1000" name="dim_cast">
<pin_list>
<pin id="11" dir="1" index="0" bw="1" slack="0"/>
</pin_list>
<bind>
<StgValue><ssdm name="dim_cast"/></StgValue>
</bind>
</comp>

<comp id="12" class="1000" name="zext_ln17">
<pin_list>
<pin id="13" dir="1" index="0" bw="1" slack="0"/>
</pin_list>
<bind>
<StgValue><ssdm name="zext_ln17"/></StgValue>
</bind>
</comp>

<comp id="14" class="1000" name="in2">
<pin_list>
<pin id="15" dir="1" index="0" bw="1" slack="0"/>
</pin_list>
<bind>
<StgValue><ssdm name="in2"/></StgValue>
</bind>
</comp>

<comp id="16" class="1000" name="add187_out">
<pin_list>
<pin id="17" dir="1" index="0" bw="1" slack="0"/>
</pin_list>
<bind>
<StgValue><ssdm name="add187_out"/></StgValue>
</bind>
</comp>

<comp id="18" class="1001" name="const_18">
<pin_list>
<pin id="19" dir="1" index="0" bw="1" slack="0"/>
</pin_list>
<bind>
<StgValue><ssdm name=""/></StgValue>
</bind>
</comp>

<comp id="20" class="1001" name="const_20">
<pin_list>
<pin id="21" dir="1" index="0" bw="1" slack="0"/>
</pin_list>
<bind>
<StgValue><ssdm name="_ssdm_op_Read.ap_auto.i64"/></StgValue>
</bind>
</comp>

<comp id="22" class="1001" name="const_22">
<pin_list>
<pin id="23" dir="1" index="0" bw="1" slack="0"/>
</pin_list>
<bind>
<StgValue><ssdm name="_ssdm_op_Read.ap_auto.i32"/></StgValue>
</bind>
</comp>

<comp id="24" class="1001" name="const_24">
<pin_list>
<pin id="25" dir="1" index="0" bw="1" slack="0"/>
</pin_list>
<bind>
<StgValue><ssdm name="_ssdm_op_Read.ap_auto.i62"/></StgValue>
</bind>
</comp>

<comp id="26" class="1001" name="const_26">
<pin_list>
<pin id="27" dir="1" index="0" bw="1" slack="2147483647"/>
</pin_list>
<bind>
<StgValue><ssdm name="_ssdm_op_SpecInterface"/></StgValue>
</bind>
</comp>

<comp id="28" class="1001" name="const_28">
<pin_list>
<pin id="29" dir="1" index="0" bw="1" slack="2147483647"/>
</pin_list>
<bind>
<StgValue><ssdm name="empty"/></StgValue>
</bind>
</comp>

<comp id="30" class="1001" name="const_30">
<pin_list>
<pin id="31" dir="1" index="0" bw="1" slack="0"/>
</pin_list>
<bind>
<StgValue><ssdm name=""/></StgValue>
</bind>
</comp>

<comp id="32" class="1001" name="const_32">
<pin_list>
<pin id="33" dir="1" index="0" bw="1" slack="2147483647"/>
</pin_list>
<bind>
<StgValue><ssdm name="empty_0"/></StgValue>
</bind>
</comp>

<comp id="34" class="1001" name="const_34">
<pin_list>
<pin id="35" dir="1" index="0" bw="1" slack="2147483647"/>
</pin_list>
<bind>
<StgValue><ssdm name=""/></StgValue>
</bind>
</comp>

<comp id="36" class="1001" name="const_36">
<pin_list>
<pin id="37" dir="1" index="0" bw="1" slack="2147483647"/>
</pin_list>
<bind>
<StgValue><ssdm name="empty_3"/></StgValue>
</bind>
</comp>

<comp id="38" class="1001" name="const_38">
<pin_list>
<pin id="39" dir="1" index="0" bw="1" slack="2147483647"/>
</pin_list>
<bind>
<StgValue><ssdm name="empty_2"/></StgValue>
</bind>
</comp>

<comp id="40" class="1001" name="const_40">
<pin_list>
<pin id="41" dir="1" index="0" bw="1" slack="2147483647"/>
</pin_list>
<bind>
<StgValue><ssdm name=""/></StgValue>
</bind>
</comp>

<comp id="42" class="1001" name="const_42">
<pin_list>
<pin id="43" dir="1" index="0" bw="1" slack="2147483647"/>
</pin_list>
<bind>
<StgValue><ssdm name=""/></StgValue>
</bind>
</comp>

<comp id="44" class="1001" name="const_44">
<pin_list>
<pin id="45" dir="1" index="0" bw="1" slack="2147483647"/>
</pin_list>
<bind>
<StgValue><ssdm name="empty_1"/></StgValue>
</bind>
</comp>

<comp id="46" class="1001" name="const_46">
<pin_list>
<pin id="47" dir="1" index="0" bw="1" slack="0"/>
</pin_list>
<bind>
<StgValue><ssdm name=""/></StgValue>
</bind>
</comp>

<comp id="48" class="1001" name="const_48">
<pin_list>
<pin id="49" dir="1" index="0" bw="1" slack="2147483647"/>
</pin_list>
<bind>
<StgValue><ssdm name="_ssdm_op_SpecBitsMap"/></StgValue>
</bind>
</comp>

<comp id="50" class="1001" name="const_50">
<pin_list>
<pin id="51" dir="1" index="0" bw="1" slack="0"/>
</pin_list>
<bind>
<StgValue><ssdm name="_ssdm_op_BitConcatenate.i64.i62.i2"/></StgValue>
</bind>
</comp>

<comp id="52" class="1001" name="const_52">
<pin_list>
<pin id="53" dir="1" index="0" bw="1" slack="0"/>
</pin_list>
<bind>
<StgValue><ssdm name=""/></StgValue>
</bind>
</comp>

<comp id="54" class="1001" name="const_54">
<pin_list>
<pin id="55" dir="1" index="0" bw="1" slack="0"/>
</pin_list>
<bind>
<StgValue><ssdm name="_ssdm_op_PartSelect.i62.i64.i32.i32"/></StgValue>
</bind>
</comp>

<comp id="56" class="1001" name="const_56">
<pin_list>
<pin id="57" dir="1" index="0" bw="1" slack="0"/>
</pin_list>
<bind>
<StgValue><ssdm name=""/></StgValue>
</bind>
</comp>

<comp id="58" class="1001" name="const_58">
<pin_list>
<pin id="59" dir="1" index="0" bw="1" slack="0"/>
</pin_list>
<bind>
<StgValue><ssdm name=""/></StgValue>
</bind>
</comp>

<comp id="60" class="1001" name="const_60">
<pin_list>
<pin id="61" dir="1" index="0" bw="1" slack="0"/>
</pin_list>
<bind>
<StgValue><ssdm name="_ssdm_op_ReadReq.m_axi.i32P1A"/></StgValue>
</bind>
</comp>

<comp id="62" class="1001" name="const_62">
<pin_list>
<pin id="63" dir="1" index="0" bw="1" slack="0"/>
</pin_list>
<bind>
<StgValue><ssdm name=""/></StgValue>
</bind>
</comp>

<comp id="64" class="1001" name="const_64">
<pin_list>
<pin id="65" dir="1" index="0" bw="1" slack="0"/>
</pin_list>
<bind>
<StgValue><ssdm name="_ssdm_op_Read.m_axi.p1i32"/></StgValue>
</bind>
</comp>

<comp id="66" class="1001" name="const_66">
<pin_list>
<pin id="67" dir="1" index="0" bw="1" slack="0"/>
</pin_list>
<bind>
<StgValue><ssdm name="_ssdm_op_Read.m_axi.i32P1A"/></StgValue>
</bind>
</comp>

<comp id="68" class="1001" name="const_68">
<pin_list>
<pin id="69" dir="1" index="0" bw="1" slack="2147483647"/>
</pin_list>
<bind>
<StgValue><ssdm name="_ssdm_op_SpecPipeline"/></StgValue>
</bind>
</comp>

<comp id="70" class="1001" name="const_70">
<pin_list>
<pin id="71" dir="1" index="0" bw="1" slack="2147483647"/>
</pin_list>
<bind>
<StgValue><ssdm name="_ssdm_op_SpecLoopTripCount"/></StgValue>
</bind>
</comp>

<comp id="72" class="1001" name="const_72">
<pin_list>
<pin id="73" dir="1" index="0" bw="1" slack="2147483647"/>
</pin_list>
<bind>
<StgValue><ssdm name=""/></StgValue>
</bind>
</comp>

<comp id="74" class="1001" name="const_74">
<pin_list>
<pin id="75" dir="1" index="0" bw="1" slack="2147483647"/>
</pin_list>
<bind>
<StgValue><ssdm name="_ssdm_op_SpecLoopName"/></StgValue>
</bind>
</comp>

<comp id="76" class="1001" name="const_76">
<pin_list>
<pin id="77" dir="1" index="0" bw="1" slack="2147483647"/>
</pin_list>
<bind>
<StgValue><ssdm name="empty_15"/></StgValue>
</bind>
</comp>

<comp id="78" class="1001" name="const_78">
<pin_list>
<pin id="79" dir="1" index="0" bw="1" slack="0"/>
</pin_list>
<bind>
<StgValue><ssdm name="_ssdm_op_Write.ap_auto.i32P0A"/></StgValue>
</bind>
</comp>

<comp id="80" class="1004" name="phi_mul_fu_80">
<pin_list>
<pin id="81" dir="0" index="0" bw="1" slack="0"/>
<pin id="82" dir="1" index="1" bw="62" slack="0"/>
</pin_list>
<bind>
<opcode="alloca(26) " fcode="alloca"/>
<opset="phi_mul/1 "/>
</bind>
</comp>

<comp id="84" class="1004" name="add187_fu_84">
<pin_list>
<pin id="85" dir="0" index="0" bw="1" slack="0"/>
<pin id="86" dir="1" index="1" bw="32" slack="0"/>
</pin_list>
<bind>
<opcode="alloca(26) " fcode="alloca"/>
<opset="add187/1 "/>
</bind>
</comp>

<comp id="88" class="1004" name="k_fu_88">
<pin_list>
<pin id="89" dir="0" index="0" bw="1" slack="0"/>
<pin id="90" dir="1" index="1" bw="32" slack="0"/>
</pin_list>
<bind>
<opcode="alloca(26) " fcode="alloca"/>
<opset="k/1 "/>
</bind>
</comp>

<comp id="92" class="1004" name="in2_read_read_fu_92">
<pin_list>
<pin id="93" dir="0" index="0" bw="64" slack="0"/>
<pin id="94" dir="0" index="1" bw="64" slack="0"/>
<pin id="95" dir="1" index="2" bw="64" slack="1"/>
</pin_list>
<bind>
<opcode="read(1150) " fcode="read"/>
<opset="in2_read/1 "/>
</bind>
</comp>

<comp id="98" class="1004" name="zext_ln17_read_read_fu_98">
<pin_list>
<pin id="99" dir="0" index="0" bw="32" slack="0"/>
<pin id="100" dir="0" index="1" bw="32" slack="0"/>
<pin id="101" dir="1" index="2" bw="32" slack="0"/>
</pin_list>
<bind>
<opcode="read(1150) " fcode="read"/>
<opset="zext_ln17_read/1 "/>
</bind>
</comp>

<comp id="104" class="1004" name="dim_cast_read_read_fu_104">
<pin_list>
<pin id="105" dir="0" index="0" bw="32" slack="0"/>
<pin id="106" dir="0" index="1" bw="32" slack="0"/>
<pin id="107" dir="1" index="2" bw="32" slack="0"/>
</pin_list>
<bind>
<opcode="read(1150) " fcode="read"/>
<opset="dim_cast_read/1 "/>
</bind>
</comp>

<comp id="110" class="1004" name="p_cast_cast_read_read_fu_110">
<pin_list>
<pin id="111" dir="0" index="0" bw="62" slack="0"/>
<pin id="112" dir="0" index="1" bw="62" slack="0"/>
<pin id="113" dir="1" index="2" bw="62" slack="0"/>
</pin_list>
<bind>
<opcode="read(1150) " fcode="read"/>
<opset="p_cast_cast_read/1 "/>
</bind>
</comp>

<comp id="116" class="1004" name="dim_read_read_fu_116">
<pin_list>
<pin id="117" dir="0" index="0" bw="32" slack="0"/>
<pin id="118" dir="0" index="1" bw="32" slack="0"/>
<pin id="119" dir="1" index="2" bw="32" slack="1"/>
</pin_list>
<bind>
<opcode="read(1150) " fcode="read"/>
<opset="dim_read/1 "/>
</bind>
</comp>

<comp id="122" class="1004" name="gmem2_load_read_read_fu_122">
<pin_list>
<pin id="123" dir="0" index="0" bw="32" slack="0"/>
<pin id="124" dir="0" index="1" bw="32" slack="0"/>
<pin id="125" dir="1" index="2" bw="32" slack="0"/>
</pin_list>
<bind>
<opcode="read(1150) " fcode="read"/>
<opset="gmem2_load_read/1 "/>
</bind>
</comp>

<comp id="128" class="1004" name="grp_readreq_fu_128">
<pin_list>
<pin id="129" dir="0" index="0" bw="1" slack="0"/>
<pin id="130" dir="0" index="1" bw="32" slack="1"/>
<pin id="131" dir="0" index="2" bw="1" slack="0"/>
<pin id="132" dir="1" index="3" bw="1" slack="2147483647"/>
</pin_list>
<bind>
<opcode="readreq(1154) " fcode="readreq"/>
<opset="gmem1_load_req/3 "/>
</bind>
</comp>

<comp id="135" class="1004" name="gmem0_addr_read_read_fu_135">
<pin_list>
<pin id="136" dir="0" index="0" bw="32" slack="0"/>
<pin id="137" dir="0" index="1" bw="32" slack="0"/>
<pin id="138" dir="1" index="2" bw="32" slack="1"/>
</pin_list>
<bind>
<opcode="read(1150) " fcode="read"/>
<opset="gmem0_addr_read/11 "/>
</bind>
</comp>

<comp id="140" class="1004" name="gmem1_addr_read_read_fu_140">
<pin_list>
<pin id="141" dir="0" index="0" bw="32" slack="0"/>
<pin id="142" dir="0" index="1" bw="32" slack="9"/>
<pin id="143" dir="1" index="2" bw="32" slack="1"/>
</pin_list>
<bind>
<opcode="read(1150) " fcode="read"/>
<opset="gmem1_addr_read/11 "/>
</bind>
</comp>

<comp id="145" class="1004" name="write_ln0_write_fu_145">
<pin_list>
<pin id="146" dir="0" index="0" bw="0" slack="0"/>
<pin id="147" dir="0" index="1" bw="32" slack="0"/>
<pin id="148" dir="0" index="2" bw="32" slack="0"/>
<pin id="149" dir="1" index="3" bw="0" slack="2147483647"/>
</pin_list>
<bind>
<opcode="write(1151) " fcode="write"/>
<opset="write_ln0/11 "/>
</bind>
</comp>

<comp id="152" class="1004" name="mul_ln21_fu_152">
<pin_list>
<pin id="153" dir="0" index="0" bw="32" slack="1"/>
<pin id="154" dir="0" index="1" bw="32" slack="1"/>
<pin id="155" dir="1" index="2" bw="32" slack="0"/>
</pin_list>
<bind>
<opcode="mul(12) " fcode="mul"/>
<opset="mul_ln21/12 "/>
</bind>
</comp>

<comp id="156" class="1004" name="zext_ln17_cast_fu_156">
<pin_list>
<pin id="157" dir="0" index="0" bw="32" slack="0"/>
<pin id="158" dir="1" index="1" bw="62" slack="1"/>
</pin_list>
<bind>
<opcode="zext(34) " fcode="zext"/>
<opset="zext_ln17_cast/1 "/>
</bind>
</comp>

<comp id="160" class="1004" name="dim_cast_cast_fu_160">
<pin_list>
<pin id="161" dir="0" index="0" bw="32" slack="0"/>
<pin id="162" dir="1" index="1" bw="62" slack="1"/>
</pin_list>
<bind>
<opcode="sext(35) " fcode="sext"/>
<opset="dim_cast_cast/1 "/>
</bind>
</comp>

<comp id="164" class="1004" name="p_cast_cast_cast_fu_164">
<pin_list>
<pin id="165" dir="0" index="0" bw="62" slack="0"/>
<pin id="166" dir="1" index="1" bw="64" slack="10"/>
</pin_list>
<bind>
<opcode="sext(35) " fcode="sext"/>
<opset="p_cast_cast_cast/1 "/>
</bind>
</comp>

<comp id="168" class="1004" name="store_ln19_store_fu_168">
<pin_list>
<pin id="169" dir="0" index="0" bw="1" slack="0"/>
<pin id="170" dir="0" index="1" bw="32" slack="0"/>
<pin id="171" dir="1" index="2" bw="0" slack="2147483647"/>
</pin_list>
<bind>
<opcode="store(28) " fcode="store"/>
<opset="store_ln19/1 "/>
</bind>
</comp>

<comp id="173" class="1004" name="store_ln0_store_fu_173">
<pin_list>
<pin id="174" dir="0" index="0" bw="32" slack="0"/>
<pin id="175" dir="0" index="1" bw="32" slack="0"/>
<pin id="176" dir="1" index="2" bw="0" slack="2147483647"/>
</pin_list>
<bind>
<opcode="store(28) " fcode="store"/>
<opset="store_ln0/1 "/>
</bind>
</comp>

<comp id="178" class="1004" name="store_ln0_store_fu_178">
<pin_list>
<pin id="179" dir="0" index="0" bw="1" slack="0"/>
<pin id="180" dir="0" index="1" bw="62" slack="0"/>
<pin id="181" dir="1" index="2" bw="0" slack="2147483647"/>
</pin_list>
<bind>
<opcode="store(28) " fcode="store"/>
<opset="store_ln0/1 "/>
</bind>
</comp>

<comp id="183" class="1004" name="k_1_load_fu_183">
<pin_list>
<pin id="184" dir="0" index="0" bw="32" slack="1"/>
<pin id="185" dir="1" index="1" bw="32" slack="0"/>
</pin_list>
<bind>
<opcode="load(27) " fcode="load"/>
<opset="k_1/2 "/>
</bind>
</comp>

<comp id="186" class="1004" name="icmp_ln19_fu_186">
<pin_list>
<pin id="187" dir="0" index="0" bw="32" slack="0"/>
<pin id="188" dir="0" index="1" bw="32" slack="1"/>
<pin id="189" dir="1" index="2" bw="1" slack="9"/>
</pin_list>
<bind>
<opcode="icmp(45) " fcode="icmp"/>
<opset="icmp_ln19/2 "/>
</bind>
</comp>

<comp id="191" class="1004" name="add_ln19_fu_191">
<pin_list>
<pin id="192" dir="0" index="0" bw="32" slack="0"/>
<pin id="193" dir="0" index="1" bw="1" slack="0"/>
<pin id="194" dir="1" index="2" bw="32" slack="0"/>
</pin_list>
<bind>
<opcode="add(8) " fcode="add"/>
<opset="add_ln19/2 "/>
</bind>
</comp>

<comp id="197" class="1004" name="phi_mul_load_load_fu_197">
<pin_list>
<pin id="198" dir="0" index="0" bw="62" slack="1"/>
<pin id="199" dir="1" index="1" bw="62" slack="0"/>
</pin_list>
<bind>
<opcode="load(27) " fcode="load"/>
<opset="phi_mul_load/2 "/>
</bind>
</comp>

<comp id="200" class="1004" name="add_ln21_3_fu_200">
<pin_list>
<pin id="201" dir="0" index="0" bw="62" slack="0"/>
<pin id="202" dir="0" index="1" bw="32" slack="1"/>
<pin id="203" dir="1" index="2" bw="62" slack="0"/>
</pin_list>
<bind>
<opcode="add(8) " fcode="add"/>
<opset="add_ln21_3/2 "/>
</bind>
</comp>

<comp id="205" class="1004" name="add_ln21_fu_205">
<pin_list>
<pin id="206" dir="0" index="0" bw="62" slack="0"/>
<pin id="207" dir="0" index="1" bw="32" slack="1"/>
<pin id="208" dir="1" index="2" bw="62" slack="0"/>
</pin_list>
<bind>
<opcode="add(8) " fcode="add"/>
<opset="add_ln21/2 "/>
</bind>
</comp>

<comp id="210" class="1004" name="shl_ln_fu_210">
<pin_list>
<pin id="211" dir="0" index="0" bw="64" slack="0"/>
<pin id="212" dir="0" index="1" bw="62" slack="0"/>
<pin id="213" dir="0" index="2" bw="1" slack="0"/>
<pin id="214" dir="1" index="3" bw="64" slack="0"/>
</pin_list>
<bind>
<opcode="bitconcatenate(1004) " fcode="bitconcatenate"/>
<opset="shl_ln/2 "/>
</bind>
</comp>

<comp id="218" class="1004" name="add_ln21_1_fu_218">
<pin_list>
<pin id="219" dir="0" index="0" bw="64" slack="0"/>
<pin id="220" dir="0" index="1" bw="64" slack="1"/>
<pin id="221" dir="1" index="2" bw="64" slack="0"/>
</pin_list>
<bind>
<opcode="add(8) " fcode="add"/>
<opset="add_ln21_1/2 "/>
</bind>
</comp>

<comp id="223" class="1004" name="trunc_ln21_1_fu_223">
<pin_list>
<pin id="224" dir="0" index="0" bw="62" slack="0"/>
<pin id="225" dir="0" index="1" bw="64" slack="0"/>
<pin id="226" dir="0" index="2" bw="3" slack="0"/>
<pin id="227" dir="0" index="3" bw="7" slack="0"/>
<pin id="228" dir="1" index="4" bw="62" slack="0"/>
</pin_list>
<bind>
<opcode="partselect(1002) " fcode="partselect"/>
<opset="trunc_ln21_1/2 "/>
</bind>
</comp>

<comp id="233" class="1004" name="sext_ln21_fu_233">
<pin_list>
<pin id="234" dir="0" index="0" bw="62" slack="0"/>
<pin id="235" dir="1" index="1" bw="64" slack="0"/>
</pin_list>
<bind>
<opcode="sext(35) " fcode="sext"/>
<opset="sext_ln21/2 "/>
</bind>
</comp>

<comp id="237" class="1004" name="gmem1_addr_fu_237">
<pin_list>
<pin id="238" dir="0" index="0" bw="64" slack="0"/>
<pin id="239" dir="0" index="1" bw="64" slack="0"/>
<pin id="240" dir="1" index="2" bw="64" slack="1"/>
</pin_list>
<bind>
<opcode="getelementptr(29) " fcode="getelementptr"/>
<opset="gmem1_addr/2 "/>
</bind>
</comp>

<comp id="243" class="1004" name="store_ln19_store_fu_243">
<pin_list>
<pin id="244" dir="0" index="0" bw="32" slack="0"/>
<pin id="245" dir="0" index="1" bw="32" slack="1"/>
<pin id="246" dir="1" index="2" bw="0" slack="2147483647"/>
</pin_list>
<bind>
<opcode="store(28) " fcode="store"/>
<opset="store_ln19/2 "/>
</bind>
</comp>

<comp id="248" class="1004" name="store_ln21_store_fu_248">
<pin_list>
<pin id="249" dir="0" index="0" bw="62" slack="0"/>
<pin id="250" dir="0" index="1" bw="62" slack="1"/>
<pin id="251" dir="1" index="2" bw="0" slack="2147483647"/>
</pin_list>
<bind>
<opcode="store(28) " fcode="store"/>
<opset="store_ln21/2 "/>
</bind>
</comp>

<comp id="253" class="1004" name="gmem0_addr_fu_253">
<pin_list>
<pin id="254" dir="0" index="0" bw="64" slack="0"/>
<pin id="255" dir="0" index="1" bw="64" slack="10"/>
<pin id="256" dir="1" index="2" bw="64" slack="0"/>
</pin_list>
<bind>
<opcode="getelementptr(29) " fcode="getelementptr"/>
<opset="gmem0_addr/11 "/>
</bind>
</comp>

<comp id="259" class="1004" name="add187_load_load_fu_259">
<pin_list>
<pin id="260" dir="0" index="0" bw="32" slack="11"/>
<pin id="261" dir="1" index="1" bw="32" slack="0"/>
</pin_list>
<bind>
<opcode="load(27) " fcode="load"/>
<opset="add187_load/12 "/>
</bind>
</comp>

<comp id="262" class="1004" name="add_ln21_2_fu_262">
<pin_list>
<pin id="263" dir="0" index="0" bw="32" slack="0"/>
<pin id="264" dir="0" index="1" bw="32" slack="0"/>
<pin id="265" dir="1" index="2" bw="32" slack="0"/>
</pin_list>
<bind>
<opcode="add(8) " fcode="add"/>
<opset="add_ln21_2/12 "/>
</bind>
</comp>

<comp id="268" class="1004" name="store_ln21_store_fu_268">
<pin_list>
<pin id="269" dir="0" index="0" bw="32" slack="0"/>
<pin id="270" dir="0" index="1" bw="32" slack="11"/>
<pin id="271" dir="1" index="2" bw="0" slack="2147483647"/>
</pin_list>
<bind>
<opcode="store(28) " fcode="store"/>
<opset="store_ln21/12 "/>
</bind>
</comp>

<comp id="273" class="1004" name="add187_load_1_load_fu_273">
<pin_list>
<pin id="274" dir="0" index="0" bw="32" slack="10"/>
<pin id="275" dir="1" index="1" bw="32" slack="0"/>
</pin_list>
<bind>
<opcode="load(27) " fcode="load"/>
<opset="add187_load_1/11 "/>
</bind>
</comp>

<comp id="277" class="1005" name="phi_mul_reg_277">
<pin_list>
<pin id="278" dir="0" index="0" bw="62" slack="0"/>
<pin id="279" dir="1" index="1" bw="62" slack="0"/>
</pin_list>
<bind>
<opset="phi_mul "/>
</bind>
</comp>

<comp id="284" class="1005" name="add187_reg_284">
<pin_list>
<pin id="285" dir="0" index="0" bw="32" slack="0"/>
<pin id="286" dir="1" index="1" bw="32" slack="0"/>
</pin_list>
<bind>
<opset="add187 "/>
</bind>
</comp>

<comp id="292" class="1005" name="k_reg_292">
<pin_list>
<pin id="293" dir="0" index="0" bw="32" slack="0"/>
<pin id="294" dir="1" index="1" bw="32" slack="0"/>
</pin_list>
<bind>
<opset="k "/>
</bind>
</comp>

<comp id="299" class="1005" name="in2_read_reg_299">
<pin_list>
<pin id="300" dir="0" index="0" bw="64" slack="1"/>
<pin id="301" dir="1" index="1" bw="64" slack="1"/>
</pin_list>
<bind>
<opset="in2_read "/>
</bind>
</comp>

<comp id="304" class="1005" name="dim_read_reg_304">
<pin_list>
<pin id="305" dir="0" index="0" bw="32" slack="1"/>
<pin id="306" dir="1" index="1" bw="32" slack="1"/>
</pin_list>
<bind>
<opset="dim_read "/>
</bind>
</comp>

<comp id="309" class="1005" name="zext_ln17_cast_reg_309">
<pin_list>
<pin id="310" dir="0" index="0" bw="62" slack="1"/>
<pin id="311" dir="1" index="1" bw="62" slack="1"/>
</pin_list>
<bind>
<opset="zext_ln17_cast "/>
</bind>
</comp>

<comp id="314" class="1005" name="dim_cast_cast_reg_314">
<pin_list>
<pin id="315" dir="0" index="0" bw="62" slack="1"/>
<pin id="316" dir="1" index="1" bw="62" slack="1"/>
</pin_list>
<bind>
<opset="dim_cast_cast "/>
</bind>
</comp>

<comp id="319" class="1005" name="p_cast_cast_cast_reg_319">
<pin_list>
<pin id="320" dir="0" index="0" bw="64" slack="10"/>
<pin id="321" dir="1" index="1" bw="64" slack="10"/>
</pin_list>
<bind>
<opset="p_cast_cast_cast "/>
</bind>
</comp>

<comp id="324" class="1005" name="icmp_ln19_reg_324">
<pin_list>
<pin id="325" dir="0" index="0" bw="1" slack="9"/>
<pin id="326" dir="1" index="1" bw="1" slack="2147483647"/>
</pin_list>
<bind>
<opset="icmp_ln19 "/>
</bind>
</comp>

<comp id="328" class="1005" name="gmem1_addr_reg_328">
<pin_list>
<pin id="329" dir="0" index="0" bw="32" slack="1"/>
<pin id="330" dir="1" index="1" bw="32" slack="1"/>
</pin_list>
<bind>
<opset="gmem1_addr "/>
</bind>
</comp>

<comp id="334" class="1005" name="gmem0_addr_read_reg_334">
<pin_list>
<pin id="335" dir="0" index="0" bw="32" slack="1"/>
<pin id="336" dir="1" index="1" bw="32" slack="1"/>
</pin_list>
<bind>
<opset="gmem0_addr_read "/>
</bind>
</comp>

<comp id="339" class="1005" name="gmem1_addr_read_reg_339">
<pin_list>
<pin id="340" dir="0" index="0" bw="32" slack="1"/>
<pin id="341" dir="1" index="1" bw="32" slack="1"/>
</pin_list>
<bind>
<opset="gmem1_addr_read "/>
</bind>
</comp>

</comp_list>

<net_list>
<net id="83"><net_src comp="18" pin="0"/><net_sink comp="80" pin=0"/></net>

<net id="87"><net_src comp="18" pin="0"/><net_sink comp="84" pin=0"/></net>

<net id="91"><net_src comp="18" pin="0"/><net_sink comp="88" pin=0"/></net>

<net id="96"><net_src comp="20" pin="0"/><net_sink comp="92" pin=0"/></net>

<net id="97"><net_src comp="14" pin="0"/><net_sink comp="92" pin=1"/></net>

<net id="102"><net_src comp="22" pin="0"/><net_sink comp="98" pin=0"/></net>

<net id="103"><net_src comp="12" pin="0"/><net_sink comp="98" pin=1"/></net>

<net id="108"><net_src comp="22" pin="0"/><net_sink comp="104" pin=0"/></net>

<net id="109"><net_src comp="10" pin="0"/><net_sink comp="104" pin=1"/></net>

<net id="114"><net_src comp="24" pin="0"/><net_sink comp="110" pin=0"/></net>

<net id="115"><net_src comp="8" pin="0"/><net_sink comp="110" pin=1"/></net>

<net id="120"><net_src comp="22" pin="0"/><net_sink comp="116" pin=0"/></net>

<net id="121"><net_src comp="6" pin="0"/><net_sink comp="116" pin=1"/></net>

<net id="126"><net_src comp="22" pin="0"/><net_sink comp="122" pin=0"/></net>

<net id="127"><net_src comp="0" pin="0"/><net_sink comp="122" pin=1"/></net>

<net id="133"><net_src comp="60" pin="0"/><net_sink comp="128" pin=0"/></net>

<net id="134"><net_src comp="62" pin="0"/><net_sink comp="128" pin=2"/></net>

<net id="139"><net_src comp="64" pin="0"/><net_sink comp="135" pin=0"/></net>

<net id="144"><net_src comp="66" pin="0"/><net_sink comp="140" pin=0"/></net>

<net id="150"><net_src comp="78" pin="0"/><net_sink comp="145" pin=0"/></net>

<net id="151"><net_src comp="16" pin="0"/><net_sink comp="145" pin=1"/></net>

<net id="159"><net_src comp="98" pin="2"/><net_sink comp="156" pin=0"/></net>

<net id="163"><net_src comp="104" pin="2"/><net_sink comp="160" pin=0"/></net>

<net id="167"><net_src comp="110" pin="2"/><net_sink comp="164" pin=0"/></net>

<net id="172"><net_src comp="30" pin="0"/><net_sink comp="168" pin=0"/></net>

<net id="177"><net_src comp="122" pin="2"/><net_sink comp="173" pin=0"/></net>

<net id="182"><net_src comp="46" pin="0"/><net_sink comp="178" pin=0"/></net>

<net id="190"><net_src comp="183" pin="1"/><net_sink comp="186" pin=0"/></net>

<net id="195"><net_src comp="183" pin="1"/><net_sink comp="191" pin=0"/></net>

<net id="196"><net_src comp="18" pin="0"/><net_sink comp="191" pin=1"/></net>

<net id="204"><net_src comp="197" pin="1"/><net_sink comp="200" pin=0"/></net>

<net id="209"><net_src comp="197" pin="1"/><net_sink comp="205" pin=0"/></net>

<net id="215"><net_src comp="50" pin="0"/><net_sink comp="210" pin=0"/></net>

<net id="216"><net_src comp="205" pin="2"/><net_sink comp="210" pin=1"/></net>

<net id="217"><net_src comp="52" pin="0"/><net_sink comp="210" pin=2"/></net>

<net id="222"><net_src comp="210" pin="3"/><net_sink comp="218" pin=0"/></net>

<net id="229"><net_src comp="54" pin="0"/><net_sink comp="223" pin=0"/></net>

<net id="230"><net_src comp="218" pin="2"/><net_sink comp="223" pin=1"/></net>

<net id="231"><net_src comp="56" pin="0"/><net_sink comp="223" pin=2"/></net>

<net id="232"><net_src comp="58" pin="0"/><net_sink comp="223" pin=3"/></net>

<net id="236"><net_src comp="223" pin="4"/><net_sink comp="233" pin=0"/></net>

<net id="241"><net_src comp="2" pin="0"/><net_sink comp="237" pin=0"/></net>

<net id="242"><net_src comp="233" pin="1"/><net_sink comp="237" pin=1"/></net>

<net id="247"><net_src comp="191" pin="2"/><net_sink comp="243" pin=0"/></net>

<net id="252"><net_src comp="200" pin="2"/><net_sink comp="248" pin=0"/></net>

<net id="257"><net_src comp="4" pin="0"/><net_sink comp="253" pin=0"/></net>

<net id="258"><net_src comp="253" pin="2"/><net_sink comp="135" pin=1"/></net>

<net id="266"><net_src comp="152" pin="2"/><net_sink comp="262" pin=0"/></net>

<net id="267"><net_src comp="259" pin="1"/><net_sink comp="262" pin=1"/></net>

<net id="272"><net_src comp="262" pin="2"/><net_sink comp="268" pin=0"/></net>

<net id="276"><net_src comp="273" pin="1"/><net_sink comp="145" pin=2"/></net>

<net id="280"><net_src comp="80" pin="1"/><net_sink comp="277" pin=0"/></net>

<net id="281"><net_src comp="277" pin="1"/><net_sink comp="178" pin=1"/></net>

<net id="282"><net_src comp="277" pin="1"/><net_sink comp="197" pin=0"/></net>

<net id="283"><net_src comp="277" pin="1"/><net_sink comp="248" pin=1"/></net>

<net id="287"><net_src comp="84" pin="1"/><net_sink comp="284" pin=0"/></net>

<net id="288"><net_src comp="284" pin="1"/><net_sink comp="173" pin=1"/></net>

<net id="289"><net_src comp="284" pin="1"/><net_sink comp="259" pin=0"/></net>

<net id="290"><net_src comp="284" pin="1"/><net_sink comp="268" pin=1"/></net>

<net id="291"><net_src comp="284" pin="1"/><net_sink comp="273" pin=0"/></net>

<net id="295"><net_src comp="88" pin="1"/><net_sink comp="292" pin=0"/></net>

<net id="296"><net_src comp="292" pin="1"/><net_sink comp="168" pin=1"/></net>

<net id="297"><net_src comp="292" pin="1"/><net_sink comp="183" pin=0"/></net>

<net id="298"><net_src comp="292" pin="1"/><net_sink comp="243" pin=1"/></net>

<net id="302"><net_src comp="92" pin="2"/><net_sink comp="299" pin=0"/></net>

<net id="303"><net_src comp="299" pin="1"/><net_sink comp="218" pin=1"/></net>

<net id="307"><net_src comp="116" pin="2"/><net_sink comp="304" pin=0"/></net>

<net id="308"><net_src comp="304" pin="1"/><net_sink comp="186" pin=1"/></net>

<net id="312"><net_src comp="156" pin="1"/><net_sink comp="309" pin=0"/></net>

<net id="313"><net_src comp="309" pin="1"/><net_sink comp="205" pin=1"/></net>

<net id="317"><net_src comp="160" pin="1"/><net_sink comp="314" pin=0"/></net>

<net id="318"><net_src comp="314" pin="1"/><net_sink comp="200" pin=1"/></net>

<net id="322"><net_src comp="164" pin="1"/><net_sink comp="319" pin=0"/></net>

<net id="323"><net_src comp="319" pin="1"/><net_sink comp="253" pin=1"/></net>

<net id="327"><net_src comp="186" pin="2"/><net_sink comp="324" pin=0"/></net>

<net id="331"><net_src comp="237" pin="2"/><net_sink comp="328" pin=0"/></net>

<net id="332"><net_src comp="328" pin="1"/><net_sink comp="128" pin=1"/></net>

<net id="333"><net_src comp="328" pin="1"/><net_sink comp="140" pin=1"/></net>

<net id="337"><net_src comp="135" pin="2"/><net_sink comp="334" pin=0"/></net>

<net id="338"><net_src comp="334" pin="1"/><net_sink comp="152" pin=1"/></net>

<net id="342"><net_src comp="140" pin="2"/><net_sink comp="339" pin=0"/></net>

<net id="343"><net_src comp="339" pin="1"/><net_sink comp="152" pin=0"/></net>

</net_list>

</model> 
---------------- Datapath Model END ------------------

* FSMD analyzer results:
  - Output states:
	Port: gmem1 | {}
	Port: gmem0 | {}
	Port: add187_out | {11 }
 - Input state : 
	Port: mmult_hw_Pipeline_loop3 : gmem2_load | {1 }
	Port: mmult_hw_Pipeline_loop3 : gmem1 | {3 4 5 6 7 8 9 10 11 }
	Port: mmult_hw_Pipeline_loop3 : gmem0 | {11 }
	Port: mmult_hw_Pipeline_loop3 : dim | {1 }
	Port: mmult_hw_Pipeline_loop3 : p_cast_cast | {1 }
	Port: mmult_hw_Pipeline_loop3 : dim_cast | {1 }
	Port: mmult_hw_Pipeline_loop3 : zext_ln17 | {1 }
	Port: mmult_hw_Pipeline_loop3 : in2 | {1 }
  - Chain level:
	State 1
		store_ln19 : 1
		store_ln0 : 1
	State 2
		icmp_ln19 : 1
		add_ln19 : 1
		br_ln19 : 2
		add_ln21_3 : 1
		add_ln21 : 1
		shl_ln : 2
		add_ln21_1 : 3
		trunc_ln21_1 : 4
		sext_ln21 : 5
		gmem1_addr : 6
		store_ln19 : 2
		store_ln21 : 2
	State 3
	State 4
	State 5
	State 6
	State 7
	State 8
	State 9
	State 10
	State 11
		gmem0_addr_read : 1
		write_ln0 : 1
	State 12
		add_ln21_2 : 1
		store_ln21 : 2


============================================================
+ Verbose Summary: Datapath Resource usage 
============================================================

* Functional unit list:
|----------|------------------------------|---------|---------|---------|
| Operation|        Functional Unit       |   DSP   |    FF   |   LUT   |
|----------|------------------------------|---------|---------|---------|
|          |        add_ln19_fu_191       |    0    |    0    |    39   |
|          |       add_ln21_3_fu_200      |    0    |    0    |    69   |
|    add   |        add_ln21_fu_205       |    0    |    0    |    69   |
|          |       add_ln21_1_fu_218      |    0    |    0    |    71   |
|          |       add_ln21_2_fu_262      |    0    |    0    |    39   |
|----------|------------------------------|---------|---------|---------|
|   icmp   |       icmp_ln19_fu_186       |    0    |    0    |    39   |
|----------|------------------------------|---------|---------|---------|
|    mul   |        mul_ln21_fu_152       |    3    |    0    |    20   |
|----------|------------------------------|---------|---------|---------|
|          |      in2_read_read_fu_92     |    0    |    0    |    0    |
|          |   zext_ln17_read_read_fu_98  |    0    |    0    |    0    |
|          |   dim_cast_read_read_fu_104  |    0    |    0    |    0    |
|   read   | p_cast_cast_read_read_fu_110 |    0    |    0    |    0    |
|          |     dim_read_read_fu_116     |    0    |    0    |    0    |
|          |  gmem2_load_read_read_fu_122 |    0    |    0    |    0    |
|          |  gmem0_addr_read_read_fu_135 |    0    |    0    |    0    |
|          |  gmem1_addr_read_read_fu_140 |    0    |    0    |    0    |
|----------|------------------------------|---------|---------|---------|
|  readreq |      grp_readreq_fu_128      |    0    |    0    |    0    |
|----------|------------------------------|---------|---------|---------|
|   write  |    write_ln0_write_fu_145    |    0    |    0    |    0    |
|----------|------------------------------|---------|---------|---------|
|   zext   |     zext_ln17_cast_fu_156    |    0    |    0    |    0    |
|----------|------------------------------|---------|---------|---------|
|          |     dim_cast_cast_fu_160     |    0    |    0    |    0    |
|   sext   |    p_cast_cast_cast_fu_164   |    0    |    0    |    0    |
|          |       sext_ln21_fu_233       |    0    |    0    |    0    |
|----------|------------------------------|---------|---------|---------|
|bitconcatenate|         shl_ln_fu_210        |    0    |    0    |    0    |
|----------|------------------------------|---------|---------|---------|
|partselect|      trunc_ln21_1_fu_223     |    0    |    0    |    0    |
|----------|------------------------------|---------|---------|---------|
|   Total  |                              |    3    |    0    |   346   |
|----------|------------------------------|---------|---------|---------|

Memories:
N/A

* Register list:
+------------------------+--------+
|                        |   FF   |
+------------------------+--------+
|     add187_reg_284     |   32   |
|  dim_cast_cast_reg_314 |   62   |
|    dim_read_reg_304    |   32   |
| gmem0_addr_read_reg_334|   32   |
| gmem1_addr_read_reg_339|   32   |
|   gmem1_addr_reg_328   |   32   |
|    icmp_ln19_reg_324   |    1   |
|    in2_read_reg_299    |   64   |
|        k_reg_292       |   32   |
|p_cast_cast_cast_reg_319|   64   |
|     phi_mul_reg_277    |   62   |
| zext_ln17_cast_reg_309 |   62   |
+------------------------+--------+
|          Total         |   507  |
+------------------------+--------+

* Multiplexer (MUX) list: 
|--------|------|------|------|--------|
|  Comp  |  Pin | Size |  BW  | S x BW |
|--------|------|------|------|--------|
|  Total |      |      |      |    0   |
|--------|------|------|------|--------|



* Summary:
+-----------+--------+--------+--------+
|           |   DSP  |   FF   |   LUT  |
+-----------+--------+--------+--------+
|  Function |    3   |    0   |   346  |
|   Memory  |    -   |    -   |    -   |
|Multiplexer|    -   |    -   |    -   |
|  Register |    -   |   507  |    -   |
+-----------+--------+--------+--------+
|   Total   |    3   |   507  |   346  |
+-----------+--------+--------+--------+
