INFO: [v++ 60-1548] Creating build summary session with primary output C:/GitRepos/EECE4632/HW4/Vitis/divby13_stream/divby13_stream\divby13_stream.hlscompile_summary, at 02/04/26 02:07:36
INFO: [v++ 82-31] Launching vitis_hls: vitis_hls -nolog -run csynth -work_dir C:/GitRepos/EECE4632/HW4/Vitis/divby13_stream/divby13_stream -config C:/GitRepos/EECE4632/HW4/Vitis/divby13_stream/divby13_stream.cfg -cmdlineconfig C:/GitRepos/EECE4632/HW4/Vitis/divby13_stream/divby13_stream/hls/config.cmdline
INFO: [HLS 200-10] For user 'theec' on host 'icarus' (Windows NT_amd64 version 10.0) on Wed Feb 04 02:07:38 -0500 2026
INFO: [HLS 200-10] In directory 'C:/GitRepos/EECE4632/HW4/Vitis/divby13_stream'
INFO: [HLS 200-2005] Using work_dir C:/GitRepos/EECE4632/HW4/Vitis/divby13_stream/divby13_stream 
INFO: [HLS 200-1505] Using default flow_target 'vivado'
Resolution: For help on HLS 200-1505 see docs.xilinx.com/access/sources/dita/topic?Doc_Version=2024.1%20English&url=ug1448-hls-guidance&resourceid=200-1505.html
WARNING: [HLS 200-2001] file not found 'divby13_streamcpp' see [hls] from C:/GitRepos/EECE4632/HW4/Vitis/divby13_stream/divby13_stream.cfg(9)
INFO: [HLS 200-1465] Applying ini 'syn.file=divby13_stream' from C:/GitRepos/EECE4632/HW4/Vitis/divby13_stream/divby13_stream.cfg(8)
INFO: [HLS 200-10] Adding design file 'C:/GitRepos/EECE4632/HW4/Vitis/divby13_stream/divby13_stream' to the project
INFO: [HLS 200-1465] Applying ini 'syn.file=divby13_streamcpp' from C:/GitRepos/EECE4632/HW4/Vitis/divby13_stream/divby13_stream.cfg(9)
WARNING: [HLS 200-40] Cannot find design file 'divby13_streamcpp'
INFO: [HLS 200-1465] Applying ini 'syn.file=C:\GitRepos\EECE4632\HW4\Vitis\divby13_stream\divby13_stream.cpp' from C:/GitRepos/EECE4632/HW4/Vitis/divby13_stream/divby13_stream.cfg(10)
INFO: [HLS 200-10] Adding design file 'C:/GitRepos/EECE4632/HW4/Vitis/divby13_stream/divby13_stream.cpp' to the project
INFO: [HLS 200-1465] Applying ini 'syn.top=divby13_stream' from C:/GitRepos/EECE4632/HW4/Vitis/divby13_stream/divby13_stream.cfg(7)
INFO: [HLS 200-1465] Applying ini 'flow_target=vivado' from C:/GitRepos/EECE4632/HW4/Vitis/divby13_stream/divby13_stream.cfg(4)
INFO: [HLS 200-1505] Using flow_target 'vivado'
Resolution: For help on HLS 200-1505 see docs.xilinx.com/access/sources/dita/topic?Doc_Version=2024.1%20English&url=ug1448-hls-guidance&resourceid=200-1505.html
INFO: [HLS 200-1465] Applying ini 'part=xczu3eg-sfvc784-2-e' from C:/GitRepos/EECE4632/HW4/Vitis/divby13_stream/divby13_stream.cfg(1)
INFO: [HLS 200-1611] Setting target device to 'xczu3eg-sfvc784-2-e'
INFO: [HLS 200-1465] Applying ini 'package.output.format=ip_catalog' from C:/GitRepos/EECE4632/HW4/Vitis/divby13_stream/divby13_stream.cfg(5)
WARNING: [HLS 200-40] Cannot find source file divby13_streamcpp; skipping it.
WARNING: [HLS 200-40] Cannot find source file divby13_stream; skipping it.
INFO: [HLS 200-111] Finished File checks and directory preparation: CPU user time: 2 seconds. CPU system time: 1 seconds. Elapsed time: 2.331 seconds; current allocated memory: 229.941 MB.
INFO: [HLS 200-10] Analyzing design file 'divby13_stream.cpp' ... 
INFO: [HLS 200-111] Finished Source Code Analysis and Preprocessing: CPU user time: 0 seconds. CPU system time: 0 seconds. Elapsed time: 3.06 seconds; current allocated memory: 232.562 MB.
INFO: [HLS 200-777] Using interface defaults for 'Vivado' flow target.
INFO: [HLS 200-1995] There were 171 instructions in the design after the 'Compile/Link' phase of compilation. See the Design Size Report for more details: C:/GitRepos/EECE4632/HW4/Vitis/divby13_stream/divby13_stream/hls/syn/report/csynth_design_size.rpt
INFO: [HLS 200-1995] There were 82 instructions in the design after the 'Unroll/Inline (step 1)' phase of compilation. See the Design Size Report for more details: C:/GitRepos/EECE4632/HW4/Vitis/divby13_stream/divby13_stream/hls/syn/report/csynth_design_size.rpt
INFO: [HLS 200-1995] There were 68 instructions in the design after the 'Unroll/Inline (step 2)' phase of compilation. See the Design Size Report for more details: C:/GitRepos/EECE4632/HW4/Vitis/divby13_stream/divby13_stream/hls/syn/report/csynth_design_size.rpt
INFO: [HLS 200-1995] There were 68 instructions in the design after the 'Unroll/Inline (step 3)' phase of compilation. See the Design Size Report for more details: C:/GitRepos/EECE4632/HW4/Vitis/divby13_stream/divby13_stream/hls/syn/report/csynth_design_size.rpt
INFO: [HLS 200-1995] There were 68 instructions in the design after the 'Unroll/Inline (step 4)' phase of compilation. See the Design Size Report for more details: C:/GitRepos/EECE4632/HW4/Vitis/divby13_stream/divby13_stream/hls/syn/report/csynth_design_size.rpt
INFO: [HLS 200-1995] There were 68 instructions in the design after the 'Array/Struct (step 1)' phase of compilation. See the Design Size Report for more details: C:/GitRepos/EECE4632/HW4/Vitis/divby13_stream/divby13_stream/hls/syn/report/csynth_design_size.rpt
INFO: [HLS 200-1995] There were 68 instructions in the design after the 'Array/Struct (step 2)' phase of compilation. See the Design Size Report for more details: C:/GitRepos/EECE4632/HW4/Vitis/divby13_stream/divby13_stream/hls/syn/report/csynth_design_size.rpt
INFO: [HLS 200-1995] There were 68 instructions in the design after the 'Array/Struct (step 3)' phase of compilation. See the Design Size Report for more details: C:/GitRepos/EECE4632/HW4/Vitis/divby13_stream/divby13_stream/hls/syn/report/csynth_design_size.rpt
INFO: [HLS 200-1995] There were 68 instructions in the design after the 'Array/Struct (step 4)' phase of compilation. See the Design Size Report for more details: C:/GitRepos/EECE4632/HW4/Vitis/divby13_stream/divby13_stream/hls/syn/report/csynth_design_size.rpt
INFO: [HLS 200-1995] There were 132 instructions in the design after the 'Array/Struct (step 5)' phase of compilation. See the Design Size Report for more details: C:/GitRepos/EECE4632/HW4/Vitis/divby13_stream/divby13_stream/hls/syn/report/csynth_design_size.rpt
INFO: [HLS 200-1995] There were 140 instructions in the design after the 'Performance (step 1)' phase of compilation. See the Design Size Report for more details: C:/GitRepos/EECE4632/HW4/Vitis/divby13_stream/divby13_stream/hls/syn/report/csynth_design_size.rpt
INFO: [HLS 200-1995] There were 132 instructions in the design after the 'Performance (step 2)' phase of compilation. See the Design Size Report for more details: C:/GitRepos/EECE4632/HW4/Vitis/divby13_stream/divby13_stream/hls/syn/report/csynth_design_size.rpt
INFO: [HLS 200-1995] There were 76 instructions in the design after the 'Performance (step 3)' phase of compilation. See the Design Size Report for more details: C:/GitRepos/EECE4632/HW4/Vitis/divby13_stream/divby13_stream/hls/syn/report/csynth_design_size.rpt
INFO: [HLS 200-1995] There were 76 instructions in the design after the 'Performance (step 4)' phase of compilation. See the Design Size Report for more details: C:/GitRepos/EECE4632/HW4/Vitis/divby13_stream/divby13_stream/hls/syn/report/csynth_design_size.rpt
INFO: [HLS 200-1995] There were 46 instructions in the design after the 'HW Transforms (step 1)' phase of compilation. See the Design Size Report for more details: C:/GitRepos/EECE4632/HW4/Vitis/divby13_stream/divby13_stream/hls/syn/report/csynth_design_size.rpt
INFO: [HLS 200-1995] There were 41 instructions in the design after the 'HW Transforms (step 2)' phase of compilation. See the Design Size Report for more details: C:/GitRepos/EECE4632/HW4/Vitis/divby13_stream/divby13_stream/hls/syn/report/csynth_design_size.rpt
INFO: [HLS 214-376] automatically set the pipeline for Loop< VITIS_LOOP_13_1> at divby13_stream.cpp:13:22 
INFO: [HLS 200-111] Finished Compiling Optimization and Transform: CPU user time: 0 seconds. CPU system time: 0 seconds. Elapsed time: 8.411 seconds; current allocated memory: 234.188 MB.
INFO: [HLS 200-111] Finished Checking Pragmas: CPU user time: 0 seconds. CPU system time: 0 seconds. Elapsed time: 0.002 seconds; current allocated memory: 234.188 MB.
INFO: [HLS 200-10] Starting code transformations ...
INFO: [HLS 200-111] Finished Standard Transforms: CPU user time: 0 seconds. CPU system time: 0 seconds. Elapsed time: 0.035 seconds; current allocated memory: 238.656 MB.
INFO: [HLS 200-10] Checking synthesizability ...
INFO: [HLS 200-111] Finished Checking Synthesizability: CPU user time: 0 seconds. CPU system time: 0 seconds. Elapsed time: 0.022 seconds; current allocated memory: 240.074 MB.
INFO: [HLS 200-111] Finished Loop, function and other optimizations: CPU user time: 0 seconds. CPU system time: 0 seconds. Elapsed time: 0.044 seconds; current allocated memory: 261.027 MB.
INFO: [HLS 200-111] Finished Architecture Synthesis: CPU user time: 0 seconds. CPU system time: 0 seconds. Elapsed time: 0.037 seconds; current allocated memory: 261.043 MB.
INFO: [HLS 200-10] Starting hardware synthesis ...
INFO: [HLS 200-10] Synthesizing 'divby13_stream' ...
INFO: [SYN 201-201] Setting up clock 'default' with a period of 10ns.
INFO: [HLS 200-10] ----------------------------------------------------------------
INFO: [HLS 200-42] -- Implementing module 'divby13_stream' 
INFO: [HLS 200-10] ----------------------------------------------------------------
INFO: [SCHED 204-11] Starting scheduling ...
INFO: [SCHED 204-61] Pipelining loop 'VITIS_LOOP_13_1'.
INFO: [HLS 200-1470] Pipelining result : Target II = NA, Final II = 1, Depth = 37, loop 'VITIS_LOOP_13_1'
INFO: [SCHED 204-11] Finished scheduling.
INFO: [HLS 200-111] Finished Scheduling: CPU user time: 0 seconds. CPU system time: 0 seconds. Elapsed time: 0.165 seconds; current allocated memory: 261.043 MB.
INFO: [BIND 205-100] Starting micro-architecture generation ...
INFO: [BIND 205-101] Performing variable lifetime analysis.
INFO: [BIND 205-101] Exploring resource sharing.
INFO: [BIND 205-101] Binding ...
INFO: [BIND 205-100] Finished micro-architecture generation.
INFO: [HLS 200-111] Finished Binding: CPU user time: 0 seconds. CPU system time: 0 seconds. Elapsed time: 0.057 seconds; current allocated memory: 261.043 MB.
INFO: [HLS 200-10] ----------------------------------------------------------------
INFO: [HLS 200-10] -- Generating RTL for module 'divby13_stream' 
INFO: [HLS 200-10] ----------------------------------------------------------------
WARNING: [RTGEN 206-101] Design contains AXI ports. Reset is fixed to synchronous and active low.
INFO: [RTGEN 206-500] Setting interface mode on port 'divby13_stream/a_V_data_V' to 'axis' (register, both mode).
INFO: [RTGEN 206-500] Setting interface mode on port 'divby13_stream/a_V_keep_V' to 'axis' (register, both mode).
INFO: [RTGEN 206-500] Setting interface mode on port 'divby13_stream/a_V_strb_V' to 'axis' (register, both mode).
INFO: [RTGEN 206-500] Setting interface mode on port 'divby13_stream/a_V_last_V' to 'axis' (register, both mode).
INFO: [RTGEN 206-500] Setting interface mode on port 'divby13_stream/result_V_data_V' to 'axis' (register, both mode).
INFO: [RTGEN 206-500] Setting interface mode on port 'divby13_stream/result_V_keep_V' to 'axis' (register, both mode).
INFO: [RTGEN 206-500] Setting interface mode on port 'divby13_stream/result_V_strb_V' to 'axis' (register, both mode).
INFO: [RTGEN 206-500] Setting interface mode on port 'divby13_stream/result_V_last_V' to 'axis' (register, both mode).
INFO: [RTGEN 206-500] Setting interface mode on function 'divby13_stream' to 's_axilite & ap_ctrl_hs'.
INFO: [HLS 200-1030] Apply Unified Pipeline Control on module 'divby13_stream' pipeline 'VITIS_LOOP_13_1' pipeline type 'loop pipeline'
INFO: [RTGEN 206-100] Bundling port 'return' to AXI-Lite port control.
INFO: [RTGEN 206-100] Generating core module 'srem_32ns_5ns_5_36_1': 1 instance(s).
INFO: [RTGEN 206-100] Finished creating RTL model for 'divby13_stream'.
INFO: [HLS 200-111] Finished Creating RTL model: CPU user time: 0 seconds. CPU system time: 0 seconds. Elapsed time: 1.629 seconds; current allocated memory: 262.383 MB.
INFO: [HLS 200-111] Finished Generating all RTL models: CPU user time: 0 seconds. CPU system time: 0 seconds. Elapsed time: 0.357 seconds; current allocated memory: 266.922 MB.
INFO: [HLS 200-111] Finished Updating report files: CPU user time: 0 seconds. CPU system time: 1 seconds. Elapsed time: 0.528 seconds; current allocated memory: 269.895 MB.
INFO: [VHDL 208-304] Generating VHDL RTL for divby13_stream.
INFO: [VLOG 209-307] Generating Verilog RTL for divby13_stream.
INFO: [HLS 200-790] **** Loop Constraint Status: All loop constraints were satisfied.
INFO: [HLS 200-789] **** Estimated Fmax: 365.10 MHz
INFO: [HLS 200-112] Total CPU user time: 2 seconds. Total CPU system time: 2 seconds. Total elapsed time: 16.78 seconds; peak allocated memory: 270.172 MB.
INFO: [v++ 60-791] Total elapsed time: 0h 0m 20s
