02/04/26 01:37:22: Running xcd server. This server was NOT built by gradle, but presumably rdi.
02/04/26 01:37:22: Server was asked to start on port: '62604'
02/04/26 01:37:22: Server is using token UUID: '68f8feeb-db11-4161-9483-7a5e67e3e79b'
02/04/26 01:37:22: SESSION_MGR: creating session with session uuid: '6d04a3e9-ade5-4ab9-8d63-1f78fcd2ec76' and name 'default'
02/04/26 01:37:22: Attempting to start server on port '62604'
02/04/26 01:37:22: Running Dispatch Server
02/04/26 01:37:22: Version 2.2.0
02/04/26 01:37:24: Dispatch Server: Accepted socket connection from client
02/04/26 01:37:24: Starting Socket connection
02/04/26 01:37:24: EXCHANGE_TOKEN received, server token: 68f8feeb-db11-4161-9483-7a5e67e3e79b, passed token: 68f8feeb-db11-4161-9483-7a5e67e3e79b
02/04/26 01:37:24: DISPATCH_HANDLER: Adding handler from function makeHandler in library librdi_system_diagram failed with exception: Could not dynamically load librdi_system_diagram.dll
02/04/26 01:37:24: SESSION_MGR: creating session with session uuid: 'fcc3043e-7873-4747-b8b6-3308ae587594' and name 'v++_compile_divby13_stream'
02/04/26 01:37:24: KERNEL_SVC: creating session with uuid: 'fcc3043e-7873-4747-b8b6-3308ae587594' and name 'v++_compile_divby13_stream'
02/04/26 01:37:24: GUIDANCE_SMGR: creating guidance session with uuid: 'fcc3043e-7873-4747-b8b6-3308ae587594' and name 'v++_compile_divby13_stream'
02/04/26 01:37:28: Dispatch Server: Accepted socket connection from client
02/04/26 01:37:28: Starting Socket connection
02/04/26 01:37:28: SESSION_MGR: closing session for UUID 'fcc3043e-7873-4747-b8b6-3308ae587594' with name 'v++_compile_divby13_stream'
02/04/26 01:37:28: KERNEL_SVC: closing session for UUID 'fcc3043e-7873-4747-b8b6-3308ae587594' with name 'v++_compile_divby13_stream'
02/04/26 01:37:28: GUIDANCE_SMGR: closing session for UUID 'fcc3043e-7873-4747-b8b6-3308ae587594' with name 'v++_compile_divby13_stream'
02/04/26 01:37:28: STOP_SERVER received, server token: 68f8feeb-db11-4161-9483-7a5e67e3e79b, passed token: 68f8feeb-db11-4161-9483-7a5e67e3e79b
02/04/26 01:37:28: Socket received request to stop server.
02/04/26 01:37:28: Dispatch Server: do_await_stop
02/04/26 01:37:28: SERVER: destructor for server bound to port 62604
02/04/26 01:37:28: Server exiting with status 0.
02/04/26 01:37:28: Closing log file.
02/04/26 01:40:17: Running xcd server. This server was NOT built by gradle, but presumably rdi.
02/04/26 01:40:17: Server was asked to start on port: '52480'
02/04/26 01:40:17: Server is using token UUID: '58737252-73a6-40d4-ac38-95b224e20254'
02/04/26 01:40:17: SESSION_MGR: creating session with session uuid: '6d04a3e9-ade5-4ab9-8d63-1f78fcd2ec76' and name 'default'
02/04/26 01:40:17: Attempting to start server on port '52480'
02/04/26 01:40:17: Running Dispatch Server
02/04/26 01:40:17: Version 2.2.0
02/04/26 01:40:19: Dispatch Server: Accepted socket connection from client
02/04/26 01:40:19: Starting Socket connection
02/04/26 01:40:19: EXCHANGE_TOKEN received, server token: 58737252-73a6-40d4-ac38-95b224e20254, passed token: 58737252-73a6-40d4-ac38-95b224e20254
02/04/26 01:40:19: DISPATCH_HANDLER: Adding handler from function makeHandler in library librdi_system_diagram failed with exception: Could not dynamically load librdi_system_diagram.dll
02/04/26 01:40:19: SESSION_MGR: creating session with session uuid: '3a51827e-a609-4a4c-b90d-9c875c53fd49' and name 'v++_compile_divby13_stream'
02/04/26 01:40:19: KERNEL_SVC: creating session with uuid: '3a51827e-a609-4a4c-b90d-9c875c53fd49' and name 'v++_compile_divby13_stream'
02/04/26 01:40:19: GUIDANCE_SMGR: creating guidance session with uuid: '3a51827e-a609-4a4c-b90d-9c875c53fd49' and name 'v++_compile_divby13_stream'
02/04/26 01:40:23: Dispatch Server: Accepted socket connection from client
02/04/26 01:40:23: Starting Socket connection
02/04/26 01:40:40: SESSION_MGR: closing session for UUID '3a51827e-a609-4a4c-b90d-9c875c53fd49' with name 'v++_compile_divby13_stream'
02/04/26 01:40:40: KERNEL_SVC: closing session for UUID '3a51827e-a609-4a4c-b90d-9c875c53fd49' with name 'v++_compile_divby13_stream'
02/04/26 01:40:40: GUIDANCE_SMGR: closing session for UUID '3a51827e-a609-4a4c-b90d-9c875c53fd49' with name 'v++_compile_divby13_stream'
02/04/26 01:40:40: STOP_SERVER received, server token: 58737252-73a6-40d4-ac38-95b224e20254, passed token: 58737252-73a6-40d4-ac38-95b224e20254
02/04/26 01:40:40: Socket received request to stop server.
02/04/26 01:40:40: Dispatch Server: do_await_stop
02/04/26 01:40:40: SERVER: destructor for server bound to port 52480
02/04/26 01:40:40: Server exiting with status 0.
02/04/26 01:40:40: Closing log file.
02/04/26 01:45:48: Running xcd server. This server was NOT built by gradle, but presumably rdi.
02/04/26 01:45:48: Server was asked to start on port: '57540'
02/04/26 01:45:48: Server is using token UUID: 'c6d33000-7653-4b08-b391-f6523f3475f1'
02/04/26 01:45:48: SESSION_MGR: creating session with session uuid: '6d04a3e9-ade5-4ab9-8d63-1f78fcd2ec76' and name 'default'
02/04/26 01:45:48: Attempting to start server on port '57540'
02/04/26 01:45:48: Running Dispatch Server
02/04/26 01:45:48: Version 2.2.0
02/04/26 01:45:50: Dispatch Server: Accepted socket connection from client
02/04/26 01:45:50: Starting Socket connection
02/04/26 01:45:50: EXCHANGE_TOKEN received, server token: c6d33000-7653-4b08-b391-f6523f3475f1, passed token: c6d33000-7653-4b08-b391-f6523f3475f1
02/04/26 01:45:50: DISPATCH_HANDLER: Adding handler from function makeHandler in library librdi_system_diagram failed with exception: Could not dynamically load librdi_system_diagram.dll
02/04/26 01:45:50: SESSION_MGR: creating session with session uuid: '1d16b951-e6f0-4873-9867-c6f7a8772148' and name 'vitis-run_compile_divby13_stream'
02/04/26 01:45:50: KERNEL_SVC: creating session with uuid: '1d16b951-e6f0-4873-9867-c6f7a8772148' and name 'vitis-run_compile_divby13_stream'
02/04/26 01:45:50: GUIDANCE_SMGR: creating guidance session with uuid: '1d16b951-e6f0-4873-9867-c6f7a8772148' and name 'vitis-run_compile_divby13_stream'
02/04/26 01:45:54: Dispatch Server: Accepted socket connection from client
02/04/26 01:45:54: Starting Socket connection
02/04/26 01:46:06: SESSION_MGR: closing session for UUID '1d16b951-e6f0-4873-9867-c6f7a8772148' with name 'vitis-run_compile_divby13_stream'
02/04/26 01:46:06: KERNEL_SVC: closing session for UUID '1d16b951-e6f0-4873-9867-c6f7a8772148' with name 'vitis-run_compile_divby13_stream'
02/04/26 01:46:06: GUIDANCE_SMGR: closing session for UUID '1d16b951-e6f0-4873-9867-c6f7a8772148' with name 'vitis-run_compile_divby13_stream'
02/04/26 01:46:06: STOP_SERVER received, server token: c6d33000-7653-4b08-b391-f6523f3475f1, passed token: c6d33000-7653-4b08-b391-f6523f3475f1
02/04/26 01:46:06: Socket received request to stop server.
02/04/26 01:46:06: Dispatch Server: do_await_stop
02/04/26 01:46:06: SERVER: destructor for server bound to port 57540
02/04/26 01:46:06: Server exiting with status 0.
02/04/26 01:46:06: Closing log file.
02/04/26 02:07:34: Running xcd server. This server was NOT built by gradle, but presumably rdi.
02/04/26 02:07:34: Server was asked to start on port: '64113'
02/04/26 02:07:34: Server is using token UUID: 'af93fcf3-01ce-459f-8f05-d382109bcd31'
02/04/26 02:07:34: SESSION_MGR: creating session with session uuid: '6d04a3e9-ade5-4ab9-8d63-1f78fcd2ec76' and name 'default'
02/04/26 02:07:34: Attempting to start server on port '64113'
02/04/26 02:07:34: Running Dispatch Server
02/04/26 02:07:34: Version 2.2.0
02/04/26 02:07:36: Dispatch Server: Accepted socket connection from client
02/04/26 02:07:36: Starting Socket connection
02/04/26 02:07:36: EXCHANGE_TOKEN received, server token: af93fcf3-01ce-459f-8f05-d382109bcd31, passed token: af93fcf3-01ce-459f-8f05-d382109bcd31
02/04/26 02:07:36: DISPATCH_HANDLER: Adding handler from function makeHandler in library librdi_system_diagram failed with exception: Could not dynamically load librdi_system_diagram.dll
02/04/26 02:07:36: SESSION_MGR: creating session with session uuid: 'cf939001-b5d5-48a4-aa9f-637d037919af' and name 'v++_compile_divby13_stream'
02/04/26 02:07:36: KERNEL_SVC: creating session with uuid: 'cf939001-b5d5-48a4-aa9f-637d037919af' and name 'v++_compile_divby13_stream'
02/04/26 02:07:36: GUIDANCE_SMGR: creating guidance session with uuid: 'cf939001-b5d5-48a4-aa9f-637d037919af' and name 'v++_compile_divby13_stream'
02/04/26 02:07:40: Dispatch Server: Accepted socket connection from client
02/04/26 02:07:40: Starting Socket connection
02/04/26 02:07:54: SESSION_MGR: closing session for UUID 'cf939001-b5d5-48a4-aa9f-637d037919af' with name 'v++_compile_divby13_stream'
02/04/26 02:07:54: KERNEL_SVC: closing session for UUID 'cf939001-b5d5-48a4-aa9f-637d037919af' with name 'v++_compile_divby13_stream'
02/04/26 02:07:54: GUIDANCE_SMGR: closing session for UUID 'cf939001-b5d5-48a4-aa9f-637d037919af' with name 'v++_compile_divby13_stream'
02/04/26 02:07:54: STOP_SERVER received, server token: af93fcf3-01ce-459f-8f05-d382109bcd31, passed token: af93fcf3-01ce-459f-8f05-d382109bcd31
02/04/26 02:07:54: Socket received request to stop server.
02/04/26 02:07:54: Dispatch Server: do_await_stop
02/04/26 02:07:54: SERVER: destructor for server bound to port 64113
02/04/26 02:07:54: Server exiting with status 0.
02/04/26 02:07:54: Closing log file.
02/04/26 02:42:00: Running xcd server. This server was NOT built by gradle, but presumably rdi.
02/04/26 02:42:00: Server was asked to start on port: '60853'
02/04/26 02:42:00: Server is using token UUID: 'f2cc6b29-c0ce-474a-ad09-8cd4a8ec75bf'
02/04/26 02:42:00: SESSION_MGR: creating session with session uuid: '6d04a3e9-ade5-4ab9-8d63-1f78fcd2ec76' and name 'default'
02/04/26 02:42:00: Attempting to start server on port '60853'
02/04/26 02:42:00: Running Dispatch Server
02/04/26 02:42:00: Version 2.2.0
02/04/26 02:42:02: Dispatch Server: Accepted socket connection from client
02/04/26 02:42:02: Starting Socket connection
02/04/26 02:42:02: EXCHANGE_TOKEN received, server token: f2cc6b29-c0ce-474a-ad09-8cd4a8ec75bf, passed token: f2cc6b29-c0ce-474a-ad09-8cd4a8ec75bf
02/04/26 02:42:02: DISPATCH_HANDLER: Adding handler from function makeHandler in library librdi_system_diagram failed with exception: Could not dynamically load librdi_system_diagram.dll
02/04/26 02:42:02: SESSION_MGR: creating session with session uuid: 'def59c6b-27b0-4c83-aaa8-8d40b79042cb' and name 'vitis-run_compile_divby13_stream'
02/04/26 02:42:02: KERNEL_SVC: creating session with uuid: 'def59c6b-27b0-4c83-aaa8-8d40b79042cb' and name 'vitis-run_compile_divby13_stream'
02/04/26 02:42:02: GUIDANCE_SMGR: creating guidance session with uuid: 'def59c6b-27b0-4c83-aaa8-8d40b79042cb' and name 'vitis-run_compile_divby13_stream'
02/04/26 02:42:06: Dispatch Server: Accepted socket connection from client
02/04/26 02:42:06: Starting Socket connection
02/04/26 02:42:19: SESSION_MGR: closing session for UUID 'def59c6b-27b0-4c83-aaa8-8d40b79042cb' with name 'vitis-run_compile_divby13_stream'
02/04/26 02:42:19: KERNEL_SVC: closing session for UUID 'def59c6b-27b0-4c83-aaa8-8d40b79042cb' with name 'vitis-run_compile_divby13_stream'
02/04/26 02:42:19: GUIDANCE_SMGR: closing session for UUID 'def59c6b-27b0-4c83-aaa8-8d40b79042cb' with name 'vitis-run_compile_divby13_stream'
02/04/26 02:42:19: STOP_SERVER received, server token: f2cc6b29-c0ce-474a-ad09-8cd4a8ec75bf, passed token: f2cc6b29-c0ce-474a-ad09-8cd4a8ec75bf
02/04/26 02:42:19: Socket received request to stop server.
02/04/26 02:42:19: Dispatch Server: do_await_stop
02/04/26 02:42:19: SERVER: destructor for server bound to port 60853
02/04/26 02:42:19: Server exiting with status 0.
02/04/26 02:42:19: Closing log file.
