

================================================================
== Synthesis Summary Report of 'mmult_hw'
================================================================
+ General Information: 
    * Date:           Mon Feb 23 03:01:02 2026
    * Version:        2024.1 (Build 5069499 on May 21 2024)
    * Project:        matmul_D13_Tiled_FullAP
    * Solution:       hls (Vivado IP Flow Target)
    * Product family: zynquplus
    * Target device:  xczu3eg-sbva484-1-e
    

+ Performance & Resource Estimates: 
    
    PS: '+' for module; 'o' for loop; '*' for dataflow
    +------------------------------------------------+------+------+---------+-----------+----------+---------+------+----------+---------+---------+-----------+-----------+-----+
    |                     Modules                    | Issue|      | Latency |  Latency  | Iteration|         | Trip |          |         |         |           |           |     |
    |                     & Loops                    | Type | Slack| (cycles)|    (ns)   |  Latency | Interval| Count| Pipelined|  BRAM   |   DSP   |     FF    |    LUT    | URAM|
    +------------------------------------------------+------+------+---------+-----------+----------+---------+------+----------+---------+---------+-----------+-----------+-----+
    |+ mmult_hw                                      |     -|  0.00|  3338065|  3.338e+07|         -|  3338066|     -|        no|  4 (~0%)|   9 (2%)|  6426 (4%)|  5964 (8%)|    -|
    | o tile_i                                       |     -|  7.30|  3338064|  3.338e+07|    417258|        -|     8|        no|        -|        -|          -|          -|    -|
    |  o tile_j                                      |     -|  7.30|   417256|  4.173e+06|     52157|        -|     8|        no|        -|        -|          -|          -|    -|
    |   + mmult_hw_Pipeline_init_i_init_j            |     -|  3.62|      258|  2.580e+03|         -|      258|     -|        no|        -|        -|   21 (~0%)|  143 (~0%)|    -|
    |    o init_i_init_j                             |     -|  7.30|      256|  2.560e+03|         1|        1|   256|       yes|        -|        -|          -|          -|    -|
    |   o tile_k                                     |     -|  7.30|    51896|  5.190e+05|      6487|        -|     8|        no|        -|        -|          -|          -|    -|
    |    + mmult_hw_Pipeline_load_a_VITIS_LOOP_27_1  |     -|  0.00|      268|  2.680e+03|         -|      268|     -|        no|        -|  2 (~0%)|  424 (~0%)|  455 (~0%)|    -|
    |     o load_a_VITIS_LOOP_27_1                   |     -|  7.30|      266|  2.660e+03|        12|        1|   256|       yes|        -|        -|          -|          -|    -|
    |    + mmult_hw_Pipeline_load_b_VITIS_LOOP_30_2  |     -|  0.00|      268|  2.680e+03|         -|      268|     -|        no|        -|  2 (~0%)|  416 (~0%)|  465 (~0%)|    -|
    |     o load_b_VITIS_LOOP_30_2                   |     -|  7.30|      266|  2.660e+03|        12|        1|   256|       yes|        -|        -|          -|          -|    -|
    |    + mmult_hw_Pipeline_store_i_store_j         |     -|  0.00|      265|  2.650e+03|         -|      265|     -|        no|        -|  2 (~0%)|  808 (~0%)|  482 (~0%)|    -|
    |     o store_i_store_j                          |     -|  7.30|      263|  2.630e+03|         9|        1|   256|       yes|        -|        -|          -|          -|    -|
    |    o comp_i                                    |     -|  7.30|     5680|  5.680e+04|       355|        -|    16|        no|        -|        -|          -|          -|    -|
    |     o comp_j                                   |     -|  7.30|      352|  3.520e+03|        22|        -|    16|        no|        -|        -|          -|          -|    -|
    |      + mmult_hw_Pipeline_comp_k                |     -|  1.16|       18|    180.000|         -|       18|     -|        no|        -|  3 (~0%)|   40 (~0%)|  252 (~0%)|    -|
    |       o comp_k                                 |     -|  7.30|       16|    160.000|         1|        1|    16|       yes|        -|        -|          -|          -|    -|
    +------------------------------------------------+------+------+---------+-----------+----------+---------+------+----------+---------+---------+-----------+-----------+-----+


================================================================
== HW Interfaces
================================================================
* M_AXI
+------------+------------+------------+---------------+---------+--------+----------+-----------+--------------+--------------+-------------+-------------+-------------------+
| Interface  | Read/Write | Data Width | Address Width | Latency | Offset | Register | Max Widen | Max Read     | Max Write    | Num Read    | Num Write   | Resource Estimate |
|            |            | (SW->HW)   |               |         |        |          | Bitwidth  | Burst Length | Burst Length | Outstanding | Outstanding |                   |
+------------+------------+------------+---------------+---------+--------+----------+-----------+--------------+--------------+-------------+-------------+-------------------+
| m_axi_gmem | READ_WRITE | 32 -> 32   | 64            | 0       | slave  | 0        | 0         | 16           | 16           | 16          | 16          | BRAM=4            |
+------------+------------+------------+---------------+---------+--------+----------+-----------+--------------+--------------+-------------+-------------+-------------------+

* S_AXILITE Interfaces
+------------+------------+---------------+--------+----------+
| Interface  | Data Width | Address Width | Offset | Register |
+------------+------------+---------------+--------+----------+
| s_axi_CTRL | 32         | 6             | 16     | 0        |
+------------+------------+---------------+--------+----------+

* S_AXILITE Registers
+------------+----------+--------+-------+--------+----------------------------------+----------------------------------------------------------------------+
| Interface  | Register | Offset | Width | Access | Description                      | Bit Fields                                                           |
+------------+----------+--------+-------+--------+----------------------------------+----------------------------------------------------------------------+
| s_axi_CTRL | CTRL     | 0x00   | 32    | RW     | Control signals                  | 0=AP_START 1=AP_DONE 2=AP_IDLE 3=AP_READY 7=AUTO_RESTART 9=INTERRUPT |
| s_axi_CTRL | GIER     | 0x04   | 32    | RW     | Global Interrupt Enable Register | 0=Enable                                                             |
| s_axi_CTRL | IP_IER   | 0x08   | 32    | RW     | IP Interrupt Enable Register     | 0=CHAN0_INT_EN 1=CHAN1_INT_EN                                        |
| s_axi_CTRL | IP_ISR   | 0x0c   | 32    | RW     | IP Interrupt Status Register     | 0=CHAN0_INT_ST 1=CHAN1_INT_ST                                        |
| s_axi_CTRL | in1_1    | 0x10   | 32    | W      | Data signal of in1               |                                                                      |
| s_axi_CTRL | in1_2    | 0x14   | 32    | W      | Data signal of in1               |                                                                      |
| s_axi_CTRL | in2_1    | 0x1c   | 32    | W      | Data signal of in2               |                                                                      |
| s_axi_CTRL | in2_2    | 0x20   | 32    | W      | Data signal of in2               |                                                                      |
| s_axi_CTRL | out_r_1  | 0x28   | 32    | W      | Data signal of out_r             |                                                                      |
| s_axi_CTRL | out_r_2  | 0x2c   | 32    | W      | Data signal of out_r             |                                                                      |
| s_axi_CTRL | dim      | 0x34   | 32    | W      | Data signal of dim               |                                                                      |
+------------+----------+--------+-------+--------+----------------------------------+----------------------------------------------------------------------+

* TOP LEVEL CONTROL
+-----------+------------+-----------+
| Interface | Type       | Ports     |
+-----------+------------+-----------+
| ap_clk    | clock      | ap_clk    |
| ap_rst_n  | reset      | ap_rst_n  |
| interrupt | interrupt  | interrupt |
| ap_ctrl   | ap_ctrl_hs |           |
+-----------+------------+-----------+


================================================================
== SW I/O Information
================================================================
* Top Function Arguments
+----------+-----------+----------+
| Argument | Direction | Datatype |
+----------+-----------+----------+
| in1      | inout     | int*     |
| in2      | inout     | int*     |
| out      | inout     | int*     |
| dim      | in        | int      |
+----------+-----------+----------+

* SW-to-HW Mapping
+----------+--------------+-----------+----------+-----------------------------------+
| Argument | HW Interface | HW Type   | HW Usage | HW Info                           |
+----------+--------------+-----------+----------+-----------------------------------+
| in1      | m_axi_gmem   | interface |          | channel=0                         |
| in1      | s_axi_CTRL   | register  | offset   | name=in1_1 offset=0x10 range=32   |
| in1      | s_axi_CTRL   | register  | offset   | name=in1_2 offset=0x14 range=32   |
| in2      | m_axi_gmem   | interface |          | channel=0                         |
| in2      | s_axi_CTRL   | register  | offset   | name=in2_1 offset=0x1c range=32   |
| in2      | s_axi_CTRL   | register  | offset   | name=in2_2 offset=0x20 range=32   |
| out      | m_axi_gmem   | interface |          | channel=0                         |
| out      | s_axi_CTRL   | register  | offset   | name=out_r_1 offset=0x28 range=32 |
| out      | s_axi_CTRL   | register  | offset   | name=out_r_2 offset=0x2c range=32 |
| dim      | s_axi_CTRL   | register  |          | name=dim offset=0x34 range=32     |
+----------+--------------+-----------+----------+-----------------------------------+


================================================================
== M_AXI Burst Information
================================================================
 Note: All burst requests might be further partitioned into multiple requests during RTL generation based on max_read_burst_length or max_write_burst_length settings.

* Inferred Burst Summary
+--------------+-----------+--------+-------+-----------------+--------------------------+
| HW Interface | Direction | Length | Width | Loop            | Loop Location            |
+--------------+-----------+--------+-------+-----------------+--------------------------+
| m_axi_gmem   | read      | 16     | 32    | VITIS_LOOP_27_1 | mmult_baseline.cpp:27:34 |
| m_axi_gmem   | read      | 16     | 32    | VITIS_LOOP_30_2 | mmult_baseline.cpp:30:34 |
| m_axi_gmem   | write     | 16     | 32    | store_j         | mmult_baseline.cpp:43:22 |
+--------------+-----------+--------+-------+-----------------+--------------------------+

* All M_AXI Variable Accesses
+--------------+----------+--------------------------+-----------+--------------+--------+-----------------+--------------------------+------------+-------------------------------------------------------------------------------------------------------+
| HW Interface | Variable | Access Location          | Direction | Burst Status | Length | Loop            | Loop Location            | Resolution | Problem                                                                                               |
+--------------+----------+--------------------------+-----------+--------------+--------+-----------------+--------------------------+------------+-------------------------------------------------------------------------------------------------------+
| m_axi_gmem   | in1      | mmult_baseline.cpp:28:32 | read      | Widen Fail   |        | VITIS_LOOP_27_1 | mmult_baseline.cpp:27:34 | 214-353    | Could not widen since type i32 size is greater than or equal to the max_widen_bitwidth threshold of 0 |
| m_axi_gmem   | in1      | mmult_baseline.cpp:28:32 | read      | Fail         |        | load_a          | mmult_baseline.cpp:26:21 | 214-230    | Stride is incompatible                                                                                |
| m_axi_gmem   | in1      | mmult_baseline.cpp:28:32 | read      | Inferred     | 16     | VITIS_LOOP_27_1 | mmult_baseline.cpp:27:34 |            |                                                                                                       |
| m_axi_gmem   | in2      | mmult_baseline.cpp:31:32 | read      | Widen Fail   |        | VITIS_LOOP_30_2 | mmult_baseline.cpp:30:34 | 214-353    | Could not widen since type i32 size is greater than or equal to the max_widen_bitwidth threshold of 0 |
| m_axi_gmem   | in2      | mmult_baseline.cpp:31:32 | read      | Fail         |        | load_b          | mmult_baseline.cpp:29:21 | 214-230    | Stride is incompatible                                                                                |
| m_axi_gmem   | in2      | mmult_baseline.cpp:31:32 | read      | Inferred     | 16     | VITIS_LOOP_30_2 | mmult_baseline.cpp:30:34 |            |                                                                                                       |
| m_axi_gmem   | out      | mmult_baseline.cpp:45:35 | write     | Widen Fail   |        | store_j         | mmult_baseline.cpp:43:22 | 214-353    | Could not widen since type i32 size is greater than or equal to the max_widen_bitwidth threshold of 0 |
| m_axi_gmem   | out      | mmult_baseline.cpp:45:35 | write     | Fail         |        | store_i         | mmult_baseline.cpp:42:18 | 214-230    | Stride is incompatible                                                                                |
| m_axi_gmem   | out      | mmult_baseline.cpp:45:35 | write     | Inferred     | 16     | store_j         | mmult_baseline.cpp:43:22 |            |                                                                                                       |
+--------------+----------+--------------------------+-----------+--------------+--------+-----------------+--------------------------+------------+-------------------------------------------------------------------------------------------------------+

    * Resolution URL: docs.xilinx.com/access/sources/dita/topic?Doc_Version=2024.1%20English&url=ug1448-hls-guidance&resourceid=XXX-YYY.html (replace XXX-YYY with column value)

================================================================
== Bind Op Report
================================================================
+---------------------------------------------+-----+--------+---------------+-----------+----------+---------+
| Name                                        | DSP | Pragma | Variable      | Op        | Impl     | Latency |
+---------------------------------------------+-----+--------+---------------+-----------+----------+---------+
| + mmult_hw                                  | 9   |        |               |           |          |         |
|   icmp_ln19_fu_2184_p2                      |     |        | icmp_ln19     | seteq     | auto     | 0       |
|   add_ln19_fu_2190_p2                       |     |        | add_ln19      | add       | fabric   | 0       |
|   mul_3ns_32s_35_1_1_U125                   |     |        | empty_32      | mul       | auto     | 0       |
|   icmp_ln20_fu_2217_p2                      |     |        | icmp_ln20     | seteq     | auto     | 0       |
|   add_ln20_fu_2223_p2                       |     |        | add_ln20      | add       | fabric   | 0       |
|   icmp_ln25_fu_2244_p2                      |     |        | icmp_ln25     | seteq     | auto     | 0       |
|   add_ln25_fu_2250_p2                       |     |        | add_ln25      | add       | fabric   | 0       |
|   mul_3ns_32s_35_1_1_U126                   |     |        | empty_34      | mul       | auto     | 0       |
|   icmp_ln32_fu_2286_p2                      |     |        | icmp_ln32     | seteq     | auto     | 0       |
|   add_ln32_fu_2292_p2                       |     |        | add_ln32      | add       | fabric   | 0       |
|   icmp_ln33_fu_2334_p2                      |     |        | icmp_ln33     | seteq     | auto     | 0       |
|   add_ln33_fu_2340_p2                       |     |        | add_ln33      | add       | fabric   | 0       |
|   sparsemux_33_4_32_1_1_U127                |     |        | acc           | sparsemux | auto     | 0       |
|  + mmult_hw_Pipeline_init_i_init_j          | 0   |        |               |           |          |         |
|    icmp_ln21_fu_348_p2                      |     |        | icmp_ln21     | seteq     | auto     | 0       |
|    add_ln21_fu_354_p2                       |     |        | add_ln21      | add       | fabric   | 0       |
|    icmp_ln22_fu_366_p2                      |     |        | icmp_ln22     | seteq     | auto     | 0       |
|    select_ln21_fu_372_p3                    |     |        | select_ln21   | select    | auto_sel | 0       |
|    add_ln21_1_fu_380_p2                     |     |        | add_ln21_1    | add       | fabric   | 0       |
|    select_ln21_1_fu_386_p3                  |     |        | select_ln21_1 | select    | auto_sel | 0       |
|    add_ln22_fu_418_p2                       |     |        | add_ln22      | add       | fabric   | 0       |
|  + mmult_hw_Pipeline_load_a_VITIS_LOOP_27_1 | 2   |        |               |           |          |         |
|    icmp_ln26_fu_428_p2                      |     |        | icmp_ln26     | seteq     | auto     | 0       |
|    add_ln26_2_fu_434_p2                     |     |        | add_ln26_2    | add       | fabric   | 0       |
|    icmp_ln27_fu_446_p2                      |     |        | icmp_ln27     | seteq     | auto     | 0       |
|    select_ln26_fu_452_p3                    |     |        | select_ln26   | select    | auto_sel | 0       |
|    add_ln26_4_fu_460_p2                     |     |        | add_ln26_4    | add       | fabric   | 0       |
|    select_ln26_1_fu_466_p3                  |     |        | select_ln26_1 | select    | auto_sel | 0       |
|    first_iter_1_fu_474_p2                   |     |        | first_iter_1  | seteq     | auto     | 0       |
|    mul_5ns_32s_37_1_1_U17                   | 2   |        | mul_ln26      | mul       | auto     | 0       |
|    add_ln26_1_fu_539_p2                     |     |        | add_ln26_1    | add       | fabric   | 0       |
|    add_ln27_fu_484_p2                       |     |        | add_ln27      | add       | fabric   | 0       |
|  + mmult_hw_Pipeline_load_b_VITIS_LOOP_30_2 | 2   |        |               |           |          |         |
|    icmp_ln29_fu_428_p2                      |     |        | icmp_ln29     | seteq     | auto     | 0       |
|    add_ln29_2_fu_434_p2                     |     |        | add_ln29_2    | add       | fabric   | 0       |
|    icmp_ln30_fu_446_p2                      |     |        | icmp_ln30     | seteq     | auto     | 0       |
|    select_ln29_fu_452_p3                    |     |        | select_ln29   | select    | auto_sel | 0       |
|    add_ln29_4_fu_460_p2                     |     |        | add_ln29_4    | add       | fabric   | 0       |
|    select_ln29_1_fu_466_p3                  |     |        | select_ln29_1 | select    | auto_sel | 0       |
|    first_iter_2_fu_474_p2                   |     |        | first_iter_2  | seteq     | auto     | 0       |
|    mul_5ns_32s_36_1_1_U40                   | 2   |        | mul_ln29      | mul       | auto     | 0       |
|    add_ln29_fu_490_p2                       |     |        | add_ln29      | add       | fabric   | 0       |
|    add_ln29_3_fu_524_p2                     |     |        | add_ln29_3    | add       | fabric   | 0       |
|    add_ln29_1_fu_541_p2                     |     |        | add_ln29_1    | add       | fabric   | 0       |
|    add_ln30_fu_500_p2                       |     |        | add_ln30      | add       | fabric   | 0       |
|  + mmult_hw_Pipeline_store_i_store_j        | 2   |        |               |           |          |         |
|    icmp_ln42_fu_504_p2                      |     |        | icmp_ln42     | seteq     | auto     | 0       |
|    add_ln42_fu_510_p2                       |     |        | add_ln42      | add       | fabric   | 0       |
|    icmp_ln43_fu_522_p2                      |     |        | icmp_ln43     | seteq     | auto     | 0       |
|    select_ln42_fu_528_p3                    |     |        | select_ln42   | select    | auto_sel | 0       |
|    add_ln42_1_fu_536_p2                     |     |        | add_ln42_1    | add       | fabric   | 0       |
|    select_ln42_1_fu_542_p3                  |     |        | select_ln42_1 | select    | auto_sel | 0       |
|    first_iter_3_fu_550_p2                   |     |        | first_iter_3  | seteq     | auto     | 0       |
|    mul_5ns_32s_37_1_1_U102                  | 2   |        | empty_26      | mul       | auto     | 0       |
|    empty_28_fu_641_p2                       |     |        | empty_28      | add       | fabric   | 0       |
|    sparsemux_33_4_32_1_1_U103               |     |        | tmp           | sparsemux | auto     | 0       |
|    add_ln43_fu_580_p2                       |     |        | add_ln43      | add       | fabric   | 0       |
|    icmp_ln43_1_fu_586_p2                    |     |        | icmp_ln43_1   | seteq     | auto     | 0       |
|  + mmult_hw_Pipeline_comp_k                 | 3   |        |               |           |          |         |
|    icmp_ln35_fu_360_p2                      |     |        | icmp_ln35     | seteq     | auto     | 0       |
|    add_ln35_fu_366_p2                       |     |        | add_ln35      | add       | fabric   | 0       |
|    sparsemux_33_4_32_1_1_U64                |     |        | tmp_1         | sparsemux | auto     | 0       |
|    sparsemux_33_4_32_1_1_U65                |     |        | tmp_2         | sparsemux | auto     | 0       |
|    mul_32s_32s_32_1_1_U63                   | 3   |        | mul_ln37      | mul       | auto     | 0       |
|    acc_2_fu_493_p2                          |     |        | acc_2         | add       | fabric   | 0       |
+---------------------------------------------+-----+--------+---------------+-----------+----------+---------+


================================================================
== Storage Report
================================================================
+----------------+--------------+-----------+------+------+--------+----------+------+---------+------------------+
| Name           | Usage        | Type      | BRAM | URAM | Pragma | Variable | Impl | Latency | Bitwidth, Depth, |
|                |              |           |      |      |        |          |      |         | Banks            |
+----------------+--------------+-----------+------+------+--------+----------+------+---------+------------------+
| + mmult_hw     |              |           | 4    | 0    |        |          |      |         |                  |
|   CTRL_s_axi_U | interface    | s_axilite |      |      |        |          |      |         |                  |
|   gmem_m_axi_U | interface    | m_axi     | 4    |      |        |          |      |         |                  |
|   tA_U         | ram_1p array |           |      |      |        | tA       | auto | 1       | 32, 16, 1        |
|   tA_1_U       | ram_1p array |           |      |      |        | tA_1     | auto | 1       | 32, 16, 1        |
|   tA_2_U       | ram_1p array |           |      |      |        | tA_2     | auto | 1       | 32, 16, 1        |
|   tA_3_U       | ram_1p array |           |      |      |        | tA_3     | auto | 1       | 32, 16, 1        |
|   tA_4_U       | ram_1p array |           |      |      |        | tA_4     | auto | 1       | 32, 16, 1        |
|   tA_5_U       | ram_1p array |           |      |      |        | tA_5     | auto | 1       | 32, 16, 1        |
|   tA_6_U       | ram_1p array |           |      |      |        | tA_6     | auto | 1       | 32, 16, 1        |
|   tA_7_U       | ram_1p array |           |      |      |        | tA_7     | auto | 1       | 32, 16, 1        |
|   tA_8_U       | ram_1p array |           |      |      |        | tA_8     | auto | 1       | 32, 16, 1        |
|   tA_9_U       | ram_1p array |           |      |      |        | tA_9     | auto | 1       | 32, 16, 1        |
|   tA_10_U      | ram_1p array |           |      |      |        | tA_10    | auto | 1       | 32, 16, 1        |
|   tA_11_U      | ram_1p array |           |      |      |        | tA_11    | auto | 1       | 32, 16, 1        |
|   tA_12_U      | ram_1p array |           |      |      |        | tA_12    | auto | 1       | 32, 16, 1        |
|   tA_13_U      | ram_1p array |           |      |      |        | tA_13    | auto | 1       | 32, 16, 1        |
|   tA_14_U      | ram_1p array |           |      |      |        | tA_14    | auto | 1       | 32, 16, 1        |
|   tA_15_U      | ram_1p array |           |      |      |        | tA_15    | auto | 1       | 32, 16, 1        |
|   tB_U         | ram_1p array |           |      |      |        | tB       | auto | 1       | 32, 16, 1        |
|   tB_1_U       | ram_1p array |           |      |      |        | tB_1     | auto | 1       | 32, 16, 1        |
|   tB_2_U       | ram_1p array |           |      |      |        | tB_2     | auto | 1       | 32, 16, 1        |
|   tB_3_U       | ram_1p array |           |      |      |        | tB_3     | auto | 1       | 32, 16, 1        |
|   tB_4_U       | ram_1p array |           |      |      |        | tB_4     | auto | 1       | 32, 16, 1        |
|   tB_5_U       | ram_1p array |           |      |      |        | tB_5     | auto | 1       | 32, 16, 1        |
|   tB_6_U       | ram_1p array |           |      |      |        | tB_6     | auto | 1       | 32, 16, 1        |
|   tB_7_U       | ram_1p array |           |      |      |        | tB_7     | auto | 1       | 32, 16, 1        |
|   tB_8_U       | ram_1p array |           |      |      |        | tB_8     | auto | 1       | 32, 16, 1        |
|   tB_9_U       | ram_1p array |           |      |      |        | tB_9     | auto | 1       | 32, 16, 1        |
|   tB_10_U      | ram_1p array |           |      |      |        | tB_10    | auto | 1       | 32, 16, 1        |
|   tB_11_U      | ram_1p array |           |      |      |        | tB_11    | auto | 1       | 32, 16, 1        |
|   tB_12_U      | ram_1p array |           |      |      |        | tB_12    | auto | 1       | 32, 16, 1        |
|   tB_13_U      | ram_1p array |           |      |      |        | tB_13    | auto | 1       | 32, 16, 1        |
|   tB_14_U      | ram_1p array |           |      |      |        | tB_14    | auto | 1       | 32, 16, 1        |
|   tB_15_U      | ram_1p array |           |      |      |        | tB_15    | auto | 1       | 32, 16, 1        |
|   tC_U         | ram_1p array |           |      |      |        | tC       | auto | 1       | 32, 16, 1        |
|   tC_1_U       | ram_1p array |           |      |      |        | tC_1     | auto | 1       | 32, 16, 1        |
|   tC_2_U       | ram_1p array |           |      |      |        | tC_2     | auto | 1       | 32, 16, 1        |
|   tC_3_U       | ram_1p array |           |      |      |        | tC_3     | auto | 1       | 32, 16, 1        |
|   tC_4_U       | ram_1p array |           |      |      |        | tC_4     | auto | 1       | 32, 16, 1        |
|   tC_5_U       | ram_1p array |           |      |      |        | tC_5     | auto | 1       | 32, 16, 1        |
|   tC_6_U       | ram_1p array |           |      |      |        | tC_6     | auto | 1       | 32, 16, 1        |
|   tC_7_U       | ram_1p array |           |      |      |        | tC_7     | auto | 1       | 32, 16, 1        |
|   tC_8_U       | ram_1p array |           |      |      |        | tC_8     | auto | 1       | 32, 16, 1        |
|   tC_9_U       | ram_1p array |           |      |      |        | tC_9     | auto | 1       | 32, 16, 1        |
|   tC_10_U      | ram_1p array |           |      |      |        | tC_10    | auto | 1       | 32, 16, 1        |
|   tC_11_U      | ram_1p array |           |      |      |        | tC_11    | auto | 1       | 32, 16, 1        |
|   tC_12_U      | ram_1p array |           |      |      |        | tC_12    | auto | 1       | 32, 16, 1        |
|   tC_13_U      | ram_1p array |           |      |      |        | tC_13    | auto | 1       | 32, 16, 1        |
|   tC_14_U      | ram_1p array |           |      |      |        | tC_14    | auto | 1       | 32, 16, 1        |
|   tC_15_U      | ram_1p array |           |      |      |        | tC_15    | auto | 1       | 32, 16, 1        |
+----------------+--------------+-----------+------+------+--------+----------+------+---------+------------------+


================================================================
== Pragma Report
================================================================
* Valid Pragma Syntax
+-----------------+-----------------------------------+-------------------------------------------+
| Type            | Options                           | Location                                  |
+-----------------+-----------------------------------+-------------------------------------------+
| interface       | m_axi depth=16384 port=in1        | mmult_baseline.cpp:9 in mmult_hw, in1     |
| interface       | m_axi depth=16384 port=in2        | mmult_baseline.cpp:10 in mmult_hw, in2    |
| interface       | m_axi depth=16384 port=out        | mmult_baseline.cpp:11 in mmult_hw, out    |
| interface       | s_axilite port=dim bundle=CTRL    | mmult_baseline.cpp:12 in mmult_hw, dim    |
| interface       | s_axilite port=return bundle=CTRL | mmult_baseline.cpp:13 in mmult_hw, return |
| array_partition | variable=tA dim=2                 | mmult_baseline.cpp:16 in mmult_hw, tA     |
| array_partition | variable=tB dim=1                 | mmult_baseline.cpp:17 in mmult_hw, tB     |
| array_partition | variable=tC dim=2                 | mmult_baseline.cpp:18 in mmult_hw, tC     |
| pipeline        | II=1                              | mmult_baseline.cpp:36 in mmult_hw         |
| pipeline        | II=1                              | mmult_baseline.cpp:44 in mmult_hw         |
+-----------------+-----------------------------------+-------------------------------------------+


