

================================================================
== Vitis HLS Report for 'mmult_hw_Pipeline_loop3'
================================================================
* Date:           Wed Feb 18 15:50:40 2026

* Version:        2024.1 (Build 5069499 on May 21 2024)
* Project:        matmul_D4_PL_UR_Inner
* Solution:       hls (Vivado IP Flow Target)
* Product family: zynquplus
* Target device:  xczu3eg-sbva484-1-e


================================================================
== Performance Estimates
================================================================
+ Timing: 
    * Summary: 
    +--------+----------+----------+------------+
    |  Clock |  Target  | Estimated| Uncertainty|
    +--------+----------+----------+------------+
    |ap_clk  |  10.00 ns|  7.300 ns|     2.70 ns|
    +--------+----------+----------+------------+

+ Latency: 
    * Summary: 
    +---------+---------+----------+----------+-----+-----+---------+
    |  Latency (cycles) |  Latency (absolute) |  Interval | Pipeline|
    |   min   |   max   |    min   |    max   | min | max |   Type  |
    +---------+---------+----------+----------+-----+-----+---------+
    |      270|      270|  2.700 us|  2.700 us|  270|  270|       no|
    +---------+---------+----------+----------+-----+-----+---------+

    + Detail: 
        * Instance: 
        N/A

        * Loop: 
        +----------+---------+---------+----------+-----------+-----------+------+----------+
        |          |  Latency (cycles) | Iteration|  Initiation Interval  | Trip |          |
        | Loop Name|   min   |   max   |  Latency |  achieved |   target  | Count| Pipelined|
        +----------+---------+---------+----------+-----------+-----------+------+----------+
        |- loop3   |      267|      267|        14|          4|          1|    64|       yes|
        +----------+---------+---------+----------+-----------+-----------+------+----------+

============================================================
+ Verbose Summary: Synthesis Manager
============================================================
InlineROM: 1
ExposeGlobal: 0
============================================================
+ Verbose Summary: CDFG Model
============================================================
IsTopModel: 0
ResetActiveHigh: 1
IsCombinational: 0
IsDatapathOnly: 0
HasWiredReturn: 1
HasMFsm: 2
HasVarLatency: 1
IsPipeline: 0
IsRtlPipelined: 0
IsInstanceOverlapped: 0
IsDontTouch: 0
HasImplIP: 0
IsGatedGlobalClock: 0

+ Individual pipeline summary: 
  * Pipeline-0: initiation interval (II) = 4, depth = 14


============================================================
+ Verbose Summary: Schedule
============================================================
* Number of FSM states : 18
* Pipeline : 1
  Pipeline-0 : II = 4, D = 14, States = { 2 3 4 5 6 7 8 9 10 11 12 13 14 15 }
* Dataflow Pipeline: 0

* FSM state transitions: 
1 --> 2 
2 --> 3 
3 --> 4 
4 --> 5 
5 --> 6 
6 --> 7 
7 --> 8 
8 --> 9 
9 --> 10 
10 --> 11 
11 --> 12 
12 --> 13 
13 --> 16 17 14 
14 --> 15 
15 --> 2 
16 --> 18 
17 --> 18 
18 --> 

* FSM state operations: 

State 1 <SV = 0> <Delay = 0.48>
ST_1 : Operation 19 [1/1] (0.00ns)   --->   "%add187_0 = alloca i32 1"   --->   Operation 19 'alloca' 'add187_0' <Predicate = true> <Delay = 0.00>
ST_1 : Operation 20 [1/1] (0.00ns)   --->   "%k = alloca i32 1" [mmult_baseline.cpp:19]   --->   Operation 20 'alloca' 'k' <Predicate = true> <Delay = 0.00>
ST_1 : Operation 21 [1/1] (0.00ns)   --->   "%in2_read = read i64 @_ssdm_op_Read.ap_auto.i64, i64 %in2"   --->   Operation 21 'read' 'in2_read' <Predicate = true> <Delay = 0.00>
ST_1 : Operation 22 [1/1] (0.00ns)   --->   "%zext_ln17_read = read i32 @_ssdm_op_Read.ap_auto.i32, i32 %zext_ln17"   --->   Operation 22 'read' 'zext_ln17_read' <Predicate = true> <Delay = 0.00>
ST_1 : Operation 23 [1/1] (0.00ns)   --->   "%dim_cast_read = read i32 @_ssdm_op_Read.ap_auto.i32, i32 %dim_cast"   --->   Operation 23 'read' 'dim_cast_read' <Predicate = true> <Delay = 0.00>
ST_1 : Operation 24 [1/1] (0.00ns)   --->   "%p_cast_cast_read = read i62 @_ssdm_op_Read.ap_auto.i62, i62 %p_cast_cast"   --->   Operation 24 'read' 'p_cast_cast_read' <Predicate = true> <Delay = 0.00>
ST_1 : Operation 25 [1/1] (0.00ns)   --->   "%wide_trip_count_read = read i32 @_ssdm_op_Read.ap_auto.i32, i32 %wide_trip_count"   --->   Operation 25 'read' 'wide_trip_count_read' <Predicate = true> <Delay = 0.00>
ST_1 : Operation 26 [1/1] (0.00ns)   --->   "%gmem_load_read = read i32 @_ssdm_op_Read.ap_auto.i32, i32 %gmem_load"   --->   Operation 26 'read' 'gmem_load_read' <Predicate = true> <Delay = 0.00>
ST_1 : Operation 27 [1/1] (0.00ns)   --->   "%zext_ln17_cast = zext i32 %zext_ln17_read"   --->   Operation 27 'zext' 'zext_ln17_cast' <Predicate = true> <Delay = 0.00>
ST_1 : Operation 28 [1/1] (0.00ns)   --->   "%dim_cast_cast = sext i32 %dim_cast_read"   --->   Operation 28 'sext' 'dim_cast_cast' <Predicate = true> <Delay = 0.00>
ST_1 : Operation 29 [1/1] (0.00ns)   --->   "%p_cast_cast_cast = sext i62 %p_cast_cast_read"   --->   Operation 29 'sext' 'p_cast_cast_cast' <Predicate = true> <Delay = 0.00>
ST_1 : Operation 30 [1/1] (0.00ns)   --->   "%wide_trip_count_cast = zext i32 %wide_trip_count_read"   --->   Operation 30 'zext' 'wide_trip_count_cast' <Predicate = true> <Delay = 0.00>
ST_1 : Operation 31 [1/1] (0.00ns)   --->   "%specinterface_ln0 = specinterface void @_ssdm_op_SpecInterface, i32 %gmem, void @empty, i32 0, i32 0, void @empty_0, i32 0, i32 16384, void @empty_1, void @empty_2, void @empty_0, i32 16, i32 16, i32 16, i32 16, void @empty_0, void @empty_0, i32 4294967295, i32 0, i32 0"   --->   Operation 31 'specinterface' 'specinterface_ln0' <Predicate = true> <Delay = 0.00>
ST_1 : Operation 32 [1/1] (0.48ns)   --->   "%store_ln19 = store i64 0, i64 %k" [mmult_baseline.cpp:19]   --->   Operation 32 'store' 'store_ln19' <Predicate = true> <Delay = 0.48>
ST_1 : Operation 33 [1/1] (0.48ns)   --->   "%store_ln0 = store i32 %gmem_load_read, i32 %add187_0"   --->   Operation 33 'store' 'store_ln0' <Predicate = true> <Delay = 0.48>
ST_1 : Operation 34 [1/1] (0.00ns)   --->   "%br_ln0 = br void %for.inc.0"   --->   Operation 34 'br' 'br_ln0' <Predicate = true> <Delay = 0.00>

State 2 <SV = 1> <Delay = 5.21>
ST_2 : Operation 35 [1/1] (0.00ns)   --->   "%k_2 = load i64 %k" [mmult_baseline.cpp:19]   --->   Operation 35 'load' 'k_2' <Predicate = true> <Delay = 0.00>
ST_2 : Operation 36 [1/1] (0.00ns)   --->   "%specbitsmap_ln0 = specbitsmap void @_ssdm_op_SpecBitsMap, i32 %gmem"   --->   Operation 36 'specbitsmap' 'specbitsmap_ln0' <Predicate = true> <Delay = 0.00>
ST_2 : Operation 37 [1/1] (1.47ns)   --->   "%icmp_ln19 = icmp_eq  i64 %k_2, i64 %wide_trip_count_cast" [mmult_baseline.cpp:19]   --->   Operation 37 'icmp' 'icmp_ln19' <Predicate = true> <Delay = 1.47> <CoreInst = "Cmp">   --->   Core 9 'Cmp' <Latency = 0> <II = 1> <Delay = 1.47> <FuncUnit> <Opcode : 'seteq' 'setne' 'setle' 'setge' 'setlt' 'setgt'> <InPorts = 2> <OutPorts = 1>
ST_2 : Operation 38 [1/1] (0.00ns)   --->   "%br_ln19 = br i1 %icmp_ln19, void %for.inc.0.split, void %for.inc.0.for.cond5.for.inc19_crit_edge_crit_edge.exitStub" [mmult_baseline.cpp:19]   --->   Operation 38 'br' 'br_ln19' <Predicate = true> <Delay = 0.00>
ST_2 : Operation 39 [1/1] (0.00ns)   --->   "%trunc_ln19 = trunc i64 %k_2" [mmult_baseline.cpp:19]   --->   Operation 39 'trunc' 'trunc_ln19' <Predicate = (!icmp_ln19)> <Delay = 0.00>
ST_2 : Operation 40 [1/1] (1.47ns)   --->   "%add_ln23 = add i64 %k_2, i64 %p_cast_cast_cast" [mmult_baseline.cpp:23]   --->   Operation 40 'add' 'add_ln23' <Predicate = (!icmp_ln19)> <Delay = 1.47> <CoreInst = "Adder">   --->   Core 1 'Adder' <Latency = 0> <II = 1> <Delay = 1.47> <FuncUnit> <Opcode : 'add' 'sub'> <InPorts = 2> <OutPorts = 1>
ST_2 : Operation 41 [1/1] (0.00ns)   --->   "%gmem_addr = getelementptr i32 %gmem, i64 %add_ln23" [mmult_baseline.cpp:23]   --->   Operation 41 'getelementptr' 'gmem_addr' <Predicate = (!icmp_ln19)> <Delay = 0.00>
ST_2 : Operation 42 [1/1] (5.21ns)   --->   "%mul_ln23 = mul i62 %trunc_ln19, i62 %dim_cast_cast" [mmult_baseline.cpp:23]   --->   Operation 42 'mul' 'mul_ln23' <Predicate = (!icmp_ln19)> <Delay = 5.21> <CoreInst = "Multiplier">   --->   Core 3 'Multiplier' <Latency = 0> <II = 1> <Delay = 5.21> <FuncUnit> <Opcode : 'mul'> <InPorts = 2> <OutPorts = 1>
ST_2 : Operation 43 [1/1] (0.00ns)   --->   "%tmp_2 = partselect i63 @_ssdm_op_PartSelect.i63.i64.i32.i32, i64 %k_2, i32 1, i32 63" [mmult_baseline.cpp:19]   --->   Operation 43 'partselect' 'tmp_2' <Predicate = (!icmp_ln19)> <Delay = 0.00>
ST_2 : Operation 44 [1/1] (0.00ns)   --->   "%k_1 = bitconcatenate i64 @_ssdm_op_BitConcatenate.i64.i63.i1, i63 %tmp_2, i1 1" [mmult_baseline.cpp:19]   --->   Operation 44 'bitconcatenate' 'k_1' <Predicate = (!icmp_ln19)> <Delay = 0.00>
ST_2 : Operation 45 [1/1] (1.47ns)   --->   "%icmp_ln19_1 = icmp_eq  i64 %k_1, i64 %wide_trip_count_cast" [mmult_baseline.cpp:19]   --->   Operation 45 'icmp' 'icmp_ln19_1' <Predicate = (!icmp_ln19)> <Delay = 1.47> <CoreInst = "Cmp">   --->   Core 9 'Cmp' <Latency = 0> <II = 1> <Delay = 1.47> <FuncUnit> <Opcode : 'seteq' 'setne' 'setle' 'setge' 'setlt' 'setgt'> <InPorts = 2> <OutPorts = 1>
ST_2 : Operation 46 [1/1] (0.00ns)   --->   "%br_ln19 = br i1 %icmp_ln19_1, void %for.inc.1, void %for.inc.0.split.for.cond5.for.inc19_crit_edge_crit_edge.exitStub" [mmult_baseline.cpp:19]   --->   Operation 46 'br' 'br_ln19' <Predicate = (!icmp_ln19)> <Delay = 0.00>
ST_2 : Operation 47 [1/1] (1.47ns)   --->   "%add_ln23_4 = add i64 %k_1, i64 %p_cast_cast_cast" [mmult_baseline.cpp:23]   --->   Operation 47 'add' 'add_ln23_4' <Predicate = (!icmp_ln19 & !icmp_ln19_1)> <Delay = 1.47> <CoreInst = "Adder">   --->   Core 1 'Adder' <Latency = 0> <II = 1> <Delay = 1.47> <FuncUnit> <Opcode : 'add' 'sub'> <InPorts = 2> <OutPorts = 1>
ST_2 : Operation 48 [1/1] (0.00ns)   --->   "%gmem_addr_2 = getelementptr i32 %gmem, i64 %add_ln23_4" [mmult_baseline.cpp:23]   --->   Operation 48 'getelementptr' 'gmem_addr_2' <Predicate = (!icmp_ln19 & !icmp_ln19_1)> <Delay = 0.00>
ST_2 : Operation 49 [1/1] (1.47ns)   --->   "%add_ln19 = add i64 %k_2, i64 2" [mmult_baseline.cpp:19]   --->   Operation 49 'add' 'add_ln19' <Predicate = (!icmp_ln19 & !icmp_ln19_1)> <Delay = 1.47> <CoreInst = "Adder">   --->   Core 1 'Adder' <Latency = 0> <II = 1> <Delay = 1.47> <FuncUnit> <Opcode : 'add' 'sub'> <InPorts = 2> <OutPorts = 1>
ST_2 : Operation 50 [1/1] (0.48ns)   --->   "%store_ln19 = store i64 %add_ln19, i64 %k" [mmult_baseline.cpp:19]   --->   Operation 50 'store' 'store_ln19' <Predicate = (!icmp_ln19 & !icmp_ln19_1)> <Delay = 0.48>

State 3 <SV = 2> <Delay = 7.30>
ST_3 : Operation 51 [8/8] (7.30ns)   --->   "%gmem_load_1_req = readreq i1 @_ssdm_op_ReadReq.m_axi.i32P1A, i32 %gmem_addr, i64 1" [mmult_baseline.cpp:23]   --->   Operation 51 'readreq' 'gmem_load_1_req' <Predicate = (!icmp_ln19)> <Delay = 7.30> <CoreInst = "m_axi">   --->   Core 119 'm_axi' <Latency = 0> <II = 1> <Delay = 1.00> <Adapter> <Opcode : 'read' 'write' 'readreq' 'writereq' 'writeresp'>
ST_3 : Operation 52 [1/1] (1.44ns)   --->   "%add_ln23_1 = add i62 %mul_ln23, i62 %zext_ln17_cast" [mmult_baseline.cpp:23]   --->   Operation 52 'add' 'add_ln23_1' <Predicate = (!icmp_ln19)> <Delay = 1.44> <CoreInst = "Adder">   --->   Core 1 'Adder' <Latency = 0> <II = 1> <Delay = 1.44> <FuncUnit> <Opcode : 'add' 'sub'> <InPorts = 2> <OutPorts = 1>
ST_3 : Operation 53 [1/1] (0.00ns)   --->   "%shl_ln = bitconcatenate i64 @_ssdm_op_BitConcatenate.i64.i62.i2, i62 %add_ln23_1, i2 0" [mmult_baseline.cpp:23]   --->   Operation 53 'bitconcatenate' 'shl_ln' <Predicate = (!icmp_ln19)> <Delay = 0.00>
ST_3 : Operation 54 [1/1] (1.47ns)   --->   "%add_ln23_2 = add i64 %shl_ln, i64 %in2_read" [mmult_baseline.cpp:23]   --->   Operation 54 'add' 'add_ln23_2' <Predicate = (!icmp_ln19)> <Delay = 1.47> <CoreInst = "Adder">   --->   Core 1 'Adder' <Latency = 0> <II = 1> <Delay = 1.47> <FuncUnit> <Opcode : 'add' 'sub'> <InPorts = 2> <OutPorts = 1>
ST_3 : Operation 55 [1/1] (0.00ns)   --->   "%trunc_ln23_1 = partselect i62 @_ssdm_op_PartSelect.i62.i64.i32.i32, i64 %add_ln23_2, i32 2, i32 63" [mmult_baseline.cpp:23]   --->   Operation 55 'partselect' 'trunc_ln23_1' <Predicate = (!icmp_ln19)> <Delay = 0.00>
ST_3 : Operation 56 [1/1] (0.00ns)   --->   "%sext_ln23 = sext i62 %trunc_ln23_1" [mmult_baseline.cpp:23]   --->   Operation 56 'sext' 'sext_ln23' <Predicate = (!icmp_ln19)> <Delay = 0.00>
ST_3 : Operation 57 [1/1] (0.00ns)   --->   "%gmem_addr_1 = getelementptr i32 %gmem, i64 %sext_ln23" [mmult_baseline.cpp:23]   --->   Operation 57 'getelementptr' 'gmem_addr_1' <Predicate = (!icmp_ln19)> <Delay = 0.00>
ST_3 : Operation 58 [1/1] (0.00ns) (grouped into TernaryAdder)   --->   "%add_ln23_5 = add i62 %mul_ln23, i62 %dim_cast_cast" [mmult_baseline.cpp:23]   --->   Operation 58 'add' 'add_ln23_5' <Predicate = (!icmp_ln19 & !icmp_ln19_1)> <Delay = 0.00> <CoreInst = "TAddSub">   --->   Core 10 'TAddSub' <Latency = 0> <II = 1> <Delay = 0.50> <IPBlock> <Opcode : '' 'add' 'sub'> <InPorts = 3> <OutPorts = 1> <Sync> <CReg>
ST_3 : Operation 59 [1/1] (1.00ns) (root node of TernaryAdder)   --->   "%add_ln23_6 = add i62 %add_ln23_5, i62 %zext_ln17_cast" [mmult_baseline.cpp:23]   --->   Operation 59 'add' 'add_ln23_6' <Predicate = (!icmp_ln19 & !icmp_ln19_1)> <Delay = 1.00> <CoreInst = "TAddSub">   --->   Core 10 'TAddSub' <Latency = 0> <II = 1> <Delay = 0.50> <IPBlock> <Opcode : '' 'add' 'sub'> <InPorts = 3> <OutPorts = 1> <Sync> <CReg>
ST_3 : Operation 60 [1/1] (0.00ns)   --->   "%shl_ln23_1 = bitconcatenate i64 @_ssdm_op_BitConcatenate.i64.i62.i2, i62 %add_ln23_6, i2 0" [mmult_baseline.cpp:23]   --->   Operation 60 'bitconcatenate' 'shl_ln23_1' <Predicate = (!icmp_ln19 & !icmp_ln19_1)> <Delay = 0.00>
ST_3 : Operation 61 [1/1] (1.47ns)   --->   "%add_ln23_7 = add i64 %shl_ln23_1, i64 %in2_read" [mmult_baseline.cpp:23]   --->   Operation 61 'add' 'add_ln23_7' <Predicate = (!icmp_ln19 & !icmp_ln19_1)> <Delay = 1.47> <CoreInst = "Adder">   --->   Core 1 'Adder' <Latency = 0> <II = 1> <Delay = 1.47> <FuncUnit> <Opcode : 'add' 'sub'> <InPorts = 2> <OutPorts = 1>
ST_3 : Operation 62 [1/1] (0.00ns)   --->   "%trunc_ln23_2 = partselect i62 @_ssdm_op_PartSelect.i62.i64.i32.i32, i64 %add_ln23_7, i32 2, i32 63" [mmult_baseline.cpp:23]   --->   Operation 62 'partselect' 'trunc_ln23_2' <Predicate = (!icmp_ln19 & !icmp_ln19_1)> <Delay = 0.00>
ST_3 : Operation 63 [1/1] (0.00ns)   --->   "%sext_ln23_1 = sext i62 %trunc_ln23_2" [mmult_baseline.cpp:23]   --->   Operation 63 'sext' 'sext_ln23_1' <Predicate = (!icmp_ln19 & !icmp_ln19_1)> <Delay = 0.00>
ST_3 : Operation 64 [1/1] (0.00ns)   --->   "%gmem_addr_3 = getelementptr i32 %gmem, i64 %sext_ln23_1" [mmult_baseline.cpp:23]   --->   Operation 64 'getelementptr' 'gmem_addr_3' <Predicate = (!icmp_ln19 & !icmp_ln19_1)> <Delay = 0.00>

State 4 <SV = 3> <Delay = 7.30>
ST_4 : Operation 65 [7/8] (7.30ns)   --->   "%gmem_load_1_req = readreq i1 @_ssdm_op_ReadReq.m_axi.i32P1A, i32 %gmem_addr, i64 1" [mmult_baseline.cpp:23]   --->   Operation 65 'readreq' 'gmem_load_1_req' <Predicate = (!icmp_ln19)> <Delay = 7.30> <CoreInst = "m_axi">   --->   Core 119 'm_axi' <Latency = 0> <II = 1> <Delay = 1.00> <Adapter> <Opcode : 'read' 'write' 'readreq' 'writereq' 'writeresp'>
ST_4 : Operation 66 [8/8] (7.30ns)   --->   "%gmem_load_2_req = readreq i1 @_ssdm_op_ReadReq.m_axi.i32P1A, i32 %gmem_addr_1, i64 1" [mmult_baseline.cpp:23]   --->   Operation 66 'readreq' 'gmem_load_2_req' <Predicate = (!icmp_ln19)> <Delay = 7.30> <CoreInst = "m_axi">   --->   Core 119 'm_axi' <Latency = 0> <II = 1> <Delay = 1.00> <Adapter> <Opcode : 'read' 'write' 'readreq' 'writereq' 'writeresp'>

State 5 <SV = 4> <Delay = 7.30>
ST_5 : Operation 67 [6/8] (7.30ns)   --->   "%gmem_load_1_req = readreq i1 @_ssdm_op_ReadReq.m_axi.i32P1A, i32 %gmem_addr, i64 1" [mmult_baseline.cpp:23]   --->   Operation 67 'readreq' 'gmem_load_1_req' <Predicate = (!icmp_ln19)> <Delay = 7.30> <CoreInst = "m_axi">   --->   Core 119 'm_axi' <Latency = 0> <II = 1> <Delay = 1.00> <Adapter> <Opcode : 'read' 'write' 'readreq' 'writereq' 'writeresp'>
ST_5 : Operation 68 [7/8] (7.30ns)   --->   "%gmem_load_2_req = readreq i1 @_ssdm_op_ReadReq.m_axi.i32P1A, i32 %gmem_addr_1, i64 1" [mmult_baseline.cpp:23]   --->   Operation 68 'readreq' 'gmem_load_2_req' <Predicate = (!icmp_ln19)> <Delay = 7.30> <CoreInst = "m_axi">   --->   Core 119 'm_axi' <Latency = 0> <II = 1> <Delay = 1.00> <Adapter> <Opcode : 'read' 'write' 'readreq' 'writereq' 'writeresp'>
ST_5 : Operation 69 [8/8] (7.30ns)   --->   "%gmem_load_3_req = readreq i1 @_ssdm_op_ReadReq.m_axi.i32P1A, i32 %gmem_addr_2, i64 1" [mmult_baseline.cpp:23]   --->   Operation 69 'readreq' 'gmem_load_3_req' <Predicate = (!icmp_ln19 & !icmp_ln19_1)> <Delay = 7.30> <CoreInst = "m_axi">   --->   Core 119 'm_axi' <Latency = 0> <II = 1> <Delay = 1.00> <Adapter> <Opcode : 'read' 'write' 'readreq' 'writereq' 'writeresp'>

State 6 <SV = 5> <Delay = 7.30>
ST_6 : Operation 70 [5/8] (7.30ns)   --->   "%gmem_load_1_req = readreq i1 @_ssdm_op_ReadReq.m_axi.i32P1A, i32 %gmem_addr, i64 1" [mmult_baseline.cpp:23]   --->   Operation 70 'readreq' 'gmem_load_1_req' <Predicate = (!icmp_ln19)> <Delay = 7.30> <CoreInst = "m_axi">   --->   Core 119 'm_axi' <Latency = 0> <II = 1> <Delay = 1.00> <Adapter> <Opcode : 'read' 'write' 'readreq' 'writereq' 'writeresp'>
ST_6 : Operation 71 [6/8] (7.30ns)   --->   "%gmem_load_2_req = readreq i1 @_ssdm_op_ReadReq.m_axi.i32P1A, i32 %gmem_addr_1, i64 1" [mmult_baseline.cpp:23]   --->   Operation 71 'readreq' 'gmem_load_2_req' <Predicate = (!icmp_ln19)> <Delay = 7.30> <CoreInst = "m_axi">   --->   Core 119 'm_axi' <Latency = 0> <II = 1> <Delay = 1.00> <Adapter> <Opcode : 'read' 'write' 'readreq' 'writereq' 'writeresp'>
ST_6 : Operation 72 [7/8] (7.30ns)   --->   "%gmem_load_3_req = readreq i1 @_ssdm_op_ReadReq.m_axi.i32P1A, i32 %gmem_addr_2, i64 1" [mmult_baseline.cpp:23]   --->   Operation 72 'readreq' 'gmem_load_3_req' <Predicate = (!icmp_ln19 & !icmp_ln19_1)> <Delay = 7.30> <CoreInst = "m_axi">   --->   Core 119 'm_axi' <Latency = 0> <II = 1> <Delay = 1.00> <Adapter> <Opcode : 'read' 'write' 'readreq' 'writereq' 'writeresp'>
ST_6 : Operation 73 [8/8] (7.30ns)   --->   "%gmem_load_4_req = readreq i1 @_ssdm_op_ReadReq.m_axi.i32P1A, i32 %gmem_addr_3, i64 1" [mmult_baseline.cpp:23]   --->   Operation 73 'readreq' 'gmem_load_4_req' <Predicate = (!icmp_ln19 & !icmp_ln19_1)> <Delay = 7.30> <CoreInst = "m_axi">   --->   Core 119 'm_axi' <Latency = 0> <II = 1> <Delay = 1.00> <Adapter> <Opcode : 'read' 'write' 'readreq' 'writereq' 'writeresp'>

State 7 <SV = 6> <Delay = 7.30>
ST_7 : Operation 74 [4/8] (7.30ns)   --->   "%gmem_load_1_req = readreq i1 @_ssdm_op_ReadReq.m_axi.i32P1A, i32 %gmem_addr, i64 1" [mmult_baseline.cpp:23]   --->   Operation 74 'readreq' 'gmem_load_1_req' <Predicate = (!icmp_ln19)> <Delay = 7.30> <CoreInst = "m_axi">   --->   Core 119 'm_axi' <Latency = 0> <II = 1> <Delay = 1.00> <Adapter> <Opcode : 'read' 'write' 'readreq' 'writereq' 'writeresp'>
ST_7 : Operation 75 [5/8] (7.30ns)   --->   "%gmem_load_2_req = readreq i1 @_ssdm_op_ReadReq.m_axi.i32P1A, i32 %gmem_addr_1, i64 1" [mmult_baseline.cpp:23]   --->   Operation 75 'readreq' 'gmem_load_2_req' <Predicate = (!icmp_ln19)> <Delay = 7.30> <CoreInst = "m_axi">   --->   Core 119 'm_axi' <Latency = 0> <II = 1> <Delay = 1.00> <Adapter> <Opcode : 'read' 'write' 'readreq' 'writereq' 'writeresp'>
ST_7 : Operation 76 [6/8] (7.30ns)   --->   "%gmem_load_3_req = readreq i1 @_ssdm_op_ReadReq.m_axi.i32P1A, i32 %gmem_addr_2, i64 1" [mmult_baseline.cpp:23]   --->   Operation 76 'readreq' 'gmem_load_3_req' <Predicate = (!icmp_ln19 & !icmp_ln19_1)> <Delay = 7.30> <CoreInst = "m_axi">   --->   Core 119 'm_axi' <Latency = 0> <II = 1> <Delay = 1.00> <Adapter> <Opcode : 'read' 'write' 'readreq' 'writereq' 'writeresp'>
ST_7 : Operation 77 [7/8] (7.30ns)   --->   "%gmem_load_4_req = readreq i1 @_ssdm_op_ReadReq.m_axi.i32P1A, i32 %gmem_addr_3, i64 1" [mmult_baseline.cpp:23]   --->   Operation 77 'readreq' 'gmem_load_4_req' <Predicate = (!icmp_ln19 & !icmp_ln19_1)> <Delay = 7.30> <CoreInst = "m_axi">   --->   Core 119 'm_axi' <Latency = 0> <II = 1> <Delay = 1.00> <Adapter> <Opcode : 'read' 'write' 'readreq' 'writereq' 'writeresp'>

State 8 <SV = 7> <Delay = 7.30>
ST_8 : Operation 78 [3/8] (7.30ns)   --->   "%gmem_load_1_req = readreq i1 @_ssdm_op_ReadReq.m_axi.i32P1A, i32 %gmem_addr, i64 1" [mmult_baseline.cpp:23]   --->   Operation 78 'readreq' 'gmem_load_1_req' <Predicate = (!icmp_ln19)> <Delay = 7.30> <CoreInst = "m_axi">   --->   Core 119 'm_axi' <Latency = 0> <II = 1> <Delay = 1.00> <Adapter> <Opcode : 'read' 'write' 'readreq' 'writereq' 'writeresp'>
ST_8 : Operation 79 [4/8] (7.30ns)   --->   "%gmem_load_2_req = readreq i1 @_ssdm_op_ReadReq.m_axi.i32P1A, i32 %gmem_addr_1, i64 1" [mmult_baseline.cpp:23]   --->   Operation 79 'readreq' 'gmem_load_2_req' <Predicate = (!icmp_ln19)> <Delay = 7.30> <CoreInst = "m_axi">   --->   Core 119 'm_axi' <Latency = 0> <II = 1> <Delay = 1.00> <Adapter> <Opcode : 'read' 'write' 'readreq' 'writereq' 'writeresp'>
ST_8 : Operation 80 [5/8] (7.30ns)   --->   "%gmem_load_3_req = readreq i1 @_ssdm_op_ReadReq.m_axi.i32P1A, i32 %gmem_addr_2, i64 1" [mmult_baseline.cpp:23]   --->   Operation 80 'readreq' 'gmem_load_3_req' <Predicate = (!icmp_ln19 & !icmp_ln19_1)> <Delay = 7.30> <CoreInst = "m_axi">   --->   Core 119 'm_axi' <Latency = 0> <II = 1> <Delay = 1.00> <Adapter> <Opcode : 'read' 'write' 'readreq' 'writereq' 'writeresp'>
ST_8 : Operation 81 [6/8] (7.30ns)   --->   "%gmem_load_4_req = readreq i1 @_ssdm_op_ReadReq.m_axi.i32P1A, i32 %gmem_addr_3, i64 1" [mmult_baseline.cpp:23]   --->   Operation 81 'readreq' 'gmem_load_4_req' <Predicate = (!icmp_ln19 & !icmp_ln19_1)> <Delay = 7.30> <CoreInst = "m_axi">   --->   Core 119 'm_axi' <Latency = 0> <II = 1> <Delay = 1.00> <Adapter> <Opcode : 'read' 'write' 'readreq' 'writereq' 'writeresp'>

State 9 <SV = 8> <Delay = 7.30>
ST_9 : Operation 82 [2/8] (7.30ns)   --->   "%gmem_load_1_req = readreq i1 @_ssdm_op_ReadReq.m_axi.i32P1A, i32 %gmem_addr, i64 1" [mmult_baseline.cpp:23]   --->   Operation 82 'readreq' 'gmem_load_1_req' <Predicate = (!icmp_ln19)> <Delay = 7.30> <CoreInst = "m_axi">   --->   Core 119 'm_axi' <Latency = 0> <II = 1> <Delay = 1.00> <Adapter> <Opcode : 'read' 'write' 'readreq' 'writereq' 'writeresp'>
ST_9 : Operation 83 [3/8] (7.30ns)   --->   "%gmem_load_2_req = readreq i1 @_ssdm_op_ReadReq.m_axi.i32P1A, i32 %gmem_addr_1, i64 1" [mmult_baseline.cpp:23]   --->   Operation 83 'readreq' 'gmem_load_2_req' <Predicate = (!icmp_ln19)> <Delay = 7.30> <CoreInst = "m_axi">   --->   Core 119 'm_axi' <Latency = 0> <II = 1> <Delay = 1.00> <Adapter> <Opcode : 'read' 'write' 'readreq' 'writereq' 'writeresp'>
ST_9 : Operation 84 [4/8] (7.30ns)   --->   "%gmem_load_3_req = readreq i1 @_ssdm_op_ReadReq.m_axi.i32P1A, i32 %gmem_addr_2, i64 1" [mmult_baseline.cpp:23]   --->   Operation 84 'readreq' 'gmem_load_3_req' <Predicate = (!icmp_ln19 & !icmp_ln19_1)> <Delay = 7.30> <CoreInst = "m_axi">   --->   Core 119 'm_axi' <Latency = 0> <II = 1> <Delay = 1.00> <Adapter> <Opcode : 'read' 'write' 'readreq' 'writereq' 'writeresp'>
ST_9 : Operation 85 [5/8] (7.30ns)   --->   "%gmem_load_4_req = readreq i1 @_ssdm_op_ReadReq.m_axi.i32P1A, i32 %gmem_addr_3, i64 1" [mmult_baseline.cpp:23]   --->   Operation 85 'readreq' 'gmem_load_4_req' <Predicate = (!icmp_ln19 & !icmp_ln19_1)> <Delay = 7.30> <CoreInst = "m_axi">   --->   Core 119 'm_axi' <Latency = 0> <II = 1> <Delay = 1.00> <Adapter> <Opcode : 'read' 'write' 'readreq' 'writereq' 'writeresp'>

State 10 <SV = 9> <Delay = 7.30>
ST_10 : Operation 86 [1/8] (7.30ns)   --->   "%gmem_load_1_req = readreq i1 @_ssdm_op_ReadReq.m_axi.i32P1A, i32 %gmem_addr, i64 1" [mmult_baseline.cpp:23]   --->   Operation 86 'readreq' 'gmem_load_1_req' <Predicate = (!icmp_ln19)> <Delay = 7.30> <CoreInst = "m_axi">   --->   Core 119 'm_axi' <Latency = 0> <II = 1> <Delay = 1.00> <Adapter> <Opcode : 'read' 'write' 'readreq' 'writereq' 'writeresp'>
ST_10 : Operation 87 [2/8] (7.30ns)   --->   "%gmem_load_2_req = readreq i1 @_ssdm_op_ReadReq.m_axi.i32P1A, i32 %gmem_addr_1, i64 1" [mmult_baseline.cpp:23]   --->   Operation 87 'readreq' 'gmem_load_2_req' <Predicate = (!icmp_ln19)> <Delay = 7.30> <CoreInst = "m_axi">   --->   Core 119 'm_axi' <Latency = 0> <II = 1> <Delay = 1.00> <Adapter> <Opcode : 'read' 'write' 'readreq' 'writereq' 'writeresp'>
ST_10 : Operation 88 [3/8] (7.30ns)   --->   "%gmem_load_3_req = readreq i1 @_ssdm_op_ReadReq.m_axi.i32P1A, i32 %gmem_addr_2, i64 1" [mmult_baseline.cpp:23]   --->   Operation 88 'readreq' 'gmem_load_3_req' <Predicate = (!icmp_ln19 & !icmp_ln19_1)> <Delay = 7.30> <CoreInst = "m_axi">   --->   Core 119 'm_axi' <Latency = 0> <II = 1> <Delay = 1.00> <Adapter> <Opcode : 'read' 'write' 'readreq' 'writereq' 'writeresp'>
ST_10 : Operation 89 [4/8] (7.30ns)   --->   "%gmem_load_4_req = readreq i1 @_ssdm_op_ReadReq.m_axi.i32P1A, i32 %gmem_addr_3, i64 1" [mmult_baseline.cpp:23]   --->   Operation 89 'readreq' 'gmem_load_4_req' <Predicate = (!icmp_ln19 & !icmp_ln19_1)> <Delay = 7.30> <CoreInst = "m_axi">   --->   Core 119 'm_axi' <Latency = 0> <II = 1> <Delay = 1.00> <Adapter> <Opcode : 'read' 'write' 'readreq' 'writereq' 'writeresp'>

State 11 <SV = 10> <Delay = 7.30>
ST_11 : Operation 90 [1/1] (7.30ns)   --->   "%gmem_addr_read = read i32 @_ssdm_op_Read.m_axi.i32P1A, i32 %gmem_addr" [mmult_baseline.cpp:23]   --->   Operation 90 'read' 'gmem_addr_read' <Predicate = (!icmp_ln19)> <Delay = 7.30> <CoreInst = "m_axi">   --->   Core 119 'm_axi' <Latency = 0> <II = 1> <Delay = 1.00> <Adapter> <Opcode : 'read' 'write' 'readreq' 'writereq' 'writeresp'>
ST_11 : Operation 91 [1/8] (7.30ns)   --->   "%gmem_load_2_req = readreq i1 @_ssdm_op_ReadReq.m_axi.i32P1A, i32 %gmem_addr_1, i64 1" [mmult_baseline.cpp:23]   --->   Operation 91 'readreq' 'gmem_load_2_req' <Predicate = (!icmp_ln19)> <Delay = 7.30> <CoreInst = "m_axi">   --->   Core 119 'm_axi' <Latency = 0> <II = 1> <Delay = 1.00> <Adapter> <Opcode : 'read' 'write' 'readreq' 'writereq' 'writeresp'>
ST_11 : Operation 92 [2/8] (7.30ns)   --->   "%gmem_load_3_req = readreq i1 @_ssdm_op_ReadReq.m_axi.i32P1A, i32 %gmem_addr_2, i64 1" [mmult_baseline.cpp:23]   --->   Operation 92 'readreq' 'gmem_load_3_req' <Predicate = (!icmp_ln19 & !icmp_ln19_1)> <Delay = 7.30> <CoreInst = "m_axi">   --->   Core 119 'm_axi' <Latency = 0> <II = 1> <Delay = 1.00> <Adapter> <Opcode : 'read' 'write' 'readreq' 'writereq' 'writeresp'>
ST_11 : Operation 93 [3/8] (7.30ns)   --->   "%gmem_load_4_req = readreq i1 @_ssdm_op_ReadReq.m_axi.i32P1A, i32 %gmem_addr_3, i64 1" [mmult_baseline.cpp:23]   --->   Operation 93 'readreq' 'gmem_load_4_req' <Predicate = (!icmp_ln19 & !icmp_ln19_1)> <Delay = 7.30> <CoreInst = "m_axi">   --->   Core 119 'm_axi' <Latency = 0> <II = 1> <Delay = 1.00> <Adapter> <Opcode : 'read' 'write' 'readreq' 'writereq' 'writeresp'>

State 12 <SV = 11> <Delay = 7.30>
ST_12 : Operation 94 [1/1] (7.30ns)   --->   "%gmem_addr_1_read = read i32 @_ssdm_op_Read.m_axi.i32P1A, i32 %gmem_addr_1" [mmult_baseline.cpp:23]   --->   Operation 94 'read' 'gmem_addr_1_read' <Predicate = (!icmp_ln19)> <Delay = 7.30> <CoreInst = "m_axi">   --->   Core 119 'm_axi' <Latency = 0> <II = 1> <Delay = 1.00> <Adapter> <Opcode : 'read' 'write' 'readreq' 'writereq' 'writeresp'>
ST_12 : Operation 95 [1/8] (7.30ns)   --->   "%gmem_load_3_req = readreq i1 @_ssdm_op_ReadReq.m_axi.i32P1A, i32 %gmem_addr_2, i64 1" [mmult_baseline.cpp:23]   --->   Operation 95 'readreq' 'gmem_load_3_req' <Predicate = (!icmp_ln19 & !icmp_ln19_1)> <Delay = 7.30> <CoreInst = "m_axi">   --->   Core 119 'm_axi' <Latency = 0> <II = 1> <Delay = 1.00> <Adapter> <Opcode : 'read' 'write' 'readreq' 'writereq' 'writeresp'>
ST_12 : Operation 96 [2/8] (7.30ns)   --->   "%gmem_load_4_req = readreq i1 @_ssdm_op_ReadReq.m_axi.i32P1A, i32 %gmem_addr_3, i64 1" [mmult_baseline.cpp:23]   --->   Operation 96 'readreq' 'gmem_load_4_req' <Predicate = (!icmp_ln19 & !icmp_ln19_1)> <Delay = 7.30> <CoreInst = "m_axi">   --->   Core 119 'm_axi' <Latency = 0> <II = 1> <Delay = 1.00> <Adapter> <Opcode : 'read' 'write' 'readreq' 'writereq' 'writeresp'>

State 13 <SV = 12> <Delay = 7.30>
ST_13 : Operation 97 [1/1] (0.00ns)   --->   "%add187_0_load = load i32 %add187_0" [mmult_baseline.cpp:23]   --->   Operation 97 'load' 'add187_0_load' <Predicate = (!icmp_ln19)> <Delay = 0.00>
ST_13 : Operation 98 [1/1] (0.00ns)   --->   "%specpipeline_ln21 = specpipeline void @_ssdm_op_SpecPipeline, i32 1, i32 0, i32 0, i32 0, void @empty_0" [mmult_baseline.cpp:21]   --->   Operation 98 'specpipeline' 'specpipeline_ln21' <Predicate = (!icmp_ln19)> <Delay = 0.00>
ST_13 : Operation 99 [1/1] (0.00ns)   --->   "%speclooptripcount_ln20 = speclooptripcount void @_ssdm_op_SpecLoopTripCount, i64 64, i64 64, i64 64" [mmult_baseline.cpp:20]   --->   Operation 99 'speclooptripcount' 'speclooptripcount_ln20' <Predicate = (!icmp_ln19)> <Delay = 0.00>
ST_13 : Operation 100 [1/1] (0.00ns)   --->   "%specloopname_ln19 = specloopname void @_ssdm_op_SpecLoopName, void @empty_13" [mmult_baseline.cpp:19]   --->   Operation 100 'specloopname' 'specloopname_ln19' <Predicate = (!icmp_ln19)> <Delay = 0.00>
ST_13 : Operation 101 [1/1] (3.88ns)   --->   "%mul_ln23_1 = mul i32 %gmem_addr_1_read, i32 %gmem_addr_read" [mmult_baseline.cpp:23]   --->   Operation 101 'mul' 'mul_ln23_1' <Predicate = (!icmp_ln19)> <Delay = 3.88> <CoreInst = "Multiplier">   --->   Core 3 'Multiplier' <Latency = 0> <II = 1> <Delay = 3.88> <FuncUnit> <Opcode : 'mul'> <InPorts = 2> <OutPorts = 1>
ST_13 : Operation 102 [1/1] (1.20ns)   --->   "%add_ln23_3 = add i32 %mul_ln23_1, i32 %add187_0_load" [mmult_baseline.cpp:23]   --->   Operation 102 'add' 'add_ln23_3' <Predicate = (!icmp_ln19)> <Delay = 1.20> <CoreInst = "Adder">   --->   Core 1 'Adder' <Latency = 0> <II = 1> <Delay = 1.20> <FuncUnit> <Opcode : 'add' 'sub'> <InPorts = 2> <OutPorts = 1>
ST_13 : Operation 103 [1/1] (7.30ns)   --->   "%gmem_addr_2_read = read i32 @_ssdm_op_Read.m_axi.i32P1A, i32 %gmem_addr_2" [mmult_baseline.cpp:23]   --->   Operation 103 'read' 'gmem_addr_2_read' <Predicate = (!icmp_ln19 & !icmp_ln19_1)> <Delay = 7.30> <CoreInst = "m_axi">   --->   Core 119 'm_axi' <Latency = 0> <II = 1> <Delay = 1.00> <Adapter> <Opcode : 'read' 'write' 'readreq' 'writereq' 'writeresp'>
ST_13 : Operation 104 [1/8] (7.30ns)   --->   "%gmem_load_4_req = readreq i1 @_ssdm_op_ReadReq.m_axi.i32P1A, i32 %gmem_addr_3, i64 1" [mmult_baseline.cpp:23]   --->   Operation 104 'readreq' 'gmem_load_4_req' <Predicate = (!icmp_ln19 & !icmp_ln19_1)> <Delay = 7.30> <CoreInst = "m_axi">   --->   Core 119 'm_axi' <Latency = 0> <II = 1> <Delay = 1.00> <Adapter> <Opcode : 'read' 'write' 'readreq' 'writereq' 'writeresp'>

State 14 <SV = 13> <Delay = 7.30>
ST_14 : Operation 105 [1/1] (7.30ns)   --->   "%gmem_addr_3_read = read i32 @_ssdm_op_Read.m_axi.i32P1A, i32 %gmem_addr_3" [mmult_baseline.cpp:23]   --->   Operation 105 'read' 'gmem_addr_3_read' <Predicate = true> <Delay = 7.30> <CoreInst = "m_axi">   --->   Core 119 'm_axi' <Latency = 0> <II = 1> <Delay = 1.00> <Adapter> <Opcode : 'read' 'write' 'readreq' 'writereq' 'writeresp'>

State 15 <SV = 14> <Delay = 5.57>
ST_15 : Operation 106 [1/1] (3.88ns)   --->   "%mul_ln23_2 = mul i32 %gmem_addr_3_read, i32 %gmem_addr_2_read" [mmult_baseline.cpp:23]   --->   Operation 106 'mul' 'mul_ln23_2' <Predicate = true> <Delay = 3.88> <CoreInst = "Multiplier">   --->   Core 3 'Multiplier' <Latency = 0> <II = 1> <Delay = 3.88> <FuncUnit> <Opcode : 'mul'> <InPorts = 2> <OutPorts = 1>
ST_15 : Operation 107 [1/1] (1.20ns)   --->   "%add_ln23_8 = add i32 %mul_ln23_2, i32 %add_ln23_3" [mmult_baseline.cpp:23]   --->   Operation 107 'add' 'add_ln23_8' <Predicate = true> <Delay = 1.20> <CoreInst = "Adder">   --->   Core 1 'Adder' <Latency = 0> <II = 1> <Delay = 1.20> <FuncUnit> <Opcode : 'add' 'sub'> <InPorts = 2> <OutPorts = 1>
ST_15 : Operation 108 [1/1] (0.48ns)   --->   "%store_ln23 = store i32 %add_ln23_8, i32 %add187_0" [mmult_baseline.cpp:23]   --->   Operation 108 'store' 'store_ln23' <Predicate = true> <Delay = 0.48>
ST_15 : Operation 109 [1/1] (0.00ns)   --->   "%br_ln19 = br void %for.inc.0" [mmult_baseline.cpp:19]   --->   Operation 109 'br' 'br_ln19' <Predicate = true> <Delay = 0.00>

State 16 <SV = 13> <Delay = 0.48>
ST_16 : Operation 110 [1/1] (0.00ns)   --->   "%write_ln23 = write void @_ssdm_op_Write.ap_auto.i32P0A, i32 %add187_0_out, i32 %add187_0_load" [mmult_baseline.cpp:23]   --->   Operation 110 'write' 'write_ln23' <Predicate = true> <Delay = 0.00>
ST_16 : Operation 111 [1/1] (0.00ns)   --->   "%write_ln23 = write void @_ssdm_op_Write.ap_auto.i32P0A, i32 %add_ln23_3_out, i32 %add_ln23_3" [mmult_baseline.cpp:23]   --->   Operation 111 'write' 'write_ln23' <Predicate = true> <Delay = 0.00>
ST_16 : Operation 112 [1/1] (0.48ns)   --->   "%br_ln0 = br void %UnifiedReturnBlock"   --->   Operation 112 'br' 'br_ln0' <Predicate = true> <Delay = 0.48>

State 17 <SV = 2> <Delay = 0.48>
ST_17 : Operation 113 [1/1] (0.00ns)   --->   "%add187_0_load_1 = load i32 %add187_0"   --->   Operation 113 'load' 'add187_0_load_1' <Predicate = true> <Delay = 0.00>
ST_17 : Operation 114 [1/1] (0.00ns)   --->   "%write_ln0 = write void @_ssdm_op_Write.ap_auto.i32P0A, i32 %add187_0_out, i32 %add187_0_load_1"   --->   Operation 114 'write' 'write_ln0' <Predicate = true> <Delay = 0.00>
ST_17 : Operation 115 [1/1] (0.48ns)   --->   "%br_ln0 = br void %UnifiedReturnBlock"   --->   Operation 115 'br' 'br_ln0' <Predicate = true> <Delay = 0.48>

State 18 <SV = 14> <Delay = 0.48>
ST_18 : Operation 116 [1/1] (0.00ns) (grouped into LUT with out node ret_ln0)   --->   "%UnifiedRetVal = phi i1 1, void %for.inc.0.for.cond5.for.inc19_crit_edge_crit_edge.exitStub, i1 0, void %for.inc.0.split.for.cond5.for.inc19_crit_edge_crit_edge.exitStub"   --->   Operation 116 'phi' 'UnifiedRetVal' <Predicate = true> <Delay = 0.00>
ST_18 : Operation 117 [1/1] (0.48ns) (out node of the LUT)   --->   "%ret_ln0 = ret i1 %UnifiedRetVal"   --->   Operation 117 'ret' 'ret_ln0' <Predicate = true> <Delay = 0.48>


============================================================
+ Verbose Summary: Timing violations
============================================================
Target clock period: 10.000ns, clock uncertainty: 2.700ns.

 <State 1>: 0.489ns
The critical path consists of the following:
	'alloca' operation 64 bit ('k', mmult_baseline.cpp:19) [11]  (0.000 ns)
	'store' operation 0 bit ('store_ln19', mmult_baseline.cpp:19) of constant 0 on local variable 'k', mmult_baseline.cpp:19 [23]  (0.489 ns)

 <State 2>: 5.210ns
The critical path consists of the following:
	'load' operation 64 bit ('k', mmult_baseline.cpp:19) on local variable 'k', mmult_baseline.cpp:19 [27]  (0.000 ns)
	'mul' operation 62 bit ('mul_ln23', mmult_baseline.cpp:23) [41]  (5.210 ns)

 <State 3>: 7.300ns
The critical path consists of the following:
	bus request operation ('gmem_load_1_req', mmult_baseline.cpp:23) on port 'gmem' (mmult_baseline.cpp:23) [39]  (7.300 ns)

 <State 4>: 7.300ns
The critical path consists of the following:
	bus request operation ('gmem_load_1_req', mmult_baseline.cpp:23) on port 'gmem' (mmult_baseline.cpp:23) [39]  (7.300 ns)

 <State 5>: 7.300ns
The critical path consists of the following:
	bus request operation ('gmem_load_3_req', mmult_baseline.cpp:23) on port 'gmem' (mmult_baseline.cpp:23) [59]  (7.300 ns)

 <State 6>: 7.300ns
The critical path consists of the following:
	bus request operation ('gmem_load_3_req', mmult_baseline.cpp:23) on port 'gmem' (mmult_baseline.cpp:23) [59]  (7.300 ns)

 <State 7>: 7.300ns
The critical path consists of the following:
	bus request operation ('gmem_load_3_req', mmult_baseline.cpp:23) on port 'gmem' (mmult_baseline.cpp:23) [59]  (7.300 ns)

 <State 8>: 7.300ns
The critical path consists of the following:
	bus request operation ('gmem_load_3_req', mmult_baseline.cpp:23) on port 'gmem' (mmult_baseline.cpp:23) [59]  (7.300 ns)

 <State 9>: 7.300ns
The critical path consists of the following:
	bus request operation ('gmem_load_3_req', mmult_baseline.cpp:23) on port 'gmem' (mmult_baseline.cpp:23) [59]  (7.300 ns)

 <State 10>: 7.300ns
The critical path consists of the following:
	bus request operation ('gmem_load_3_req', mmult_baseline.cpp:23) on port 'gmem' (mmult_baseline.cpp:23) [59]  (7.300 ns)

 <State 11>: 7.300ns
The critical path consists of the following:
	bus request operation ('gmem_load_3_req', mmult_baseline.cpp:23) on port 'gmem' (mmult_baseline.cpp:23) [59]  (7.300 ns)

 <State 12>: 7.300ns
The critical path consists of the following:
	bus request operation ('gmem_load_3_req', mmult_baseline.cpp:23) on port 'gmem' (mmult_baseline.cpp:23) [59]  (7.300 ns)

 <State 13>: 7.300ns
The critical path consists of the following:
	bus read operation ('gmem_addr_2_read', mmult_baseline.cpp:23) on port 'gmem' (mmult_baseline.cpp:23) [60]  (7.300 ns)

 <State 14>: 7.300ns
The critical path consists of the following:
	bus read operation ('gmem_addr_3_read', mmult_baseline.cpp:23) on port 'gmem' (mmult_baseline.cpp:23) [69]  (7.300 ns)

 <State 15>: 5.572ns
The critical path consists of the following:
	'mul' operation 32 bit ('mul_ln23_2', mmult_baseline.cpp:23) [70]  (3.880 ns)
	'add' operation 32 bit ('add_ln23_8', mmult_baseline.cpp:23) [71]  (1.203 ns)
	'store' operation 0 bit ('store_ln23', mmult_baseline.cpp:23) of variable 'add_ln23_8', mmult_baseline.cpp:23 on local variable 'add187_0' [74]  (0.489 ns)

 <State 16>: 0.489ns
The critical path consists of the following:
	multiplexor before 'phi' operation 1 bit ('UnifiedRetVal') [85]  (0.489 ns)

 <State 17>: 0.489ns
The critical path consists of the following:
	multiplexor before 'phi' operation 1 bit ('UnifiedRetVal') [85]  (0.489 ns)

 <State 18>: 0.489ns
The critical path consists of the following:
	'phi' operation 1 bit ('UnifiedRetVal') [85]  (0.000 ns)
	blocking operation 0.489 ns on control path)


============================================================
+ Verbose Summary: Binding
============================================================
N/A
* FSMD analyzer results:
  - Output states:
 - Input state : 
  - Chain level:
	State 1
	State 2
	State 3
	State 4
	State 5
	State 6
	State 7
	State 8
	State 9
	State 10
	State 11
	State 12
	State 13
	State 14
	State 15
	State 16
	State 17
	State 18


============================================================
+ Verbose Summary: Datapath Resource usage 
============================================================
N/A
