02/02/26 15:27:12: Running xcd server. This server was NOT built by gradle, but presumably rdi.
02/02/26 15:27:12: Server was asked to start on port: '51438'
02/02/26 15:27:12: Server is using token UUID: '3632ff93-0a56-42ca-a9c7-b83ae03cde84'
02/02/26 15:27:12: SESSION_MGR: creating session with session uuid: '6d04a3e9-ade5-4ab9-8d63-1f78fcd2ec76' and name 'default'
02/02/26 15:27:12: Attempting to start server on port '51438'
02/02/26 15:27:12: Running Dispatch Server
02/02/26 15:27:12: Version 2.2.0
02/02/26 15:27:14: Dispatch Server: Accepted socket connection from client
02/02/26 15:27:14: Starting Socket connection
02/02/26 15:27:14: EXCHANGE_TOKEN received, server token: 3632ff93-0a56-42ca-a9c7-b83ae03cde84, passed token: 3632ff93-0a56-42ca-a9c7-b83ae03cde84
02/02/26 15:27:14: DISPATCH_HANDLER: Adding handler from function makeHandler in library librdi_system_diagram failed with exception: Could not dynamically load librdi_system_diagram.dll
02/02/26 15:27:14: SESSION_MGR: creating session with session uuid: '2c346402-08fd-47e1-83dc-737e353f6714' and name 'v++_compile_example'
02/02/26 15:27:14: KERNEL_SVC: creating session with uuid: '2c346402-08fd-47e1-83dc-737e353f6714' and name 'v++_compile_example'
02/02/26 15:27:14: GUIDANCE_SMGR: creating guidance session with uuid: '2c346402-08fd-47e1-83dc-737e353f6714' and name 'v++_compile_example'
02/02/26 15:27:19: Dispatch Server: Accepted socket connection from client
02/02/26 15:27:19: Starting Socket connection
02/02/26 15:27:37: SESSION_MGR: closing session for UUID '2c346402-08fd-47e1-83dc-737e353f6714' with name 'v++_compile_example'
02/02/26 15:27:37: KERNEL_SVC: closing session for UUID '2c346402-08fd-47e1-83dc-737e353f6714' with name 'v++_compile_example'
02/02/26 15:27:37: GUIDANCE_SMGR: closing session for UUID '2c346402-08fd-47e1-83dc-737e353f6714' with name 'v++_compile_example'
02/02/26 15:27:37: STOP_SERVER received, server token: 3632ff93-0a56-42ca-a9c7-b83ae03cde84, passed token: 3632ff93-0a56-42ca-a9c7-b83ae03cde84
02/02/26 15:27:37: Socket received request to stop server.
02/02/26 15:27:37: Dispatch Server: do_await_stop
02/02/26 15:27:37: SERVER: destructor for server bound to port 51438
02/02/26 15:27:37: Server exiting with status 0.
02/02/26 15:27:37: Closing log file.
02/02/26 15:28:09: Running xcd server. This server was NOT built by gradle, but presumably rdi.
02/02/26 15:28:09: Server was asked to start on port: '60397'
02/02/26 15:28:09: Server is using token UUID: '8e4afa44-7cad-4b0c-8dee-5f15d66669a8'
02/02/26 15:28:09: SESSION_MGR: creating session with session uuid: '6d04a3e9-ade5-4ab9-8d63-1f78fcd2ec76' and name 'default'
02/02/26 15:28:09: Attempting to start server on port '60397'
02/02/26 15:28:09: Running Dispatch Server
02/02/26 15:28:09: Version 2.2.0
02/02/26 15:28:11: Dispatch Server: Accepted socket connection from client
02/02/26 15:28:11: Starting Socket connection
02/02/26 15:28:11: EXCHANGE_TOKEN received, server token: 8e4afa44-7cad-4b0c-8dee-5f15d66669a8, passed token: 8e4afa44-7cad-4b0c-8dee-5f15d66669a8
02/02/26 15:28:11: DISPATCH_HANDLER: Adding handler from function makeHandler in library librdi_system_diagram failed with exception: Could not dynamically load librdi_system_diagram.dll
02/02/26 15:28:11: SESSION_MGR: creating session with session uuid: '73105163-47c2-43bd-817e-a87a6dce586f' and name 'vitis-run_compile_example'
02/02/26 15:28:11: KERNEL_SVC: creating session with uuid: '73105163-47c2-43bd-817e-a87a6dce586f' and name 'vitis-run_compile_example'
02/02/26 15:28:11: GUIDANCE_SMGR: creating guidance session with uuid: '73105163-47c2-43bd-817e-a87a6dce586f' and name 'vitis-run_compile_example'
02/02/26 15:28:16: Dispatch Server: Accepted socket connection from client
02/02/26 15:28:16: Starting Socket connection
02/02/26 15:28:30: SESSION_MGR: closing session for UUID '73105163-47c2-43bd-817e-a87a6dce586f' with name 'vitis-run_compile_example'
02/02/26 15:28:30: KERNEL_SVC: closing session for UUID '73105163-47c2-43bd-817e-a87a6dce586f' with name 'vitis-run_compile_example'
02/02/26 15:28:30: GUIDANCE_SMGR: closing session for UUID '73105163-47c2-43bd-817e-a87a6dce586f' with name 'vitis-run_compile_example'
02/02/26 15:28:30: STOP_SERVER received, server token: 8e4afa44-7cad-4b0c-8dee-5f15d66669a8, passed token: 8e4afa44-7cad-4b0c-8dee-5f15d66669a8
02/02/26 15:28:30: Socket received request to stop server.
02/02/26 15:28:30: Dispatch Server: do_await_stop
02/02/26 15:28:30: SERVER: destructor for server bound to port 60397
02/02/26 15:28:30: Server exiting with status 0.
02/02/26 15:28:30: Closing log file.
