

================================================================
== Synthesis Summary Report of 'mmult_hw'
================================================================
+ General Information: 
    * Date:           Mon Feb 23 00:37:49 2026
    * Version:        2024.1 (Build 5069499 on May 21 2024)
    * Project:        matmul_D12_Tiled_AP
    * Solution:       hls (Vivado IP Flow Target)
    * Product family: zynquplus
    * Target device:  xczu3eg-sbva484-1-e
    

+ Performance & Resource Estimates: 
    
    PS: '+' for module; 'o' for loop; '*' for dataflow
    +------------------------------------------------+------+------+---------+-----------+----------+---------+------+----------+---------+---------+-----------+-----------+-----+
    |                     Modules                    | Issue|      | Latency |  Latency  | Iteration|         | Trip |          |         |         |           |           |     |
    |                     & Loops                    | Type | Slack| (cycles)|    (ns)   |  Latency | Interval| Count| Pipelined|  BRAM   |   DSP   |     FF    |    LUT    | URAM|
    +------------------------------------------------+------+------+---------+-----------+----------+---------+------+----------+---------+---------+-----------+-----------+-----+
    |+ mmult_hw                                      |     -|  0.00|  3460945|  3.461e+07|         -|  3460946|     -|        no|  16 (3%)|   9 (2%)|  2913 (2%)|  3798 (5%)|    -|
    | o tile_i                                       |     -|  7.30|  3460944|  3.461e+07|    432618|        -|     8|        no|        -|        -|          -|          -|    -|
    |  o tile_j                                      |     -|  7.30|   432616|  4.326e+06|     54077|        -|     8|        no|        -|        -|          -|          -|    -|
    |   + mmult_hw_Pipeline_init_i_init_j            |     -|  3.06|      258|  2.580e+03|         -|      258|     -|        no|        -|        -|   21 (~0%)|  143 (~0%)|    -|
    |    o init_i_init_j                             |     -|  7.30|      256|  2.560e+03|         1|        1|   256|       yes|        -|        -|          -|          -|    -|
    |   o tile_k                                     |     -|  7.30|    53816|  5.382e+05|      6727|        -|     8|        no|        -|        -|          -|          -|    -|
    |    + mmult_hw_Pipeline_load_a_VITIS_LOOP_27_1  |     -|  0.00|      268|  2.680e+03|         -|      268|     -|        no|        -|  2 (~0%)|  492 (~0%)|  487 (~0%)|    -|
    |     o load_a_VITIS_LOOP_27_1                   |     -|  7.30|      266|  2.660e+03|        12|        1|   256|       yes|        -|        -|          -|          -|    -|
    |    + mmult_hw_Pipeline_load_b_VITIS_LOOP_30_2  |     -|  0.00|      268|  2.680e+03|         -|      268|     -|        no|        -|  2 (~0%)|  415 (~0%)|  478 (~0%)|    -|
    |     o load_b_VITIS_LOOP_30_2                   |     -|  7.30|      266|  2.660e+03|        12|        1|   256|       yes|        -|        -|          -|          -|    -|
    |    + mmult_hw_Pipeline_store_i_store_j         |     -|  0.00|      265|  2.650e+03|         -|      265|     -|        no|        -|  2 (~0%)|  298 (~0%)|  437 (~0%)|    -|
    |     o store_i_store_j                          |     -|  7.30|      263|  2.630e+03|         9|        1|   256|       yes|        -|        -|          -|          -|    -|
    |    o comp_i                                    |     -|  7.30|     5920|  5.920e+04|       370|        -|    16|        no|        -|        -|          -|          -|    -|
    |     o comp_j                                   |     -|  7.30|      368|  3.680e+03|        23|        -|    16|        no|        -|        -|          -|          -|    -|
    |      + mmult_hw_Pipeline_comp_k                |     -|  1.46|       19|    190.000|         -|       19|     -|        no|        -|  3 (~0%)|   77 (~0%)|  171 (~0%)|    -|
    |       o comp_k                                 |     -|  7.30|       17|    170.000|         3|        1|    16|       yes|        -|        -|          -|          -|    -|
    +------------------------------------------------+------+------+---------+-----------+----------+---------+------+----------+---------+---------+-----------+-----------+-----+


================================================================
== HW Interfaces
================================================================
* M_AXI
+------------+------------+------------+---------------+---------+--------+----------+-----------+--------------+--------------+-------------+-------------+-------------------+
| Interface  | Read/Write | Data Width | Address Width | Latency | Offset | Register | Max Widen | Max Read     | Max Write    | Num Read    | Num Write   | Resource Estimate |
|            |            | (SW->HW)   |               |         |        |          | Bitwidth  | Burst Length | Burst Length | Outstanding | Outstanding |                   |
+------------+------------+------------+---------------+---------+--------+----------+-----------+--------------+--------------+-------------+-------------+-------------------+
| m_axi_gmem | READ_WRITE | 32 -> 32   | 64            | 0       | slave  | 0        | 0         | 16           | 16           | 16          | 16          | BRAM=4            |
+------------+------------+------------+---------------+---------+--------+----------+-----------+--------------+--------------+-------------+-------------+-------------------+

* S_AXILITE Interfaces
+------------+------------+---------------+--------+----------+
| Interface  | Data Width | Address Width | Offset | Register |
+------------+------------+---------------+--------+----------+
| s_axi_CTRL | 32         | 6             | 16     | 0        |
+------------+------------+---------------+--------+----------+

* S_AXILITE Registers
+------------+----------+--------+-------+--------+----------------------------------+----------------------------------------------------------------------+
| Interface  | Register | Offset | Width | Access | Description                      | Bit Fields                                                           |
+------------+----------+--------+-------+--------+----------------------------------+----------------------------------------------------------------------+
| s_axi_CTRL | CTRL     | 0x00   | 32    | RW     | Control signals                  | 0=AP_START 1=AP_DONE 2=AP_IDLE 3=AP_READY 7=AUTO_RESTART 9=INTERRUPT |
| s_axi_CTRL | GIER     | 0x04   | 32    | RW     | Global Interrupt Enable Register | 0=Enable                                                             |
| s_axi_CTRL | IP_IER   | 0x08   | 32    | RW     | IP Interrupt Enable Register     | 0=CHAN0_INT_EN 1=CHAN1_INT_EN                                        |
| s_axi_CTRL | IP_ISR   | 0x0c   | 32    | RW     | IP Interrupt Status Register     | 0=CHAN0_INT_ST 1=CHAN1_INT_ST                                        |
| s_axi_CTRL | in1_1    | 0x10   | 32    | W      | Data signal of in1               |                                                                      |
| s_axi_CTRL | in1_2    | 0x14   | 32    | W      | Data signal of in1               |                                                                      |
| s_axi_CTRL | in2_1    | 0x1c   | 32    | W      | Data signal of in2               |                                                                      |
| s_axi_CTRL | in2_2    | 0x20   | 32    | W      | Data signal of in2               |                                                                      |
| s_axi_CTRL | out_r_1  | 0x28   | 32    | W      | Data signal of out_r             |                                                                      |
| s_axi_CTRL | out_r_2  | 0x2c   | 32    | W      | Data signal of out_r             |                                                                      |
| s_axi_CTRL | dim      | 0x34   | 32    | W      | Data signal of dim               |                                                                      |
+------------+----------+--------+-------+--------+----------------------------------+----------------------------------------------------------------------+

* TOP LEVEL CONTROL
+-----------+------------+-----------+
| Interface | Type       | Ports     |
+-----------+------------+-----------+
| ap_clk    | clock      | ap_clk    |
| ap_rst_n  | reset      | ap_rst_n  |
| interrupt | interrupt  | interrupt |
| ap_ctrl   | ap_ctrl_hs |           |
+-----------+------------+-----------+


================================================================
== SW I/O Information
================================================================
* Top Function Arguments
+----------+-----------+----------+
| Argument | Direction | Datatype |
+----------+-----------+----------+
| in1      | inout     | int*     |
| in2      | inout     | int*     |
| out      | inout     | int*     |
| dim      | in        | int      |
+----------+-----------+----------+

* SW-to-HW Mapping
+----------+--------------+-----------+----------+-----------------------------------+
| Argument | HW Interface | HW Type   | HW Usage | HW Info                           |
+----------+--------------+-----------+----------+-----------------------------------+
| in1      | m_axi_gmem   | interface |          | channel=0                         |
| in1      | s_axi_CTRL   | register  | offset   | name=in1_1 offset=0x10 range=32   |
| in1      | s_axi_CTRL   | register  | offset   | name=in1_2 offset=0x14 range=32   |
| in2      | m_axi_gmem   | interface |          | channel=0                         |
| in2      | s_axi_CTRL   | register  | offset   | name=in2_1 offset=0x1c range=32   |
| in2      | s_axi_CTRL   | register  | offset   | name=in2_2 offset=0x20 range=32   |
| out      | m_axi_gmem   | interface |          | channel=0                         |
| out      | s_axi_CTRL   | register  | offset   | name=out_r_1 offset=0x28 range=32 |
| out      | s_axi_CTRL   | register  | offset   | name=out_r_2 offset=0x2c range=32 |
| dim      | s_axi_CTRL   | register  |          | name=dim offset=0x34 range=32     |
+----------+--------------+-----------+----------+-----------------------------------+


================================================================
== M_AXI Burst Information
================================================================
 Note: All burst requests might be further partitioned into multiple requests during RTL generation based on max_read_burst_length or max_write_burst_length settings.

* Inferred Burst Summary
+--------------+-----------+--------+-------+-----------------+--------------------------+
| HW Interface | Direction | Length | Width | Loop            | Loop Location            |
+--------------+-----------+--------+-------+-----------------+--------------------------+
| m_axi_gmem   | read      | 16     | 32    | VITIS_LOOP_27_1 | mmult_baseline.cpp:27:34 |
| m_axi_gmem   | read      | 16     | 32    | VITIS_LOOP_30_2 | mmult_baseline.cpp:30:34 |
| m_axi_gmem   | write     | 16     | 32    | store_j         | mmult_baseline.cpp:43:22 |
+--------------+-----------+--------+-------+-----------------+--------------------------+

* All M_AXI Variable Accesses
+--------------+----------+--------------------------+-----------+--------------+--------+-----------------+--------------------------+------------+-------------------------------------------------------------------------------------------------------+
| HW Interface | Variable | Access Location          | Direction | Burst Status | Length | Loop            | Loop Location            | Resolution | Problem                                                                                               |
+--------------+----------+--------------------------+-----------+--------------+--------+-----------------+--------------------------+------------+-------------------------------------------------------------------------------------------------------+
| m_axi_gmem   | in1      | mmult_baseline.cpp:28:32 | read      | Widen Fail   |        | VITIS_LOOP_27_1 | mmult_baseline.cpp:27:34 | 214-353    | Could not widen since type i32 size is greater than or equal to the max_widen_bitwidth threshold of 0 |
| m_axi_gmem   | in1      | mmult_baseline.cpp:28:32 | read      | Fail         |        | load_a          | mmult_baseline.cpp:26:21 | 214-230    | Stride is incompatible                                                                                |
| m_axi_gmem   | in1      | mmult_baseline.cpp:28:32 | read      | Inferred     | 16     | VITIS_LOOP_27_1 | mmult_baseline.cpp:27:34 |            |                                                                                                       |
| m_axi_gmem   | in2      | mmult_baseline.cpp:31:32 | read      | Widen Fail   |        | VITIS_LOOP_30_2 | mmult_baseline.cpp:30:34 | 214-353    | Could not widen since type i32 size is greater than or equal to the max_widen_bitwidth threshold of 0 |
| m_axi_gmem   | in2      | mmult_baseline.cpp:31:32 | read      | Fail         |        | load_b          | mmult_baseline.cpp:29:21 | 214-230    | Stride is incompatible                                                                                |
| m_axi_gmem   | in2      | mmult_baseline.cpp:31:32 | read      | Inferred     | 16     | VITIS_LOOP_30_2 | mmult_baseline.cpp:30:34 |            |                                                                                                       |
| m_axi_gmem   | out      | mmult_baseline.cpp:44:50 | write     | Widen Fail   |        | store_j         | mmult_baseline.cpp:43:22 | 214-353    | Could not widen since type i32 size is greater than or equal to the max_widen_bitwidth threshold of 0 |
| m_axi_gmem   | out      | mmult_baseline.cpp:44:50 | write     | Fail         |        | store_i         | mmult_baseline.cpp:42:18 | 214-230    | Stride is incompatible                                                                                |
| m_axi_gmem   | out      | mmult_baseline.cpp:44:50 | write     | Inferred     | 16     | store_j         | mmult_baseline.cpp:43:22 |            |                                                                                                       |
+--------------+----------+--------------------------+-----------+--------------+--------+-----------------+--------------------------+------------+-------------------------------------------------------------------------------------------------------+

    * Resolution URL: docs.xilinx.com/access/sources/dita/topic?Doc_Version=2024.1%20English&url=ug1448-hls-guidance&resourceid=XXX-YYY.html (replace XXX-YYY with column value)

================================================================
== Bind Op Report
================================================================
+---------------------------------------------+-----+--------+---------------+-----------+----------+---------+
| Name                                        | DSP | Pragma | Variable      | Op        | Impl     | Latency |
+---------------------------------------------+-----+--------+---------------+-----------+----------+---------+
| + mmult_hw                                  | 9   |        |               |           |          |         |
|   icmp_ln19_fu_377_p2                       |     |        | icmp_ln19     | seteq     | auto     | 0       |
|   add_ln19_fu_383_p2                        |     |        | add_ln19      | add       | fabric   | 0       |
|   mul_3ns_32s_35_1_1_U55                    |     |        | empty_36      | mul       | auto     | 0       |
|   icmp_ln20_fu_410_p2                       |     |        | icmp_ln20     | seteq     | auto     | 0       |
|   add_ln20_fu_416_p2                        |     |        | add_ln20      | add       | fabric   | 0       |
|   icmp_ln25_fu_437_p2                       |     |        | icmp_ln25     | seteq     | auto     | 0       |
|   add_ln25_fu_443_p2                        |     |        | add_ln25      | add       | fabric   | 0       |
|   mul_3ns_32s_35_1_1_U56                    |     |        | empty_38      | mul       | auto     | 0       |
|   icmp_ln32_fu_479_p2                       |     |        | icmp_ln32     | seteq     | auto     | 0       |
|   add_ln32_fu_485_p2                        |     |        | add_ln32      | add       | fabric   | 0       |
|   icmp_ln33_fu_495_p2                       |     |        | icmp_ln33     | seteq     | auto     | 0       |
|   add_ln33_fu_501_p2                        |     |        | add_ln33      | add       | fabric   | 0       |
|   sparsemux_9_2_32_1_1_U57                  |     |        | acc           | sparsemux | auto     | 0       |
|  + mmult_hw_Pipeline_init_i_init_j          | 0   |        |               |           |          |         |
|    icmp_ln21_fu_140_p2                      |     |        | icmp_ln21     | seteq     | auto     | 0       |
|    add_ln21_1_fu_146_p2                     |     |        | add_ln21_1    | add       | fabric   | 0       |
|    add_ln21_fu_158_p2                       |     |        | add_ln21      | add       | fabric   | 0       |
|    icmp_ln22_fu_164_p2                      |     |        | icmp_ln22     | seteq     | auto     | 0       |
|    select_ln21_fu_170_p3                    |     |        | select_ln21   | select    | auto_sel | 0       |
|    select_ln21_1_fu_178_p3                  |     |        | select_ln21_1 | select    | auto_sel | 0       |
|    add_ln22_fu_220_p2                       |     |        | add_ln22      | add       | fabric   | 0       |
|  + mmult_hw_Pipeline_load_a_VITIS_LOOP_27_1 | 2   |        |               |           |          |         |
|    icmp_ln26_fu_228_p2                      |     |        | icmp_ln26     | seteq     | auto     | 0       |
|    add_ln26_4_fu_234_p2                     |     |        | add_ln26_4    | add       | fabric   | 0       |
|    add_ln26_2_fu_246_p2                     |     |        | add_ln26_2    | add       | fabric   | 0       |
|    icmp_ln27_fu_252_p2                      |     |        | icmp_ln27     | seteq     | auto     | 0       |
|    select_ln26_fu_258_p3                    |     |        | select_ln26   | select    | auto_sel | 0       |
|    select_ln26_1_fu_266_p3                  |     |        | select_ln26_1 | select    | auto_sel | 0       |
|    first_iter_1_fu_278_p2                   |     |        | first_iter_1  | seteq     | auto     | 0       |
|    mul_5ns_32s_37_1_1_U5                    | 2   |        | mul_ln26      | mul       | auto     | 0       |
|    add_ln26_1_fu_353_p2                     |     |        | add_ln26_1    | add       | fabric   | 0       |
|    add_ln27_fu_298_p2                       |     |        | add_ln27      | add       | fabric   | 0       |
|  + mmult_hw_Pipeline_load_b_VITIS_LOOP_30_2 | 2   |        |               |           |          |         |
|    icmp_ln29_fu_230_p2                      |     |        | icmp_ln29     | seteq     | auto     | 0       |
|    add_ln29_4_fu_236_p2                     |     |        | add_ln29_4    | add       | fabric   | 0       |
|    add_ln29_2_fu_248_p2                     |     |        | add_ln29_2    | add       | fabric   | 0       |
|    icmp_ln30_fu_254_p2                      |     |        | icmp_ln30     | seteq     | auto     | 0       |
|    select_ln29_fu_260_p3                    |     |        | select_ln29   | select    | auto_sel | 0       |
|    select_ln29_1_fu_268_p3                  |     |        | select_ln29_1 | select    | auto_sel | 0       |
|    first_iter_2_fu_276_p2                   |     |        | first_iter_2  | seteq     | auto     | 0       |
|    mul_5ns_32s_36_1_1_U16                   | 2   |        | mul_ln29      | mul       | auto     | 0       |
|    add_ln29_fu_292_p2                       |     |        | add_ln29      | add       | fabric   | 0       |
|    add_ln29_3_fu_354_p2                     |     |        | add_ln29_3    | add       | fabric   | 0       |
|    add_ln29_1_fu_371_p2                     |     |        | add_ln29_1    | add       | fabric   | 0       |
|    add_ln31_fu_324_p2                       |     |        | add_ln31      | add       | fabric   | 0       |
|    add_ln30_fu_330_p2                       |     |        | add_ln30      | add       | fabric   | 0       |
|  + mmult_hw_Pipeline_store_i_store_j        | 2   |        |               |           |          |         |
|    icmp_ln42_fu_242_p2                      |     |        | icmp_ln42     | seteq     | auto     | 0       |
|    add_ln42_1_fu_248_p2                     |     |        | add_ln42_1    | add       | fabric   | 0       |
|    add_ln42_fu_260_p2                       |     |        | add_ln42      | add       | fabric   | 0       |
|    icmp_ln43_fu_266_p2                      |     |        | icmp_ln43     | seteq     | auto     | 0       |
|    select_ln42_fu_272_p3                    |     |        | select_ln42   | select    | auto_sel | 0       |
|    select_ln42_1_fu_280_p3                  |     |        | select_ln42_1 | select    | auto_sel | 0       |
|    first_iter_3_fu_292_p2                   |     |        | first_iter_3  | seteq     | auto     | 0       |
|    mul_5ns_32s_37_1_1_U44                   | 2   |        | empty_29      | mul       | auto     | 0       |
|    empty_31_fu_373_p2                       |     |        | empty_31      | add       | fabric   | 0       |
|    sparsemux_9_2_32_1_1_U45                 |     |        | tmp           | sparsemux | auto     | 0       |
|    add_ln43_fu_312_p2                       |     |        | add_ln43      | add       | fabric   | 0       |
|    icmp_ln43_1_fu_318_p2                    |     |        | icmp_ln43_1   | seteq     | auto     | 0       |
|  + mmult_hw_Pipeline_comp_k                 | 3   |        |               |           |          |         |
|    icmp_ln35_fu_230_p2                      |     |        | icmp_ln35     | seteq     | auto     | 0       |
|    add_ln35_fu_236_p2                       |     |        | add_ln35      | add       | fabric   | 0       |
|    sparsemux_9_2_32_1_1_U28                 |     |        | tmp_1         | sparsemux | auto     | 0       |
|    sparsemux_9_2_32_1_1_U29                 |     |        | tmp_2         | sparsemux | auto     | 0       |
|    mul_32s_32s_32_1_1_U27                   | 3   |        | mul_ln37      | mul       | auto     | 0       |
|    acc_2_fu_344_p2                          |     |        | acc_2         | add       | fabric   | 0       |
+---------------------------------------------+-----+--------+---------------+-----------+----------+---------+


================================================================
== Storage Report
================================================================
+----------------+--------------+-----------+------+------+--------+----------+------+---------+------------------+
| Name           | Usage        | Type      | BRAM | URAM | Pragma | Variable | Impl | Latency | Bitwidth, Depth, |
|                |              |           |      |      |        |          |      |         | Banks            |
+----------------+--------------+-----------+------+------+--------+----------+------+---------+------------------+
| + mmult_hw     |              |           | 16   | 0    |        |          |      |         |                  |
|   CTRL_s_axi_U | interface    | s_axilite |      |      |        |          |      |         |                  |
|   gmem_m_axi_U | interface    | m_axi     | 4    |      |        |          |      |         |                  |
|   tA_U         | ram_1p array |           | 2    |      |        | tA       | auto | 1       | 32, 64, 1        |
|   tA_1_U       | ram_1p array |           | 2    |      |        | tA_1     | auto | 1       | 32, 64, 1        |
|   tA_2_U       | ram_1p array |           | 2    |      |        | tA_2     | auto | 1       | 32, 64, 1        |
|   tA_3_U       | ram_1p array |           | 2    |      |        | tA_3     | auto | 1       | 32, 64, 1        |
|   tB_U         | ram_1p array |           | 2    |      |        | tB       | auto | 1       | 32, 64, 1        |
|   tB_1_U       | ram_1p array |           | 2    |      |        | tB_1     | auto | 1       | 32, 64, 1        |
|   tB_2_U       | ram_1p array |           | 2    |      |        | tB_2     | auto | 1       | 32, 64, 1        |
|   tB_3_U       | ram_1p array |           | 2    |      |        | tB_3     | auto | 1       | 32, 64, 1        |
|   tC_U         | ram_1p array |           | 1    |      |        | tC       | auto | 1       | 32, 64, 1        |
|   tC_1_U       | ram_1p array |           | 1    |      |        | tC_1     | auto | 1       | 32, 64, 1        |
|   tC_2_U       | ram_1p array |           | 1    |      |        | tC_2     | auto | 1       | 32, 64, 1        |
|   tC_3_U       | ram_1p array |           | 1    |      |        | tC_3     | auto | 1       | 32, 64, 1        |
+----------------+--------------+-----------+------+------+--------+----------+------+---------+------------------+


================================================================
== Pragma Report
================================================================
* Valid Pragma Syntax
+-----------------+-----------------------------------+-------------------------------------------+
| Type            | Options                           | Location                                  |
+-----------------+-----------------------------------+-------------------------------------------+
| interface       | m_axi depth=16384 port=in1        | mmult_baseline.cpp:9 in mmult_hw, in1     |
| interface       | m_axi depth=16384 port=in2        | mmult_baseline.cpp:10 in mmult_hw, in2    |
| interface       | m_axi depth=16384 port=out        | mmult_baseline.cpp:11 in mmult_hw, out    |
| interface       | s_axilite port=dim bundle=CTRL    | mmult_baseline.cpp:12 in mmult_hw, dim    |
| interface       | s_axilite port=return bundle=CTRL | mmult_baseline.cpp:13 in mmult_hw, return |
| array_partition | variable=tA cyclic factor=4 dim=2 | mmult_baseline.cpp:16 in mmult_hw, tA     |
| array_partition | variable=tB cyclic factor=4 dim=1 | mmult_baseline.cpp:17 in mmult_hw, tB     |
| array_partition | variable=tC cyclic factor=4 dim=2 | mmult_baseline.cpp:18 in mmult_hw, tC     |
| pipeline        | II=1                              | mmult_baseline.cpp:36 in mmult_hw         |
+-----------------+-----------------------------------+-------------------------------------------+


