# 
# Steps log generated by v++
# This log file contains a collection of steps that describe the kernel compilation flow
# Note: Some steps are tagged as internal, these steps are for debugging purposes and 
#       are not expected to be able to run independently.
# 

# The following environment variables are set when running vitis-run
Environment variables :
------------------------------------------
ACSetupSvcPort=23210
ALLUSERSPROFILE=C:\ProgramData
APPDATA=C:\Users\theec\AppData\Roaming
arr.length=0
arr.Ubound=-1
AUTOESL_JAVA=C:/Xilinx/Vitis_HLS/2024.1/tps/win64/jre11.0.16_1/bin/java
AUTOESL_OS=Windows NT
AUTOESL_ROOT=C:/Xilinx/Vitis_HLS/2024.1
AUTOESL_VIVADO_HLS_VERSION=true
AUTOPILOT_CONFIG=C:/Xilinx/Vitis_HLS/2024.1/common/config
AUTOPILOT_MACH=C:/Xilinx/Vitis_HLS/2024.1/win64
AUTOPILOT_ROOT=C:/Xilinx/Vitis_HLS/2024.1
AUTOPILOT_TECH=C:/Xilinx/Vitis_HLS/2024.1/common/technology
AUTOPILOT_TOOL=C:/Xilinx/Vitis_HLS/2024.1/win64/tools
CHARPOP=1
CMAKE_OBJECT_PATH_MAX=4096
CommonProgramFiles=C:\Program Files\Common Files
CommonProgramFiles(x86)=C:\Program Files (x86)\Common Files
CommonProgramW6432=C:\Program Files\Common Files
COMPUTERNAME=ICARUS
ComSpec=C:\Windows\system32\cmd.exe
DriverData=C:\Windows\System32\Drivers\DriverData
EFC_38236_1592913036=1
EFC_38236_344590478=1
EnableLog=INFO
GRAPHVIZ_DOT=C:/Xilinx/Vitis_HLS/2024.1/tps/win64/dot-2.28
HDI_APPROOT=C:/Xilinx/Vitis/2024.1
HDI_PROCESSOR=i686
HLS_INTERPRETER=C:\Windows\SysWOW64\cmd.exe
HLS_LOG=vitis_hls.log
HLS_MODE=ide
HLS_NEEDLOG=0
HLS_OTHER_ARG=0
hls_root=C:/Xilinx/Vitis_HLS/2024.1
HLS_TERSE_OUTPUT=0
HLS_TMP_CMD=call "C:/Xilinx/Vitis_HLS/2024.1/bin/loader.bat" -exec vitis_hls 
HLS_VERSION=2024.1
HOME=C:\Users\theec
HOMEDRIVE=C:
HOMEPATH=\Users\theec
HW_SERVER_DJTG_DISABLE=1
HW_SERVER_FTDIMGR_DISABLE=1
IDE_SKIP_SERVER_LICENSE=1
INT_VARIABLE_NAME=XILINX_PATH
ISL_IOSTREAMS_RSA=C:/Xilinx/Vitis/2024.1/tps/isl
JAVA_EXE=C:/Xilinx\Vitis\2024.1\tps\win64\jre11.0.16_1\bin\java.exe
JAVA_HOME=C:/Xilinx\Vitis\2024.1\tps\win64\jre11.0.16_1
LC_NUMERIC=C
LD_LIBRARY_PATH=C:/Xilinx/Vitis_HLS/2024.1/tps/win64/dot-2.28/lib;C:/Xilinx/Vitis_HLS/2024.1/win64/bin;C:/Xilinx/Vitis_HLS/2024.1/win64/tools/fpo_v7_0;C:/Xilinx/Vitis_HLS/2024.1/win64/tools/fft_v9_1;C:/Xilinx/Vitis_HLS/2024.1/win64/tools/fir_v7_0;C:/Xilinx/Vitis_HLS/2024.1/win64/tools/dds_v6_0;C:/Xilinx/Vitis_HLS/2024.1/win64/lib/csim
LOCALAPPDATA=C:\Users\theec\AppData\Local
LOGONSERVER=\\ICARUS
LOPPER_DTC_FLAGS=-b 0 -@
MY_ROOT_DIR=C:\Xilinx\Vitis_HLS\2024.1\bin\
NOSPLASH=false
NUMBER_OF_PROCESSORS=24
OneDrive=C:\Users\theec\OneDrive
OneDriveConsumer=C:\Users\theec\OneDrive
ORIGINALHOMEDRIVE=C:
ORIGINAL_XDG_CURRENT_DESKTOP=undefined
OS=Windows_NT
PATH=C:/Xilinx/Vivado/2024.1/tps/win64/binutils-2.26/bin;C:/Xilinx/Vitis/2024.1/bin/../gnu/aarch64/nt/aarch64-linux/bin;C:/Xilinx/Vitis/2024.1/bin/../gnu/ppc64le/4.9.3/win64/bin;C:/Xilinx/Vitis/2024.1/bin/../gnu/aarch32/nt/gcc-arm-linux-gnueabi/bin;C:/Xilinx\Vitis_HLS\2024.1/tps/mingw/6.2.0/win64.o/nt/bin;C:/Xilinx/Vivado/2024.1\gnuwin\bin;C:/Xilinx/Vivado/2024.1\gnu\microblaze\nt\bin;C:/Xilinx/Vitis/2024.1/bin;C:/Xilinx/Vitis/2024.1/tps/win64/java-cef-95.0.4638.69/bin/lib/win64;C:/Xilinx/Vitis/2024.1/tps/win64/javafx-sdk-11.0.2/lib;C:/Xilinx/Vitis/2024.1/tps/win64/javafx-sdk-11.0.2/bin;C:/Xilinx/Vitis/2024.1/lib/win64.o;C:/Xilinx/Vitis/2024.1/tps/win64/jre11.0.16_1/bin/server;C:/Xilinx/Vitis/2024.1/tps/win64/jre11.0.16_1/bin;C:\Xilinx\Vitis\2024.1\tps\win64\LOPPER~1.0-P\min_sdk\\usr\bin;C:/Xilinx\Vitis\2024.1\tps\win64\cmake-3.24.2\bin;C:/Xilinx\Vitis\2024.1\gnu\microblaze\nt\bin;C:/Xilinx\Vitis\2024.1\gnu\microblaze\linux_toolchain\nt64_le\bin;C:/Xilinx\Vitis\2024.1\gnu\aarch32\nt\gcc-arm-linux-gnueabi\bin;C:/Xilinx\Vitis\2024.1\gnu\aarch32\nt\gcc-arm-none-eabi\bin;C:/Xilinx\Vitis\2024.1\gnu\aarch64\nt\aarch64-linux\bin;C:/Xilinx\Vitis\2024.1\gnu\aarch64\nt\aarch64-none\bin;C:/Xilinx\Vitis\2024.1\gnu\armr5\nt\gcc-arm-none-eabi\bin;C:/Xilinx\Vitis\2024.1\gnuwin\bin;C:/Xilinx\Vitis\2024.1\tps\win64\python-3.8.3;C:/Xilinx\Vitis\2024.1\tps\win64\libxslt\bin;C:/Xilinx/Vivado/2024.1\bin;C:/Xilinx/Vitis/2024.1\gnu\arm\nt\bin;C:/Xilinx/Vitis/2024.1\gnu\microblaze\linux_toolchain\nt64_be\bin;C:/Xilinx/Vitis/2024.1\gnu\riscv\nt\riscv64-unknown-elf\bin;C:/Xilinx/Vitis/2024.1\tps\win64\git-2.16.2\bin;C:/Xilinx/Vitis/2024.1\win64\tools\clang\bin;C:/Xilinx\Vitis_HLS\2024.1\lib\win64.o;C:/Xilinx\Vitis_HLS\2024.1\bin;C:/Xilinx/Vivado/2024.1  /bin;/bin;C:\Xilinx\Model_Composer\2024.1\bin;C:\Xilinx\Vivado\2024.1\lib\win64.o;;C:/Xilinx/Vitis/2024.1\tps\mingw\6.2.0\win64.o\nt\bin;C:/Xilinx/Vitis/2024.1\tps\mingw\6.2.0\win64.o\nt\libexec\gcc\x86_64-w64-mingw32\6.2.0
PATHEXT=.COM;.EXE;.BAT;.CMD;.VBS;.VBE;.JS;.JSE;.WSF;.WSH;.MSC
PROCESSOR_ARCHITECTURE=AMD64
PROCESSOR_IDENTIFIER=Intel64 Family 6 Model 198 Stepping 2, GenuineIntel
PROCESSOR_LEVEL=6
PROCESSOR_REVISION=c602
PRODVERSION_EXE=C:/Xilinx/Vitis/2024.1/bin/unwrapped/win64.o/prodversion.exe
ProgramData=C:\ProgramData
ProgramFiles=C:\Program Files
ProgramFiles(x86)=C:\Program Files (x86)
ProgramW6432=C:\Program Files
PROMPT=$P$G
PSModulePath=C:\Program Files\WindowsPowerShell\Modules;C:\Windows\system32\WindowsPowerShell\v1.0\Modules
PUBLIC=C:\Users\Public
PYTHONPATH=;C:/Xilinx/Vitis/2024.1\cli;C:/Xilinx/Vitis/2024.1\cli\python-packages\win64;C:/Xilinx/Vitis/2024.1\cli\python-packages\site-packages;C:/Xilinx/Vitis/2024.1\cli\proto;C:/Xilinx/Vitis/2024.1\scripts\python_pkg;
python_path=;C:/Xilinx/Vitis/2024.1\cli;C:/Xilinx/Vitis/2024.1\cli\python-packages\win64;C:/Xilinx/Vitis/2024.1\cli\python-packages\site-packages;C:/Xilinx/Vitis/2024.1\cli\proto;C:/Xilinx/Vitis/2024.1\scripts\python_pkg;
RDI_APPROOT=C:/Xilinx/Vitis/2024.1
RDI_ARGS= --mode hls --csim --config C:\GitRepos\EECE4632\HW5\Vitis\divby13_stream\divby13_stream.cfg --work_dir divby13_stream
RDI_ARGS_FUNCTION=RDI_EXEC_DEFAULT
RDI_BASEROOT=C:/Xilinx/Vitis
RDI_BINDIR=C:/Xilinx/Vitis/2024.1/bin
RDI_BINROOT=C:/Xilinx/Vitis/2024.1/bin
RDI_BUILD=yes
RDI_CHECK_PROG=True
RDI_DATADIR=C:/Xilinx/SharedData/2024.1/data;C:/Xilinx/Vitis/2024.1/data
RDI_INSTALLROOT=C:/Xilinx
RDI_INSTALLVER=2024.1
RDI_INSTALLVERSION=2024.1
RDI_JAVACEFROOT=C:/Xilinx/Vitis/2024.1/tps/win64/java-cef-95.0.4638.69
RDI_JAVAFXROOT=C:/Xilinx/Vitis/2024.1/tps/win64/javafx-sdk-11.0.2
RDI_JAVAROOT=C:/Xilinx/Vitis/2024.1/tps/win64/jre11.0.16_1
RDI_JAVA_VERSION=11.0.16_1
RDI_LIBDIR=C:/Xilinx/Vitis/2024.1/lib/win64.o
RDI_MINGW_LIB=C:/Xilinx/Vitis/2024.1\tps\mingw\6.2.0\win64.o\nt\bin;C:/Xilinx/Vitis/2024.1\tps\mingw\6.2.0\win64.o\nt\libexec\gcc\x86_64-w64-mingw32\6.2.0
RDI_OPT_EXT=.o
RDI_OS_ARCH=64
RDI_PLATFORM=win64
RDI_PREPEND_PATH=C:/Xilinx/Vitis/2024.1/bin;C:/Xilinx/Vitis/2024.1/bin
RDI_PROG=C:/Xilinx/Vitis/2024.1/bin/unwrapped/win64.o/vitis-run.exe
RDI_PROGNAME=vitis-run.exe
RDI_SESSION_INFO=C:\Users\theec\AppData\Roaming\Xilinx\Vitis:ICARUS-Wed02-11-2026_15-05-16.11
RDI_SHARED_DATA=C:/Xilinx/SharedData/2024.1/data
RDI_TPS_ROOT=C:/Xilinx/Vivado/2024.1/tps/win64
RDI_USE_JDK11=1
RDI_VERBOSE=0
RlsSvcPort=22112
ROOT_SWTICH_INGUI=1
RT_LIBPATH=C:/Xilinx/Vitis/2024.1/scripts/rt/data
RT_TCL_PATH=C:/Xilinx/Vitis/2024.1/scripts/rt/base_tcl/tcl
SDKROOT=C:\Xilinx\Vitis\2024.1\tps\win64\LOPPER~1.0-P\min_sdk\
SESSIONNAME=Console
session_string=C:\GitRepos\EECE4632\HW5\Vitis\divby13_stream:ICARUS-Wed02-11-2026_15-48-32.32
SHARED_DATA_HOME="C:/Xilinx/SharedData/2024.1"
SWIG_LIB=C:\Xilinx\Vitis\2024.1\tps\win64\LOPPER~1.0-P\min_sdk\\usr\lib\swig\4.0.2
SWT_GTK3=1
SYNTH_COMMON=C:/Xilinx/Vitis/2024.1/scripts/rt/data
SystemDrive=C:
SystemRoot=C:\Windows
TCL_LIBRARY=C:/Xilinx/Vitis/2024.1/tps/tcl/tcl8.6
TCMALLOC_LARGE_ALLOC_REPORT_THRESHOLD=4294967296
TEMP=C:\Users\theec\AppData\Local\Temp
THEIA_APP_PROJECT_PATH=C:\Xilinx\Vitis\2024.1\ide\electron-app\win64\resources\app
THEIA_DEFAULT_PLUGINS=local-dir:C:\Xilinx\Vitis\2024.1\ide\electron-app\win64\resources\app\plugins
THEIA_ELECTRON_TOKEN={"value":"14445d41-347d-4738-a144-75bd662554d3"}
THEIA_ELECTRON_VERSION=15.5.7
THEIA_PLUGINS=local-dir:C:\Users\theec\.theia\plugins
TMP=C:\Users\theec\AppData\Local\Temp
USERDOMAIN=ICARUS
USERDOMAIN_ROAMINGPROFILE=ICARUS
USERNAME=theec
USERPROFILE=C:\Users\theec
VITISNEW=true
VIVADO_HLS_ARG_DBG=0
VSCODE_API_VERSION=1.53.2
windir=C:\Windows
XILINX_HLS=C:/Xilinx\Vitis_HLS\2024.1
XILINX_HLS_TPS_PATH=C:/Xilinx/Vitis_HLS/2024.1/tps;C:/Xilinx/Vitis/2024.1/tps
XILINX_OPENCL=C:/Xilinx/Vitis_HLS/2024.1
XILINX_OPENCL_CLANG=C:/Xilinx/Vitis_HLS/2024.1/win64/tools/clang
XILINX_PLANAHEAD=C:/Xilinx/Vitis/2024.1
XILINX_SDK=C:/Xilinx/Vitis/2024.1
XILINX_VCXX=C:/Xilinx/Vitis_HLS/2024.1/vcxx
XILINX_VERSION_DEFAULT=2024.1
XILINX_VERSION_VITIS=2024.1
XILINX_VITIS=C:/Xilinx\Vitis\2024.1
XILINX_VITIS_VERSION=Vitis v2024.1 (64-bit)
XILINX_VIVADO=C:/Xilinx/Vivado/2024.1
XILINX_VIVADO_HLS=C:/Xilinx/Vivado/2024.1
XIL_CHECK_TCL_DEBUG=False
XIL_NO_OVERRIDE=0
XIL_PA_NO_DEFAULT_OVERRIDE=1
XIL_SUPPRESS_OVERRIDE_WARNINGS=1
XVREDIST=C:/Xilinx/Vitis/2024.1\tps\win64\xvcredist.exe
ZES_ENABLE_SYSMAN=1
_RDI_BINROOT=C:\Xilinx\Vitis\2024.1\bin
_RDI_CWD=C:\GitRepos\EECE4632\HW5\Vitis\divby13_stream
_RDI_DONT_SET_XILINX_AS_PATH=True
_RDI_VERSION_PROG=vitis-run
_valid=False
_XILINX_HLS_HIDE_BANNER_SUBPROC=1
__PSLockDownPolicy=0
XILINX_CD_CONNECT_ID=62785
XILINX_CD_SESSION=ed51b68f-65da-493e-bc6d-4a59ea6008ca


VITIS-RUN command line:
------------------------------------------
C:/Xilinx/Vitis/2024.1/bin/unwrapped/win64.o/vitis-run.exe --mode hls --csim --config C:\GitRepos\EECE4632\HW5\Vitis\divby13_stream\divby13_stream.cfg --work_dir divby13_stream 

FINAL PROGRAM OPTIONS
--config C:\GitRepos\EECE4632\HW5\Vitis\divby13_stream\divby13_stream.cfg
--csim
--hls.flow_target vivado
--hls.package.output.format ip_catalog
--hls.package.output.syn false
--hls.syn.file C:/GitRepos/EECE4632/HW4/Vitis/divby13_stream/divby13_stream.cpp
--hls.tb.file divby13_stream_tb.cpp
--mode hls
--part xczu3eg-sfvc784-2-e
--work_dir divby13_stream

PARSED COMMAND LINE OPTIONS
--mode hls 
--csim 
--config C:\GitRepos\EECE4632\HW5\Vitis\divby13_stream\divby13_stream.cfg 
--work_dir divby13_stream 

PARSED CONFIG FILE (1) OPTIONS
file: C:\GitRepos\EECE4632\HW5\Vitis\divby13_stream\divby13_stream.cfg
part xczu3eg-sfvc784-2-e 
hls.flow_target vivado 
hls.package.output.format ip_catalog 
hls.package.output.syn false 
hls.syn.file C:/GitRepos/EECE4632/HW4/Vitis/divby13_stream/divby13_stream.cpp 
hls.tb.file divby13_stream_tb.cpp 


==========================================
new:  steps log generated by v++ for new launch 
timestamp: 11 Feb 2026 15:48:36
------------------------------------------
VITIS-RUN internal step: writing a config file for vitis_hls: C:/GitRepos/EECE4632/HW5/Vitis/divby13_stream/divby13_stream/hls/config.cmdline
timestamp: 11 Feb 2026 15:48:36
VITIS-RUN internal step status: success
------------------------------------------
VITIS-RUN internal step: running vitis_hls
timestamp: 11 Feb 2026 15:48:36
working dir: C:/GitRepos/EECE4632/HW5/Vitis/divby13_stream
cmd: vitis_hls -nolog -run csim -work_dir C:/GitRepos/EECE4632/HW5/Vitis/divby13_stream/divby13_stream -config C:/GitRepos/EECE4632/HW5/Vitis/divby13_stream/divby13_stream.cfg -cmdlineconfig C:/GitRepos/EECE4632/HW5/Vitis/divby13_stream/divby13_stream/hls/config.cmdline
VITIS-RUN internal step status: success

------------------------------------------
VITIS-RUN command line :
------------------------------------------
C:/Xilinx/Vitis/2024.1/bin/unwrapped/win64.o/vitis-run.exe --mode hls --csim --config C:\GitRepos\EECE4632\HW5\Vitis\divby13_stream\divby13_stream.cfg --work_dir divby13_stream 
  Options from -O    : 
  Options from *.ini : 
  Options from Hw Platform : 

==========================================
new:  steps log generated by v++ for new launch 
timestamp: 11 Feb 2026 15:52:22
------------------------------------------
VITIS-RUN internal step: writing a config file for vitis_hls: C:/GitRepos/EECE4632/HW5/Vitis/divby13_stream/divby13_stream/hls/config.cmdline
timestamp: 11 Feb 2026 15:52:22
VITIS-RUN internal step status: success
------------------------------------------
VITIS-RUN internal step: running vitis_hls
timestamp: 11 Feb 2026 15:52:22
working dir: C:/GitRepos/EECE4632/HW5/Vitis/divby13_stream
cmd: vitis_hls -nolog -run csim -work_dir C:/GitRepos/EECE4632/HW5/Vitis/divby13_stream/divby13_stream -config C:/GitRepos/EECE4632/HW5/Vitis/divby13_stream/divby13_stream.cfg -cmdlineconfig C:/GitRepos/EECE4632/HW5/Vitis/divby13_stream/divby13_stream/hls/config.cmdline
VITIS-RUN internal step status: success
