02/11/26 15:48:35: Running xcd server. This server was NOT built by gradle, but presumably rdi.
02/11/26 15:48:35: Server was asked to start on port: '62785'
02/11/26 15:48:35: Server is using token UUID: '330b9afc-a636-44d0-b6d7-0a00b3ee6669'
02/11/26 15:48:35: SESSION_MGR: creating session with session uuid: '6d04a3e9-ade5-4ab9-8d63-1f78fcd2ec76' and name 'default'
02/11/26 15:48:35: Attempting to start server on port '62785'
02/11/26 15:48:35: Running Dispatch Server
02/11/26 15:48:35: Version 2.2.0
02/11/26 15:48:36: Dispatch Server: Accepted socket connection from client
02/11/26 15:48:36: Starting Socket connection
02/11/26 15:48:36: EXCHANGE_TOKEN received, server token: 330b9afc-a636-44d0-b6d7-0a00b3ee6669, passed token: 330b9afc-a636-44d0-b6d7-0a00b3ee6669
02/11/26 15:48:36: DISPATCH_HANDLER: Adding handler from function makeHandler in library librdi_system_diagram failed with exception: Could not dynamically load librdi_system_diagram.dll
02/11/26 15:48:36: SESSION_MGR: creating session with session uuid: 'ed51b68f-65da-493e-bc6d-4a59ea6008ca' and name 'vitis-run_compile_divby13_stream'
02/11/26 15:48:36: KERNEL_SVC: creating session with uuid: 'ed51b68f-65da-493e-bc6d-4a59ea6008ca' and name 'vitis-run_compile_divby13_stream'
02/11/26 15:48:36: GUIDANCE_SMGR: creating guidance session with uuid: 'ed51b68f-65da-493e-bc6d-4a59ea6008ca' and name 'vitis-run_compile_divby13_stream'
02/11/26 15:48:43: Dispatch Server: Accepted socket connection from client
02/11/26 15:48:43: Starting Socket connection
02/11/26 15:48:50: SESSION_MGR: closing session for UUID 'ed51b68f-65da-493e-bc6d-4a59ea6008ca' with name 'vitis-run_compile_divby13_stream'
02/11/26 15:48:50: KERNEL_SVC: closing session for UUID 'ed51b68f-65da-493e-bc6d-4a59ea6008ca' with name 'vitis-run_compile_divby13_stream'
02/11/26 15:48:50: GUIDANCE_SMGR: closing session for UUID 'ed51b68f-65da-493e-bc6d-4a59ea6008ca' with name 'vitis-run_compile_divby13_stream'
02/11/26 15:48:50: STOP_SERVER received, server token: 330b9afc-a636-44d0-b6d7-0a00b3ee6669, passed token: 330b9afc-a636-44d0-b6d7-0a00b3ee6669
02/11/26 15:48:50: Socket received request to stop server.
02/11/26 15:48:50: Dispatch Server: do_await_stop
02/11/26 15:48:50: SERVER: destructor for server bound to port 62785
02/11/26 15:48:50: Server exiting with status 0.
02/11/26 15:48:50: Closing log file.
02/11/26 15:52:20: Running xcd server. This server was NOT built by gradle, but presumably rdi.
02/11/26 15:52:20: Server was asked to start on port: '52028'
02/11/26 15:52:20: Server is using token UUID: 'c7c3d011-42ed-4b32-84ac-a046ef981a35'
02/11/26 15:52:20: SESSION_MGR: creating session with session uuid: '6d04a3e9-ade5-4ab9-8d63-1f78fcd2ec76' and name 'default'
02/11/26 15:52:20: Attempting to start server on port '52028'
02/11/26 15:52:20: Running Dispatch Server
02/11/26 15:52:20: Version 2.2.0
02/11/26 15:52:22: Dispatch Server: Accepted socket connection from client
02/11/26 15:52:22: Starting Socket connection
02/11/26 15:52:22: EXCHANGE_TOKEN received, server token: c7c3d011-42ed-4b32-84ac-a046ef981a35, passed token: c7c3d011-42ed-4b32-84ac-a046ef981a35
02/11/26 15:52:22: DISPATCH_HANDLER: Adding handler from function makeHandler in library librdi_system_diagram failed with exception: Could not dynamically load librdi_system_diagram.dll
02/11/26 15:52:22: SESSION_MGR: creating session with session uuid: 'ae045bf2-8dfd-4bb8-aa35-dbb28a4c6a80' and name 'vitis-run_compile_divby13_stream'
02/11/26 15:52:22: KERNEL_SVC: creating session with uuid: 'ae045bf2-8dfd-4bb8-aa35-dbb28a4c6a80' and name 'vitis-run_compile_divby13_stream'
02/11/26 15:52:22: GUIDANCE_SMGR: creating guidance session with uuid: 'ae045bf2-8dfd-4bb8-aa35-dbb28a4c6a80' and name 'vitis-run_compile_divby13_stream'
02/11/26 15:52:25: Dispatch Server: Accepted socket connection from client
02/11/26 15:52:25: Starting Socket connection
02/11/26 15:52:27: SESSION_MGR: closing session for UUID 'ae045bf2-8dfd-4bb8-aa35-dbb28a4c6a80' with name 'vitis-run_compile_divby13_stream'
02/11/26 15:52:27: KERNEL_SVC: closing session for UUID 'ae045bf2-8dfd-4bb8-aa35-dbb28a4c6a80' with name 'vitis-run_compile_divby13_stream'
02/11/26 15:52:27: GUIDANCE_SMGR: closing session for UUID 'ae045bf2-8dfd-4bb8-aa35-dbb28a4c6a80' with name 'vitis-run_compile_divby13_stream'
02/11/26 15:52:27: STOP_SERVER received, server token: c7c3d011-42ed-4b32-84ac-a046ef981a35, passed token: c7c3d011-42ed-4b32-84ac-a046ef981a35
02/11/26 15:52:27: Socket received request to stop server.
02/11/26 15:52:27: Dispatch Server: do_await_stop
02/11/26 15:52:27: SERVER: destructor for server bound to port 52028
02/11/26 15:52:27: Server exiting with status 0.
02/11/26 15:52:27: Closing log file.
