#-----------------------------------------------------------
# Vivado v2024.1 (64-bit)
# SW Build 5076996 on Wed May 22 18:37:14 MDT 2024
# IP Build 5075265 on Wed May 22 21:45:21 MDT 2024
# SharedData Build 5076995 on Wed May 22 18:29:18 MDT 2024
# Start of session at: Wed Jan 21 15:31:42 2026
# Process ID: 5572
# Current directory: C:/Users/tran.timo/lab2/lab2.runs/synth_1
# Command line: vivado.exe -log block_1_wrapper.vds -product Vivado -mode batch -messageDb vivado.pb -notrace -source block_1_wrapper.tcl
# Log file: C:/Users/tran.timo/lab2/lab2.runs/synth_1/block_1_wrapper.vds
# Journal file: C:/Users/tran.timo/lab2/lab2.runs/synth_1\vivado.jou
# Running On        :WFXB07B250A246E
# Platform          :Windows Server 2016 or Windows 10
# Operating System  :26200
# Processor Detail  :Intel(R) Core(TM) i7-10700 CPU @ 2.90GHz
# CPU Frequency     :2904 MHz
# CPU Physical cores:8
# CPU Logical cores :16
# Host memory       :34059 MB
# Swap memory       :2147 MB
# Total Virtual     :36207 MB
# Available Virtual :20622 MB
#-----------------------------------------------------------
source block_1_wrapper.tcl -notrace
