

================================================================
== Vitis HLS Report for 'divby13_stream'
================================================================
* Date:           Wed Feb  4 02:07:53 2026

* Version:        2024.1 (Build 5069499 on May 21 2024)
* Project:        divby13_stream
* Solution:       hls (Vivado IP Flow Target)
* Product family: zynquplus
* Target device:  xczu3eg-sfvc784-2-e


================================================================
== Performance Estimates
================================================================
+ Timing: 
    * Summary: 
    +--------+----------+----------+------------+
    |  Clock |  Target  | Estimated| Uncertainty|
    +--------+----------+----------+------------+
    |ap_clk  |  10.00 ns|  2.739 ns|     2.70 ns|
    +--------+----------+----------+------------+

+ Latency: 
    * Summary: 
    +---------+---------+----------+----------+-----+-----+-----------------------------------------------+
    |  Latency (cycles) |  Latency (absolute) |  Interval |                    Pipeline                   |
    |   min   |   max   |    min   |    max   | min | max |                      Type                     |
    +---------+---------+----------+----------+-----+-----+-----------------------------------------------+
    |        ?|        ?|         ?|         ?|    0|    0|  loop auto-rewind stp(delay=0 clock cycles(s))|
    +---------+---------+----------+----------+-----+-----+-----------------------------------------------+

    + Detail: 
        * Instance: 
        N/A

        * Loop: 
        +-------------------+---------+---------+----------+-----------+-----------+------+----------+
        |                   |  Latency (cycles) | Iteration|  Initiation Interval  | Trip |          |
        |     Loop Name     |   min   |   max   |  Latency |  achieved |   target  | Count| Pipelined|
        +-------------------+---------+---------+----------+-----------+-----------+------+----------+
        |- VITIS_LOOP_13_1  |        ?|        ?|        37|          1|          1|     ?|       yes|
        +-------------------+---------+---------+----------+-----------+-----------+------+----------+



================================================================
== Utilization Estimates
================================================================
* Summary: 
+-----------------+---------+-----+--------+-------+-----+
|       Name      | BRAM_18K| DSP |   FF   |  LUT  | URAM|
+-----------------+---------+-----+--------+-------+-----+
|DSP              |        -|    -|       -|      -|    -|
|Expression       |        -|    -|       0|     20|    -|
|FIFO             |        -|    -|       -|      -|    -|
|Instance         |        0|    -|    2319|   1778|    0|
|Memory           |        -|    -|       -|      -|    -|
|Multiplexer      |        -|    -|       0|     36|    -|
|Register         |        -|    -|     275|     96|    -|
+-----------------+---------+-----+--------+-------+-----+
|Total            |        0|    0|    2594|   1930|    0|
+-----------------+---------+-----+--------+-------+-----+
|Available        |      432|  360|  141120|  70560|    0|
+-----------------+---------+-----+--------+-------+-----+
|Utilization (%)  |        0|    0|       1|      2|    0|
+-----------------+---------+-----+--------+-------+-----+

+ Detail: 
    * Instance: 
    +-------------------------+----------------------+---------+----+------+------+-----+
    |         Instance        |        Module        | BRAM_18K| DSP|  FF  |  LUT | URAM|
    +-------------------------+----------------------+---------+----+------+------+-----+
    |control_s_axi_U          |control_s_axi         |        0|   0|    36|    40|    0|
    |srem_32ns_5ns_5_36_1_U1  |srem_32ns_5ns_5_36_1  |        0|   0|  2283|  1738|    0|
    +-------------------------+----------------------+---------+----+------+------+-----+
    |Total                    |                      |        0|   0|  2319|  1778|    0|
    +-------------------------+----------------------+---------+----+------+------+-----+

    * DSP: 
    N/A

    * Memory: 
    N/A

    * FIFO: 
    N/A

    * Expression: 
    +------------------------------------+----------+----+---+----+------------+------------+
    |            Variable Name           | Operation| DSP| FF| LUT| Bitwidth P0| Bitwidth P1|
    +------------------------------------+----------+----+---+----+------------+------------+
    |res_fu_116_p2                       |      icmp|   0|  0|  12|           5|           1|
    |ap_block_pp0_stage0_01001           |        or|   0|  0|   2|           1|           1|
    |ap_block_pp0_stage0_11001           |        or|   0|  0|   2|           1|           1|
    |ap_block_state37_pp0_stage0_iter36  |        or|   0|  0|   2|           1|           1|
    |ap_enable_pp0                       |       xor|   0|  0|   2|           1|           2|
    +------------------------------------+----------+----+---+----+------------+------------+
    |Total                               |          |   0|  0|  20|           9|           6|
    +------------------------------------+----------+----+---+----+------------+------------+

    * Multiplexer: 
    +-----------------------------------+----+-----------+-----+-----------+
    |                Name               | LUT| Input Size| Bits| Total Bits|
    +-----------------------------------+----+-----------+-----+-----------+
    |a_TDATA_blk_n                      |   9|          2|    1|          2|
    |ap_done_int                        |   9|          2|    1|          2|
    |ap_loop_exit_ready_pp0_iter36_reg  |   9|          2|    1|          2|
    |result_TDATA_blk_n                 |   9|          2|    1|          2|
    +-----------------------------------+----+-----------+-----+-----------+
    |Total                              |  36|          8|    4|          8|
    +-----------------------------------+----+-----------+-----+-----------+

    * Register: 
    +-----------------------------------+----+----+-----+-----------+
    |                Name               | FF | LUT| Bits| Const Bits|
    +-----------------------------------+----+----+-----+-----------+
    |ap_CS_fsm                          |   1|   0|    1|          0|
    |ap_done_reg                        |   1|   0|    1|          0|
    |ap_enable_reg_pp0_iter1            |   1|   0|    1|          0|
    |ap_enable_reg_pp0_iter10           |   1|   0|    1|          0|
    |ap_enable_reg_pp0_iter11           |   1|   0|    1|          0|
    |ap_enable_reg_pp0_iter12           |   1|   0|    1|          0|
    |ap_enable_reg_pp0_iter13           |   1|   0|    1|          0|
    |ap_enable_reg_pp0_iter14           |   1|   0|    1|          0|
    |ap_enable_reg_pp0_iter15           |   1|   0|    1|          0|
    |ap_enable_reg_pp0_iter16           |   1|   0|    1|          0|
    |ap_enable_reg_pp0_iter17           |   1|   0|    1|          0|
    |ap_enable_reg_pp0_iter18           |   1|   0|    1|          0|
    |ap_enable_reg_pp0_iter19           |   1|   0|    1|          0|
    |ap_enable_reg_pp0_iter2            |   1|   0|    1|          0|
    |ap_enable_reg_pp0_iter20           |   1|   0|    1|          0|
    |ap_enable_reg_pp0_iter21           |   1|   0|    1|          0|
    |ap_enable_reg_pp0_iter22           |   1|   0|    1|          0|
    |ap_enable_reg_pp0_iter23           |   1|   0|    1|          0|
    |ap_enable_reg_pp0_iter24           |   1|   0|    1|          0|
    |ap_enable_reg_pp0_iter25           |   1|   0|    1|          0|
    |ap_enable_reg_pp0_iter26           |   1|   0|    1|          0|
    |ap_enable_reg_pp0_iter27           |   1|   0|    1|          0|
    |ap_enable_reg_pp0_iter28           |   1|   0|    1|          0|
    |ap_enable_reg_pp0_iter29           |   1|   0|    1|          0|
    |ap_enable_reg_pp0_iter3            |   1|   0|    1|          0|
    |ap_enable_reg_pp0_iter30           |   1|   0|    1|          0|
    |ap_enable_reg_pp0_iter31           |   1|   0|    1|          0|
    |ap_enable_reg_pp0_iter32           |   1|   0|    1|          0|
    |ap_enable_reg_pp0_iter33           |   1|   0|    1|          0|
    |ap_enable_reg_pp0_iter34           |   1|   0|    1|          0|
    |ap_enable_reg_pp0_iter35           |   1|   0|    1|          0|
    |ap_enable_reg_pp0_iter36           |   1|   0|    1|          0|
    |ap_enable_reg_pp0_iter4            |   1|   0|    1|          0|
    |ap_enable_reg_pp0_iter5            |   1|   0|    1|          0|
    |ap_enable_reg_pp0_iter6            |   1|   0|    1|          0|
    |ap_enable_reg_pp0_iter7            |   1|   0|    1|          0|
    |ap_enable_reg_pp0_iter8            |   1|   0|    1|          0|
    |ap_enable_reg_pp0_iter9            |   1|   0|    1|          0|
    |ap_loop_exit_ready_pp0_iter10_reg  |   1|   0|    1|          0|
    |ap_loop_exit_ready_pp0_iter11_reg  |   1|   0|    1|          0|
    |ap_loop_exit_ready_pp0_iter12_reg  |   1|   0|    1|          0|
    |ap_loop_exit_ready_pp0_iter13_reg  |   1|   0|    1|          0|
    |ap_loop_exit_ready_pp0_iter14_reg  |   1|   0|    1|          0|
    |ap_loop_exit_ready_pp0_iter15_reg  |   1|   0|    1|          0|
    |ap_loop_exit_ready_pp0_iter16_reg  |   1|   0|    1|          0|
    |ap_loop_exit_ready_pp0_iter17_reg  |   1|   0|    1|          0|
    |ap_loop_exit_ready_pp0_iter18_reg  |   1|   0|    1|          0|
    |ap_loop_exit_ready_pp0_iter19_reg  |   1|   0|    1|          0|
    |ap_loop_exit_ready_pp0_iter1_reg   |   1|   0|    1|          0|
    |ap_loop_exit_ready_pp0_iter20_reg  |   1|   0|    1|          0|
    |ap_loop_exit_ready_pp0_iter21_reg  |   1|   0|    1|          0|
    |ap_loop_exit_ready_pp0_iter22_reg  |   1|   0|    1|          0|
    |ap_loop_exit_ready_pp0_iter23_reg  |   1|   0|    1|          0|
    |ap_loop_exit_ready_pp0_iter24_reg  |   1|   0|    1|          0|
    |ap_loop_exit_ready_pp0_iter25_reg  |   1|   0|    1|          0|
    |ap_loop_exit_ready_pp0_iter26_reg  |   1|   0|    1|          0|
    |ap_loop_exit_ready_pp0_iter27_reg  |   1|   0|    1|          0|
    |ap_loop_exit_ready_pp0_iter28_reg  |   1|   0|    1|          0|
    |ap_loop_exit_ready_pp0_iter29_reg  |   1|   0|    1|          0|
    |ap_loop_exit_ready_pp0_iter2_reg   |   1|   0|    1|          0|
    |ap_loop_exit_ready_pp0_iter30_reg  |   1|   0|    1|          0|
    |ap_loop_exit_ready_pp0_iter31_reg  |   1|   0|    1|          0|
    |ap_loop_exit_ready_pp0_iter32_reg  |   1|   0|    1|          0|
    |ap_loop_exit_ready_pp0_iter33_reg  |   1|   0|    1|          0|
    |ap_loop_exit_ready_pp0_iter34_reg  |   1|   0|    1|          0|
    |ap_loop_exit_ready_pp0_iter35_reg  |   1|   0|    1|          0|
    |ap_loop_exit_ready_pp0_iter36_reg  |   1|   0|    1|          0|
    |ap_loop_exit_ready_pp0_iter3_reg   |   1|   0|    1|          0|
    |ap_loop_exit_ready_pp0_iter4_reg   |   1|   0|    1|          0|
    |ap_loop_exit_ready_pp0_iter5_reg   |   1|   0|    1|          0|
    |ap_loop_exit_ready_pp0_iter6_reg   |   1|   0|    1|          0|
    |ap_loop_exit_ready_pp0_iter7_reg   |   1|   0|    1|          0|
    |ap_loop_exit_ready_pp0_iter8_reg   |   1|   0|    1|          0|
    |ap_loop_exit_ready_pp0_iter9_reg   |   1|   0|    1|          0|
    |tmp_keep_reg_132                   |   4|   0|    4|          0|
    |tmp_last_reg_142                   |   1|   0|    1|          0|
    |tmp_strb_reg_137                   |   4|   0|    4|          0|
    |tmp_keep_reg_132                   |  64|  32|    4|          0|
    |tmp_last_reg_142                   |  64|  32|    1|          0|
    |tmp_strb_reg_137                   |  64|  32|    4|          0|
    +-----------------------------------+----+----+-----+-----------+
    |Total                              | 275|  96|   92|          0|
    +-----------------------------------+----+----+-----+-----------+



================================================================
== Interface
================================================================
* Summary: 
+-----------------------+-----+-----+------------+-----------------+--------------+
|       RTL Ports       | Dir | Bits|  Protocol  |  Source Object  |    C Type    |
+-----------------------+-----+-----+------------+-----------------+--------------+
|s_axi_control_AWVALID  |   in|    1|       s_axi|          control|   return void|
|s_axi_control_AWREADY  |  out|    1|       s_axi|          control|   return void|
|s_axi_control_AWADDR   |   in|    4|       s_axi|          control|   return void|
|s_axi_control_WVALID   |   in|    1|       s_axi|          control|   return void|
|s_axi_control_WREADY   |  out|    1|       s_axi|          control|   return void|
|s_axi_control_WDATA    |   in|   32|       s_axi|          control|   return void|
|s_axi_control_WSTRB    |   in|    4|       s_axi|          control|   return void|
|s_axi_control_ARVALID  |   in|    1|       s_axi|          control|   return void|
|s_axi_control_ARREADY  |  out|    1|       s_axi|          control|   return void|
|s_axi_control_ARADDR   |   in|    4|       s_axi|          control|   return void|
|s_axi_control_RVALID   |  out|    1|       s_axi|          control|   return void|
|s_axi_control_RREADY   |   in|    1|       s_axi|          control|   return void|
|s_axi_control_RDATA    |  out|   32|       s_axi|          control|   return void|
|s_axi_control_RRESP    |  out|    2|       s_axi|          control|   return void|
|s_axi_control_BVALID   |  out|    1|       s_axi|          control|   return void|
|s_axi_control_BREADY   |   in|    1|       s_axi|          control|   return void|
|s_axi_control_BRESP    |  out|    2|       s_axi|          control|   return void|
|ap_clk                 |   in|    1|  ap_ctrl_hs|   divby13_stream|  return value|
|ap_rst_n               |   in|    1|  ap_ctrl_hs|   divby13_stream|  return value|
|interrupt              |  out|    1|  ap_ctrl_hs|   divby13_stream|  return value|
|a_TVALID               |   in|    1|        axis|       a_V_last_V|       pointer|
|a_TREADY               |  out|    1|        axis|       a_V_last_V|       pointer|
|a_TLAST                |   in|    1|        axis|       a_V_last_V|       pointer|
|result_TREADY          |   in|    1|        axis|  result_V_last_V|       pointer|
|result_TVALID          |  out|    1|        axis|  result_V_last_V|       pointer|
|result_TLAST           |  out|    1|        axis|  result_V_last_V|       pointer|
|a_TDATA                |   in|   32|        axis|       a_V_data_V|       pointer|
|a_TKEEP                |   in|    4|        axis|       a_V_keep_V|       pointer|
|a_TSTRB                |   in|    4|        axis|       a_V_strb_V|       pointer|
|result_TDATA           |  out|   32|        axis|  result_V_data_V|       pointer|
|result_TKEEP           |  out|    4|        axis|  result_V_keep_V|       pointer|
|result_TSTRB           |  out|    4|        axis|  result_V_strb_V|       pointer|
+-----------------------+-----+-----+------------+-----------------+--------------+

============================================================
+ Verbose Summary: Synthesis Manager
============================================================
InlineROM: 1
ExposeGlobal: 0
============================================================
+ Verbose Summary: CDFG Model
============================================================
IsTopModel: 1
ResetActiveHigh: 1
IsCombinational: 2
IsDatapathOnly: 2
HasWiredReturn: 1
HasMFsm: 2
HasVarLatency: 1
IsPipeline: 0
IsRtlPipelined: 0
IsInstanceOverlapped: 0
IsDontTouch: 0
HasImplIP: 0
IsGatedGlobalClock: 0

+ Individual pipeline summary: 
  * Pipeline-0: initiation interval (II) = 1, depth = 37


============================================================
+ Verbose Summary: Schedule
============================================================
* Number of FSM states : 37
* Pipeline : 1
  Pipeline-0 : II = 1, D = 37, States = { 1 2 3 4 5 6 7 8 9 10 11 12 13 14 15 16 17 18 19 20 21 22 23 24 25 26 27 28 29 30 31 32 33 34 35 36 37 }
* Dataflow Pipeline: 0

* FSM state transitions: 
1 --> 2 
2 --> 3 
3 --> 4 
4 --> 5 
5 --> 6 
6 --> 7 
7 --> 8 
8 --> 9 
9 --> 10 
10 --> 11 
11 --> 12 
12 --> 13 
13 --> 14 
14 --> 15 
15 --> 16 
16 --> 17 
17 --> 18 
18 --> 19 
19 --> 20 
20 --> 21 
21 --> 22 
22 --> 23 
23 --> 24 
24 --> 25 
25 --> 26 
26 --> 27 
27 --> 28 
28 --> 29 
29 --> 30 
30 --> 31 
31 --> 32 
32 --> 33 
33 --> 34 
34 --> 35 
35 --> 36 
36 --> 37 
37 --> 

* FSM state operations: 

State 1 <SV = 0> <Delay = 1.53>
ST_1 : Operation 40 [1/1] (0.00ns)   --->   "%spectopmodule_ln4 = spectopmodule void @_ssdm_op_SpecTopModule, void @empty_6" [divby13_stream.cpp:4]   --->   Operation 40 'spectopmodule' 'spectopmodule_ln4' <Predicate = true> <Delay = 0.00>
ST_1 : Operation 41 [1/1] (0.00ns)   --->   "%specinterface_ln0 = specinterface void @_ssdm_op_SpecInterface, i32 %a_V_data_V, i4 %a_V_keep_V, i4 %a_V_strb_V, i1 %a_V_last_V, void @empty, i32 1, i32 1, void @empty_0, i32 0, i32 0, void @empty_1, void @empty_1, void @empty_1, i32 0, i32 0, i32 0, i32 0, void @empty_1, void @empty_1, i32 4294967295, i32 0, i32 0"   --->   Operation 41 'specinterface' 'specinterface_ln0' <Predicate = true> <Delay = 0.00>
ST_1 : Operation 42 [1/1] (0.00ns)   --->   "%specbitsmap_ln0 = specbitsmap void @_ssdm_op_SpecBitsMap, i32 %a_V_data_V"   --->   Operation 42 'specbitsmap' 'specbitsmap_ln0' <Predicate = true> <Delay = 0.00>
ST_1 : Operation 43 [1/1] (0.00ns)   --->   "%specbitsmap_ln0 = specbitsmap void @_ssdm_op_SpecBitsMap, i4 %a_V_keep_V"   --->   Operation 43 'specbitsmap' 'specbitsmap_ln0' <Predicate = true> <Delay = 0.00>
ST_1 : Operation 44 [1/1] (0.00ns)   --->   "%specbitsmap_ln0 = specbitsmap void @_ssdm_op_SpecBitsMap, i4 %a_V_strb_V"   --->   Operation 44 'specbitsmap' 'specbitsmap_ln0' <Predicate = true> <Delay = 0.00>
ST_1 : Operation 45 [1/1] (0.00ns)   --->   "%specbitsmap_ln0 = specbitsmap void @_ssdm_op_SpecBitsMap, i1 %a_V_last_V"   --->   Operation 45 'specbitsmap' 'specbitsmap_ln0' <Predicate = true> <Delay = 0.00>
ST_1 : Operation 46 [1/1] (0.00ns)   --->   "%specinterface_ln0 = specinterface void @_ssdm_op_SpecInterface, i32 %result_V_data_V, i4 %result_V_keep_V, i4 %result_V_strb_V, i1 %result_V_last_V, void @empty, i32 1, i32 1, void @empty_0, i32 0, i32 0, void @empty_1, void @empty_1, void @empty_1, i32 0, i32 0, i32 0, i32 0, void @empty_1, void @empty_1, i32 4294967295, i32 0, i32 0"   --->   Operation 46 'specinterface' 'specinterface_ln0' <Predicate = true> <Delay = 0.00>
ST_1 : Operation 47 [1/1] (0.00ns)   --->   "%specbitsmap_ln0 = specbitsmap void @_ssdm_op_SpecBitsMap, i32 %result_V_data_V"   --->   Operation 47 'specbitsmap' 'specbitsmap_ln0' <Predicate = true> <Delay = 0.00>
ST_1 : Operation 48 [1/1] (0.00ns)   --->   "%specbitsmap_ln0 = specbitsmap void @_ssdm_op_SpecBitsMap, i4 %result_V_keep_V"   --->   Operation 48 'specbitsmap' 'specbitsmap_ln0' <Predicate = true> <Delay = 0.00>
ST_1 : Operation 49 [1/1] (0.00ns)   --->   "%specbitsmap_ln0 = specbitsmap void @_ssdm_op_SpecBitsMap, i4 %result_V_strb_V"   --->   Operation 49 'specbitsmap' 'specbitsmap_ln0' <Predicate = true> <Delay = 0.00>
ST_1 : Operation 50 [1/1] (0.00ns)   --->   "%specbitsmap_ln0 = specbitsmap void @_ssdm_op_SpecBitsMap, i1 %result_V_last_V"   --->   Operation 50 'specbitsmap' 'specbitsmap_ln0' <Predicate = true> <Delay = 0.00>
ST_1 : Operation 51 [1/1] (0.00ns)   --->   "%specinterface_ln0 = specinterface void @_ssdm_op_SpecInterface, i32 0, void @empty_2, i32 0, i32 0, void @empty_1, i32 0, i32 0, void @empty_3, void @empty_1, void @empty_1, i32 0, i32 0, i32 0, i32 0, void @empty_1, void @empty_1, i32 4294967295, i32 0, i32 0"   --->   Operation 51 'specinterface' 'specinterface_ln0' <Predicate = true> <Delay = 0.00>
ST_1 : Operation 52 [1/1] (0.00ns)   --->   "%specaxissidechannel_ln13 = specaxissidechannel void @_ssdm_op_SpecAXISSideChannel, i32 %result_V_data_V, i4 %result_V_keep_V, i4 %result_V_strb_V, i1 0, i1 %result_V_last_V, i1 0, i1 0, void @empty_4" [divby13_stream.cpp:13]   --->   Operation 52 'specaxissidechannel' 'specaxissidechannel_ln13' <Predicate = true> <Delay = 0.00>
ST_1 : Operation 53 [1/1] (0.00ns)   --->   "%specaxissidechannel_ln13 = specaxissidechannel void @_ssdm_op_SpecAXISSideChannel, i32 %a_V_data_V, i4 %a_V_keep_V, i4 %a_V_strb_V, i1 0, i1 %a_V_last_V, i1 0, i1 0, void @empty_5" [divby13_stream.cpp:13]   --->   Operation 53 'specaxissidechannel' 'specaxissidechannel_ln13' <Predicate = true> <Delay = 0.00>
ST_1 : Operation 54 [1/1] (0.00ns)   --->   "%br_ln13 = br void %while.body" [divby13_stream.cpp:13]   --->   Operation 54 'br' 'br_ln13' <Predicate = true> <Delay = 0.00>
ST_1 : Operation 55 [1/1] (0.07ns)   --->   "%empty = read i41 @_ssdm_op_Read.axis.volatile.i32P0A.i4P0A.i4P0A.i1P0A, i32 %a_V_data_V, i4 %a_V_keep_V, i4 %a_V_strb_V, i1 %a_V_last_V" [divby13_stream.cpp:15]   --->   Operation 55 'read' 'empty' <Predicate = true> <Delay = 0.07> <CoreInst = "regslice">   --->   Core 148 'regslice' <Latency = 0> <II = 1> <Delay = 0.65> <Adapter> <Opcode : 'read' 'write'>
ST_1 : Operation 56 [1/1] (0.00ns)   --->   "%tmp_data = extractvalue i41 %empty" [divby13_stream.cpp:15]   --->   Operation 56 'extractvalue' 'tmp_data' <Predicate = true> <Delay = 0.00>
ST_1 : Operation 57 [1/1] (0.00ns)   --->   "%tmp_keep = extractvalue i41 %empty" [divby13_stream.cpp:15]   --->   Operation 57 'extractvalue' 'tmp_keep' <Predicate = true> <Delay = 0.00>
ST_1 : Operation 58 [1/1] (0.00ns)   --->   "%tmp_strb = extractvalue i41 %empty" [divby13_stream.cpp:15]   --->   Operation 58 'extractvalue' 'tmp_strb' <Predicate = true> <Delay = 0.00>
ST_1 : Operation 59 [1/1] (0.00ns)   --->   "%tmp_last = extractvalue i41 %empty" [divby13_stream.cpp:15]   --->   Operation 59 'extractvalue' 'tmp_last' <Predicate = true> <Delay = 0.00>
ST_1 : Operation 60 [36/36] (1.45ns)   --->   "%srem_ln16 = srem i32 %tmp_data, i32 13" [divby13_stream.cpp:16]   --->   Operation 60 'srem' 'srem_ln16' <Predicate = true> <Delay = 1.45> <CoreInst = "Divider">   --->   Core 6 'Divider' <Latency = 35> <II = 1> <Delay = 1.45> <FuncUnit> <Opcode : 'udiv' 'sdiv' 'urem' 'srem'> <InPorts = 2> <OutPorts = 1>
ST_1 : Operation 61 [1/1] (0.00ns)   --->   "%br_ln15 = br i1 %tmp_last, void %cleanup.cont, void %while.end" [divby13_stream.cpp:15]   --->   Operation 61 'br' 'br_ln15' <Predicate = true> <Delay = 0.00>
ST_1 : Operation 62 [1/1] (0.00ns)   --->   "%specpipeline_ln13 = specpipeline void @_ssdm_op_SpecPipeline, i32 4294967295, i32 0, i32 0, i32 0, void @empty_1" [divby13_stream.cpp:13]   --->   Operation 62 'specpipeline' 'specpipeline_ln13' <Predicate = (!tmp_last)> <Delay = 0.00>
ST_1 : Operation 63 [1/1] (0.00ns)   --->   "%specloopname_ln13 = specloopname void @_ssdm_op_SpecLoopName, void @empty_7" [divby13_stream.cpp:13]   --->   Operation 63 'specloopname' 'specloopname_ln13' <Predicate = (!tmp_last)> <Delay = 0.00>
ST_1 : Operation 64 [1/1] (0.00ns)   --->   "%br_ln13 = br void %while.body" [divby13_stream.cpp:13]   --->   Operation 64 'br' 'br_ln13' <Predicate = (!tmp_last)> <Delay = 0.00>

State 2 <SV = 1> <Delay = 1.45>
ST_2 : Operation 65 [35/36] (1.45ns)   --->   "%srem_ln16 = srem i32 %tmp_data, i32 13" [divby13_stream.cpp:16]   --->   Operation 65 'srem' 'srem_ln16' <Predicate = true> <Delay = 1.45> <CoreInst = "Divider">   --->   Core 6 'Divider' <Latency = 35> <II = 1> <Delay = 1.45> <FuncUnit> <Opcode : 'udiv' 'sdiv' 'urem' 'srem'> <InPorts = 2> <OutPorts = 1>

State 3 <SV = 2> <Delay = 1.45>
ST_3 : Operation 66 [34/36] (1.45ns)   --->   "%srem_ln16 = srem i32 %tmp_data, i32 13" [divby13_stream.cpp:16]   --->   Operation 66 'srem' 'srem_ln16' <Predicate = true> <Delay = 1.45> <CoreInst = "Divider">   --->   Core 6 'Divider' <Latency = 35> <II = 1> <Delay = 1.45> <FuncUnit> <Opcode : 'udiv' 'sdiv' 'urem' 'srem'> <InPorts = 2> <OutPorts = 1>

State 4 <SV = 3> <Delay = 1.45>
ST_4 : Operation 67 [33/36] (1.45ns)   --->   "%srem_ln16 = srem i32 %tmp_data, i32 13" [divby13_stream.cpp:16]   --->   Operation 67 'srem' 'srem_ln16' <Predicate = true> <Delay = 1.45> <CoreInst = "Divider">   --->   Core 6 'Divider' <Latency = 35> <II = 1> <Delay = 1.45> <FuncUnit> <Opcode : 'udiv' 'sdiv' 'urem' 'srem'> <InPorts = 2> <OutPorts = 1>

State 5 <SV = 4> <Delay = 1.45>
ST_5 : Operation 68 [32/36] (1.45ns)   --->   "%srem_ln16 = srem i32 %tmp_data, i32 13" [divby13_stream.cpp:16]   --->   Operation 68 'srem' 'srem_ln16' <Predicate = true> <Delay = 1.45> <CoreInst = "Divider">   --->   Core 6 'Divider' <Latency = 35> <II = 1> <Delay = 1.45> <FuncUnit> <Opcode : 'udiv' 'sdiv' 'urem' 'srem'> <InPorts = 2> <OutPorts = 1>

State 6 <SV = 5> <Delay = 1.45>
ST_6 : Operation 69 [31/36] (1.45ns)   --->   "%srem_ln16 = srem i32 %tmp_data, i32 13" [divby13_stream.cpp:16]   --->   Operation 69 'srem' 'srem_ln16' <Predicate = true> <Delay = 1.45> <CoreInst = "Divider">   --->   Core 6 'Divider' <Latency = 35> <II = 1> <Delay = 1.45> <FuncUnit> <Opcode : 'udiv' 'sdiv' 'urem' 'srem'> <InPorts = 2> <OutPorts = 1>

State 7 <SV = 6> <Delay = 1.45>
ST_7 : Operation 70 [30/36] (1.45ns)   --->   "%srem_ln16 = srem i32 %tmp_data, i32 13" [divby13_stream.cpp:16]   --->   Operation 70 'srem' 'srem_ln16' <Predicate = true> <Delay = 1.45> <CoreInst = "Divider">   --->   Core 6 'Divider' <Latency = 35> <II = 1> <Delay = 1.45> <FuncUnit> <Opcode : 'udiv' 'sdiv' 'urem' 'srem'> <InPorts = 2> <OutPorts = 1>

State 8 <SV = 7> <Delay = 1.45>
ST_8 : Operation 71 [29/36] (1.45ns)   --->   "%srem_ln16 = srem i32 %tmp_data, i32 13" [divby13_stream.cpp:16]   --->   Operation 71 'srem' 'srem_ln16' <Predicate = true> <Delay = 1.45> <CoreInst = "Divider">   --->   Core 6 'Divider' <Latency = 35> <II = 1> <Delay = 1.45> <FuncUnit> <Opcode : 'udiv' 'sdiv' 'urem' 'srem'> <InPorts = 2> <OutPorts = 1>

State 9 <SV = 8> <Delay = 1.45>
ST_9 : Operation 72 [28/36] (1.45ns)   --->   "%srem_ln16 = srem i32 %tmp_data, i32 13" [divby13_stream.cpp:16]   --->   Operation 72 'srem' 'srem_ln16' <Predicate = true> <Delay = 1.45> <CoreInst = "Divider">   --->   Core 6 'Divider' <Latency = 35> <II = 1> <Delay = 1.45> <FuncUnit> <Opcode : 'udiv' 'sdiv' 'urem' 'srem'> <InPorts = 2> <OutPorts = 1>

State 10 <SV = 9> <Delay = 1.45>
ST_10 : Operation 73 [27/36] (1.45ns)   --->   "%srem_ln16 = srem i32 %tmp_data, i32 13" [divby13_stream.cpp:16]   --->   Operation 73 'srem' 'srem_ln16' <Predicate = true> <Delay = 1.45> <CoreInst = "Divider">   --->   Core 6 'Divider' <Latency = 35> <II = 1> <Delay = 1.45> <FuncUnit> <Opcode : 'udiv' 'sdiv' 'urem' 'srem'> <InPorts = 2> <OutPorts = 1>

State 11 <SV = 10> <Delay = 1.45>
ST_11 : Operation 74 [26/36] (1.45ns)   --->   "%srem_ln16 = srem i32 %tmp_data, i32 13" [divby13_stream.cpp:16]   --->   Operation 74 'srem' 'srem_ln16' <Predicate = true> <Delay = 1.45> <CoreInst = "Divider">   --->   Core 6 'Divider' <Latency = 35> <II = 1> <Delay = 1.45> <FuncUnit> <Opcode : 'udiv' 'sdiv' 'urem' 'srem'> <InPorts = 2> <OutPorts = 1>

State 12 <SV = 11> <Delay = 1.45>
ST_12 : Operation 75 [25/36] (1.45ns)   --->   "%srem_ln16 = srem i32 %tmp_data, i32 13" [divby13_stream.cpp:16]   --->   Operation 75 'srem' 'srem_ln16' <Predicate = true> <Delay = 1.45> <CoreInst = "Divider">   --->   Core 6 'Divider' <Latency = 35> <II = 1> <Delay = 1.45> <FuncUnit> <Opcode : 'udiv' 'sdiv' 'urem' 'srem'> <InPorts = 2> <OutPorts = 1>

State 13 <SV = 12> <Delay = 1.45>
ST_13 : Operation 76 [24/36] (1.45ns)   --->   "%srem_ln16 = srem i32 %tmp_data, i32 13" [divby13_stream.cpp:16]   --->   Operation 76 'srem' 'srem_ln16' <Predicate = true> <Delay = 1.45> <CoreInst = "Divider">   --->   Core 6 'Divider' <Latency = 35> <II = 1> <Delay = 1.45> <FuncUnit> <Opcode : 'udiv' 'sdiv' 'urem' 'srem'> <InPorts = 2> <OutPorts = 1>

State 14 <SV = 13> <Delay = 1.45>
ST_14 : Operation 77 [23/36] (1.45ns)   --->   "%srem_ln16 = srem i32 %tmp_data, i32 13" [divby13_stream.cpp:16]   --->   Operation 77 'srem' 'srem_ln16' <Predicate = true> <Delay = 1.45> <CoreInst = "Divider">   --->   Core 6 'Divider' <Latency = 35> <II = 1> <Delay = 1.45> <FuncUnit> <Opcode : 'udiv' 'sdiv' 'urem' 'srem'> <InPorts = 2> <OutPorts = 1>

State 15 <SV = 14> <Delay = 1.45>
ST_15 : Operation 78 [22/36] (1.45ns)   --->   "%srem_ln16 = srem i32 %tmp_data, i32 13" [divby13_stream.cpp:16]   --->   Operation 78 'srem' 'srem_ln16' <Predicate = true> <Delay = 1.45> <CoreInst = "Divider">   --->   Core 6 'Divider' <Latency = 35> <II = 1> <Delay = 1.45> <FuncUnit> <Opcode : 'udiv' 'sdiv' 'urem' 'srem'> <InPorts = 2> <OutPorts = 1>

State 16 <SV = 15> <Delay = 1.45>
ST_16 : Operation 79 [21/36] (1.45ns)   --->   "%srem_ln16 = srem i32 %tmp_data, i32 13" [divby13_stream.cpp:16]   --->   Operation 79 'srem' 'srem_ln16' <Predicate = true> <Delay = 1.45> <CoreInst = "Divider">   --->   Core 6 'Divider' <Latency = 35> <II = 1> <Delay = 1.45> <FuncUnit> <Opcode : 'udiv' 'sdiv' 'urem' 'srem'> <InPorts = 2> <OutPorts = 1>

State 17 <SV = 16> <Delay = 1.45>
ST_17 : Operation 80 [20/36] (1.45ns)   --->   "%srem_ln16 = srem i32 %tmp_data, i32 13" [divby13_stream.cpp:16]   --->   Operation 80 'srem' 'srem_ln16' <Predicate = true> <Delay = 1.45> <CoreInst = "Divider">   --->   Core 6 'Divider' <Latency = 35> <II = 1> <Delay = 1.45> <FuncUnit> <Opcode : 'udiv' 'sdiv' 'urem' 'srem'> <InPorts = 2> <OutPorts = 1>

State 18 <SV = 17> <Delay = 1.45>
ST_18 : Operation 81 [19/36] (1.45ns)   --->   "%srem_ln16 = srem i32 %tmp_data, i32 13" [divby13_stream.cpp:16]   --->   Operation 81 'srem' 'srem_ln16' <Predicate = true> <Delay = 1.45> <CoreInst = "Divider">   --->   Core 6 'Divider' <Latency = 35> <II = 1> <Delay = 1.45> <FuncUnit> <Opcode : 'udiv' 'sdiv' 'urem' 'srem'> <InPorts = 2> <OutPorts = 1>

State 19 <SV = 18> <Delay = 1.45>
ST_19 : Operation 82 [18/36] (1.45ns)   --->   "%srem_ln16 = srem i32 %tmp_data, i32 13" [divby13_stream.cpp:16]   --->   Operation 82 'srem' 'srem_ln16' <Predicate = true> <Delay = 1.45> <CoreInst = "Divider">   --->   Core 6 'Divider' <Latency = 35> <II = 1> <Delay = 1.45> <FuncUnit> <Opcode : 'udiv' 'sdiv' 'urem' 'srem'> <InPorts = 2> <OutPorts = 1>

State 20 <SV = 19> <Delay = 1.45>
ST_20 : Operation 83 [17/36] (1.45ns)   --->   "%srem_ln16 = srem i32 %tmp_data, i32 13" [divby13_stream.cpp:16]   --->   Operation 83 'srem' 'srem_ln16' <Predicate = true> <Delay = 1.45> <CoreInst = "Divider">   --->   Core 6 'Divider' <Latency = 35> <II = 1> <Delay = 1.45> <FuncUnit> <Opcode : 'udiv' 'sdiv' 'urem' 'srem'> <InPorts = 2> <OutPorts = 1>

State 21 <SV = 20> <Delay = 1.45>
ST_21 : Operation 84 [16/36] (1.45ns)   --->   "%srem_ln16 = srem i32 %tmp_data, i32 13" [divby13_stream.cpp:16]   --->   Operation 84 'srem' 'srem_ln16' <Predicate = true> <Delay = 1.45> <CoreInst = "Divider">   --->   Core 6 'Divider' <Latency = 35> <II = 1> <Delay = 1.45> <FuncUnit> <Opcode : 'udiv' 'sdiv' 'urem' 'srem'> <InPorts = 2> <OutPorts = 1>

State 22 <SV = 21> <Delay = 1.45>
ST_22 : Operation 85 [15/36] (1.45ns)   --->   "%srem_ln16 = srem i32 %tmp_data, i32 13" [divby13_stream.cpp:16]   --->   Operation 85 'srem' 'srem_ln16' <Predicate = true> <Delay = 1.45> <CoreInst = "Divider">   --->   Core 6 'Divider' <Latency = 35> <II = 1> <Delay = 1.45> <FuncUnit> <Opcode : 'udiv' 'sdiv' 'urem' 'srem'> <InPorts = 2> <OutPorts = 1>

State 23 <SV = 22> <Delay = 1.45>
ST_23 : Operation 86 [14/36] (1.45ns)   --->   "%srem_ln16 = srem i32 %tmp_data, i32 13" [divby13_stream.cpp:16]   --->   Operation 86 'srem' 'srem_ln16' <Predicate = true> <Delay = 1.45> <CoreInst = "Divider">   --->   Core 6 'Divider' <Latency = 35> <II = 1> <Delay = 1.45> <FuncUnit> <Opcode : 'udiv' 'sdiv' 'urem' 'srem'> <InPorts = 2> <OutPorts = 1>

State 24 <SV = 23> <Delay = 1.45>
ST_24 : Operation 87 [13/36] (1.45ns)   --->   "%srem_ln16 = srem i32 %tmp_data, i32 13" [divby13_stream.cpp:16]   --->   Operation 87 'srem' 'srem_ln16' <Predicate = true> <Delay = 1.45> <CoreInst = "Divider">   --->   Core 6 'Divider' <Latency = 35> <II = 1> <Delay = 1.45> <FuncUnit> <Opcode : 'udiv' 'sdiv' 'urem' 'srem'> <InPorts = 2> <OutPorts = 1>

State 25 <SV = 24> <Delay = 1.45>
ST_25 : Operation 88 [12/36] (1.45ns)   --->   "%srem_ln16 = srem i32 %tmp_data, i32 13" [divby13_stream.cpp:16]   --->   Operation 88 'srem' 'srem_ln16' <Predicate = true> <Delay = 1.45> <CoreInst = "Divider">   --->   Core 6 'Divider' <Latency = 35> <II = 1> <Delay = 1.45> <FuncUnit> <Opcode : 'udiv' 'sdiv' 'urem' 'srem'> <InPorts = 2> <OutPorts = 1>

State 26 <SV = 25> <Delay = 1.45>
ST_26 : Operation 89 [11/36] (1.45ns)   --->   "%srem_ln16 = srem i32 %tmp_data, i32 13" [divby13_stream.cpp:16]   --->   Operation 89 'srem' 'srem_ln16' <Predicate = true> <Delay = 1.45> <CoreInst = "Divider">   --->   Core 6 'Divider' <Latency = 35> <II = 1> <Delay = 1.45> <FuncUnit> <Opcode : 'udiv' 'sdiv' 'urem' 'srem'> <InPorts = 2> <OutPorts = 1>

State 27 <SV = 26> <Delay = 1.45>
ST_27 : Operation 90 [10/36] (1.45ns)   --->   "%srem_ln16 = srem i32 %tmp_data, i32 13" [divby13_stream.cpp:16]   --->   Operation 90 'srem' 'srem_ln16' <Predicate = true> <Delay = 1.45> <CoreInst = "Divider">   --->   Core 6 'Divider' <Latency = 35> <II = 1> <Delay = 1.45> <FuncUnit> <Opcode : 'udiv' 'sdiv' 'urem' 'srem'> <InPorts = 2> <OutPorts = 1>

State 28 <SV = 27> <Delay = 1.45>
ST_28 : Operation 91 [9/36] (1.45ns)   --->   "%srem_ln16 = srem i32 %tmp_data, i32 13" [divby13_stream.cpp:16]   --->   Operation 91 'srem' 'srem_ln16' <Predicate = true> <Delay = 1.45> <CoreInst = "Divider">   --->   Core 6 'Divider' <Latency = 35> <II = 1> <Delay = 1.45> <FuncUnit> <Opcode : 'udiv' 'sdiv' 'urem' 'srem'> <InPorts = 2> <OutPorts = 1>

State 29 <SV = 28> <Delay = 1.45>
ST_29 : Operation 92 [8/36] (1.45ns)   --->   "%srem_ln16 = srem i32 %tmp_data, i32 13" [divby13_stream.cpp:16]   --->   Operation 92 'srem' 'srem_ln16' <Predicate = true> <Delay = 1.45> <CoreInst = "Divider">   --->   Core 6 'Divider' <Latency = 35> <II = 1> <Delay = 1.45> <FuncUnit> <Opcode : 'udiv' 'sdiv' 'urem' 'srem'> <InPorts = 2> <OutPorts = 1>

State 30 <SV = 29> <Delay = 1.45>
ST_30 : Operation 93 [7/36] (1.45ns)   --->   "%srem_ln16 = srem i32 %tmp_data, i32 13" [divby13_stream.cpp:16]   --->   Operation 93 'srem' 'srem_ln16' <Predicate = true> <Delay = 1.45> <CoreInst = "Divider">   --->   Core 6 'Divider' <Latency = 35> <II = 1> <Delay = 1.45> <FuncUnit> <Opcode : 'udiv' 'sdiv' 'urem' 'srem'> <InPorts = 2> <OutPorts = 1>

State 31 <SV = 30> <Delay = 1.45>
ST_31 : Operation 94 [6/36] (1.45ns)   --->   "%srem_ln16 = srem i32 %tmp_data, i32 13" [divby13_stream.cpp:16]   --->   Operation 94 'srem' 'srem_ln16' <Predicate = true> <Delay = 1.45> <CoreInst = "Divider">   --->   Core 6 'Divider' <Latency = 35> <II = 1> <Delay = 1.45> <FuncUnit> <Opcode : 'udiv' 'sdiv' 'urem' 'srem'> <InPorts = 2> <OutPorts = 1>

State 32 <SV = 31> <Delay = 1.45>
ST_32 : Operation 95 [5/36] (1.45ns)   --->   "%srem_ln16 = srem i32 %tmp_data, i32 13" [divby13_stream.cpp:16]   --->   Operation 95 'srem' 'srem_ln16' <Predicate = true> <Delay = 1.45> <CoreInst = "Divider">   --->   Core 6 'Divider' <Latency = 35> <II = 1> <Delay = 1.45> <FuncUnit> <Opcode : 'udiv' 'sdiv' 'urem' 'srem'> <InPorts = 2> <OutPorts = 1>

State 33 <SV = 32> <Delay = 1.45>
ST_33 : Operation 96 [4/36] (1.45ns)   --->   "%srem_ln16 = srem i32 %tmp_data, i32 13" [divby13_stream.cpp:16]   --->   Operation 96 'srem' 'srem_ln16' <Predicate = true> <Delay = 1.45> <CoreInst = "Divider">   --->   Core 6 'Divider' <Latency = 35> <II = 1> <Delay = 1.45> <FuncUnit> <Opcode : 'udiv' 'sdiv' 'urem' 'srem'> <InPorts = 2> <OutPorts = 1>

State 34 <SV = 33> <Delay = 1.45>
ST_34 : Operation 97 [3/36] (1.45ns)   --->   "%srem_ln16 = srem i32 %tmp_data, i32 13" [divby13_stream.cpp:16]   --->   Operation 97 'srem' 'srem_ln16' <Predicate = true> <Delay = 1.45> <CoreInst = "Divider">   --->   Core 6 'Divider' <Latency = 35> <II = 1> <Delay = 1.45> <FuncUnit> <Opcode : 'udiv' 'sdiv' 'urem' 'srem'> <InPorts = 2> <OutPorts = 1>

State 35 <SV = 34> <Delay = 1.45>
ST_35 : Operation 98 [2/36] (1.45ns)   --->   "%srem_ln16 = srem i32 %tmp_data, i32 13" [divby13_stream.cpp:16]   --->   Operation 98 'srem' 'srem_ln16' <Predicate = true> <Delay = 1.45> <CoreInst = "Divider">   --->   Core 6 'Divider' <Latency = 35> <II = 1> <Delay = 1.45> <FuncUnit> <Opcode : 'udiv' 'sdiv' 'urem' 'srem'> <InPorts = 2> <OutPorts = 1>

State 36 <SV = 35> <Delay = 2.73>
ST_36 : Operation 99 [1/36] (1.45ns)   --->   "%srem_ln16 = srem i32 %tmp_data, i32 13" [divby13_stream.cpp:16]   --->   Operation 99 'srem' 'srem_ln16' <Predicate = true> <Delay = 1.45> <CoreInst = "Divider">   --->   Core 6 'Divider' <Latency = 35> <II = 1> <Delay = 1.45> <FuncUnit> <Opcode : 'udiv' 'sdiv' 'urem' 'srem'> <InPorts = 2> <OutPorts = 1>
ST_36 : Operation 100 [1/1] (0.00ns)   --->   "%trunc_ln16 = trunc i5 %srem_ln16" [divby13_stream.cpp:16]   --->   Operation 100 'trunc' 'trunc_ln16' <Predicate = true> <Delay = 0.00>
ST_36 : Operation 101 [1/1] (0.78ns)   --->   "%res = icmp_eq  i5 %trunc_ln16, i5 0" [divby13_stream.cpp:16]   --->   Operation 101 'icmp' 'res' <Predicate = true> <Delay = 0.78> <CoreInst = "Cmp">   --->   Core 9 'Cmp' <Latency = 0> <II = 1> <Delay = 0.78> <FuncUnit> <Opcode : 'seteq' 'setne' 'setle' 'setge' 'setlt' 'setgt'> <InPorts = 2> <OutPorts = 1>
ST_36 : Operation 102 [1/1] (0.00ns)   --->   "%zext_ln16 = zext i1 %res" [divby13_stream.cpp:16]   --->   Operation 102 'zext' 'zext_ln16' <Predicate = true> <Delay = 0.00>
ST_36 : Operation 103 [2/2] (0.49ns)   --->   "%write_ln18 = write void @_ssdm_op_Write.axis.volatile.i32P0A.i4P0A.i4P0A.i1P0A, i32 %result_V_data_V, i4 %result_V_keep_V, i4 %result_V_strb_V, i1 %result_V_last_V, i32 %zext_ln16, i4 %tmp_keep, i4 %tmp_strb, i1 %tmp_last" [divby13_stream.cpp:18]   --->   Operation 103 'write' 'write_ln18' <Predicate = true> <Delay = 0.49> <CoreInst = "regslice">   --->   Core 148 'regslice' <Latency = 0> <II = 1> <Delay = 0.65> <Adapter> <Opcode : 'read' 'write'>

State 37 <SV = 36> <Delay = 0.49>
ST_37 : Operation 104 [1/2] (0.49ns)   --->   "%write_ln18 = write void @_ssdm_op_Write.axis.volatile.i32P0A.i4P0A.i4P0A.i1P0A, i32 %result_V_data_V, i4 %result_V_keep_V, i4 %result_V_strb_V, i1 %result_V_last_V, i32 %zext_ln16, i4 %tmp_keep, i4 %tmp_strb, i1 %tmp_last" [divby13_stream.cpp:18]   --->   Operation 104 'write' 'write_ln18' <Predicate = true> <Delay = 0.49> <CoreInst = "regslice">   --->   Core 148 'regslice' <Latency = 0> <II = 1> <Delay = 0.65> <Adapter> <Opcode : 'read' 'write'>
ST_37 : Operation 105 [1/1] (0.42ns)   --->   "%ret_ln25 = ret" [divby13_stream.cpp:25]   --->   Operation 105 'ret' 'ret_ln25' <Predicate = (tmp_last)> <Delay = 0.42>


============================================================
+ Verbose Summary: Binding
============================================================
STG Binding: 
---------------- STG Properties BEGIN ----------------
- Is combinational: 0
- Is one-state seq: 0
- Is datapath-only: 0
- Is pipelined: 0
- Is top level: 1
Port [ Return ] is wired: 1; IO mode=ap_ctrl_hs:ce=0
Port [ a_V_data_V]:  wired=1; compound=1; hidden=0; nouse=0; global=0; static=0; extern=0; dir=0; type=0; pingpong=0; private_global=0; IO mode=axis:ce=0
Port [ a_V_keep_V]:  wired=1; compound=1; hidden=0; nouse=0; global=0; static=0; extern=0; dir=0; type=0; pingpong=0; private_global=0; IO mode=axis:ce=0
Port [ a_V_strb_V]:  wired=1; compound=1; hidden=0; nouse=0; global=0; static=0; extern=0; dir=0; type=0; pingpong=0; private_global=0; IO mode=axis:ce=0
Port [ a_V_last_V]:  wired=1; compound=1; hidden=0; nouse=0; global=0; static=0; extern=0; dir=0; type=0; pingpong=0; private_global=0; IO mode=axis:ce=0
Port [ result_V_data_V]:  wired=1; compound=1; hidden=0; nouse=0; global=0; static=0; extern=0; dir=1; type=0; pingpong=0; private_global=0; IO mode=axis:ce=0
Port [ result_V_keep_V]:  wired=1; compound=1; hidden=0; nouse=0; global=0; static=0; extern=0; dir=1; type=0; pingpong=0; private_global=0; IO mode=axis:ce=0
Port [ result_V_strb_V]:  wired=1; compound=1; hidden=0; nouse=0; global=0; static=0; extern=0; dir=1; type=0; pingpong=0; private_global=0; IO mode=axis:ce=0
Port [ result_V_last_V]:  wired=1; compound=1; hidden=0; nouse=0; global=0; static=0; extern=0; dir=1; type=0; pingpong=0; private_global=0; IO mode=axis:ce=0
---------------- STG Properties END ------------------

---------------- Datapath Model BEGIN ----------------

<LifeTime>
<method=bitvector/>
spectopmodule_ln4        (spectopmodule      ) [ 00000000000000000000000000000000000000]
specinterface_ln0        (specinterface      ) [ 00000000000000000000000000000000000000]
specbitsmap_ln0          (specbitsmap        ) [ 00000000000000000000000000000000000000]
specbitsmap_ln0          (specbitsmap        ) [ 00000000000000000000000000000000000000]
specbitsmap_ln0          (specbitsmap        ) [ 00000000000000000000000000000000000000]
specbitsmap_ln0          (specbitsmap        ) [ 00000000000000000000000000000000000000]
specinterface_ln0        (specinterface      ) [ 00000000000000000000000000000000000000]
specbitsmap_ln0          (specbitsmap        ) [ 00000000000000000000000000000000000000]
specbitsmap_ln0          (specbitsmap        ) [ 00000000000000000000000000000000000000]
specbitsmap_ln0          (specbitsmap        ) [ 00000000000000000000000000000000000000]
specbitsmap_ln0          (specbitsmap        ) [ 00000000000000000000000000000000000000]
specinterface_ln0        (specinterface      ) [ 00000000000000000000000000000000000000]
specaxissidechannel_ln13 (specaxissidechannel) [ 00000000000000000000000000000000000000]
specaxissidechannel_ln13 (specaxissidechannel) [ 00000000000000000000000000000000000000]
br_ln13                  (br                 ) [ 00000000000000000000000000000000000000]
empty                    (read               ) [ 00000000000000000000000000000000000000]
tmp_data                 (extractvalue       ) [ 01111111111111111111111111111111111110]
tmp_keep                 (extractvalue       ) [ 01111111111111111111111111111111111111]
tmp_strb                 (extractvalue       ) [ 01111111111111111111111111111111111111]
tmp_last                 (extractvalue       ) [ 01111111111111111111111111111111111111]
br_ln15                  (br                 ) [ 00000000000000000000000000000000000000]
specpipeline_ln13        (specpipeline       ) [ 00000000000000000000000000000000000000]
specloopname_ln13        (specloopname       ) [ 00000000000000000000000000000000000000]
br_ln13                  (br                 ) [ 00000000000000000000000000000000000000]
srem_ln16                (srem               ) [ 00000000000000000000000000000000000000]
trunc_ln16               (trunc              ) [ 00000000000000000000000000000000000000]
res                      (icmp               ) [ 00000000000000000000000000000000000000]
zext_ln16                (zext               ) [ 01000000000000000000000000000000000001]
write_ln18               (write              ) [ 00000000000000000000000000000000000000]
ret_ln25                 (ret                ) [ 00000000000000000000000000000000000000]
</LifeTime>

<model>

<comp_list>
<comp id="0" class="1000" name="a_V_data_V">
<pin_list>
<pin id="1" dir="1" index="0" bw="1" slack="0"/>
</pin_list>
<bind>
<StgValue><ssdm name="a_V_data_V"/></StgValue>
</bind>
</comp>

<comp id="2" class="1000" name="a_V_keep_V">
<pin_list>
<pin id="3" dir="1" index="0" bw="1" slack="0"/>
</pin_list>
<bind>
<StgValue><ssdm name="a_V_keep_V"/></StgValue>
</bind>
</comp>

<comp id="4" class="1000" name="a_V_strb_V">
<pin_list>
<pin id="5" dir="1" index="0" bw="1" slack="0"/>
</pin_list>
<bind>
<StgValue><ssdm name="a_V_strb_V"/></StgValue>
</bind>
</comp>

<comp id="6" class="1000" name="a_V_last_V">
<pin_list>
<pin id="7" dir="1" index="0" bw="1" slack="0"/>
</pin_list>
<bind>
<StgValue><ssdm name="a_V_last_V"/></StgValue>
</bind>
</comp>

<comp id="8" class="1000" name="result_V_data_V">
<pin_list>
<pin id="9" dir="1" index="0" bw="1" slack="0"/>
</pin_list>
<bind>
<StgValue><ssdm name="result_V_data_V"/></StgValue>
</bind>
</comp>

<comp id="10" class="1000" name="result_V_keep_V">
<pin_list>
<pin id="11" dir="1" index="0" bw="1" slack="0"/>
</pin_list>
<bind>
<StgValue><ssdm name="result_V_keep_V"/></StgValue>
</bind>
</comp>

<comp id="12" class="1000" name="result_V_strb_V">
<pin_list>
<pin id="13" dir="1" index="0" bw="1" slack="0"/>
</pin_list>
<bind>
<StgValue><ssdm name="result_V_strb_V"/></StgValue>
</bind>
</comp>

<comp id="14" class="1000" name="result_V_last_V">
<pin_list>
<pin id="15" dir="1" index="0" bw="1" slack="0"/>
</pin_list>
<bind>
<StgValue><ssdm name="result_V_last_V"/></StgValue>
</bind>
</comp>

<comp id="16" class="1001" name="const_16">
<pin_list>
<pin id="17" dir="1" index="0" bw="1" slack="2147483647"/>
</pin_list>
<bind>
<StgValue><ssdm name="_ssdm_op_SpecTopModule"/></StgValue>
</bind>
</comp>

<comp id="18" class="1001" name="const_18">
<pin_list>
<pin id="19" dir="1" index="0" bw="1" slack="2147483647"/>
</pin_list>
<bind>
<StgValue><ssdm name="empty_6"/></StgValue>
</bind>
</comp>

<comp id="20" class="1001" name="const_20">
<pin_list>
<pin id="21" dir="1" index="0" bw="1" slack="2147483647"/>
</pin_list>
<bind>
<StgValue><ssdm name="_ssdm_op_SpecInterface"/></StgValue>
</bind>
</comp>

<comp id="22" class="1001" name="const_22">
<pin_list>
<pin id="23" dir="1" index="0" bw="1" slack="2147483647"/>
</pin_list>
<bind>
<StgValue><ssdm name="empty"/></StgValue>
</bind>
</comp>

<comp id="24" class="1001" name="const_24">
<pin_list>
<pin id="25" dir="1" index="0" bw="1" slack="2147483647"/>
</pin_list>
<bind>
<StgValue><ssdm name=""/></StgValue>
</bind>
</comp>

<comp id="26" class="1001" name="const_26">
<pin_list>
<pin id="27" dir="1" index="0" bw="1" slack="2147483647"/>
</pin_list>
<bind>
<StgValue><ssdm name="empty_0"/></StgValue>
</bind>
</comp>

<comp id="28" class="1001" name="const_28">
<pin_list>
<pin id="29" dir="1" index="0" bw="1" slack="2147483647"/>
</pin_list>
<bind>
<StgValue><ssdm name=""/></StgValue>
</bind>
</comp>

<comp id="30" class="1001" name="const_30">
<pin_list>
<pin id="31" dir="1" index="0" bw="1" slack="2147483647"/>
</pin_list>
<bind>
<StgValue><ssdm name="empty_1"/></StgValue>
</bind>
</comp>

<comp id="32" class="1001" name="const_32">
<pin_list>
<pin id="33" dir="1" index="0" bw="1" slack="2147483647"/>
</pin_list>
<bind>
<StgValue><ssdm name=""/></StgValue>
</bind>
</comp>

<comp id="34" class="1001" name="const_34">
<pin_list>
<pin id="35" dir="1" index="0" bw="1" slack="2147483647"/>
</pin_list>
<bind>
<StgValue><ssdm name="_ssdm_op_SpecBitsMap"/></StgValue>
</bind>
</comp>

<comp id="36" class="1001" name="const_36">
<pin_list>
<pin id="37" dir="1" index="0" bw="1" slack="2147483647"/>
</pin_list>
<bind>
<StgValue><ssdm name="empty_2"/></StgValue>
</bind>
</comp>

<comp id="38" class="1001" name="const_38">
<pin_list>
<pin id="39" dir="1" index="0" bw="1" slack="2147483647"/>
</pin_list>
<bind>
<StgValue><ssdm name="empty_3"/></StgValue>
</bind>
</comp>

<comp id="40" class="1001" name="const_40">
<pin_list>
<pin id="41" dir="1" index="0" bw="1" slack="2147483647"/>
</pin_list>
<bind>
<StgValue><ssdm name="_ssdm_op_SpecAXISSideChannel"/></StgValue>
</bind>
</comp>

<comp id="42" class="1001" name="const_42">
<pin_list>
<pin id="43" dir="1" index="0" bw="1" slack="2147483647"/>
</pin_list>
<bind>
<StgValue><ssdm name=""/></StgValue>
</bind>
</comp>

<comp id="44" class="1001" name="const_44">
<pin_list>
<pin id="45" dir="1" index="0" bw="1" slack="2147483647"/>
</pin_list>
<bind>
<StgValue><ssdm name="empty_4"/></StgValue>
</bind>
</comp>

<comp id="46" class="1001" name="const_46">
<pin_list>
<pin id="47" dir="1" index="0" bw="1" slack="2147483647"/>
</pin_list>
<bind>
<StgValue><ssdm name="empty_5"/></StgValue>
</bind>
</comp>

<comp id="48" class="1001" name="const_48">
<pin_list>
<pin id="49" dir="1" index="0" bw="1" slack="0"/>
</pin_list>
<bind>
<StgValue><ssdm name="_ssdm_op_Read.axis.volatile.i32P0A.i4P0A.i4P0A.i1P0A"/></StgValue>
</bind>
</comp>

<comp id="50" class="1001" name="const_50">
<pin_list>
<pin id="51" dir="1" index="0" bw="1" slack="0"/>
</pin_list>
<bind>
<StgValue><ssdm name=""/></StgValue>
</bind>
</comp>

<comp id="52" class="1001" name="const_52">
<pin_list>
<pin id="53" dir="1" index="0" bw="1" slack="2147483647"/>
</pin_list>
<bind>
<StgValue><ssdm name="_ssdm_op_SpecPipeline"/></StgValue>
</bind>
</comp>

<comp id="54" class="1001" name="const_54">
<pin_list>
<pin id="55" dir="1" index="0" bw="1" slack="2147483647"/>
</pin_list>
<bind>
<StgValue><ssdm name="_ssdm_op_SpecLoopName"/></StgValue>
</bind>
</comp>

<comp id="56" class="1001" name="const_56">
<pin_list>
<pin id="57" dir="1" index="0" bw="1" slack="2147483647"/>
</pin_list>
<bind>
<StgValue><ssdm name="empty_7"/></StgValue>
</bind>
</comp>

<comp id="58" class="1001" name="const_58">
<pin_list>
<pin id="59" dir="1" index="0" bw="1" slack="0"/>
</pin_list>
<bind>
<StgValue><ssdm name=""/></StgValue>
</bind>
</comp>

<comp id="60" class="1001" name="const_60">
<pin_list>
<pin id="61" dir="1" index="0" bw="1" slack="0"/>
</pin_list>
<bind>
<StgValue><ssdm name="_ssdm_op_Write.axis.volatile.i32P0A.i4P0A.i4P0A.i1P0A"/></StgValue>
</bind>
</comp>

<comp id="62" class="1004" name="empty_read_fu_62">
<pin_list>
<pin id="63" dir="0" index="0" bw="41" slack="0"/>
<pin id="64" dir="0" index="1" bw="32" slack="0"/>
<pin id="65" dir="0" index="2" bw="4" slack="0"/>
<pin id="66" dir="0" index="3" bw="4" slack="0"/>
<pin id="67" dir="0" index="4" bw="1" slack="0"/>
<pin id="68" dir="1" index="5" bw="41" slack="0"/>
</pin_list>
<bind>
<opcode="read(1150) " fcode="read"/>
<opset="empty/1 "/>
</bind>
</comp>

<comp id="74" class="1004" name="grp_write_fu_74">
<pin_list>
<pin id="75" dir="0" index="0" bw="0" slack="0"/>
<pin id="76" dir="0" index="1" bw="32" slack="0"/>
<pin id="77" dir="0" index="2" bw="4" slack="0"/>
<pin id="78" dir="0" index="3" bw="4" slack="0"/>
<pin id="79" dir="0" index="4" bw="1" slack="0"/>
<pin id="80" dir="0" index="5" bw="1" slack="0"/>
<pin id="81" dir="0" index="6" bw="4" slack="35"/>
<pin id="82" dir="0" index="7" bw="4" slack="35"/>
<pin id="83" dir="0" index="8" bw="1" slack="35"/>
<pin id="84" dir="1" index="9" bw="0" slack="2147483647"/>
</pin_list>
<bind>
<opcode="write(1151) " fcode="write"/>
<opset="write_ln18/36 "/>
</bind>
</comp>

<comp id="90" class="1004" name="tmp_data_fu_90">
<pin_list>
<pin id="91" dir="0" index="0" bw="41" slack="0"/>
<pin id="92" dir="1" index="1" bw="32" slack="0"/>
</pin_list>
<bind>
<opcode="extractvalue(56) " fcode="extractvalue"/>
<opset="tmp_data/1 "/>
</bind>
</comp>

<comp id="94" class="1004" name="tmp_keep_fu_94">
<pin_list>
<pin id="95" dir="0" index="0" bw="41" slack="0"/>
<pin id="96" dir="1" index="1" bw="4" slack="35"/>
</pin_list>
<bind>
<opcode="extractvalue(56) " fcode="extractvalue"/>
<opset="tmp_keep/1 "/>
</bind>
</comp>

<comp id="98" class="1004" name="tmp_strb_fu_98">
<pin_list>
<pin id="99" dir="0" index="0" bw="41" slack="0"/>
<pin id="100" dir="1" index="1" bw="4" slack="35"/>
</pin_list>
<bind>
<opcode="extractvalue(56) " fcode="extractvalue"/>
<opset="tmp_strb/1 "/>
</bind>
</comp>

<comp id="102" class="1004" name="tmp_last_fu_102">
<pin_list>
<pin id="103" dir="0" index="0" bw="41" slack="0"/>
<pin id="104" dir="1" index="1" bw="1" slack="35"/>
</pin_list>
<bind>
<opcode="extractvalue(56) " fcode="extractvalue"/>
<opset="tmp_last/1 "/>
</bind>
</comp>

<comp id="106" class="1004" name="grp_fu_106">
<pin_list>
<pin id="107" dir="0" index="0" bw="32" slack="0"/>
<pin id="108" dir="0" index="1" bw="5" slack="0"/>
<pin id="109" dir="1" index="2" bw="5" slack="0"/>
</pin_list>
<bind>
<opcode="srem(18) " fcode="srem"/>
<opset="srem_ln16/1 "/>
</bind>
</comp>

<comp id="112" class="1004" name="trunc_ln16_fu_112">
<pin_list>
<pin id="113" dir="0" index="0" bw="5" slack="0"/>
<pin id="114" dir="1" index="1" bw="5" slack="0"/>
</pin_list>
<bind>
<opcode="trunc(33) " fcode="trunc"/>
<opset="trunc_ln16/36 "/>
</bind>
</comp>

<comp id="116" class="1004" name="res_fu_116">
<pin_list>
<pin id="117" dir="0" index="0" bw="5" slack="0"/>
<pin id="118" dir="0" index="1" bw="5" slack="0"/>
<pin id="119" dir="1" index="2" bw="1" slack="0"/>
</pin_list>
<bind>
<opcode="icmp(45) " fcode="icmp"/>
<opset="res/36 "/>
</bind>
</comp>

<comp id="122" class="1004" name="zext_ln16_fu_122">
<pin_list>
<pin id="123" dir="0" index="0" bw="1" slack="0"/>
<pin id="124" dir="1" index="1" bw="32" slack="0"/>
</pin_list>
<bind>
<opcode="zext(34) " fcode="zext"/>
<opset="zext_ln16/36 "/>
</bind>
</comp>

<comp id="127" class="1005" name="tmp_data_reg_127">
<pin_list>
<pin id="128" dir="0" index="0" bw="32" slack="1"/>
<pin id="129" dir="1" index="1" bw="32" slack="1"/>
</pin_list>
<bind>
<opset="tmp_data "/>
</bind>
</comp>

<comp id="132" class="1005" name="tmp_keep_reg_132">
<pin_list>
<pin id="133" dir="0" index="0" bw="4" slack="35"/>
<pin id="134" dir="1" index="1" bw="4" slack="35"/>
</pin_list>
<bind>
<opset="tmp_keep "/>
</bind>
</comp>

<comp id="137" class="1005" name="tmp_strb_reg_137">
<pin_list>
<pin id="138" dir="0" index="0" bw="4" slack="35"/>
<pin id="139" dir="1" index="1" bw="4" slack="35"/>
</pin_list>
<bind>
<opset="tmp_strb "/>
</bind>
</comp>

<comp id="142" class="1005" name="tmp_last_reg_142">
<pin_list>
<pin id="143" dir="0" index="0" bw="1" slack="35"/>
<pin id="144" dir="1" index="1" bw="1" slack="35"/>
</pin_list>
<bind>
<opset="tmp_last "/>
</bind>
</comp>

<comp id="147" class="1005" name="zext_ln16_reg_147">
<pin_list>
<pin id="148" dir="0" index="0" bw="32" slack="1"/>
<pin id="149" dir="1" index="1" bw="32" slack="1"/>
</pin_list>
<bind>
<opset="zext_ln16 "/>
</bind>
</comp>

</comp_list>

<net_list>
<net id="69"><net_src comp="48" pin="0"/><net_sink comp="62" pin=0"/></net>

<net id="70"><net_src comp="0" pin="0"/><net_sink comp="62" pin=1"/></net>

<net id="71"><net_src comp="2" pin="0"/><net_sink comp="62" pin=2"/></net>

<net id="72"><net_src comp="4" pin="0"/><net_sink comp="62" pin=3"/></net>

<net id="73"><net_src comp="6" pin="0"/><net_sink comp="62" pin=4"/></net>

<net id="85"><net_src comp="60" pin="0"/><net_sink comp="74" pin=0"/></net>

<net id="86"><net_src comp="8" pin="0"/><net_sink comp="74" pin=1"/></net>

<net id="87"><net_src comp="10" pin="0"/><net_sink comp="74" pin=2"/></net>

<net id="88"><net_src comp="12" pin="0"/><net_sink comp="74" pin=3"/></net>

<net id="89"><net_src comp="14" pin="0"/><net_sink comp="74" pin=4"/></net>

<net id="93"><net_src comp="62" pin="5"/><net_sink comp="90" pin=0"/></net>

<net id="97"><net_src comp="62" pin="5"/><net_sink comp="94" pin=0"/></net>

<net id="101"><net_src comp="62" pin="5"/><net_sink comp="98" pin=0"/></net>

<net id="105"><net_src comp="62" pin="5"/><net_sink comp="102" pin=0"/></net>

<net id="110"><net_src comp="90" pin="1"/><net_sink comp="106" pin=0"/></net>

<net id="111"><net_src comp="50" pin="0"/><net_sink comp="106" pin=1"/></net>

<net id="115"><net_src comp="106" pin="2"/><net_sink comp="112" pin=0"/></net>

<net id="120"><net_src comp="112" pin="1"/><net_sink comp="116" pin=0"/></net>

<net id="121"><net_src comp="58" pin="0"/><net_sink comp="116" pin=1"/></net>

<net id="125"><net_src comp="116" pin="2"/><net_sink comp="122" pin=0"/></net>

<net id="126"><net_src comp="122" pin="1"/><net_sink comp="74" pin=5"/></net>

<net id="130"><net_src comp="90" pin="1"/><net_sink comp="127" pin=0"/></net>

<net id="131"><net_src comp="127" pin="1"/><net_sink comp="106" pin=0"/></net>

<net id="135"><net_src comp="94" pin="1"/><net_sink comp="132" pin=0"/></net>

<net id="136"><net_src comp="132" pin="1"/><net_sink comp="74" pin=6"/></net>

<net id="140"><net_src comp="98" pin="1"/><net_sink comp="137" pin=0"/></net>

<net id="141"><net_src comp="137" pin="1"/><net_sink comp="74" pin=7"/></net>

<net id="145"><net_src comp="102" pin="1"/><net_sink comp="142" pin=0"/></net>

<net id="146"><net_src comp="142" pin="1"/><net_sink comp="74" pin=8"/></net>

<net id="150"><net_src comp="122" pin="1"/><net_sink comp="147" pin=0"/></net>

<net id="151"><net_src comp="147" pin="1"/><net_sink comp="74" pin=5"/></net>

</net_list>

</model> 
---------------- Datapath Model END ------------------

* FSMD analyzer results:
  - Output states:
	Port: result_V_data_V | {37 }
	Port: result_V_keep_V | {37 }
	Port: result_V_strb_V | {37 }
	Port: result_V_last_V | {37 }
 - Input state : 
	Port: divby13_stream : a_V_data_V | {1 }
	Port: divby13_stream : a_V_keep_V | {1 }
	Port: divby13_stream : a_V_strb_V | {1 }
	Port: divby13_stream : a_V_last_V | {1 }
  - Chain level:
	State 1
		srem_ln16 : 1
		br_ln15 : 1
	State 2
	State 3
	State 4
	State 5
	State 6
	State 7
	State 8
	State 9
	State 10
	State 11
	State 12
	State 13
	State 14
	State 15
	State 16
	State 17
	State 18
	State 19
	State 20
	State 21
	State 22
	State 23
	State 24
	State 25
	State 26
	State 27
	State 28
	State 29
	State 30
	State 31
	State 32
	State 33
	State 34
	State 35
	State 36
		trunc_ln16 : 1
		res : 2
		zext_ln16 : 3
		write_ln18 : 4
	State 37


============================================================
+ Verbose Summary: Datapath Resource usage 
============================================================

* Functional unit list:
|----------|-------------------|---------|---------|
| Operation|  Functional Unit  |    FF   |   LUT   |
|----------|-------------------|---------|---------|
|   srem   |     grp_fu_106    |   2283  |   1738  |
|----------|-------------------|---------|---------|
|   icmp   |     res_fu_116    |    0    |    12   |
|----------|-------------------|---------|---------|
|   read   |  empty_read_fu_62 |    0    |    0    |
|----------|-------------------|---------|---------|
|   write  |  grp_write_fu_74  |    0    |    0    |
|----------|-------------------|---------|---------|
|          |   tmp_data_fu_90  |    0    |    0    |
|extractvalue|   tmp_keep_fu_94  |    0    |    0    |
|          |   tmp_strb_fu_98  |    0    |    0    |
|          |  tmp_last_fu_102  |    0    |    0    |
|----------|-------------------|---------|---------|
|   trunc  | trunc_ln16_fu_112 |    0    |    0    |
|----------|-------------------|---------|---------|
|   zext   |  zext_ln16_fu_122 |    0    |    0    |
|----------|-------------------|---------|---------|
|   Total  |                   |   2283  |   1750  |
|----------|-------------------|---------|---------|

Memories:
N/A

* Register list:
+-----------------+--------+
|                 |   FF   |
+-----------------+--------+
| tmp_data_reg_127|   32   |
| tmp_keep_reg_132|    4   |
| tmp_last_reg_142|    1   |
| tmp_strb_reg_137|    4   |
|zext_ln16_reg_147|   32   |
+-----------------+--------+
|      Total      |   73   |
+-----------------+--------+

* Multiplexer (MUX) list: 
|-----------------|------|------|------|--------||---------||---------||---------|
|       Comp      |  Pin | Size |  BW  | S x BW ||  Delay  ||    FF   ||   LUT   |
|-----------------|------|------|------|--------||---------||---------||---------|
| grp_write_fu_74 |  p5  |   2  |   1  |    2   ||    0    ||    9    |
|    grp_fu_106   |  p0  |   2  |  32  |   64   ||    0    ||    9    |
|-----------------|------|------|------|--------||---------||---------||---------|
|      Total      |      |      |      |   66   ||  0.854  ||    0    ||    18   |
|-----------------|------|------|------|--------||---------||---------||---------|



* Summary:
+-----------+--------+--------+--------+
|           |  Delay |   FF   |   LUT  |
+-----------+--------+--------+--------+
|  Function |    -   |  2283  |  1750  |
|   Memory  |    -   |    -   |    -   |
|Multiplexer|    0   |    0   |   18   |
|  Register |    -   |   73   |    -   |
+-----------+--------+--------+--------+
|   Total   |    0   |  2356  |  1768  |
+-----------+--------+--------+--------+
