================================================================
== Design Size Report
================================================================

* Total Instructions per Compilation Phase
+---------------+-----------------------------+--------------+----------------------------------------------------------------------------------------+
| Phase         | Step                        | Instructions | Description                                                                            |
+---------------+-----------------------------+--------------+----------------------------------------------------------------------------------------+
| Compile/Link  |                             |   242        | After all functions are compiled and linked into a single design                       |
|               |                             |              |                                                                                        |
| Unroll/Inline |                             |              | After user unroll and inline pragmas are applied                                       |
|               | (1) unroll                  | 6,304        | user unroll pragmas are applied                                                        |
|               | (2) simplification          | 3,452        | simplification of applied user unroll pragmas                                          |
|               | (3) inline                  | 3,450        | user inline pragmas are applied                                                        |
|               | (4) simplification          | 3,450        | simplification of applied user inline pragmas                                          |
|               |                             |              |                                                                                        |
| Array/Struct  |                             |              | After user array partition and struct aggregate/disaggregate pragmas are applied       |
|               | (1) array partition         | 3,506        | user array partition pragmas are applied                                               |
|               | (2) simplification          | 3,506        | simplification of applied user array partition & struct aggregate/disaggregate pragmas |
|               | (3) aggregate/disaggregate  | 3,506        | user struct aggregate/disaggregate pragmas are applied                                 |
|               | (4) array reshape           | 3,506        | apply array reshape pragmas                                                            |
|               | (5) access patterns         | 3,539        | array access pattern optmizations                                                      |
|               |                             |              |                                                                                        |
| Performance   |                             |              | After transformations are applied to meet performance pragma targets                   |
|               | (1) loop simplification     | 3,537        | loop and instruction simplification                                                    |
|               | (2) parallelization         | 3,583        | loops are unrolled or pipelined to meet performance targets                            |
|               | (3) array partition         | 7,378        | arrays are partitioned to meet performance targets                                     |
|               | (4) simplification          | 3,554        | simplification of design after performance transformations                             |
|               |                             |              |                                                                                        |
| HW Transforms |                             |              | After hardware transfomations                                                          |
|               | (1) lowering                | 3,554        | initial conversion to HW specific instructions                                         |
|               | (2) optimizations           | 3,559        | high level synthesis optimizations                                                     |
+---------------+-----------------------------+--------------+----------------------------------------------------------------------------------------+

* Instructions per Function for each Compilation Phase
+---------------+------------+---------------+------------------+------------------+------------------+------------------+
| Function      | Location   | Compile/Link  | Unroll/Inline    | Array/Struct     | Performance      | HW Transforms    |
+---------------+------------+---------------+------------------+------------------+------------------+------------------+
| + dct         | dct.cpp:84 | 242           | 3,450            | 3,539            | 3,554            | 3,559            |
|    read_data  | dct.cpp:59 |  27           |                  |                  |                  |                  |
|  + dct_2d     | dct.cpp:27 | 170           | 3,404            | 3,460            | 3,377            | 3,378            |
|     dct_1d    | dct.cpp:8  |  72 (2 calls) | 2,864 (16 calls) | 2,896 (16 calls) | 2,640 (16 calls) | 2,640 (16 calls) |
|    write_data | dct.cpp:72 |  27           |                  |                  |                  |                  |
+---------------+------------+---------------+------------------+------------------+------------------+------------------+

* Design Size Message Settings
+---------------------------------------------+--------+------------------------------------------------------------------+
| Message Setting                             | Value  | Description                                                      |
+---------------------------------------------+--------+------------------------------------------------------------------+
| config_compile -design_size_maximum_warning | 100000 | Show a warning when total design instructions exceeds this value |
+---------------------------------------------+--------+------------------------------------------------------------------+


