

================================================================
== Vitis HLS Report for 'dct_1d'
================================================================
* Date:           Thu Jan 29 20:29:36 2026

* Version:        2024.1 (Build 5069499 on May 21 2024)
* Project:        dct
* Solution:       hls (Vitis Kernel Flow Target)
* Product family: zynquplus
* Target device:  xczu3eg-sfvc784-2-e


================================================================
== Performance Estimates
================================================================
+ Timing: 
    * Summary: 
    +--------+---------+----------+------------+
    |  Clock |  Target | Estimated| Uncertainty|
    +--------+---------+----------+------------+
    |ap_clk  |  8.00 ns|  4.408 ns|     0.96 ns|
    +--------+---------+----------+------------+

+ Latency: 
    * Summary: 
    +---------+---------+-----------+-----------+-----+-----+---------+
    |  Latency (cycles) |   Latency (absolute)  |  Interval | Pipeline|
    |   min   |   max   |    min    |    max    | min | max |   Type  |
    +---------+---------+-----------+-----------+-----+-----+---------+
    |        4|        4|  32.000 ns|  32.000 ns|    1|    1|      yes|
    +---------+---------+-----------+-----------+-----+-----+---------+

    + Detail: 
        * Instance: 
        N/A

        * Loop: 
        N/A



================================================================
== Utilization Estimates
================================================================
* Summary: 
+-----------------+---------+-----+--------+-------+-----+
|       Name      | BRAM_18K| DSP |   FF   |  LUT  | URAM|
+-----------------+---------+-----+--------+-------+-----+
|DSP              |        -|   20|       -|      -|    -|
|Expression       |        -|    -|       0|    752|    -|
|FIFO             |        -|    -|       -|      -|    -|
|Instance         |        -|    8|       0|     40|    -|
|Memory           |        -|    -|       -|      -|    -|
|Multiplexer      |        -|    -|       0|    112|    -|
|Register         |        -|    -|     851|    128|    -|
+-----------------+---------+-----+--------+-------+-----+
|Total            |        0|   28|     851|   1032|    0|
+-----------------+---------+-----+--------+-------+-----+
|Available        |      432|  360|  141120|  70560|    0|
+-----------------+---------+-----+--------+-------+-----+
|Utilization (%)  |        0|    7|      ~0|      1|    0|
+-----------------+---------+-----+--------+-------+-----+

+ Detail: 
    * Instance: 
    +-------------------------+---------------------+---------+----+---+----+-----+
    |         Instance        |        Module       | BRAM_18K| DSP| FF| LUT| URAM|
    +-------------------------+---------------------+---------+----+---+----+-----+
    |mul_16s_15ns_29_1_0_U11  |mul_16s_15ns_29_1_0  |        0|   1|  0|   5|    0|
    |mul_16s_15ns_29_1_0_U14  |mul_16s_15ns_29_1_0  |        0|   1|  0|   5|    0|
    |mul_16s_15ns_29_1_0_U17  |mul_16s_15ns_29_1_0  |        0|   1|  0|   5|    0|
    |mul_16s_15s_29_1_0_U12   |mul_16s_15s_29_1_0   |        0|   1|  0|   5|    0|
    |mul_16s_15s_29_1_0_U13   |mul_16s_15s_29_1_0   |        0|   1|  0|   5|    0|
    |mul_16s_15s_29_1_0_U15   |mul_16s_15s_29_1_0   |        0|   1|  0|   5|    0|
    |mul_16s_15s_29_1_0_U16   |mul_16s_15s_29_1_0   |        0|   1|  0|   5|    0|
    |mul_16s_15s_29_1_0_U18   |mul_16s_15s_29_1_0   |        0|   1|  0|   5|    0|
    +-------------------------+---------------------+---------+----+---+----+-----+
    |Total                    |                     |        0|   8|  0|  40|    0|
    +-------------------------+---------------------+---------+----+---+----+-----+

    * DSP: 
    +--------------------------------------------+----------------------------------------+---------------------+
    |                  Instance                  |                 Module                 |      Expression     |
    +--------------------------------------------+----------------------------------------+---------------------+
    |ama_addmuladd_18s_16s_13ns_29ns_29_4_0_U29  |ama_addmuladd_18s_16s_13ns_29ns_29_4_0  |  i0 + (i1 + i2) * i3|
    |ama_submuladd_16s_16s_12ns_29s_29_4_0_U19   |ama_submuladd_16s_16s_12ns_29s_29_4_0   |  i0 + (i1 - i2) * i3|
    |ama_submuladd_16s_16s_13ns_29s_29_4_0_U22   |ama_submuladd_16s_16s_13ns_29s_29_4_0   |  (i0 - i1) * i2 + i3|
    |ama_submuladd_18s_16s_14ns_29ns_29_4_0_U35  |ama_submuladd_18s_16s_14ns_29ns_29_4_0  |  i0 + (i1 - i2) * i3|
    |mac_muladd_16s_14ns_29ns_29_4_0_U26         |mac_muladd_16s_14ns_29ns_29_4_0         |         i0 + i1 * i2|
    |mac_muladd_16s_14ns_29ns_29_4_0_U30         |mac_muladd_16s_14ns_29ns_29_4_0         |         i0 + i1 * i2|
    |mac_muladd_16s_14ns_29ns_29_4_0_U36         |mac_muladd_16s_14ns_29ns_29_4_0         |         i0 + i1 * i2|
    |mac_muladd_16s_14ns_29s_29_4_0_U21          |mac_muladd_16s_14ns_29s_29_4_0          |         i0 + i1 * i2|
    |mac_muladd_16s_14ns_29s_29_4_0_U25          |mac_muladd_16s_14ns_29s_29_4_0          |         i0 + i1 * i2|
    |mac_muladd_16s_15s_13ns_29_4_0_U27          |mac_muladd_16s_15s_13ns_29_4_0          |         i0 * i1 + i2|
    |mac_muladd_16s_15s_29ns_29_4_0_U32          |mac_muladd_16s_15s_29ns_29_4_0          |         i0 + i1 * i2|
    |mac_muladd_16s_15s_29s_29_4_0_U23           |mac_muladd_16s_15s_29s_29_4_0           |         i0 + i1 * i2|
    |mac_muladd_17s_12ns_13ns_29_4_0_U31         |mac_muladd_17s_12ns_13ns_29_4_0         |         i0 * i1 + i2|
    |mac_muladd_17s_12ns_13ns_29_4_0_U38         |mac_muladd_17s_12ns_13ns_29_4_0         |         i0 * i1 + i2|
    |mac_muladd_17s_12ns_29s_29_4_0_U33          |mac_muladd_17s_12ns_29s_29_4_0          |         i0 + i1 * i2|
    |mac_muladd_17s_13ns_13ns_29_4_0_U34         |mac_muladd_17s_13ns_13ns_29_4_0         |         i0 * i1 + i2|
    |mac_muladd_17s_13ns_29s_29_4_0_U28          |mac_muladd_17s_13ns_29s_29_4_0          |         i0 + i1 * i2|
    |mac_muladd_17s_13ns_29s_29_4_0_U37          |mac_muladd_17s_13ns_29s_29_4_0          |         i0 + i1 * i2|
    |mac_muladd_18s_13ns_13ns_29_4_0_U24         |mac_muladd_18s_13ns_13ns_29_4_0         |         i0 * i1 + i2|
    |mac_muladd_18s_14ns_13ns_29_4_0_U20         |mac_muladd_18s_14ns_13ns_29_4_0         |         i0 * i1 + i2|
    +--------------------------------------------+----------------------------------------+---------------------+

    * Memory: 
    N/A

    * FIFO: 
    N/A

    * Expression: 
    +-----------------------+----------+----+---+----+------------+------------+
    |     Variable Name     | Operation| DSP| FF| LUT| Bitwidth P0| Bitwidth P1|
    +-----------------------+----------+----+---+----+------------+------------+
    |add_ln21_fu_227_p2     |         +|   0|  0|  29|          29|          29|
    |add_ln23_12_fu_430_p2  |         +|   0|  0|  29|          29|          29|
    |add_ln23_18_fu_458_p2  |         +|   0|  0|  29|          29|          29|
    |add_ln23_1_fu_434_p2   |         +|   0|  0|  29|          29|          29|
    |add_ln23_23_fu_477_p2  |         +|   0|  0|  29|          29|          29|
    |add_ln23_29_fu_505_p2  |         +|   0|  0|  29|          29|          29|
    |add_ln23_3_fu_462_p2   |         +|   0|  0|  29|          29|          29|
    |add_ln23_4_fu_339_p2   |         +|   0|  0|  29|          29|          29|
    |add_ln23_5_fu_481_p2   |         +|   0|  0|  29|          29|          29|
    |add_ln23_7_fu_509_p2   |         +|   0|  0|  29|          29|          29|
    |add_ln23_fu_239_p2     |         +|   0|  0|  36|          29|          29|
    |grp_fu_713_p0          |         +|   0|  0|  25|          18|          18|
    |tmp19_fu_134_p2        |         +|   0|  0|  18|          18|          18|
    |tmp1_fu_190_p2         |         +|   0|  0|  16|          16|          16|
    |tmp218_fu_194_p2       |         +|   0|  0|  16|          16|          16|
    |tmp27_fu_297_p2        |         +|   0|  0|  24|          17|          17|
    |tmp5716_fu_215_p2      |         +|   0|  0|  23|          16|          16|
    |tmp_3_fu_233_p2        |         +|   0|  0|  29|          29|          29|
    |tmp_fu_186_p2          |         +|   0|  0|  23|          16|          16|
    |grp_fu_657_p0          |         -|   0|  0|  25|          18|          18|
    |sub_ln23_fu_333_p2     |         -|   0|  0|  36|          29|          29|
    |tmp11_fu_268_p2        |         -|   0|  0|  24|          17|          17|
    |tmp17_fu_118_p2        |         -|   0|  0|  24|          17|          17|
    |tmp18_fu_128_p2        |         -|   0|  0|  18|          18|          18|
    |tmp25_fu_287_p2        |         -|   0|  0|  24|          17|          17|
    |tmp28_fu_319_p2        |         -|   0|  0|  29|          29|          29|
    |tmp35_fu_355_p2        |         -|   0|  0|  24|          17|          17|
    |tmp39_fu_364_p2        |         -|   0|  0|  24|          17|          17|
    |tmp7_fu_258_p2         |         -|   0|  0|  24|          17|          17|
    +-----------------------+----------+----+---+----+------------+------------+
    |Total                  |          |   0|  0| 752|         661|         661|
    +-----------------------+----------+----+---+----+------------+------------+

    * Multiplexer: 
    +-------------+----+-----------+-----+-----------+
    |     Name    | LUT| Input Size| Bits| Total Bits|
    +-------------+----+-----------+-----+-----------+
    |ap_return_0  |  14|          3|   16|         48|
    |ap_return_1  |  14|          3|   16|         48|
    |ap_return_2  |  14|          3|   16|         48|
    |ap_return_3  |  14|          3|   16|         48|
    |ap_return_4  |  14|          3|   16|         48|
    |ap_return_5  |  14|          3|   16|         48|
    |ap_return_6  |  14|          3|   16|         48|
    |ap_return_7  |  14|          3|   16|         48|
    +-------------+----+-----------+-----+-----------+
    |Total        | 112|         24|  128|        384|
    +-------------+----+-----------+-----+-----------+

    * Register: 
    +--------------------------------+----+----+-----+-----------+
    |              Name              | FF | LUT| Bits| Const Bits|
    +--------------------------------+----+----+-----+-----------+
    |add_ln23_16_reg_924             |  29|   0|   29|          0|
    |ap_ce_reg                       |   1|   0|    1|          0|
    |ap_return_0_int_reg             |  16|   0|   16|          0|
    |ap_return_1_int_reg             |  16|   0|   16|          0|
    |ap_return_2_int_reg             |  16|   0|   16|          0|
    |ap_return_3_int_reg             |  16|   0|   16|          0|
    |ap_return_4_int_reg             |  16|   0|   16|          0|
    |ap_return_5_int_reg             |  16|   0|   16|          0|
    |ap_return_6_int_reg             |  16|   0|   16|          0|
    |ap_return_7_int_reg             |  16|   0|   16|          0|
    |p_read1_int_reg                 |  16|   0|   16|          0|
    |p_read21_reg_798                |  16|   0|   16|          0|
    |p_read2_int_reg                 |  16|   0|   16|          0|
    |p_read3_int_reg                 |  16|   0|   16|          0|
    |p_read4_int_reg                 |  16|   0|   16|          0|
    |p_read5_int_reg                 |  16|   0|   16|          0|
    |p_read6_int_reg                 |  16|   0|   16|          0|
    |p_read7_int_reg                 |  16|   0|   16|          0|
    |p_read_1_reg_751                |  16|   0|   16|          0|
    |p_read_2_reg_758                |  16|   0|   16|          0|
    |p_read_3_reg_766                |  16|   0|   16|          0|
    |p_read_4_reg_773                |  16|   0|   16|          0|
    |p_read_5_reg_778                |  16|   0|   16|          0|
    |p_read_5_reg_778_pp0_iter1_reg  |  16|   0|   16|          0|
    |p_read_6_reg_784                |  16|   0|   16|          0|
    |p_read_7_reg_791                |  16|   0|   16|          0|
    |p_read_int_reg                  |  16|   0|   16|          0|
    |sext_ln21_11_reg_833            |  29|   0|   29|          0|
    |sext_ln21_12_reg_844            |  29|   0|   29|          0|
    |sext_ln21_14_reg_856            |  29|   0|   29|          0|
    |sext_ln21_15_reg_815            |  29|   0|   29|          0|
    |sext_ln21_reg_804               |  17|   0|   17|          0|
    |trunc_ln23_4_reg_868            |  16|   0|   16|          0|
    |trunc_ln_reg_839                |  16|   0|   16|          0|
    |p_read_2_reg_758                |  64|  32|   16|          0|
    |sext_ln21_15_reg_815            |  64|  32|   29|          0|
    |trunc_ln23_4_reg_868            |  64|  32|   16|          0|
    |trunc_ln_reg_839                |  64|  32|   16|          0|
    +--------------------------------+----+----+-----+-----------+
    |Total                           | 851| 128|  672|          0|
    +--------------------------------+----+----+-----+-----------+



================================================================
== Interface
================================================================
* Summary: 
+-------------+-----+-----+------------+--------------+--------------+
|  RTL Ports  | Dir | Bits|  Protocol  | Source Object|    C Type    |
+-------------+-----+-----+------------+--------------+--------------+
|ap_clk       |   in|    1|  ap_ctrl_hs|        dct_1d|  return value|
|ap_rst       |   in|    1|  ap_ctrl_hs|        dct_1d|  return value|
|ap_return_0  |  out|   16|  ap_ctrl_hs|        dct_1d|  return value|
|ap_return_1  |  out|   16|  ap_ctrl_hs|        dct_1d|  return value|
|ap_return_2  |  out|   16|  ap_ctrl_hs|        dct_1d|  return value|
|ap_return_3  |  out|   16|  ap_ctrl_hs|        dct_1d|  return value|
|ap_return_4  |  out|   16|  ap_ctrl_hs|        dct_1d|  return value|
|ap_return_5  |  out|   16|  ap_ctrl_hs|        dct_1d|  return value|
|ap_return_6  |  out|   16|  ap_ctrl_hs|        dct_1d|  return value|
|ap_return_7  |  out|   16|  ap_ctrl_hs|        dct_1d|  return value|
|ap_ce        |   in|    1|  ap_ctrl_hs|        dct_1d|  return value|
|p_read       |   in|   16|     ap_none|        p_read|        scalar|
|p_read1      |   in|   16|     ap_none|       p_read1|        scalar|
|p_read2      |   in|   16|     ap_none|       p_read2|        scalar|
|p_read3      |   in|   16|     ap_none|       p_read3|        scalar|
|p_read4      |   in|   16|     ap_none|       p_read4|        scalar|
|p_read5      |   in|   16|     ap_none|       p_read5|        scalar|
|p_read6      |   in|   16|     ap_none|       p_read6|        scalar|
|p_read7      |   in|   16|     ap_none|       p_read7|        scalar|
+-------------+-----+-----+------------+--------------+--------------+

