

================================================================
== Vitis HLS Report for 'dct'
================================================================
* Date:           Thu Jan 29 20:29:38 2026

* Version:        2024.1 (Build 5069499 on May 21 2024)
* Project:        dct
* Solution:       hls (Vitis Kernel Flow Target)
* Product family: zynquplus
* Target device:  xczu3eg-sfvc784-2-e


================================================================
== Performance Estimates
================================================================
+ Timing: 
    * Summary: 
    +--------+---------+----------+------------+
    |  Clock |  Target | Estimated| Uncertainty|
    +--------+---------+----------+------------+
    |ap_clk  |  8.00 ns|  7.040 ns|     0.96 ns|
    +--------+---------+----------+------------+

+ Latency: 
    * Summary: 
    +---------+---------+----------+----------+-----+-----+---------+
    |  Latency (cycles) |  Latency (absolute) |  Interval | Pipeline|
    |   min   |   max   |    min   |    max   | min | max |   Type  |
    +---------+---------+----------+----------+-----+-----+---------+
    |      188|      188|  1.504 us|  1.504 us|  189|  189|       no|
    +---------+---------+----------+----------+-----+-----+---------+

    + Detail: 
        * Instance: 
        +-------------------------------------+--------------------------+---------+---------+-----------+-----------+-----+-----+-----------------------------------------------+
        |                                     |                          |  Latency (cycles) |   Latency (absolute)  |  Interval |                    Pipeline                   |
        |               Instance              |          Module          |   min   |   max   |    min    |    max    | min | max |                      Type                     |
        +-------------------------------------+--------------------------+---------+---------+-----------+-----------+-----+-----+-----------------------------------------------+
        |grp_dct_Pipeline_RD_Loop_Row_fu_159  |dct_Pipeline_RD_Loop_Row  |       11|       11|  88.000 ns|  88.000 ns|    9|    9|  loop auto-rewind stp(delay=0 clock cycles(s))|
        |grp_dct_2d_fu_174                    |dct_2d                    |       20|       20|   0.160 us|   0.160 us|    4|    4|                                            yes|
        |grp_dct_Pipeline_WR_Loop_Row_fu_194  |dct_Pipeline_WR_Loop_Row  |       11|       11|  88.000 ns|  88.000 ns|    9|    9|  loop auto-rewind stp(delay=0 clock cycles(s))|
        +-------------------------------------+--------------------------+---------+---------+-----------+-----------+-----+-----+-----------------------------------------------+

        * Loop: 
        N/A



================================================================
== Utilization Estimates
================================================================
* Summary: 
+-----------------+---------+-----+--------+-------+-----+
|       Name      | BRAM_18K| DSP |   FF   |  LUT  | URAM|
+-----------------+---------+-----+--------+-------+-----+
|DSP              |        -|    -|       -|      -|    -|
|Expression       |        -|    -|       0|      2|    -|
|FIFO             |        -|    -|       -|      -|    -|
|Instance         |       58|  112|    8933|   8741|    0|
|Memory           |        0|    -|     512|     32|    0|
|Multiplexer      |        -|    -|       0|   1848|    -|
|Register         |        -|    -|     290|      -|    -|
+-----------------+---------+-----+--------+-------+-----+
|Total            |       58|  112|    9735|  10623|    0|
+-----------------+---------+-----+--------+-------+-----+
|Available        |      432|  360|  141120|  70560|    0|
+-----------------+---------+-----+--------+-------+-----+
|Utilization (%)  |       13|   31|       6|     15|    0|
+-----------------+---------+-----+--------+-------+-----+

+ Detail: 
    * Instance: 
    +-------------------------------------+--------------------------+---------+-----+------+------+-----+
    |               Instance              |          Module          | BRAM_18K| DSP |  FF  |  LUT | URAM|
    +-------------------------------------+--------------------------+---------+-----+------+------+-----+
    |control_s_axi_U                      |control_s_axi             |        0|    0|   176|   296|    0|
    |grp_dct_2d_fu_174                    |dct_2d                    |        0|  112|  5590|  6222|    0|
    |grp_dct_Pipeline_RD_Loop_Row_fu_159  |dct_Pipeline_RD_Loop_Row  |        0|    0|   917|   109|    0|
    |grp_dct_Pipeline_WR_Loop_Row_fu_194  |dct_Pipeline_WR_Loop_Row  |        0|    0|   523|   427|    0|
    |gmem_m_axi_U                         |gmem_m_axi                |       58|    0|  1727|  1687|    0|
    +-------------------------------------+--------------------------+---------+-----+------+------+-----+
    |Total                                |                          |       58|  112|  8933|  8741|    0|
    +-------------------------------------+--------------------------+---------+-----+------+------+-----+

    * DSP: 
    N/A

    * Memory: 
    +----------------+--------------------------+---------+----+----+-----+------+-----+------+-------------+
    |     Memory     |          Module          | BRAM_18K| FF | LUT| URAM| Words| Bits| Banks| W*Bits*Banks|
    +----------------+--------------------------+---------+----+----+-----+------+-----+------+-------------+
    |buf_2d_in_U     |buf_2d_in_RAM_AUTO_1R1W   |        0|  32|   2|    0|     8|   16|     1|          128|
    |buf_2d_in_1_U   |buf_2d_in_RAM_AUTO_1R1W   |        0|  32|   2|    0|     8|   16|     1|          128|
    |buf_2d_in_2_U   |buf_2d_in_RAM_AUTO_1R1W   |        0|  32|   2|    0|     8|   16|     1|          128|
    |buf_2d_in_3_U   |buf_2d_in_RAM_AUTO_1R1W   |        0|  32|   2|    0|     8|   16|     1|          128|
    |buf_2d_in_4_U   |buf_2d_in_RAM_AUTO_1R1W   |        0|  32|   2|    0|     8|   16|     1|          128|
    |buf_2d_in_5_U   |buf_2d_in_RAM_AUTO_1R1W   |        0|  32|   2|    0|     8|   16|     1|          128|
    |buf_2d_in_6_U   |buf_2d_in_RAM_AUTO_1R1W   |        0|  32|   2|    0|     8|   16|     1|          128|
    |buf_2d_in_7_U   |buf_2d_in_RAM_AUTO_1R1W   |        0|  32|   2|    0|     8|   16|     1|          128|
    |buf_2d_out_U    |buf_2d_out_RAM_AUTO_1R1W  |        0|  32|   2|    0|     8|   16|     1|          128|
    |buf_2d_out_1_U  |buf_2d_out_RAM_AUTO_1R1W  |        0|  32|   2|    0|     8|   16|     1|          128|
    |buf_2d_out_2_U  |buf_2d_out_RAM_AUTO_1R1W  |        0|  32|   2|    0|     8|   16|     1|          128|
    |buf_2d_out_3_U  |buf_2d_out_RAM_AUTO_1R1W  |        0|  32|   2|    0|     8|   16|     1|          128|
    |buf_2d_out_4_U  |buf_2d_out_RAM_AUTO_1R1W  |        0|  32|   2|    0|     8|   16|     1|          128|
    |buf_2d_out_5_U  |buf_2d_out_RAM_AUTO_1R1W  |        0|  32|   2|    0|     8|   16|     1|          128|
    |buf_2d_out_6_U  |buf_2d_out_RAM_AUTO_1R1W  |        0|  32|   2|    0|     8|   16|     1|          128|
    |buf_2d_out_7_U  |buf_2d_out_RAM_AUTO_1R1W  |        0|  32|   2|    0|     8|   16|     1|          128|
    +----------------+--------------------------+---------+----+----+-----+------+-----+------+-------------+
    |Total           |                          |        0| 512|  32|    0|   128|  256|    16|         2048|
    +----------------+--------------------------+---------+----+----+-----+------+-----+------+-------------+

    * FIFO: 
    N/A

    * Expression: 
    +-----------------+----------+----+---+----+------------+------------+
    |  Variable Name  | Operation| DSP| FF| LUT| Bitwidth P0| Bitwidth P1|
    +-----------------+----------+----+---+----+------------+------------+
    |ap_block_state1  |        or|   0|  0|   2|           1|           1|
    +-----------------+----------+----+---+----+------------+------------+
    |Total            |          |   0|  0|   2|           1|           1|
    +-----------------+----------+----+---+----+------------+------------+

    * Multiplexer: 
    +-----------------------+-----+-----------+-----+-----------+
    |          Name         | LUT | Input Size| Bits| Total Bits|
    +-----------------------+-----+-----------+-----+-----------+
    |ap_NS_fsm              |  888|        168|    1|        168|
    |ap_done                |    9|          2|    1|          2|
    |buf_2d_in_1_address0   |   14|          3|    3|          9|
    |buf_2d_in_1_ce0        |   14|          3|    1|          3|
    |buf_2d_in_1_ce1        |    9|          2|    1|          2|
    |buf_2d_in_1_we0        |    9|          2|    1|          2|
    |buf_2d_in_2_address0   |   14|          3|    3|          9|
    |buf_2d_in_2_ce0        |   14|          3|    1|          3|
    |buf_2d_in_2_ce1        |    9|          2|    1|          2|
    |buf_2d_in_2_we0        |    9|          2|    1|          2|
    |buf_2d_in_3_address0   |   14|          3|    3|          9|
    |buf_2d_in_3_ce0        |   14|          3|    1|          3|
    |buf_2d_in_3_ce1        |    9|          2|    1|          2|
    |buf_2d_in_3_we0        |    9|          2|    1|          2|
    |buf_2d_in_4_address0   |   14|          3|    3|          9|
    |buf_2d_in_4_ce0        |   14|          3|    1|          3|
    |buf_2d_in_4_ce1        |    9|          2|    1|          2|
    |buf_2d_in_4_we0        |    9|          2|    1|          2|
    |buf_2d_in_5_address0   |   14|          3|    3|          9|
    |buf_2d_in_5_ce0        |   14|          3|    1|          3|
    |buf_2d_in_5_ce1        |    9|          2|    1|          2|
    |buf_2d_in_5_we0        |    9|          2|    1|          2|
    |buf_2d_in_6_address0   |   14|          3|    3|          9|
    |buf_2d_in_6_ce0        |   14|          3|    1|          3|
    |buf_2d_in_6_ce1        |    9|          2|    1|          2|
    |buf_2d_in_6_we0        |    9|          2|    1|          2|
    |buf_2d_in_7_address0   |   14|          3|    3|          9|
    |buf_2d_in_7_ce0        |   14|          3|    1|          3|
    |buf_2d_in_7_ce1        |    9|          2|    1|          2|
    |buf_2d_in_7_we0        |    9|          2|    1|          2|
    |buf_2d_in_address0     |   14|          3|    3|          9|
    |buf_2d_in_ce0          |   14|          3|    1|          3|
    |buf_2d_in_ce1          |    9|          2|    1|          2|
    |buf_2d_in_we0          |    9|          2|    1|          2|
    |buf_2d_out_1_address0  |   14|          3|    3|          9|
    |buf_2d_out_1_ce0       |   14|          3|    1|          3|
    |buf_2d_out_1_ce1       |    9|          2|    1|          2|
    |buf_2d_out_1_we0       |    9|          2|    1|          2|
    |buf_2d_out_1_we1       |    9|          2|    1|          2|
    |buf_2d_out_2_address0  |   14|          3|    3|          9|
    |buf_2d_out_2_ce0       |   14|          3|    1|          3|
    |buf_2d_out_2_ce1       |    9|          2|    1|          2|
    |buf_2d_out_2_we0       |    9|          2|    1|          2|
    |buf_2d_out_2_we1       |    9|          2|    1|          2|
    |buf_2d_out_3_address0  |   14|          3|    3|          9|
    |buf_2d_out_3_ce0       |   14|          3|    1|          3|
    |buf_2d_out_3_ce1       |    9|          2|    1|          2|
    |buf_2d_out_3_we0       |    9|          2|    1|          2|
    |buf_2d_out_3_we1       |    9|          2|    1|          2|
    |buf_2d_out_4_address0  |   14|          3|    3|          9|
    |buf_2d_out_4_ce0       |   14|          3|    1|          3|
    |buf_2d_out_4_ce1       |    9|          2|    1|          2|
    |buf_2d_out_4_we0       |    9|          2|    1|          2|
    |buf_2d_out_4_we1       |    9|          2|    1|          2|
    |buf_2d_out_5_address0  |   14|          3|    3|          9|
    |buf_2d_out_5_ce0       |   14|          3|    1|          3|
    |buf_2d_out_5_ce1       |    9|          2|    1|          2|
    |buf_2d_out_5_we0       |    9|          2|    1|          2|
    |buf_2d_out_5_we1       |    9|          2|    1|          2|
    |buf_2d_out_6_address0  |   14|          3|    3|          9|
    |buf_2d_out_6_ce0       |   14|          3|    1|          3|
    |buf_2d_out_6_ce1       |    9|          2|    1|          2|
    |buf_2d_out_6_we0       |    9|          2|    1|          2|
    |buf_2d_out_6_we1       |    9|          2|    1|          2|
    |buf_2d_out_7_address0  |   14|          3|    3|          9|
    |buf_2d_out_7_ce0       |   14|          3|    1|          3|
    |buf_2d_out_7_ce1       |    9|          2|    1|          2|
    |buf_2d_out_7_we0       |    9|          2|    1|          2|
    |buf_2d_out_7_we1       |    9|          2|    1|          2|
    |buf_2d_out_address0    |   14|          3|    3|          9|
    |buf_2d_out_ce0         |   14|          3|    1|          3|
    |buf_2d_out_ce1         |    9|          2|    1|          2|
    |buf_2d_out_we0         |    9|          2|    1|          2|
    |buf_2d_out_we1         |    9|          2|    1|          2|
    |gmem_ARADDR            |   14|          3|   64|        192|
    |gmem_ARLEN             |   14|          3|   32|         96|
    |gmem_ARVALID           |   14|          3|    1|          3|
    |gmem_AWADDR            |   14|          3|   64|        192|
    |gmem_AWLEN             |   14|          3|   32|         96|
    |gmem_AWVALID           |   14|          3|    1|          3|
    |gmem_BREADY            |   14|          3|    1|          3|
    |gmem_RREADY            |    9|          2|    1|          2|
    |gmem_WVALID            |    9|          2|    1|          2|
    |gmem_blk_n_AR          |    9|          2|    1|          2|
    |gmem_blk_n_AW          |    9|          2|    1|          2|
    |gmem_blk_n_B           |    9|          2|    1|          2|
    +-----------------------+-----+-----------+-----+-----------+
    |Total                  | 1848|        377|  306|       1037|
    +-----------------------+-----+-----------+-----+-----------+

    * Register: 
    +--------------------------------------------------+-----+----+-----+-----------+
    |                       Name                       |  FF | LUT| Bits| Const Bits|
    +--------------------------------------------------+-----+----+-----+-----------+
    |ap_CS_fsm                                         |  167|   0|  167|          0|
    |ap_done_reg                                       |    1|   0|    1|          0|
    |ap_rst_n_inv                                      |    1|   0|    1|          0|
    |ap_rst_reg_1                                      |    1|   0|    1|          0|
    |ap_rst_reg_2                                      |    1|   0|    1|          0|
    |grp_dct_2d_fu_174_ap_start_reg                    |    1|   0|    1|          0|
    |grp_dct_Pipeline_RD_Loop_Row_fu_159_ap_start_reg  |    1|   0|    1|          0|
    |grp_dct_Pipeline_WR_Loop_Row_fu_194_ap_start_reg  |    1|   0|    1|          0|
    |trunc_ln1_reg_255                                 |   58|   0|   58|          0|
    |trunc_ln_reg_249                                  |   58|   0|   58|          0|
    +--------------------------------------------------+-----+----+-----+-----------+
    |Total                                             |  290|   0|  290|          0|
    +--------------------------------------------------+-----+----+-----+-----------+



================================================================
== Interface
================================================================
* Summary: 
+-----------------------+-----+-----+---------------+--------------+--------------+
|       RTL Ports       | Dir | Bits|    Protocol   | Source Object|    C Type    |
+-----------------------+-----+-----+---------------+--------------+--------------+
|s_axi_control_AWVALID  |   in|    1|          s_axi|       control|        scalar|
|s_axi_control_AWREADY  |  out|    1|          s_axi|       control|        scalar|
|s_axi_control_AWADDR   |   in|    6|          s_axi|       control|        scalar|
|s_axi_control_WVALID   |   in|    1|          s_axi|       control|        scalar|
|s_axi_control_WREADY   |  out|    1|          s_axi|       control|        scalar|
|s_axi_control_WDATA    |   in|   32|          s_axi|       control|        scalar|
|s_axi_control_WSTRB    |   in|    4|          s_axi|       control|        scalar|
|s_axi_control_ARVALID  |   in|    1|          s_axi|       control|        scalar|
|s_axi_control_ARREADY  |  out|    1|          s_axi|       control|        scalar|
|s_axi_control_ARADDR   |   in|    6|          s_axi|       control|        scalar|
|s_axi_control_RVALID   |  out|    1|          s_axi|       control|        scalar|
|s_axi_control_RREADY   |   in|    1|          s_axi|       control|        scalar|
|s_axi_control_RDATA    |  out|   32|          s_axi|       control|        scalar|
|s_axi_control_RRESP    |  out|    2|          s_axi|       control|        scalar|
|s_axi_control_BVALID   |  out|    1|          s_axi|       control|        scalar|
|s_axi_control_BREADY   |   in|    1|          s_axi|       control|        scalar|
|s_axi_control_BRESP    |  out|    2|          s_axi|       control|        scalar|
|ap_clk                 |   in|    1|  ap_ctrl_chain|           dct|  return value|
|ap_rst_n               |   in|    1|  ap_ctrl_chain|           dct|  return value|
|interrupt              |  out|    1|  ap_ctrl_chain|           dct|  return value|
|m_axi_gmem_AWVALID     |  out|    1|          m_axi|          gmem|       pointer|
|m_axi_gmem_AWREADY     |   in|    1|          m_axi|          gmem|       pointer|
|m_axi_gmem_AWADDR      |  out|   64|          m_axi|          gmem|       pointer|
|m_axi_gmem_AWID        |  out|    1|          m_axi|          gmem|       pointer|
|m_axi_gmem_AWLEN       |  out|    8|          m_axi|          gmem|       pointer|
|m_axi_gmem_AWSIZE      |  out|    3|          m_axi|          gmem|       pointer|
|m_axi_gmem_AWBURST     |  out|    2|          m_axi|          gmem|       pointer|
|m_axi_gmem_AWLOCK      |  out|    2|          m_axi|          gmem|       pointer|
|m_axi_gmem_AWCACHE     |  out|    4|          m_axi|          gmem|       pointer|
|m_axi_gmem_AWPROT      |  out|    3|          m_axi|          gmem|       pointer|
|m_axi_gmem_AWQOS       |  out|    4|          m_axi|          gmem|       pointer|
|m_axi_gmem_AWREGION    |  out|    4|          m_axi|          gmem|       pointer|
|m_axi_gmem_AWUSER      |  out|    1|          m_axi|          gmem|       pointer|
|m_axi_gmem_WVALID      |  out|    1|          m_axi|          gmem|       pointer|
|m_axi_gmem_WREADY      |   in|    1|          m_axi|          gmem|       pointer|
|m_axi_gmem_WDATA       |  out|  512|          m_axi|          gmem|       pointer|
|m_axi_gmem_WSTRB       |  out|   64|          m_axi|          gmem|       pointer|
|m_axi_gmem_WLAST       |  out|    1|          m_axi|          gmem|       pointer|
|m_axi_gmem_WID         |  out|    1|          m_axi|          gmem|       pointer|
|m_axi_gmem_WUSER       |  out|    1|          m_axi|          gmem|       pointer|
|m_axi_gmem_ARVALID     |  out|    1|          m_axi|          gmem|       pointer|
|m_axi_gmem_ARREADY     |   in|    1|          m_axi|          gmem|       pointer|
|m_axi_gmem_ARADDR      |  out|   64|          m_axi|          gmem|       pointer|
|m_axi_gmem_ARID        |  out|    1|          m_axi|          gmem|       pointer|
|m_axi_gmem_ARLEN       |  out|    8|          m_axi|          gmem|       pointer|
|m_axi_gmem_ARSIZE      |  out|    3|          m_axi|          gmem|       pointer|
|m_axi_gmem_ARBURST     |  out|    2|          m_axi|          gmem|       pointer|
|m_axi_gmem_ARLOCK      |  out|    2|          m_axi|          gmem|       pointer|
|m_axi_gmem_ARCACHE     |  out|    4|          m_axi|          gmem|       pointer|
|m_axi_gmem_ARPROT      |  out|    3|          m_axi|          gmem|       pointer|
|m_axi_gmem_ARQOS       |  out|    4|          m_axi|          gmem|       pointer|
|m_axi_gmem_ARREGION    |  out|    4|          m_axi|          gmem|       pointer|
|m_axi_gmem_ARUSER      |  out|    1|          m_axi|          gmem|       pointer|
|m_axi_gmem_RVALID      |   in|    1|          m_axi|          gmem|       pointer|
|m_axi_gmem_RREADY      |  out|    1|          m_axi|          gmem|       pointer|
|m_axi_gmem_RDATA       |   in|  512|          m_axi|          gmem|       pointer|
|m_axi_gmem_RLAST       |   in|    1|          m_axi|          gmem|       pointer|
|m_axi_gmem_RID         |   in|    1|          m_axi|          gmem|       pointer|
|m_axi_gmem_RUSER       |   in|    1|          m_axi|          gmem|       pointer|
|m_axi_gmem_RRESP       |   in|    2|          m_axi|          gmem|       pointer|
|m_axi_gmem_BVALID      |   in|    1|          m_axi|          gmem|       pointer|
|m_axi_gmem_BREADY      |  out|    1|          m_axi|          gmem|       pointer|
|m_axi_gmem_BRESP       |   in|    2|          m_axi|          gmem|       pointer|
|m_axi_gmem_BID         |   in|    1|          m_axi|          gmem|       pointer|
|m_axi_gmem_BUSER       |   in|    1|          m_axi|          gmem|       pointer|
+-----------------------+-----+-----+---------------+--------------+--------------+

