

================================================================
== Vitis HLS Report for 'dct_Pipeline_WR_Loop_Row'
================================================================
* Date:           Thu Jan 29 20:29:38 2026

* Version:        2024.1 (Build 5069499 on May 21 2024)
* Project:        dct
* Solution:       hls (Vitis Kernel Flow Target)
* Product family: zynquplus
* Target device:  xczu3eg-sfvc784-2-e


================================================================
== Performance Estimates
================================================================
+ Timing: 
    * Summary: 
    +--------+---------+----------+------------+
    |  Clock |  Target | Estimated| Uncertainty|
    +--------+---------+----------+------------+
    |ap_clk  |  8.00 ns|  7.040 ns|     0.96 ns|
    +--------+---------+----------+------------+

+ Latency: 
    * Summary: 
    +---------+---------+-----------+-----------+-----+-----+-----------------------------------------------+
    |  Latency (cycles) |   Latency (absolute)  |  Interval |                    Pipeline                   |
    |   min   |   max   |    min    |    max    | min | max |                      Type                     |
    +---------+---------+-----------+-----------+-----+-----+-----------------------------------------------+
    |       11|       11|  88.000 ns|  88.000 ns|    9|    9|  loop auto-rewind stp(delay=0 clock cycles(s))|
    +---------+---------+-----------+-----------+-----+-----+-----------------------------------------------+

    + Detail: 
        * Instance: 
        N/A

        * Loop: 
        +---------------+---------+---------+----------+-----------+-----------+------+----------+
        |               |  Latency (cycles) | Iteration|  Initiation Interval  | Trip |          |
        |   Loop Name   |   min   |   max   |  Latency |  achieved |   target  | Count| Pipelined|
        +---------------+---------+---------+----------+-----------+-----------+------+----------+
        |- WR_Loop_Row  |        9|        9|         3|          1|          1|     8|       yes|
        +---------------+---------+---------+----------+-----------+-----------+------+----------+



================================================================
== Utilization Estimates
================================================================
* Summary: 
+-----------------+---------+-----+--------+-------+-----+
|       Name      | BRAM_18K| DSP |   FF   |  LUT  | URAM|
+-----------------+---------+-----+--------+-------+-----+
|DSP              |        -|    -|       -|      -|    -|
|Expression       |        -|    -|       0|    373|    -|
|FIFO             |        -|    -|       -|      -|    -|
|Instance         |        -|    -|       -|      -|    -|
|Memory           |        -|    -|       -|      -|    -|
|Multiplexer      |        -|    -|       0|     54|    -|
|Register         |        -|    -|     523|      -|    -|
+-----------------+---------+-----+--------+-------+-----+
|Total            |        0|    0|     523|    427|    0|
+-----------------+---------+-----+--------+-------+-----+
|Available        |      432|  360|  141120|  70560|    0|
+-----------------+---------+-----+--------+-------+-----+
|Utilization (%)  |        0|    0|      ~0|     ~0|    0|
+-----------------+---------+-----+--------+-------+-----+

+ Detail: 
    * Instance: 
    N/A

    * DSP: 
    N/A

    * Memory: 
    N/A

    * FIFO: 
    N/A

    * Expression: 
    +---------------------------+----------+----+---+-----+------------+------------+
    |       Variable Name       | Operation| DSP| FF| LUT | Bitwidth P0| Bitwidth P1|
    +---------------------------+----------+----+---+-----+------------+------------+
    |add_ln77_fu_229_p2         |         +|   0|  0|   12|           4|           1|
    |ap_block_pp0_stage0_11001  |       and|   0|  0|    2|           1|           1|
    |ap_block_state3_io         |       and|   0|  0|    2|           1|           1|
    |icmp_ln77_1_fu_251_p2      |      icmp|   0|  0|    9|           2|           2|
    |icmp_ln77_fu_223_p2        |      icmp|   0|  0|   12|           4|           5|
    |select_ln77_fu_313_p3      |    select|   0|  0|  334|           1|           1|
    |ap_enable_pp0              |       xor|   0|  0|    2|           1|           2|
    +---------------------------+----------+----+---+-----+------------+------------+
    |Total                      |          |   0|  0|  373|          14|          13|
    +---------------------------+----------+----+---+-----+------------+------------+

    * Multiplexer: 
    +-------------------------+----+-----------+-----+-----------+
    |           Name          | LUT| Input Size| Bits| Total Bits|
    +-------------------------+----+-----------+-----+-----------+
    |ap_done_int              |   9|          2|    1|          2|
    |ap_enable_reg_pp0_iter1  |   9|          2|    1|          2|
    |ap_sig_allocacmp_r_1     |   9|          2|    4|          8|
    |gmem_blk_n_W             |   9|          2|    1|          2|
    |phi_ln77_fu_80           |   9|          2|  384|        768|
    |r_fu_84                  |   9|          2|    4|          8|
    +-------------------------+----+-----------+-----+-----------+
    |Total                    |  54|         12|  395|        790|
    +-------------------------+----+-----------+-----+-----------+

    * Register: 
    +-----------------------------------+-----+----+-----+-----------+
    |                Name               |  FF | LUT| Bits| Const Bits|
    +-----------------------------------+-----+----+-----+-----------+
    |ap_CS_fsm                          |    1|   0|    1|          0|
    |ap_done_reg                        |    1|   0|    1|          0|
    |ap_enable_reg_pp0_iter1            |    1|   0|    1|          0|
    |ap_enable_reg_pp0_iter2            |    1|   0|    1|          0|
    |ap_loop_exit_ready_pp0_iter1_reg   |    1|   0|    1|          0|
    |buf_2d_out_1_load_reg_400          |   16|   0|   16|          0|
    |buf_2d_out_2_load_reg_406          |   16|   0|   16|          0|
    |buf_2d_out_3_load_reg_412          |   16|   0|   16|          0|
    |buf_2d_out_4_load_reg_418          |   16|   0|   16|          0|
    |buf_2d_out_5_load_reg_424          |   16|   0|   16|          0|
    |buf_2d_out_6_load_reg_430          |   16|   0|   16|          0|
    |buf_2d_out_7_load_reg_436          |   16|   0|   16|          0|
    |buf_2d_out_load_reg_394            |   16|   0|   16|          0|
    |icmp_ln77_1_reg_389                |    1|   0|    1|          0|
    |icmp_ln77_1_reg_389_pp0_iter1_reg  |    1|   0|    1|          0|
    |phi_ln77_fu_80                     |  384|   0|  384|          0|
    |r_fu_84                            |    4|   0|    4|          0|
    +-----------------------------------+-----+----+-----+-----------+
    |Total                              |  523|   0|  523|          0|
    +-----------------------------------+-----+----+-----+-----------+



================================================================
== Interface
================================================================
* Summary: 
+-----------------------+-----+-----+------------+--------------------------+--------------+
|       RTL Ports       | Dir | Bits|  Protocol  |       Source Object      |    C Type    |
+-----------------------+-----+-----+------------+--------------------------+--------------+
|ap_clk                 |   in|    1|  ap_ctrl_hs|  dct_Pipeline_WR_Loop_Row|  return value|
|ap_rst                 |   in|    1|  ap_ctrl_hs|  dct_Pipeline_WR_Loop_Row|  return value|
|ap_start               |   in|    1|  ap_ctrl_hs|  dct_Pipeline_WR_Loop_Row|  return value|
|ap_done                |  out|    1|  ap_ctrl_hs|  dct_Pipeline_WR_Loop_Row|  return value|
|ap_idle                |  out|    1|  ap_ctrl_hs|  dct_Pipeline_WR_Loop_Row|  return value|
|ap_ready               |  out|    1|  ap_ctrl_hs|  dct_Pipeline_WR_Loop_Row|  return value|
|m_axi_gmem_AWVALID     |  out|    1|       m_axi|                      gmem|       pointer|
|m_axi_gmem_AWREADY     |   in|    1|       m_axi|                      gmem|       pointer|
|m_axi_gmem_AWADDR      |  out|   64|       m_axi|                      gmem|       pointer|
|m_axi_gmem_AWID        |  out|    1|       m_axi|                      gmem|       pointer|
|m_axi_gmem_AWLEN       |  out|   32|       m_axi|                      gmem|       pointer|
|m_axi_gmem_AWSIZE      |  out|    3|       m_axi|                      gmem|       pointer|
|m_axi_gmem_AWBURST     |  out|    2|       m_axi|                      gmem|       pointer|
|m_axi_gmem_AWLOCK      |  out|    2|       m_axi|                      gmem|       pointer|
|m_axi_gmem_AWCACHE     |  out|    4|       m_axi|                      gmem|       pointer|
|m_axi_gmem_AWPROT      |  out|    3|       m_axi|                      gmem|       pointer|
|m_axi_gmem_AWQOS       |  out|    4|       m_axi|                      gmem|       pointer|
|m_axi_gmem_AWREGION    |  out|    4|       m_axi|                      gmem|       pointer|
|m_axi_gmem_AWUSER      |  out|    1|       m_axi|                      gmem|       pointer|
|m_axi_gmem_WVALID      |  out|    1|       m_axi|                      gmem|       pointer|
|m_axi_gmem_WREADY      |   in|    1|       m_axi|                      gmem|       pointer|
|m_axi_gmem_WDATA       |  out|  512|       m_axi|                      gmem|       pointer|
|m_axi_gmem_WSTRB       |  out|   64|       m_axi|                      gmem|       pointer|
|m_axi_gmem_WLAST       |  out|    1|       m_axi|                      gmem|       pointer|
|m_axi_gmem_WID         |  out|    1|       m_axi|                      gmem|       pointer|
|m_axi_gmem_WUSER       |  out|    1|       m_axi|                      gmem|       pointer|
|m_axi_gmem_ARVALID     |  out|    1|       m_axi|                      gmem|       pointer|
|m_axi_gmem_ARREADY     |   in|    1|       m_axi|                      gmem|       pointer|
|m_axi_gmem_ARADDR      |  out|   64|       m_axi|                      gmem|       pointer|
|m_axi_gmem_ARID        |  out|    1|       m_axi|                      gmem|       pointer|
|m_axi_gmem_ARLEN       |  out|   32|       m_axi|                      gmem|       pointer|
|m_axi_gmem_ARSIZE      |  out|    3|       m_axi|                      gmem|       pointer|
|m_axi_gmem_ARBURST     |  out|    2|       m_axi|                      gmem|       pointer|
|m_axi_gmem_ARLOCK      |  out|    2|       m_axi|                      gmem|       pointer|
|m_axi_gmem_ARCACHE     |  out|    4|       m_axi|                      gmem|       pointer|
|m_axi_gmem_ARPROT      |  out|    3|       m_axi|                      gmem|       pointer|
|m_axi_gmem_ARQOS       |  out|    4|       m_axi|                      gmem|       pointer|
|m_axi_gmem_ARREGION    |  out|    4|       m_axi|                      gmem|       pointer|
|m_axi_gmem_ARUSER      |  out|    1|       m_axi|                      gmem|       pointer|
|m_axi_gmem_RVALID      |   in|    1|       m_axi|                      gmem|       pointer|
|m_axi_gmem_RREADY      |  out|    1|       m_axi|                      gmem|       pointer|
|m_axi_gmem_RDATA       |   in|  512|       m_axi|                      gmem|       pointer|
|m_axi_gmem_RLAST       |   in|    1|       m_axi|                      gmem|       pointer|
|m_axi_gmem_RID         |   in|    1|       m_axi|                      gmem|       pointer|
|m_axi_gmem_RFIFONUM    |   in|    9|       m_axi|                      gmem|       pointer|
|m_axi_gmem_RUSER       |   in|    1|       m_axi|                      gmem|       pointer|
|m_axi_gmem_RRESP       |   in|    2|       m_axi|                      gmem|       pointer|
|m_axi_gmem_BVALID      |   in|    1|       m_axi|                      gmem|       pointer|
|m_axi_gmem_BREADY      |  out|    1|       m_axi|                      gmem|       pointer|
|m_axi_gmem_BRESP       |   in|    2|       m_axi|                      gmem|       pointer|
|m_axi_gmem_BID         |   in|    1|       m_axi|                      gmem|       pointer|
|m_axi_gmem_BUSER       |   in|    1|       m_axi|                      gmem|       pointer|
|sext_ln77              |   in|   58|     ap_none|                 sext_ln77|        scalar|
|buf_2d_out_address0    |  out|    3|   ap_memory|                buf_2d_out|         array|
|buf_2d_out_ce0         |  out|    1|   ap_memory|                buf_2d_out|         array|
|buf_2d_out_q0          |   in|   16|   ap_memory|                buf_2d_out|         array|
|buf_2d_out_1_address0  |  out|    3|   ap_memory|              buf_2d_out_1|         array|
|buf_2d_out_1_ce0       |  out|    1|   ap_memory|              buf_2d_out_1|         array|
|buf_2d_out_1_q0        |   in|   16|   ap_memory|              buf_2d_out_1|         array|
|buf_2d_out_2_address0  |  out|    3|   ap_memory|              buf_2d_out_2|         array|
|buf_2d_out_2_ce0       |  out|    1|   ap_memory|              buf_2d_out_2|         array|
|buf_2d_out_2_q0        |   in|   16|   ap_memory|              buf_2d_out_2|         array|
|buf_2d_out_3_address0  |  out|    3|   ap_memory|              buf_2d_out_3|         array|
|buf_2d_out_3_ce0       |  out|    1|   ap_memory|              buf_2d_out_3|         array|
|buf_2d_out_3_q0        |   in|   16|   ap_memory|              buf_2d_out_3|         array|
|buf_2d_out_4_address0  |  out|    3|   ap_memory|              buf_2d_out_4|         array|
|buf_2d_out_4_ce0       |  out|    1|   ap_memory|              buf_2d_out_4|         array|
|buf_2d_out_4_q0        |   in|   16|   ap_memory|              buf_2d_out_4|         array|
|buf_2d_out_5_address0  |  out|    3|   ap_memory|              buf_2d_out_5|         array|
|buf_2d_out_5_ce0       |  out|    1|   ap_memory|              buf_2d_out_5|         array|
|buf_2d_out_5_q0        |   in|   16|   ap_memory|              buf_2d_out_5|         array|
|buf_2d_out_6_address0  |  out|    3|   ap_memory|              buf_2d_out_6|         array|
|buf_2d_out_6_ce0       |  out|    1|   ap_memory|              buf_2d_out_6|         array|
|buf_2d_out_6_q0        |   in|   16|   ap_memory|              buf_2d_out_6|         array|
|buf_2d_out_7_address0  |  out|    3|   ap_memory|              buf_2d_out_7|         array|
|buf_2d_out_7_ce0       |  out|    1|   ap_memory|              buf_2d_out_7|         array|
|buf_2d_out_7_q0        |   in|   16|   ap_memory|              buf_2d_out_7|         array|
+-----------------------+-----+-----+------------+--------------------------+--------------+

