

================================================================
== Vitis HLS Report for 'dct_Pipeline_WR_Loop_Row'
================================================================
* Date:           Thu Jan 29 20:29:34 2026

* Version:        2024.1 (Build 5069499 on May 21 2024)
* Project:        dct
* Solution:       hls (Vitis Kernel Flow Target)
* Product family: zynquplus
* Target device:  xczu3eg-sfvc784-2-e


================================================================
== Performance Estimates
================================================================
+ Timing: 
    * Summary: 
    +--------+---------+----------+------------+
    |  Clock |  Target | Estimated| Uncertainty|
    +--------+---------+----------+------------+
    |ap_clk  |  8.00 ns|  7.040 ns|     0.96 ns|
    +--------+---------+----------+------------+

+ Latency: 
    * Summary: 
    +---------+---------+-----------+-----------+-----+-----+-----------------------------------------------+
    |  Latency (cycles) |   Latency (absolute)  |  Interval |                    Pipeline                   |
    |   min   |   max   |    min    |    max    | min | max |                      Type                     |
    +---------+---------+-----------+-----------+-----+-----+-----------------------------------------------+
    |       11|       11|  88.000 ns|  88.000 ns|    9|    9|  loop auto-rewind stp(delay=0 clock cycles(s))|
    +---------+---------+-----------+-----------+-----+-----+-----------------------------------------------+

    + Detail: 
        * Instance: 
        N/A

        * Loop: 
        +---------------+---------+---------+----------+-----------+-----------+------+----------+
        |               |  Latency (cycles) | Iteration|  Initiation Interval  | Trip |          |
        |   Loop Name   |   min   |   max   |  Latency |  achieved |   target  | Count| Pipelined|
        +---------------+---------+---------+----------+-----------+-----------+------+----------+
        |- WR_Loop_Row  |        9|        9|         3|          1|          1|     8|       yes|
        +---------------+---------+---------+----------+-----------+-----------+------+----------+

============================================================
+ Verbose Summary: Synthesis Manager
============================================================
InlineROM: 1
ExposeGlobal: 0
============================================================
+ Verbose Summary: CDFG Model
============================================================
IsTopModel: 0
ResetActiveHigh: 1
IsCombinational: 0
IsDatapathOnly: 0
HasWiredReturn: 1
HasMFsm: 2
HasVarLatency: 1
IsPipeline: 0
IsRtlPipelined: 0
IsInstanceOverlapped: 0
IsDontTouch: 0
HasImplIP: 0
IsGatedGlobalClock: 0

+ Individual pipeline summary: 
  * Pipeline-0: initiation interval (II) = 1, depth = 3


============================================================
+ Verbose Summary: Schedule
============================================================
* Number of FSM states : 3
* Pipeline : 1
  Pipeline-0 : II = 1, D = 3, States = { 1 2 3 }
* Dataflow Pipeline: 0

* FSM state transitions: 
1 --> 2 
2 --> 3 
3 --> 

* FSM state operations: 

State 1 <SV = 0> <Delay = 1.65>
ST_1 : Operation 6 [1/1] (0.00ns)   --->   "%phi_ln77 = alloca i32 1"   --->   Operation 6 'alloca' 'phi_ln77' <Predicate = true> <Delay = 0.00>
ST_1 : Operation 7 [1/1] (0.00ns)   --->   "%r = alloca i32 1" [../dct_ref/dct.cpp:74->../dct_ref/dct.cpp:97]   --->   Operation 7 'alloca' 'r' <Predicate = true> <Delay = 0.00>
ST_1 : Operation 8 [1/1] (0.00ns)   --->   "%sext_ln77_read = read i58 @_ssdm_op_Read.ap_auto.i58, i58 %sext_ln77"   --->   Operation 8 'read' 'sext_ln77_read' <Predicate = true> <Delay = 0.00>
ST_1 : Operation 9 [1/1] (0.00ns)   --->   "%sext_ln77_cast = sext i58 %sext_ln77_read"   --->   Operation 9 'sext' 'sext_ln77_cast' <Predicate = true> <Delay = 0.00>
ST_1 : Operation 10 [1/1] (0.00ns)   --->   "%specinterface_ln0 = specinterface void @_ssdm_op_SpecInterface, i512 %gmem, void @empty, i32 0, i32 0, void @empty_0, i32 64, i32 0, void @empty_1, void @empty_2, void @empty_0, i32 16, i32 16, i32 16, i32 16, void @empty_0, void @empty_0, i32 4294967295, i32 0, i32 0"   --->   Operation 10 'specinterface' 'specinterface_ln0' <Predicate = true> <Delay = 0.00>
ST_1 : Operation 11 [1/1] (0.42ns)   --->   "%store_ln74 = store i4 0, i4 %r" [../dct_ref/dct.cpp:74->../dct_ref/dct.cpp:97]   --->   Operation 11 'store' 'store_ln74' <Predicate = true> <Delay = 0.42>
ST_1 : Operation 12 [1/1] (0.42ns)   --->   "%store_ln0 = store i384 0, i384 %phi_ln77"   --->   Operation 12 'store' 'store_ln0' <Predicate = true> <Delay = 0.42>
ST_1 : Operation 13 [1/1] (0.00ns)   --->   "%br_ln0 = br void %WR_Loop_Col.i"   --->   Operation 13 'br' 'br_ln0' <Predicate = true> <Delay = 0.00>
ST_1 : Operation 14 [1/1] (0.00ns)   --->   "%r_1 = load i4 %r" [../dct_ref/dct.cpp:77->../dct_ref/dct.cpp:97]   --->   Operation 14 'load' 'r_1' <Predicate = true> <Delay = 0.00>
ST_1 : Operation 15 [1/1] (0.00ns)   --->   "%specbitsmap_ln0 = specbitsmap void @_ssdm_op_SpecBitsMap, i512 %gmem"   --->   Operation 15 'specbitsmap' 'specbitsmap_ln0' <Predicate = true> <Delay = 0.00>
ST_1 : Operation 16 [1/1] (0.79ns)   --->   "%icmp_ln77 = icmp_eq  i4 %r_1, i4 8" [../dct_ref/dct.cpp:77->../dct_ref/dct.cpp:97]   --->   Operation 16 'icmp' 'icmp_ln77' <Predicate = true> <Delay = 0.79> <CoreInst = "Cmp">   --->   Core 9 'Cmp' <Latency = 0> <II = 1> <Delay = 0.79> <FuncUnit> <Opcode : 'seteq' 'setne' 'setle' 'setge' 'setlt' 'setgt'> <InPorts = 2> <OutPorts = 1>
ST_1 : Operation 17 [1/1] (0.79ns)   --->   "%add_ln77 = add i4 %r_1, i4 1" [../dct_ref/dct.cpp:77->../dct_ref/dct.cpp:97]   --->   Operation 17 'add' 'add_ln77' <Predicate = true> <Delay = 0.79> <CoreInst = "Adder">   --->   Core 1 'Adder' <Latency = 0> <II = 1> <Delay = 0.79> <FuncUnit> <Opcode : 'add' 'sub'> <InPorts = 2> <OutPorts = 1>
ST_1 : Operation 18 [1/1] (0.00ns)   --->   "%br_ln77 = br i1 %icmp_ln77, void %WR_Loop_Col.i.split, void %_Z10write_dataPA8_sPs.exit.exitStub" [../dct_ref/dct.cpp:77->../dct_ref/dct.cpp:97]   --->   Operation 18 'br' 'br_ln77' <Predicate = true> <Delay = 0.00>
ST_1 : Operation 19 [1/1] (0.00ns)   --->   "%zext_ln77 = zext i4 %r_1" [../dct_ref/dct.cpp:77->../dct_ref/dct.cpp:97]   --->   Operation 19 'zext' 'zext_ln77' <Predicate = (!icmp_ln77)> <Delay = 0.00>
ST_1 : Operation 20 [1/1] (0.00ns)   --->   "%trunc_ln77 = trunc i4 %r_1" [../dct_ref/dct.cpp:77->../dct_ref/dct.cpp:97]   --->   Operation 20 'trunc' 'trunc_ln77' <Predicate = (!icmp_ln77)> <Delay = 0.00>
ST_1 : Operation 21 [1/1] (0.00ns)   --->   "%buf_2d_out_addr = getelementptr i16 %buf_2d_out, i64 0, i64 %zext_ln77" [../dct_ref/dct.cpp:80->../dct_ref/dct.cpp:97]   --->   Operation 21 'getelementptr' 'buf_2d_out_addr' <Predicate = (!icmp_ln77)> <Delay = 0.00>
ST_1 : Operation 22 [2/2] (0.67ns)   --->   "%buf_2d_out_load = load i3 %buf_2d_out_addr" [../dct_ref/dct.cpp:80->../dct_ref/dct.cpp:97]   --->   Operation 22 'load' 'buf_2d_out_load' <Predicate = (!icmp_ln77)> <Delay = 0.67> <CoreInst = "RAM">   --->   Core 82 'RAM' <Latency = 1> <II = 1> <Delay = 0.67> <Storage> <Opcode : 'load' 'store'> <Ports = 2> <Width = 16> <Depth = 8> <RAM>
ST_1 : Operation 23 [1/1] (0.00ns)   --->   "%buf_2d_out_1_addr = getelementptr i16 %buf_2d_out_1, i64 0, i64 %zext_ln77" [../dct_ref/dct.cpp:80->../dct_ref/dct.cpp:97]   --->   Operation 23 'getelementptr' 'buf_2d_out_1_addr' <Predicate = (!icmp_ln77)> <Delay = 0.00>
ST_1 : Operation 24 [2/2] (0.67ns)   --->   "%buf_2d_out_1_load = load i3 %buf_2d_out_1_addr" [../dct_ref/dct.cpp:80->../dct_ref/dct.cpp:97]   --->   Operation 24 'load' 'buf_2d_out_1_load' <Predicate = (!icmp_ln77)> <Delay = 0.67> <CoreInst = "RAM">   --->   Core 82 'RAM' <Latency = 1> <II = 1> <Delay = 0.67> <Storage> <Opcode : 'load' 'store'> <Ports = 2> <Width = 16> <Depth = 8> <RAM>
ST_1 : Operation 25 [1/1] (0.00ns)   --->   "%buf_2d_out_2_addr = getelementptr i16 %buf_2d_out_2, i64 0, i64 %zext_ln77" [../dct_ref/dct.cpp:80->../dct_ref/dct.cpp:97]   --->   Operation 25 'getelementptr' 'buf_2d_out_2_addr' <Predicate = (!icmp_ln77)> <Delay = 0.00>
ST_1 : Operation 26 [2/2] (0.67ns)   --->   "%buf_2d_out_2_load = load i3 %buf_2d_out_2_addr" [../dct_ref/dct.cpp:80->../dct_ref/dct.cpp:97]   --->   Operation 26 'load' 'buf_2d_out_2_load' <Predicate = (!icmp_ln77)> <Delay = 0.67> <CoreInst = "RAM">   --->   Core 82 'RAM' <Latency = 1> <II = 1> <Delay = 0.67> <Storage> <Opcode : 'load' 'store'> <Ports = 2> <Width = 16> <Depth = 8> <RAM>
ST_1 : Operation 27 [1/1] (0.00ns)   --->   "%buf_2d_out_3_addr = getelementptr i16 %buf_2d_out_3, i64 0, i64 %zext_ln77" [../dct_ref/dct.cpp:80->../dct_ref/dct.cpp:97]   --->   Operation 27 'getelementptr' 'buf_2d_out_3_addr' <Predicate = (!icmp_ln77)> <Delay = 0.00>
ST_1 : Operation 28 [2/2] (0.67ns)   --->   "%buf_2d_out_3_load = load i3 %buf_2d_out_3_addr" [../dct_ref/dct.cpp:80->../dct_ref/dct.cpp:97]   --->   Operation 28 'load' 'buf_2d_out_3_load' <Predicate = (!icmp_ln77)> <Delay = 0.67> <CoreInst = "RAM">   --->   Core 82 'RAM' <Latency = 1> <II = 1> <Delay = 0.67> <Storage> <Opcode : 'load' 'store'> <Ports = 2> <Width = 16> <Depth = 8> <RAM>
ST_1 : Operation 29 [1/1] (0.00ns)   --->   "%buf_2d_out_4_addr = getelementptr i16 %buf_2d_out_4, i64 0, i64 %zext_ln77" [../dct_ref/dct.cpp:80->../dct_ref/dct.cpp:97]   --->   Operation 29 'getelementptr' 'buf_2d_out_4_addr' <Predicate = (!icmp_ln77)> <Delay = 0.00>
ST_1 : Operation 30 [2/2] (0.67ns)   --->   "%buf_2d_out_4_load = load i3 %buf_2d_out_4_addr" [../dct_ref/dct.cpp:80->../dct_ref/dct.cpp:97]   --->   Operation 30 'load' 'buf_2d_out_4_load' <Predicate = (!icmp_ln77)> <Delay = 0.67> <CoreInst = "RAM">   --->   Core 82 'RAM' <Latency = 1> <II = 1> <Delay = 0.67> <Storage> <Opcode : 'load' 'store'> <Ports = 2> <Width = 16> <Depth = 8> <RAM>
ST_1 : Operation 31 [1/1] (0.00ns)   --->   "%buf_2d_out_5_addr = getelementptr i16 %buf_2d_out_5, i64 0, i64 %zext_ln77" [../dct_ref/dct.cpp:80->../dct_ref/dct.cpp:97]   --->   Operation 31 'getelementptr' 'buf_2d_out_5_addr' <Predicate = (!icmp_ln77)> <Delay = 0.00>
ST_1 : Operation 32 [2/2] (0.67ns)   --->   "%buf_2d_out_5_load = load i3 %buf_2d_out_5_addr" [../dct_ref/dct.cpp:80->../dct_ref/dct.cpp:97]   --->   Operation 32 'load' 'buf_2d_out_5_load' <Predicate = (!icmp_ln77)> <Delay = 0.67> <CoreInst = "RAM">   --->   Core 82 'RAM' <Latency = 1> <II = 1> <Delay = 0.67> <Storage> <Opcode : 'load' 'store'> <Ports = 2> <Width = 16> <Depth = 8> <RAM>
ST_1 : Operation 33 [1/1] (0.00ns)   --->   "%buf_2d_out_6_addr = getelementptr i16 %buf_2d_out_6, i64 0, i64 %zext_ln77" [../dct_ref/dct.cpp:80->../dct_ref/dct.cpp:97]   --->   Operation 33 'getelementptr' 'buf_2d_out_6_addr' <Predicate = (!icmp_ln77)> <Delay = 0.00>
ST_1 : Operation 34 [2/2] (0.67ns)   --->   "%buf_2d_out_6_load = load i3 %buf_2d_out_6_addr" [../dct_ref/dct.cpp:80->../dct_ref/dct.cpp:97]   --->   Operation 34 'load' 'buf_2d_out_6_load' <Predicate = (!icmp_ln77)> <Delay = 0.67> <CoreInst = "RAM">   --->   Core 82 'RAM' <Latency = 1> <II = 1> <Delay = 0.67> <Storage> <Opcode : 'load' 'store'> <Ports = 2> <Width = 16> <Depth = 8> <RAM>
ST_1 : Operation 35 [1/1] (0.00ns)   --->   "%buf_2d_out_7_addr = getelementptr i16 %buf_2d_out_7, i64 0, i64 %zext_ln77" [../dct_ref/dct.cpp:80->../dct_ref/dct.cpp:97]   --->   Operation 35 'getelementptr' 'buf_2d_out_7_addr' <Predicate = (!icmp_ln77)> <Delay = 0.00>
ST_1 : Operation 36 [2/2] (0.67ns)   --->   "%buf_2d_out_7_load = load i3 %buf_2d_out_7_addr" [../dct_ref/dct.cpp:80->../dct_ref/dct.cpp:97]   --->   Operation 36 'load' 'buf_2d_out_7_load' <Predicate = (!icmp_ln77)> <Delay = 0.67> <CoreInst = "RAM">   --->   Core 82 'RAM' <Latency = 1> <II = 1> <Delay = 0.67> <Storage> <Opcode : 'load' 'store'> <Ports = 2> <Width = 16> <Depth = 8> <RAM>
ST_1 : Operation 37 [1/1] (0.54ns)   --->   "%icmp_ln77_1 = icmp_eq  i2 %trunc_ln77, i2 3" [../dct_ref/dct.cpp:77->../dct_ref/dct.cpp:97]   --->   Operation 37 'icmp' 'icmp_ln77_1' <Predicate = (!icmp_ln77)> <Delay = 0.54> <CoreInst = "Cmp">   --->   Core 9 'Cmp' <Latency = 0> <II = 1> <Delay = 0.54> <FuncUnit> <Opcode : 'seteq' 'setne' 'setle' 'setge' 'setlt' 'setgt'> <InPorts = 2> <OutPorts = 1>
ST_1 : Operation 38 [1/1] (0.00ns)   --->   "%br_ln77 = br i1 %icmp_ln77_1, void %WR_Loop_Col.i.split._crit_edge, void" [../dct_ref/dct.cpp:77->../dct_ref/dct.cpp:97]   --->   Operation 38 'br' 'br_ln77' <Predicate = (!icmp_ln77)> <Delay = 0.00>
ST_1 : Operation 39 [1/1] (0.42ns)   --->   "%store_ln74 = store i4 %add_ln77, i4 %r" [../dct_ref/dct.cpp:74->../dct_ref/dct.cpp:97]   --->   Operation 39 'store' 'store_ln74' <Predicate = (!icmp_ln77)> <Delay = 0.42>

State 2 <SV = 1> <Delay = 0.67>
ST_2 : Operation 40 [1/2] (0.67ns)   --->   "%buf_2d_out_load = load i3 %buf_2d_out_addr" [../dct_ref/dct.cpp:80->../dct_ref/dct.cpp:97]   --->   Operation 40 'load' 'buf_2d_out_load' <Predicate = true> <Delay = 0.67> <CoreInst = "RAM">   --->   Core 82 'RAM' <Latency = 1> <II = 1> <Delay = 0.67> <Storage> <Opcode : 'load' 'store'> <Ports = 2> <Width = 16> <Depth = 8> <RAM>
ST_2 : Operation 41 [1/2] (0.67ns)   --->   "%buf_2d_out_1_load = load i3 %buf_2d_out_1_addr" [../dct_ref/dct.cpp:80->../dct_ref/dct.cpp:97]   --->   Operation 41 'load' 'buf_2d_out_1_load' <Predicate = true> <Delay = 0.67> <CoreInst = "RAM">   --->   Core 82 'RAM' <Latency = 1> <II = 1> <Delay = 0.67> <Storage> <Opcode : 'load' 'store'> <Ports = 2> <Width = 16> <Depth = 8> <RAM>
ST_2 : Operation 42 [1/2] (0.67ns)   --->   "%buf_2d_out_2_load = load i3 %buf_2d_out_2_addr" [../dct_ref/dct.cpp:80->../dct_ref/dct.cpp:97]   --->   Operation 42 'load' 'buf_2d_out_2_load' <Predicate = true> <Delay = 0.67> <CoreInst = "RAM">   --->   Core 82 'RAM' <Latency = 1> <II = 1> <Delay = 0.67> <Storage> <Opcode : 'load' 'store'> <Ports = 2> <Width = 16> <Depth = 8> <RAM>
ST_2 : Operation 43 [1/2] (0.67ns)   --->   "%buf_2d_out_3_load = load i3 %buf_2d_out_3_addr" [../dct_ref/dct.cpp:80->../dct_ref/dct.cpp:97]   --->   Operation 43 'load' 'buf_2d_out_3_load' <Predicate = true> <Delay = 0.67> <CoreInst = "RAM">   --->   Core 82 'RAM' <Latency = 1> <II = 1> <Delay = 0.67> <Storage> <Opcode : 'load' 'store'> <Ports = 2> <Width = 16> <Depth = 8> <RAM>
ST_2 : Operation 44 [1/2] (0.67ns)   --->   "%buf_2d_out_4_load = load i3 %buf_2d_out_4_addr" [../dct_ref/dct.cpp:80->../dct_ref/dct.cpp:97]   --->   Operation 44 'load' 'buf_2d_out_4_load' <Predicate = true> <Delay = 0.67> <CoreInst = "RAM">   --->   Core 82 'RAM' <Latency = 1> <II = 1> <Delay = 0.67> <Storage> <Opcode : 'load' 'store'> <Ports = 2> <Width = 16> <Depth = 8> <RAM>
ST_2 : Operation 45 [1/2] (0.67ns)   --->   "%buf_2d_out_5_load = load i3 %buf_2d_out_5_addr" [../dct_ref/dct.cpp:80->../dct_ref/dct.cpp:97]   --->   Operation 45 'load' 'buf_2d_out_5_load' <Predicate = true> <Delay = 0.67> <CoreInst = "RAM">   --->   Core 82 'RAM' <Latency = 1> <II = 1> <Delay = 0.67> <Storage> <Opcode : 'load' 'store'> <Ports = 2> <Width = 16> <Depth = 8> <RAM>
ST_2 : Operation 46 [1/2] (0.67ns)   --->   "%buf_2d_out_6_load = load i3 %buf_2d_out_6_addr" [../dct_ref/dct.cpp:80->../dct_ref/dct.cpp:97]   --->   Operation 46 'load' 'buf_2d_out_6_load' <Predicate = true> <Delay = 0.67> <CoreInst = "RAM">   --->   Core 82 'RAM' <Latency = 1> <II = 1> <Delay = 0.67> <Storage> <Opcode : 'load' 'store'> <Ports = 2> <Width = 16> <Depth = 8> <RAM>
ST_2 : Operation 47 [1/2] (0.67ns)   --->   "%buf_2d_out_7_load = load i3 %buf_2d_out_7_addr" [../dct_ref/dct.cpp:80->../dct_ref/dct.cpp:97]   --->   Operation 47 'load' 'buf_2d_out_7_load' <Predicate = true> <Delay = 0.67> <CoreInst = "RAM">   --->   Core 82 'RAM' <Latency = 1> <II = 1> <Delay = 0.67> <Storage> <Opcode : 'load' 'store'> <Ports = 2> <Width = 16> <Depth = 8> <RAM>
ST_2 : Operation 62 [1/1] (0.42ns)   --->   "%ret_ln0 = ret"   --->   Operation 62 'ret' 'ret_ln0' <Predicate = (icmp_ln77)> <Delay = 0.42>

State 3 <SV = 2> <Delay = 7.04>
ST_3 : Operation 48 [1/1] (0.00ns)   --->   "%phi_ln77_load_1 = load i384 %phi_ln77" [../dct_ref/dct.cpp:77->../dct_ref/dct.cpp:97]   --->   Operation 48 'load' 'phi_ln77_load_1' <Predicate = true> <Delay = 0.00>
ST_3 : Operation 49 [1/1] (0.00ns)   --->   "%gmem_addr = getelementptr i512 %gmem, i64 %sext_ln77_cast" [../dct_ref/dct.cpp:77->../dct_ref/dct.cpp:97]   --->   Operation 49 'getelementptr' 'gmem_addr' <Predicate = true> <Delay = 0.00>
ST_3 : Operation 50 [1/1] (0.00ns)   --->   "%specpipeline_ln74 = specpipeline void @_ssdm_op_SpecPipeline, i32 4294967295, i32 0, i32 0, i32 0, void @empty_0" [../dct_ref/dct.cpp:74->../dct_ref/dct.cpp:97]   --->   Operation 50 'specpipeline' 'specpipeline_ln74' <Predicate = true> <Delay = 0.00>
ST_3 : Operation 51 [1/1] (0.00ns)   --->   "%speclooptripcount_ln74 = speclooptripcount void @_ssdm_op_SpecLoopTripCount, i64 8, i64 8, i64 8" [../dct_ref/dct.cpp:74->../dct_ref/dct.cpp:97]   --->   Operation 51 'speclooptripcount' 'speclooptripcount_ln74' <Predicate = true> <Delay = 0.00>
ST_3 : Operation 52 [1/1] (0.00ns)   --->   "%specloopname_ln77 = specloopname void @_ssdm_op_SpecLoopName, void @empty_11" [../dct_ref/dct.cpp:77->../dct_ref/dct.cpp:97]   --->   Operation 52 'specloopname' 'specloopname_ln77' <Predicate = true> <Delay = 0.00>
ST_3 : Operation 53 [1/1] (0.00ns)   --->   "%or_ln = bitconcatenate i512 @_ssdm_op_BitConcatenate.i512.i16.i16.i16.i16.i16.i16.i16.i16.i384, i16 %buf_2d_out_7_load, i16 %buf_2d_out_6_load, i16 %buf_2d_out_5_load, i16 %buf_2d_out_4_load, i16 %buf_2d_out_3_load, i16 %buf_2d_out_2_load, i16 %buf_2d_out_1_load, i16 %buf_2d_out_load, i384 %phi_ln77_load_1" [../dct_ref/dct.cpp:77->../dct_ref/dct.cpp:97]   --->   Operation 53 'bitconcatenate' 'or_ln' <Predicate = true> <Delay = 0.00>
ST_3 : Operation 54 [1/1] (7.04ns)   --->   "%write_ln77 = write void @_ssdm_op_Write.m_axi.p1i512, i512 %gmem_addr, i512 %or_ln, i64 18446744073709551615" [../dct_ref/dct.cpp:77->../dct_ref/dct.cpp:97]   --->   Operation 54 'write' 'write_ln77' <Predicate = (icmp_ln77_1)> <Delay = 7.04> <CoreInst = "m_axi">   --->   Core 119 'm_axi' <Latency = 0> <II = 1> <Delay = 1.00> <Adapter> <Opcode : 'read' 'write' 'readreq' 'writereq' 'writeresp'>
ST_3 : Operation 55 [1/1] (0.00ns)   --->   "%br_ln77 = br void %WR_Loop_Col.i.split._crit_edge" [../dct_ref/dct.cpp:77->../dct_ref/dct.cpp:97]   --->   Operation 55 'br' 'br_ln77' <Predicate = (icmp_ln77_1)> <Delay = 0.00>
ST_3 : Operation 56 [1/1] (0.00ns)   --->   "%phi_ln77_load = load i384 %phi_ln77" [../dct_ref/dct.cpp:77->../dct_ref/dct.cpp:97]   --->   Operation 56 'load' 'phi_ln77_load' <Predicate = (!icmp_ln77_1)> <Delay = 0.00>
ST_3 : Operation 57 [1/1] (0.00ns)   --->   "%tmp = partselect i256 @_ssdm_op_PartSelect.i256.i384.i32.i32, i384 %phi_ln77_load, i32 128, i32 383" [../dct_ref/dct.cpp:77->../dct_ref/dct.cpp:97]   --->   Operation 57 'partselect' 'tmp' <Predicate = (!icmp_ln77_1)> <Delay = 0.00>
ST_3 : Operation 58 [1/1] (0.00ns)   --->   "%tmp_8 = bitconcatenate i384 @_ssdm_op_BitConcatenate.i384.i16.i16.i16.i16.i16.i16.i16.i16.i256, i16 %buf_2d_out_7_load, i16 %buf_2d_out_6_load, i16 %buf_2d_out_5_load, i16 %buf_2d_out_4_load, i16 %buf_2d_out_3_load, i16 %buf_2d_out_2_load, i16 %buf_2d_out_1_load, i16 %buf_2d_out_load, i256 %tmp" [../dct_ref/dct.cpp:77->../dct_ref/dct.cpp:97]   --->   Operation 58 'bitconcatenate' 'tmp_8' <Predicate = (!icmp_ln77_1)> <Delay = 0.00>
ST_3 : Operation 59 [1/1] (0.58ns)   --->   "%select_ln77 = select i1 %icmp_ln77_1, i384 0, i384 %tmp_8" [../dct_ref/dct.cpp:77->../dct_ref/dct.cpp:97]   --->   Operation 59 'select' 'select_ln77' <Predicate = true> <Delay = 0.58> <CoreInst = "Sel">   --->   Core 73 'Sel' <Latency = 0> <II = 1> <Delay = 0.58> <FuncUnit> <Opcode : 'select'> <InPorts = 3> <OutPorts = 1>
ST_3 : Operation 60 [1/1] (0.42ns)   --->   "%store_ln77 = store i384 %select_ln77, i384 %phi_ln77" [../dct_ref/dct.cpp:77->../dct_ref/dct.cpp:97]   --->   Operation 60 'store' 'store_ln77' <Predicate = true> <Delay = 0.42>
ST_3 : Operation 61 [1/1] (0.00ns)   --->   "%br_ln77 = br void %WR_Loop_Col.i" [../dct_ref/dct.cpp:77->../dct_ref/dct.cpp:97]   --->   Operation 61 'br' 'br_ln77' <Predicate = true> <Delay = 0.00>


============================================================
+ Verbose Summary: Timing violations
============================================================
Target clock period: 8.000ns, clock uncertainty: 0.960ns.

 <State 1>: 1.651ns
The critical path consists of the following:
	'store' operation 0 bit ('store_ln74', ../dct_ref/dct.cpp:74->../dct_ref/dct.cpp:97) of constant 0 on local variable 'r', ../dct_ref/dct.cpp:74->../dct_ref/dct.cpp:97 [16]  (0.427 ns)
	'load' operation 4 bit ('r', ../dct_ref/dct.cpp:77->../dct_ref/dct.cpp:97) on local variable 'r', ../dct_ref/dct.cpp:74->../dct_ref/dct.cpp:97 [20]  (0.000 ns)
	'icmp' operation 1 bit ('icmp_ln77', ../dct_ref/dct.cpp:77->../dct_ref/dct.cpp:97) [22]  (0.797 ns)
	'store' operation 0 bit ('store_ln74', ../dct_ref/dct.cpp:74->../dct_ref/dct.cpp:97) of variable 'add_ln77', ../dct_ref/dct.cpp:77->../dct_ref/dct.cpp:97 on local variable 'r', ../dct_ref/dct.cpp:74->../dct_ref/dct.cpp:97 [60]  (0.427 ns)

 <State 2>: 0.677ns
The critical path consists of the following:
	'load' operation 16 bit ('buf_2d_out_load', ../dct_ref/dct.cpp:80->../dct_ref/dct.cpp:97) on array 'buf_2d_out' [34]  (0.677 ns)

 <State 3>: 7.040ns
The critical path consists of the following:
	'load' operation 384 bit ('phi_ln77_load_1', ../dct_ref/dct.cpp:77->../dct_ref/dct.cpp:97) on local variable 'phi_ln77' [26]  (0.000 ns)
	bus write operation ('write_ln77', ../dct_ref/dct.cpp:77->../dct_ref/dct.cpp:97) on port 'gmem' (../dct_ref/dct.cpp:77->../dct_ref/dct.cpp:97) [53]  (7.040 ns)


============================================================
+ Verbose Summary: Binding
============================================================
N/A
* FSMD analyzer results:
  - Output states:
 - Input state : 
  - Chain level:
	State 1
	State 2
	State 3


============================================================
+ Verbose Summary: Datapath Resource usage 
============================================================
N/A
