

================================================================
== Vitis HLS Report for 'dct_Pipeline_RD_Loop_Row'
================================================================
* Date:           Thu Jan 29 20:29:32 2026

* Version:        2024.1 (Build 5069499 on May 21 2024)
* Project:        dct
* Solution:       hls (Vitis Kernel Flow Target)
* Product family: zynquplus
* Target device:  xczu3eg-sfvc784-2-e


================================================================
== Performance Estimates
================================================================
+ Timing: 
    * Summary: 
    +--------+---------+----------+------------+
    |  Clock |  Target | Estimated| Uncertainty|
    +--------+---------+----------+------------+
    |ap_clk  |  8.00 ns|  7.040 ns|     0.96 ns|
    +--------+---------+----------+------------+

+ Latency: 
    * Summary: 
    +---------+---------+-----------+-----------+-----+-----+-----------------------------------------------+
    |  Latency (cycles) |   Latency (absolute)  |  Interval |                    Pipeline                   |
    |   min   |   max   |    min    |    max    | min | max |                      Type                     |
    +---------+---------+-----------+-----------+-----+-----+-----------------------------------------------+
    |       11|       11|  88.000 ns|  88.000 ns|    9|    9|  loop auto-rewind stp(delay=0 clock cycles(s))|
    +---------+---------+-----------+-----------+-----+-----+-----------------------------------------------+

    + Detail: 
        * Instance: 
        N/A

        * Loop: 
        +---------------+---------+---------+----------+-----------+-----------+------+----------+
        |               |  Latency (cycles) | Iteration|  Initiation Interval  | Trip |          |
        |   Loop Name   |   min   |   max   |  Latency |  achieved |   target  | Count| Pipelined|
        +---------------+---------+---------+----------+-----------+-----------+------+----------+
        |- RD_Loop_Row  |        9|        9|         3|          1|          1|     8|       yes|
        +---------------+---------+---------+----------+-----------+-----------+------+----------+

============================================================
+ Verbose Summary: Synthesis Manager
============================================================
InlineROM: 1
ExposeGlobal: 0
============================================================
+ Verbose Summary: CDFG Model
============================================================
IsTopModel: 0
ResetActiveHigh: 1
IsCombinational: 0
IsDatapathOnly: 0
HasWiredReturn: 1
HasMFsm: 2
HasVarLatency: 1
IsPipeline: 0
IsRtlPipelined: 0
IsInstanceOverlapped: 0
IsDontTouch: 0
HasImplIP: 0
IsGatedGlobalClock: 0

+ Individual pipeline summary: 
  * Pipeline-0: initiation interval (II) = 1, depth = 3


============================================================
+ Verbose Summary: Schedule
============================================================
* Number of FSM states : 3
* Pipeline : 1
  Pipeline-0 : II = 1, D = 3, States = { 1 2 3 }
* Dataflow Pipeline: 0

* FSM state transitions: 
1 --> 2 
2 --> 3 
3 --> 

* FSM state operations: 

State 1 <SV = 0> <Delay = 1.65>
ST_1 : Operation 6 [1/1] (0.00ns)   --->   "%shiftreg8 = alloca i32 1"   --->   Operation 6 'alloca' 'shiftreg8' <Predicate = true> <Delay = 0.00>
ST_1 : Operation 7 [1/1] (0.00ns)   --->   "%r = alloca i32 1" [../dct_ref/dct.cpp:61->../dct_ref/dct.cpp:91]   --->   Operation 7 'alloca' 'r' <Predicate = true> <Delay = 0.00>
ST_1 : Operation 8 [1/1] (0.00ns)   --->   "%sext_ln64_read = read i58 @_ssdm_op_Read.ap_auto.i58, i58 %sext_ln64"   --->   Operation 8 'read' 'sext_ln64_read' <Predicate = true> <Delay = 0.00>
ST_1 : Operation 9 [1/1] (0.00ns)   --->   "%sext_ln64_cast = sext i58 %sext_ln64_read"   --->   Operation 9 'sext' 'sext_ln64_cast' <Predicate = true> <Delay = 0.00>
ST_1 : Operation 10 [1/1] (0.00ns)   --->   "%specinterface_ln0 = specinterface void @_ssdm_op_SpecInterface, i512 %gmem, void @empty, i32 0, i32 0, void @empty_0, i32 64, i32 0, void @empty_1, void @empty_2, void @empty_0, i32 16, i32 16, i32 16, i32 16, void @empty_0, void @empty_0, i32 4294967295, i32 0, i32 0"   --->   Operation 10 'specinterface' 'specinterface_ln0' <Predicate = true> <Delay = 0.00>
ST_1 : Operation 11 [1/1] (0.42ns)   --->   "%store_ln61 = store i4 0, i4 %r" [../dct_ref/dct.cpp:61->../dct_ref/dct.cpp:91]   --->   Operation 11 'store' 'store_ln61' <Predicate = true> <Delay = 0.42>
ST_1 : Operation 12 [1/1] (0.42ns)   --->   "%store_ln0 = store i384 0, i384 %shiftreg8"   --->   Operation 12 'store' 'store_ln0' <Predicate = true> <Delay = 0.42>
ST_1 : Operation 13 [1/1] (0.00ns)   --->   "%br_ln0 = br void %RD_Loop_Col.i"   --->   Operation 13 'br' 'br_ln0' <Predicate = true> <Delay = 0.00>
ST_1 : Operation 14 [1/1] (0.00ns)   --->   "%r_2 = load i4 %r" [../dct_ref/dct.cpp:64->../dct_ref/dct.cpp:91]   --->   Operation 14 'load' 'r_2' <Predicate = true> <Delay = 0.00>
ST_1 : Operation 15 [1/1] (0.00ns)   --->   "%specbitsmap_ln0 = specbitsmap void @_ssdm_op_SpecBitsMap, i512 %gmem"   --->   Operation 15 'specbitsmap' 'specbitsmap_ln0' <Predicate = true> <Delay = 0.00>
ST_1 : Operation 16 [1/1] (0.79ns)   --->   "%icmp_ln64 = icmp_eq  i4 %r_2, i4 8" [../dct_ref/dct.cpp:64->../dct_ref/dct.cpp:91]   --->   Operation 16 'icmp' 'icmp_ln64' <Predicate = true> <Delay = 0.79> <CoreInst = "Cmp">   --->   Core 9 'Cmp' <Latency = 0> <II = 1> <Delay = 0.79> <FuncUnit> <Opcode : 'seteq' 'setne' 'setle' 'setge' 'setlt' 'setgt'> <InPorts = 2> <OutPorts = 1>
ST_1 : Operation 17 [1/1] (0.79ns)   --->   "%add_ln64 = add i4 %r_2, i4 1" [../dct_ref/dct.cpp:64->../dct_ref/dct.cpp:91]   --->   Operation 17 'add' 'add_ln64' <Predicate = true> <Delay = 0.79> <CoreInst = "Adder">   --->   Core 1 'Adder' <Latency = 0> <II = 1> <Delay = 0.79> <FuncUnit> <Opcode : 'add' 'sub'> <InPorts = 2> <OutPorts = 1>
ST_1 : Operation 18 [1/1] (0.00ns)   --->   "%br_ln64 = br i1 %icmp_ln64, void %RD_Loop_Col.i.split, void %_Z9read_dataPsPA8_s.exit.exitStub" [../dct_ref/dct.cpp:64->../dct_ref/dct.cpp:91]   --->   Operation 18 'br' 'br_ln64' <Predicate = true> <Delay = 0.00>
ST_1 : Operation 19 [1/1] (0.00ns)   --->   "%trunc_ln64 = trunc i4 %r_2" [../dct_ref/dct.cpp:64->../dct_ref/dct.cpp:91]   --->   Operation 19 'trunc' 'trunc_ln64' <Predicate = (!icmp_ln64)> <Delay = 0.00>
ST_1 : Operation 20 [1/1] (0.54ns)   --->   "%icmp_ln66 = icmp_eq  i2 %trunc_ln64, i2 0" [../dct_ref/dct.cpp:66->../dct_ref/dct.cpp:91]   --->   Operation 20 'icmp' 'icmp_ln66' <Predicate = (!icmp_ln64)> <Delay = 0.54> <CoreInst = "Cmp">   --->   Core 9 'Cmp' <Latency = 0> <II = 1> <Delay = 0.54> <FuncUnit> <Opcode : 'seteq' 'setne' 'setle' 'setge' 'setlt' 'setgt'> <InPorts = 2> <OutPorts = 1>
ST_1 : Operation 21 [1/1] (0.42ns)   --->   "%store_ln61 = store i4 %add_ln64, i4 %r" [../dct_ref/dct.cpp:61->../dct_ref/dct.cpp:91]   --->   Operation 21 'store' 'store_ln61' <Predicate = (!icmp_ln64)> <Delay = 0.42>

State 2 <SV = 1> <Delay = 7.04>
ST_2 : Operation 22 [1/1] (0.00ns)   --->   "%gmem_addr = getelementptr i512 %gmem, i64 %sext_ln64_cast" [../dct_ref/dct.cpp:64->../dct_ref/dct.cpp:91]   --->   Operation 22 'getelementptr' 'gmem_addr' <Predicate = (!icmp_ln64)> <Delay = 0.00>
ST_2 : Operation 23 [1/1] (7.04ns)   --->   "%gmem_addr_read = read i512 @_ssdm_op_Read.m_axi.p1i512, i512 %gmem_addr" [../dct_ref/dct.cpp:66->../dct_ref/dct.cpp:91]   --->   Operation 23 'read' 'gmem_addr_read' <Predicate = (!icmp_ln64 & icmp_ln66)> <Delay = 7.04> <CoreInst = "m_axi">   --->   Core 119 'm_axi' <Latency = 0> <II = 1> <Delay = 1.00> <Adapter> <Opcode : 'read' 'write' 'readreq' 'writereq' 'writeresp'>
ST_2 : Operation 60 [1/1] (0.42ns)   --->   "%ret_ln0 = ret"   --->   Operation 60 'ret' 'ret_ln0' <Predicate = (icmp_ln64)> <Delay = 0.42>

State 3 <SV = 2> <Delay = 1.10>
ST_3 : Operation 24 [1/1] (0.00ns)   --->   "%shiftreg8_load = load i384 %shiftreg8" [../dct_ref/dct.cpp:64->../dct_ref/dct.cpp:91]   --->   Operation 24 'load' 'shiftreg8_load' <Predicate = (!icmp_ln64)> <Delay = 0.00>
ST_3 : Operation 25 [1/1] (0.00ns)   --->   "%zext_ln64 = zext i384 %shiftreg8_load" [../dct_ref/dct.cpp:64->../dct_ref/dct.cpp:91]   --->   Operation 25 'zext' 'zext_ln64' <Predicate = (!icmp_ln64)> <Delay = 0.00>
ST_3 : Operation 26 [1/1] (0.00ns)   --->   "%zext_ln64_1 = zext i4 %r_2" [../dct_ref/dct.cpp:64->../dct_ref/dct.cpp:91]   --->   Operation 26 'zext' 'zext_ln64_1' <Predicate = (!icmp_ln64)> <Delay = 0.00>
ST_3 : Operation 27 [1/1] (0.00ns)   --->   "%specpipeline_ln61 = specpipeline void @_ssdm_op_SpecPipeline, i32 4294967295, i32 0, i32 0, i32 0, void @empty_0" [../dct_ref/dct.cpp:61->../dct_ref/dct.cpp:91]   --->   Operation 27 'specpipeline' 'specpipeline_ln61' <Predicate = (!icmp_ln64)> <Delay = 0.00>
ST_3 : Operation 28 [1/1] (0.00ns)   --->   "%speclooptripcount_ln61 = speclooptripcount void @_ssdm_op_SpecLoopTripCount, i64 8, i64 8, i64 8" [../dct_ref/dct.cpp:61->../dct_ref/dct.cpp:91]   --->   Operation 28 'speclooptripcount' 'speclooptripcount_ln61' <Predicate = (!icmp_ln64)> <Delay = 0.00>
ST_3 : Operation 29 [1/1] (0.00ns)   --->   "%specloopname_ln64 = specloopname void @_ssdm_op_SpecLoopName, void @empty_12" [../dct_ref/dct.cpp:64->../dct_ref/dct.cpp:91]   --->   Operation 29 'specloopname' 'specloopname_ln64' <Predicate = (!icmp_ln64)> <Delay = 0.00>
ST_3 : Operation 30 [1/1] (0.42ns)   --->   "%br_ln66 = br i1 %icmp_ln66, void %for.inc.i, void" [../dct_ref/dct.cpp:66->../dct_ref/dct.cpp:91]   --->   Operation 30 'br' 'br_ln66' <Predicate = (!icmp_ln64)> <Delay = 0.42>
ST_3 : Operation 31 [1/1] (0.42ns)   --->   "%br_ln66 = br void %for.inc.i" [../dct_ref/dct.cpp:66->../dct_ref/dct.cpp:91]   --->   Operation 31 'br' 'br_ln66' <Predicate = (!icmp_ln64 & icmp_ln66)> <Delay = 0.42>
ST_3 : Operation 32 [1/1] (0.00ns)   --->   "%empty = phi i512 %gmem_addr_read, void, i512 %zext_ln64, void %RD_Loop_Col.i.split" [../dct_ref/dct.cpp:66->../dct_ref/dct.cpp:91]   --->   Operation 32 'phi' 'empty' <Predicate = true> <Delay = 0.00>
ST_3 : Operation 33 [1/1] (0.00ns)   --->   "%trunc_ln68 = trunc i512 %empty" [../dct_ref/dct.cpp:68->../dct_ref/dct.cpp:91]   --->   Operation 33 'trunc' 'trunc_ln68' <Predicate = true> <Delay = 0.00>
ST_3 : Operation 34 [1/1] (0.00ns)   --->   "%buf_2d_in_addr = getelementptr i16 %buf_2d_in, i64 0, i64 %zext_ln64_1" [../dct_ref/dct.cpp:68->../dct_ref/dct.cpp:91]   --->   Operation 34 'getelementptr' 'buf_2d_in_addr' <Predicate = true> <Delay = 0.00>
ST_3 : Operation 35 [1/1] (0.00ns)   --->   "%trunc_ln68_1 = partselect i16 @_ssdm_op_PartSelect.i16.i512.i32.i32, i512 %empty, i32 16, i32 31" [../dct_ref/dct.cpp:68->../dct_ref/dct.cpp:91]   --->   Operation 35 'partselect' 'trunc_ln68_1' <Predicate = true> <Delay = 0.00>
ST_3 : Operation 36 [1/1] (0.00ns)   --->   "%buf_2d_in_1_addr = getelementptr i16 %buf_2d_in_1, i64 0, i64 %zext_ln64_1" [../dct_ref/dct.cpp:68->../dct_ref/dct.cpp:91]   --->   Operation 36 'getelementptr' 'buf_2d_in_1_addr' <Predicate = true> <Delay = 0.00>
ST_3 : Operation 37 [1/1] (0.00ns)   --->   "%trunc_ln68_2 = partselect i16 @_ssdm_op_PartSelect.i16.i512.i32.i32, i512 %empty, i32 32, i32 47" [../dct_ref/dct.cpp:68->../dct_ref/dct.cpp:91]   --->   Operation 37 'partselect' 'trunc_ln68_2' <Predicate = true> <Delay = 0.00>
ST_3 : Operation 38 [1/1] (0.00ns)   --->   "%buf_2d_in_2_addr = getelementptr i16 %buf_2d_in_2, i64 0, i64 %zext_ln64_1" [../dct_ref/dct.cpp:68->../dct_ref/dct.cpp:91]   --->   Operation 38 'getelementptr' 'buf_2d_in_2_addr' <Predicate = true> <Delay = 0.00>
ST_3 : Operation 39 [1/1] (0.00ns)   --->   "%trunc_ln68_3 = partselect i16 @_ssdm_op_PartSelect.i16.i512.i32.i32, i512 %empty, i32 48, i32 63" [../dct_ref/dct.cpp:68->../dct_ref/dct.cpp:91]   --->   Operation 39 'partselect' 'trunc_ln68_3' <Predicate = true> <Delay = 0.00>
ST_3 : Operation 40 [1/1] (0.00ns)   --->   "%buf_2d_in_3_addr = getelementptr i16 %buf_2d_in_3, i64 0, i64 %zext_ln64_1" [../dct_ref/dct.cpp:68->../dct_ref/dct.cpp:91]   --->   Operation 40 'getelementptr' 'buf_2d_in_3_addr' <Predicate = true> <Delay = 0.00>
ST_3 : Operation 41 [1/1] (0.00ns)   --->   "%trunc_ln68_4 = partselect i16 @_ssdm_op_PartSelect.i16.i512.i32.i32, i512 %empty, i32 64, i32 79" [../dct_ref/dct.cpp:68->../dct_ref/dct.cpp:91]   --->   Operation 41 'partselect' 'trunc_ln68_4' <Predicate = true> <Delay = 0.00>
ST_3 : Operation 42 [1/1] (0.00ns)   --->   "%buf_2d_in_4_addr = getelementptr i16 %buf_2d_in_4, i64 0, i64 %zext_ln64_1" [../dct_ref/dct.cpp:68->../dct_ref/dct.cpp:91]   --->   Operation 42 'getelementptr' 'buf_2d_in_4_addr' <Predicate = true> <Delay = 0.00>
ST_3 : Operation 43 [1/1] (0.00ns)   --->   "%trunc_ln68_5 = partselect i16 @_ssdm_op_PartSelect.i16.i512.i32.i32, i512 %empty, i32 80, i32 95" [../dct_ref/dct.cpp:68->../dct_ref/dct.cpp:91]   --->   Operation 43 'partselect' 'trunc_ln68_5' <Predicate = true> <Delay = 0.00>
ST_3 : Operation 44 [1/1] (0.00ns)   --->   "%buf_2d_in_5_addr = getelementptr i16 %buf_2d_in_5, i64 0, i64 %zext_ln64_1" [../dct_ref/dct.cpp:68->../dct_ref/dct.cpp:91]   --->   Operation 44 'getelementptr' 'buf_2d_in_5_addr' <Predicate = true> <Delay = 0.00>
ST_3 : Operation 45 [1/1] (0.00ns)   --->   "%trunc_ln68_6 = partselect i16 @_ssdm_op_PartSelect.i16.i512.i32.i32, i512 %empty, i32 96, i32 111" [../dct_ref/dct.cpp:68->../dct_ref/dct.cpp:91]   --->   Operation 45 'partselect' 'trunc_ln68_6' <Predicate = true> <Delay = 0.00>
ST_3 : Operation 46 [1/1] (0.00ns)   --->   "%buf_2d_in_6_addr = getelementptr i16 %buf_2d_in_6, i64 0, i64 %zext_ln64_1" [../dct_ref/dct.cpp:68->../dct_ref/dct.cpp:91]   --->   Operation 46 'getelementptr' 'buf_2d_in_6_addr' <Predicate = true> <Delay = 0.00>
ST_3 : Operation 47 [1/1] (0.00ns)   --->   "%trunc_ln68_7 = partselect i16 @_ssdm_op_PartSelect.i16.i512.i32.i32, i512 %empty, i32 112, i32 127" [../dct_ref/dct.cpp:68->../dct_ref/dct.cpp:91]   --->   Operation 47 'partselect' 'trunc_ln68_7' <Predicate = true> <Delay = 0.00>
ST_3 : Operation 48 [1/1] (0.00ns)   --->   "%buf_2d_in_7_addr = getelementptr i16 %buf_2d_in_7, i64 0, i64 %zext_ln64_1" [../dct_ref/dct.cpp:68->../dct_ref/dct.cpp:91]   --->   Operation 48 'getelementptr' 'buf_2d_in_7_addr' <Predicate = true> <Delay = 0.00>
ST_3 : Operation 49 [1/1] (0.67ns)   --->   "%store_ln68 = store i16 %trunc_ln68, i3 %buf_2d_in_addr" [../dct_ref/dct.cpp:68->../dct_ref/dct.cpp:91]   --->   Operation 49 'store' 'store_ln68' <Predicate = true> <Delay = 0.67> <CoreInst = "RAM">   --->   Core 82 'RAM' <Latency = 1> <II = 1> <Delay = 0.67> <Storage> <Opcode : 'load' 'store'> <Ports = 2> <Width = 16> <Depth = 8> <RAM>
ST_3 : Operation 50 [1/1] (0.67ns)   --->   "%store_ln68 = store i16 %trunc_ln68_1, i3 %buf_2d_in_1_addr" [../dct_ref/dct.cpp:68->../dct_ref/dct.cpp:91]   --->   Operation 50 'store' 'store_ln68' <Predicate = true> <Delay = 0.67> <CoreInst = "RAM">   --->   Core 82 'RAM' <Latency = 1> <II = 1> <Delay = 0.67> <Storage> <Opcode : 'load' 'store'> <Ports = 2> <Width = 16> <Depth = 8> <RAM>
ST_3 : Operation 51 [1/1] (0.67ns)   --->   "%store_ln68 = store i16 %trunc_ln68_2, i3 %buf_2d_in_2_addr" [../dct_ref/dct.cpp:68->../dct_ref/dct.cpp:91]   --->   Operation 51 'store' 'store_ln68' <Predicate = true> <Delay = 0.67> <CoreInst = "RAM">   --->   Core 82 'RAM' <Latency = 1> <II = 1> <Delay = 0.67> <Storage> <Opcode : 'load' 'store'> <Ports = 2> <Width = 16> <Depth = 8> <RAM>
ST_3 : Operation 52 [1/1] (0.67ns)   --->   "%store_ln68 = store i16 %trunc_ln68_3, i3 %buf_2d_in_3_addr" [../dct_ref/dct.cpp:68->../dct_ref/dct.cpp:91]   --->   Operation 52 'store' 'store_ln68' <Predicate = true> <Delay = 0.67> <CoreInst = "RAM">   --->   Core 82 'RAM' <Latency = 1> <II = 1> <Delay = 0.67> <Storage> <Opcode : 'load' 'store'> <Ports = 2> <Width = 16> <Depth = 8> <RAM>
ST_3 : Operation 53 [1/1] (0.67ns)   --->   "%store_ln68 = store i16 %trunc_ln68_4, i3 %buf_2d_in_4_addr" [../dct_ref/dct.cpp:68->../dct_ref/dct.cpp:91]   --->   Operation 53 'store' 'store_ln68' <Predicate = true> <Delay = 0.67> <CoreInst = "RAM">   --->   Core 82 'RAM' <Latency = 1> <II = 1> <Delay = 0.67> <Storage> <Opcode : 'load' 'store'> <Ports = 2> <Width = 16> <Depth = 8> <RAM>
ST_3 : Operation 54 [1/1] (0.67ns)   --->   "%store_ln68 = store i16 %trunc_ln68_5, i3 %buf_2d_in_5_addr" [../dct_ref/dct.cpp:68->../dct_ref/dct.cpp:91]   --->   Operation 54 'store' 'store_ln68' <Predicate = true> <Delay = 0.67> <CoreInst = "RAM">   --->   Core 82 'RAM' <Latency = 1> <II = 1> <Delay = 0.67> <Storage> <Opcode : 'load' 'store'> <Ports = 2> <Width = 16> <Depth = 8> <RAM>
ST_3 : Operation 55 [1/1] (0.67ns)   --->   "%store_ln68 = store i16 %trunc_ln68_6, i3 %buf_2d_in_6_addr" [../dct_ref/dct.cpp:68->../dct_ref/dct.cpp:91]   --->   Operation 55 'store' 'store_ln68' <Predicate = true> <Delay = 0.67> <CoreInst = "RAM">   --->   Core 82 'RAM' <Latency = 1> <II = 1> <Delay = 0.67> <Storage> <Opcode : 'load' 'store'> <Ports = 2> <Width = 16> <Depth = 8> <RAM>
ST_3 : Operation 56 [1/1] (0.67ns)   --->   "%store_ln68 = store i16 %trunc_ln68_7, i3 %buf_2d_in_7_addr" [../dct_ref/dct.cpp:68->../dct_ref/dct.cpp:91]   --->   Operation 56 'store' 'store_ln68' <Predicate = true> <Delay = 0.67> <CoreInst = "RAM">   --->   Core 82 'RAM' <Latency = 1> <II = 1> <Delay = 0.67> <Storage> <Opcode : 'load' 'store'> <Ports = 2> <Width = 16> <Depth = 8> <RAM>
ST_3 : Operation 57 [1/1] (0.00ns)   --->   "%trunc_ln64_2 = partselect i384 @_ssdm_op_PartSelect.i384.i512.i32.i32, i512 %empty, i32 128, i32 511" [../dct_ref/dct.cpp:64->../dct_ref/dct.cpp:91]   --->   Operation 57 'partselect' 'trunc_ln64_2' <Predicate = true> <Delay = 0.00>
ST_3 : Operation 58 [1/1] (0.42ns)   --->   "%store_ln64 = store i384 %trunc_ln64_2, i384 %shiftreg8" [../dct_ref/dct.cpp:64->../dct_ref/dct.cpp:91]   --->   Operation 58 'store' 'store_ln64' <Predicate = true> <Delay = 0.42>
ST_3 : Operation 59 [1/1] (0.00ns)   --->   "%br_ln64 = br void %RD_Loop_Col.i" [../dct_ref/dct.cpp:64->../dct_ref/dct.cpp:91]   --->   Operation 59 'br' 'br_ln64' <Predicate = true> <Delay = 0.00>


============================================================
+ Verbose Summary: Binding
============================================================
STG Binding: 
---------------- STG Properties BEGIN ----------------
- Is combinational: 0
- Is one-state seq: 0
- Is datapath-only: 0
- Is pipelined: 0
- Is top level: 0
Port [ Return ] is wired: 1; IO mode=ap_ctrl_hs:ce=0
Port [ gmem]:  wired=1; compound=1; hidden=0; nouse=0; global=0; static=0; extern=0; dir=0; type=4; pingpong=0; private_global=0; IO mode=m_axi:ce=0
Port [ buf_2d_in]:  wired=1; compound=1; hidden=0; nouse=0; global=0; static=0; extern=0; dir=1; type=1; pingpong=0; private_global=0; MemPort=[03]; IO mode=ap_memory:ce=0
Port [ buf_2d_in_1]:  wired=1; compound=1; hidden=0; nouse=0; global=0; static=0; extern=0; dir=1; type=1; pingpong=0; private_global=0; MemPort=[03]; IO mode=ap_memory:ce=0
Port [ buf_2d_in_2]:  wired=1; compound=1; hidden=0; nouse=0; global=0; static=0; extern=0; dir=1; type=1; pingpong=0; private_global=0; MemPort=[03]; IO mode=ap_memory:ce=0
Port [ buf_2d_in_3]:  wired=1; compound=1; hidden=0; nouse=0; global=0; static=0; extern=0; dir=1; type=1; pingpong=0; private_global=0; MemPort=[03]; IO mode=ap_memory:ce=0
Port [ buf_2d_in_4]:  wired=1; compound=1; hidden=0; nouse=0; global=0; static=0; extern=0; dir=1; type=1; pingpong=0; private_global=0; MemPort=[03]; IO mode=ap_memory:ce=0
Port [ buf_2d_in_5]:  wired=1; compound=1; hidden=0; nouse=0; global=0; static=0; extern=0; dir=1; type=1; pingpong=0; private_global=0; MemPort=[03]; IO mode=ap_memory:ce=0
Port [ buf_2d_in_6]:  wired=1; compound=1; hidden=0; nouse=0; global=0; static=0; extern=0; dir=1; type=1; pingpong=0; private_global=0; MemPort=[03]; IO mode=ap_memory:ce=0
Port [ buf_2d_in_7]:  wired=1; compound=1; hidden=0; nouse=0; global=0; static=0; extern=0; dir=1; type=1; pingpong=0; private_global=0; MemPort=[03]; IO mode=ap_memory:ce=0
Port [ sext_ln64]:  wired=1; compound=0; hidden=0; nouse=0; global=0; static=0; extern=0; dir=0; type=0; pingpong=0; private_global=0; IO mode=ap_none:ce=0
---------------- STG Properties END ------------------

---------------- Datapath Model BEGIN ----------------

<LifeTime>
<method=bitvector/>
shiftreg8              (alloca           ) [ 0111]
r                      (alloca           ) [ 0100]
sext_ln64_read         (read             ) [ 0000]
sext_ln64_cast         (sext             ) [ 0110]
specinterface_ln0      (specinterface    ) [ 0000]
store_ln61             (store            ) [ 0000]
store_ln0              (store            ) [ 0000]
br_ln0                 (br               ) [ 0000]
r_2                    (load             ) [ 0111]
specbitsmap_ln0        (specbitsmap      ) [ 0000]
icmp_ln64              (icmp             ) [ 0111]
add_ln64               (add              ) [ 0000]
br_ln64                (br               ) [ 0000]
trunc_ln64             (trunc            ) [ 0000]
icmp_ln66              (icmp             ) [ 0111]
store_ln61             (store            ) [ 0000]
gmem_addr              (getelementptr    ) [ 0000]
gmem_addr_read         (read             ) [ 0101]
shiftreg8_load         (load             ) [ 0000]
zext_ln64              (zext             ) [ 0000]
zext_ln64_1            (zext             ) [ 0000]
specpipeline_ln61      (specpipeline     ) [ 0000]
speclooptripcount_ln61 (speclooptripcount) [ 0000]
specloopname_ln64      (specloopname     ) [ 0000]
br_ln66                (br               ) [ 0000]
br_ln66                (br               ) [ 0000]
empty                  (phi              ) [ 0101]
trunc_ln68             (trunc            ) [ 0000]
buf_2d_in_addr         (getelementptr    ) [ 0000]
trunc_ln68_1           (partselect       ) [ 0000]
buf_2d_in_1_addr       (getelementptr    ) [ 0000]
trunc_ln68_2           (partselect       ) [ 0000]
buf_2d_in_2_addr       (getelementptr    ) [ 0000]
trunc_ln68_3           (partselect       ) [ 0000]
buf_2d_in_3_addr       (getelementptr    ) [ 0000]
trunc_ln68_4           (partselect       ) [ 0000]
buf_2d_in_4_addr       (getelementptr    ) [ 0000]
trunc_ln68_5           (partselect       ) [ 0000]
buf_2d_in_5_addr       (getelementptr    ) [ 0000]
trunc_ln68_6           (partselect       ) [ 0000]
buf_2d_in_6_addr       (getelementptr    ) [ 0000]
trunc_ln68_7           (partselect       ) [ 0000]
buf_2d_in_7_addr       (getelementptr    ) [ 0000]
store_ln68             (store            ) [ 0000]
store_ln68             (store            ) [ 0000]
store_ln68             (store            ) [ 0000]
store_ln68             (store            ) [ 0000]
store_ln68             (store            ) [ 0000]
store_ln68             (store            ) [ 0000]
store_ln68             (store            ) [ 0000]
store_ln68             (store            ) [ 0000]
trunc_ln64_2           (partselect       ) [ 0000]
store_ln64             (store            ) [ 0000]
br_ln64                (br               ) [ 0000]
ret_ln0                (ret              ) [ 0000]
</LifeTime>

<model>

<comp_list>
<comp id="0" class="1000" name="gmem">
<pin_list>
<pin id="1" dir="1" index="0" bw="1" slack="0"/>
</pin_list>
<bind>
<StgValue><ssdm name="gmem"/></StgValue>
</bind>
</comp>

<comp id="2" class="1000" name="buf_2d_in">
<pin_list>
<pin id="3" dir="1" index="0" bw="1" slack="0"/>
</pin_list>
<bind>
<StgValue><ssdm name="buf_2d_in"/><MemPortTyVec>0 3 </MemPortTyVec>
</StgValue>
</bind>
</comp>

<comp id="4" class="1000" name="buf_2d_in_1">
<pin_list>
<pin id="5" dir="1" index="0" bw="1" slack="0"/>
</pin_list>
<bind>
<StgValue><ssdm name="buf_2d_in_1"/><MemPortTyVec>0 3 </MemPortTyVec>
</StgValue>
</bind>
</comp>

<comp id="6" class="1000" name="buf_2d_in_2">
<pin_list>
<pin id="7" dir="1" index="0" bw="1" slack="0"/>
</pin_list>
<bind>
<StgValue><ssdm name="buf_2d_in_2"/><MemPortTyVec>0 3 </MemPortTyVec>
</StgValue>
</bind>
</comp>

<comp id="8" class="1000" name="buf_2d_in_3">
<pin_list>
<pin id="9" dir="1" index="0" bw="1" slack="0"/>
</pin_list>
<bind>
<StgValue><ssdm name="buf_2d_in_3"/><MemPortTyVec>0 3 </MemPortTyVec>
</StgValue>
</bind>
</comp>

<comp id="10" class="1000" name="buf_2d_in_4">
<pin_list>
<pin id="11" dir="1" index="0" bw="1" slack="0"/>
</pin_list>
<bind>
<StgValue><ssdm name="buf_2d_in_4"/><MemPortTyVec>0 3 </MemPortTyVec>
</StgValue>
</bind>
</comp>

<comp id="12" class="1000" name="buf_2d_in_5">
<pin_list>
<pin id="13" dir="1" index="0" bw="1" slack="0"/>
</pin_list>
<bind>
<StgValue><ssdm name="buf_2d_in_5"/><MemPortTyVec>0 3 </MemPortTyVec>
</StgValue>
</bind>
</comp>

<comp id="14" class="1000" name="buf_2d_in_6">
<pin_list>
<pin id="15" dir="1" index="0" bw="1" slack="0"/>
</pin_list>
<bind>
<StgValue><ssdm name="buf_2d_in_6"/><MemPortTyVec>0 3 </MemPortTyVec>
</StgValue>
</bind>
</comp>

<comp id="16" class="1000" name="buf_2d_in_7">
<pin_list>
<pin id="17" dir="1" index="0" bw="1" slack="0"/>
</pin_list>
<bind>
<StgValue><ssdm name="buf_2d_in_7"/><MemPortTyVec>0 3 </MemPortTyVec>
</StgValue>
</bind>
</comp>

<comp id="18" class="1000" name="sext_ln64">
<pin_list>
<pin id="19" dir="1" index="0" bw="1" slack="0"/>
</pin_list>
<bind>
<StgValue><ssdm name="sext_ln64"/></StgValue>
</bind>
</comp>

<comp id="20" class="1001" name="const_20">
<pin_list>
<pin id="21" dir="1" index="0" bw="1" slack="0"/>
</pin_list>
<bind>
<StgValue><ssdm name=""/></StgValue>
</bind>
</comp>

<comp id="22" class="1001" name="const_22">
<pin_list>
<pin id="23" dir="1" index="0" bw="1" slack="0"/>
</pin_list>
<bind>
<StgValue><ssdm name="_ssdm_op_Read.ap_auto.i58"/></StgValue>
</bind>
</comp>

<comp id="24" class="1001" name="const_24">
<pin_list>
<pin id="25" dir="1" index="0" bw="1" slack="2147483647"/>
</pin_list>
<bind>
<StgValue><ssdm name="_ssdm_op_SpecInterface"/></StgValue>
</bind>
</comp>

<comp id="26" class="1001" name="const_26">
<pin_list>
<pin id="27" dir="1" index="0" bw="1" slack="2147483647"/>
</pin_list>
<bind>
<StgValue><ssdm name="empty"/></StgValue>
</bind>
</comp>

<comp id="28" class="1001" name="const_28">
<pin_list>
<pin id="29" dir="1" index="0" bw="1" slack="2147483647"/>
</pin_list>
<bind>
<StgValue><ssdm name=""/></StgValue>
</bind>
</comp>

<comp id="30" class="1001" name="const_30">
<pin_list>
<pin id="31" dir="1" index="0" bw="1" slack="2147483647"/>
</pin_list>
<bind>
<StgValue><ssdm name="empty_0"/></StgValue>
</bind>
</comp>

<comp id="32" class="1001" name="const_32">
<pin_list>
<pin id="33" dir="1" index="0" bw="1" slack="0"/>
</pin_list>
<bind>
<StgValue><ssdm name=""/></StgValue>
</bind>
</comp>

<comp id="34" class="1001" name="const_34">
<pin_list>
<pin id="35" dir="1" index="0" bw="1" slack="2147483647"/>
</pin_list>
<bind>
<StgValue><ssdm name="empty_1"/></StgValue>
</bind>
</comp>

<comp id="36" class="1001" name="const_36">
<pin_list>
<pin id="37" dir="1" index="0" bw="1" slack="2147483647"/>
</pin_list>
<bind>
<StgValue><ssdm name="empty_2"/></StgValue>
</bind>
</comp>

<comp id="38" class="1001" name="const_38">
<pin_list>
<pin id="39" dir="1" index="0" bw="1" slack="0"/>
</pin_list>
<bind>
<StgValue><ssdm name=""/></StgValue>
</bind>
</comp>

<comp id="40" class="1001" name="const_40">
<pin_list>
<pin id="41" dir="1" index="0" bw="1" slack="2147483647"/>
</pin_list>
<bind>
<StgValue><ssdm name=""/></StgValue>
</bind>
</comp>

<comp id="42" class="1001" name="const_42">
<pin_list>
<pin id="43" dir="1" index="0" bw="1" slack="0"/>
</pin_list>
<bind>
<StgValue><ssdm name=""/></StgValue>
</bind>
</comp>

<comp id="44" class="1001" name="const_44">
<pin_list>
<pin id="45" dir="1" index="0" bw="1" slack="0"/>
</pin_list>
<bind>
<StgValue><ssdm name=""/></StgValue>
</bind>
</comp>

<comp id="46" class="1001" name="const_46">
<pin_list>
<pin id="47" dir="1" index="0" bw="1" slack="2147483647"/>
</pin_list>
<bind>
<StgValue><ssdm name="_ssdm_op_SpecBitsMap"/></StgValue>
</bind>
</comp>

<comp id="48" class="1001" name="const_48">
<pin_list>
<pin id="49" dir="1" index="0" bw="1" slack="0"/>
</pin_list>
<bind>
<StgValue><ssdm name=""/></StgValue>
</bind>
</comp>

<comp id="50" class="1001" name="const_50">
<pin_list>
<pin id="51" dir="1" index="0" bw="1" slack="0"/>
</pin_list>
<bind>
<StgValue><ssdm name=""/></StgValue>
</bind>
</comp>

<comp id="52" class="1001" name="const_52">
<pin_list>
<pin id="53" dir="1" index="0" bw="1" slack="0"/>
</pin_list>
<bind>
<StgValue><ssdm name=""/></StgValue>
</bind>
</comp>

<comp id="54" class="1001" name="const_54">
<pin_list>
<pin id="55" dir="1" index="0" bw="1" slack="0"/>
</pin_list>
<bind>
<StgValue><ssdm name="_ssdm_op_Read.m_axi.p1i512"/></StgValue>
</bind>
</comp>

<comp id="56" class="1001" name="const_56">
<pin_list>
<pin id="57" dir="1" index="0" bw="1" slack="2147483647"/>
</pin_list>
<bind>
<StgValue><ssdm name="_ssdm_op_SpecPipeline"/></StgValue>
</bind>
</comp>

<comp id="58" class="1001" name="const_58">
<pin_list>
<pin id="59" dir="1" index="0" bw="1" slack="2147483647"/>
</pin_list>
<bind>
<StgValue><ssdm name="_ssdm_op_SpecLoopTripCount"/></StgValue>
</bind>
</comp>

<comp id="60" class="1001" name="const_60">
<pin_list>
<pin id="61" dir="1" index="0" bw="1" slack="2147483647"/>
</pin_list>
<bind>
<StgValue><ssdm name=""/></StgValue>
</bind>
</comp>

<comp id="62" class="1001" name="const_62">
<pin_list>
<pin id="63" dir="1" index="0" bw="1" slack="2147483647"/>
</pin_list>
<bind>
<StgValue><ssdm name="_ssdm_op_SpecLoopName"/></StgValue>
</bind>
</comp>

<comp id="64" class="1001" name="const_64">
<pin_list>
<pin id="65" dir="1" index="0" bw="1" slack="2147483647"/>
</pin_list>
<bind>
<StgValue><ssdm name="empty_12"/></StgValue>
</bind>
</comp>

<comp id="66" class="1001" name="const_66">
<pin_list>
<pin id="67" dir="1" index="0" bw="1" slack="0"/>
</pin_list>
<bind>
<StgValue><ssdm name=""/></StgValue>
</bind>
</comp>

<comp id="68" class="1001" name="const_68">
<pin_list>
<pin id="69" dir="1" index="0" bw="1" slack="0"/>
</pin_list>
<bind>
<StgValue><ssdm name="_ssdm_op_PartSelect.i16.i512.i32.i32"/></StgValue>
</bind>
</comp>

<comp id="70" class="1001" name="const_70">
<pin_list>
<pin id="71" dir="1" index="0" bw="1" slack="0"/>
</pin_list>
<bind>
<StgValue><ssdm name=""/></StgValue>
</bind>
</comp>

<comp id="72" class="1001" name="const_72">
<pin_list>
<pin id="73" dir="1" index="0" bw="1" slack="0"/>
</pin_list>
<bind>
<StgValue><ssdm name=""/></StgValue>
</bind>
</comp>

<comp id="74" class="1001" name="const_74">
<pin_list>
<pin id="75" dir="1" index="0" bw="1" slack="0"/>
</pin_list>
<bind>
<StgValue><ssdm name=""/></StgValue>
</bind>
</comp>

<comp id="76" class="1001" name="const_76">
<pin_list>
<pin id="77" dir="1" index="0" bw="1" slack="0"/>
</pin_list>
<bind>
<StgValue><ssdm name=""/></StgValue>
</bind>
</comp>

<comp id="78" class="1001" name="const_78">
<pin_list>
<pin id="79" dir="1" index="0" bw="1" slack="0"/>
</pin_list>
<bind>
<StgValue><ssdm name=""/></StgValue>
</bind>
</comp>

<comp id="80" class="1001" name="const_80">
<pin_list>
<pin id="81" dir="1" index="0" bw="1" slack="0"/>
</pin_list>
<bind>
<StgValue><ssdm name=""/></StgValue>
</bind>
</comp>

<comp id="82" class="1001" name="const_82">
<pin_list>
<pin id="83" dir="1" index="0" bw="1" slack="0"/>
</pin_list>
<bind>
<StgValue><ssdm name=""/></StgValue>
</bind>
</comp>

<comp id="84" class="1001" name="const_84">
<pin_list>
<pin id="85" dir="1" index="0" bw="1" slack="0"/>
</pin_list>
<bind>
<StgValue><ssdm name=""/></StgValue>
</bind>
</comp>

<comp id="86" class="1001" name="const_86">
<pin_list>
<pin id="87" dir="1" index="0" bw="1" slack="0"/>
</pin_list>
<bind>
<StgValue><ssdm name=""/></StgValue>
</bind>
</comp>

<comp id="88" class="1001" name="const_88">
<pin_list>
<pin id="89" dir="1" index="0" bw="1" slack="0"/>
</pin_list>
<bind>
<StgValue><ssdm name=""/></StgValue>
</bind>
</comp>

<comp id="90" class="1001" name="const_90">
<pin_list>
<pin id="91" dir="1" index="0" bw="1" slack="0"/>
</pin_list>
<bind>
<StgValue><ssdm name=""/></StgValue>
</bind>
</comp>

<comp id="92" class="1001" name="const_92">
<pin_list>
<pin id="93" dir="1" index="0" bw="1" slack="0"/>
</pin_list>
<bind>
<StgValue><ssdm name=""/></StgValue>
</bind>
</comp>

<comp id="94" class="1001" name="const_94">
<pin_list>
<pin id="95" dir="1" index="0" bw="1" slack="0"/>
</pin_list>
<bind>
<StgValue><ssdm name="_ssdm_op_PartSelect.i384.i512.i32.i32"/></StgValue>
</bind>
</comp>

<comp id="96" class="1001" name="const_96">
<pin_list>
<pin id="97" dir="1" index="0" bw="1" slack="0"/>
</pin_list>
<bind>
<StgValue><ssdm name=""/></StgValue>
</bind>
</comp>

<comp id="98" class="1001" name="const_98">
<pin_list>
<pin id="99" dir="1" index="0" bw="1" slack="0"/>
</pin_list>
<bind>
<StgValue><ssdm name=""/></StgValue>
</bind>
</comp>

<comp id="100" class="1004" name="shiftreg8_fu_100">
<pin_list>
<pin id="101" dir="0" index="0" bw="1" slack="0"/>
<pin id="102" dir="1" index="1" bw="384" slack="0"/>
</pin_list>
<bind>
<opcode="alloca(26) " fcode="alloca"/>
<opset="shiftreg8/1 "/>
</bind>
</comp>

<comp id="104" class="1004" name="r_fu_104">
<pin_list>
<pin id="105" dir="0" index="0" bw="1" slack="0"/>
<pin id="106" dir="1" index="1" bw="4" slack="0"/>
</pin_list>
<bind>
<opcode="alloca(26) " fcode="alloca"/>
<opset="r/1 "/>
</bind>
</comp>

<comp id="108" class="1004" name="sext_ln64_read_read_fu_108">
<pin_list>
<pin id="109" dir="0" index="0" bw="58" slack="0"/>
<pin id="110" dir="0" index="1" bw="58" slack="0"/>
<pin id="111" dir="1" index="2" bw="58" slack="0"/>
</pin_list>
<bind>
<opcode="read(1150) " fcode="read"/>
<opset="sext_ln64_read/1 "/>
</bind>
</comp>

<comp id="114" class="1004" name="gmem_addr_read_read_fu_114">
<pin_list>
<pin id="115" dir="0" index="0" bw="512" slack="0"/>
<pin id="116" dir="0" index="1" bw="512" slack="0"/>
<pin id="117" dir="1" index="2" bw="512" slack="1"/>
</pin_list>
<bind>
<opcode="read(1150) " fcode="read"/>
<opset="gmem_addr_read/2 "/>
</bind>
</comp>

<comp id="119" class="1004" name="buf_2d_in_addr_gep_fu_119">
<pin_list>
<pin id="120" dir="0" index="0" bw="16" slack="0"/>
<pin id="121" dir="0" index="1" bw="1" slack="0"/>
<pin id="122" dir="0" index="2" bw="4" slack="0"/>
<pin id="123" dir="1" index="3" bw="3" slack="0"/>
</pin_list>
<bind>
<opcode="getelementptr(29) " fcode="getelementptr"/>
<opset="buf_2d_in_addr/3 "/>
</bind>
</comp>

<comp id="126" class="1004" name="buf_2d_in_1_addr_gep_fu_126">
<pin_list>
<pin id="127" dir="0" index="0" bw="16" slack="0"/>
<pin id="128" dir="0" index="1" bw="1" slack="0"/>
<pin id="129" dir="0" index="2" bw="4" slack="0"/>
<pin id="130" dir="1" index="3" bw="3" slack="0"/>
</pin_list>
<bind>
<opcode="getelementptr(29) " fcode="getelementptr"/>
<opset="buf_2d_in_1_addr/3 "/>
</bind>
</comp>

<comp id="133" class="1004" name="buf_2d_in_2_addr_gep_fu_133">
<pin_list>
<pin id="134" dir="0" index="0" bw="16" slack="0"/>
<pin id="135" dir="0" index="1" bw="1" slack="0"/>
<pin id="136" dir="0" index="2" bw="4" slack="0"/>
<pin id="137" dir="1" index="3" bw="3" slack="0"/>
</pin_list>
<bind>
<opcode="getelementptr(29) " fcode="getelementptr"/>
<opset="buf_2d_in_2_addr/3 "/>
</bind>
</comp>

<comp id="140" class="1004" name="buf_2d_in_3_addr_gep_fu_140">
<pin_list>
<pin id="141" dir="0" index="0" bw="16" slack="0"/>
<pin id="142" dir="0" index="1" bw="1" slack="0"/>
<pin id="143" dir="0" index="2" bw="4" slack="0"/>
<pin id="144" dir="1" index="3" bw="3" slack="0"/>
</pin_list>
<bind>
<opcode="getelementptr(29) " fcode="getelementptr"/>
<opset="buf_2d_in_3_addr/3 "/>
</bind>
</comp>

<comp id="147" class="1004" name="buf_2d_in_4_addr_gep_fu_147">
<pin_list>
<pin id="148" dir="0" index="0" bw="16" slack="0"/>
<pin id="149" dir="0" index="1" bw="1" slack="0"/>
<pin id="150" dir="0" index="2" bw="4" slack="0"/>
<pin id="151" dir="1" index="3" bw="3" slack="0"/>
</pin_list>
<bind>
<opcode="getelementptr(29) " fcode="getelementptr"/>
<opset="buf_2d_in_4_addr/3 "/>
</bind>
</comp>

<comp id="154" class="1004" name="buf_2d_in_5_addr_gep_fu_154">
<pin_list>
<pin id="155" dir="0" index="0" bw="16" slack="0"/>
<pin id="156" dir="0" index="1" bw="1" slack="0"/>
<pin id="157" dir="0" index="2" bw="4" slack="0"/>
<pin id="158" dir="1" index="3" bw="3" slack="0"/>
</pin_list>
<bind>
<opcode="getelementptr(29) " fcode="getelementptr"/>
<opset="buf_2d_in_5_addr/3 "/>
</bind>
</comp>

<comp id="161" class="1004" name="buf_2d_in_6_addr_gep_fu_161">
<pin_list>
<pin id="162" dir="0" index="0" bw="16" slack="0"/>
<pin id="163" dir="0" index="1" bw="1" slack="0"/>
<pin id="164" dir="0" index="2" bw="4" slack="0"/>
<pin id="165" dir="1" index="3" bw="3" slack="0"/>
</pin_list>
<bind>
<opcode="getelementptr(29) " fcode="getelementptr"/>
<opset="buf_2d_in_6_addr/3 "/>
</bind>
</comp>

<comp id="168" class="1004" name="buf_2d_in_7_addr_gep_fu_168">
<pin_list>
<pin id="169" dir="0" index="0" bw="16" slack="0"/>
<pin id="170" dir="0" index="1" bw="1" slack="0"/>
<pin id="171" dir="0" index="2" bw="4" slack="0"/>
<pin id="172" dir="1" index="3" bw="3" slack="0"/>
</pin_list>
<bind>
<opcode="getelementptr(29) " fcode="getelementptr"/>
<opset="buf_2d_in_7_addr/3 "/>
</bind>
</comp>

<comp id="175" class="1004" name="store_ln68_access_fu_175">
<pin_list>
<pin id="176" dir="0" index="0" bw="3" slack="0"/>
<pin id="177" dir="0" index="1" bw="16" slack="0"/>
<pin id="178" dir="0" index="2" bw="0" slack="2147483647"/>
<pin id="179" dir="1" index="3" bw="16" slack="2147483647"/>
</pin_list>
<bind>
<opcode="store(28) " fcode="store"/>
<opset="store_ln68/3 "/>
</bind>
</comp>

<comp id="181" class="1004" name="store_ln68_access_fu_181">
<pin_list>
<pin id="182" dir="0" index="0" bw="3" slack="0"/>
<pin id="183" dir="0" index="1" bw="16" slack="0"/>
<pin id="184" dir="0" index="2" bw="0" slack="2147483647"/>
<pin id="185" dir="1" index="3" bw="16" slack="2147483647"/>
</pin_list>
<bind>
<opcode="store(28) " fcode="store"/>
<opset="store_ln68/3 "/>
</bind>
</comp>

<comp id="187" class="1004" name="store_ln68_access_fu_187">
<pin_list>
<pin id="188" dir="0" index="0" bw="3" slack="0"/>
<pin id="189" dir="0" index="1" bw="16" slack="0"/>
<pin id="190" dir="0" index="2" bw="0" slack="2147483647"/>
<pin id="191" dir="1" index="3" bw="16" slack="2147483647"/>
</pin_list>
<bind>
<opcode="store(28) " fcode="store"/>
<opset="store_ln68/3 "/>
</bind>
</comp>

<comp id="193" class="1004" name="store_ln68_access_fu_193">
<pin_list>
<pin id="194" dir="0" index="0" bw="3" slack="0"/>
<pin id="195" dir="0" index="1" bw="16" slack="0"/>
<pin id="196" dir="0" index="2" bw="0" slack="2147483647"/>
<pin id="197" dir="1" index="3" bw="16" slack="2147483647"/>
</pin_list>
<bind>
<opcode="store(28) " fcode="store"/>
<opset="store_ln68/3 "/>
</bind>
</comp>

<comp id="199" class="1004" name="store_ln68_access_fu_199">
<pin_list>
<pin id="200" dir="0" index="0" bw="3" slack="0"/>
<pin id="201" dir="0" index="1" bw="16" slack="0"/>
<pin id="202" dir="0" index="2" bw="0" slack="2147483647"/>
<pin id="203" dir="1" index="3" bw="16" slack="2147483647"/>
</pin_list>
<bind>
<opcode="store(28) " fcode="store"/>
<opset="store_ln68/3 "/>
</bind>
</comp>

<comp id="205" class="1004" name="store_ln68_access_fu_205">
<pin_list>
<pin id="206" dir="0" index="0" bw="3" slack="0"/>
<pin id="207" dir="0" index="1" bw="16" slack="0"/>
<pin id="208" dir="0" index="2" bw="0" slack="2147483647"/>
<pin id="209" dir="1" index="3" bw="16" slack="2147483647"/>
</pin_list>
<bind>
<opcode="store(28) " fcode="store"/>
<opset="store_ln68/3 "/>
</bind>
</comp>

<comp id="211" class="1004" name="store_ln68_access_fu_211">
<pin_list>
<pin id="212" dir="0" index="0" bw="3" slack="0"/>
<pin id="213" dir="0" index="1" bw="16" slack="0"/>
<pin id="214" dir="0" index="2" bw="0" slack="2147483647"/>
<pin id="215" dir="1" index="3" bw="16" slack="2147483647"/>
</pin_list>
<bind>
<opcode="store(28) " fcode="store"/>
<opset="store_ln68/3 "/>
</bind>
</comp>

<comp id="217" class="1004" name="store_ln68_access_fu_217">
<pin_list>
<pin id="218" dir="0" index="0" bw="3" slack="0"/>
<pin id="219" dir="0" index="1" bw="16" slack="0"/>
<pin id="220" dir="0" index="2" bw="0" slack="2147483647"/>
<pin id="221" dir="1" index="3" bw="16" slack="2147483647"/>
</pin_list>
<bind>
<opcode="store(28) " fcode="store"/>
<opset="store_ln68/3 "/>
</bind>
</comp>

<comp id="223" class="1005" name="empty_reg_223">
<pin_list>
<pin id="224" dir="0" index="0" bw="512" slack="2147483647"/>
<pin id="225" dir="1" index="1" bw="512" slack="2147483647"/>
</pin_list>
<bind>
<opset="empty (phireg) "/>
</bind>
</comp>

<comp id="226" class="1004" name="empty_phi_fu_226">
<pin_list>
<pin id="227" dir="0" index="0" bw="512" slack="1"/>
<pin id="228" dir="0" index="1" bw="0" slack="2147483647"/>
<pin id="229" dir="0" index="2" bw="384" slack="0"/>
<pin id="230" dir="0" index="3" bw="0" slack="2147483647"/>
<pin id="231" dir="1" index="4" bw="512" slack="0"/>
</pin_list>
<bind>
<opcode="phi(47) " fcode="phi"/>
<opset="empty/3 "/>
</bind>
</comp>

<comp id="232" class="1004" name="sext_ln64_cast_fu_232">
<pin_list>
<pin id="233" dir="0" index="0" bw="58" slack="0"/>
<pin id="234" dir="1" index="1" bw="64" slack="1"/>
</pin_list>
<bind>
<opcode="sext(35) " fcode="sext"/>
<opset="sext_ln64_cast/1 "/>
</bind>
</comp>

<comp id="236" class="1004" name="store_ln61_store_fu_236">
<pin_list>
<pin id="237" dir="0" index="0" bw="1" slack="0"/>
<pin id="238" dir="0" index="1" bw="4" slack="0"/>
<pin id="239" dir="1" index="2" bw="0" slack="2147483647"/>
</pin_list>
<bind>
<opcode="store(28) " fcode="store"/>
<opset="store_ln61/1 "/>
</bind>
</comp>

<comp id="241" class="1004" name="store_ln0_store_fu_241">
<pin_list>
<pin id="242" dir="0" index="0" bw="1" slack="0"/>
<pin id="243" dir="0" index="1" bw="384" slack="0"/>
<pin id="244" dir="1" index="2" bw="0" slack="2147483647"/>
</pin_list>
<bind>
<opcode="store(28) " fcode="store"/>
<opset="store_ln0/1 "/>
</bind>
</comp>

<comp id="246" class="1004" name="r_2_load_fu_246">
<pin_list>
<pin id="247" dir="0" index="0" bw="4" slack="0"/>
<pin id="248" dir="1" index="1" bw="4" slack="0"/>
</pin_list>
<bind>
<opcode="load(27) " fcode="load"/>
<opset="r_2/1 "/>
</bind>
</comp>

<comp id="249" class="1004" name="icmp_ln64_fu_249">
<pin_list>
<pin id="250" dir="0" index="0" bw="4" slack="0"/>
<pin id="251" dir="0" index="1" bw="4" slack="0"/>
<pin id="252" dir="1" index="2" bw="1" slack="1"/>
</pin_list>
<bind>
<opcode="icmp(45) " fcode="icmp"/>
<opset="icmp_ln64/1 "/>
</bind>
</comp>

<comp id="255" class="1004" name="add_ln64_fu_255">
<pin_list>
<pin id="256" dir="0" index="0" bw="4" slack="0"/>
<pin id="257" dir="0" index="1" bw="1" slack="0"/>
<pin id="258" dir="1" index="2" bw="4" slack="0"/>
</pin_list>
<bind>
<opcode="add(8) " fcode="add"/>
<opset="add_ln64/1 "/>
</bind>
</comp>

<comp id="261" class="1004" name="trunc_ln64_fu_261">
<pin_list>
<pin id="262" dir="0" index="0" bw="4" slack="0"/>
<pin id="263" dir="1" index="1" bw="2" slack="0"/>
</pin_list>
<bind>
<opcode="trunc(33) " fcode="trunc"/>
<opset="trunc_ln64/1 "/>
</bind>
</comp>

<comp id="265" class="1004" name="icmp_ln66_fu_265">
<pin_list>
<pin id="266" dir="0" index="0" bw="2" slack="0"/>
<pin id="267" dir="0" index="1" bw="1" slack="0"/>
<pin id="268" dir="1" index="2" bw="1" slack="1"/>
</pin_list>
<bind>
<opcode="icmp(45) " fcode="icmp"/>
<opset="icmp_ln66/1 "/>
</bind>
</comp>

<comp id="271" class="1004" name="store_ln61_store_fu_271">
<pin_list>
<pin id="272" dir="0" index="0" bw="4" slack="0"/>
<pin id="273" dir="0" index="1" bw="4" slack="0"/>
<pin id="274" dir="1" index="2" bw="0" slack="2147483647"/>
</pin_list>
<bind>
<opcode="store(28) " fcode="store"/>
<opset="store_ln61/1 "/>
</bind>
</comp>

<comp id="276" class="1004" name="gmem_addr_fu_276">
<pin_list>
<pin id="277" dir="0" index="0" bw="512" slack="0"/>
<pin id="278" dir="0" index="1" bw="58" slack="1"/>
<pin id="279" dir="1" index="2" bw="512" slack="0"/>
</pin_list>
<bind>
<opcode="getelementptr(29) " fcode="getelementptr"/>
<opset="gmem_addr/2 "/>
</bind>
</comp>

<comp id="282" class="1004" name="shiftreg8_load_load_fu_282">
<pin_list>
<pin id="283" dir="0" index="0" bw="384" slack="2"/>
<pin id="284" dir="1" index="1" bw="384" slack="0"/>
</pin_list>
<bind>
<opcode="load(27) " fcode="load"/>
<opset="shiftreg8_load/3 "/>
</bind>
</comp>

<comp id="285" class="1004" name="zext_ln64_fu_285">
<pin_list>
<pin id="286" dir="0" index="0" bw="384" slack="0"/>
<pin id="287" dir="1" index="1" bw="512" slack="0"/>
</pin_list>
<bind>
<opcode="zext(34) " fcode="zext"/>
<opset="zext_ln64/3 "/>
</bind>
</comp>

<comp id="290" class="1004" name="zext_ln64_1_fu_290">
<pin_list>
<pin id="291" dir="0" index="0" bw="4" slack="2"/>
<pin id="292" dir="1" index="1" bw="64" slack="0"/>
</pin_list>
<bind>
<opcode="zext(34) " fcode="zext"/>
<opset="zext_ln64_1/3 "/>
</bind>
</comp>

<comp id="301" class="1004" name="trunc_ln68_fu_301">
<pin_list>
<pin id="302" dir="0" index="0" bw="512" slack="0"/>
<pin id="303" dir="1" index="1" bw="16" slack="0"/>
</pin_list>
<bind>
<opcode="trunc(33) " fcode="trunc"/>
<opset="trunc_ln68/3 "/>
</bind>
</comp>

<comp id="306" class="1004" name="trunc_ln68_1_fu_306">
<pin_list>
<pin id="307" dir="0" index="0" bw="16" slack="0"/>
<pin id="308" dir="0" index="1" bw="512" slack="0"/>
<pin id="309" dir="0" index="2" bw="6" slack="0"/>
<pin id="310" dir="0" index="3" bw="6" slack="0"/>
<pin id="311" dir="1" index="4" bw="16" slack="0"/>
</pin_list>
<bind>
<opcode="partselect(1002) " fcode="partselect"/>
<opset="trunc_ln68_1/3 "/>
</bind>
</comp>

<comp id="317" class="1004" name="trunc_ln68_2_fu_317">
<pin_list>
<pin id="318" dir="0" index="0" bw="16" slack="0"/>
<pin id="319" dir="0" index="1" bw="512" slack="0"/>
<pin id="320" dir="0" index="2" bw="7" slack="0"/>
<pin id="321" dir="0" index="3" bw="7" slack="0"/>
<pin id="322" dir="1" index="4" bw="16" slack="0"/>
</pin_list>
<bind>
<opcode="partselect(1002) " fcode="partselect"/>
<opset="trunc_ln68_2/3 "/>
</bind>
</comp>

<comp id="328" class="1004" name="trunc_ln68_3_fu_328">
<pin_list>
<pin id="329" dir="0" index="0" bw="16" slack="0"/>
<pin id="330" dir="0" index="1" bw="512" slack="0"/>
<pin id="331" dir="0" index="2" bw="7" slack="0"/>
<pin id="332" dir="0" index="3" bw="7" slack="0"/>
<pin id="333" dir="1" index="4" bw="16" slack="0"/>
</pin_list>
<bind>
<opcode="partselect(1002) " fcode="partselect"/>
<opset="trunc_ln68_3/3 "/>
</bind>
</comp>

<comp id="339" class="1004" name="trunc_ln68_4_fu_339">
<pin_list>
<pin id="340" dir="0" index="0" bw="16" slack="0"/>
<pin id="341" dir="0" index="1" bw="512" slack="0"/>
<pin id="342" dir="0" index="2" bw="8" slack="0"/>
<pin id="343" dir="0" index="3" bw="8" slack="0"/>
<pin id="344" dir="1" index="4" bw="16" slack="0"/>
</pin_list>
<bind>
<opcode="partselect(1002) " fcode="partselect"/>
<opset="trunc_ln68_4/3 "/>
</bind>
</comp>

<comp id="350" class="1004" name="trunc_ln68_5_fu_350">
<pin_list>
<pin id="351" dir="0" index="0" bw="16" slack="0"/>
<pin id="352" dir="0" index="1" bw="512" slack="0"/>
<pin id="353" dir="0" index="2" bw="8" slack="0"/>
<pin id="354" dir="0" index="3" bw="8" slack="0"/>
<pin id="355" dir="1" index="4" bw="16" slack="0"/>
</pin_list>
<bind>
<opcode="partselect(1002) " fcode="partselect"/>
<opset="trunc_ln68_5/3 "/>
</bind>
</comp>

<comp id="361" class="1004" name="trunc_ln68_6_fu_361">
<pin_list>
<pin id="362" dir="0" index="0" bw="16" slack="0"/>
<pin id="363" dir="0" index="1" bw="512" slack="0"/>
<pin id="364" dir="0" index="2" bw="8" slack="0"/>
<pin id="365" dir="0" index="3" bw="8" slack="0"/>
<pin id="366" dir="1" index="4" bw="16" slack="0"/>
</pin_list>
<bind>
<opcode="partselect(1002) " fcode="partselect"/>
<opset="trunc_ln68_6/3 "/>
</bind>
</comp>

<comp id="372" class="1004" name="trunc_ln68_7_fu_372">
<pin_list>
<pin id="373" dir="0" index="0" bw="16" slack="0"/>
<pin id="374" dir="0" index="1" bw="512" slack="0"/>
<pin id="375" dir="0" index="2" bw="8" slack="0"/>
<pin id="376" dir="0" index="3" bw="8" slack="0"/>
<pin id="377" dir="1" index="4" bw="16" slack="0"/>
</pin_list>
<bind>
<opcode="partselect(1002) " fcode="partselect"/>
<opset="trunc_ln68_7/3 "/>
</bind>
</comp>

<comp id="383" class="1004" name="trunc_ln64_2_fu_383">
<pin_list>
<pin id="384" dir="0" index="0" bw="384" slack="0"/>
<pin id="385" dir="0" index="1" bw="512" slack="0"/>
<pin id="386" dir="0" index="2" bw="9" slack="0"/>
<pin id="387" dir="0" index="3" bw="10" slack="0"/>
<pin id="388" dir="1" index="4" bw="384" slack="0"/>
</pin_list>
<bind>
<opcode="partselect(1002) " fcode="partselect"/>
<opset="trunc_ln64_2/3 "/>
</bind>
</comp>

<comp id="393" class="1004" name="store_ln64_store_fu_393">
<pin_list>
<pin id="394" dir="0" index="0" bw="384" slack="0"/>
<pin id="395" dir="0" index="1" bw="384" slack="2"/>
<pin id="396" dir="1" index="2" bw="0" slack="2147483647"/>
</pin_list>
<bind>
<opcode="store(28) " fcode="store"/>
<opset="store_ln64/3 "/>
</bind>
</comp>

<comp id="398" class="1005" name="shiftreg8_reg_398">
<pin_list>
<pin id="399" dir="0" index="0" bw="384" slack="0"/>
<pin id="400" dir="1" index="1" bw="384" slack="0"/>
</pin_list>
<bind>
<opset="shiftreg8 "/>
</bind>
</comp>

<comp id="405" class="1005" name="r_reg_405">
<pin_list>
<pin id="406" dir="0" index="0" bw="4" slack="0"/>
<pin id="407" dir="1" index="1" bw="4" slack="0"/>
</pin_list>
<bind>
<opset="r "/>
</bind>
</comp>

<comp id="412" class="1005" name="sext_ln64_cast_reg_412">
<pin_list>
<pin id="413" dir="0" index="0" bw="64" slack="1"/>
<pin id="414" dir="1" index="1" bw="64" slack="1"/>
</pin_list>
<bind>
<opset="sext_ln64_cast "/>
</bind>
</comp>

<comp id="417" class="1005" name="r_2_reg_417">
<pin_list>
<pin id="418" dir="0" index="0" bw="4" slack="2"/>
<pin id="419" dir="1" index="1" bw="4" slack="2"/>
</pin_list>
<bind>
<opset="r_2 "/>
</bind>
</comp>

<comp id="422" class="1005" name="icmp_ln64_reg_422">
<pin_list>
<pin id="423" dir="0" index="0" bw="1" slack="1"/>
<pin id="424" dir="1" index="1" bw="1" slack="2147483647"/>
</pin_list>
<bind>
<opset="icmp_ln64 "/>
</bind>
</comp>

<comp id="426" class="1005" name="icmp_ln66_reg_426">
<pin_list>
<pin id="427" dir="0" index="0" bw="1" slack="1"/>
<pin id="428" dir="1" index="1" bw="1" slack="2147483647"/>
</pin_list>
<bind>
<opset="icmp_ln66 "/>
</bind>
</comp>

<comp id="430" class="1005" name="gmem_addr_read_reg_430">
<pin_list>
<pin id="431" dir="0" index="0" bw="512" slack="1"/>
<pin id="432" dir="1" index="1" bw="512" slack="1"/>
</pin_list>
<bind>
<opset="gmem_addr_read "/>
</bind>
</comp>

</comp_list>

<net_list>
<net id="103"><net_src comp="20" pin="0"/><net_sink comp="100" pin=0"/></net>

<net id="107"><net_src comp="20" pin="0"/><net_sink comp="104" pin=0"/></net>

<net id="112"><net_src comp="22" pin="0"/><net_sink comp="108" pin=0"/></net>

<net id="113"><net_src comp="18" pin="0"/><net_sink comp="108" pin=1"/></net>

<net id="118"><net_src comp="54" pin="0"/><net_sink comp="114" pin=0"/></net>

<net id="124"><net_src comp="2" pin="0"/><net_sink comp="119" pin=0"/></net>

<net id="125"><net_src comp="66" pin="0"/><net_sink comp="119" pin=1"/></net>

<net id="131"><net_src comp="4" pin="0"/><net_sink comp="126" pin=0"/></net>

<net id="132"><net_src comp="66" pin="0"/><net_sink comp="126" pin=1"/></net>

<net id="138"><net_src comp="6" pin="0"/><net_sink comp="133" pin=0"/></net>

<net id="139"><net_src comp="66" pin="0"/><net_sink comp="133" pin=1"/></net>

<net id="145"><net_src comp="8" pin="0"/><net_sink comp="140" pin=0"/></net>

<net id="146"><net_src comp="66" pin="0"/><net_sink comp="140" pin=1"/></net>

<net id="152"><net_src comp="10" pin="0"/><net_sink comp="147" pin=0"/></net>

<net id="153"><net_src comp="66" pin="0"/><net_sink comp="147" pin=1"/></net>

<net id="159"><net_src comp="12" pin="0"/><net_sink comp="154" pin=0"/></net>

<net id="160"><net_src comp="66" pin="0"/><net_sink comp="154" pin=1"/></net>

<net id="166"><net_src comp="14" pin="0"/><net_sink comp="161" pin=0"/></net>

<net id="167"><net_src comp="66" pin="0"/><net_sink comp="161" pin=1"/></net>

<net id="173"><net_src comp="16" pin="0"/><net_sink comp="168" pin=0"/></net>

<net id="174"><net_src comp="66" pin="0"/><net_sink comp="168" pin=1"/></net>

<net id="180"><net_src comp="119" pin="3"/><net_sink comp="175" pin=0"/></net>

<net id="186"><net_src comp="126" pin="3"/><net_sink comp="181" pin=0"/></net>

<net id="192"><net_src comp="133" pin="3"/><net_sink comp="187" pin=0"/></net>

<net id="198"><net_src comp="140" pin="3"/><net_sink comp="193" pin=0"/></net>

<net id="204"><net_src comp="147" pin="3"/><net_sink comp="199" pin=0"/></net>

<net id="210"><net_src comp="154" pin="3"/><net_sink comp="205" pin=0"/></net>

<net id="216"><net_src comp="161" pin="3"/><net_sink comp="211" pin=0"/></net>

<net id="222"><net_src comp="168" pin="3"/><net_sink comp="217" pin=0"/></net>

<net id="235"><net_src comp="108" pin="2"/><net_sink comp="232" pin=0"/></net>

<net id="240"><net_src comp="42" pin="0"/><net_sink comp="236" pin=0"/></net>

<net id="245"><net_src comp="44" pin="0"/><net_sink comp="241" pin=0"/></net>

<net id="253"><net_src comp="246" pin="1"/><net_sink comp="249" pin=0"/></net>

<net id="254"><net_src comp="48" pin="0"/><net_sink comp="249" pin=1"/></net>

<net id="259"><net_src comp="246" pin="1"/><net_sink comp="255" pin=0"/></net>

<net id="260"><net_src comp="50" pin="0"/><net_sink comp="255" pin=1"/></net>

<net id="264"><net_src comp="246" pin="1"/><net_sink comp="261" pin=0"/></net>

<net id="269"><net_src comp="261" pin="1"/><net_sink comp="265" pin=0"/></net>

<net id="270"><net_src comp="52" pin="0"/><net_sink comp="265" pin=1"/></net>

<net id="275"><net_src comp="255" pin="2"/><net_sink comp="271" pin=0"/></net>

<net id="280"><net_src comp="0" pin="0"/><net_sink comp="276" pin=0"/></net>

<net id="281"><net_src comp="276" pin="2"/><net_sink comp="114" pin=1"/></net>

<net id="288"><net_src comp="282" pin="1"/><net_sink comp="285" pin=0"/></net>

<net id="289"><net_src comp="285" pin="1"/><net_sink comp="226" pin=2"/></net>

<net id="293"><net_src comp="290" pin="1"/><net_sink comp="119" pin=2"/></net>

<net id="294"><net_src comp="290" pin="1"/><net_sink comp="126" pin=2"/></net>

<net id="295"><net_src comp="290" pin="1"/><net_sink comp="133" pin=2"/></net>

<net id="296"><net_src comp="290" pin="1"/><net_sink comp="140" pin=2"/></net>

<net id="297"><net_src comp="290" pin="1"/><net_sink comp="147" pin=2"/></net>

<net id="298"><net_src comp="290" pin="1"/><net_sink comp="154" pin=2"/></net>

<net id="299"><net_src comp="290" pin="1"/><net_sink comp="161" pin=2"/></net>

<net id="300"><net_src comp="290" pin="1"/><net_sink comp="168" pin=2"/></net>

<net id="304"><net_src comp="226" pin="4"/><net_sink comp="301" pin=0"/></net>

<net id="305"><net_src comp="301" pin="1"/><net_sink comp="175" pin=1"/></net>

<net id="312"><net_src comp="68" pin="0"/><net_sink comp="306" pin=0"/></net>

<net id="313"><net_src comp="226" pin="4"/><net_sink comp="306" pin=1"/></net>

<net id="314"><net_src comp="38" pin="0"/><net_sink comp="306" pin=2"/></net>

<net id="315"><net_src comp="70" pin="0"/><net_sink comp="306" pin=3"/></net>

<net id="316"><net_src comp="306" pin="4"/><net_sink comp="181" pin=1"/></net>

<net id="323"><net_src comp="68" pin="0"/><net_sink comp="317" pin=0"/></net>

<net id="324"><net_src comp="226" pin="4"/><net_sink comp="317" pin=1"/></net>

<net id="325"><net_src comp="72" pin="0"/><net_sink comp="317" pin=2"/></net>

<net id="326"><net_src comp="74" pin="0"/><net_sink comp="317" pin=3"/></net>

<net id="327"><net_src comp="317" pin="4"/><net_sink comp="187" pin=1"/></net>

<net id="334"><net_src comp="68" pin="0"/><net_sink comp="328" pin=0"/></net>

<net id="335"><net_src comp="226" pin="4"/><net_sink comp="328" pin=1"/></net>

<net id="336"><net_src comp="76" pin="0"/><net_sink comp="328" pin=2"/></net>

<net id="337"><net_src comp="78" pin="0"/><net_sink comp="328" pin=3"/></net>

<net id="338"><net_src comp="328" pin="4"/><net_sink comp="193" pin=1"/></net>

<net id="345"><net_src comp="68" pin="0"/><net_sink comp="339" pin=0"/></net>

<net id="346"><net_src comp="226" pin="4"/><net_sink comp="339" pin=1"/></net>

<net id="347"><net_src comp="32" pin="0"/><net_sink comp="339" pin=2"/></net>

<net id="348"><net_src comp="80" pin="0"/><net_sink comp="339" pin=3"/></net>

<net id="349"><net_src comp="339" pin="4"/><net_sink comp="199" pin=1"/></net>

<net id="356"><net_src comp="68" pin="0"/><net_sink comp="350" pin=0"/></net>

<net id="357"><net_src comp="226" pin="4"/><net_sink comp="350" pin=1"/></net>

<net id="358"><net_src comp="82" pin="0"/><net_sink comp="350" pin=2"/></net>

<net id="359"><net_src comp="84" pin="0"/><net_sink comp="350" pin=3"/></net>

<net id="360"><net_src comp="350" pin="4"/><net_sink comp="205" pin=1"/></net>

<net id="367"><net_src comp="68" pin="0"/><net_sink comp="361" pin=0"/></net>

<net id="368"><net_src comp="226" pin="4"/><net_sink comp="361" pin=1"/></net>

<net id="369"><net_src comp="86" pin="0"/><net_sink comp="361" pin=2"/></net>

<net id="370"><net_src comp="88" pin="0"/><net_sink comp="361" pin=3"/></net>

<net id="371"><net_src comp="361" pin="4"/><net_sink comp="211" pin=1"/></net>

<net id="378"><net_src comp="68" pin="0"/><net_sink comp="372" pin=0"/></net>

<net id="379"><net_src comp="226" pin="4"/><net_sink comp="372" pin=1"/></net>

<net id="380"><net_src comp="90" pin="0"/><net_sink comp="372" pin=2"/></net>

<net id="381"><net_src comp="92" pin="0"/><net_sink comp="372" pin=3"/></net>

<net id="382"><net_src comp="372" pin="4"/><net_sink comp="217" pin=1"/></net>

<net id="389"><net_src comp="94" pin="0"/><net_sink comp="383" pin=0"/></net>

<net id="390"><net_src comp="226" pin="4"/><net_sink comp="383" pin=1"/></net>

<net id="391"><net_src comp="96" pin="0"/><net_sink comp="383" pin=2"/></net>

<net id="392"><net_src comp="98" pin="0"/><net_sink comp="383" pin=3"/></net>

<net id="397"><net_src comp="383" pin="4"/><net_sink comp="393" pin=0"/></net>

<net id="401"><net_src comp="100" pin="1"/><net_sink comp="398" pin=0"/></net>

<net id="402"><net_src comp="398" pin="1"/><net_sink comp="241" pin=1"/></net>

<net id="403"><net_src comp="398" pin="1"/><net_sink comp="282" pin=0"/></net>

<net id="404"><net_src comp="398" pin="1"/><net_sink comp="393" pin=1"/></net>

<net id="408"><net_src comp="104" pin="1"/><net_sink comp="405" pin=0"/></net>

<net id="409"><net_src comp="405" pin="1"/><net_sink comp="236" pin=1"/></net>

<net id="410"><net_src comp="405" pin="1"/><net_sink comp="246" pin=0"/></net>

<net id="411"><net_src comp="405" pin="1"/><net_sink comp="271" pin=1"/></net>

<net id="415"><net_src comp="232" pin="1"/><net_sink comp="412" pin=0"/></net>

<net id="416"><net_src comp="412" pin="1"/><net_sink comp="276" pin=1"/></net>

<net id="420"><net_src comp="246" pin="1"/><net_sink comp="417" pin=0"/></net>

<net id="421"><net_src comp="417" pin="1"/><net_sink comp="290" pin=0"/></net>

<net id="425"><net_src comp="249" pin="2"/><net_sink comp="422" pin=0"/></net>

<net id="429"><net_src comp="265" pin="2"/><net_sink comp="426" pin=0"/></net>

<net id="433"><net_src comp="114" pin="2"/><net_sink comp="430" pin=0"/></net>

<net id="434"><net_src comp="430" pin="1"/><net_sink comp="226" pin=0"/></net>

</net_list>

</model> 
---------------- Datapath Model END ------------------

* FSMD analyzer results:
  - Output states:
	Port: buf_2d_in | {3 }
	Port: buf_2d_in_1 | {3 }
	Port: buf_2d_in_2 | {3 }
	Port: buf_2d_in_3 | {3 }
	Port: buf_2d_in_4 | {3 }
	Port: buf_2d_in_5 | {3 }
	Port: buf_2d_in_6 | {3 }
	Port: buf_2d_in_7 | {3 }
 - Input state : 
	Port: dct_Pipeline_RD_Loop_Row : gmem | {2 }
	Port: dct_Pipeline_RD_Loop_Row : sext_ln64 | {1 }
  - Chain level:
	State 1
		store_ln61 : 1
		store_ln0 : 1
		r_2 : 1
		icmp_ln64 : 2
		add_ln64 : 2
		br_ln64 : 3
		trunc_ln64 : 2
		icmp_ln66 : 3
		store_ln61 : 3
	State 2
		gmem_addr_read : 1
	State 3
		zext_ln64 : 1
		empty : 2
		trunc_ln68 : 3
		buf_2d_in_addr : 1
		trunc_ln68_1 : 3
		buf_2d_in_1_addr : 1
		trunc_ln68_2 : 3
		buf_2d_in_2_addr : 1
		trunc_ln68_3 : 3
		buf_2d_in_3_addr : 1
		trunc_ln68_4 : 3
		buf_2d_in_4_addr : 1
		trunc_ln68_5 : 3
		buf_2d_in_5_addr : 1
		trunc_ln68_6 : 3
		buf_2d_in_6_addr : 1
		trunc_ln68_7 : 3
		buf_2d_in_7_addr : 1
		store_ln68 : 4
		store_ln68 : 4
		store_ln68 : 4
		store_ln68 : 4
		store_ln68 : 4
		store_ln68 : 4
		store_ln68 : 4
		store_ln68 : 4
		trunc_ln64_2 : 3
		store_ln64 : 4


============================================================
+ Verbose Summary: Datapath Resource usage 
============================================================

* Functional unit list:
|----------|----------------------------|---------|---------|
| Operation|       Functional Unit      |    FF   |   LUT   |
|----------|----------------------------|---------|---------|
|   icmp   |      icmp_ln64_fu_249      |    0    |    12   |
|          |      icmp_ln66_fu_265      |    0    |    9    |
|----------|----------------------------|---------|---------|
|    add   |       add_ln64_fu_255      |    0    |    12   |
|----------|----------------------------|---------|---------|
|   read   | sext_ln64_read_read_fu_108 |    0    |    0    |
|          | gmem_addr_read_read_fu_114 |    0    |    0    |
|----------|----------------------------|---------|---------|
|   sext   |    sext_ln64_cast_fu_232   |    0    |    0    |
|----------|----------------------------|---------|---------|
|   trunc  |      trunc_ln64_fu_261     |    0    |    0    |
|          |      trunc_ln68_fu_301     |    0    |    0    |
|----------|----------------------------|---------|---------|
|   zext   |      zext_ln64_fu_285      |    0    |    0    |
|          |     zext_ln64_1_fu_290     |    0    |    0    |
|----------|----------------------------|---------|---------|
|          |     trunc_ln68_1_fu_306    |    0    |    0    |
|          |     trunc_ln68_2_fu_317    |    0    |    0    |
|          |     trunc_ln68_3_fu_328    |    0    |    0    |
|partselect|     trunc_ln68_4_fu_339    |    0    |    0    |
|          |     trunc_ln68_5_fu_350    |    0    |    0    |
|          |     trunc_ln68_6_fu_361    |    0    |    0    |
|          |     trunc_ln68_7_fu_372    |    0    |    0    |
|          |     trunc_ln64_2_fu_383    |    0    |    0    |
|----------|----------------------------|---------|---------|
|   Total  |                            |    0    |    33   |
|----------|----------------------------|---------|---------|

Memories:
N/A

* Register list:
+----------------------+--------+
|                      |   FF   |
+----------------------+--------+
|     empty_reg_223    |   512  |
|gmem_addr_read_reg_430|   512  |
|   icmp_ln64_reg_422  |    1   |
|   icmp_ln66_reg_426  |    1   |
|      r_2_reg_417     |    4   |
|       r_reg_405      |    4   |
|sext_ln64_cast_reg_412|   64   |
|   shiftreg8_reg_398  |   384  |
+----------------------+--------+
|         Total        |  1482  |
+----------------------+--------+

* Multiplexer (MUX) list: 
|--------|------|------|------|--------|
|  Comp  |  Pin | Size |  BW  | S x BW |
|--------|------|------|------|--------|
|  Total |      |      |      |    0   |
|--------|------|------|------|--------|



* Summary:
+-----------+--------+--------+
|           |   FF   |   LUT  |
+-----------+--------+--------+
|  Function |    0   |   33   |
|   Memory  |    -   |    -   |
|Multiplexer|    -   |    -   |
|  Register |  1482  |    -   |
+-----------+--------+--------+
|   Total   |  1482  |   33   |
+-----------+--------+--------+
