

================================================================
== Vitis HLS Report for 'dct_Pipeline_RD_Loop_Row'
================================================================
* Date:           Thu Jan 29 20:29:30 2026

* Version:        2024.1 (Build 5069499 on May 21 2024)
* Project:        dct
* Solution:       hls (Vitis Kernel Flow Target)
* Product family: zynquplus
* Target device:  xczu3eg-sfvc784-2-e


================================================================
== Performance Estimates
================================================================
+ Timing: 
    * Summary: 
    +--------+---------+----------+------------+
    |  Clock |  Target | Estimated| Uncertainty|
    +--------+---------+----------+------------+
    |ap_clk  |  8.00 ns|  7.040 ns|     0.96 ns|
    +--------+---------+----------+------------+

+ Latency: 
    * Summary: 
    +---------+---------+-----------+-----------+-----+-----+-----------------------------------------------+
    |  Latency (cycles) |   Latency (absolute)  |  Interval |                    Pipeline                   |
    |   min   |   max   |    min    |    max    | min | max |                      Type                     |
    +---------+---------+-----------+-----------+-----+-----+-----------------------------------------------+
    |       11|       11|  88.000 ns|  88.000 ns|    9|    9|  loop auto-rewind stp(delay=0 clock cycles(s))|
    +---------+---------+-----------+-----------+-----+-----+-----------------------------------------------+

    + Detail: 
        * Instance: 
        N/A

        * Loop: 
        +---------------+---------+---------+----------+-----------+-----------+------+----------+
        |               |  Latency (cycles) | Iteration|  Initiation Interval  | Trip |          |
        |   Loop Name   |   min   |   max   |  Latency |  achieved |   target  | Count| Pipelined|
        +---------------+---------+---------+----------+-----------+-----------+------+----------+
        |- RD_Loop_Row  |        9|        9|         3|          1|          1|     8|       yes|
        +---------------+---------+---------+----------+-----------+-----------+------+----------+

============================================================
+ Verbose Summary: Synthesis Manager
============================================================
InlineROM: 1
ExposeGlobal: 0
============================================================
+ Verbose Summary: CDFG Model
============================================================
IsTopModel: 0
ResetActiveHigh: 1
IsCombinational: 0
IsDatapathOnly: 0
HasWiredReturn: 1
HasMFsm: 2
HasVarLatency: 1
IsPipeline: 0
IsRtlPipelined: 0
IsInstanceOverlapped: 0
IsDontTouch: 0
HasImplIP: 0
IsGatedGlobalClock: 0

+ Individual pipeline summary: 
  * Pipeline-0: initiation interval (II) = 1, depth = 3


============================================================
+ Verbose Summary: Schedule
============================================================
* Number of FSM states : 3
* Pipeline : 1
  Pipeline-0 : II = 1, D = 3, States = { 1 2 3 }
* Dataflow Pipeline: 0

* FSM state transitions: 
1 --> 2 
2 --> 3 
3 --> 

* FSM state operations: 

State 1 <SV = 0> <Delay = 1.65>
ST_1 : Operation 6 [1/1] (0.00ns)   --->   "%shiftreg8 = alloca i32 1"   --->   Operation 6 'alloca' 'shiftreg8' <Predicate = true> <Delay = 0.00>
ST_1 : Operation 7 [1/1] (0.00ns)   --->   "%r = alloca i32 1" [../dct_ref/dct.cpp:61->../dct_ref/dct.cpp:91]   --->   Operation 7 'alloca' 'r' <Predicate = true> <Delay = 0.00>
ST_1 : Operation 8 [1/1] (0.00ns)   --->   "%sext_ln64_read = read i58 @_ssdm_op_Read.ap_auto.i58, i58 %sext_ln64"   --->   Operation 8 'read' 'sext_ln64_read' <Predicate = true> <Delay = 0.00>
ST_1 : Operation 9 [1/1] (0.00ns)   --->   "%sext_ln64_cast = sext i58 %sext_ln64_read"   --->   Operation 9 'sext' 'sext_ln64_cast' <Predicate = true> <Delay = 0.00>
ST_1 : Operation 10 [1/1] (0.00ns)   --->   "%specinterface_ln0 = specinterface void @_ssdm_op_SpecInterface, i512 %gmem, void @empty, i32 0, i32 0, void @empty_0, i32 64, i32 0, void @empty_1, void @empty_2, void @empty_0, i32 16, i32 16, i32 16, i32 16, void @empty_0, void @empty_0, i32 4294967295, i32 0, i32 0"   --->   Operation 10 'specinterface' 'specinterface_ln0' <Predicate = true> <Delay = 0.00>
ST_1 : Operation 11 [1/1] (0.42ns)   --->   "%store_ln61 = store i4 0, i4 %r" [../dct_ref/dct.cpp:61->../dct_ref/dct.cpp:91]   --->   Operation 11 'store' 'store_ln61' <Predicate = true> <Delay = 0.42>
ST_1 : Operation 12 [1/1] (0.42ns)   --->   "%store_ln0 = store i384 0, i384 %shiftreg8"   --->   Operation 12 'store' 'store_ln0' <Predicate = true> <Delay = 0.42>
ST_1 : Operation 13 [1/1] (0.00ns)   --->   "%br_ln0 = br void %RD_Loop_Col.i"   --->   Operation 13 'br' 'br_ln0' <Predicate = true> <Delay = 0.00>
ST_1 : Operation 14 [1/1] (0.00ns)   --->   "%r_2 = load i4 %r" [../dct_ref/dct.cpp:64->../dct_ref/dct.cpp:91]   --->   Operation 14 'load' 'r_2' <Predicate = true> <Delay = 0.00>
ST_1 : Operation 15 [1/1] (0.00ns)   --->   "%specbitsmap_ln0 = specbitsmap void @_ssdm_op_SpecBitsMap, i512 %gmem"   --->   Operation 15 'specbitsmap' 'specbitsmap_ln0' <Predicate = true> <Delay = 0.00>
ST_1 : Operation 16 [1/1] (0.79ns)   --->   "%icmp_ln64 = icmp_eq  i4 %r_2, i4 8" [../dct_ref/dct.cpp:64->../dct_ref/dct.cpp:91]   --->   Operation 16 'icmp' 'icmp_ln64' <Predicate = true> <Delay = 0.79> <CoreInst = "Cmp">   --->   Core 9 'Cmp' <Latency = 0> <II = 1> <Delay = 0.79> <FuncUnit> <Opcode : 'seteq' 'setne' 'setle' 'setge' 'setlt' 'setgt'> <InPorts = 2> <OutPorts = 1>
ST_1 : Operation 17 [1/1] (0.79ns)   --->   "%add_ln64 = add i4 %r_2, i4 1" [../dct_ref/dct.cpp:64->../dct_ref/dct.cpp:91]   --->   Operation 17 'add' 'add_ln64' <Predicate = true> <Delay = 0.79> <CoreInst = "Adder">   --->   Core 1 'Adder' <Latency = 0> <II = 1> <Delay = 0.79> <FuncUnit> <Opcode : 'add' 'sub'> <InPorts = 2> <OutPorts = 1>
ST_1 : Operation 18 [1/1] (0.00ns)   --->   "%br_ln64 = br i1 %icmp_ln64, void %RD_Loop_Col.i.split, void %_Z9read_dataPsPA8_s.exit.exitStub" [../dct_ref/dct.cpp:64->../dct_ref/dct.cpp:91]   --->   Operation 18 'br' 'br_ln64' <Predicate = true> <Delay = 0.00>
ST_1 : Operation 19 [1/1] (0.00ns)   --->   "%trunc_ln64 = trunc i4 %r_2" [../dct_ref/dct.cpp:64->../dct_ref/dct.cpp:91]   --->   Operation 19 'trunc' 'trunc_ln64' <Predicate = (!icmp_ln64)> <Delay = 0.00>
ST_1 : Operation 20 [1/1] (0.54ns)   --->   "%icmp_ln66 = icmp_eq  i2 %trunc_ln64, i2 0" [../dct_ref/dct.cpp:66->../dct_ref/dct.cpp:91]   --->   Operation 20 'icmp' 'icmp_ln66' <Predicate = (!icmp_ln64)> <Delay = 0.54> <CoreInst = "Cmp">   --->   Core 9 'Cmp' <Latency = 0> <II = 1> <Delay = 0.54> <FuncUnit> <Opcode : 'seteq' 'setne' 'setle' 'setge' 'setlt' 'setgt'> <InPorts = 2> <OutPorts = 1>
ST_1 : Operation 21 [1/1] (0.42ns)   --->   "%store_ln61 = store i4 %add_ln64, i4 %r" [../dct_ref/dct.cpp:61->../dct_ref/dct.cpp:91]   --->   Operation 21 'store' 'store_ln61' <Predicate = (!icmp_ln64)> <Delay = 0.42>

State 2 <SV = 1> <Delay = 7.04>
ST_2 : Operation 22 [1/1] (0.00ns)   --->   "%gmem_addr = getelementptr i512 %gmem, i64 %sext_ln64_cast" [../dct_ref/dct.cpp:64->../dct_ref/dct.cpp:91]   --->   Operation 22 'getelementptr' 'gmem_addr' <Predicate = (!icmp_ln64)> <Delay = 0.00>
ST_2 : Operation 23 [1/1] (7.04ns)   --->   "%gmem_addr_read = read i512 @_ssdm_op_Read.m_axi.p1i512, i512 %gmem_addr" [../dct_ref/dct.cpp:66->../dct_ref/dct.cpp:91]   --->   Operation 23 'read' 'gmem_addr_read' <Predicate = (!icmp_ln64 & icmp_ln66)> <Delay = 7.04> <CoreInst = "m_axi">   --->   Core 119 'm_axi' <Latency = 0> <II = 1> <Delay = 1.00> <Adapter> <Opcode : 'read' 'write' 'readreq' 'writereq' 'writeresp'>
ST_2 : Operation 60 [1/1] (0.42ns)   --->   "%ret_ln0 = ret"   --->   Operation 60 'ret' 'ret_ln0' <Predicate = (icmp_ln64)> <Delay = 0.42>

State 3 <SV = 2> <Delay = 1.10>
ST_3 : Operation 24 [1/1] (0.00ns)   --->   "%shiftreg8_load = load i384 %shiftreg8" [../dct_ref/dct.cpp:64->../dct_ref/dct.cpp:91]   --->   Operation 24 'load' 'shiftreg8_load' <Predicate = (!icmp_ln64)> <Delay = 0.00>
ST_3 : Operation 25 [1/1] (0.00ns)   --->   "%zext_ln64 = zext i384 %shiftreg8_load" [../dct_ref/dct.cpp:64->../dct_ref/dct.cpp:91]   --->   Operation 25 'zext' 'zext_ln64' <Predicate = (!icmp_ln64)> <Delay = 0.00>
ST_3 : Operation 26 [1/1] (0.00ns)   --->   "%zext_ln64_1 = zext i4 %r_2" [../dct_ref/dct.cpp:64->../dct_ref/dct.cpp:91]   --->   Operation 26 'zext' 'zext_ln64_1' <Predicate = (!icmp_ln64)> <Delay = 0.00>
ST_3 : Operation 27 [1/1] (0.00ns)   --->   "%specpipeline_ln61 = specpipeline void @_ssdm_op_SpecPipeline, i32 4294967295, i32 0, i32 0, i32 0, void @empty_0" [../dct_ref/dct.cpp:61->../dct_ref/dct.cpp:91]   --->   Operation 27 'specpipeline' 'specpipeline_ln61' <Predicate = (!icmp_ln64)> <Delay = 0.00>
ST_3 : Operation 28 [1/1] (0.00ns)   --->   "%speclooptripcount_ln61 = speclooptripcount void @_ssdm_op_SpecLoopTripCount, i64 8, i64 8, i64 8" [../dct_ref/dct.cpp:61->../dct_ref/dct.cpp:91]   --->   Operation 28 'speclooptripcount' 'speclooptripcount_ln61' <Predicate = (!icmp_ln64)> <Delay = 0.00>
ST_3 : Operation 29 [1/1] (0.00ns)   --->   "%specloopname_ln64 = specloopname void @_ssdm_op_SpecLoopName, void @empty_12" [../dct_ref/dct.cpp:64->../dct_ref/dct.cpp:91]   --->   Operation 29 'specloopname' 'specloopname_ln64' <Predicate = (!icmp_ln64)> <Delay = 0.00>
ST_3 : Operation 30 [1/1] (0.42ns)   --->   "%br_ln66 = br i1 %icmp_ln66, void %for.inc.i, void" [../dct_ref/dct.cpp:66->../dct_ref/dct.cpp:91]   --->   Operation 30 'br' 'br_ln66' <Predicate = (!icmp_ln64)> <Delay = 0.42>
ST_3 : Operation 31 [1/1] (0.42ns)   --->   "%br_ln66 = br void %for.inc.i" [../dct_ref/dct.cpp:66->../dct_ref/dct.cpp:91]   --->   Operation 31 'br' 'br_ln66' <Predicate = (!icmp_ln64 & icmp_ln66)> <Delay = 0.42>
ST_3 : Operation 32 [1/1] (0.00ns)   --->   "%empty = phi i512 %gmem_addr_read, void, i512 %zext_ln64, void %RD_Loop_Col.i.split" [../dct_ref/dct.cpp:66->../dct_ref/dct.cpp:91]   --->   Operation 32 'phi' 'empty' <Predicate = true> <Delay = 0.00>
ST_3 : Operation 33 [1/1] (0.00ns)   --->   "%trunc_ln68 = trunc i512 %empty" [../dct_ref/dct.cpp:68->../dct_ref/dct.cpp:91]   --->   Operation 33 'trunc' 'trunc_ln68' <Predicate = true> <Delay = 0.00>
ST_3 : Operation 34 [1/1] (0.00ns)   --->   "%buf_2d_in_addr = getelementptr i16 %buf_2d_in, i64 0, i64 %zext_ln64_1" [../dct_ref/dct.cpp:68->../dct_ref/dct.cpp:91]   --->   Operation 34 'getelementptr' 'buf_2d_in_addr' <Predicate = true> <Delay = 0.00>
ST_3 : Operation 35 [1/1] (0.00ns)   --->   "%trunc_ln68_1 = partselect i16 @_ssdm_op_PartSelect.i16.i512.i32.i32, i512 %empty, i32 16, i32 31" [../dct_ref/dct.cpp:68->../dct_ref/dct.cpp:91]   --->   Operation 35 'partselect' 'trunc_ln68_1' <Predicate = true> <Delay = 0.00>
ST_3 : Operation 36 [1/1] (0.00ns)   --->   "%buf_2d_in_1_addr = getelementptr i16 %buf_2d_in_1, i64 0, i64 %zext_ln64_1" [../dct_ref/dct.cpp:68->../dct_ref/dct.cpp:91]   --->   Operation 36 'getelementptr' 'buf_2d_in_1_addr' <Predicate = true> <Delay = 0.00>
ST_3 : Operation 37 [1/1] (0.00ns)   --->   "%trunc_ln68_2 = partselect i16 @_ssdm_op_PartSelect.i16.i512.i32.i32, i512 %empty, i32 32, i32 47" [../dct_ref/dct.cpp:68->../dct_ref/dct.cpp:91]   --->   Operation 37 'partselect' 'trunc_ln68_2' <Predicate = true> <Delay = 0.00>
ST_3 : Operation 38 [1/1] (0.00ns)   --->   "%buf_2d_in_2_addr = getelementptr i16 %buf_2d_in_2, i64 0, i64 %zext_ln64_1" [../dct_ref/dct.cpp:68->../dct_ref/dct.cpp:91]   --->   Operation 38 'getelementptr' 'buf_2d_in_2_addr' <Predicate = true> <Delay = 0.00>
ST_3 : Operation 39 [1/1] (0.00ns)   --->   "%trunc_ln68_3 = partselect i16 @_ssdm_op_PartSelect.i16.i512.i32.i32, i512 %empty, i32 48, i32 63" [../dct_ref/dct.cpp:68->../dct_ref/dct.cpp:91]   --->   Operation 39 'partselect' 'trunc_ln68_3' <Predicate = true> <Delay = 0.00>
ST_3 : Operation 40 [1/1] (0.00ns)   --->   "%buf_2d_in_3_addr = getelementptr i16 %buf_2d_in_3, i64 0, i64 %zext_ln64_1" [../dct_ref/dct.cpp:68->../dct_ref/dct.cpp:91]   --->   Operation 40 'getelementptr' 'buf_2d_in_3_addr' <Predicate = true> <Delay = 0.00>
ST_3 : Operation 41 [1/1] (0.00ns)   --->   "%trunc_ln68_4 = partselect i16 @_ssdm_op_PartSelect.i16.i512.i32.i32, i512 %empty, i32 64, i32 79" [../dct_ref/dct.cpp:68->../dct_ref/dct.cpp:91]   --->   Operation 41 'partselect' 'trunc_ln68_4' <Predicate = true> <Delay = 0.00>
ST_3 : Operation 42 [1/1] (0.00ns)   --->   "%buf_2d_in_4_addr = getelementptr i16 %buf_2d_in_4, i64 0, i64 %zext_ln64_1" [../dct_ref/dct.cpp:68->../dct_ref/dct.cpp:91]   --->   Operation 42 'getelementptr' 'buf_2d_in_4_addr' <Predicate = true> <Delay = 0.00>
ST_3 : Operation 43 [1/1] (0.00ns)   --->   "%trunc_ln68_5 = partselect i16 @_ssdm_op_PartSelect.i16.i512.i32.i32, i512 %empty, i32 80, i32 95" [../dct_ref/dct.cpp:68->../dct_ref/dct.cpp:91]   --->   Operation 43 'partselect' 'trunc_ln68_5' <Predicate = true> <Delay = 0.00>
ST_3 : Operation 44 [1/1] (0.00ns)   --->   "%buf_2d_in_5_addr = getelementptr i16 %buf_2d_in_5, i64 0, i64 %zext_ln64_1" [../dct_ref/dct.cpp:68->../dct_ref/dct.cpp:91]   --->   Operation 44 'getelementptr' 'buf_2d_in_5_addr' <Predicate = true> <Delay = 0.00>
ST_3 : Operation 45 [1/1] (0.00ns)   --->   "%trunc_ln68_6 = partselect i16 @_ssdm_op_PartSelect.i16.i512.i32.i32, i512 %empty, i32 96, i32 111" [../dct_ref/dct.cpp:68->../dct_ref/dct.cpp:91]   --->   Operation 45 'partselect' 'trunc_ln68_6' <Predicate = true> <Delay = 0.00>
ST_3 : Operation 46 [1/1] (0.00ns)   --->   "%buf_2d_in_6_addr = getelementptr i16 %buf_2d_in_6, i64 0, i64 %zext_ln64_1" [../dct_ref/dct.cpp:68->../dct_ref/dct.cpp:91]   --->   Operation 46 'getelementptr' 'buf_2d_in_6_addr' <Predicate = true> <Delay = 0.00>
ST_3 : Operation 47 [1/1] (0.00ns)   --->   "%trunc_ln68_7 = partselect i16 @_ssdm_op_PartSelect.i16.i512.i32.i32, i512 %empty, i32 112, i32 127" [../dct_ref/dct.cpp:68->../dct_ref/dct.cpp:91]   --->   Operation 47 'partselect' 'trunc_ln68_7' <Predicate = true> <Delay = 0.00>
ST_3 : Operation 48 [1/1] (0.00ns)   --->   "%buf_2d_in_7_addr = getelementptr i16 %buf_2d_in_7, i64 0, i64 %zext_ln64_1" [../dct_ref/dct.cpp:68->../dct_ref/dct.cpp:91]   --->   Operation 48 'getelementptr' 'buf_2d_in_7_addr' <Predicate = true> <Delay = 0.00>
ST_3 : Operation 49 [1/1] (0.67ns)   --->   "%store_ln68 = store i16 %trunc_ln68, i3 %buf_2d_in_addr" [../dct_ref/dct.cpp:68->../dct_ref/dct.cpp:91]   --->   Operation 49 'store' 'store_ln68' <Predicate = true> <Delay = 0.67> <CoreInst = "RAM">   --->   Core 82 'RAM' <Latency = 1> <II = 1> <Delay = 0.67> <Storage> <Opcode : 'load' 'store'> <Ports = 2> <Width = 16> <Depth = 8> <RAM>
ST_3 : Operation 50 [1/1] (0.67ns)   --->   "%store_ln68 = store i16 %trunc_ln68_1, i3 %buf_2d_in_1_addr" [../dct_ref/dct.cpp:68->../dct_ref/dct.cpp:91]   --->   Operation 50 'store' 'store_ln68' <Predicate = true> <Delay = 0.67> <CoreInst = "RAM">   --->   Core 82 'RAM' <Latency = 1> <II = 1> <Delay = 0.67> <Storage> <Opcode : 'load' 'store'> <Ports = 2> <Width = 16> <Depth = 8> <RAM>
ST_3 : Operation 51 [1/1] (0.67ns)   --->   "%store_ln68 = store i16 %trunc_ln68_2, i3 %buf_2d_in_2_addr" [../dct_ref/dct.cpp:68->../dct_ref/dct.cpp:91]   --->   Operation 51 'store' 'store_ln68' <Predicate = true> <Delay = 0.67> <CoreInst = "RAM">   --->   Core 82 'RAM' <Latency = 1> <II = 1> <Delay = 0.67> <Storage> <Opcode : 'load' 'store'> <Ports = 2> <Width = 16> <Depth = 8> <RAM>
ST_3 : Operation 52 [1/1] (0.67ns)   --->   "%store_ln68 = store i16 %trunc_ln68_3, i3 %buf_2d_in_3_addr" [../dct_ref/dct.cpp:68->../dct_ref/dct.cpp:91]   --->   Operation 52 'store' 'store_ln68' <Predicate = true> <Delay = 0.67> <CoreInst = "RAM">   --->   Core 82 'RAM' <Latency = 1> <II = 1> <Delay = 0.67> <Storage> <Opcode : 'load' 'store'> <Ports = 2> <Width = 16> <Depth = 8> <RAM>
ST_3 : Operation 53 [1/1] (0.67ns)   --->   "%store_ln68 = store i16 %trunc_ln68_4, i3 %buf_2d_in_4_addr" [../dct_ref/dct.cpp:68->../dct_ref/dct.cpp:91]   --->   Operation 53 'store' 'store_ln68' <Predicate = true> <Delay = 0.67> <CoreInst = "RAM">   --->   Core 82 'RAM' <Latency = 1> <II = 1> <Delay = 0.67> <Storage> <Opcode : 'load' 'store'> <Ports = 2> <Width = 16> <Depth = 8> <RAM>
ST_3 : Operation 54 [1/1] (0.67ns)   --->   "%store_ln68 = store i16 %trunc_ln68_5, i3 %buf_2d_in_5_addr" [../dct_ref/dct.cpp:68->../dct_ref/dct.cpp:91]   --->   Operation 54 'store' 'store_ln68' <Predicate = true> <Delay = 0.67> <CoreInst = "RAM">   --->   Core 82 'RAM' <Latency = 1> <II = 1> <Delay = 0.67> <Storage> <Opcode : 'load' 'store'> <Ports = 2> <Width = 16> <Depth = 8> <RAM>
ST_3 : Operation 55 [1/1] (0.67ns)   --->   "%store_ln68 = store i16 %trunc_ln68_6, i3 %buf_2d_in_6_addr" [../dct_ref/dct.cpp:68->../dct_ref/dct.cpp:91]   --->   Operation 55 'store' 'store_ln68' <Predicate = true> <Delay = 0.67> <CoreInst = "RAM">   --->   Core 82 'RAM' <Latency = 1> <II = 1> <Delay = 0.67> <Storage> <Opcode : 'load' 'store'> <Ports = 2> <Width = 16> <Depth = 8> <RAM>
ST_3 : Operation 56 [1/1] (0.67ns)   --->   "%store_ln68 = store i16 %trunc_ln68_7, i3 %buf_2d_in_7_addr" [../dct_ref/dct.cpp:68->../dct_ref/dct.cpp:91]   --->   Operation 56 'store' 'store_ln68' <Predicate = true> <Delay = 0.67> <CoreInst = "RAM">   --->   Core 82 'RAM' <Latency = 1> <II = 1> <Delay = 0.67> <Storage> <Opcode : 'load' 'store'> <Ports = 2> <Width = 16> <Depth = 8> <RAM>
ST_3 : Operation 57 [1/1] (0.00ns)   --->   "%trunc_ln64_2 = partselect i384 @_ssdm_op_PartSelect.i384.i512.i32.i32, i512 %empty, i32 128, i32 511" [../dct_ref/dct.cpp:64->../dct_ref/dct.cpp:91]   --->   Operation 57 'partselect' 'trunc_ln64_2' <Predicate = true> <Delay = 0.00>
ST_3 : Operation 58 [1/1] (0.42ns)   --->   "%store_ln64 = store i384 %trunc_ln64_2, i384 %shiftreg8" [../dct_ref/dct.cpp:64->../dct_ref/dct.cpp:91]   --->   Operation 58 'store' 'store_ln64' <Predicate = true> <Delay = 0.42>
ST_3 : Operation 59 [1/1] (0.00ns)   --->   "%br_ln64 = br void %RD_Loop_Col.i" [../dct_ref/dct.cpp:64->../dct_ref/dct.cpp:91]   --->   Operation 59 'br' 'br_ln64' <Predicate = true> <Delay = 0.00>


============================================================
+ Verbose Summary: Timing violations
============================================================
Target clock period: 8.000ns, clock uncertainty: 0.960ns.

 <State 1>: 1.651ns
The critical path consists of the following:
	'store' operation 0 bit ('store_ln61', ../dct_ref/dct.cpp:61->../dct_ref/dct.cpp:91) of constant 0 on local variable 'r', ../dct_ref/dct.cpp:61->../dct_ref/dct.cpp:91 [16]  (0.427 ns)
	'load' operation 4 bit ('r', ../dct_ref/dct.cpp:64->../dct_ref/dct.cpp:91) on local variable 'r', ../dct_ref/dct.cpp:61->../dct_ref/dct.cpp:91 [20]  (0.000 ns)
	'icmp' operation 1 bit ('icmp_ln64', ../dct_ref/dct.cpp:64->../dct_ref/dct.cpp:91) [22]  (0.797 ns)
	'store' operation 0 bit ('store_ln61', ../dct_ref/dct.cpp:61->../dct_ref/dct.cpp:91) of variable 'add_ln64', ../dct_ref/dct.cpp:64->../dct_ref/dct.cpp:91 on local variable 'r', ../dct_ref/dct.cpp:61->../dct_ref/dct.cpp:91 [66]  (0.427 ns)

 <State 2>: 7.040ns
The critical path consists of the following:
	'getelementptr' operation 512 bit ('gmem_addr', ../dct_ref/dct.cpp:64->../dct_ref/dct.cpp:91) [27]  (0.000 ns)
	bus read operation ('gmem_addr_read', ../dct_ref/dct.cpp:66->../dct_ref/dct.cpp:91) on port 'gmem' (../dct_ref/dct.cpp:66->../dct_ref/dct.cpp:91) [37]  (7.040 ns)

 <State 3>: 1.104ns
The critical path consists of the following:
	'load' operation 384 bit ('shiftreg8_load', ../dct_ref/dct.cpp:64->../dct_ref/dct.cpp:91) on local variable 'shiftreg8' [26]  (0.000 ns)
	multiplexor before 'phi' operation 512 bit ('empty', ../dct_ref/dct.cpp:66->../dct_ref/dct.cpp:91) with incoming values : ('zext_ln64', ../dct_ref/dct.cpp:64->../dct_ref/dct.cpp:91) ('gmem_addr_read', ../dct_ref/dct.cpp:66->../dct_ref/dct.cpp:91) [40]  (0.427 ns)
	'phi' operation 512 bit ('empty', ../dct_ref/dct.cpp:66->../dct_ref/dct.cpp:91) with incoming values : ('zext_ln64', ../dct_ref/dct.cpp:64->../dct_ref/dct.cpp:91) ('gmem_addr_read', ../dct_ref/dct.cpp:66->../dct_ref/dct.cpp:91) [40]  (0.000 ns)
	'store' operation 0 bit ('store_ln68', ../dct_ref/dct.cpp:68->../dct_ref/dct.cpp:91) of variable 'trunc_ln68', ../dct_ref/dct.cpp:68->../dct_ref/dct.cpp:91 on array 'buf_2d_in' [57]  (0.677 ns)


============================================================
+ Verbose Summary: Binding
============================================================
N/A
* FSMD analyzer results:
  - Output states:
 - Input state : 
  - Chain level:
	State 1
	State 2
	State 3


============================================================
+ Verbose Summary: Datapath Resource usage 
============================================================
N/A
