

================================================================
== Vitis HLS Report for 'dct_1d'
================================================================
* Date:           Thu Jan 29 20:29:32 2026

* Version:        2024.1 (Build 5069499 on May 21 2024)
* Project:        dct
* Solution:       hls (Vitis Kernel Flow Target)
* Product family: zynquplus
* Target device:  xczu3eg-sfvc784-2-e


================================================================
== Performance Estimates
================================================================
+ Timing: 
    * Summary: 
    +--------+---------+----------+------------+
    |  Clock |  Target | Estimated| Uncertainty|
    +--------+---------+----------+------------+
    |ap_clk  |  8.00 ns|  4.408 ns|     0.96 ns|
    +--------+---------+----------+------------+

+ Latency: 
    * Summary: 
    +---------+---------+-----------+-----------+-----+-----+---------+
    |  Latency (cycles) |   Latency (absolute)  |  Interval | Pipeline|
    |   min   |   max   |    min    |    max    | min | max |   Type  |
    +---------+---------+-----------+-----------+-----+-----+---------+
    |        4|        4|  32.000 ns|  32.000 ns|    1|    1|      yes|
    +---------+---------+-----------+-----------+-----+-----+---------+

    + Detail: 
        * Instance: 
        N/A

        * Loop: 
        N/A

============================================================
+ Verbose Summary: Synthesis Manager
============================================================
InlineROM: 1
ExposeGlobal: 0
============================================================
+ Verbose Summary: CDFG Model
============================================================
IsTopModel: 0
ResetActiveHigh: 1
IsCombinational: 0
IsDatapathOnly: 0
HasWiredReturn: 1
HasMFsm: 2
HasVarLatency: 0
IsPipeline: 1
IsRtlPipelined: 1
IsInstanceOverlapped: 0
IsDontTouch: 0
HasImplIP: 0
IsGatedGlobalClock: 0

+ Individual pipeline summary: 
  * Pipeline-0: initiation interval (II) = 1, depth = 5


============================================================
+ Verbose Summary: Schedule
============================================================
* Number of FSM states : 5
* Pipeline : 1
  Pipeline-0 : II = 1, D = 5, States = { 1 2 3 4 5 }
* Dataflow Pipeline: 0

* FSM state transitions: 
1 --> 2 
2 --> 3 
3 --> 4 
4 --> 5 
5 --> 

* FSM state operations: 

State 1 <SV = 0> <Delay = 2.69>
ST_1 : Operation 6 [1/1] (0.00ns)   --->   "%p_read_1 = read i16 @_ssdm_op_Read.ap_auto.i16, i16 %p_read7" [../dct_ref/dct.cpp:21]   --->   Operation 6 'read' 'p_read_1' <Predicate = true> <Delay = 0.00>
ST_1 : Operation 7 [1/1] (0.00ns)   --->   "%p_read_2 = read i16 @_ssdm_op_Read.ap_auto.i16, i16 %p_read6" [../dct_ref/dct.cpp:21]   --->   Operation 7 'read' 'p_read_2' <Predicate = true> <Delay = 0.00>
ST_1 : Operation 8 [1/1] (0.00ns)   --->   "%p_read_3 = read i16 @_ssdm_op_Read.ap_auto.i16, i16 %p_read5" [../dct_ref/dct.cpp:21]   --->   Operation 8 'read' 'p_read_3' <Predicate = true> <Delay = 0.00>
ST_1 : Operation 9 [1/1] (0.00ns)   --->   "%p_read_4 = read i16 @_ssdm_op_Read.ap_auto.i16, i16 %p_read4" [../dct_ref/dct.cpp:21]   --->   Operation 9 'read' 'p_read_4' <Predicate = true> <Delay = 0.00>
ST_1 : Operation 10 [1/1] (0.00ns)   --->   "%p_read_5 = read i16 @_ssdm_op_Read.ap_auto.i16, i16 %p_read3" [../dct_ref/dct.cpp:21]   --->   Operation 10 'read' 'p_read_5' <Predicate = true> <Delay = 0.00>
ST_1 : Operation 11 [1/1] (0.00ns)   --->   "%p_read_6 = read i16 @_ssdm_op_Read.ap_auto.i16, i16 %p_read2" [../dct_ref/dct.cpp:21]   --->   Operation 11 'read' 'p_read_6' <Predicate = true> <Delay = 0.00>
ST_1 : Operation 12 [1/1] (0.00ns)   --->   "%p_read_7 = read i16 @_ssdm_op_Read.ap_auto.i16, i16 %p_read1" [../dct_ref/dct.cpp:21]   --->   Operation 12 'read' 'p_read_7' <Predicate = true> <Delay = 0.00>
ST_1 : Operation 13 [1/1] (0.00ns)   --->   "%p_read21 = read i16 @_ssdm_op_Read.ap_auto.i16, i16 %p_read" [../dct_ref/dct.cpp:21]   --->   Operation 13 'read' 'p_read21' <Predicate = true> <Delay = 0.00>
ST_1 : Operation 14 [1/1] (0.00ns)   --->   "%sext_ln21 = sext i16 %p_read21" [../dct_ref/dct.cpp:21]   --->   Operation 14 'sext' 'sext_ln21' <Predicate = true> <Delay = 0.00>
ST_1 : Operation 15 [1/1] (0.00ns)   --->   "%sext_ln21_4 = sext i16 %p_read_5" [../dct_ref/dct.cpp:21]   --->   Operation 15 'sext' 'sext_ln21_4' <Predicate = true> <Delay = 0.00>
ST_1 : Operation 16 [1/1] (0.00ns)   --->   "%sext_ln11 = sext i16 %p_read_4" [../dct_ref/dct.cpp:11]   --->   Operation 16 'sext' 'sext_ln11' <Predicate = true> <Delay = 0.00>
ST_1 : Operation 17 [1/1] (0.00ns)   --->   "%sext_ln11_1 = sext i16 %p_read_4" [../dct_ref/dct.cpp:11]   --->   Operation 17 'sext' 'sext_ln11_1' <Predicate = true> <Delay = 0.00>
ST_1 : Operation 18 [1/1] (0.00ns)   --->   "%sext_ln21_10 = sext i16 %p_read_1" [../dct_ref/dct.cpp:21]   --->   Operation 18 'sext' 'sext_ln21_10' <Predicate = true> <Delay = 0.00>
ST_1 : Operation 19 [1/1] (1.69ns) (grouped into DSP with root node add_ln23_8)   --->   "%tmp4 = sub i17 %sext_ln21_4, i17 %sext_ln11_1" [../dct_ref/dct.cpp:21]   --->   Operation 19 'sub' 'tmp4' <Predicate = true> <Delay = 1.69> <CoreInst = "DSP48">   --->   Core 124 'DSP48' <Latency = 3> <II = 1> <Delay = 0.53> <IPBlock> <Opcode : '' 'add' 'sub' 'mul' 'select'> <InPorts = 0> <OutPorts = 1> <Sync> <CReg>
ST_1 : Operation 20 [1/1] (0.00ns) (grouped into DSP with root node add_ln23_8)   --->   "%tmp4_cast = sext i17 %tmp4" [../dct_ref/dct.cpp:21]   --->   Operation 20 'sext' 'tmp4_cast' <Predicate = true> <Delay = 0.00>
ST_1 : Operation 21 [3/3] (0.99ns) (grouped into DSP with root node add_ln23_8)   --->   "%tmp5 = mul i29 %tmp4_cast, i29 2260" [../dct_ref/dct.cpp:21]   --->   Operation 21 'mul' 'tmp5' <Predicate = true> <Delay = 0.99> <CoreInst = "DSP48">   --->   Core 124 'DSP48' <Latency = 3> <II = 1> <Delay = 0.53> <IPBlock> <Opcode : '' 'add' 'sub' 'mul' 'select'> <InPorts = 0> <OutPorts = 1> <Sync> <CReg>
ST_1 : Operation 22 [1/1] (0.85ns)   --->   "%tmp17 = sub i17 %sext_ln21, i17 %sext_ln21_4" [../dct_ref/dct.cpp:21]   --->   Operation 22 'sub' 'tmp17' <Predicate = true> <Delay = 0.85> <CoreInst = "Adder">   --->   Core 1 'Adder' <Latency = 0> <II = 1> <Delay = 0.85> <FuncUnit> <Opcode : 'add' 'sub'> <InPorts = 2> <OutPorts = 1>
ST_1 : Operation 23 [1/1] (0.00ns)   --->   "%tmp17_cast = sext i17 %tmp17" [../dct_ref/dct.cpp:21]   --->   Operation 23 'sext' 'tmp17_cast' <Predicate = true> <Delay = 0.00>
ST_1 : Operation 24 [1/1] (0.00ns) (grouped into TernaryAdder)   --->   "%tmp18 = sub i18 %tmp17_cast, i18 %sext_ln11" [../dct_ref/dct.cpp:21]   --->   Operation 24 'sub' 'tmp18' <Predicate = true> <Delay = 0.00> <CoreInst = "TAddSub">   --->   Core 10 'TAddSub' <Latency = 0> <II = 1> <Delay = 0.36> <IPBlock> <Opcode : '' 'add' 'sub'> <InPorts = 3> <OutPorts = 1> <Sync> <CReg>
ST_1 : Operation 25 [1/1] (0.69ns) (root node of TernaryAdder)   --->   "%tmp19 = add i18 %tmp18, i18 %sext_ln21_10" [../dct_ref/dct.cpp:21]   --->   Operation 25 'add' 'tmp19' <Predicate = true> <Delay = 0.69> <CoreInst = "TAddSub">   --->   Core 10 'TAddSub' <Latency = 0> <II = 1> <Delay = 0.36> <IPBlock> <Opcode : '' 'add' 'sub'> <InPorts = 3> <OutPorts = 1> <Sync> <CReg>
ST_1 : Operation 26 [1/1] (0.00ns)   --->   "%tmp19_cast = sext i18 %tmp19" [../dct_ref/dct.cpp:21]   --->   Operation 26 'sext' 'tmp19_cast' <Predicate = true> <Delay = 0.00>
ST_1 : Operation 27 [3/3] (0.99ns) (grouped into DSP with root node add_ln23_13)   --->   "%mul_ln23_1 = mul i29 %tmp19_cast, i29 10703" [../dct_ref/dct.cpp:23]   --->   Operation 27 'mul' 'mul_ln23_1' <Predicate = true> <Delay = 0.99> <CoreInst = "DSP48">   --->   Core 124 'DSP48' <Latency = 3> <II = 1> <Delay = 0.53> <IPBlock> <Opcode : '' 'add' 'sub' 'mul' 'select'> <InPorts = 0> <OutPorts = 1> <Sync> <CReg>
ST_1 : Operation 28 [1/1] (0.00ns)   --->   "%sext_ln21_15 = sext i16 %p_read_3" [../dct_ref/dct.cpp:21]   --->   Operation 28 'sext' 'sext_ln21_15' <Predicate = true> <Delay = 0.00>
ST_1 : Operation 29 [3/3] (0.99ns) (grouped into DSP with root node add_ln23_14)   --->   "%mul_ln21_4 = mul i29 %sext_ln21_15, i29 11363" [../dct_ref/dct.cpp:21]   --->   Operation 29 'mul' 'mul_ln21_4' <Predicate = true> <Delay = 0.99> <CoreInst = "DSP48">   --->   Core 124 'DSP48' <Latency = 3> <II = 1> <Delay = 0.53> <IPBlock> <Opcode : '' 'add' 'sub' 'mul' 'select'> <InPorts = 0> <OutPorts = 1> <Sync> <CReg>
ST_1 : Operation 30 [1/1] (1.69ns) (grouped into DSP with root node add_ln23_16)   --->   "%tmp22 = sub i17 %sext_ln11_1, i17 %sext_ln21_4" [../dct_ref/dct.cpp:11]   --->   Operation 30 'sub' 'tmp22' <Predicate = true> <Delay = 1.69> <CoreInst = "DSP48">   --->   Core 124 'DSP48' <Latency = 3> <II = 1> <Delay = 0.53> <IPBlock> <Opcode : '' 'add' 'sub' 'mul' 'select'> <InPorts = 0> <OutPorts = 1> <Sync> <CReg>
ST_1 : Operation 31 [1/1] (0.00ns) (grouped into DSP with root node add_ln23_16)   --->   "%tmp22_cast = sext i17 %tmp22" [../dct_ref/dct.cpp:11]   --->   Operation 31 'sext' 'tmp22_cast' <Predicate = true> <Delay = 0.00>
ST_1 : Operation 32 [3/3] (0.99ns) (grouped into DSP with root node add_ln23_16)   --->   "%tmp23 = mul i29 %tmp22_cast, i29 6436" [../dct_ref/dct.cpp:11]   --->   Operation 32 'mul' 'tmp23' <Predicate = true> <Delay = 0.99> <CoreInst = "DSP48">   --->   Core 124 'DSP48' <Latency = 3> <II = 1> <Delay = 0.53> <IPBlock> <Opcode : '' 'add' 'sub' 'mul' 'select'> <InPorts = 0> <OutPorts = 1> <Sync> <CReg>
ST_1 : Operation 33 [1/1] (0.00ns)   --->   "%sext_ln21_17 = sext i16 %p_read_4" [../dct_ref/dct.cpp:21]   --->   Operation 33 'sext' 'sext_ln21_17' <Predicate = true> <Delay = 0.00>
ST_1 : Operation 34 [3/3] (0.99ns) (grouped into DSP with root node add_ln23_19)   --->   "%mul_ln21_8 = mul i29 %sext_ln21_17, i29 536861280" [../dct_ref/dct.cpp:21]   --->   Operation 34 'mul' 'mul_ln21_8' <Predicate = true> <Delay = 0.99> <CoreInst = "DSP48">   --->   Core 124 'DSP48' <Latency = 3> <II = 1> <Delay = 0.53> <IPBlock> <Opcode : '' 'add' 'sub' 'mul' 'select'> <InPorts = 0> <OutPorts = 1> <Sync> <CReg>
ST_1 : Operation 35 [3/3] (0.99ns) (grouped into DSP with root node add_ln23_24)   --->   "%mul_ln23_4 = mul i29 %tmp19_cast, i29 4433" [../dct_ref/dct.cpp:23]   --->   Operation 35 'mul' 'mul_ln23_4' <Predicate = true> <Delay = 0.99> <CoreInst = "DSP48">   --->   Core 124 'DSP48' <Latency = 3> <II = 1> <Delay = 0.53> <IPBlock> <Opcode : '' 'add' 'sub' 'mul' 'select'> <InPorts = 0> <OutPorts = 1> <Sync> <CReg>
ST_1 : Operation 36 [3/3] (0.99ns) (grouped into DSP with root node add_ln23_25)   --->   "%mul_ln21_12 = mul i29 %sext_ln21_17, i29 11363" [../dct_ref/dct.cpp:21]   --->   Operation 36 'mul' 'mul_ln21_12' <Predicate = true> <Delay = 0.99> <CoreInst = "DSP48">   --->   Core 124 'DSP48' <Latency = 3> <II = 1> <Delay = 0.53> <IPBlock> <Opcode : '' 'add' 'sub' 'mul' 'select'> <InPorts = 0> <OutPorts = 1> <Sync> <CReg>

State 2 <SV = 1> <Delay = 4.40>
ST_2 : Operation 37 [1/1] (0.00ns)   --->   "%sext_ln21_1 = sext i16 %p_read21" [../dct_ref/dct.cpp:21]   --->   Operation 37 'sext' 'sext_ln21_1' <Predicate = true> <Delay = 0.00>
ST_2 : Operation 38 [1/1] (0.00ns)   --->   "%sext_ln21_2 = sext i16 %p_read_7" [../dct_ref/dct.cpp:21]   --->   Operation 38 'sext' 'sext_ln21_2' <Predicate = true> <Delay = 0.00>
ST_2 : Operation 39 [1/1] (0.00ns)   --->   "%sext_ln21_3 = sext i16 %p_read_6" [../dct_ref/dct.cpp:21]   --->   Operation 39 'sext' 'sext_ln21_3' <Predicate = true> <Delay = 0.00>
ST_2 : Operation 40 [1/1] (0.00ns)   --->   "%sext_ln21_5 = sext i16 %p_read_3" [../dct_ref/dct.cpp:21]   --->   Operation 40 'sext' 'sext_ln21_5' <Predicate = true> <Delay = 0.00>
ST_2 : Operation 41 [1/1] (0.00ns)   --->   "%sext_ln21_6 = sext i16 %p_read_3" [../dct_ref/dct.cpp:21]   --->   Operation 41 'sext' 'sext_ln21_6' <Predicate = true> <Delay = 0.00>
ST_2 : Operation 42 [1/1] (0.00ns)   --->   "%sext_ln21_7 = sext i16 %p_read_2" [../dct_ref/dct.cpp:21]   --->   Operation 42 'sext' 'sext_ln21_7' <Predicate = true> <Delay = 0.00>
ST_2 : Operation 43 [1/1] (0.00ns)   --->   "%sext_ln21_8 = sext i16 %p_read_2" [../dct_ref/dct.cpp:21]   --->   Operation 43 'sext' 'sext_ln21_8' <Predicate = true> <Delay = 0.00>
ST_2 : Operation 44 [1/1] (0.00ns)   --->   "%sext_ln21_9 = sext i16 %p_read_1" [../dct_ref/dct.cpp:21]   --->   Operation 44 'sext' 'sext_ln21_9' <Predicate = true> <Delay = 0.00>
ST_2 : Operation 45 [1/1] (0.00ns)   --->   "%sext_ln21_11 = sext i16 %p_read_1" [../dct_ref/dct.cpp:21]   --->   Operation 45 'sext' 'sext_ln21_11' <Predicate = true> <Delay = 0.00>
ST_2 : Operation 46 [1/1] (0.00ns)   --->   "%shl_ln = bitconcatenate i29 @_ssdm_op_BitConcatenate.i29.i16.i13, i16 %p_read_1, i13 0" [../dct_ref/dct.cpp:21]   --->   Operation 46 'bitconcatenate' 'shl_ln' <Predicate = true> <Delay = 0.00>
ST_2 : Operation 47 [1/1] (0.85ns)   --->   "%tmp = add i16 %p_read_6, i16 %p_read_7" [../dct_ref/dct.cpp:21]   --->   Operation 47 'add' 'tmp' <Predicate = true> <Delay = 0.85> <CoreInst = "Adder">   --->   Core 1 'Adder' <Latency = 0> <II = 1> <Delay = 0.85> <FuncUnit> <Opcode : 'add' 'sub'> <InPorts = 2> <OutPorts = 1>
ST_2 : Operation 48 [1/1] (0.00ns) (grouped into TernaryAdder)   --->   "%tmp1 = add i16 %p_read_3, i16 %p_read_2" [../dct_ref/dct.cpp:21]   --->   Operation 48 'add' 'tmp1' <Predicate = true> <Delay = 0.00> <CoreInst = "TAddSub">   --->   Core 10 'TAddSub' <Latency = 0> <II = 1> <Delay = 0.36> <IPBlock> <Opcode : '' 'add' 'sub'> <InPorts = 3> <OutPorts = 1> <Sync> <CReg>
ST_2 : Operation 49 [1/1] (0.68ns) (root node of TernaryAdder)   --->   "%tmp218 = add i16 %tmp1, i16 %tmp" [../dct_ref/dct.cpp:21]   --->   Operation 49 'add' 'tmp218' <Predicate = true> <Delay = 0.68> <CoreInst = "TAddSub">   --->   Core 10 'TAddSub' <Latency = 0> <II = 1> <Delay = 0.36> <IPBlock> <Opcode : '' 'add' 'sub'> <InPorts = 3> <OutPorts = 1> <Sync> <CReg>
ST_2 : Operation 50 [1/1] (0.00ns)   --->   "%tmp3 = bitconcatenate i29 @_ssdm_op_BitConcatenate.i29.i16.i13, i16 %tmp218, i13 0" [../dct_ref/dct.cpp:21]   --->   Operation 50 'bitconcatenate' 'tmp3' <Predicate = true> <Delay = 0.00>
ST_2 : Operation 51 [1/1] (0.00ns)   --->   "%tmp_1 = bitconcatenate i29 @_ssdm_op_BitConcatenate.i29.i16.i13, i16 %p_read21, i13 4096" [../dct_ref/dct.cpp:21]   --->   Operation 51 'bitconcatenate' 'tmp_1' <Predicate = true> <Delay = 0.00>
ST_2 : Operation 52 [1/1] (0.85ns)   --->   "%tmp5716 = add i16 %p_read_4, i16 %p_read_5" [../dct_ref/dct.cpp:21]   --->   Operation 52 'add' 'tmp5716' <Predicate = true> <Delay = 0.85> <CoreInst = "Adder">   --->   Core 1 'Adder' <Latency = 0> <II = 1> <Delay = 0.85> <FuncUnit> <Opcode : 'add' 'sub'> <InPorts = 2> <OutPorts = 1>
ST_2 : Operation 53 [1/1] (0.00ns)   --->   "%tmp6 = bitconcatenate i29 @_ssdm_op_BitConcatenate.i29.i16.i13, i16 %tmp5716, i13 0" [../dct_ref/dct.cpp:21]   --->   Operation 53 'bitconcatenate' 'tmp6' <Predicate = true> <Delay = 0.00>
ST_2 : Operation 54 [1/1] (0.00ns) (grouped into TernaryAdder)   --->   "%add_ln21 = add i29 %tmp_1, i29 %shl_ln" [../dct_ref/dct.cpp:21]   --->   Operation 54 'add' 'add_ln21' <Predicate = true> <Delay = 0.00> <CoreInst = "TAddSub">   --->   Core 10 'TAddSub' <Latency = 0> <II = 1> <Delay = 0.36> <IPBlock> <Opcode : '' 'add' 'sub'> <InPorts = 3> <OutPorts = 1> <Sync> <CReg>
ST_2 : Operation 55 [1/1] (0.72ns) (root node of TernaryAdder)   --->   "%tmp_3 = add i29 %add_ln21, i29 %tmp6" [../dct_ref/dct.cpp:21]   --->   Operation 55 'add' 'tmp_3' <Predicate = true> <Delay = 0.72> <CoreInst = "TAddSub">   --->   Core 10 'TAddSub' <Latency = 0> <II = 1> <Delay = 0.36> <IPBlock> <Opcode : '' 'add' 'sub'> <InPorts = 3> <OutPorts = 1> <Sync> <CReg>
ST_2 : Operation 56 [1/1] (0.98ns)   --->   "%add_ln23 = add i29 %tmp_3, i29 %tmp3" [../dct_ref/dct.cpp:23]   --->   Operation 56 'add' 'add_ln23' <Predicate = true> <Delay = 0.98> <CoreInst = "Adder">   --->   Core 1 'Adder' <Latency = 0> <II = 1> <Delay = 0.98> <FuncUnit> <Opcode : 'add' 'sub'> <InPorts = 2> <OutPorts = 1>
ST_2 : Operation 57 [1/1] (0.00ns)   --->   "%trunc_ln = partselect i16 @_ssdm_op_PartSelect.i16.i29.i32.i32, i29 %add_ln23, i32 13, i32 28" [../dct_ref/dct.cpp:23]   --->   Operation 57 'partselect' 'trunc_ln' <Predicate = true> <Delay = 0.00>
ST_2 : Operation 58 [3/3] (0.99ns) (grouped into DSP with root node add_ln23_9)   --->   "%mul_ln11 = mul i29 %sext_ln21_1, i29 11363" [../dct_ref/dct.cpp:11]   --->   Operation 58 'mul' 'mul_ln11' <Predicate = true> <Delay = 0.99> <CoreInst = "DSP48">   --->   Core 124 'DSP48' <Latency = 3> <II = 1> <Delay = 0.53> <IPBlock> <Opcode : '' 'add' 'sub' 'mul' 'select'> <InPorts = 0> <OutPorts = 1> <Sync> <CReg>
ST_2 : Operation 59 [1/1] (0.00ns)   --->   "%sext_ln21_12 = sext i16 %p_read_7" [../dct_ref/dct.cpp:21]   --->   Operation 59 'sext' 'sext_ln21_12' <Predicate = true> <Delay = 0.00>
ST_2 : Operation 60 [3/3] (0.99ns) (grouped into DSP with root node add_ln23_11)   --->   "%mul_ln21_2 = mul i29 %sext_ln21_11, i29 536859550" [../dct_ref/dct.cpp:21]   --->   Operation 60 'mul' 'mul_ln21_2' <Predicate = true> <Delay = 0.99> <CoreInst = "DSP48">   --->   Core 124 'DSP48' <Latency = 3> <II = 1> <Delay = 0.53> <IPBlock> <Opcode : '' 'add' 'sub' 'mul' 'select'> <InPorts = 0> <OutPorts = 1> <Sync> <CReg>
ST_2 : Operation 61 [2/3] (0.99ns) (grouped into DSP with root node add_ln23_8)   --->   "%tmp5 = mul i29 %tmp4_cast, i29 2260" [../dct_ref/dct.cpp:21]   --->   Operation 61 'mul' 'tmp5' <Predicate = true> <Delay = 0.99> <CoreInst = "DSP48">   --->   Core 124 'DSP48' <Latency = 3> <II = 1> <Delay = 0.53> <IPBlock> <Opcode : '' 'add' 'sub' 'mul' 'select'> <InPorts = 0> <OutPorts = 1> <Sync> <CReg>
ST_2 : Operation 62 [1/1] (0.85ns)   --->   "%tmp7 = sub i17 %sext_ln21_3, i17 %sext_ln21_6" [../dct_ref/dct.cpp:21]   --->   Operation 62 'sub' 'tmp7' <Predicate = true> <Delay = 0.85> <CoreInst = "Adder">   --->   Core 1 'Adder' <Latency = 0> <II = 1> <Delay = 0.85> <FuncUnit> <Opcode : 'add' 'sub'> <InPorts = 2> <OutPorts = 1>
ST_2 : Operation 63 [1/1] (0.00ns)   --->   "%tmp7_cast70 = sext i17 %tmp7" [../dct_ref/dct.cpp:21]   --->   Operation 63 'sext' 'tmp7_cast70' <Predicate = true> <Delay = 0.00>
ST_2 : Operation 64 [3/3] (0.99ns) (grouped into DSP with root node add_ln23_10)   --->   "%mul_ln23 = mul i29 %tmp7_cast70, i29 6436" [../dct_ref/dct.cpp:23]   --->   Operation 64 'mul' 'mul_ln23' <Predicate = true> <Delay = 0.99> <CoreInst = "DSP48">   --->   Core 124 'DSP48' <Latency = 3> <II = 1> <Delay = 0.53> <IPBlock> <Opcode : '' 'add' 'sub' 'mul' 'select'> <InPorts = 0> <OutPorts = 1> <Sync> <CReg>
ST_2 : Operation 65 [1/1] (0.85ns)   --->   "%tmp11 = sub i17 %sext_ln21_2, i17 %sext_ln21_3" [../dct_ref/dct.cpp:21]   --->   Operation 65 'sub' 'tmp11' <Predicate = true> <Delay = 0.85> <CoreInst = "Adder">   --->   Core 1 'Adder' <Latency = 0> <II = 1> <Delay = 0.85> <FuncUnit> <Opcode : 'add' 'sub'> <InPorts = 2> <OutPorts = 1>
ST_2 : Operation 66 [1/1] (0.00ns)   --->   "%tmp11_cast = sext i17 %tmp11" [../dct_ref/dct.cpp:21]   --->   Operation 66 'sext' 'tmp11_cast' <Predicate = true> <Delay = 0.00>
ST_2 : Operation 67 [1/1] (0.86ns)   --->   "%tmp12 = sub i18 %tmp11_cast, i18 %sext_ln21_5" [../dct_ref/dct.cpp:21]   --->   Operation 67 'sub' 'tmp12' <Predicate = true> <Delay = 0.86> <CoreInst = "Adder">   --->   Core 1 'Adder' <Latency = 0> <II = 1> <Delay = 0.86> <FuncUnit> <Opcode : 'add' 'sub'> <InPorts = 2> <OutPorts = 1>
ST_2 : Operation 68 [1/1] (1.69ns) (grouped into DSP with root node add_ln23_2)   --->   "%tmp13 = add i18 %tmp12, i18 %sext_ln21_8" [../dct_ref/dct.cpp:21]   --->   Operation 68 'add' 'tmp13' <Predicate = true> <Delay = 1.69> <CoreInst = "DSP48">   --->   Core 124 'DSP48' <Latency = 3> <II = 1> <Delay = 0.53> <IPBlock> <Opcode : '' 'add' 'sub' 'mul' 'select'> <InPorts = 0> <OutPorts = 1> <Sync> <CReg>
ST_2 : Operation 69 [1/1] (0.00ns) (grouped into DSP with root node add_ln23_2)   --->   "%tmp13_cast = sext i18 %tmp13" [../dct_ref/dct.cpp:21]   --->   Operation 69 'sext' 'tmp13_cast' <Predicate = true> <Delay = 0.00>
ST_2 : Operation 70 [3/3] (0.99ns) (grouped into DSP with root node add_ln23_2)   --->   "%tmp14 = mul i29 %tmp13_cast, i29 4433" [../dct_ref/dct.cpp:21]   --->   Operation 70 'mul' 'tmp14' <Predicate = true> <Delay = 0.99> <CoreInst = "DSP48">   --->   Core 124 'DSP48' <Latency = 3> <II = 1> <Delay = 0.53> <IPBlock> <Opcode : '' 'add' 'sub' 'mul' 'select'> <InPorts = 0> <OutPorts = 1> <Sync> <CReg>
ST_2 : Operation 71 [2/3] (0.99ns) (grouped into DSP with root node add_ln23_13)   --->   "%mul_ln23_1 = mul i29 %tmp19_cast, i29 10703" [../dct_ref/dct.cpp:23]   --->   Operation 71 'mul' 'mul_ln23_1' <Predicate = true> <Delay = 0.99> <CoreInst = "DSP48">   --->   Core 124 'DSP48' <Latency = 3> <II = 1> <Delay = 0.53> <IPBlock> <Opcode : '' 'add' 'sub' 'mul' 'select'> <InPorts = 0> <OutPorts = 1> <Sync> <CReg>
ST_2 : Operation 72 [3/3] (0.99ns) (grouped into DSP with root node add_ln23_15)   --->   "%mul_ln11_1 = mul i29 %sext_ln21_1, i29 9633" [../dct_ref/dct.cpp:11]   --->   Operation 72 'mul' 'mul_ln11_1' <Predicate = true> <Delay = 0.99> <CoreInst = "DSP48">   --->   Core 124 'DSP48' <Latency = 3> <II = 1> <Delay = 0.53> <IPBlock> <Opcode : '' 'add' 'sub' 'mul' 'select'> <InPorts = 0> <OutPorts = 1> <Sync> <CReg>
ST_2 : Operation 73 [1/1] (0.00ns)   --->   "%sext_ln21_14 = sext i16 %p_read_6" [../dct_ref/dct.cpp:21]   --->   Operation 73 'sext' 'sext_ln21_14' <Predicate = true> <Delay = 0.00>
ST_2 : Operation 74 [2/3] (0.99ns) (grouped into DSP with root node add_ln23_14)   --->   "%mul_ln21_4 = mul i29 %sext_ln21_15, i29 11363" [../dct_ref/dct.cpp:21]   --->   Operation 74 'mul' 'mul_ln21_4' <Predicate = true> <Delay = 0.99> <CoreInst = "DSP48">   --->   Core 124 'DSP48' <Latency = 3> <II = 1> <Delay = 0.53> <IPBlock> <Opcode : '' 'add' 'sub' 'mul' 'select'> <InPorts = 0> <OutPorts = 1> <Sync> <CReg>
ST_2 : Operation 75 [2/3] (0.99ns) (grouped into DSP with root node add_ln23_16)   --->   "%tmp23 = mul i29 %tmp22_cast, i29 6436" [../dct_ref/dct.cpp:11]   --->   Operation 75 'mul' 'tmp23' <Predicate = true> <Delay = 0.99> <CoreInst = "DSP48">   --->   Core 124 'DSP48' <Latency = 3> <II = 1> <Delay = 0.53> <IPBlock> <Opcode : '' 'add' 'sub' 'mul' 'select'> <InPorts = 0> <OutPorts = 1> <Sync> <CReg>
ST_2 : Operation 76 [1/1] (0.85ns)   --->   "%tmp25 = sub i17 %sext_ln21_7, i17 %sext_ln21_2" [../dct_ref/dct.cpp:21]   --->   Operation 76 'sub' 'tmp25' <Predicate = true> <Delay = 0.85> <CoreInst = "Adder">   --->   Core 1 'Adder' <Latency = 0> <II = 1> <Delay = 0.85> <FuncUnit> <Opcode : 'add' 'sub'> <InPorts = 2> <OutPorts = 1>
ST_2 : Operation 77 [1/1] (0.00ns)   --->   "%tmp25_cast72 = sext i17 %tmp25" [../dct_ref/dct.cpp:21]   --->   Operation 77 'sext' 'tmp25_cast72' <Predicate = true> <Delay = 0.00>
ST_2 : Operation 78 [3/3] (0.99ns) (grouped into DSP with root node add_ln23_17)   --->   "%mul_ln23_2 = mul i29 %tmp25_cast72, i29 2260" [../dct_ref/dct.cpp:23]   --->   Operation 78 'mul' 'mul_ln23_2' <Predicate = true> <Delay = 0.99> <CoreInst = "DSP48">   --->   Core 124 'DSP48' <Latency = 3> <II = 1> <Delay = 0.53> <IPBlock> <Opcode : '' 'add' 'sub' 'mul' 'select'> <InPorts = 0> <OutPorts = 1> <Sync> <CReg>
ST_2 : Operation 79 [1/1] (0.85ns)   --->   "%tmp27 = add i17 %sext_ln21_7, i17 %sext_ln21_6" [../dct_ref/dct.cpp:21]   --->   Operation 79 'add' 'tmp27' <Predicate = true> <Delay = 0.85> <CoreInst = "Adder">   --->   Core 1 'Adder' <Latency = 0> <II = 1> <Delay = 0.85> <FuncUnit> <Opcode : 'add' 'sub'> <InPorts = 2> <OutPorts = 1>
ST_2 : Operation 80 [1/1] (0.00ns)   --->   "%tmp27_cast = sext i17 %tmp27" [../dct_ref/dct.cpp:21]   --->   Operation 80 'sext' 'tmp27_cast' <Predicate = true> <Delay = 0.00>
ST_2 : Operation 81 [1/1] (0.00ns)   --->   "%empty = trunc i17 %tmp27" [../dct_ref/dct.cpp:21]   --->   Operation 81 'trunc' 'empty' <Predicate = true> <Delay = 0.00>
ST_2 : Operation 82 [1/1] (0.00ns)   --->   "%p_shl1 = bitconcatenate i29 @_ssdm_op_BitConcatenate.i29.i16.i13, i16 %empty, i13 0" [../dct_ref/dct.cpp:21]   --->   Operation 82 'bitconcatenate' 'p_shl1' <Predicate = true> <Delay = 0.00>
ST_2 : Operation 83 [1/1] (0.00ns) (grouped into TernaryAdder)   --->   "%tmp28 = sub i29 %tmp27_cast, i29 %p_shl1" [../dct_ref/dct.cpp:21]   --->   Operation 83 'sub' 'tmp28' <Predicate = true> <Delay = 0.00> <CoreInst = "TAddSub">   --->   Core 10 'TAddSub' <Latency = 0> <II = 1> <Delay = 0.36> <IPBlock> <Opcode : '' 'add' 'sub'> <InPorts = 3> <OutPorts = 1> <Sync> <CReg>
ST_2 : Operation 84 [1/1] (0.00ns)   --->   "%p_shl = bitconcatenate i29 @_ssdm_op_BitConcatenate.i29.i16.i13, i16 %tmp, i13 0" [../dct_ref/dct.cpp:23]   --->   Operation 84 'bitconcatenate' 'p_shl' <Predicate = true> <Delay = 0.00>
ST_2 : Operation 85 [1/1] (0.98ns)   --->   "%sub_ln23 = sub i29 %tmp_3, i29 %p_shl" [../dct_ref/dct.cpp:23]   --->   Operation 85 'sub' 'sub_ln23' <Predicate = true> <Delay = 0.98> <CoreInst = "Adder">   --->   Core 1 'Adder' <Latency = 0> <II = 1> <Delay = 0.98> <FuncUnit> <Opcode : 'add' 'sub'> <InPorts = 2> <OutPorts = 1>
ST_2 : Operation 86 [1/1] (0.72ns) (root node of TernaryAdder)   --->   "%add_ln23_4 = add i29 %sub_ln23, i29 %tmp28" [../dct_ref/dct.cpp:23]   --->   Operation 86 'add' 'add_ln23_4' <Predicate = true> <Delay = 0.72> <CoreInst = "TAddSub">   --->   Core 10 'TAddSub' <Latency = 0> <II = 1> <Delay = 0.36> <IPBlock> <Opcode : '' 'add' 'sub'> <InPorts = 3> <OutPorts = 1> <Sync> <CReg>
ST_2 : Operation 87 [1/1] (0.00ns)   --->   "%trunc_ln23_4 = partselect i16 @_ssdm_op_PartSelect.i16.i29.i32.i32, i29 %add_ln23_4, i32 13, i32 28" [../dct_ref/dct.cpp:23]   --->   Operation 87 'partselect' 'trunc_ln23_4' <Predicate = true> <Delay = 0.00>
ST_2 : Operation 88 [3/3] (0.99ns) (grouped into DSP with root node add_ln23_20)   --->   "%mul_ln21_6 = mul i29 %sext_ln21_12, i29 536859550" [../dct_ref/dct.cpp:21]   --->   Operation 88 'mul' 'mul_ln21_6' <Predicate = true> <Delay = 0.99> <CoreInst = "DSP48">   --->   Core 124 'DSP48' <Latency = 3> <II = 1> <Delay = 0.53> <IPBlock> <Opcode : '' 'add' 'sub' 'mul' 'select'> <InPorts = 0> <OutPorts = 1> <Sync> <CReg>
ST_2 : Operation 89 [2/3] (0.99ns) (grouped into DSP with root node add_ln23_19)   --->   "%mul_ln21_8 = mul i29 %sext_ln21_17, i29 536861280" [../dct_ref/dct.cpp:21]   --->   Operation 89 'mul' 'mul_ln21_8' <Predicate = true> <Delay = 0.99> <CoreInst = "DSP48">   --->   Core 124 'DSP48' <Latency = 3> <II = 1> <Delay = 0.53> <IPBlock> <Opcode : '' 'add' 'sub' 'mul' 'select'> <InPorts = 0> <OutPorts = 1> <Sync> <CReg>
ST_2 : Operation 90 [3/3] (0.99ns) (grouped into DSP with root node add_ln23_21)   --->   "%tmp33 = mul i29 %tmp7_cast70, i29 2260" [../dct_ref/dct.cpp:21]   --->   Operation 90 'mul' 'tmp33' <Predicate = true> <Delay = 0.99> <CoreInst = "DSP48">   --->   Core 124 'DSP48' <Latency = 3> <II = 1> <Delay = 0.53> <IPBlock> <Opcode : '' 'add' 'sub' 'mul' 'select'> <InPorts = 0> <OutPorts = 1> <Sync> <CReg>
ST_2 : Operation 91 [1/1] (0.85ns)   --->   "%tmp35 = sub i17 %sext_ln21, i17 %sext_ln21_9" [../dct_ref/dct.cpp:21]   --->   Operation 91 'sub' 'tmp35' <Predicate = true> <Delay = 0.85> <CoreInst = "Adder">   --->   Core 1 'Adder' <Latency = 0> <II = 1> <Delay = 0.85> <FuncUnit> <Opcode : 'add' 'sub'> <InPorts = 2> <OutPorts = 1>
ST_2 : Operation 92 [1/1] (0.00ns)   --->   "%sext_ln23 = sext i17 %tmp35" [../dct_ref/dct.cpp:23]   --->   Operation 92 'sext' 'sext_ln23' <Predicate = true> <Delay = 0.00>
ST_2 : Operation 93 [3/3] (0.99ns) (grouped into DSP with root node add_ln23_22)   --->   "%mul_ln23_3 = mul i29 %sext_ln23, i29 6436" [../dct_ref/dct.cpp:23]   --->   Operation 93 'mul' 'mul_ln23_3' <Predicate = true> <Delay = 0.99> <CoreInst = "DSP48">   --->   Core 124 'DSP48' <Latency = 3> <II = 1> <Delay = 0.53> <IPBlock> <Opcode : '' 'add' 'sub' 'mul' 'select'> <InPorts = 0> <OutPorts = 1> <Sync> <CReg>
ST_2 : Operation 94 [1/1] (0.85ns)   --->   "%tmp39 = sub i17 %sext_ln21_3, i17 %sext_ln21_2" [../dct_ref/dct.cpp:21]   --->   Operation 94 'sub' 'tmp39' <Predicate = true> <Delay = 0.85> <CoreInst = "Adder">   --->   Core 1 'Adder' <Latency = 0> <II = 1> <Delay = 0.85> <FuncUnit> <Opcode : 'add' 'sub'> <InPorts = 2> <OutPorts = 1>
ST_2 : Operation 95 [1/1] (0.00ns)   --->   "%tmp39_cast = sext i17 %tmp39" [../dct_ref/dct.cpp:21]   --->   Operation 95 'sext' 'tmp39_cast' <Predicate = true> <Delay = 0.00>
ST_2 : Operation 96 [1/1] (0.86ns)   --->   "%tmp40 = add i18 %tmp39_cast, i18 %sext_ln21_5" [../dct_ref/dct.cpp:21]   --->   Operation 96 'add' 'tmp40' <Predicate = true> <Delay = 0.86> <CoreInst = "Adder">   --->   Core 1 'Adder' <Latency = 0> <II = 1> <Delay = 0.86> <FuncUnit> <Opcode : 'add' 'sub'> <InPorts = 2> <OutPorts = 1>
ST_2 : Operation 97 [1/1] (1.69ns) (grouped into DSP with root node add_ln23_6)   --->   "%tmp41 = sub i18 %tmp40, i18 %sext_ln21_8" [../dct_ref/dct.cpp:21]   --->   Operation 97 'sub' 'tmp41' <Predicate = true> <Delay = 1.69> <CoreInst = "DSP48">   --->   Core 124 'DSP48' <Latency = 3> <II = 1> <Delay = 0.53> <IPBlock> <Opcode : '' 'add' 'sub' 'mul' 'select'> <InPorts = 0> <OutPorts = 1> <Sync> <CReg>
ST_2 : Operation 98 [1/1] (0.00ns) (grouped into DSP with root node add_ln23_6)   --->   "%tmp41_cast = sext i18 %tmp41" [../dct_ref/dct.cpp:21]   --->   Operation 98 'sext' 'tmp41_cast' <Predicate = true> <Delay = 0.00>
ST_2 : Operation 99 [3/3] (0.99ns) (grouped into DSP with root node add_ln23_6)   --->   "%tmp42 = mul i29 %tmp41_cast, i29 10703" [../dct_ref/dct.cpp:21]   --->   Operation 99 'mul' 'tmp42' <Predicate = true> <Delay = 0.99> <CoreInst = "DSP48">   --->   Core 124 'DSP48' <Latency = 3> <II = 1> <Delay = 0.53> <IPBlock> <Opcode : '' 'add' 'sub' 'mul' 'select'> <InPorts = 0> <OutPorts = 1> <Sync> <CReg>
ST_2 : Operation 100 [2/3] (0.99ns) (grouped into DSP with root node add_ln23_24)   --->   "%mul_ln23_4 = mul i29 %tmp19_cast, i29 4433" [../dct_ref/dct.cpp:23]   --->   Operation 100 'mul' 'mul_ln23_4' <Predicate = true> <Delay = 0.99> <CoreInst = "DSP48">   --->   Core 124 'DSP48' <Latency = 3> <II = 1> <Delay = 0.53> <IPBlock> <Opcode : '' 'add' 'sub' 'mul' 'select'> <InPorts = 0> <OutPorts = 1> <Sync> <CReg>
ST_2 : Operation 101 [3/3] (0.99ns) (grouped into DSP with root node add_ln23_26)   --->   "%mul_ln21_10 = mul i29 %sext_ln21_14, i29 9633" [../dct_ref/dct.cpp:21]   --->   Operation 101 'mul' 'mul_ln21_10' <Predicate = true> <Delay = 0.99> <CoreInst = "DSP48">   --->   Core 124 'DSP48' <Latency = 3> <II = 1> <Delay = 0.53> <IPBlock> <Opcode : '' 'add' 'sub' 'mul' 'select'> <InPorts = 0> <OutPorts = 1> <Sync> <CReg>
ST_2 : Operation 102 [2/3] (0.99ns) (grouped into DSP with root node add_ln23_25)   --->   "%mul_ln21_12 = mul i29 %sext_ln21_17, i29 11363" [../dct_ref/dct.cpp:21]   --->   Operation 102 'mul' 'mul_ln21_12' <Predicate = true> <Delay = 0.99> <CoreInst = "DSP48">   --->   Core 124 'DSP48' <Latency = 3> <II = 1> <Delay = 0.53> <IPBlock> <Opcode : '' 'add' 'sub' 'mul' 'select'> <InPorts = 0> <OutPorts = 1> <Sync> <CReg>
ST_2 : Operation 103 [3/3] (0.99ns) (grouped into DSP with root node add_ln23_27)   --->   "%tmp51 = mul i29 %tmp25_cast72, i29 6436" [../dct_ref/dct.cpp:21]   --->   Operation 103 'mul' 'tmp51' <Predicate = true> <Delay = 0.99> <CoreInst = "DSP48">   --->   Core 124 'DSP48' <Latency = 3> <II = 1> <Delay = 0.53> <IPBlock> <Opcode : '' 'add' 'sub' 'mul' 'select'> <InPorts = 0> <OutPorts = 1> <Sync> <CReg>
ST_2 : Operation 104 [3/3] (0.99ns) (grouped into DSP with root node add_ln23_28)   --->   "%mul_ln23_5 = mul i29 %sext_ln23, i29 2260" [../dct_ref/dct.cpp:23]   --->   Operation 104 'mul' 'mul_ln23_5' <Predicate = true> <Delay = 0.99> <CoreInst = "DSP48">   --->   Core 124 'DSP48' <Latency = 3> <II = 1> <Delay = 0.53> <IPBlock> <Opcode : '' 'add' 'sub' 'mul' 'select'> <InPorts = 0> <OutPorts = 1> <Sync> <CReg>

State 3 <SV = 2> <Delay = 3.02>
ST_3 : Operation 105 [2/3] (0.99ns) (grouped into DSP with root node add_ln23_9)   --->   "%mul_ln11 = mul i29 %sext_ln21_1, i29 11363" [../dct_ref/dct.cpp:11]   --->   Operation 105 'mul' 'mul_ln11' <Predicate = true> <Delay = 0.99> <CoreInst = "DSP48">   --->   Core 124 'DSP48' <Latency = 3> <II = 1> <Delay = 0.53> <IPBlock> <Opcode : '' 'add' 'sub' 'mul' 'select'> <InPorts = 0> <OutPorts = 1> <Sync> <CReg>
ST_3 : Operation 106 [1/1] (2.38ns)   --->   "%mul_ln21 = mul i29 %sext_ln21_12, i29 9633" [../dct_ref/dct.cpp:21]   --->   Operation 106 'mul' 'mul_ln21' <Predicate = true> <Delay = 2.38> <CoreInst = "Multiplier">   --->   Core 3 'Multiplier' <Latency = 0> <II = 1> <Delay = 2.38> <FuncUnit> <Opcode : 'mul'> <InPorts = 2> <OutPorts = 1>
ST_3 : Operation 107 [2/3] (0.99ns) (grouped into DSP with root node add_ln23_11)   --->   "%mul_ln21_2 = mul i29 %sext_ln21_11, i29 536859550" [../dct_ref/dct.cpp:21]   --->   Operation 107 'mul' 'mul_ln21_2' <Predicate = true> <Delay = 0.99> <CoreInst = "DSP48">   --->   Core 124 'DSP48' <Latency = 3> <II = 1> <Delay = 0.53> <IPBlock> <Opcode : '' 'add' 'sub' 'mul' 'select'> <InPorts = 0> <OutPorts = 1> <Sync> <CReg>
ST_3 : Operation 108 [1/3] (0.00ns) (grouped into DSP with root node add_ln23_8)   --->   "%tmp5 = mul i29 %tmp4_cast, i29 2260" [../dct_ref/dct.cpp:21]   --->   Operation 108 'mul' 'tmp5' <Predicate = true> <Delay = 0.00> <CoreInst = "DSP48">   --->   Core 124 'DSP48' <Latency = 3> <II = 1> <Delay = 0.53> <IPBlock> <Opcode : '' 'add' 'sub' 'mul' 'select'> <InPorts = 0> <OutPorts = 1> <Sync> <CReg>
ST_3 : Operation 109 [2/3] (0.99ns) (grouped into DSP with root node add_ln23_10)   --->   "%mul_ln23 = mul i29 %tmp7_cast70, i29 6436" [../dct_ref/dct.cpp:23]   --->   Operation 109 'mul' 'mul_ln23' <Predicate = true> <Delay = 0.99> <CoreInst = "DSP48">   --->   Core 124 'DSP48' <Latency = 3> <II = 1> <Delay = 0.53> <IPBlock> <Opcode : '' 'add' 'sub' 'mul' 'select'> <InPorts = 0> <OutPorts = 1> <Sync> <CReg>
ST_3 : Operation 110 [2/2] (0.64ns) (root node of the DSP)   --->   "%add_ln23_8 = add i29 %mul_ln21, i29 %tmp5" [../dct_ref/dct.cpp:23]   --->   Operation 110 'add' 'add_ln23_8' <Predicate = true> <Delay = 0.64> <CoreInst = "DSP48">   --->   Core 124 'DSP48' <Latency = 3> <II = 1> <Delay = 0.53> <IPBlock> <Opcode : '' 'add' 'sub' 'mul' 'select'> <InPorts = 0> <OutPorts = 1> <Sync> <CReg>
ST_3 : Operation 111 [2/3] (0.99ns) (grouped into DSP with root node add_ln23_2)   --->   "%tmp14 = mul i29 %tmp13_cast, i29 4433" [../dct_ref/dct.cpp:21]   --->   Operation 111 'mul' 'tmp14' <Predicate = true> <Delay = 0.99> <CoreInst = "DSP48">   --->   Core 124 'DSP48' <Latency = 3> <II = 1> <Delay = 0.53> <IPBlock> <Opcode : '' 'add' 'sub' 'mul' 'select'> <InPorts = 0> <OutPorts = 1> <Sync> <CReg>
ST_3 : Operation 112 [1/3] (0.00ns) (grouped into DSP with root node add_ln23_13)   --->   "%mul_ln23_1 = mul i29 %tmp19_cast, i29 10703" [../dct_ref/dct.cpp:23]   --->   Operation 112 'mul' 'mul_ln23_1' <Predicate = true> <Delay = 0.00> <CoreInst = "DSP48">   --->   Core 124 'DSP48' <Latency = 3> <II = 1> <Delay = 0.53> <IPBlock> <Opcode : '' 'add' 'sub' 'mul' 'select'> <InPorts = 0> <OutPorts = 1> <Sync> <CReg>
ST_3 : Operation 113 [2/2] (0.64ns) (root node of the DSP)   --->   "%add_ln23_13 = add i29 %mul_ln23_1, i29 4096" [../dct_ref/dct.cpp:23]   --->   Operation 113 'add' 'add_ln23_13' <Predicate = true> <Delay = 0.64> <CoreInst = "DSP48">   --->   Core 124 'DSP48' <Latency = 3> <II = 1> <Delay = 0.53> <IPBlock> <Opcode : '' 'add' 'sub' 'mul' 'select'> <InPorts = 0> <OutPorts = 1> <Sync> <CReg>
ST_3 : Operation 114 [2/3] (0.99ns) (grouped into DSP with root node add_ln23_15)   --->   "%mul_ln11_1 = mul i29 %sext_ln21_1, i29 9633" [../dct_ref/dct.cpp:11]   --->   Operation 114 'mul' 'mul_ln11_1' <Predicate = true> <Delay = 0.99> <CoreInst = "DSP48">   --->   Core 124 'DSP48' <Latency = 3> <II = 1> <Delay = 0.53> <IPBlock> <Opcode : '' 'add' 'sub' 'mul' 'select'> <InPorts = 0> <OutPorts = 1> <Sync> <CReg>
ST_3 : Operation 115 [1/1] (2.38ns)   --->   "%mul_ln21_3 = mul i29 %sext_ln21_14, i29 536859550" [../dct_ref/dct.cpp:21]   --->   Operation 115 'mul' 'mul_ln21_3' <Predicate = true> <Delay = 2.38> <CoreInst = "Multiplier">   --->   Core 3 'Multiplier' <Latency = 0> <II = 1> <Delay = 2.38> <FuncUnit> <Opcode : 'mul'> <InPorts = 2> <OutPorts = 1>
ST_3 : Operation 116 [1/3] (0.00ns) (grouped into DSP with root node add_ln23_14)   --->   "%mul_ln21_4 = mul i29 %sext_ln21_15, i29 11363" [../dct_ref/dct.cpp:21]   --->   Operation 116 'mul' 'mul_ln21_4' <Predicate = true> <Delay = 0.00> <CoreInst = "DSP48">   --->   Core 124 'DSP48' <Latency = 3> <II = 1> <Delay = 0.53> <IPBlock> <Opcode : '' 'add' 'sub' 'mul' 'select'> <InPorts = 0> <OutPorts = 1> <Sync> <CReg>
ST_3 : Operation 117 [1/1] (2.38ns)   --->   "%mul_ln21_5 = mul i29 %sext_ln21_11, i29 536861280" [../dct_ref/dct.cpp:21]   --->   Operation 117 'mul' 'mul_ln21_5' <Predicate = true> <Delay = 2.38> <CoreInst = "Multiplier">   --->   Core 3 'Multiplier' <Latency = 0> <II = 1> <Delay = 2.38> <FuncUnit> <Opcode : 'mul'> <InPorts = 2> <OutPorts = 1>
ST_3 : Operation 118 [1/3] (0.00ns) (grouped into DSP with root node add_ln23_16)   --->   "%tmp23 = mul i29 %tmp22_cast, i29 6436" [../dct_ref/dct.cpp:11]   --->   Operation 118 'mul' 'tmp23' <Predicate = true> <Delay = 0.00> <CoreInst = "DSP48">   --->   Core 124 'DSP48' <Latency = 3> <II = 1> <Delay = 0.53> <IPBlock> <Opcode : '' 'add' 'sub' 'mul' 'select'> <InPorts = 0> <OutPorts = 1> <Sync> <CReg>
ST_3 : Operation 119 [2/3] (0.99ns) (grouped into DSP with root node add_ln23_17)   --->   "%mul_ln23_2 = mul i29 %tmp25_cast72, i29 2260" [../dct_ref/dct.cpp:23]   --->   Operation 119 'mul' 'mul_ln23_2' <Predicate = true> <Delay = 0.99> <CoreInst = "DSP48">   --->   Core 124 'DSP48' <Latency = 3> <II = 1> <Delay = 0.53> <IPBlock> <Opcode : '' 'add' 'sub' 'mul' 'select'> <InPorts = 0> <OutPorts = 1> <Sync> <CReg>
ST_3 : Operation 120 [2/2] (0.64ns) (root node of the DSP)   --->   "%add_ln23_14 = add i29 %mul_ln21_3, i29 %mul_ln21_4" [../dct_ref/dct.cpp:23]   --->   Operation 120 'add' 'add_ln23_14' <Predicate = true> <Delay = 0.64> <CoreInst = "DSP48">   --->   Core 124 'DSP48' <Latency = 3> <II = 1> <Delay = 0.53> <IPBlock> <Opcode : '' 'add' 'sub' 'mul' 'select'> <InPorts = 0> <OutPorts = 1> <Sync> <CReg>
ST_3 : Operation 121 [2/2] (0.64ns) (root node of the DSP)   --->   "%add_ln23_16 = add i29 %tmp23, i29 %mul_ln21_5" [../dct_ref/dct.cpp:23]   --->   Operation 121 'add' 'add_ln23_16' <Predicate = true> <Delay = 0.64> <CoreInst = "DSP48">   --->   Core 124 'DSP48' <Latency = 3> <II = 1> <Delay = 0.53> <IPBlock> <Opcode : '' 'add' 'sub' 'mul' 'select'> <InPorts = 0> <OutPorts = 1> <Sync> <CReg>
ST_3 : Operation 122 [2/3] (0.99ns) (grouped into DSP with root node add_ln23_20)   --->   "%mul_ln21_6 = mul i29 %sext_ln21_12, i29 536859550" [../dct_ref/dct.cpp:21]   --->   Operation 122 'mul' 'mul_ln21_6' <Predicate = true> <Delay = 0.99> <CoreInst = "DSP48">   --->   Core 124 'DSP48' <Latency = 3> <II = 1> <Delay = 0.53> <IPBlock> <Opcode : '' 'add' 'sub' 'mul' 'select'> <InPorts = 0> <OutPorts = 1> <Sync> <CReg>
ST_3 : Operation 123 [1/1] (0.00ns)   --->   "%sext_ln21_16 = sext i16 %p_read_5" [../dct_ref/dct.cpp:21]   --->   Operation 123 'sext' 'sext_ln21_16' <Predicate = true> <Delay = 0.00>
ST_3 : Operation 124 [1/1] (2.38ns)   --->   "%mul_ln21_7 = mul i29 %sext_ln21_16, i29 9633" [../dct_ref/dct.cpp:21]   --->   Operation 124 'mul' 'mul_ln21_7' <Predicate = true> <Delay = 2.38> <CoreInst = "Multiplier">   --->   Core 3 'Multiplier' <Latency = 0> <II = 1> <Delay = 2.38> <FuncUnit> <Opcode : 'mul'> <InPorts = 2> <OutPorts = 1>
ST_3 : Operation 125 [1/3] (0.00ns) (grouped into DSP with root node add_ln23_19)   --->   "%mul_ln21_8 = mul i29 %sext_ln21_17, i29 536861280" [../dct_ref/dct.cpp:21]   --->   Operation 125 'mul' 'mul_ln21_8' <Predicate = true> <Delay = 0.00> <CoreInst = "DSP48">   --->   Core 124 'DSP48' <Latency = 3> <II = 1> <Delay = 0.53> <IPBlock> <Opcode : '' 'add' 'sub' 'mul' 'select'> <InPorts = 0> <OutPorts = 1> <Sync> <CReg>
ST_3 : Operation 126 [2/3] (0.99ns) (grouped into DSP with root node add_ln23_21)   --->   "%tmp33 = mul i29 %tmp7_cast70, i29 2260" [../dct_ref/dct.cpp:21]   --->   Operation 126 'mul' 'tmp33' <Predicate = true> <Delay = 0.99> <CoreInst = "DSP48">   --->   Core 124 'DSP48' <Latency = 3> <II = 1> <Delay = 0.53> <IPBlock> <Opcode : '' 'add' 'sub' 'mul' 'select'> <InPorts = 0> <OutPorts = 1> <Sync> <CReg>
ST_3 : Operation 127 [2/3] (0.99ns) (grouped into DSP with root node add_ln23_22)   --->   "%mul_ln23_3 = mul i29 %sext_ln23, i29 6436" [../dct_ref/dct.cpp:23]   --->   Operation 127 'mul' 'mul_ln23_3' <Predicate = true> <Delay = 0.99> <CoreInst = "DSP48">   --->   Core 124 'DSP48' <Latency = 3> <II = 1> <Delay = 0.53> <IPBlock> <Opcode : '' 'add' 'sub' 'mul' 'select'> <InPorts = 0> <OutPorts = 1> <Sync> <CReg>
ST_3 : Operation 128 [2/2] (0.64ns) (root node of the DSP)   --->   "%add_ln23_19 = add i29 %mul_ln21_7, i29 %mul_ln21_8" [../dct_ref/dct.cpp:23]   --->   Operation 128 'add' 'add_ln23_19' <Predicate = true> <Delay = 0.64> <CoreInst = "DSP48">   --->   Core 124 'DSP48' <Latency = 3> <II = 1> <Delay = 0.53> <IPBlock> <Opcode : '' 'add' 'sub' 'mul' 'select'> <InPorts = 0> <OutPorts = 1> <Sync> <CReg>
ST_3 : Operation 129 [2/3] (0.99ns) (grouped into DSP with root node add_ln23_6)   --->   "%tmp42 = mul i29 %tmp41_cast, i29 10703" [../dct_ref/dct.cpp:21]   --->   Operation 129 'mul' 'tmp42' <Predicate = true> <Delay = 0.99> <CoreInst = "DSP48">   --->   Core 124 'DSP48' <Latency = 3> <II = 1> <Delay = 0.53> <IPBlock> <Opcode : '' 'add' 'sub' 'mul' 'select'> <InPorts = 0> <OutPorts = 1> <Sync> <CReg>
ST_3 : Operation 130 [1/3] (0.00ns) (grouped into DSP with root node add_ln23_24)   --->   "%mul_ln23_4 = mul i29 %tmp19_cast, i29 4433" [../dct_ref/dct.cpp:23]   --->   Operation 130 'mul' 'mul_ln23_4' <Predicate = true> <Delay = 0.00> <CoreInst = "DSP48">   --->   Core 124 'DSP48' <Latency = 3> <II = 1> <Delay = 0.53> <IPBlock> <Opcode : '' 'add' 'sub' 'mul' 'select'> <InPorts = 0> <OutPorts = 1> <Sync> <CReg>
ST_3 : Operation 131 [2/2] (0.64ns) (root node of the DSP)   --->   "%add_ln23_24 = add i29 %mul_ln23_4, i29 4096" [../dct_ref/dct.cpp:23]   --->   Operation 131 'add' 'add_ln23_24' <Predicate = true> <Delay = 0.64> <CoreInst = "DSP48">   --->   Core 124 'DSP48' <Latency = 3> <II = 1> <Delay = 0.53> <IPBlock> <Opcode : '' 'add' 'sub' 'mul' 'select'> <InPorts = 0> <OutPorts = 1> <Sync> <CReg>
ST_3 : Operation 132 [2/3] (0.99ns) (grouped into DSP with root node add_ln23_26)   --->   "%mul_ln21_10 = mul i29 %sext_ln21_14, i29 9633" [../dct_ref/dct.cpp:21]   --->   Operation 132 'mul' 'mul_ln21_10' <Predicate = true> <Delay = 0.99> <CoreInst = "DSP48">   --->   Core 124 'DSP48' <Latency = 3> <II = 1> <Delay = 0.53> <IPBlock> <Opcode : '' 'add' 'sub' 'mul' 'select'> <InPorts = 0> <OutPorts = 1> <Sync> <CReg>
ST_3 : Operation 133 [1/1] (2.38ns)   --->   "%mul_ln21_11 = mul i29 %sext_ln21_16, i29 536859550" [../dct_ref/dct.cpp:21]   --->   Operation 133 'mul' 'mul_ln21_11' <Predicate = true> <Delay = 2.38> <CoreInst = "Multiplier">   --->   Core 3 'Multiplier' <Latency = 0> <II = 1> <Delay = 2.38> <FuncUnit> <Opcode : 'mul'> <InPorts = 2> <OutPorts = 1>
ST_3 : Operation 134 [1/3] (0.00ns) (grouped into DSP with root node add_ln23_25)   --->   "%mul_ln21_12 = mul i29 %sext_ln21_17, i29 11363" [../dct_ref/dct.cpp:21]   --->   Operation 134 'mul' 'mul_ln21_12' <Predicate = true> <Delay = 0.00> <CoreInst = "DSP48">   --->   Core 124 'DSP48' <Latency = 3> <II = 1> <Delay = 0.53> <IPBlock> <Opcode : '' 'add' 'sub' 'mul' 'select'> <InPorts = 0> <OutPorts = 1> <Sync> <CReg>
ST_3 : Operation 135 [2/3] (0.99ns) (grouped into DSP with root node add_ln23_27)   --->   "%tmp51 = mul i29 %tmp25_cast72, i29 6436" [../dct_ref/dct.cpp:21]   --->   Operation 135 'mul' 'tmp51' <Predicate = true> <Delay = 0.99> <CoreInst = "DSP48">   --->   Core 124 'DSP48' <Latency = 3> <II = 1> <Delay = 0.53> <IPBlock> <Opcode : '' 'add' 'sub' 'mul' 'select'> <InPorts = 0> <OutPorts = 1> <Sync> <CReg>
ST_3 : Operation 136 [2/3] (0.99ns) (grouped into DSP with root node add_ln23_28)   --->   "%mul_ln23_5 = mul i29 %sext_ln23, i29 2260" [../dct_ref/dct.cpp:23]   --->   Operation 136 'mul' 'mul_ln23_5' <Predicate = true> <Delay = 0.99> <CoreInst = "DSP48">   --->   Core 124 'DSP48' <Latency = 3> <II = 1> <Delay = 0.53> <IPBlock> <Opcode : '' 'add' 'sub' 'mul' 'select'> <InPorts = 0> <OutPorts = 1> <Sync> <CReg>
ST_3 : Operation 137 [2/2] (0.64ns) (root node of the DSP)   --->   "%add_ln23_25 = add i29 %mul_ln21_11, i29 %mul_ln21_12" [../dct_ref/dct.cpp:23]   --->   Operation 137 'add' 'add_ln23_25' <Predicate = true> <Delay = 0.64> <CoreInst = "DSP48">   --->   Core 124 'DSP48' <Latency = 3> <II = 1> <Delay = 0.53> <IPBlock> <Opcode : '' 'add' 'sub' 'mul' 'select'> <InPorts = 0> <OutPorts = 1> <Sync> <CReg>

State 4 <SV = 3> <Delay = 3.02>
ST_4 : Operation 138 [1/3] (0.00ns) (grouped into DSP with root node add_ln23_9)   --->   "%mul_ln11 = mul i29 %sext_ln21_1, i29 11363" [../dct_ref/dct.cpp:11]   --->   Operation 138 'mul' 'mul_ln11' <Predicate = true> <Delay = 0.00> <CoreInst = "DSP48">   --->   Core 124 'DSP48' <Latency = 3> <II = 1> <Delay = 0.53> <IPBlock> <Opcode : '' 'add' 'sub' 'mul' 'select'> <InPorts = 0> <OutPorts = 1> <Sync> <CReg>
ST_4 : Operation 139 [1/1] (0.00ns)   --->   "%sext_ln21_13 = sext i16 %p_read_2" [../dct_ref/dct.cpp:21]   --->   Operation 139 'sext' 'sext_ln21_13' <Predicate = true> <Delay = 0.00>
ST_4 : Operation 140 [1/1] (2.38ns)   --->   "%mul_ln21_1 = mul i29 %sext_ln21_13, i29 536861280" [../dct_ref/dct.cpp:21]   --->   Operation 140 'mul' 'mul_ln21_1' <Predicate = true> <Delay = 2.38> <CoreInst = "Multiplier">   --->   Core 3 'Multiplier' <Latency = 0> <II = 1> <Delay = 2.38> <FuncUnit> <Opcode : 'mul'> <InPorts = 2> <OutPorts = 1>
ST_4 : Operation 141 [1/3] (0.00ns) (grouped into DSP with root node add_ln23_11)   --->   "%mul_ln21_2 = mul i29 %sext_ln21_11, i29 536859550" [../dct_ref/dct.cpp:21]   --->   Operation 141 'mul' 'mul_ln21_2' <Predicate = true> <Delay = 0.00> <CoreInst = "DSP48">   --->   Core 124 'DSP48' <Latency = 3> <II = 1> <Delay = 0.53> <IPBlock> <Opcode : '' 'add' 'sub' 'mul' 'select'> <InPorts = 0> <OutPorts = 1> <Sync> <CReg>
ST_4 : Operation 142 [1/3] (0.00ns) (grouped into DSP with root node add_ln23_10)   --->   "%mul_ln23 = mul i29 %tmp7_cast70, i29 6436" [../dct_ref/dct.cpp:23]   --->   Operation 142 'mul' 'mul_ln23' <Predicate = true> <Delay = 0.00> <CoreInst = "DSP48">   --->   Core 124 'DSP48' <Latency = 3> <II = 1> <Delay = 0.53> <IPBlock> <Opcode : '' 'add' 'sub' 'mul' 'select'> <InPorts = 0> <OutPorts = 1> <Sync> <CReg>
ST_4 : Operation 143 [1/2] (0.64ns) (root node of the DSP)   --->   "%add_ln23_8 = add i29 %mul_ln21, i29 %tmp5" [../dct_ref/dct.cpp:23]   --->   Operation 143 'add' 'add_ln23_8' <Predicate = true> <Delay = 0.64> <CoreInst = "DSP48">   --->   Core 124 'DSP48' <Latency = 3> <II = 1> <Delay = 0.53> <IPBlock> <Opcode : '' 'add' 'sub' 'mul' 'select'> <InPorts = 0> <OutPorts = 1> <Sync> <CReg>
ST_4 : Operation 144 [2/2] (0.64ns) (root node of the DSP)   --->   "%add_ln23_9 = add i29 %add_ln23_8, i29 %mul_ln11" [../dct_ref/dct.cpp:23]   --->   Operation 144 'add' 'add_ln23_9' <Predicate = true> <Delay = 0.64> <CoreInst = "DSP48">   --->   Core 124 'DSP48' <Latency = 3> <II = 1> <Delay = 0.53> <IPBlock> <Opcode : '' 'add' 'sub' 'mul' 'select'> <InPorts = 0> <OutPorts = 1> <Sync> <CReg>
ST_4 : Operation 145 [2/2] (0.64ns) (root node of the DSP)   --->   "%add_ln23_10 = add i29 %mul_ln21_1, i29 %mul_ln23" [../dct_ref/dct.cpp:23]   --->   Operation 145 'add' 'add_ln23_10' <Predicate = true> <Delay = 0.64> <CoreInst = "DSP48">   --->   Core 124 'DSP48' <Latency = 3> <II = 1> <Delay = 0.53> <IPBlock> <Opcode : '' 'add' 'sub' 'mul' 'select'> <InPorts = 0> <OutPorts = 1> <Sync> <CReg>
ST_4 : Operation 146 [2/2] (0.64ns) (root node of the DSP)   --->   "%add_ln23_11 = add i29 %mul_ln21_2, i29 4096" [../dct_ref/dct.cpp:23]   --->   Operation 146 'add' 'add_ln23_11' <Predicate = true> <Delay = 0.64> <CoreInst = "DSP48">   --->   Core 124 'DSP48' <Latency = 3> <II = 1> <Delay = 0.53> <IPBlock> <Opcode : '' 'add' 'sub' 'mul' 'select'> <InPorts = 0> <OutPorts = 1> <Sync> <CReg>
ST_4 : Operation 147 [1/3] (0.00ns) (grouped into DSP with root node add_ln23_2)   --->   "%tmp14 = mul i29 %tmp13_cast, i29 4433" [../dct_ref/dct.cpp:21]   --->   Operation 147 'mul' 'tmp14' <Predicate = true> <Delay = 0.00> <CoreInst = "DSP48">   --->   Core 124 'DSP48' <Latency = 3> <II = 1> <Delay = 0.53> <IPBlock> <Opcode : '' 'add' 'sub' 'mul' 'select'> <InPorts = 0> <OutPorts = 1> <Sync> <CReg>
ST_4 : Operation 148 [1/2] (0.64ns) (root node of the DSP)   --->   "%add_ln23_13 = add i29 %mul_ln23_1, i29 4096" [../dct_ref/dct.cpp:23]   --->   Operation 148 'add' 'add_ln23_13' <Predicate = true> <Delay = 0.64> <CoreInst = "DSP48">   --->   Core 124 'DSP48' <Latency = 3> <II = 1> <Delay = 0.53> <IPBlock> <Opcode : '' 'add' 'sub' 'mul' 'select'> <InPorts = 0> <OutPorts = 1> <Sync> <CReg>
ST_4 : Operation 149 [2/2] (0.64ns) (root node of the DSP)   --->   "%add_ln23_2 = add i29 %add_ln23_13, i29 %tmp14" [../dct_ref/dct.cpp:23]   --->   Operation 149 'add' 'add_ln23_2' <Predicate = true> <Delay = 0.64> <CoreInst = "DSP48">   --->   Core 124 'DSP48' <Latency = 3> <II = 1> <Delay = 0.53> <IPBlock> <Opcode : '' 'add' 'sub' 'mul' 'select'> <InPorts = 0> <OutPorts = 1> <Sync> <CReg>
ST_4 : Operation 150 [1/3] (0.00ns) (grouped into DSP with root node add_ln23_15)   --->   "%mul_ln11_1 = mul i29 %sext_ln21_1, i29 9633" [../dct_ref/dct.cpp:11]   --->   Operation 150 'mul' 'mul_ln11_1' <Predicate = true> <Delay = 0.00> <CoreInst = "DSP48">   --->   Core 124 'DSP48' <Latency = 3> <II = 1> <Delay = 0.53> <IPBlock> <Opcode : '' 'add' 'sub' 'mul' 'select'> <InPorts = 0> <OutPorts = 1> <Sync> <CReg>
ST_4 : Operation 151 [1/3] (0.00ns) (grouped into DSP with root node add_ln23_17)   --->   "%mul_ln23_2 = mul i29 %tmp25_cast72, i29 2260" [../dct_ref/dct.cpp:23]   --->   Operation 151 'mul' 'mul_ln23_2' <Predicate = true> <Delay = 0.00> <CoreInst = "DSP48">   --->   Core 124 'DSP48' <Latency = 3> <II = 1> <Delay = 0.53> <IPBlock> <Opcode : '' 'add' 'sub' 'mul' 'select'> <InPorts = 0> <OutPorts = 1> <Sync> <CReg>
ST_4 : Operation 152 [1/2] (0.64ns) (root node of the DSP)   --->   "%add_ln23_14 = add i29 %mul_ln21_3, i29 %mul_ln21_4" [../dct_ref/dct.cpp:23]   --->   Operation 152 'add' 'add_ln23_14' <Predicate = true> <Delay = 0.64> <CoreInst = "DSP48">   --->   Core 124 'DSP48' <Latency = 3> <II = 1> <Delay = 0.53> <IPBlock> <Opcode : '' 'add' 'sub' 'mul' 'select'> <InPorts = 0> <OutPorts = 1> <Sync> <CReg>
ST_4 : Operation 153 [2/2] (0.64ns) (root node of the DSP)   --->   "%add_ln23_15 = add i29 %add_ln23_14, i29 %mul_ln11_1" [../dct_ref/dct.cpp:23]   --->   Operation 153 'add' 'add_ln23_15' <Predicate = true> <Delay = 0.64> <CoreInst = "DSP48">   --->   Core 124 'DSP48' <Latency = 3> <II = 1> <Delay = 0.53> <IPBlock> <Opcode : '' 'add' 'sub' 'mul' 'select'> <InPorts = 0> <OutPorts = 1> <Sync> <CReg>
ST_4 : Operation 154 [1/2] (0.64ns) (root node of the DSP)   --->   "%add_ln23_16 = add i29 %tmp23, i29 %mul_ln21_5" [../dct_ref/dct.cpp:23]   --->   Operation 154 'add' 'add_ln23_16' <Predicate = true> <Delay = 0.64> <CoreInst = "DSP48">   --->   Core 124 'DSP48' <Latency = 3> <II = 1> <Delay = 0.53> <IPBlock> <Opcode : '' 'add' 'sub' 'mul' 'select'> <InPorts = 0> <OutPorts = 1> <Sync> <CReg>
ST_4 : Operation 155 [2/2] (0.64ns) (root node of the DSP)   --->   "%add_ln23_17 = add i29 %mul_ln23_2, i29 4096" [../dct_ref/dct.cpp:23]   --->   Operation 155 'add' 'add_ln23_17' <Predicate = true> <Delay = 0.64> <CoreInst = "DSP48">   --->   Core 124 'DSP48' <Latency = 3> <II = 1> <Delay = 0.53> <IPBlock> <Opcode : '' 'add' 'sub' 'mul' 'select'> <InPorts = 0> <OutPorts = 1> <Sync> <CReg>
ST_4 : Operation 156 [1/3] (0.00ns) (grouped into DSP with root node add_ln23_20)   --->   "%mul_ln21_6 = mul i29 %sext_ln21_12, i29 536859550" [../dct_ref/dct.cpp:21]   --->   Operation 156 'mul' 'mul_ln21_6' <Predicate = true> <Delay = 0.00> <CoreInst = "DSP48">   --->   Core 124 'DSP48' <Latency = 3> <II = 1> <Delay = 0.53> <IPBlock> <Opcode : '' 'add' 'sub' 'mul' 'select'> <InPorts = 0> <OutPorts = 1> <Sync> <CReg>
ST_4 : Operation 157 [1/1] (2.38ns)   --->   "%mul_ln21_9 = mul i29 %sext_ln21_13, i29 11363" [../dct_ref/dct.cpp:21]   --->   Operation 157 'mul' 'mul_ln21_9' <Predicate = true> <Delay = 2.38> <CoreInst = "Multiplier">   --->   Core 3 'Multiplier' <Latency = 0> <II = 1> <Delay = 2.38> <FuncUnit> <Opcode : 'mul'> <InPorts = 2> <OutPorts = 1>
ST_4 : Operation 158 [1/3] (0.00ns) (grouped into DSP with root node add_ln23_21)   --->   "%tmp33 = mul i29 %tmp7_cast70, i29 2260" [../dct_ref/dct.cpp:21]   --->   Operation 158 'mul' 'tmp33' <Predicate = true> <Delay = 0.00> <CoreInst = "DSP48">   --->   Core 124 'DSP48' <Latency = 3> <II = 1> <Delay = 0.53> <IPBlock> <Opcode : '' 'add' 'sub' 'mul' 'select'> <InPorts = 0> <OutPorts = 1> <Sync> <CReg>
ST_4 : Operation 159 [1/3] (0.00ns) (grouped into DSP with root node add_ln23_22)   --->   "%mul_ln23_3 = mul i29 %sext_ln23, i29 6436" [../dct_ref/dct.cpp:23]   --->   Operation 159 'mul' 'mul_ln23_3' <Predicate = true> <Delay = 0.00> <CoreInst = "DSP48">   --->   Core 124 'DSP48' <Latency = 3> <II = 1> <Delay = 0.53> <IPBlock> <Opcode : '' 'add' 'sub' 'mul' 'select'> <InPorts = 0> <OutPorts = 1> <Sync> <CReg>
ST_4 : Operation 160 [1/2] (0.64ns) (root node of the DSP)   --->   "%add_ln23_19 = add i29 %mul_ln21_7, i29 %mul_ln21_8" [../dct_ref/dct.cpp:23]   --->   Operation 160 'add' 'add_ln23_19' <Predicate = true> <Delay = 0.64> <CoreInst = "DSP48">   --->   Core 124 'DSP48' <Latency = 3> <II = 1> <Delay = 0.53> <IPBlock> <Opcode : '' 'add' 'sub' 'mul' 'select'> <InPorts = 0> <OutPorts = 1> <Sync> <CReg>
ST_4 : Operation 161 [2/2] (0.64ns) (root node of the DSP)   --->   "%add_ln23_20 = add i29 %add_ln23_19, i29 %mul_ln21_6" [../dct_ref/dct.cpp:23]   --->   Operation 161 'add' 'add_ln23_20' <Predicate = true> <Delay = 0.64> <CoreInst = "DSP48">   --->   Core 124 'DSP48' <Latency = 3> <II = 1> <Delay = 0.53> <IPBlock> <Opcode : '' 'add' 'sub' 'mul' 'select'> <InPorts = 0> <OutPorts = 1> <Sync> <CReg>
ST_4 : Operation 162 [2/2] (0.64ns) (root node of the DSP)   --->   "%add_ln23_21 = add i29 %mul_ln21_9, i29 %tmp33" [../dct_ref/dct.cpp:23]   --->   Operation 162 'add' 'add_ln23_21' <Predicate = true> <Delay = 0.64> <CoreInst = "DSP48">   --->   Core 124 'DSP48' <Latency = 3> <II = 1> <Delay = 0.53> <IPBlock> <Opcode : '' 'add' 'sub' 'mul' 'select'> <InPorts = 0> <OutPorts = 1> <Sync> <CReg>
ST_4 : Operation 163 [2/2] (0.64ns) (root node of the DSP)   --->   "%add_ln23_22 = add i29 %mul_ln23_3, i29 4096" [../dct_ref/dct.cpp:23]   --->   Operation 163 'add' 'add_ln23_22' <Predicate = true> <Delay = 0.64> <CoreInst = "DSP48">   --->   Core 124 'DSP48' <Latency = 3> <II = 1> <Delay = 0.53> <IPBlock> <Opcode : '' 'add' 'sub' 'mul' 'select'> <InPorts = 0> <OutPorts = 1> <Sync> <CReg>
ST_4 : Operation 164 [1/3] (0.00ns) (grouped into DSP with root node add_ln23_6)   --->   "%tmp42 = mul i29 %tmp41_cast, i29 10703" [../dct_ref/dct.cpp:21]   --->   Operation 164 'mul' 'tmp42' <Predicate = true> <Delay = 0.00> <CoreInst = "DSP48">   --->   Core 124 'DSP48' <Latency = 3> <II = 1> <Delay = 0.53> <IPBlock> <Opcode : '' 'add' 'sub' 'mul' 'select'> <InPorts = 0> <OutPorts = 1> <Sync> <CReg>
ST_4 : Operation 165 [1/2] (0.64ns) (root node of the DSP)   --->   "%add_ln23_24 = add i29 %mul_ln23_4, i29 4096" [../dct_ref/dct.cpp:23]   --->   Operation 165 'add' 'add_ln23_24' <Predicate = true> <Delay = 0.64> <CoreInst = "DSP48">   --->   Core 124 'DSP48' <Latency = 3> <II = 1> <Delay = 0.53> <IPBlock> <Opcode : '' 'add' 'sub' 'mul' 'select'> <InPorts = 0> <OutPorts = 1> <Sync> <CReg>
ST_4 : Operation 166 [2/2] (0.64ns) (root node of the DSP)   --->   "%add_ln23_6 = add i29 %add_ln23_24, i29 %tmp42" [../dct_ref/dct.cpp:23]   --->   Operation 166 'add' 'add_ln23_6' <Predicate = true> <Delay = 0.64> <CoreInst = "DSP48">   --->   Core 124 'DSP48' <Latency = 3> <II = 1> <Delay = 0.53> <IPBlock> <Opcode : '' 'add' 'sub' 'mul' 'select'> <InPorts = 0> <OutPorts = 1> <Sync> <CReg>
ST_4 : Operation 167 [1/3] (0.00ns) (grouped into DSP with root node add_ln23_26)   --->   "%mul_ln21_10 = mul i29 %sext_ln21_14, i29 9633" [../dct_ref/dct.cpp:21]   --->   Operation 167 'mul' 'mul_ln21_10' <Predicate = true> <Delay = 0.00> <CoreInst = "DSP48">   --->   Core 124 'DSP48' <Latency = 3> <II = 1> <Delay = 0.53> <IPBlock> <Opcode : '' 'add' 'sub' 'mul' 'select'> <InPorts = 0> <OutPorts = 1> <Sync> <CReg>
ST_4 : Operation 168 [1/1] (2.38ns)   --->   "%mul_ln21_13 = mul i29 %sext_ln21_15, i29 536861280" [../dct_ref/dct.cpp:21]   --->   Operation 168 'mul' 'mul_ln21_13' <Predicate = true> <Delay = 2.38> <CoreInst = "Multiplier">   --->   Core 3 'Multiplier' <Latency = 0> <II = 1> <Delay = 2.38> <FuncUnit> <Opcode : 'mul'> <InPorts = 2> <OutPorts = 1>
ST_4 : Operation 169 [1/3] (0.00ns) (grouped into DSP with root node add_ln23_27)   --->   "%tmp51 = mul i29 %tmp25_cast72, i29 6436" [../dct_ref/dct.cpp:21]   --->   Operation 169 'mul' 'tmp51' <Predicate = true> <Delay = 0.00> <CoreInst = "DSP48">   --->   Core 124 'DSP48' <Latency = 3> <II = 1> <Delay = 0.53> <IPBlock> <Opcode : '' 'add' 'sub' 'mul' 'select'> <InPorts = 0> <OutPorts = 1> <Sync> <CReg>
ST_4 : Operation 170 [1/3] (0.00ns) (grouped into DSP with root node add_ln23_28)   --->   "%mul_ln23_5 = mul i29 %sext_ln23, i29 2260" [../dct_ref/dct.cpp:23]   --->   Operation 170 'mul' 'mul_ln23_5' <Predicate = true> <Delay = 0.00> <CoreInst = "DSP48">   --->   Core 124 'DSP48' <Latency = 3> <II = 1> <Delay = 0.53> <IPBlock> <Opcode : '' 'add' 'sub' 'mul' 'select'> <InPorts = 0> <OutPorts = 1> <Sync> <CReg>
ST_4 : Operation 171 [1/2] (0.64ns) (root node of the DSP)   --->   "%add_ln23_25 = add i29 %mul_ln21_11, i29 %mul_ln21_12" [../dct_ref/dct.cpp:23]   --->   Operation 171 'add' 'add_ln23_25' <Predicate = true> <Delay = 0.64> <CoreInst = "DSP48">   --->   Core 124 'DSP48' <Latency = 3> <II = 1> <Delay = 0.53> <IPBlock> <Opcode : '' 'add' 'sub' 'mul' 'select'> <InPorts = 0> <OutPorts = 1> <Sync> <CReg>
ST_4 : Operation 172 [2/2] (0.64ns) (root node of the DSP)   --->   "%add_ln23_26 = add i29 %add_ln23_25, i29 %mul_ln21_10" [../dct_ref/dct.cpp:23]   --->   Operation 172 'add' 'add_ln23_26' <Predicate = true> <Delay = 0.64> <CoreInst = "DSP48">   --->   Core 124 'DSP48' <Latency = 3> <II = 1> <Delay = 0.53> <IPBlock> <Opcode : '' 'add' 'sub' 'mul' 'select'> <InPorts = 0> <OutPorts = 1> <Sync> <CReg>
ST_4 : Operation 173 [2/2] (0.64ns) (root node of the DSP)   --->   "%add_ln23_27 = add i29 %mul_ln21_13, i29 %tmp51" [../dct_ref/dct.cpp:23]   --->   Operation 173 'add' 'add_ln23_27' <Predicate = true> <Delay = 0.64> <CoreInst = "DSP48">   --->   Core 124 'DSP48' <Latency = 3> <II = 1> <Delay = 0.53> <IPBlock> <Opcode : '' 'add' 'sub' 'mul' 'select'> <InPorts = 0> <OutPorts = 1> <Sync> <CReg>
ST_4 : Operation 174 [2/2] (0.64ns) (root node of the DSP)   --->   "%add_ln23_28 = add i29 %mul_ln23_5, i29 4096" [../dct_ref/dct.cpp:23]   --->   Operation 174 'add' 'add_ln23_28' <Predicate = true> <Delay = 0.64> <CoreInst = "DSP48">   --->   Core 124 'DSP48' <Latency = 3> <II = 1> <Delay = 0.53> <IPBlock> <Opcode : '' 'add' 'sub' 'mul' 'select'> <InPorts = 0> <OutPorts = 1> <Sync> <CReg>

State 5 <SV = 4> <Delay = 1.36>
ST_5 : Operation 175 [1/2] (0.64ns) (root node of the DSP)   --->   "%add_ln23_9 = add i29 %add_ln23_8, i29 %mul_ln11" [../dct_ref/dct.cpp:23]   --->   Operation 175 'add' 'add_ln23_9' <Predicate = true> <Delay = 0.64> <CoreInst = "DSP48">   --->   Core 124 'DSP48' <Latency = 3> <II = 1> <Delay = 0.53> <IPBlock> <Opcode : '' 'add' 'sub' 'mul' 'select'> <InPorts = 0> <OutPorts = 1> <Sync> <CReg>
ST_5 : Operation 176 [1/2] (0.64ns) (root node of the DSP)   --->   "%add_ln23_10 = add i29 %mul_ln21_1, i29 %mul_ln23" [../dct_ref/dct.cpp:23]   --->   Operation 176 'add' 'add_ln23_10' <Predicate = true> <Delay = 0.64> <CoreInst = "DSP48">   --->   Core 124 'DSP48' <Latency = 3> <II = 1> <Delay = 0.53> <IPBlock> <Opcode : '' 'add' 'sub' 'mul' 'select'> <InPorts = 0> <OutPorts = 1> <Sync> <CReg>
ST_5 : Operation 177 [1/2] (0.64ns) (root node of the DSP)   --->   "%add_ln23_11 = add i29 %mul_ln21_2, i29 4096" [../dct_ref/dct.cpp:23]   --->   Operation 177 'add' 'add_ln23_11' <Predicate = true> <Delay = 0.64> <CoreInst = "DSP48">   --->   Core 124 'DSP48' <Latency = 3> <II = 1> <Delay = 0.53> <IPBlock> <Opcode : '' 'add' 'sub' 'mul' 'select'> <InPorts = 0> <OutPorts = 1> <Sync> <CReg>
ST_5 : Operation 178 [1/1] (0.00ns) (grouped into TernaryAdder)   --->   "%add_ln23_12 = add i29 %add_ln23_11, i29 %add_ln23_10" [../dct_ref/dct.cpp:23]   --->   Operation 178 'add' 'add_ln23_12' <Predicate = true> <Delay = 0.00> <CoreInst = "TAddSub">   --->   Core 10 'TAddSub' <Latency = 0> <II = 1> <Delay = 0.36> <IPBlock> <Opcode : '' 'add' 'sub'> <InPorts = 3> <OutPorts = 1> <Sync> <CReg>
ST_5 : Operation 179 [1/1] (0.72ns) (root node of TernaryAdder)   --->   "%add_ln23_1 = add i29 %add_ln23_12, i29 %add_ln23_9" [../dct_ref/dct.cpp:23]   --->   Operation 179 'add' 'add_ln23_1' <Predicate = true> <Delay = 0.72> <CoreInst = "TAddSub">   --->   Core 10 'TAddSub' <Latency = 0> <II = 1> <Delay = 0.36> <IPBlock> <Opcode : '' 'add' 'sub'> <InPorts = 3> <OutPorts = 1> <Sync> <CReg>
ST_5 : Operation 180 [1/1] (0.00ns)   --->   "%trunc_ln23_1 = partselect i16 @_ssdm_op_PartSelect.i16.i29.i32.i32, i29 %add_ln23_1, i32 13, i32 28" [../dct_ref/dct.cpp:23]   --->   Operation 180 'partselect' 'trunc_ln23_1' <Predicate = true> <Delay = 0.00>
ST_5 : Operation 181 [1/2] (0.64ns) (root node of the DSP)   --->   "%add_ln23_2 = add i29 %add_ln23_13, i29 %tmp14" [../dct_ref/dct.cpp:23]   --->   Operation 181 'add' 'add_ln23_2' <Predicate = true> <Delay = 0.64> <CoreInst = "DSP48">   --->   Core 124 'DSP48' <Latency = 3> <II = 1> <Delay = 0.53> <IPBlock> <Opcode : '' 'add' 'sub' 'mul' 'select'> <InPorts = 0> <OutPorts = 1> <Sync> <CReg>
ST_5 : Operation 182 [1/1] (0.00ns)   --->   "%trunc_ln23_2 = partselect i16 @_ssdm_op_PartSelect.i16.i29.i32.i32, i29 %add_ln23_2, i32 13, i32 28" [../dct_ref/dct.cpp:23]   --->   Operation 182 'partselect' 'trunc_ln23_2' <Predicate = true> <Delay = 0.00>
ST_5 : Operation 183 [1/2] (0.64ns) (root node of the DSP)   --->   "%add_ln23_15 = add i29 %add_ln23_14, i29 %mul_ln11_1" [../dct_ref/dct.cpp:23]   --->   Operation 183 'add' 'add_ln23_15' <Predicate = true> <Delay = 0.64> <CoreInst = "DSP48">   --->   Core 124 'DSP48' <Latency = 3> <II = 1> <Delay = 0.53> <IPBlock> <Opcode : '' 'add' 'sub' 'mul' 'select'> <InPorts = 0> <OutPorts = 1> <Sync> <CReg>
ST_5 : Operation 184 [1/2] (0.64ns) (root node of the DSP)   --->   "%add_ln23_17 = add i29 %mul_ln23_2, i29 4096" [../dct_ref/dct.cpp:23]   --->   Operation 184 'add' 'add_ln23_17' <Predicate = true> <Delay = 0.64> <CoreInst = "DSP48">   --->   Core 124 'DSP48' <Latency = 3> <II = 1> <Delay = 0.53> <IPBlock> <Opcode : '' 'add' 'sub' 'mul' 'select'> <InPorts = 0> <OutPorts = 1> <Sync> <CReg>
ST_5 : Operation 185 [1/1] (0.00ns) (grouped into TernaryAdder)   --->   "%add_ln23_18 = add i29 %add_ln23_17, i29 %add_ln23_16" [../dct_ref/dct.cpp:23]   --->   Operation 185 'add' 'add_ln23_18' <Predicate = true> <Delay = 0.00> <CoreInst = "TAddSub">   --->   Core 10 'TAddSub' <Latency = 0> <II = 1> <Delay = 0.36> <IPBlock> <Opcode : '' 'add' 'sub'> <InPorts = 3> <OutPorts = 1> <Sync> <CReg>
ST_5 : Operation 186 [1/1] (0.72ns) (root node of TernaryAdder)   --->   "%add_ln23_3 = add i29 %add_ln23_18, i29 %add_ln23_15" [../dct_ref/dct.cpp:23]   --->   Operation 186 'add' 'add_ln23_3' <Predicate = true> <Delay = 0.72> <CoreInst = "TAddSub">   --->   Core 10 'TAddSub' <Latency = 0> <II = 1> <Delay = 0.36> <IPBlock> <Opcode : '' 'add' 'sub'> <InPorts = 3> <OutPorts = 1> <Sync> <CReg>
ST_5 : Operation 187 [1/1] (0.00ns)   --->   "%trunc_ln23_3 = partselect i16 @_ssdm_op_PartSelect.i16.i29.i32.i32, i29 %add_ln23_3, i32 13, i32 28" [../dct_ref/dct.cpp:23]   --->   Operation 187 'partselect' 'trunc_ln23_3' <Predicate = true> <Delay = 0.00>
ST_5 : Operation 188 [1/2] (0.64ns) (root node of the DSP)   --->   "%add_ln23_20 = add i29 %add_ln23_19, i29 %mul_ln21_6" [../dct_ref/dct.cpp:23]   --->   Operation 188 'add' 'add_ln23_20' <Predicate = true> <Delay = 0.64> <CoreInst = "DSP48">   --->   Core 124 'DSP48' <Latency = 3> <II = 1> <Delay = 0.53> <IPBlock> <Opcode : '' 'add' 'sub' 'mul' 'select'> <InPorts = 0> <OutPorts = 1> <Sync> <CReg>
ST_5 : Operation 189 [1/2] (0.64ns) (root node of the DSP)   --->   "%add_ln23_21 = add i29 %mul_ln21_9, i29 %tmp33" [../dct_ref/dct.cpp:23]   --->   Operation 189 'add' 'add_ln23_21' <Predicate = true> <Delay = 0.64> <CoreInst = "DSP48">   --->   Core 124 'DSP48' <Latency = 3> <II = 1> <Delay = 0.53> <IPBlock> <Opcode : '' 'add' 'sub' 'mul' 'select'> <InPorts = 0> <OutPorts = 1> <Sync> <CReg>
ST_5 : Operation 190 [1/2] (0.64ns) (root node of the DSP)   --->   "%add_ln23_22 = add i29 %mul_ln23_3, i29 4096" [../dct_ref/dct.cpp:23]   --->   Operation 190 'add' 'add_ln23_22' <Predicate = true> <Delay = 0.64> <CoreInst = "DSP48">   --->   Core 124 'DSP48' <Latency = 3> <II = 1> <Delay = 0.53> <IPBlock> <Opcode : '' 'add' 'sub' 'mul' 'select'> <InPorts = 0> <OutPorts = 1> <Sync> <CReg>
ST_5 : Operation 191 [1/1] (0.00ns) (grouped into TernaryAdder)   --->   "%add_ln23_23 = add i29 %add_ln23_22, i29 %add_ln23_21" [../dct_ref/dct.cpp:23]   --->   Operation 191 'add' 'add_ln23_23' <Predicate = true> <Delay = 0.00> <CoreInst = "TAddSub">   --->   Core 10 'TAddSub' <Latency = 0> <II = 1> <Delay = 0.36> <IPBlock> <Opcode : '' 'add' 'sub'> <InPorts = 3> <OutPorts = 1> <Sync> <CReg>
ST_5 : Operation 192 [1/1] (0.72ns) (root node of TernaryAdder)   --->   "%add_ln23_5 = add i29 %add_ln23_23, i29 %add_ln23_20" [../dct_ref/dct.cpp:23]   --->   Operation 192 'add' 'add_ln23_5' <Predicate = true> <Delay = 0.72> <CoreInst = "TAddSub">   --->   Core 10 'TAddSub' <Latency = 0> <II = 1> <Delay = 0.36> <IPBlock> <Opcode : '' 'add' 'sub'> <InPorts = 3> <OutPorts = 1> <Sync> <CReg>
ST_5 : Operation 193 [1/1] (0.00ns)   --->   "%trunc_ln23_5 = partselect i16 @_ssdm_op_PartSelect.i16.i29.i32.i32, i29 %add_ln23_5, i32 13, i32 28" [../dct_ref/dct.cpp:23]   --->   Operation 193 'partselect' 'trunc_ln23_5' <Predicate = true> <Delay = 0.00>
ST_5 : Operation 194 [1/2] (0.64ns) (root node of the DSP)   --->   "%add_ln23_6 = add i29 %add_ln23_24, i29 %tmp42" [../dct_ref/dct.cpp:23]   --->   Operation 194 'add' 'add_ln23_6' <Predicate = true> <Delay = 0.64> <CoreInst = "DSP48">   --->   Core 124 'DSP48' <Latency = 3> <II = 1> <Delay = 0.53> <IPBlock> <Opcode : '' 'add' 'sub' 'mul' 'select'> <InPorts = 0> <OutPorts = 1> <Sync> <CReg>
ST_5 : Operation 195 [1/1] (0.00ns)   --->   "%trunc_ln23_6 = partselect i16 @_ssdm_op_PartSelect.i16.i29.i32.i32, i29 %add_ln23_6, i32 13, i32 28" [../dct_ref/dct.cpp:23]   --->   Operation 195 'partselect' 'trunc_ln23_6' <Predicate = true> <Delay = 0.00>
ST_5 : Operation 196 [1/2] (0.64ns) (root node of the DSP)   --->   "%add_ln23_26 = add i29 %add_ln23_25, i29 %mul_ln21_10" [../dct_ref/dct.cpp:23]   --->   Operation 196 'add' 'add_ln23_26' <Predicate = true> <Delay = 0.64> <CoreInst = "DSP48">   --->   Core 124 'DSP48' <Latency = 3> <II = 1> <Delay = 0.53> <IPBlock> <Opcode : '' 'add' 'sub' 'mul' 'select'> <InPorts = 0> <OutPorts = 1> <Sync> <CReg>
ST_5 : Operation 197 [1/2] (0.64ns) (root node of the DSP)   --->   "%add_ln23_27 = add i29 %mul_ln21_13, i29 %tmp51" [../dct_ref/dct.cpp:23]   --->   Operation 197 'add' 'add_ln23_27' <Predicate = true> <Delay = 0.64> <CoreInst = "DSP48">   --->   Core 124 'DSP48' <Latency = 3> <II = 1> <Delay = 0.53> <IPBlock> <Opcode : '' 'add' 'sub' 'mul' 'select'> <InPorts = 0> <OutPorts = 1> <Sync> <CReg>
ST_5 : Operation 198 [1/2] (0.64ns) (root node of the DSP)   --->   "%add_ln23_28 = add i29 %mul_ln23_5, i29 4096" [../dct_ref/dct.cpp:23]   --->   Operation 198 'add' 'add_ln23_28' <Predicate = true> <Delay = 0.64> <CoreInst = "DSP48">   --->   Core 124 'DSP48' <Latency = 3> <II = 1> <Delay = 0.53> <IPBlock> <Opcode : '' 'add' 'sub' 'mul' 'select'> <InPorts = 0> <OutPorts = 1> <Sync> <CReg>
ST_5 : Operation 199 [1/1] (0.00ns) (grouped into TernaryAdder)   --->   "%add_ln23_29 = add i29 %add_ln23_28, i29 %add_ln23_27" [../dct_ref/dct.cpp:23]   --->   Operation 199 'add' 'add_ln23_29' <Predicate = true> <Delay = 0.00> <CoreInst = "TAddSub">   --->   Core 10 'TAddSub' <Latency = 0> <II = 1> <Delay = 0.36> <IPBlock> <Opcode : '' 'add' 'sub'> <InPorts = 3> <OutPorts = 1> <Sync> <CReg>
ST_5 : Operation 200 [1/1] (0.72ns) (root node of TernaryAdder)   --->   "%add_ln23_7 = add i29 %add_ln23_29, i29 %add_ln23_26" [../dct_ref/dct.cpp:23]   --->   Operation 200 'add' 'add_ln23_7' <Predicate = true> <Delay = 0.72> <CoreInst = "TAddSub">   --->   Core 10 'TAddSub' <Latency = 0> <II = 1> <Delay = 0.36> <IPBlock> <Opcode : '' 'add' 'sub'> <InPorts = 3> <OutPorts = 1> <Sync> <CReg>
ST_5 : Operation 201 [1/1] (0.00ns)   --->   "%trunc_ln23_7 = partselect i16 @_ssdm_op_PartSelect.i16.i29.i32.i32, i29 %add_ln23_7, i32 13, i32 28" [../dct_ref/dct.cpp:23]   --->   Operation 201 'partselect' 'trunc_ln23_7' <Predicate = true> <Delay = 0.00>
ST_5 : Operation 202 [1/1] (0.00ns)   --->   "%mrv = insertvalue i128 <undef>, i16 %trunc_ln" [../dct_ref/dct.cpp:25]   --->   Operation 202 'insertvalue' 'mrv' <Predicate = true> <Delay = 0.00>
ST_5 : Operation 203 [1/1] (0.00ns)   --->   "%mrv_1 = insertvalue i128 %mrv, i16 %trunc_ln23_1" [../dct_ref/dct.cpp:25]   --->   Operation 203 'insertvalue' 'mrv_1' <Predicate = true> <Delay = 0.00>
ST_5 : Operation 204 [1/1] (0.00ns)   --->   "%mrv_2 = insertvalue i128 %mrv_1, i16 %trunc_ln23_2" [../dct_ref/dct.cpp:25]   --->   Operation 204 'insertvalue' 'mrv_2' <Predicate = true> <Delay = 0.00>
ST_5 : Operation 205 [1/1] (0.00ns)   --->   "%mrv_3 = insertvalue i128 %mrv_2, i16 %trunc_ln23_3" [../dct_ref/dct.cpp:25]   --->   Operation 205 'insertvalue' 'mrv_3' <Predicate = true> <Delay = 0.00>
ST_5 : Operation 206 [1/1] (0.00ns)   --->   "%mrv_4 = insertvalue i128 %mrv_3, i16 %trunc_ln23_4" [../dct_ref/dct.cpp:25]   --->   Operation 206 'insertvalue' 'mrv_4' <Predicate = true> <Delay = 0.00>
ST_5 : Operation 207 [1/1] (0.00ns)   --->   "%mrv_5 = insertvalue i128 %mrv_4, i16 %trunc_ln23_5" [../dct_ref/dct.cpp:25]   --->   Operation 207 'insertvalue' 'mrv_5' <Predicate = true> <Delay = 0.00>
ST_5 : Operation 208 [1/1] (0.00ns)   --->   "%mrv_6 = insertvalue i128 %mrv_5, i16 %trunc_ln23_6" [../dct_ref/dct.cpp:25]   --->   Operation 208 'insertvalue' 'mrv_6' <Predicate = true> <Delay = 0.00>
ST_5 : Operation 209 [1/1] (0.00ns)   --->   "%mrv_7 = insertvalue i128 %mrv_6, i16 %trunc_ln23_7" [../dct_ref/dct.cpp:25]   --->   Operation 209 'insertvalue' 'mrv_7' <Predicate = true> <Delay = 0.00>
ST_5 : Operation 210 [1/1] (0.00ns)   --->   "%ret_ln25 = ret i128 %mrv_7" [../dct_ref/dct.cpp:25]   --->   Operation 210 'ret' 'ret_ln25' <Predicate = true> <Delay = 0.00>


============================================================
+ Verbose Summary: Timing violations
============================================================
Target clock period: 8.000ns, clock uncertainty: 0.960ns.

 <State 1>: 2.692ns
The critical path consists of the following:
	wire read operation ('p_read_4', ../dct_ref/dct.cpp:21) on port 'p_read4' (../dct_ref/dct.cpp:21) [12]  (0.000 ns)
	'sub' operation 17 bit of DSP[55] ('tmp4', ../dct_ref/dct.cpp:21) [49]  (1.696 ns)
	'mul' operation 29 bit of DSP[55] ('tmp5', ../dct_ref/dct.cpp:21) [51]  (0.996 ns)

 <State 2>: 4.408ns
The critical path consists of the following:
	'sub' operation 17 bit ('tmp11', ../dct_ref/dct.cpp:21) [62]  (0.853 ns)
	'sub' operation 18 bit ('tmp12', ../dct_ref/dct.cpp:21) [64]  (0.863 ns)
	'add' operation 18 bit of DSP[75] ('tmp13', ../dct_ref/dct.cpp:21) [65]  (1.696 ns)
	'mul' operation 29 bit of DSP[75] ('tmp14', ../dct_ref/dct.cpp:21) [67]  (0.996 ns)

 <State 3>: 3.025ns
The critical path consists of the following:
	'mul' operation 29 bit ('mul_ln21', ../dct_ref/dct.cpp:21) [45]  (2.380 ns)
	'add' operation 29 bit of DSP[55] ('add_ln23_8', ../dct_ref/dct.cpp:23) [55]  (0.645 ns)

 <State 4>: 3.025ns
The critical path consists of the following:
	'mul' operation 29 bit ('mul_ln21_1', ../dct_ref/dct.cpp:21) [47]  (2.380 ns)
	'add' operation 29 bit of DSP[57] ('add_ln23_10', ../dct_ref/dct.cpp:23) [57]  (0.645 ns)

 <State 5>: 1.368ns
The critical path consists of the following:
	'add' operation 29 bit of DSP[56] ('add_ln23_9', ../dct_ref/dct.cpp:23) [56]  (0.645 ns)
	'add' operation 29 bit ('add_ln23_1', ../dct_ref/dct.cpp:23) [60]  (0.723 ns)


============================================================
+ Verbose Summary: Binding
============================================================
N/A
* FSMD analyzer results:
  - Output states:
 - Input state : 
  - Chain level:
	State 1
	State 2
	State 3
	State 4
	State 5


============================================================
+ Verbose Summary: Datapath Resource usage 
============================================================
N/A
